INFO | TOP_ERR | split=test epoch=0 rank=1/10 b=17 t=6 var_idx=6 tp=1.063000 y_true=0.053281 y_pred=0.631687 diff=0.578406 abs_err=0.578406
INFO | TOP_ERR | split=test epoch=0 rank=2/10 b=17 t=2 var_idx=6 tp=1.027000 y_true=0.054539 y_pred=0.631618 diff=0.577080 abs_err=0.577080
INFO | TOP_ERR | split=test epoch=0 rank=3/10 b=37 t=28 var_idx=6 tp=1.313000 y_true=0.992233 y_pred=0.559438 diff=-0.432795 abs_err=0.432795
INFO | TOP_ERR | split=test epoch=0 rank=4/10 b=17 t=6 var_idx=7 tp=1.063000 y_true=0.869900 y_pred=0.466427 diff=-0.403473 abs_err=0.403473
INFO | TOP_ERR | split=test epoch=0 rank=5/10 b=17 t=2 var_idx=7 tp=1.027000 y_true=0.869051 y_pred=0.466362 diff=-0.402689 abs_err=0.402689
INFO | TOP_ERR | split=test epoch=0 rank=6/10 b=17 t=2 var_idx=8 tp=1.027000 y_true=0.996743 y_pred=0.635415 diff=-0.361328 abs_err=0.361328
INFO | TOP_ERR | split=test epoch=0 rank=7/10 b=17 t=6 var_idx=8 tp=1.063000 y_true=0.996759 y_pred=0.635469 diff=-0.361289 abs_err=0.361289
INFO | TOP_ERR | split=test epoch=0 rank=8/10 b=32 t=28 var_idx=3 tp=1.316000 y_true=0.241737 y_pred=0.601581 diff=0.359844 abs_err=0.359844
INFO | TOP_ERR | split=test epoch=0 rank=9/10 b=31 t=11 var_idx=3 tp=1.144667 y_true=0.259034 y_pred=0.614862 diff=0.355828 abs_err=0.355828
INFO | TOP_ERR | split=test epoch=0 rank=10/10 b=32 t=3 var_idx=3 tp=1.027667 y_true=0.256621 y_pred=0.601363 diff=0.344741 abs_err=0.344741
INFO | TOP_BEST | split=test epoch=0 rank=1/3 b=24 t=8 var_idx=10 tp=1.081333 y_true=0.655624 y_pred=0.655621 diff=-0.000003 abs_err=0.000003
INFO | TOP_BEST | split=test epoch=0 rank=2/3 b=29 t=13 var_idx=8 tp=1.135667 y_true=0.642378 y_pred=0.642369 diff=-0.000009 abs_err=0.000009
INFO | TOP_BEST | split=test epoch=0 rank=3/3 b=15 t=20 var_idx=11 tp=1.220333 y_true=0.599119 y_pred=0.599134 diff=0.000015 abs_err=0.000015
INFO | TOP_OK | split=test epoch=0 none_found (no exact matches)
INFO | [CH_INFLUENCE] TEST per-channel masked error ranked by MAE (epoch=0)
INFO | [CH_INFLUENCE] rank=1/12 ch=6 n=6674 mae=0.075042 rmse=0.093808 mse=0.008800
INFO | [CH_INFLUENCE] rank=2/12 ch=8 n=6674 mae=0.070467 rmse=0.096351 mse=0.009284
INFO | [CH_INFLUENCE] rank=3/12 ch=7 n=6674 mae=0.068396 rmse=0.090569 mse=0.008203
INFO | [CH_INFLUENCE] rank=4/12 ch=9 n=8457 mae=0.064166 rmse=0.091231 mse=0.008323
INFO | [CH_INFLUENCE] rank=5/12 ch=11 n=8457 mae=0.052720 rmse=0.074751 mse=0.005588
INFO | [CH_INFLUENCE] rank=6/12 ch=4 n=8518 mae=0.051751 rmse=0.070481 mse=0.004968
INFO | [CH_INFLUENCE] rank=7/12 ch=10 n=8457 mae=0.050080 rmse=0.073118 mse=0.005346
INFO | [CH_INFLUENCE] rank=8/12 ch=3 n=8518 mae=0.049942 rmse=0.070287 mse=0.004940
INFO | [CH_INFLUENCE] rank=9/12 ch=2 n=8672 mae=0.049703 rmse=0.064459 mse=0.004155
INFO | [CH_INFLUENCE] rank=10/12 ch=0 n=8672 mae=0.044745 rmse=0.063559 mse=0.004040
INFO | [CH_INFLUENCE] rank=11/12 ch=1 n=8672 mae=0.040909 rmse=0.057067 mse=0.003257
INFO | [CH_INFLUENCE] rank=12/12 ch=5 n=8518 mae=0.039313 rmse=0.053518 mse=0.002864
INFO | TOP_ERR | split=test epoch=1 rank=1/10 b=17 t=6 var_idx=6 tp=1.063000 y_true=0.053281 y_pred=0.744051 diff=0.690770 abs_err=0.690770
INFO | TOP_ERR | split=test epoch=1 rank=2/10 b=17 t=2 var_idx=6 tp=1.027000 y_true=0.054539 y_pred=0.744043 diff=0.689504 abs_err=0.689504
INFO | TOP_ERR | split=test epoch=1 rank=3/10 b=31 t=11 var_idx=3 tp=1.144667 y_true=0.259034 y_pred=0.670341 diff=0.411307 abs_err=0.411307
INFO | TOP_ERR | split=test epoch=1 rank=4/10 b=37 t=28 var_idx=6 tp=1.313000 y_true=0.992233 y_pred=0.603990 diff=-0.388243 abs_err=0.388243
INFO | TOP_ERR | split=test epoch=1 rank=5/10 b=17 t=6 var_idx=7 tp=1.063000 y_true=0.869900 y_pred=0.495805 diff=-0.374094 abs_err=0.374094
INFO | TOP_ERR | split=test epoch=1 rank=6/10 b=17 t=2 var_idx=7 tp=1.027000 y_true=0.869051 y_pred=0.495767 diff=-0.373283 abs_err=0.373283
INFO | TOP_ERR | split=test epoch=1 rank=7/10 b=37 t=28 var_idx=7 tp=1.313000 y_true=0.136750 y_pred=0.495146 diff=0.358396 abs_err=0.358396
INFO | TOP_ERR | split=test epoch=1 rank=8/10 b=32 t=28 var_idx=3 tp=1.316000 y_true=0.241737 y_pred=0.595935 diff=0.354198 abs_err=0.354198
INFO | TOP_ERR | split=test epoch=1 rank=9/10 b=55 t=1 var_idx=11 tp=1.013667 y_true=0.160785 y_pred=0.514181 diff=0.353397 abs_err=0.353397
INFO | TOP_ERR | split=test epoch=1 rank=10/10 b=32 t=3 var_idx=3 tp=1.027667 y_true=0.256621 y_pred=0.595822 diff=0.339201 abs_err=0.339201
INFO | TOP_BEST | split=test epoch=1 rank=1/3 b=40 t=2 var_idx=4 tp=1.025000 y_true=0.441871 y_pred=0.441872 diff=0.000001 abs_err=0.000001
INFO | TOP_BEST | split=test epoch=1 rank=2/3 b=30 t=18 var_idx=7 tp=1.198667 y_true=0.676885 y_pred=0.676890 diff=0.000005 abs_err=0.000005
INFO | TOP_BEST | split=test epoch=1 rank=3/3 b=31 t=24 var_idx=0 tp=1.279667 y_true=0.602121 y_pred=0.602111 diff=-0.000010 abs_err=0.000010
INFO | TOP_OK | split=test epoch=1 none_found (no exact matches)
INFO | [CH_INFLUENCE] TEST per-channel masked error ranked by MAE (epoch=1)
INFO | [CH_INFLUENCE] rank=1/12 ch=9 n=8457 mae=0.048377 rmse=0.077162 mse=0.005954
INFO | [CH_INFLUENCE] rank=2/12 ch=11 n=8457 mae=0.041744 rmse=0.063443 mse=0.004025
INFO | [CH_INFLUENCE] rank=3/12 ch=6 n=6674 mae=0.040826 rmse=0.065701 mse=0.004317
INFO | [CH_INFLUENCE] rank=4/12 ch=8 n=6674 mae=0.040726 rmse=0.057625 mse=0.003321
INFO | [CH_INFLUENCE] rank=5/12 ch=10 n=8457 mae=0.039466 rmse=0.062988 mse=0.003967
INFO | [CH_INFLUENCE] rank=6/12 ch=3 n=8518 mae=0.038248 rmse=0.056480 mse=0.003190
INFO | [CH_INFLUENCE] rank=7/12 ch=5 n=8518 mae=0.035942 rmse=0.047619 mse=0.002268
INFO | [CH_INFLUENCE] rank=8/12 ch=7 n=6674 mae=0.034595 rmse=0.052768 mse=0.002784
INFO | [CH_INFLUENCE] rank=9/12 ch=1 n=8672 mae=0.034586 rmse=0.050927 mse=0.002594
INFO | [CH_INFLUENCE] rank=10/12 ch=4 n=8518 mae=0.033125 rmse=0.050456 mse=0.002546
INFO | [CH_INFLUENCE] rank=11/12 ch=0 n=8672 mae=0.032819 rmse=0.049990 mse=0.002499
INFO | [CH_INFLUENCE] rank=12/12 ch=2 n=8672 mae=0.031883 rmse=0.048670 mse=0.002369
INFO | TOP_ERR | split=test epoch=2 rank=1/10 b=17 t=6 var_idx=6 tp=1.063000 y_true=0.053281 y_pred=0.727089 diff=0.673808 abs_err=0.673808
INFO | TOP_ERR | split=test epoch=2 rank=2/10 b=17 t=2 var_idx=6 tp=1.027000 y_true=0.054539 y_pred=0.727049 diff=0.672510 abs_err=0.672510
INFO | TOP_ERR | split=test epoch=2 rank=3/10 b=37 t=28 var_idx=6 tp=1.313000 y_true=0.992233 y_pred=0.581467 diff=-0.410766 abs_err=0.410766
INFO | TOP_ERR | split=test epoch=2 rank=4/10 b=31 t=11 var_idx=3 tp=1.144667 y_true=0.259034 y_pred=0.665515 diff=0.406481 abs_err=0.406481
INFO | TOP_ERR | split=test epoch=2 rank=5/10 b=17 t=6 var_idx=7 tp=1.063000 y_true=0.869900 y_pred=0.464931 diff=-0.404968 abs_err=0.404968
INFO | TOP_ERR | split=test epoch=2 rank=6/10 b=17 t=2 var_idx=7 tp=1.027000 y_true=0.869051 y_pred=0.464871 diff=-0.404180 abs_err=0.404180
INFO | TOP_ERR | split=test epoch=2 rank=7/10 b=33 t=5 var_idx=3 tp=1.054667 y_true=0.713170 y_pred=0.371352 diff=-0.341818 abs_err=0.341818
INFO | TOP_ERR | split=test epoch=2 rank=8/10 b=55 t=1 var_idx=11 tp=1.013667 y_true=0.160785 y_pred=0.501132 diff=0.340347 abs_err=0.340347
INFO | TOP_ERR | split=test epoch=2 rank=9/10 b=33 t=11 var_idx=3 tp=1.126667 y_true=0.709735 y_pred=0.371529 diff=-0.338206 abs_err=0.338206
INFO | TOP_ERR | split=test epoch=2 rank=10/10 b=37 t=28 var_idx=7 tp=1.313000 y_true=0.136750 y_pred=0.465681 diff=0.328932 abs_err=0.328932
INFO | TOP_BEST | split=test epoch=2 rank=1/3 b=2 t=1 var_idx=3 tp=1.025000 y_true=0.617014 y_pred=0.617028 diff=0.000014 abs_err=0.000014
INFO | TOP_BEST | split=test epoch=2 rank=2/3 b=20 t=16 var_idx=1 tp=1.162333 y_true=0.512917 y_pred=0.512893 diff=-0.000024 abs_err=0.000024
INFO | TOP_BEST | split=test epoch=2 rank=3/3 b=26 t=16 var_idx=10 tp=1.171667 y_true=0.640010 y_pred=0.639985 diff=-0.000026 abs_err=0.000026
INFO | TOP_OK | split=test epoch=2 none_found (no exact matches)
INFO | [CH_INFLUENCE] TEST per-channel masked error ranked by MAE (epoch=2)
INFO | [CH_INFLUENCE] rank=1/12 ch=9 n=8457 mae=0.041433 rmse=0.073014 mse=0.005331
INFO | [CH_INFLUENCE] rank=2/12 ch=10 n=8457 mae=0.037776 rmse=0.061833 mse=0.003823
INFO | [CH_INFLUENCE] rank=3/12 ch=11 n=8457 mae=0.037362 rmse=0.061098 mse=0.003733
INFO | [CH_INFLUENCE] rank=4/12 ch=6 n=6674 mae=0.036239 rmse=0.061600 mse=0.003795
INFO | [CH_INFLUENCE] rank=5/12 ch=8 n=6674 mae=0.035374 rmse=0.053698 mse=0.002883
INFO | [CH_INFLUENCE] rank=6/12 ch=7 n=6674 mae=0.035140 rmse=0.053190 mse=0.002829
INFO | [CH_INFLUENCE] rank=7/12 ch=1 n=8672 mae=0.033678 rmse=0.049641 mse=0.002464
INFO | [CH_INFLUENCE] rank=8/12 ch=4 n=8518 mae=0.033183 rmse=0.049676 mse=0.002468
INFO | [CH_INFLUENCE] rank=9/12 ch=2 n=8672 mae=0.032750 rmse=0.048929 mse=0.002394
INFO | [CH_INFLUENCE] rank=10/12 ch=3 n=8518 mae=0.030060 rmse=0.050610 mse=0.002561
INFO | [CH_INFLUENCE] rank=11/12 ch=0 n=8672 mae=0.027368 rmse=0.044831 mse=0.002010
INFO | [CH_INFLUENCE] rank=12/12 ch=5 n=8518 mae=0.026498 rmse=0.040919 mse=0.001674
INFO | TOP_ERR | split=test epoch=4 rank=1/10 b=17 t=6 var_idx=6 tp=1.063000 y_true=0.053281 y_pred=0.706540 diff=0.653258 abs_err=0.653258
INFO | TOP_ERR | split=test epoch=4 rank=2/10 b=17 t=2 var_idx=6 tp=1.027000 y_true=0.054539 y_pred=0.706515 diff=0.651976 abs_err=0.651976
INFO | TOP_ERR | split=test epoch=4 rank=3/10 b=17 t=6 var_idx=7 tp=1.063000 y_true=0.869900 y_pred=0.453490 diff=-0.416410 abs_err=0.416410
INFO | TOP_ERR | split=test epoch=4 rank=4/10 b=37 t=28 var_idx=6 tp=1.313000 y_true=0.992233 y_pred=0.576437 diff=-0.415796 abs_err=0.415796
INFO | TOP_ERR | split=test epoch=4 rank=5/10 b=17 t=2 var_idx=7 tp=1.027000 y_true=0.869051 y_pred=0.453440 diff=-0.415611 abs_err=0.415611
INFO | TOP_ERR | split=test epoch=4 rank=6/10 b=31 t=11 var_idx=3 tp=1.144667 y_true=0.259034 y_pred=0.663960 diff=0.404926 abs_err=0.404926
INFO | TOP_ERR | split=test epoch=4 rank=7/10 b=33 t=5 var_idx=3 tp=1.054667 y_true=0.713170 y_pred=0.367151 diff=-0.346019 abs_err=0.346019
INFO | TOP_ERR | split=test epoch=4 rank=8/10 b=33 t=11 var_idx=3 tp=1.126667 y_true=0.709735 y_pred=0.367338 diff=-0.342397 abs_err=0.342397
INFO | TOP_ERR | split=test epoch=4 rank=9/10 b=55 t=1 var_idx=11 tp=1.013667 y_true=0.160785 y_pred=0.502949 diff=0.342164 abs_err=0.342164
INFO | TOP_ERR | split=test epoch=4 rank=10/10 b=17 t=2 var_idx=8 tp=1.027000 y_true=0.996743 y_pred=0.662718 diff=-0.334025 abs_err=0.334025
INFO | TOP_BEST | split=test epoch=4 rank=1/3 b=57 t=8 var_idx=9 tp=1.104000 y_true=0.679001 y_pred=0.678999 diff=-0.000001 abs_err=0.000001
INFO | TOP_BEST | split=test epoch=4 rank=2/3 b=48 t=4 var_idx=9 tp=1.043000 y_true=0.775372 y_pred=0.775357 diff=-0.000014 abs_err=0.000014
INFO | TOP_BEST | split=test epoch=4 rank=3/3 b=25 t=26 var_idx=3 tp=1.270667 y_true=0.572491 y_pred=0.572464 diff=-0.000026 abs_err=0.000026
INFO | TOP_OK | split=test epoch=4 none_found (no exact matches)
INFO | [CH_INFLUENCE] TEST per-channel masked error ranked by MAE (epoch=4)
INFO | [CH_INFLUENCE] rank=1/12 ch=9 n=8457 mae=0.040288 rmse=0.071952 mse=0.005177
INFO | [CH_INFLUENCE] rank=2/12 ch=11 n=8457 mae=0.037603 rmse=0.061099 mse=0.003733
INFO | [CH_INFLUENCE] rank=3/12 ch=10 n=8457 mae=0.036998 rmse=0.060974 mse=0.003718
INFO | [CH_INFLUENCE] rank=4/12 ch=6 n=6674 mae=0.035662 rmse=0.060591 mse=0.003671
INFO | [CH_INFLUENCE] rank=5/12 ch=8 n=6674 mae=0.035400 rmse=0.053390 mse=0.002851
INFO | [CH_INFLUENCE] rank=6/12 ch=7 n=6674 mae=0.035282 rmse=0.053244 mse=0.002835
INFO | [CH_INFLUENCE] rank=7/12 ch=1 n=8672 mae=0.034055 rmse=0.049667 mse=0.002467
INFO | [CH_INFLUENCE] rank=8/12 ch=4 n=8518 mae=0.033082 rmse=0.049495 mse=0.002450
INFO | [CH_INFLUENCE] rank=9/12 ch=2 n=8672 mae=0.032749 rmse=0.048865 mse=0.002388
INFO | [CH_INFLUENCE] rank=10/12 ch=3 n=8518 mae=0.028827 rmse=0.049210 mse=0.002422
INFO | [CH_INFLUENCE] rank=11/12 ch=0 n=8672 mae=0.028298 rmse=0.044490 mse=0.001979
INFO | [CH_INFLUENCE] rank=12/12 ch=5 n=8518 mae=0.026558 rmse=0.040994 mse=0.001680
INFO | TOP_ERR | split=test epoch=6 rank=1/10 b=17 t=6 var_idx=6 tp=1.063000 y_true=0.053281 y_pred=0.718036 diff=0.664755 abs_err=0.664755
INFO | TOP_ERR | split=test epoch=6 rank=2/10 b=17 t=2 var_idx=6 tp=1.027000 y_true=0.054539 y_pred=0.717978 diff=0.663440 abs_err=0.663440
INFO | TOP_ERR | split=test epoch=6 rank=3/10 b=17 t=6 var_idx=7 tp=1.063000 y_true=0.869900 y_pred=0.451809 diff=-0.418090 abs_err=0.418090
INFO | TOP_ERR | split=test epoch=6 rank=4/10 b=17 t=2 var_idx=7 tp=1.027000 y_true=0.869051 y_pred=0.451756 diff=-0.417295 abs_err=0.417295
INFO | TOP_ERR | split=test epoch=6 rank=5/10 b=31 t=11 var_idx=3 tp=1.144667 y_true=0.259034 y_pred=0.671454 diff=0.412420 abs_err=0.412420
INFO | TOP_ERR | split=test epoch=6 rank=6/10 b=37 t=28 var_idx=6 tp=1.313000 y_true=0.992233 y_pred=0.580545 diff=-0.411688 abs_err=0.411688
INFO | TOP_ERR | split=test epoch=6 rank=7/10 b=55 t=1 var_idx=11 tp=1.013667 y_true=0.160785 y_pred=0.510359 diff=0.349575 abs_err=0.349575
INFO | TOP_ERR | split=test epoch=6 rank=8/10 b=33 t=5 var_idx=3 tp=1.054667 y_true=0.713170 y_pred=0.374067 diff=-0.339103 abs_err=0.339103
INFO | TOP_ERR | split=test epoch=6 rank=9/10 b=33 t=11 var_idx=3 tp=1.126667 y_true=0.709735 y_pred=0.374265 diff=-0.335470 abs_err=0.335470
INFO | TOP_ERR | split=test epoch=6 rank=10/10 b=17 t=2 var_idx=8 tp=1.027000 y_true=0.996743 y_pred=0.671488 diff=-0.325254 abs_err=0.325254
INFO | TOP_BEST | split=test epoch=6 rank=1/3 b=13 t=5 var_idx=5 tp=1.067333 y_true=0.528989 y_pred=0.528989 diff=-0.000000 abs_err=0.000000
INFO | TOP_BEST | split=test epoch=6 rank=2/3 b=26 t=8 var_idx=7 tp=1.090333 y_true=0.657428 y_pred=0.657435 diff=0.000007 abs_err=0.000007
INFO | TOP_BEST | split=test epoch=6 rank=3/3 b=56 t=3 var_idx=8 tp=1.031667 y_true=0.566242 y_pred=0.566231 diff=-0.000012 abs_err=0.000012
INFO | TOP_OK | split=test epoch=6 none_found (no exact matches)
INFO | [CH_INFLUENCE] TEST per-channel masked error ranked by MAE (epoch=6)
INFO | [CH_INFLUENCE] rank=1/12 ch=9 n=8457 mae=0.040664 rmse=0.072052 mse=0.005191
INFO | [CH_INFLUENCE] rank=2/12 ch=11 n=8457 mae=0.036908 rmse=0.060523 mse=0.003663
INFO | [CH_INFLUENCE] rank=3/12 ch=10 n=8457 mae=0.036458 rmse=0.060585 mse=0.003671
INFO | [CH_INFLUENCE] rank=4/12 ch=7 n=6674 mae=0.034557 rmse=0.052884 mse=0.002797
INFO | [CH_INFLUENCE] rank=5/12 ch=6 n=6674 mae=0.034523 rmse=0.059899 mse=0.003588
INFO | [CH_INFLUENCE] rank=6/12 ch=8 n=6674 mae=0.034057 rmse=0.052354 mse=0.002741
INFO | [CH_INFLUENCE] rank=7/12 ch=1 n=8672 mae=0.033016 rmse=0.049151 mse=0.002416
INFO | [CH_INFLUENCE] rank=8/12 ch=4 n=8518 mae=0.032205 rmse=0.048976 mse=0.002399
INFO | [CH_INFLUENCE] rank=9/12 ch=2 n=8672 mae=0.031759 rmse=0.048348 mse=0.002338
INFO | [CH_INFLUENCE] rank=10/12 ch=3 n=8518 mae=0.028177 rmse=0.048916 mse=0.002393
INFO | [CH_INFLUENCE] rank=11/12 ch=5 n=8518 mae=0.026421 rmse=0.040739 mse=0.001660
INFO | [CH_INFLUENCE] rank=12/12 ch=0 n=8672 mae=0.026095 rmse=0.043267 mse=0.001872
INFO | TOP_ERR | split=test epoch=8 rank=1/10 b=17 t=6 var_idx=6 tp=1.063000 y_true=0.053281 y_pred=0.717362 diff=0.664081 abs_err=0.664081
INFO | TOP_ERR | split=test epoch=8 rank=2/10 b=17 t=2 var_idx=6 tp=1.027000 y_true=0.054539 y_pred=0.717312 diff=0.662773 abs_err=0.662773
INFO | TOP_ERR | split=test epoch=8 rank=3/10 b=31 t=11 var_idx=3 tp=1.144667 y_true=0.259034 y_pred=0.682068 diff=0.423034 abs_err=0.423034
INFO | TOP_ERR | split=test epoch=8 rank=4/10 b=17 t=6 var_idx=7 tp=1.063000 y_true=0.869900 y_pred=0.458238 diff=-0.411661 abs_err=0.411661
INFO | TOP_ERR | split=test epoch=8 rank=5/10 b=17 t=2 var_idx=7 tp=1.027000 y_true=0.869051 y_pred=0.458182 diff=-0.410869 abs_err=0.410869
INFO | TOP_ERR | split=test epoch=8 rank=6/10 b=37 t=28 var_idx=6 tp=1.313000 y_true=0.992233 y_pred=0.585046 diff=-0.407187 abs_err=0.407187
INFO | TOP_ERR | split=test epoch=8 rank=7/10 b=55 t=1 var_idx=11 tp=1.013667 y_true=0.160785 y_pred=0.521521 diff=0.360736 abs_err=0.360736
INFO | TOP_ERR | split=test epoch=8 rank=8/10 b=32 t=28 var_idx=3 tp=1.316000 y_true=0.241737 y_pred=0.568745 diff=0.327008 abs_err=0.327008
INFO | TOP_ERR | split=test epoch=8 rank=9/10 b=37 t=28 var_idx=7 tp=1.313000 y_true=0.136750 y_pred=0.459245 diff=0.322495 abs_err=0.322495
INFO | TOP_ERR | split=test epoch=8 rank=10/10 b=33 t=5 var_idx=3 tp=1.054667 y_true=0.713170 y_pred=0.393627 diff=-0.319543 abs_err=0.319543
INFO | TOP_BEST | split=test epoch=8 rank=1/3 b=7 t=0 var_idx=9 tp=1.004000 y_true=0.386893 y_pred=0.386893 diff=-0.000000 abs_err=0.000000
INFO | TOP_BEST | split=test epoch=8 rank=2/3 b=39 t=20 var_idx=8 tp=1.223000 y_true=0.495096 y_pred=0.495100 diff=0.000004 abs_err=0.000004
INFO | TOP_BEST | split=test epoch=8 rank=3/3 b=3 t=7 var_idx=4 tp=1.088000 y_true=0.505871 y_pred=0.505887 diff=0.000016 abs_err=0.000016
INFO | TOP_OK | split=test epoch=8 none_found (no exact matches)
INFO | [CH_INFLUENCE] TEST per-channel masked error ranked by MAE (epoch=8)
INFO | [CH_INFLUENCE] rank=1/12 ch=9 n=8457 mae=0.039903 rmse=0.070579 mse=0.004981
INFO | [CH_INFLUENCE] rank=2/12 ch=11 n=8457 mae=0.037212 rmse=0.060089 mse=0.003611
INFO | [CH_INFLUENCE] rank=3/12 ch=10 n=8457 mae=0.036113 rmse=0.060021 mse=0.003602
INFO | [CH_INFLUENCE] rank=4/12 ch=7 n=6674 mae=0.033754 rmse=0.052108 mse=0.002715
INFO | [CH_INFLUENCE] rank=5/12 ch=6 n=6674 mae=0.033173 rmse=0.058214 mse=0.003389
INFO | [CH_INFLUENCE] rank=6/12 ch=8 n=6674 mae=0.033136 rmse=0.050962 mse=0.002597
INFO | [CH_INFLUENCE] rank=7/12 ch=1 n=8672 mae=0.031956 rmse=0.048117 mse=0.002315
INFO | [CH_INFLUENCE] rank=8/12 ch=2 n=8672 mae=0.030746 rmse=0.047513 mse=0.002257
INFO | [CH_INFLUENCE] rank=9/12 ch=4 n=8518 mae=0.030379 rmse=0.047459 mse=0.002252
INFO | [CH_INFLUENCE] rank=10/12 ch=3 n=8518 mae=0.028213 rmse=0.048176 mse=0.002321
INFO | [CH_INFLUENCE] rank=11/12 ch=5 n=8518 mae=0.026770 rmse=0.040633 mse=0.001651
INFO | [CH_INFLUENCE] rank=12/12 ch=0 n=8672 mae=0.024233 rmse=0.041687 mse=0.001738
INFO | TOP_ERR | split=test epoch=11 rank=1/10 b=17 t=6 var_idx=6 tp=1.063000 y_true=0.053281 y_pred=0.714379 diff=0.661098 abs_err=0.661098
INFO | TOP_ERR | split=test epoch=11 rank=2/10 b=17 t=2 var_idx=6 tp=1.027000 y_true=0.054539 y_pred=0.714373 diff=0.659834 abs_err=0.659834
INFO | TOP_ERR | split=test epoch=11 rank=3/10 b=17 t=6 var_idx=7 tp=1.063000 y_true=0.869900 y_pred=0.446838 diff=-0.423062 abs_err=0.423062
INFO | TOP_ERR | split=test epoch=11 rank=4/10 b=17 t=2 var_idx=7 tp=1.027000 y_true=0.869051 y_pred=0.446779 diff=-0.422272 abs_err=0.422272
INFO | TOP_ERR | split=test epoch=11 rank=5/10 b=31 t=11 var_idx=3 tp=1.144667 y_true=0.259034 y_pred=0.679289 diff=0.420255 abs_err=0.420255
INFO | TOP_ERR | split=test epoch=11 rank=6/10 b=37 t=28 var_idx=6 tp=1.313000 y_true=0.992233 y_pred=0.583312 diff=-0.408921 abs_err=0.408921
INFO | TOP_ERR | split=test epoch=11 rank=7/10 b=55 t=1 var_idx=11 tp=1.013667 y_true=0.160785 y_pred=0.523356 diff=0.362571 abs_err=0.362571
INFO | TOP_ERR | split=test epoch=11 rank=8/10 b=31 t=11 var_idx=4 tp=1.144667 y_true=0.237305 y_pred=0.569592 diff=0.332287 abs_err=0.332287
INFO | TOP_ERR | split=test epoch=11 rank=9/10 b=33 t=5 var_idx=3 tp=1.054667 y_true=0.713170 y_pred=0.384369 diff=-0.328801 abs_err=0.328801
INFO | TOP_ERR | split=test epoch=11 rank=10/10 b=33 t=11 var_idx=3 tp=1.126667 y_true=0.709735 y_pred=0.384583 diff=-0.325152 abs_err=0.325152
INFO | TOP_BEST | split=test epoch=11 rank=1/3 b=6 t=18 var_idx=3 tp=1.202333 y_true=0.595013 y_pred=0.595016 diff=0.000003 abs_err=0.000003
INFO | TOP_BEST | split=test epoch=11 rank=2/3 b=30 t=26 var_idx=2 tp=1.288667 y_true=0.404366 y_pred=0.404380 diff=0.000014 abs_err=0.000014
INFO | TOP_BEST | split=test epoch=11 rank=3/3 b=7 t=21 var_idx=10 tp=1.256333 y_true=0.448232 y_pred=0.448252 diff=0.000020 abs_err=0.000020
INFO | TOP_OK | split=test epoch=11 none_found (no exact matches)
INFO | [CH_INFLUENCE] TEST per-channel masked error ranked by MAE (epoch=11)
INFO | [CH_INFLUENCE] rank=1/12 ch=9 n=8457 mae=0.038466 rmse=0.070534 mse=0.004975
INFO | [CH_INFLUENCE] rank=2/12 ch=10 n=8457 mae=0.037466 rmse=0.060636 mse=0.003677
INFO | [CH_INFLUENCE] rank=3/12 ch=11 n=8457 mae=0.036801 rmse=0.059716 mse=0.003566
INFO | [CH_INFLUENCE] rank=4/12 ch=7 n=6674 mae=0.033919 rmse=0.052392 mse=0.002745
INFO | [CH_INFLUENCE] rank=5/12 ch=6 n=6674 mae=0.033730 rmse=0.058666 mse=0.003442
INFO | [CH_INFLUENCE] rank=6/12 ch=8 n=6674 mae=0.032904 rmse=0.050799 mse=0.002581
INFO | [CH_INFLUENCE] rank=7/12 ch=1 n=8672 mae=0.031792 rmse=0.048129 mse=0.002316
INFO | [CH_INFLUENCE] rank=8/12 ch=2 n=8672 mae=0.030930 rmse=0.047490 mse=0.002255
INFO | [CH_INFLUENCE] rank=9/12 ch=4 n=8518 mae=0.030290 rmse=0.047381 mse=0.002245
INFO | [CH_INFLUENCE] rank=10/12 ch=3 n=8518 mae=0.027381 rmse=0.047636 mse=0.002269
INFO | [CH_INFLUENCE] rank=11/12 ch=5 n=8518 mae=0.026281 rmse=0.040523 mse=0.001642
INFO | [CH_INFLUENCE] rank=12/12 ch=0 n=8672 mae=0.024325 rmse=0.041362 mse=0.001711
INFO | TOP_ERR | split=test epoch=14 rank=1/10 b=17 t=6 var_idx=6 tp=1.063000 y_true=0.053281 y_pred=0.707356 diff=0.654075 abs_err=0.654075
INFO | TOP_ERR | split=test epoch=14 rank=2/10 b=17 t=2 var_idx=6 tp=1.027000 y_true=0.054539 y_pred=0.707329 diff=0.652790 abs_err=0.652790
INFO | TOP_ERR | split=test epoch=14 rank=3/10 b=17 t=6 var_idx=7 tp=1.063000 y_true=0.869900 y_pred=0.450266 diff=-0.419634 abs_err=0.419634
INFO | TOP_ERR | split=test epoch=14 rank=4/10 b=17 t=2 var_idx=7 tp=1.027000 y_true=0.869051 y_pred=0.450230 diff=-0.418821 abs_err=0.418821
INFO | TOP_ERR | split=test epoch=14 rank=5/10 b=31 t=11 var_idx=3 tp=1.144667 y_true=0.259034 y_pred=0.677199 diff=0.418165 abs_err=0.418165
INFO | TOP_ERR | split=test epoch=14 rank=6/10 b=37 t=28 var_idx=6 tp=1.313000 y_true=0.992233 y_pred=0.581389 diff=-0.410844 abs_err=0.410844
INFO | TOP_ERR | split=test epoch=14 rank=7/10 b=55 t=1 var_idx=11 tp=1.013667 y_true=0.160785 y_pred=0.520884 diff=0.360099 abs_err=0.360099
INFO | TOP_ERR | split=test epoch=14 rank=8/10 b=32 t=28 var_idx=3 tp=1.316000 y_true=0.241737 y_pred=0.584232 diff=0.342495 abs_err=0.342495
INFO | TOP_ERR | split=test epoch=14 rank=9/10 b=32 t=3 var_idx=3 tp=1.027667 y_true=0.256621 y_pred=0.584215 diff=0.327594 abs_err=0.327594
INFO | TOP_ERR | split=test epoch=14 rank=10/10 b=31 t=11 var_idx=4 tp=1.144667 y_true=0.237305 y_pred=0.561545 diff=0.324239 abs_err=0.324239
INFO | TOP_BEST | split=test epoch=14 rank=1/3 b=58 t=16 var_idx=9 tp=1.203000 y_true=0.635084 y_pred=0.635097 diff=0.000013 abs_err=0.000013
INFO | TOP_BEST | split=test epoch=14 rank=2/3 b=32 t=26 var_idx=9 tp=1.298000 y_true=0.540893 y_pred=0.540913 diff=0.000020 abs_err=0.000020
INFO | TOP_BEST | split=test epoch=14 rank=3/3 b=39 t=27 var_idx=8 tp=1.295000 y_true=0.492159 y_pred=0.492116 diff=-0.000043 abs_err=0.000043
INFO | TOP_OK | split=test epoch=14 none_found (no exact matches)
INFO | [CH_INFLUENCE] TEST per-channel masked error ranked by MAE (epoch=14)
INFO | [CH_INFLUENCE] rank=1/12 ch=9 n=8457 mae=0.038456 rmse=0.070117 mse=0.004916
INFO | [CH_INFLUENCE] rank=2/12 ch=11 n=8457 mae=0.036726 rmse=0.059570 mse=0.003549
INFO | [CH_INFLUENCE] rank=3/12 ch=10 n=8457 mae=0.036257 rmse=0.059601 mse=0.003552
INFO | [CH_INFLUENCE] rank=4/12 ch=7 n=6674 mae=0.033602 rmse=0.052068 mse=0.002711
INFO | [CH_INFLUENCE] rank=5/12 ch=8 n=6674 mae=0.032681 rmse=0.050444 mse=0.002545
INFO | [CH_INFLUENCE] rank=6/12 ch=6 n=6674 mae=0.032339 rmse=0.057594 mse=0.003317
INFO | [CH_INFLUENCE] rank=7/12 ch=1 n=8672 mae=0.031854 rmse=0.047960 mse=0.002300
INFO | [CH_INFLUENCE] rank=8/12 ch=2 n=8672 mae=0.031053 rmse=0.047443 mse=0.002251
INFO | [CH_INFLUENCE] rank=9/12 ch=4 n=8518 mae=0.030225 rmse=0.047100 mse=0.002218
INFO | [CH_INFLUENCE] rank=10/12 ch=3 n=8518 mae=0.027216 rmse=0.047228 mse=0.002230
INFO | [CH_INFLUENCE] rank=11/12 ch=5 n=8518 mae=0.026092 rmse=0.040081 mse=0.001606
INFO | [CH_INFLUENCE] rank=12/12 ch=0 n=8672 mae=0.024352 rmse=0.041114 mse=0.001690
INFO | TOP_ERR | split=test epoch=18 rank=1/10 b=17 t=6 var_idx=6 tp=1.063000 y_true=0.053281 y_pred=0.703731 diff=0.650450 abs_err=0.650450
INFO | TOP_ERR | split=test epoch=18 rank=2/10 b=17 t=2 var_idx=6 tp=1.027000 y_true=0.054539 y_pred=0.703702 diff=0.649163 abs_err=0.649163
INFO | TOP_ERR | split=test epoch=18 rank=3/10 b=17 t=6 var_idx=7 tp=1.063000 y_true=0.869900 y_pred=0.448935 diff=-0.420964 abs_err=0.420964
INFO | TOP_ERR | split=test epoch=18 rank=4/10 b=17 t=2 var_idx=7 tp=1.027000 y_true=0.869051 y_pred=0.448829 diff=-0.420222 abs_err=0.420222
INFO | TOP_ERR | split=test epoch=18 rank=5/10 b=31 t=11 var_idx=3 tp=1.144667 y_true=0.259034 y_pred=0.678973 diff=0.419939 abs_err=0.419939
INFO | TOP_ERR | split=test epoch=18 rank=6/10 b=37 t=28 var_idx=6 tp=1.313000 y_true=0.992233 y_pred=0.586039 diff=-0.406194 abs_err=0.406194
INFO | TOP_ERR | split=test epoch=18 rank=7/10 b=55 t=1 var_idx=11 tp=1.013667 y_true=0.160785 y_pred=0.514849 diff=0.354064 abs_err=0.354064
INFO | TOP_ERR | split=test epoch=18 rank=8/10 b=32 t=28 var_idx=3 tp=1.316000 y_true=0.241737 y_pred=0.593308 diff=0.351571 abs_err=0.351571
INFO | TOP_ERR | split=test epoch=18 rank=9/10 b=32 t=3 var_idx=3 tp=1.027667 y_true=0.256621 y_pred=0.592877 diff=0.336256 abs_err=0.336256
INFO | TOP_ERR | split=test epoch=18 rank=10/10 b=17 t=6 var_idx=8 tp=1.063000 y_true=0.996759 y_pred=0.666340 diff=-0.330419 abs_err=0.330419
INFO | TOP_BEST | split=test epoch=18 rank=1/3 b=47 t=11 var_idx=10 tp=1.124333 y_true=0.402647 y_pred=0.402644 diff=-0.000004 abs_err=0.000004
INFO | TOP_BEST | split=test epoch=18 rank=2/3 b=47 t=16 var_idx=0 tp=1.169333 y_true=0.561150 y_pred=0.561139 diff=-0.000010 abs_err=0.000010
INFO | TOP_BEST | split=test epoch=18 rank=3/3 b=26 t=25 var_idx=8 tp=1.270667 y_true=0.644293 y_pred=0.644310 diff=0.000017 abs_err=0.000017
INFO | TOP_OK | split=test epoch=18 rank=1/3 b=19 t=6 var_idx=0 tp=1.098333 y_true=0.510550 y_pred=0.510550
INFO | [CH_INFLUENCE] TEST per-channel masked error ranked by MAE (epoch=18)
INFO | [CH_INFLUENCE] rank=1/12 ch=9 n=8457 mae=0.038329 rmse=0.070071 mse=0.004910
INFO | [CH_INFLUENCE] rank=2/12 ch=11 n=8457 mae=0.036496 rmse=0.059279 mse=0.003514
INFO | [CH_INFLUENCE] rank=3/12 ch=10 n=8457 mae=0.035720 rmse=0.059230 mse=0.003508
INFO | [CH_INFLUENCE] rank=4/12 ch=6 n=6674 mae=0.033635 rmse=0.058184 mse=0.003385
INFO | [CH_INFLUENCE] rank=5/12 ch=7 n=6674 mae=0.033590 rmse=0.051878 mse=0.002691
INFO | [CH_INFLUENCE] rank=6/12 ch=8 n=6674 mae=0.032787 rmse=0.050182 mse=0.002518
INFO | [CH_INFLUENCE] rank=7/12 ch=1 n=8672 mae=0.031751 rmse=0.047889 mse=0.002293
INFO | [CH_INFLUENCE] rank=8/12 ch=2 n=8672 mae=0.031098 rmse=0.047501 mse=0.002256
INFO | [CH_INFLUENCE] rank=9/12 ch=4 n=8518 mae=0.030077 rmse=0.046952 mse=0.002204
INFO | [CH_INFLUENCE] rank=10/12 ch=3 n=8518 mae=0.026825 rmse=0.046837 mse=0.002194
INFO | [CH_INFLUENCE] rank=11/12 ch=5 n=8518 mae=0.026306 rmse=0.039886 mse=0.001591
INFO | [CH_INFLUENCE] rank=12/12 ch=0 n=8672 mae=0.024189 rmse=0.040745 mse=0.001660
INFO | TOP_ERR | split=test epoch=21 rank=1/10 b=17 t=6 var_idx=6 tp=1.063000 y_true=0.053281 y_pred=0.714136 diff=0.660855 abs_err=0.660855
INFO | TOP_ERR | split=test epoch=21 rank=2/10 b=17 t=2 var_idx=6 tp=1.027000 y_true=0.054539 y_pred=0.714113 diff=0.659574 abs_err=0.659574
INFO | TOP_ERR | split=test epoch=21 rank=3/10 b=31 t=11 var_idx=3 tp=1.144667 y_true=0.259034 y_pred=0.694411 diff=0.435377 abs_err=0.435377
INFO | TOP_ERR | split=test epoch=21 rank=4/10 b=17 t=6 var_idx=7 tp=1.063000 y_true=0.869900 y_pred=0.452026 diff=-0.417874 abs_err=0.417874
INFO | TOP_ERR | split=test epoch=21 rank=5/10 b=17 t=2 var_idx=7 tp=1.027000 y_true=0.869051 y_pred=0.451923 diff=-0.417128 abs_err=0.417128
INFO | TOP_ERR | split=test epoch=21 rank=6/10 b=37 t=28 var_idx=6 tp=1.313000 y_true=0.992233 y_pred=0.595659 diff=-0.396574 abs_err=0.396574
INFO | TOP_ERR | split=test epoch=21 rank=7/10 b=32 t=28 var_idx=3 tp=1.316000 y_true=0.241737 y_pred=0.603332 diff=0.361595 abs_err=0.361595
INFO | TOP_ERR | split=test epoch=21 rank=8/10 b=55 t=1 var_idx=11 tp=1.013667 y_true=0.160785 y_pred=0.514458 diff=0.353673 abs_err=0.353673
INFO | TOP_ERR | split=test epoch=21 rank=9/10 b=32 t=3 var_idx=3 tp=1.027667 y_true=0.256621 y_pred=0.603247 diff=0.346626 abs_err=0.346626
INFO | TOP_ERR | split=test epoch=21 rank=10/10 b=31 t=11 var_idx=4 tp=1.144667 y_true=0.237305 y_pred=0.560800 diff=0.323494 abs_err=0.323494
INFO | TOP_BEST | split=test epoch=21 rank=1/3 b=27 t=19 var_idx=11 tp=1.198667 y_true=0.577995 y_pred=0.577997 diff=0.000002 abs_err=0.000002
INFO | TOP_BEST | split=test epoch=21 rank=2/3 b=1 t=2 var_idx=10 tp=1.025000 y_true=0.470895 y_pred=0.470901 diff=0.000006 abs_err=0.000006
INFO | TOP_BEST | split=test epoch=21 rank=3/3 b=29 t=15 var_idx=2 tp=1.153667 y_true=0.413055 y_pred=0.413045 diff=-0.000010 abs_err=0.000010
INFO | TOP_OK | split=test epoch=21 none_found (no exact matches)
INFO | [CH_INFLUENCE] TEST per-channel masked error ranked by MAE (epoch=21)
INFO | [CH_INFLUENCE] rank=1/12 ch=9 n=8457 mae=0.039041 rmse=0.069846 mse=0.004878
INFO | [CH_INFLUENCE] rank=2/12 ch=11 n=8457 mae=0.036617 rmse=0.059379 mse=0.003526
INFO | [CH_INFLUENCE] rank=3/12 ch=10 n=8457 mae=0.035925 rmse=0.059300 mse=0.003517
INFO | [CH_INFLUENCE] rank=4/12 ch=7 n=6674 mae=0.033269 rmse=0.051677 mse=0.002670
INFO | [CH_INFLUENCE] rank=5/12 ch=8 n=6674 mae=0.032278 rmse=0.049801 mse=0.002480
INFO | [CH_INFLUENCE] rank=6/12 ch=6 n=6674 mae=0.031705 rmse=0.056627 mse=0.003207
INFO | [CH_INFLUENCE] rank=7/12 ch=1 n=8672 mae=0.031655 rmse=0.047803 mse=0.002285
INFO | [CH_INFLUENCE] rank=8/12 ch=2 n=8672 mae=0.031030 rmse=0.047573 mse=0.002263
INFO | [CH_INFLUENCE] rank=9/12 ch=4 n=8518 mae=0.030138 rmse=0.046982 mse=0.002207
INFO | [CH_INFLUENCE] rank=10/12 ch=3 n=8518 mae=0.028728 rmse=0.047449 mse=0.002251
INFO | [CH_INFLUENCE] rank=11/12 ch=5 n=8518 mae=0.025960 rmse=0.039631 mse=0.001571
INFO | [CH_INFLUENCE] rank=12/12 ch=0 n=8672 mae=0.024041 rmse=0.040446 mse=0.001636
INFO | TOP_ERR | split=test epoch=26 rank=1/10 b=17 t=6 var_idx=6 tp=1.063000 y_true=0.053281 y_pred=0.698982 diff=0.645701 abs_err=0.645701
INFO | TOP_ERR | split=test epoch=26 rank=2/10 b=17 t=2 var_idx=6 tp=1.027000 y_true=0.054539 y_pred=0.698975 diff=0.644436 abs_err=0.644436
INFO | TOP_ERR | split=test epoch=26 rank=3/10 b=31 t=11 var_idx=3 tp=1.144667 y_true=0.259034 y_pred=0.690748 diff=0.431714 abs_err=0.431714
INFO | TOP_ERR | split=test epoch=26 rank=4/10 b=17 t=6 var_idx=7 tp=1.063000 y_true=0.869900 y_pred=0.454230 diff=-0.415669 abs_err=0.415669
INFO | TOP_ERR | split=test epoch=26 rank=5/10 b=17 t=2 var_idx=7 tp=1.027000 y_true=0.869051 y_pred=0.454187 diff=-0.414864 abs_err=0.414864
INFO | TOP_ERR | split=test epoch=26 rank=6/10 b=37 t=28 var_idx=6 tp=1.313000 y_true=0.992233 y_pred=0.592452 diff=-0.399781 abs_err=0.399781
INFO | TOP_ERR | split=test epoch=26 rank=7/10 b=32 t=28 var_idx=3 tp=1.316000 y_true=0.241737 y_pred=0.597426 diff=0.355689 abs_err=0.355689
INFO | TOP_ERR | split=test epoch=26 rank=8/10 b=55 t=1 var_idx=11 tp=1.013667 y_true=0.160785 y_pred=0.516371 diff=0.355586 abs_err=0.355586
INFO | TOP_ERR | split=test epoch=26 rank=9/10 b=32 t=3 var_idx=3 tp=1.027667 y_true=0.256621 y_pred=0.597479 diff=0.340857 abs_err=0.340857
INFO | TOP_ERR | split=test epoch=26 rank=10/10 b=37 t=28 var_idx=7 tp=1.313000 y_true=0.136750 y_pred=0.456970 diff=0.320221 abs_err=0.320221
INFO | TOP_BEST | split=test epoch=26 rank=1/3 b=2 t=17 var_idx=10 tp=1.196000 y_true=0.449629 y_pred=0.449628 diff=-0.000000 abs_err=0.000000
INFO | TOP_BEST | split=test epoch=26 rank=2/3 b=59 t=23 var_idx=2 tp=1.239000 y_true=0.442144 y_pred=0.442138 diff=-0.000006 abs_err=0.000006
INFO | TOP_BEST | split=test epoch=26 rank=3/3 b=4 t=10 var_idx=0 tp=1.124000 y_true=0.515047 y_pred=0.515019 diff=-0.000028 abs_err=0.000028
INFO | TOP_OK | split=test epoch=26 none_found (no exact matches)
INFO | [CH_INFLUENCE] TEST per-channel masked error ranked by MAE (epoch=26)
INFO | [CH_INFLUENCE] rank=1/12 ch=9 n=8457 mae=0.038727 rmse=0.069735 mse=0.004863
INFO | [CH_INFLUENCE] rank=2/12 ch=11 n=8457 mae=0.037834 rmse=0.059904 mse=0.003589
INFO | [CH_INFLUENCE] rank=3/12 ch=10 n=8457 mae=0.037086 rmse=0.059512 mse=0.003542
INFO | [CH_INFLUENCE] rank=4/12 ch=1 n=8672 mae=0.033232 rmse=0.048572 mse=0.002359
INFO | [CH_INFLUENCE] rank=5/12 ch=7 n=6674 mae=0.032699 rmse=0.051137 mse=0.002615
INFO | [CH_INFLUENCE] rank=6/12 ch=2 n=8672 mae=0.032391 rmse=0.048675 mse=0.002369
INFO | [CH_INFLUENCE] rank=7/12 ch=8 n=6674 mae=0.031877 rmse=0.049261 mse=0.002427
INFO | [CH_INFLUENCE] rank=8/12 ch=4 n=8518 mae=0.031631 rmse=0.047455 mse=0.002252
INFO | [CH_INFLUENCE] rank=9/12 ch=6 n=6674 mae=0.030997 rmse=0.055815 mse=0.003115
INFO | [CH_INFLUENCE] rank=10/12 ch=3 n=8518 mae=0.027069 rmse=0.046245 mse=0.002139
INFO | [CH_INFLUENCE] rank=11/12 ch=5 n=8518 mae=0.026098 rmse=0.039420 mse=0.001554
INFO | [CH_INFLUENCE] rank=12/12 ch=0 n=8672 mae=0.024985 rmse=0.040984 mse=0.001680
INFO | TOP_ERR | split=test epoch=28 rank=1/10 b=17 t=6 var_idx=6 tp=1.063000 y_true=0.053281 y_pred=0.704011 diff=0.650729 abs_err=0.650729
INFO | TOP_ERR | split=test epoch=28 rank=2/10 b=17 t=2 var_idx=6 tp=1.027000 y_true=0.054539 y_pred=0.704009 diff=0.649470 abs_err=0.649470
INFO | TOP_ERR | split=test epoch=28 rank=3/10 b=31 t=11 var_idx=3 tp=1.144667 y_true=0.259034 y_pred=0.690178 diff=0.431144 abs_err=0.431144
INFO | TOP_ERR | split=test epoch=28 rank=4/10 b=17 t=6 var_idx=7 tp=1.063000 y_true=0.869900 y_pred=0.446786 diff=-0.423113 abs_err=0.423113
INFO | TOP_ERR | split=test epoch=28 rank=5/10 b=17 t=2 var_idx=7 tp=1.027000 y_true=0.869051 y_pred=0.446708 diff=-0.422342 abs_err=0.422342
INFO | TOP_ERR | split=test epoch=28 rank=6/10 b=37 t=28 var_idx=6 tp=1.313000 y_true=0.992233 y_pred=0.591770 diff=-0.400463 abs_err=0.400463
INFO | TOP_ERR | split=test epoch=28 rank=7/10 b=55 t=1 var_idx=11 tp=1.013667 y_true=0.160785 y_pred=0.512783 diff=0.351998 abs_err=0.351998
INFO | TOP_ERR | split=test epoch=28 rank=8/10 b=32 t=28 var_idx=3 tp=1.316000 y_true=0.241737 y_pred=0.590147 diff=0.348410 abs_err=0.348410
INFO | TOP_ERR | split=test epoch=28 rank=9/10 b=32 t=3 var_idx=3 tp=1.027667 y_true=0.256621 y_pred=0.589838 diff=0.333216 abs_err=0.333216
INFO | TOP_ERR | split=test epoch=28 rank=10/10 b=31 t=11 var_idx=4 tp=1.144667 y_true=0.237305 y_pred=0.559892 diff=0.322587 abs_err=0.322587
INFO | TOP_BEST | split=test epoch=28 rank=1/3 b=32 t=10 var_idx=8 tp=1.108667 y_true=0.639515 y_pred=0.639526 diff=0.000012 abs_err=0.000012
INFO | TOP_BEST | split=test epoch=28 rank=2/3 b=59 t=14 var_idx=8 tp=1.149000 y_true=0.702793 y_pred=0.702815 diff=0.000022 abs_err=0.000022
INFO | TOP_BEST | split=test epoch=28 rank=3/3 b=2 t=20 var_idx=9 tp=1.232333 y_true=0.385448 y_pred=0.385483 diff=0.000036 abs_err=0.000036
INFO | TOP_OK | split=test epoch=28 none_found (no exact matches)
INFO | [CH_INFLUENCE] TEST per-channel masked error ranked by MAE (epoch=28)
INFO | [CH_INFLUENCE] rank=1/12 ch=9 n=8457 mae=0.038475 rmse=0.069881 mse=0.004883
INFO | [CH_INFLUENCE] rank=2/12 ch=11 n=8457 mae=0.036709 rmse=0.059322 mse=0.003519
INFO | [CH_INFLUENCE] rank=3/12 ch=10 n=8457 mae=0.035616 rmse=0.059065 mse=0.003489
INFO | [CH_INFLUENCE] rank=4/12 ch=7 n=6674 mae=0.032654 rmse=0.051292 mse=0.002631
INFO | [CH_INFLUENCE] rank=5/12 ch=8 n=6674 mae=0.032132 rmse=0.049568 mse=0.002457
INFO | [CH_INFLUENCE] rank=6/12 ch=6 n=6674 mae=0.031622 rmse=0.056117 mse=0.003149
INFO | [CH_INFLUENCE] rank=7/12 ch=1 n=8672 mae=0.031415 rmse=0.047917 mse=0.002296
INFO | [CH_INFLUENCE] rank=8/12 ch=2 n=8672 mae=0.030672 rmse=0.047626 mse=0.002268
INFO | [CH_INFLUENCE] rank=9/12 ch=4 n=8518 mae=0.030169 rmse=0.047217 mse=0.002229
INFO | [CH_INFLUENCE] rank=10/12 ch=3 n=8518 mae=0.026509 rmse=0.046050 mse=0.002121
INFO | [CH_INFLUENCE] rank=11/12 ch=5 n=8518 mae=0.026167 rmse=0.039669 mse=0.001574
INFO | [CH_INFLUENCE] rank=12/12 ch=0 n=8672 mae=0.023725 rmse=0.039994 mse=0.001600
INFO | TOP_ERR | split=test epoch=35 rank=1/10 b=17 t=6 var_idx=6 tp=1.063000 y_true=0.053281 y_pred=0.695204 diff=0.641923 abs_err=0.641923
INFO | TOP_ERR | split=test epoch=35 rank=2/10 b=17 t=2 var_idx=6 tp=1.027000 y_true=0.054539 y_pred=0.695228 diff=0.640689 abs_err=0.640689
INFO | TOP_ERR | split=test epoch=35 rank=3/10 b=31 t=11 var_idx=3 tp=1.144667 y_true=0.259034 y_pred=0.700853 diff=0.441819 abs_err=0.441819
INFO | TOP_ERR | split=test epoch=35 rank=4/10 b=17 t=6 var_idx=7 tp=1.063000 y_true=0.869900 y_pred=0.444826 diff=-0.425073 abs_err=0.425073
INFO | TOP_ERR | split=test epoch=35 rank=5/10 b=17 t=2 var_idx=7 tp=1.027000 y_true=0.869051 y_pred=0.444742 diff=-0.424309 abs_err=0.424309
INFO | TOP_ERR | split=test epoch=35 rank=6/10 b=37 t=28 var_idx=6 tp=1.313000 y_true=0.992233 y_pred=0.595303 diff=-0.396930 abs_err=0.396930
INFO | TOP_ERR | split=test epoch=35 rank=7/10 b=32 t=28 var_idx=3 tp=1.316000 y_true=0.241737 y_pred=0.616777 diff=0.375040 abs_err=0.375040
INFO | TOP_ERR | split=test epoch=35 rank=8/10 b=32 t=3 var_idx=3 tp=1.027667 y_true=0.256621 y_pred=0.616218 diff=0.359597 abs_err=0.359597
INFO | TOP_ERR | split=test epoch=35 rank=9/10 b=55 t=1 var_idx=11 tp=1.013667 y_true=0.160785 y_pred=0.508795 diff=0.348010 abs_err=0.348010
INFO | TOP_ERR | split=test epoch=35 rank=10/10 b=17 t=6 var_idx=8 tp=1.063000 y_true=0.996759 y_pred=0.677969 diff=-0.318790 abs_err=0.318790
INFO | TOP_BEST | split=test epoch=35 rank=1/3 b=30 t=4 var_idx=7 tp=1.054667 y_true=0.655119 y_pred=0.655118 diff=-0.000001 abs_err=0.000001
INFO | TOP_BEST | split=test epoch=35 rank=2/3 b=22 t=24 var_idx=0 tp=1.252667 y_true=0.574127 y_pred=0.574122 diff=-0.000005 abs_err=0.000005
INFO | TOP_BEST | split=test epoch=35 rank=3/3 b=22 t=16 var_idx=9 tp=1.171333 y_true=0.560717 y_pred=0.560709 diff=-0.000007 abs_err=0.000007
INFO | TOP_OK | split=test epoch=35 none_found (no exact matches)
INFO | [CH_INFLUENCE] TEST per-channel masked error ranked by MAE (epoch=35)
INFO | [CH_INFLUENCE] rank=1/12 ch=9 n=8457 mae=0.039120 rmse=0.069464 mse=0.004825
INFO | [CH_INFLUENCE] rank=2/12 ch=11 n=8457 mae=0.036326 rmse=0.059509 mse=0.003541
INFO | [CH_INFLUENCE] rank=3/12 ch=10 n=8457 mae=0.035275 rmse=0.058956 mse=0.003476
INFO | [CH_INFLUENCE] rank=4/12 ch=7 n=6674 mae=0.033088 rmse=0.051564 mse=0.002659
INFO | [CH_INFLUENCE] rank=5/12 ch=8 n=6674 mae=0.032166 rmse=0.049219 mse=0.002423
INFO | [CH_INFLUENCE] rank=6/12 ch=1 n=8672 mae=0.031689 rmse=0.047971 mse=0.002301
INFO | [CH_INFLUENCE] rank=7/12 ch=2 n=8672 mae=0.030751 rmse=0.047478 mse=0.002254
INFO | [CH_INFLUENCE] rank=8/12 ch=6 n=6674 mae=0.030585 rmse=0.054226 mse=0.002940
INFO | [CH_INFLUENCE] rank=9/12 ch=4 n=8518 mae=0.030083 rmse=0.046854 mse=0.002195
INFO | [CH_INFLUENCE] rank=10/12 ch=3 n=8518 mae=0.027120 rmse=0.045947 mse=0.002111
INFO | [CH_INFLUENCE] rank=11/12 ch=5 n=8518 mae=0.026318 rmse=0.039803 mse=0.001584
INFO | [CH_INFLUENCE] rank=12/12 ch=0 n=8672 mae=0.024953 rmse=0.040299 mse=0.001624
INFO | TOP_ERR | split=test epoch=41 rank=1/10 b=17 t=6 var_idx=6 tp=1.063000 y_true=0.053281 y_pred=0.698339 diff=0.645058 abs_err=0.645058
INFO | TOP_ERR | split=test epoch=41 rank=2/10 b=17 t=2 var_idx=6 tp=1.027000 y_true=0.054539 y_pred=0.698376 diff=0.643837 abs_err=0.643837
INFO | TOP_ERR | split=test epoch=41 rank=3/10 b=31 t=11 var_idx=3 tp=1.144667 y_true=0.259034 y_pred=0.691903 diff=0.432868 abs_err=0.432868
INFO | TOP_ERR | split=test epoch=41 rank=4/10 b=17 t=6 var_idx=7 tp=1.063000 y_true=0.869900 y_pred=0.441511 diff=-0.428388 abs_err=0.428388
INFO | TOP_ERR | split=test epoch=41 rank=5/10 b=17 t=2 var_idx=7 tp=1.027000 y_true=0.869051 y_pred=0.441507 diff=-0.427544 abs_err=0.427544
INFO | TOP_ERR | split=test epoch=41 rank=6/10 b=32 t=28 var_idx=3 tp=1.316000 y_true=0.241737 y_pred=0.639055 diff=0.397318 abs_err=0.397318
INFO | TOP_ERR | split=test epoch=41 rank=7/10 b=37 t=28 var_idx=6 tp=1.313000 y_true=0.992233 y_pred=0.603484 diff=-0.388749 abs_err=0.388749
INFO | TOP_ERR | split=test epoch=41 rank=8/10 b=32 t=3 var_idx=3 tp=1.027667 y_true=0.256621 y_pred=0.638800 diff=0.382179 abs_err=0.382179
INFO | TOP_ERR | split=test epoch=41 rank=9/10 b=55 t=1 var_idx=11 tp=1.013667 y_true=0.160785 y_pred=0.513692 diff=0.352907 abs_err=0.352907
INFO | TOP_ERR | split=test epoch=41 rank=10/10 b=31 t=11 var_idx=4 tp=1.144667 y_true=0.237305 y_pred=0.563848 diff=0.326542 abs_err=0.326542
INFO | TOP_BEST | split=test epoch=41 rank=1/3 b=46 t=29 var_idx=0 tp=1.322333 y_true=0.563616 y_pred=0.563612 diff=-0.000004 abs_err=0.000004
INFO | TOP_BEST | split=test epoch=41 rank=2/3 b=50 t=4 var_idx=7 tp=1.052333 y_true=0.309864 y_pred=0.309870 diff=0.000007 abs_err=0.000007
INFO | TOP_BEST | split=test epoch=41 rank=3/3 b=42 t=3 var_idx=2 tp=1.034000 y_true=0.471162 y_pred=0.471155 diff=-0.000007 abs_err=0.000007
INFO | TOP_OK | split=test epoch=41 none_found (no exact matches)
INFO | [CH_INFLUENCE] TEST per-channel masked error ranked by MAE (epoch=41)
INFO | [CH_INFLUENCE] rank=1/12 ch=9 n=8457 mae=0.037748 rmse=0.069039 mse=0.004766
INFO | [CH_INFLUENCE] rank=2/12 ch=11 n=8457 mae=0.036985 rmse=0.059335 mse=0.003521
INFO | [CH_INFLUENCE] rank=3/12 ch=10 n=8457 mae=0.035891 rmse=0.058911 mse=0.003471
INFO | [CH_INFLUENCE] rank=4/12 ch=7 n=6674 mae=0.032793 rmse=0.051116 mse=0.002613
INFO | [CH_INFLUENCE] rank=5/12 ch=8 n=6674 mae=0.032121 rmse=0.048910 mse=0.002392
INFO | [CH_INFLUENCE] rank=6/12 ch=1 n=8672 mae=0.031417 rmse=0.047652 mse=0.002271
INFO | [CH_INFLUENCE] rank=7/12 ch=2 n=8672 mae=0.030798 rmse=0.047777 mse=0.002283
INFO | [CH_INFLUENCE] rank=8/12 ch=4 n=8518 mae=0.030634 rmse=0.046821 mse=0.002192
INFO | [CH_INFLUENCE] rank=9/12 ch=6 n=6674 mae=0.030129 rmse=0.054138 mse=0.002931
INFO | [CH_INFLUENCE] rank=10/12 ch=3 n=8518 mae=0.027147 rmse=0.045825 mse=0.002100
INFO | [CH_INFLUENCE] rank=11/12 ch=5 n=8518 mae=0.026112 rmse=0.039445 mse=0.001556
INFO | [CH_INFLUENCE] rank=12/12 ch=0 n=8672 mae=0.024139 rmse=0.040026 mse=0.001602
INFO | TOP_ERR | split=test epoch=50 rank=1/10 b=17 t=6 var_idx=6 tp=1.063000 y_true=0.053281 y_pred=0.691216 diff=0.637935 abs_err=0.637935
INFO | TOP_ERR | split=test epoch=50 rank=2/10 b=17 t=2 var_idx=6 tp=1.027000 y_true=0.054539 y_pred=0.691292 diff=0.636754 abs_err=0.636754
INFO | TOP_ERR | split=test epoch=50 rank=3/10 b=31 t=11 var_idx=3 tp=1.144667 y_true=0.259034 y_pred=0.682632 diff=0.423598 abs_err=0.423598
INFO | TOP_ERR | split=test epoch=50 rank=4/10 b=17 t=6 var_idx=7 tp=1.063000 y_true=0.869900 y_pred=0.448031 diff=-0.421869 abs_err=0.421869
INFO | TOP_ERR | split=test epoch=50 rank=5/10 b=17 t=2 var_idx=7 tp=1.027000 y_true=0.869051 y_pred=0.447932 diff=-0.421119 abs_err=0.421119
INFO | TOP_ERR | split=test epoch=50 rank=6/10 b=32 t=28 var_idx=3 tp=1.316000 y_true=0.241737 y_pred=0.640851 diff=0.399115 abs_err=0.399115
INFO | TOP_ERR | split=test epoch=50 rank=7/10 b=37 t=28 var_idx=6 tp=1.313000 y_true=0.992233 y_pred=0.599130 diff=-0.393103 abs_err=0.393103
INFO | TOP_ERR | split=test epoch=50 rank=8/10 b=32 t=3 var_idx=3 tp=1.027667 y_true=0.256621 y_pred=0.640782 diff=0.384161 abs_err=0.384161
INFO | TOP_ERR | split=test epoch=50 rank=9/10 b=55 t=1 var_idx=11 tp=1.013667 y_true=0.160785 y_pred=0.509360 diff=0.348575 abs_err=0.348575
INFO | TOP_ERR | split=test epoch=50 rank=10/10 b=37 t=28 var_idx=7 tp=1.313000 y_true=0.136750 y_pred=0.452312 diff=0.315563 abs_err=0.315563
INFO | TOP_BEST | split=test epoch=50 rank=1/3 b=49 t=12 var_idx=8 tp=1.169333 y_true=0.562401 y_pred=0.562397 diff=-0.000004 abs_err=0.000004
INFO | TOP_BEST | split=test epoch=50 rank=2/3 b=49 t=9 var_idx=3 tp=1.124333 y_true=0.633500 y_pred=0.633506 diff=0.000006 abs_err=0.000006
INFO | TOP_BEST | split=test epoch=50 rank=3/3 b=47 t=1 var_idx=9 tp=1.016000 y_true=0.801669 y_pred=0.801661 diff=-0.000008 abs_err=0.000008
INFO | TOP_OK | split=test epoch=50 none_found (no exact matches)
INFO | [CH_INFLUENCE] TEST per-channel masked error ranked by MAE (epoch=50)
INFO | [CH_INFLUENCE] rank=1/12 ch=9 n=8457 mae=0.039595 rmse=0.069113 mse=0.004777
INFO | [CH_INFLUENCE] rank=2/12 ch=11 n=8457 mae=0.035880 rmse=0.058938 mse=0.003474
INFO | [CH_INFLUENCE] rank=3/12 ch=10 n=8457 mae=0.035594 rmse=0.058947 mse=0.003475
INFO | [CH_INFLUENCE] rank=4/12 ch=7 n=6674 mae=0.033105 rmse=0.051633 mse=0.002666
INFO | [CH_INFLUENCE] rank=5/12 ch=8 n=6674 mae=0.032269 rmse=0.048872 mse=0.002388
INFO | [CH_INFLUENCE] rank=6/12 ch=1 n=8672 mae=0.031685 rmse=0.047671 mse=0.002273
INFO | [CH_INFLUENCE] rank=7/12 ch=2 n=8672 mae=0.030684 rmse=0.047820 mse=0.002287
INFO | [CH_INFLUENCE] rank=8/12 ch=4 n=8518 mae=0.030538 rmse=0.046764 mse=0.002187
INFO | [CH_INFLUENCE] rank=9/12 ch=6 n=6674 mae=0.029939 rmse=0.052704 mse=0.002778
INFO | [CH_INFLUENCE] rank=10/12 ch=3 n=8518 mae=0.026409 rmse=0.044866 mse=0.002013
INFO | [CH_INFLUENCE] rank=11/12 ch=5 n=8518 mae=0.026069 rmse=0.039479 mse=0.001559
INFO | [CH_INFLUENCE] rank=12/12 ch=0 n=8672 mae=0.023593 rmse=0.039497 mse=0.001560
INFO | TOP_ERR | split=test epoch=67 rank=1/10 b=17 t=6 var_idx=6 tp=1.063000 y_true=0.053281 y_pred=0.659743 diff=0.606462 abs_err=0.606462
INFO | TOP_ERR | split=test epoch=67 rank=2/10 b=17 t=2 var_idx=6 tp=1.027000 y_true=0.054539 y_pred=0.659775 diff=0.605236 abs_err=0.605236
INFO | TOP_ERR | split=test epoch=67 rank=3/10 b=31 t=11 var_idx=3 tp=1.144667 y_true=0.259034 y_pred=0.690673 diff=0.431639 abs_err=0.431639
INFO | TOP_ERR | split=test epoch=67 rank=4/10 b=17 t=6 var_idx=7 tp=1.063000 y_true=0.869900 y_pred=0.452192 diff=-0.417708 abs_err=0.417708
INFO | TOP_ERR | split=test epoch=67 rank=5/10 b=17 t=2 var_idx=7 tp=1.027000 y_true=0.869051 y_pred=0.452126 diff=-0.416925 abs_err=0.416925
INFO | TOP_ERR | split=test epoch=67 rank=6/10 b=32 t=28 var_idx=3 tp=1.316000 y_true=0.241737 y_pred=0.631604 diff=0.389867 abs_err=0.389867
INFO | TOP_ERR | split=test epoch=67 rank=7/10 b=37 t=28 var_idx=6 tp=1.313000 y_true=0.992233 y_pred=0.604323 diff=-0.387910 abs_err=0.387910
INFO | TOP_ERR | split=test epoch=67 rank=8/10 b=32 t=3 var_idx=3 tp=1.027667 y_true=0.256621 y_pred=0.631591 diff=0.374970 abs_err=0.374970
INFO | TOP_ERR | split=test epoch=67 rank=9/10 b=55 t=1 var_idx=11 tp=1.013667 y_true=0.160785 y_pred=0.509521 diff=0.348736 abs_err=0.348736
INFO | TOP_ERR | split=test epoch=67 rank=10/10 b=31 t=11 var_idx=4 tp=1.144667 y_true=0.237305 y_pred=0.555701 diff=0.318396 abs_err=0.318396
INFO | TOP_BEST | split=test epoch=67 rank=1/3 b=42 t=26 var_idx=3 tp=1.295333 y_true=0.618961 y_pred=0.618961 diff=0.000000 abs_err=0.000000
INFO | TOP_BEST | split=test epoch=67 rank=2/3 b=6 t=15 var_idx=5 tp=1.166333 y_true=0.489271 y_pred=0.489270 diff=-0.000001 abs_err=0.000001
INFO | TOP_BEST | split=test epoch=67 rank=3/3 b=25 t=7 var_idx=10 tp=1.072333 y_true=0.653054 y_pred=0.653050 diff=-0.000003 abs_err=0.000003
INFO | TOP_OK | split=test epoch=67 rank=1/3 b=42 t=26 var_idx=3 tp=1.295333 y_true=0.618961 y_pred=0.618961
INFO | [CH_INFLUENCE] TEST per-channel masked error ranked by MAE (epoch=67)
INFO | [CH_INFLUENCE] rank=1/12 ch=9 n=8457 mae=0.038535 rmse=0.068939 mse=0.004753
INFO | [CH_INFLUENCE] rank=2/12 ch=10 n=8457 mae=0.035982 rmse=0.059597 mse=0.003552
INFO | [CH_INFLUENCE] rank=3/12 ch=11 n=8457 mae=0.035792 rmse=0.059126 mse=0.003496
INFO | [CH_INFLUENCE] rank=4/12 ch=7 n=6674 mae=0.032521 rmse=0.050986 mse=0.002600
INFO | [CH_INFLUENCE] rank=5/12 ch=8 n=6674 mae=0.032057 rmse=0.048683 mse=0.002370
INFO | [CH_INFLUENCE] rank=6/12 ch=1 n=8672 mae=0.031152 rmse=0.047357 mse=0.002243
INFO | [CH_INFLUENCE] rank=7/12 ch=2 n=8672 mae=0.030783 rmse=0.047916 mse=0.002296
INFO | [CH_INFLUENCE] rank=8/12 ch=4 n=8518 mae=0.029839 rmse=0.046060 mse=0.002122
INFO | [CH_INFLUENCE] rank=9/12 ch=6 n=6674 mae=0.029356 rmse=0.052442 mse=0.002750
INFO | [CH_INFLUENCE] rank=10/12 ch=3 n=8518 mae=0.026546 rmse=0.044444 mse=0.001975
INFO | [CH_INFLUENCE] rank=11/12 ch=5 n=8518 mae=0.025937 rmse=0.039321 mse=0.001546
INFO | [CH_INFLUENCE] rank=12/12 ch=0 n=8672 mae=0.023222 rmse=0.039133 mse=0.001531
INFO | TOP_ERR | split=test epoch=68 rank=1/10 b=17 t=6 var_idx=6 tp=1.063000 y_true=0.053281 y_pred=0.673686 diff=0.620405 abs_err=0.620405
INFO | TOP_ERR | split=test epoch=68 rank=2/10 b=17 t=2 var_idx=6 tp=1.027000 y_true=0.054539 y_pred=0.673719 diff=0.619181 abs_err=0.619181
INFO | TOP_ERR | split=test epoch=68 rank=3/10 b=17 t=6 var_idx=7 tp=1.063000 y_true=0.869900 y_pred=0.451217 diff=-0.418682 abs_err=0.418682
INFO | TOP_ERR | split=test epoch=68 rank=4/10 b=17 t=2 var_idx=7 tp=1.027000 y_true=0.869051 y_pred=0.451161 diff=-0.417890 abs_err=0.417890
INFO | TOP_ERR | split=test epoch=68 rank=5/10 b=31 t=11 var_idx=3 tp=1.144667 y_true=0.259034 y_pred=0.671311 diff=0.412277 abs_err=0.412277
INFO | TOP_ERR | split=test epoch=68 rank=6/10 b=37 t=28 var_idx=6 tp=1.313000 y_true=0.992233 y_pred=0.605773 diff=-0.386460 abs_err=0.386460
INFO | TOP_ERR | split=test epoch=68 rank=7/10 b=32 t=28 var_idx=3 tp=1.316000 y_true=0.241737 y_pred=0.615634 diff=0.373897 abs_err=0.373897
INFO | TOP_ERR | split=test epoch=68 rank=8/10 b=32 t=3 var_idx=3 tp=1.027667 y_true=0.256621 y_pred=0.615727 diff=0.359106 abs_err=0.359106
INFO | TOP_ERR | split=test epoch=68 rank=9/10 b=55 t=1 var_idx=11 tp=1.013667 y_true=0.160785 y_pred=0.507572 diff=0.346787 abs_err=0.346787
INFO | TOP_ERR | split=test epoch=68 rank=10/10 b=31 t=11 var_idx=4 tp=1.144667 y_true=0.237305 y_pred=0.552210 diff=0.314904 abs_err=0.314904
INFO | TOP_BEST | split=test epoch=68 rank=1/3 b=42 t=16 var_idx=2 tp=1.178000 y_true=0.473998 y_pred=0.474004 diff=0.000006 abs_err=0.000006
INFO | TOP_BEST | split=test epoch=68 rank=2/3 b=35 t=23 var_idx=6 tp=1.259000 y_true=0.566611 y_pred=0.566602 diff=-0.000009 abs_err=0.000009
INFO | TOP_BEST | split=test epoch=68 rank=3/3 b=41 t=5 var_idx=2 tp=1.079000 y_true=0.470563 y_pred=0.470576 diff=0.000013 abs_err=0.000013
INFO | TOP_OK | split=test epoch=68 none_found (no exact matches)
INFO | [CH_INFLUENCE] TEST per-channel masked error ranked by MAE (epoch=68)
INFO | [CH_INFLUENCE] rank=1/12 ch=9 n=8457 mae=0.039263 rmse=0.069049 mse=0.004768
INFO | [CH_INFLUENCE] rank=2/12 ch=11 n=8457 mae=0.036251 rmse=0.059268 mse=0.003513
INFO | [CH_INFLUENCE] rank=3/12 ch=10 n=8457 mae=0.035348 rmse=0.058642 mse=0.003439
INFO | [CH_INFLUENCE] rank=4/12 ch=7 n=6674 mae=0.032282 rmse=0.050683 mse=0.002569
INFO | [CH_INFLUENCE] rank=5/12 ch=8 n=6674 mae=0.032037 rmse=0.048640 mse=0.002366
INFO | [CH_INFLUENCE] rank=6/12 ch=1 n=8672 mae=0.031203 rmse=0.047152 mse=0.002223
INFO | [CH_INFLUENCE] rank=7/12 ch=2 n=8672 mae=0.030795 rmse=0.047910 mse=0.002295
INFO | [CH_INFLUENCE] rank=8/12 ch=4 n=8518 mae=0.029709 rmse=0.045677 mse=0.002086
INFO | [CH_INFLUENCE] rank=9/12 ch=6 n=6674 mae=0.029558 rmse=0.052239 mse=0.002729
INFO | [CH_INFLUENCE] rank=10/12 ch=3 n=8518 mae=0.026301 rmse=0.044310 mse=0.001963
INFO | [CH_INFLUENCE] rank=11/12 ch=5 n=8518 mae=0.025797 rmse=0.039295 mse=0.001544
INFO | [CH_INFLUENCE] rank=12/12 ch=0 n=8672 mae=0.023265 rmse=0.039135 mse=0.001532
