/home/ouass/Test/MSP-IMTS/tPatchGNN/run_models.py
2026-03-18 04:55:27
run_models.py --dataset ushcn --state def --history 24 --batch_size 192 --lr 1e-3 --patience 20 --epoch 400 --nhead 1 --tf_layer 1 --nlayer 1 --te_dim 10 --node_dim 10 --hid_dim 32 --outlayer Linear --seed 1 --gpu 0 --multi_scales 2,4,8 --multi_strides 2,4,8 --metric per_dim --fusion concat
Namespace(multi_scales='2,4,8', multi_strides='2,4,8', fusion='concat', state='def', n=100000000, hop=1, nhead=1, tf_layer=1, nlayer=1, epoch=400, patience=20, history=24, patch_size=24, stride=24, logmode='a', lr=0.001, w_decay=0.0, batch_size=192, save='experiments/', load=None, seed=1, dataset='ushcn', quantization=0.0, model='tPatchGNN', outlayer='Linear', hid_dim=32, te_dim=10, node_dim=10, gpu='0', metric='per_dim', npatch=1, device=device(type='cuda'), PID=3784753, n_months=48, pred_window=1, ndim=5)
- Epoch 000, ExpID 20772
Train - Loss (one batch): 0.48706
Val - Loss, MSE, RMSE, MAE, MAPE: 0.80996, 0.80996, 0.89998, 0.35901, -69.39%
Test - Best epoch, Loss, MSE, RMSE, MAE, MAPE: 0, 0.51740, 0.51740, 0.71931, 0.33376, -65.89%
Time spent: 9.63s
- Epoch 001, ExpID 20772
Train - Loss (one batch): 0.44244
Val - Loss, MSE, RMSE, MAE, MAPE: 0.78389, 0.78389, 0.88538, 0.33895, -55.51%
Test - Best epoch, Loss, MSE, RMSE, MAE, MAPE: 1, 0.51671, 0.51671, 0.71883, 0.31454, -52.50%
Time spent: 9.51s
- Epoch 002, ExpID 20772
Train - Loss (one batch): 0.46136
Val - Loss, MSE, RMSE, MAE, MAPE: 0.75283, 0.75283, 0.86766, 0.33951, -57.91%
Test - Best epoch, Loss, MSE, RMSE, MAE, MAPE: 2, 0.51630, 0.51630, 0.71854, 0.31648, -55.26%
Time spent: 9.54s
- Epoch 003, ExpID 20772
Train - Loss (one batch): 0.36334
Val - Loss, MSE, RMSE, MAE, MAPE: 0.73011, 0.73011, 0.85447, 0.33794, -59.01%
Test - Best epoch, Loss, MSE, RMSE, MAE, MAPE: 3, 0.51398, 0.51398, 0.71693, 0.31585, -56.69%
Time spent: 9.52s
- Epoch 004, ExpID 20772
Train - Loss (one batch): 0.42157
Val - Loss, MSE, RMSE, MAE, MAPE: 0.71107, 0.71107, 0.84325, 0.34405, -64.52%
Test - Best epoch, Loss, MSE, RMSE, MAE, MAPE: 4, 0.50958, 0.50958, 0.71385, 0.32216, -61.40%
Time spent: 9.51s
- Epoch 005, ExpID 20772
Train - Loss (one batch): 0.50695
Val - Loss, MSE, RMSE, MAE, MAPE: 0.70987, 0.70987, 0.84254, 0.32989, -56.17%
Test - Best epoch, Loss, MSE, RMSE, MAE, MAPE: 5, 0.50652, 0.50652, 0.71170, 0.30685, -52.79%
Time spent: 9.57s
- Epoch 006, ExpID 20772
Train - Loss (one batch): 0.39690
Val - Loss, MSE, RMSE, MAE, MAPE: 0.70494, 0.70494, 0.83961, 0.33021, -54.35%
Test - Best epoch, Loss, MSE, RMSE, MAE, MAPE: 6, 0.50331, 0.50331, 0.70944, 0.30791, -52.35%
Time spent: 9.52s
- Epoch 007, ExpID 20772
Train - Loss (one batch): 0.30190
Val - Loss, MSE, RMSE, MAE, MAPE: 0.71526, 0.71526, 0.84573, 0.33837, -60.78%
Test - Best epoch, Loss, MSE, RMSE, MAE, MAPE: 6, 0.50331, 0.50331, 0.70944, 0.30791, -52.35%
Time spent: 8.03s
- Epoch 008, ExpID 20772
Train - Loss (one batch): 0.50033
Val - Loss, MSE, RMSE, MAE, MAPE: 0.68650, 0.68650, 0.82855, 0.33091, -53.63%
Test - Best epoch, Loss, MSE, RMSE, MAE, MAPE: 8, 0.50996, 0.50996, 0.71411, 0.30900, -51.37%
Time spent: 9.52s
- Epoch 009, ExpID 20772
Train - Loss (one batch): 0.35979
Val - Loss, MSE, RMSE, MAE, MAPE: 0.71245, 0.71245, 0.84407, 0.33923, -58.07%
Test - Best epoch, Loss, MSE, RMSE, MAE, MAPE: 8, 0.50996, 0.50996, 0.71411, 0.30900, -51.37%
Time spent: 8.03s
- Epoch 010, ExpID 20772
Train - Loss (one batch): 1.36018
Val - Loss, MSE, RMSE, MAE, MAPE: 0.71627, 0.71627, 0.84632, 0.34799, -69.31%
Test - Best epoch, Loss, MSE, RMSE, MAE, MAPE: 8, 0.50996, 0.50996, 0.71411, 0.30900, -51.37%
Time spent: 8.04s
- Epoch 011, ExpID 20772
Train - Loss (one batch): 0.45363
Val - Loss, MSE, RMSE, MAE, MAPE: 0.72578, 0.72578, 0.85193, 0.32560, -51.76%
Test - Best epoch, Loss, MSE, RMSE, MAE, MAPE: 8, 0.50996, 0.50996, 0.71411, 0.30900, -51.37%
Time spent: 8.04s
- Epoch 012, ExpID 20772
Train - Loss (one batch): 0.48610
Val - Loss, MSE, RMSE, MAE, MAPE: 0.74195, 0.74195, 0.86137, 0.34090, -63.60%
Test - Best epoch, Loss, MSE, RMSE, MAE, MAPE: 8, 0.50996, 0.50996, 0.71411, 0.30900, -51.37%
Time spent: 8.03s
- Epoch 013, ExpID 20772
Train - Loss (one batch): 0.52246
Val - Loss, MSE, RMSE, MAE, MAPE: 0.70444, 0.70444, 0.83931, 0.34964, -67.96%
Test - Best epoch, Loss, MSE, RMSE, MAE, MAPE: 8, 0.50996, 0.50996, 0.71411, 0.30900, -51.37%
Time spent: 8.04s
- Epoch 014, ExpID 20772
Train - Loss (one batch): 0.30432
Val - Loss, MSE, RMSE, MAE, MAPE: 0.77103, 0.77103, 0.87808, 0.33031, -56.94%
Test - Best epoch, Loss, MSE, RMSE, MAE, MAPE: 8, 0.50996, 0.50996, 0.71411, 0.30900, -51.37%
Time spent: 8.04s
- Epoch 015, ExpID 20772
Train - Loss (one batch): 0.27715
Val - Loss, MSE, RMSE, MAE, MAPE: 0.74564, 0.74564, 0.86350, 0.36150, -75.70%
Test - Best epoch, Loss, MSE, RMSE, MAE, MAPE: 8, 0.50996, 0.50996, 0.71411, 0.30900, -51.37%
Time spent: 8.05s
- Epoch 016, ExpID 20772
Train - Loss (one batch): 0.64711
Val - Loss, MSE, RMSE, MAE, MAPE: 0.70274, 0.70274, 0.83829, 0.32472, -50.93%
Test - Best epoch, Loss, MSE, RMSE, MAE, MAPE: 8, 0.50996, 0.50996, 0.71411, 0.30900, -51.37%
Time spent: 8.05s
- Epoch 017, ExpID 20772
Train - Loss (one batch): 0.39055
Val - Loss, MSE, RMSE, MAE, MAPE: 0.68738, 0.68738, 0.82908, 0.33525, -58.69%
Test - Best epoch, Loss, MSE, RMSE, MAE, MAPE: 8, 0.50996, 0.50996, 0.71411, 0.30900, -51.37%
Time spent: 8.05s
- Epoch 018, ExpID 20772
Train - Loss (one batch): 0.36085
Val - Loss, MSE, RMSE, MAE, MAPE: 0.70205, 0.70205, 0.83788, 0.32406, -51.85%
Test - Best epoch, Loss, MSE, RMSE, MAE, MAPE: 8, 0.50996, 0.50996, 0.71411, 0.30900, -51.37%
Time spent: 8.05s
- Epoch 019, ExpID 20772
Train - Loss (one batch): 0.44497
Val - Loss, MSE, RMSE, MAE, MAPE: 0.65932, 0.65932, 0.81198, 0.32948, -52.13%
Test - Best epoch, Loss, MSE, RMSE, MAE, MAPE: 19, 0.50908, 0.50908, 0.71350, 0.30684, -49.78%
Time spent: 9.53s
- Epoch 020, ExpID 20772
Train - Loss (one batch): 0.49956
Val - Loss, MSE, RMSE, MAE, MAPE: 0.72537, 0.72537, 0.85169, 0.33209, -55.44%
Test - Best epoch, Loss, MSE, RMSE, MAE, MAPE: 19, 0.50908, 0.50908, 0.71350, 0.30684, -49.78%
Time spent: 8.04s
- Epoch 021, ExpID 20772
Train - Loss (one batch): 0.78708
Val - Loss, MSE, RMSE, MAE, MAPE: 0.68865, 0.68865, 0.82985, 0.34127, -63.91%
Test - Best epoch, Loss, MSE, RMSE, MAE, MAPE: 19, 0.50908, 0.50908, 0.71350, 0.30684, -49.78%
Time spent: 8.06s
- Epoch 022, ExpID 20772
Train - Loss (one batch): 0.78281
Val - Loss, MSE, RMSE, MAE, MAPE: 0.69496, 0.69496, 0.83364, 0.34503, -70.12%
Test - Best epoch, Loss, MSE, RMSE, MAE, MAPE: 19, 0.50908, 0.50908, 0.71350, 0.30684, -49.78%
Time spent: 8.06s
- Epoch 023, ExpID 20772
Train - Loss (one batch): 0.69750
Val - Loss, MSE, RMSE, MAE, MAPE: 0.67857, 0.67857, 0.82375, 0.35273, -70.13%
Test - Best epoch, Loss, MSE, RMSE, MAE, MAPE: 19, 0.50908, 0.50908, 0.71350, 0.30684, -49.78%
Time spent: 8.05s
- Epoch 024, ExpID 20772
Train - Loss (one batch): 0.38313
Val - Loss, MSE, RMSE, MAE, MAPE: 0.70134, 0.70134, 0.83746, 0.33475, -62.17%
Test - Best epoch, Loss, MSE, RMSE, MAE, MAPE: 19, 0.50908, 0.50908, 0.71350, 0.30684, -49.78%
Time spent: 8.04s
- Epoch 025, ExpID 20772
Train - Loss (one batch): 0.46101
Val - Loss, MSE, RMSE, MAE, MAPE: 0.73174, 0.73174, 0.85542, 0.32244, -51.12%
Test - Best epoch, Loss, MSE, RMSE, MAE, MAPE: 19, 0.50908, 0.50908, 0.71350, 0.30684, -49.78%
Time spent: 8.04s
- Epoch 026, ExpID 20772
Train - Loss (one batch): 0.26112
Val - Loss, MSE, RMSE, MAE, MAPE: 0.73913, 0.73913, 0.85972, 0.32887, -57.95%
Test - Best epoch, Loss, MSE, RMSE, MAE, MAPE: 19, 0.50908, 0.50908, 0.71350, 0.30684, -49.78%
Time spent: 8.04s
- Epoch 027, ExpID 20772
Train - Loss (one batch): 0.36094
Val - Loss, MSE, RMSE, MAE, MAPE: 0.70084, 0.70084, 0.83716, 0.34289, -69.23%
Test - Best epoch, Loss, MSE, RMSE, MAE, MAPE: 19, 0.50908, 0.50908, 0.71350, 0.30684, -49.78%
Time spent: 8.05s
- Epoch 028, ExpID 20772
Train - Loss (one batch): 0.49541
Val - Loss, MSE, RMSE, MAE, MAPE: 0.70610, 0.70610, 0.84030, 0.32294, -51.13%
Test - Best epoch, Loss, MSE, RMSE, MAE, MAPE: 19, 0.50908, 0.50908, 0.71350, 0.30684, -49.78%
Time spent: 8.04s
- Epoch 029, ExpID 20772
Train - Loss (one batch): 1.42005
Val - Loss, MSE, RMSE, MAE, MAPE: 0.76435, 0.76435, 0.87427, 0.33097, -54.31%
Test - Best epoch, Loss, MSE, RMSE, MAE, MAPE: 19, 0.50908, 0.50908, 0.71350, 0.30684, -49.78%
Time spent: 8.05s
- Epoch 030, ExpID 20772
Train - Loss (one batch): 0.51725
Val - Loss, MSE, RMSE, MAE, MAPE: 0.70638, 0.70638, 0.84047, 0.32712, -52.76%
Test - Best epoch, Loss, MSE, RMSE, MAE, MAPE: 19, 0.50908, 0.50908, 0.71350, 0.30684, -49.78%
Time spent: 8.04s
- Epoch 031, ExpID 20772
Train - Loss (one batch): 0.29230
Val - Loss, MSE, RMSE, MAE, MAPE: 0.76973, 0.76973, 0.87734, 0.33180, -57.01%
Test - Best epoch, Loss, MSE, RMSE, MAE, MAPE: 19, 0.50908, 0.50908, 0.71350, 0.30684, -49.78%
Time spent: 8.06s
- Epoch 032, ExpID 20772
Train - Loss (one batch): 0.54574
Val - Loss, MSE, RMSE, MAE, MAPE: 0.76393, 0.76393, 0.87403, 0.34828, -68.80%
Test - Best epoch, Loss, MSE, RMSE, MAE, MAPE: 19, 0.50908, 0.50908, 0.71350, 0.30684, -49.78%
Time spent: 8.04s
- Epoch 033, ExpID 20772
Train - Loss (one batch): 0.37928
Val - Loss, MSE, RMSE, MAE, MAPE: 0.71999, 0.71999, 0.84852, 0.32570, -56.18%
Test - Best epoch, Loss, MSE, RMSE, MAE, MAPE: 19, 0.50908, 0.50908, 0.71350, 0.30684, -49.78%
Time spent: 8.10s
- Epoch 034, ExpID 20772
Train - Loss (one batch): 0.33659
Val - Loss, MSE, RMSE, MAE, MAPE: 0.71413, 0.71413, 0.84506, 0.33217, -59.42%
Test - Best epoch, Loss, MSE, RMSE, MAE, MAPE: 19, 0.50908, 0.50908, 0.71350, 0.30684, -49.78%
Time spent: 8.12s
- Epoch 035, ExpID 20772
Train - Loss (one batch): 0.37408
Val - Loss, MSE, RMSE, MAE, MAPE: 0.73539, 0.73539, 0.85755, 0.33117, -57.58%
Test - Best epoch, Loss, MSE, RMSE, MAE, MAPE: 19, 0.50908, 0.50908, 0.71350, 0.30684, -49.78%
Time spent: 8.13s
- Epoch 036, ExpID 20772
Train - Loss (one batch): 0.39908
Val - Loss, MSE, RMSE, MAE, MAPE: 0.71457, 0.71457, 0.84532, 0.33181, -59.22%
Test - Best epoch, Loss, MSE, RMSE, MAE, MAPE: 19, 0.50908, 0.50908, 0.71350, 0.30684, -49.78%
Time spent: 8.10s
- Epoch 037, ExpID 20772
Train - Loss (one batch): 0.43639
Val - Loss, MSE, RMSE, MAE, MAPE: 0.76878, 0.76878, 0.87680, 0.33003, -57.73%
Test - Best epoch, Loss, MSE, RMSE, MAE, MAPE: 19, 0.50908, 0.50908, 0.71350, 0.30684, -49.78%
Time spent: 8.06s
- Epoch 038, ExpID 20772
Train - Loss (one batch): 0.27571
Val - Loss, MSE, RMSE, MAE, MAPE: 0.75418, 0.75418, 0.86843, 0.33188, -57.13%
Test - Best epoch, Loss, MSE, RMSE, MAE, MAPE: 19, 0.50908, 0.50908, 0.71350, 0.30684, -49.78%
Time spent: 8.04s
- Epoch 039, ExpID 20772
Train - Loss (one batch): 0.52735
Val - Loss, MSE, RMSE, MAE, MAPE: 0.72888, 0.72888, 0.85374, 0.34769, -70.54%
Test - Best epoch, Loss, MSE, RMSE, MAE, MAPE: 19, 0.50908, 0.50908, 0.71350, 0.30684, -49.78%
Time spent: 8.05s
/home/ouass/Test/MSP-IMTS/tPatchGNN/run_models.py
2026-03-18 05:03:20
run_models.py --dataset ushcn --state def --history 24 --batch_size 192 --lr 1e-3 --patience 20 --epoch 400 --nhead 1 --tf_layer 1 --nlayer 1 --te_dim 10 --node_dim 10 --hid_dim 32 --outlayer Linear --seed 2 --gpu 0 --multi_scales 2,4,8 --multi_strides 2,4,8 --metric per_dim --fusion concat
Namespace(multi_scales='2,4,8', multi_strides='2,4,8', fusion='concat', state='def', n=100000000, hop=1, nhead=1, tf_layer=1, nlayer=1, epoch=400, patience=20, history=24, patch_size=24, stride=24, logmode='a', lr=0.001, w_decay=0.0, batch_size=192, save='experiments/', load=None, seed=2, dataset='ushcn', quantization=0.0, model='tPatchGNN', outlayer='Linear', hid_dim=32, te_dim=10, node_dim=10, gpu='0', metric='per_dim', npatch=1, device=device(type='cuda'), PID=3798842, n_months=48, pred_window=1, ndim=5)
- Epoch 000, ExpID 97776
Train - Loss (one batch): 0.39289
Val - Loss, MSE, RMSE, MAE, MAPE: 0.82284, 0.82284, 0.90710, 0.35014, -65.14%
Test - Best epoch, Loss, MSE, RMSE, MAE, MAPE: 0, 0.51424, 0.51424, 0.71711, 0.32452, -62.50%
Time spent: 9.59s
- Epoch 001, ExpID 97776
Train - Loss (one batch): 0.47359
Val - Loss, MSE, RMSE, MAE, MAPE: 0.74988, 0.74988, 0.86595, 0.34072, -62.32%
Test - Best epoch, Loss, MSE, RMSE, MAE, MAPE: 1, 0.51117, 0.51117, 0.71496, 0.31547, -59.46%
Time spent: 9.52s
- Epoch 002, ExpID 97776
Train - Loss (one batch): 0.66123
Val - Loss, MSE, RMSE, MAE, MAPE: 0.73801, 0.73801, 0.85908, 0.37226, -81.55%
Test - Best epoch, Loss, MSE, RMSE, MAE, MAPE: 2, 0.52133, 0.52133, 0.72204, 0.34960, -79.10%
Time spent: 9.53s
- Epoch 003, ExpID 97776
Train - Loss (one batch): 0.47161
Val - Loss, MSE, RMSE, MAE, MAPE: 0.71538, 0.71538, 0.84580, 0.36406, -76.56%
Test - Best epoch, Loss, MSE, RMSE, MAE, MAPE: 3, 0.51447, 0.51447, 0.71727, 0.34099, -73.98%
Time spent: 9.53s
- Epoch 004, ExpID 97776
Train - Loss (one batch): 0.37063
Val - Loss, MSE, RMSE, MAE, MAPE: 0.71838, 0.71838, 0.84758, 0.34447, -64.17%
Test - Best epoch, Loss, MSE, RMSE, MAE, MAPE: 3, 0.51447, 0.51447, 0.71727, 0.34099, -73.98%
Time spent: 8.05s
- Epoch 005, ExpID 97776
Train - Loss (one batch): 0.52491
Val - Loss, MSE, RMSE, MAE, MAPE: 0.69480, 0.69480, 0.83355, 0.34439, -65.44%
Test - Best epoch, Loss, MSE, RMSE, MAE, MAPE: 5, 0.50200, 0.50200, 0.70852, 0.32161, -63.52%
Time spent: 9.54s
- Epoch 006, ExpID 97776
Train - Loss (one batch): 0.36058
Val - Loss, MSE, RMSE, MAE, MAPE: 0.71342, 0.71342, 0.84464, 0.35715, -70.99%
Test - Best epoch, Loss, MSE, RMSE, MAE, MAPE: 5, 0.50200, 0.50200, 0.70852, 0.32161, -63.52%
Time spent: 8.05s
- Epoch 007, ExpID 97776
Train - Loss (one batch): 0.27717
Val - Loss, MSE, RMSE, MAE, MAPE: 0.67479, 0.67479, 0.82145, 0.34353, -65.37%
Test - Best epoch, Loss, MSE, RMSE, MAE, MAPE: 7, 0.50635, 0.50635, 0.71158, 0.32198, -63.18%
Time spent: 9.53s
- Epoch 008, ExpID 97776
Train - Loss (one batch): 0.36979
Val - Loss, MSE, RMSE, MAE, MAPE: 0.70409, 0.70409, 0.83910, 0.34360, -63.51%
Test - Best epoch, Loss, MSE, RMSE, MAE, MAPE: 7, 0.50635, 0.50635, 0.71158, 0.32198, -63.18%
Time spent: 8.04s
- Epoch 009, ExpID 97776
Train - Loss (one batch): 0.32328
Val - Loss, MSE, RMSE, MAE, MAPE: 0.70193, 0.70193, 0.83781, 0.35207, -69.79%
Test - Best epoch, Loss, MSE, RMSE, MAE, MAPE: 7, 0.50635, 0.50635, 0.71158, 0.32198, -63.18%
Time spent: 8.10s
- Epoch 010, ExpID 97776
Train - Loss (one batch): 0.27623
Val - Loss, MSE, RMSE, MAE, MAPE: 0.70514, 0.70514, 0.83973, 0.35658, -72.47%
Test - Best epoch, Loss, MSE, RMSE, MAE, MAPE: 7, 0.50635, 0.50635, 0.71158, 0.32198, -63.18%
Time spent: 8.10s
- Epoch 011, ExpID 97776
Train - Loss (one batch): 0.56336
Val - Loss, MSE, RMSE, MAE, MAPE: 0.67593, 0.67593, 0.82215, 0.33730, -61.91%
Test - Best epoch, Loss, MSE, RMSE, MAE, MAPE: 7, 0.50635, 0.50635, 0.71158, 0.32198, -63.18%
Time spent: 8.05s
- Epoch 012, ExpID 97776
Train - Loss (one batch): 0.48898
Val - Loss, MSE, RMSE, MAE, MAPE: 0.66586, 0.66586, 0.81600, 0.33631, -57.70%
Test - Best epoch, Loss, MSE, RMSE, MAE, MAPE: 12, 0.50208, 0.50208, 0.70858, 0.31457, -56.15%
Time spent: 9.60s
- Epoch 013, ExpID 97776
Train - Loss (one batch): 0.40650
Val - Loss, MSE, RMSE, MAE, MAPE: 0.69427, 0.69427, 0.83323, 0.32887, -55.82%
Test - Best epoch, Loss, MSE, RMSE, MAE, MAPE: 12, 0.50208, 0.50208, 0.70858, 0.31457, -56.15%
Time spent: 8.11s
- Epoch 014, ExpID 97776
Train - Loss (one batch): 0.47272
Val - Loss, MSE, RMSE, MAE, MAPE: 0.67861, 0.67861, 0.82378, 0.34571, -65.44%
Test - Best epoch, Loss, MSE, RMSE, MAE, MAPE: 12, 0.50208, 0.50208, 0.70858, 0.31457, -56.15%
Time spent: 8.11s
- Epoch 015, ExpID 97776
Train - Loss (one batch): 0.42750
Val - Loss, MSE, RMSE, MAE, MAPE: 0.67305, 0.67305, 0.82039, 0.33153, -59.80%
Test - Best epoch, Loss, MSE, RMSE, MAE, MAPE: 12, 0.50208, 0.50208, 0.70858, 0.31457, -56.15%
Time spent: 8.10s
- Epoch 016, ExpID 97776
Train - Loss (one batch): 0.51738
Val - Loss, MSE, RMSE, MAE, MAPE: 0.73478, 0.73478, 0.85719, 0.33934, -61.42%
Test - Best epoch, Loss, MSE, RMSE, MAE, MAPE: 12, 0.50208, 0.50208, 0.70858, 0.31457, -56.15%
Time spent: 8.11s
- Epoch 017, ExpID 97776
Train - Loss (one batch): 0.31753
Val - Loss, MSE, RMSE, MAE, MAPE: 0.68402, 0.68402, 0.82706, 0.33069, -56.55%
Test - Best epoch, Loss, MSE, RMSE, MAE, MAPE: 12, 0.50208, 0.50208, 0.70858, 0.31457, -56.15%
Time spent: 8.10s
- Epoch 018, ExpID 97776
Train - Loss (one batch): 0.26833
Val - Loss, MSE, RMSE, MAE, MAPE: 0.69195, 0.69195, 0.83184, 0.32864, -56.39%
Test - Best epoch, Loss, MSE, RMSE, MAE, MAPE: 12, 0.50208, 0.50208, 0.70858, 0.31457, -56.15%
Time spent: 8.11s
- Epoch 019, ExpID 97776
Train - Loss (one batch): 0.48693
Val - Loss, MSE, RMSE, MAE, MAPE: 0.67832, 0.67832, 0.82360, 0.33896, -61.84%
Test - Best epoch, Loss, MSE, RMSE, MAE, MAPE: 12, 0.50208, 0.50208, 0.70858, 0.31457, -56.15%
Time spent: 8.11s
- Epoch 020, ExpID 97776
Train - Loss (one batch): 0.40595
Val - Loss, MSE, RMSE, MAE, MAPE: 0.67834, 0.67834, 0.82362, 0.33442, -56.48%
Test - Best epoch, Loss, MSE, RMSE, MAE, MAPE: 12, 0.50208, 0.50208, 0.70858, 0.31457, -56.15%
Time spent: 8.11s
- Epoch 021, ExpID 97776
Train - Loss (one batch): 0.25705
Val - Loss, MSE, RMSE, MAE, MAPE: 0.66530, 0.66530, 0.81566, 0.32295, -52.97%
Test - Best epoch, Loss, MSE, RMSE, MAE, MAPE: 21, 0.49843, 0.49843, 0.70599, 0.29982, -50.35%
Time spent: 9.56s
- Epoch 022, ExpID 97776
Train - Loss (one batch): 0.44689
Val - Loss, MSE, RMSE, MAE, MAPE: 0.69312, 0.69312, 0.83254, 0.32519, -55.14%
Test - Best epoch, Loss, MSE, RMSE, MAE, MAPE: 21, 0.49843, 0.49843, 0.70599, 0.29982, -50.35%
Time spent: 8.07s
- Epoch 023, ExpID 97776
Train - Loss (one batch): 0.96174
Val - Loss, MSE, RMSE, MAE, MAPE: 0.66500, 0.66500, 0.81547, 0.33382, -59.58%
Test - Best epoch, Loss, MSE, RMSE, MAE, MAPE: 23, 0.49721, 0.49721, 0.70513, 0.31161, -57.86%
Time spent: 9.55s
- Epoch 024, ExpID 97776
Train - Loss (one batch): 0.52142
Val - Loss, MSE, RMSE, MAE, MAPE: 0.66310, 0.66310, 0.81431, 0.32481, -54.52%
Test - Best epoch, Loss, MSE, RMSE, MAE, MAPE: 24, 0.49552, 0.49552, 0.70393, 0.30178, -52.09%
Time spent: 9.54s
- Epoch 025, ExpID 97776
Train - Loss (one batch): 0.43401
Val - Loss, MSE, RMSE, MAE, MAPE: 0.64740, 0.64740, 0.80461, 0.33013, -60.12%
Test - Best epoch, Loss, MSE, RMSE, MAE, MAPE: 25, 0.50201, 0.50201, 0.70853, 0.30906, -58.80%
Time spent: 9.56s
- Epoch 026, ExpID 97776
Train - Loss (one batch): 0.37062
Val - Loss, MSE, RMSE, MAE, MAPE: 0.66152, 0.66152, 0.81334, 0.32680, -57.89%
Test - Best epoch, Loss, MSE, RMSE, MAE, MAPE: 25, 0.50201, 0.50201, 0.70853, 0.30906, -58.80%
Time spent: 8.06s
- Epoch 027, ExpID 97776
Train - Loss (one batch): 0.66461
Val - Loss, MSE, RMSE, MAE, MAPE: 0.66798, 0.66798, 0.81730, 0.32995, -55.97%
Test - Best epoch, Loss, MSE, RMSE, MAE, MAPE: 25, 0.50201, 0.50201, 0.70853, 0.30906, -58.80%
Time spent: 8.06s
- Epoch 028, ExpID 97776
Train - Loss (one batch): 0.44944
Val - Loss, MSE, RMSE, MAE, MAPE: 0.69949, 0.69949, 0.83636, 0.33847, -64.37%
Test - Best epoch, Loss, MSE, RMSE, MAE, MAPE: 25, 0.50201, 0.50201, 0.70853, 0.30906, -58.80%
Time spent: 8.05s
- Epoch 029, ExpID 97776
Train - Loss (one batch): 0.42584
Val - Loss, MSE, RMSE, MAE, MAPE: 0.67007, 0.67007, 0.81858, 0.31983, -49.12%
Test - Best epoch, Loss, MSE, RMSE, MAE, MAPE: 25, 0.50201, 0.50201, 0.70853, 0.30906, -58.80%
Time spent: 8.06s
- Epoch 030, ExpID 97776
Train - Loss (one batch): 0.34131
Val - Loss, MSE, RMSE, MAE, MAPE: 0.69542, 0.69542, 0.83392, 0.33221, -59.45%
Test - Best epoch, Loss, MSE, RMSE, MAE, MAPE: 25, 0.50201, 0.50201, 0.70853, 0.30906, -58.80%
Time spent: 8.07s
- Epoch 031, ExpID 97776
Train - Loss (one batch): 0.31847
Val - Loss, MSE, RMSE, MAE, MAPE: 0.65092, 0.65092, 0.80680, 0.32734, -53.81%
Test - Best epoch, Loss, MSE, RMSE, MAE, MAPE: 25, 0.50201, 0.50201, 0.70853, 0.30906, -58.80%
Time spent: 8.06s
- Epoch 032, ExpID 97776
Train - Loss (one batch): 0.59441
Val - Loss, MSE, RMSE, MAE, MAPE: 0.68769, 0.68769, 0.82927, 0.35761, -77.07%
Test - Best epoch, Loss, MSE, RMSE, MAE, MAPE: 25, 0.50201, 0.50201, 0.70853, 0.30906, -58.80%
Time spent: 8.07s
- Epoch 033, ExpID 97776
Train - Loss (one batch): 0.47722
Val - Loss, MSE, RMSE, MAE, MAPE: 0.66859, 0.66859, 0.81767, 0.33058, -60.31%
Test - Best epoch, Loss, MSE, RMSE, MAE, MAPE: 25, 0.50201, 0.50201, 0.70853, 0.30906, -58.80%
Time spent: 8.06s
- Epoch 034, ExpID 97776
Train - Loss (one batch): 0.49956
Val - Loss, MSE, RMSE, MAE, MAPE: 0.67798, 0.67798, 0.82340, 0.33305, -58.23%
Test - Best epoch, Loss, MSE, RMSE, MAE, MAPE: 25, 0.50201, 0.50201, 0.70853, 0.30906, -58.80%
Time spent: 8.06s
- Epoch 035, ExpID 97776
Train - Loss (one batch): 0.37103
Val - Loss, MSE, RMSE, MAE, MAPE: 0.67230, 0.67230, 0.81994, 0.33412, -60.25%
Test - Best epoch, Loss, MSE, RMSE, MAE, MAPE: 25, 0.50201, 0.50201, 0.70853, 0.30906, -58.80%
Time spent: 8.09s
- Epoch 036, ExpID 97776
Train - Loss (one batch): 0.46677
Val - Loss, MSE, RMSE, MAE, MAPE: 0.65668, 0.65668, 0.81036, 0.32751, -57.04%
Test - Best epoch, Loss, MSE, RMSE, MAE, MAPE: 25, 0.50201, 0.50201, 0.70853, 0.30906, -58.80%
Time spent: 8.14s
- Epoch 037, ExpID 97776
Train - Loss (one batch): 0.36454
Val - Loss, MSE, RMSE, MAE, MAPE: 0.66991, 0.66991, 0.81848, 0.32028, -48.24%
Test - Best epoch, Loss, MSE, RMSE, MAE, MAPE: 25, 0.50201, 0.50201, 0.70853, 0.30906, -58.80%
Time spent: 8.08s
- Epoch 038, ExpID 97776
Train - Loss (one batch): 0.36671
Val - Loss, MSE, RMSE, MAE, MAPE: 0.72412, 0.72412, 0.85095, 0.32687, -53.91%
Test - Best epoch, Loss, MSE, RMSE, MAE, MAPE: 25, 0.50201, 0.50201, 0.70853, 0.30906, -58.80%
Time spent: 8.04s
- Epoch 039, ExpID 97776
Train - Loss (one batch): 0.37249
Val - Loss, MSE, RMSE, MAE, MAPE: 0.67759, 0.67759, 0.82316, 0.31078, -40.10%
Test - Best epoch, Loss, MSE, RMSE, MAE, MAPE: 25, 0.50201, 0.50201, 0.70853, 0.30906, -58.80%
Time spent: 8.05s
- Epoch 040, ExpID 97776
Train - Loss (one batch): 0.21881
Val - Loss, MSE, RMSE, MAE, MAPE: 0.66269, 0.66269, 0.81406, 0.31686, -47.37%
Test - Best epoch, Loss, MSE, RMSE, MAE, MAPE: 25, 0.50201, 0.50201, 0.70853, 0.30906, -58.80%
Time spent: 8.05s
- Epoch 041, ExpID 97776
Train - Loss (one batch): 0.32779
Val - Loss, MSE, RMSE, MAE, MAPE: 0.70536, 0.70536, 0.83986, 0.33532, -62.68%
Test - Best epoch, Loss, MSE, RMSE, MAE, MAPE: 25, 0.50201, 0.50201, 0.70853, 0.30906, -58.80%
Time spent: 8.04s
- Epoch 042, ExpID 97776
Train - Loss (one batch): 0.51181
Val - Loss, MSE, RMSE, MAE, MAPE: 0.67690, 0.67690, 0.82274, 0.32542, -55.76%
Test - Best epoch, Loss, MSE, RMSE, MAE, MAPE: 25, 0.50201, 0.50201, 0.70853, 0.30906, -58.80%
Time spent: 8.05s
- Epoch 043, ExpID 97776
Train - Loss (one batch): 0.31117
Val - Loss, MSE, RMSE, MAE, MAPE: 0.69009, 0.69009, 0.83072, 0.32214, -55.10%
Test - Best epoch, Loss, MSE, RMSE, MAE, MAPE: 25, 0.50201, 0.50201, 0.70853, 0.30906, -58.80%
Time spent: 8.05s
- Epoch 044, ExpID 97776
Train - Loss (one batch): 0.37521
Val - Loss, MSE, RMSE, MAE, MAPE: 0.68138, 0.68138, 0.82546, 0.32272, -52.13%
Test - Best epoch, Loss, MSE, RMSE, MAE, MAPE: 25, 0.50201, 0.50201, 0.70853, 0.30906, -58.80%
Time spent: 8.06s
- Epoch 045, ExpID 97776
Train - Loss (one batch): 0.45277
Val - Loss, MSE, RMSE, MAE, MAPE: 0.68612, 0.68612, 0.82833, 0.31804, -49.10%
Test - Best epoch, Loss, MSE, RMSE, MAE, MAPE: 25, 0.50201, 0.50201, 0.70853, 0.30906, -58.80%
Time spent: 8.05s
/home/ouass/Test/MSP-IMTS/tPatchGNN/run_models.py
2026-03-18 05:11:48
run_models.py --dataset ushcn --state def --history 24 --batch_size 192 --lr 1e-3 --patience 20 --epoch 400 --nhead 1 --tf_layer 1 --nlayer 1 --te_dim 10 --node_dim 10 --hid_dim 32 --outlayer Linear --seed 3 --gpu 0 --multi_scales 2,4,8 --multi_strides 2,4,8 --metric per_dim --fusion concat
Namespace(multi_scales='2,4,8', multi_strides='2,4,8', fusion='concat', state='def', n=100000000, hop=1, nhead=1, tf_layer=1, nlayer=1, epoch=400, patience=20, history=24, patch_size=24, stride=24, logmode='a', lr=0.001, w_decay=0.0, batch_size=192, save='experiments/', load=None, seed=3, dataset='ushcn', quantization=0.0, model='tPatchGNN', outlayer='Linear', hid_dim=32, te_dim=10, node_dim=10, gpu='0', metric='per_dim', npatch=1, device=device(type='cuda'), PID=3812627, n_months=48, pred_window=1, ndim=5)
- Epoch 000, ExpID 82826
Train - Loss (one batch): 0.48659
Val - Loss, MSE, RMSE, MAE, MAPE: 0.81369, 0.81369, 0.90205, 0.36324, -73.19%
Test - Best epoch, Loss, MSE, RMSE, MAE, MAPE: 0, 0.52194, 0.52194, 0.72245, 0.33755, -69.85%
Time spent: 9.66s
- Epoch 001, ExpID 82826
Train - Loss (one batch): 0.72965
Val - Loss, MSE, RMSE, MAE, MAPE: 0.76130, 0.76130, 0.87253, 0.34462, -62.78%
Test - Best epoch, Loss, MSE, RMSE, MAE, MAPE: 1, 0.51906, 0.51906, 0.72046, 0.31989, -58.61%
Time spent: 9.57s
- Epoch 002, ExpID 82826
Train - Loss (one batch): 0.62870
Val - Loss, MSE, RMSE, MAE, MAPE: 0.75408, 0.75408, 0.86838, 0.37742, -82.04%
Test - Best epoch, Loss, MSE, RMSE, MAE, MAPE: 2, 0.52145, 0.52145, 0.72212, 0.35441, -79.88%
Time spent: 9.58s
- Epoch 003, ExpID 82826
Train - Loss (one batch): 0.61731
Val - Loss, MSE, RMSE, MAE, MAPE: 0.77569, 0.77569, 0.88073, 0.33919, -52.79%
Test - Best epoch, Loss, MSE, RMSE, MAE, MAPE: 2, 0.52145, 0.52145, 0.72212, 0.35441, -79.88%
Time spent: 8.10s
- Epoch 004, ExpID 82826
Train - Loss (one batch): 0.71767
Val - Loss, MSE, RMSE, MAE, MAPE: 0.73429, 0.73429, 0.85691, 0.34707, -64.23%
Test - Best epoch, Loss, MSE, RMSE, MAE, MAPE: 4, 0.50947, 0.50947, 0.71377, 0.32361, -61.40%
Time spent: 9.59s
- Epoch 005, ExpID 82826
Train - Loss (one batch): 0.25982
Val - Loss, MSE, RMSE, MAE, MAPE: 0.75411, 0.75411, 0.86839, 0.34423, -63.67%
Test - Best epoch, Loss, MSE, RMSE, MAE, MAPE: 4, 0.50947, 0.50947, 0.71377, 0.32361, -61.40%
Time spent: 8.09s
- Epoch 006, ExpID 82826
Train - Loss (one batch): 0.61677
Val - Loss, MSE, RMSE, MAE, MAPE: 0.76318, 0.76318, 0.87360, 0.34420, -60.92%
Test - Best epoch, Loss, MSE, RMSE, MAE, MAPE: 4, 0.50947, 0.50947, 0.71377, 0.32361, -61.40%
Time spent: 8.09s
- Epoch 007, ExpID 82826
Train - Loss (one batch): 0.59388
Val - Loss, MSE, RMSE, MAE, MAPE: 0.71177, 0.71177, 0.84367, 0.34449, -64.88%
Test - Best epoch, Loss, MSE, RMSE, MAE, MAPE: 7, 0.51509, 0.51509, 0.71769, 0.32278, -62.24%
Time spent: 9.58s
- Epoch 008, ExpID 82826
Train - Loss (one batch): 0.64568
Val - Loss, MSE, RMSE, MAE, MAPE: 0.73777, 0.73777, 0.85893, 0.35462, -72.33%
Test - Best epoch, Loss, MSE, RMSE, MAE, MAPE: 7, 0.51509, 0.51509, 0.71769, 0.32278, -62.24%
Time spent: 8.10s
- Epoch 009, ExpID 82826
Train - Loss (one batch): 0.60032
Val - Loss, MSE, RMSE, MAE, MAPE: 0.69055, 0.69055, 0.83100, 0.34035, -62.24%
Test - Best epoch, Loss, MSE, RMSE, MAE, MAPE: 9, 0.50588, 0.50588, 0.71125, 0.31883, -59.43%
Time spent: 9.59s
- Epoch 010, ExpID 82826
Train - Loss (one batch): 0.35101
Val - Loss, MSE, RMSE, MAE, MAPE: 0.71768, 0.71768, 0.84716, 0.33490, -57.42%
Test - Best epoch, Loss, MSE, RMSE, MAE, MAPE: 9, 0.50588, 0.50588, 0.71125, 0.31883, -59.43%
Time spent: 8.11s
- Epoch 011, ExpID 82826
Train - Loss (one batch): 0.42200
Val - Loss, MSE, RMSE, MAE, MAPE: 0.73195, 0.73195, 0.85554, 0.34680, -64.27%
Test - Best epoch, Loss, MSE, RMSE, MAE, MAPE: 9, 0.50588, 0.50588, 0.71125, 0.31883, -59.43%
Time spent: 8.04s
- Epoch 012, ExpID 82826
Train - Loss (one batch): 0.68387
Val - Loss, MSE, RMSE, MAE, MAPE: 0.70568, 0.70568, 0.84005, 0.32825, -53.65%
Test - Best epoch, Loss, MSE, RMSE, MAE, MAPE: 9, 0.50588, 0.50588, 0.71125, 0.31883, -59.43%
Time spent: 8.01s
- Epoch 013, ExpID 82826
Train - Loss (one batch): 0.42754
Val - Loss, MSE, RMSE, MAE, MAPE: 0.71599, 0.71599, 0.84616, 0.34010, -61.76%
Test - Best epoch, Loss, MSE, RMSE, MAE, MAPE: 9, 0.50588, 0.50588, 0.71125, 0.31883, -59.43%
Time spent: 8.01s
- Epoch 014, ExpID 82826
Train - Loss (one batch): 0.55908
Val - Loss, MSE, RMSE, MAE, MAPE: 0.70460, 0.70460, 0.83940, 0.35103, -70.98%
Test - Best epoch, Loss, MSE, RMSE, MAE, MAPE: 9, 0.50588, 0.50588, 0.71125, 0.31883, -59.43%
Time spent: 8.02s
- Epoch 015, ExpID 82826
Train - Loss (one batch): 0.49168
Val - Loss, MSE, RMSE, MAE, MAPE: 0.72696, 0.72696, 0.85262, 0.35453, -71.14%
Test - Best epoch, Loss, MSE, RMSE, MAE, MAPE: 9, 0.50588, 0.50588, 0.71125, 0.31883, -59.43%
Time spent: 8.02s
- Epoch 016, ExpID 82826
Train - Loss (one batch): 0.39815
Val - Loss, MSE, RMSE, MAE, MAPE: 0.72313, 0.72313, 0.85037, 0.33105, -54.43%
Test - Best epoch, Loss, MSE, RMSE, MAE, MAPE: 9, 0.50588, 0.50588, 0.71125, 0.31883, -59.43%
Time spent: 8.02s
- Epoch 017, ExpID 82826
Train - Loss (one batch): 0.56725
Val - Loss, MSE, RMSE, MAE, MAPE: 0.72109, 0.72109, 0.84917, 0.34626, -66.24%
Test - Best epoch, Loss, MSE, RMSE, MAE, MAPE: 9, 0.50588, 0.50588, 0.71125, 0.31883, -59.43%
Time spent: 8.01s
- Epoch 018, ExpID 82826
Train - Loss (one batch): 1.34050
Val - Loss, MSE, RMSE, MAE, MAPE: 0.66294, 0.66294, 0.81421, 0.33441, -60.44%
Test - Best epoch, Loss, MSE, RMSE, MAE, MAPE: 18, 0.49968, 0.49968, 0.70688, 0.31272, -58.05%
Time spent: 9.50s
- Epoch 019, ExpID 82826
Train - Loss (one batch): 0.35197
Val - Loss, MSE, RMSE, MAE, MAPE: 0.68582, 0.68582, 0.82814, 0.33521, -62.34%
Test - Best epoch, Loss, MSE, RMSE, MAE, MAPE: 18, 0.49968, 0.49968, 0.70688, 0.31272, -58.05%
Time spent: 8.01s
- Epoch 020, ExpID 82826
Train - Loss (one batch): 0.30488
Val - Loss, MSE, RMSE, MAE, MAPE: 0.72309, 0.72309, 0.85035, 0.33707, -61.63%
Test - Best epoch, Loss, MSE, RMSE, MAE, MAPE: 18, 0.49968, 0.49968, 0.70688, 0.31272, -58.05%
Time spent: 8.02s
- Epoch 021, ExpID 82826
Train - Loss (one batch): 0.36330
Val - Loss, MSE, RMSE, MAE, MAPE: 0.69825, 0.69825, 0.83562, 0.33743, -62.10%
Test - Best epoch, Loss, MSE, RMSE, MAE, MAPE: 18, 0.49968, 0.49968, 0.70688, 0.31272, -58.05%
Time spent: 8.02s
- Epoch 022, ExpID 82826
Train - Loss (one batch): 0.54690
Val - Loss, MSE, RMSE, MAE, MAPE: 0.74123, 0.74123, 0.86095, 0.34490, -62.53%
Test - Best epoch, Loss, MSE, RMSE, MAE, MAPE: 18, 0.49968, 0.49968, 0.70688, 0.31272, -58.05%
Time spent: 8.02s
- Epoch 023, ExpID 82826
Train - Loss (one batch): 0.45332
Val - Loss, MSE, RMSE, MAE, MAPE: 0.70180, 0.70180, 0.83773, 0.34630, -67.76%
Test - Best epoch, Loss, MSE, RMSE, MAE, MAPE: 18, 0.49968, 0.49968, 0.70688, 0.31272, -58.05%
Time spent: 8.02s
- Epoch 024, ExpID 82826
Train - Loss (one batch): 0.70537
Val - Loss, MSE, RMSE, MAE, MAPE: 0.70541, 0.70541, 0.83989, 0.33299, -60.94%
Test - Best epoch, Loss, MSE, RMSE, MAE, MAPE: 18, 0.49968, 0.49968, 0.70688, 0.31272, -58.05%
Time spent: 8.01s
- Epoch 025, ExpID 82826
Train - Loss (one batch): 0.73253
Val - Loss, MSE, RMSE, MAE, MAPE: 0.68691, 0.68691, 0.82880, 0.32968, -56.78%
Test - Best epoch, Loss, MSE, RMSE, MAE, MAPE: 18, 0.49968, 0.49968, 0.70688, 0.31272, -58.05%
Time spent: 8.02s
- Epoch 026, ExpID 82826
Train - Loss (one batch): 0.38309
Val - Loss, MSE, RMSE, MAE, MAPE: 0.69462, 0.69462, 0.83344, 0.32895, -56.86%
Test - Best epoch, Loss, MSE, RMSE, MAE, MAPE: 18, 0.49968, 0.49968, 0.70688, 0.31272, -58.05%
Time spent: 8.01s
- Epoch 027, ExpID 82826
Train - Loss (one batch): 0.50397
Val - Loss, MSE, RMSE, MAE, MAPE: 0.66735, 0.66735, 0.81691, 0.33577, -62.82%
Test - Best epoch, Loss, MSE, RMSE, MAE, MAPE: 18, 0.49968, 0.49968, 0.70688, 0.31272, -58.05%
Time spent: 8.02s
- Epoch 028, ExpID 82826
Train - Loss (one batch): 0.55546
Val - Loss, MSE, RMSE, MAE, MAPE: 0.66728, 0.66728, 0.81687, 0.32940, -57.64%
Test - Best epoch, Loss, MSE, RMSE, MAE, MAPE: 18, 0.49968, 0.49968, 0.70688, 0.31272, -58.05%
Time spent: 8.01s
- Epoch 029, ExpID 82826
Train - Loss (one batch): 0.42696
Val - Loss, MSE, RMSE, MAE, MAPE: 0.65609, 0.65609, 0.80999, 0.33584, -61.98%
Test - Best epoch, Loss, MSE, RMSE, MAE, MAPE: 29, 0.50010, 0.50010, 0.70718, 0.31296, -59.21%
Time spent: 9.50s
- Epoch 030, ExpID 82826
Train - Loss (one batch): 0.45385
Val - Loss, MSE, RMSE, MAE, MAPE: 0.68948, 0.68948, 0.83035, 0.32517, -54.38%
Test - Best epoch, Loss, MSE, RMSE, MAE, MAPE: 29, 0.50010, 0.50010, 0.70718, 0.31296, -59.21%
Time spent: 8.02s
- Epoch 031, ExpID 82826
Train - Loss (one batch): 0.35755
Val - Loss, MSE, RMSE, MAE, MAPE: 0.66749, 0.66749, 0.81700, 0.33006, -55.72%
Test - Best epoch, Loss, MSE, RMSE, MAE, MAPE: 29, 0.50010, 0.50010, 0.70718, 0.31296, -59.21%
Time spent: 8.02s
- Epoch 032, ExpID 82826
Train - Loss (one batch): 0.47045
Val - Loss, MSE, RMSE, MAE, MAPE: 0.71237, 0.71237, 0.84402, 0.34521, -70.10%
Test - Best epoch, Loss, MSE, RMSE, MAE, MAPE: 29, 0.50010, 0.50010, 0.70718, 0.31296, -59.21%
Time spent: 8.02s
- Epoch 033, ExpID 82826
Train - Loss (one batch): 0.37586
Val - Loss, MSE, RMSE, MAE, MAPE: 0.68697, 0.68697, 0.82884, 0.33724, -63.99%
Test - Best epoch, Loss, MSE, RMSE, MAE, MAPE: 29, 0.50010, 0.50010, 0.70718, 0.31296, -59.21%
Time spent: 8.02s
- Epoch 034, ExpID 82826
Train - Loss (one batch): 0.47692
Val - Loss, MSE, RMSE, MAE, MAPE: 0.73140, 0.73140, 0.85522, 0.33743, -64.60%
Test - Best epoch, Loss, MSE, RMSE, MAE, MAPE: 29, 0.50010, 0.50010, 0.70718, 0.31296, -59.21%
Time spent: 8.03s
- Epoch 035, ExpID 82826
Train - Loss (one batch): 0.40354
Val - Loss, MSE, RMSE, MAE, MAPE: 0.72692, 0.72692, 0.85260, 0.33786, -63.40%
Test - Best epoch, Loss, MSE, RMSE, MAE, MAPE: 29, 0.50010, 0.50010, 0.70718, 0.31296, -59.21%
Time spent: 8.04s
- Epoch 036, ExpID 82826
Train - Loss (one batch): 1.30294
Val - Loss, MSE, RMSE, MAE, MAPE: 0.69212, 0.69212, 0.83194, 0.35484, -75.42%
Test - Best epoch, Loss, MSE, RMSE, MAE, MAPE: 29, 0.50010, 0.50010, 0.70718, 0.31296, -59.21%
Time spent: 8.03s
- Epoch 037, ExpID 82826
Train - Loss (one batch): 0.43632
Val - Loss, MSE, RMSE, MAE, MAPE: 0.74781, 0.74781, 0.86476, 0.32689, -54.21%
Test - Best epoch, Loss, MSE, RMSE, MAE, MAPE: 29, 0.50010, 0.50010, 0.70718, 0.31296, -59.21%
Time spent: 8.04s
- Epoch 038, ExpID 82826
Train - Loss (one batch): 0.70417
Val - Loss, MSE, RMSE, MAE, MAPE: 0.71245, 0.71245, 0.84407, 0.32973, -55.20%
Test - Best epoch, Loss, MSE, RMSE, MAE, MAPE: 29, 0.50010, 0.50010, 0.70718, 0.31296, -59.21%
Time spent: 8.03s
- Epoch 039, ExpID 82826
Train - Loss (one batch): 0.56453
Val - Loss, MSE, RMSE, MAE, MAPE: 0.77323, 0.77323, 0.87934, 0.33090, -57.00%
Test - Best epoch, Loss, MSE, RMSE, MAE, MAPE: 29, 0.50010, 0.50010, 0.70718, 0.31296, -59.21%
Time spent: 8.04s
- Epoch 040, ExpID 82826
Train - Loss (one batch): 0.45912
Val - Loss, MSE, RMSE, MAE, MAPE: 0.71735, 0.71735, 0.84696, 0.33358, -61.32%
Test - Best epoch, Loss, MSE, RMSE, MAE, MAPE: 29, 0.50010, 0.50010, 0.70718, 0.31296, -59.21%
Time spent: 8.03s
- Epoch 041, ExpID 82826
Train - Loss (one batch): 0.39688
Val - Loss, MSE, RMSE, MAE, MAPE: 0.73247, 0.73247, 0.85585, 0.33760, -62.95%
Test - Best epoch, Loss, MSE, RMSE, MAE, MAPE: 29, 0.50010, 0.50010, 0.70718, 0.31296, -59.21%
Time spent: 8.04s
- Epoch 042, ExpID 82826
Train - Loss (one batch): 0.27119
Val - Loss, MSE, RMSE, MAE, MAPE: 0.74043, 0.74043, 0.86048, 0.33404, -59.54%
Test - Best epoch, Loss, MSE, RMSE, MAE, MAPE: 29, 0.50010, 0.50010, 0.70718, 0.31296, -59.21%
Time spent: 8.02s
- Epoch 043, ExpID 82826
Train - Loss (one batch): 0.43365
Val - Loss, MSE, RMSE, MAE, MAPE: 0.74721, 0.74721, 0.86441, 0.32099, -51.88%
Test - Best epoch, Loss, MSE, RMSE, MAE, MAPE: 29, 0.50010, 0.50010, 0.70718, 0.31296, -59.21%
Time spent: 8.03s
- Epoch 044, ExpID 82826
Train - Loss (one batch): 0.32555
Val - Loss, MSE, RMSE, MAE, MAPE: 0.75913, 0.75913, 0.87128, 0.32918, -57.58%
Test - Best epoch, Loss, MSE, RMSE, MAE, MAPE: 29, 0.50010, 0.50010, 0.70718, 0.31296, -59.21%
Time spent: 8.02s
- Epoch 045, ExpID 82826
Train - Loss (one batch): 0.53839
Val - Loss, MSE, RMSE, MAE, MAPE: 0.74052, 0.74052, 0.86054, 0.32778, -56.46%
Test - Best epoch, Loss, MSE, RMSE, MAE, MAPE: 29, 0.50010, 0.50010, 0.70718, 0.31296, -59.21%
Time spent: 8.04s
- Epoch 046, ExpID 82826
Train - Loss (one batch): 0.28004
Val - Loss, MSE, RMSE, MAE, MAPE: 0.72658, 0.72658, 0.85240, 0.33318, -62.63%
Test - Best epoch, Loss, MSE, RMSE, MAE, MAPE: 29, 0.50010, 0.50010, 0.70718, 0.31296, -59.21%
Time spent: 8.03s
- Epoch 047, ExpID 82826
Train - Loss (one batch): 0.72601
Val - Loss, MSE, RMSE, MAE, MAPE: 0.74575, 0.74575, 0.86357, 0.32172, -47.81%
Test - Best epoch, Loss, MSE, RMSE, MAE, MAPE: 29, 0.50010, 0.50010, 0.70718, 0.31296, -59.21%
Time spent: 8.03s
- Epoch 048, ExpID 82826
Train - Loss (one batch): 0.41979
Val - Loss, MSE, RMSE, MAE, MAPE: 0.71954, 0.71954, 0.84826, 0.32458, -56.17%
Test - Best epoch, Loss, MSE, RMSE, MAE, MAPE: 29, 0.50010, 0.50010, 0.70718, 0.31296, -59.21%
Time spent: 8.03s
- Epoch 049, ExpID 82826
Train - Loss (one batch): 0.66658
Val - Loss, MSE, RMSE, MAE, MAPE: 0.75118, 0.75118, 0.86670, 0.34044, -65.11%
Test - Best epoch, Loss, MSE, RMSE, MAE, MAPE: 29, 0.50010, 0.50010, 0.70718, 0.31296, -59.21%
Time spent: 8.04s
/home/ouass/Test/MSP-IMTS/tPatchGNN/run_models.py
2026-03-18 05:19:33
run_models.py --dataset ushcn --state def --history 24 --batch_size 192 --lr 1e-3 --patience 20 --epoch 400 --nhead 1 --tf_layer 1 --nlayer 1 --te_dim 10 --node_dim 10 --hid_dim 32 --outlayer Linear --seed 4 --gpu 0 --multi_scales 2,4,8 --multi_strides 2,4,8 --metric per_dim --fusion concat
Namespace(multi_scales='2,4,8', multi_strides='2,4,8', fusion='concat', state='def', n=100000000, hop=1, nhead=1, tf_layer=1, nlayer=1, epoch=400, patience=20, history=24, patch_size=24, stride=24, logmode='a', lr=0.001, w_decay=0.0, batch_size=192, save='experiments/', load=None, seed=4, dataset='ushcn', quantization=0.0, model='tPatchGNN', outlayer='Linear', hid_dim=32, te_dim=10, node_dim=10, gpu='0', metric='per_dim', npatch=1, device=device(type='cuda'), PID=3826420, n_months=48, pred_window=1, ndim=5)
- Epoch 000, ExpID 42105
Train - Loss (one batch): 0.99279
Val - Loss, MSE, RMSE, MAE, MAPE: 0.84213, 0.84213, 0.91767, 0.35176, -61.01%
Test - Best epoch, Loss, MSE, RMSE, MAE, MAPE: 0, 0.52452, 0.52452, 0.72423, 0.32400, -57.74%
Time spent: 9.57s
- Epoch 001, ExpID 42105
Train - Loss (one batch): 0.28686
Val - Loss, MSE, RMSE, MAE, MAPE: 0.78930, 0.78930, 0.88843, 0.33400, -54.99%
Test - Best epoch, Loss, MSE, RMSE, MAE, MAPE: 1, 0.51851, 0.51851, 0.72008, 0.30726, -51.01%
Time spent: 9.50s
- Epoch 002, ExpID 42105
Train - Loss (one batch): 0.35725
Val - Loss, MSE, RMSE, MAE, MAPE: 0.78487, 0.78487, 0.88593, 0.34382, -55.26%
Test - Best epoch, Loss, MSE, RMSE, MAE, MAPE: 2, 0.52839, 0.52839, 0.72690, 0.32035, -53.33%
Time spent: 9.50s
- Epoch 003, ExpID 42105
Train - Loss (one batch): 0.33124
Val - Loss, MSE, RMSE, MAE, MAPE: 0.74293, 0.74293, 0.86194, 0.32669, -44.68%
Test - Best epoch, Loss, MSE, RMSE, MAE, MAPE: 3, 0.51560, 0.51560, 0.71805, 0.30322, -42.59%
Time spent: 9.51s
- Epoch 004, ExpID 42105
Train - Loss (one batch): 0.26685
Val - Loss, MSE, RMSE, MAE, MAPE: 0.77102, 0.77102, 0.87808, 0.35769, -69.89%
Test - Best epoch, Loss, MSE, RMSE, MAE, MAPE: 3, 0.51560, 0.51560, 0.71805, 0.30322, -42.59%
Time spent: 8.03s
- Epoch 005, ExpID 42105
Train - Loss (one batch): 0.56144
Val - Loss, MSE, RMSE, MAE, MAPE: 0.75439, 0.75439, 0.86856, 0.34426, -59.24%
Test - Best epoch, Loss, MSE, RMSE, MAE, MAPE: 3, 0.51560, 0.51560, 0.71805, 0.30322, -42.59%
Time spent: 8.02s
- Epoch 006, ExpID 42105
Train - Loss (one batch): 0.46753
Val - Loss, MSE, RMSE, MAE, MAPE: 0.74250, 0.74250, 0.86169, 0.33383, -53.33%
Test - Best epoch, Loss, MSE, RMSE, MAE, MAPE: 6, 0.50997, 0.50997, 0.71412, 0.31098, -51.43%
Time spent: 9.50s
- Epoch 007, ExpID 42105
Train - Loss (one batch): 0.45493
Val - Loss, MSE, RMSE, MAE, MAPE: 0.72363, 0.72363, 0.85067, 0.34224, -58.74%
Test - Best epoch, Loss, MSE, RMSE, MAE, MAPE: 7, 0.50663, 0.50663, 0.71178, 0.31811, -56.87%
Time spent: 9.49s
- Epoch 008, ExpID 42105
Train - Loss (one batch): 0.37295
Val - Loss, MSE, RMSE, MAE, MAPE: 0.70425, 0.70425, 0.83919, 0.33469, -53.65%
Test - Best epoch, Loss, MSE, RMSE, MAE, MAPE: 8, 0.50744, 0.50744, 0.71235, 0.31196, -52.37%
Time spent: 9.50s
- Epoch 009, ExpID 42105
Train - Loss (one batch): 0.69263
Val - Loss, MSE, RMSE, MAE, MAPE: 0.69152, 0.69152, 0.83158, 0.34021, -58.80%
Test - Best epoch, Loss, MSE, RMSE, MAE, MAPE: 9, 0.50603, 0.50603, 0.71136, 0.31804, -58.11%
Time spent: 9.49s
- Epoch 010, ExpID 42105
Train - Loss (one batch): 0.40949
Val - Loss, MSE, RMSE, MAE, MAPE: 0.73310, 0.73310, 0.85621, 0.33422, -59.53%
Test - Best epoch, Loss, MSE, RMSE, MAE, MAPE: 9, 0.50603, 0.50603, 0.71136, 0.31804, -58.11%
Time spent: 8.02s
- Epoch 011, ExpID 42105
Train - Loss (one batch): 0.32823
Val - Loss, MSE, RMSE, MAE, MAPE: 0.71251, 0.71251, 0.84410, 0.33382, -54.74%
Test - Best epoch, Loss, MSE, RMSE, MAE, MAPE: 9, 0.50603, 0.50603, 0.71136, 0.31804, -58.11%
Time spent: 8.02s
- Epoch 012, ExpID 42105
Train - Loss (one batch): 0.38869
Val - Loss, MSE, RMSE, MAE, MAPE: 0.71915, 0.71915, 0.84802, 0.33813, -58.39%
Test - Best epoch, Loss, MSE, RMSE, MAE, MAPE: 9, 0.50603, 0.50603, 0.71136, 0.31804, -58.11%
Time spent: 8.03s
- Epoch 013, ExpID 42105
Train - Loss (one batch): 0.40682
Val - Loss, MSE, RMSE, MAE, MAPE: 0.72067, 0.72067, 0.84892, 0.33777, -59.28%
Test - Best epoch, Loss, MSE, RMSE, MAE, MAPE: 9, 0.50603, 0.50603, 0.71136, 0.31804, -58.11%
Time spent: 8.02s
- Epoch 014, ExpID 42105
Train - Loss (one batch): 0.45984
Val - Loss, MSE, RMSE, MAE, MAPE: 0.68539, 0.68539, 0.82788, 0.33801, -60.69%
Test - Best epoch, Loss, MSE, RMSE, MAE, MAPE: 14, 0.50508, 0.50508, 0.71069, 0.31520, -59.02%
Time spent: 9.52s
- Epoch 015, ExpID 42105
Train - Loss (one batch): 0.52853
Val - Loss, MSE, RMSE, MAE, MAPE: 0.70861, 0.70861, 0.84179, 0.33074, -54.68%
Test - Best epoch, Loss, MSE, RMSE, MAE, MAPE: 14, 0.50508, 0.50508, 0.71069, 0.31520, -59.02%
Time spent: 8.04s
- Epoch 016, ExpID 42105
Train - Loss (one batch): 0.67122
Val - Loss, MSE, RMSE, MAE, MAPE: 0.69278, 0.69278, 0.83233, 0.33259, -54.35%
Test - Best epoch, Loss, MSE, RMSE, MAE, MAPE: 14, 0.50508, 0.50508, 0.71069, 0.31520, -59.02%
Time spent: 8.03s
- Epoch 017, ExpID 42105
Train - Loss (one batch): 0.39207
Val - Loss, MSE, RMSE, MAE, MAPE: 0.74309, 0.74309, 0.86203, 0.33970, -58.95%
Test - Best epoch, Loss, MSE, RMSE, MAE, MAPE: 14, 0.50508, 0.50508, 0.71069, 0.31520, -59.02%
Time spent: 8.03s
- Epoch 018, ExpID 42105
Train - Loss (one batch): 0.53122
Val - Loss, MSE, RMSE, MAE, MAPE: 0.70209, 0.70209, 0.83791, 0.32738, -50.64%
Test - Best epoch, Loss, MSE, RMSE, MAE, MAPE: 14, 0.50508, 0.50508, 0.71069, 0.31520, -59.02%
Time spent: 8.04s
- Epoch 019, ExpID 42105
Train - Loss (one batch): 0.65376
Val - Loss, MSE, RMSE, MAE, MAPE: 0.68085, 0.68085, 0.82514, 0.33695, -61.95%
Test - Best epoch, Loss, MSE, RMSE, MAE, MAPE: 19, 0.50678, 0.50678, 0.71188, 0.31380, -59.97%
Time spent: 9.52s
- Epoch 020, ExpID 42105
Train - Loss (one batch): 0.30620
Val - Loss, MSE, RMSE, MAE, MAPE: 0.73418, 0.73418, 0.85684, 0.33599, -53.23%
Test - Best epoch, Loss, MSE, RMSE, MAE, MAPE: 19, 0.50678, 0.50678, 0.71188, 0.31380, -59.97%
Time spent: 8.04s
- Epoch 021, ExpID 42105
Train - Loss (one batch): 0.56929
Val - Loss, MSE, RMSE, MAE, MAPE: 0.73838, 0.73838, 0.85929, 0.34646, -68.04%
Test - Best epoch, Loss, MSE, RMSE, MAE, MAPE: 19, 0.50678, 0.50678, 0.71188, 0.31380, -59.97%
Time spent: 8.04s
- Epoch 022, ExpID 42105
Train - Loss (one batch): 0.37406
Val - Loss, MSE, RMSE, MAE, MAPE: 0.71568, 0.71568, 0.84598, 0.32573, -49.86%
Test - Best epoch, Loss, MSE, RMSE, MAE, MAPE: 19, 0.50678, 0.50678, 0.71188, 0.31380, -59.97%
Time spent: 8.03s
- Epoch 023, ExpID 42105
Train - Loss (one batch): 0.33562
Val - Loss, MSE, RMSE, MAE, MAPE: 0.72129, 0.72129, 0.84929, 0.32777, -55.26%
Test - Best epoch, Loss, MSE, RMSE, MAE, MAPE: 19, 0.50678, 0.50678, 0.71188, 0.31380, -59.97%
Time spent: 8.03s
- Epoch 024, ExpID 42105
Train - Loss (one batch): 0.42632
Val - Loss, MSE, RMSE, MAE, MAPE: 0.70292, 0.70292, 0.83841, 0.32697, -54.03%
Test - Best epoch, Loss, MSE, RMSE, MAE, MAPE: 19, 0.50678, 0.50678, 0.71188, 0.31380, -59.97%
Time spent: 8.03s
- Epoch 025, ExpID 42105
Train - Loss (one batch): 0.20722
Val - Loss, MSE, RMSE, MAE, MAPE: 0.70228, 0.70228, 0.83802, 0.33757, -58.38%
Test - Best epoch, Loss, MSE, RMSE, MAE, MAPE: 19, 0.50678, 0.50678, 0.71188, 0.31380, -59.97%
Time spent: 8.03s
- Epoch 026, ExpID 42105
Train - Loss (one batch): 0.36934
Val - Loss, MSE, RMSE, MAE, MAPE: 0.68898, 0.68898, 0.83005, 0.32947, -56.59%
Test - Best epoch, Loss, MSE, RMSE, MAE, MAPE: 19, 0.50678, 0.50678, 0.71188, 0.31380, -59.97%
Time spent: 8.04s
- Epoch 027, ExpID 42105
Train - Loss (one batch): 0.39989
Val - Loss, MSE, RMSE, MAE, MAPE: 0.68794, 0.68794, 0.82942, 0.33383, -57.72%
Test - Best epoch, Loss, MSE, RMSE, MAE, MAPE: 19, 0.50678, 0.50678, 0.71188, 0.31380, -59.97%
Time spent: 8.03s
- Epoch 028, ExpID 42105
Train - Loss (one batch): 0.30635
Val - Loss, MSE, RMSE, MAE, MAPE: 0.71414, 0.71414, 0.84507, 0.32487, -50.02%
Test - Best epoch, Loss, MSE, RMSE, MAE, MAPE: 19, 0.50678, 0.50678, 0.71188, 0.31380, -59.97%
Time spent: 8.04s
- Epoch 029, ExpID 42105
Train - Loss (one batch): 0.43820
Val - Loss, MSE, RMSE, MAE, MAPE: 0.66898, 0.66898, 0.81791, 0.33308, -53.87%
Test - Best epoch, Loss, MSE, RMSE, MAE, MAPE: 29, 0.50437, 0.50437, 0.71019, 0.31158, -51.06%
Time spent: 9.50s
- Epoch 030, ExpID 42105
Train - Loss (one batch): 0.53528
Val - Loss, MSE, RMSE, MAE, MAPE: 0.69749, 0.69749, 0.83516, 0.32755, -54.19%
Test - Best epoch, Loss, MSE, RMSE, MAE, MAPE: 29, 0.50437, 0.50437, 0.71019, 0.31158, -51.06%
Time spent: 8.03s
- Epoch 031, ExpID 42105
Train - Loss (one batch): 0.50755
Val - Loss, MSE, RMSE, MAE, MAPE: 0.69247, 0.69247, 0.83214, 0.32439, -51.96%
Test - Best epoch, Loss, MSE, RMSE, MAE, MAPE: 29, 0.50437, 0.50437, 0.71019, 0.31158, -51.06%
Time spent: 8.04s
- Epoch 032, ExpID 42105
Train - Loss (one batch): 0.33816
Val - Loss, MSE, RMSE, MAE, MAPE: 0.70597, 0.70597, 0.84022, 0.32150, -47.76%
Test - Best epoch, Loss, MSE, RMSE, MAE, MAPE: 29, 0.50437, 0.50437, 0.71019, 0.31158, -51.06%
Time spent: 8.04s
- Epoch 033, ExpID 42105
Train - Loss (one batch): 0.50266
Val - Loss, MSE, RMSE, MAE, MAPE: 0.69873, 0.69873, 0.83590, 0.32941, -55.69%
Test - Best epoch, Loss, MSE, RMSE, MAE, MAPE: 29, 0.50437, 0.50437, 0.71019, 0.31158, -51.06%
Time spent: 8.04s
- Epoch 034, ExpID 42105
Train - Loss (one batch): 0.31277
Val - Loss, MSE, RMSE, MAE, MAPE: 0.72997, 0.72997, 0.85438, 0.33850, -60.18%
Test - Best epoch, Loss, MSE, RMSE, MAE, MAPE: 29, 0.50437, 0.50437, 0.71019, 0.31158, -51.06%
Time spent: 8.04s
- Epoch 035, ExpID 42105
Train - Loss (one batch): 0.57905
Val - Loss, MSE, RMSE, MAE, MAPE: 0.72739, 0.72739, 0.85287, 0.34034, -57.25%
Test - Best epoch, Loss, MSE, RMSE, MAE, MAPE: 29, 0.50437, 0.50437, 0.71019, 0.31158, -51.06%
Time spent: 8.04s
- Epoch 036, ExpID 42105
Train - Loss (one batch): 0.36754
Val - Loss, MSE, RMSE, MAE, MAPE: 0.73728, 0.73728, 0.85865, 0.33687, -61.53%
Test - Best epoch, Loss, MSE, RMSE, MAE, MAPE: 29, 0.50437, 0.50437, 0.71019, 0.31158, -51.06%
Time spent: 8.04s
- Epoch 037, ExpID 42105
Train - Loss (one batch): 0.44978
Val - Loss, MSE, RMSE, MAE, MAPE: 0.72338, 0.72338, 0.85052, 0.32692, -53.06%
Test - Best epoch, Loss, MSE, RMSE, MAE, MAPE: 29, 0.50437, 0.50437, 0.71019, 0.31158, -51.06%
Time spent: 8.04s
- Epoch 038, ExpID 42105
Train - Loss (one batch): 0.45564
Val - Loss, MSE, RMSE, MAE, MAPE: 0.72285, 0.72285, 0.85021, 0.33063, -56.37%
Test - Best epoch, Loss, MSE, RMSE, MAE, MAPE: 29, 0.50437, 0.50437, 0.71019, 0.31158, -51.06%
Time spent: 8.04s
- Epoch 039, ExpID 42105
Train - Loss (one batch): 0.46146
Val - Loss, MSE, RMSE, MAE, MAPE: 0.71371, 0.71371, 0.84481, 0.32778, -49.85%
Test - Best epoch, Loss, MSE, RMSE, MAE, MAPE: 29, 0.50437, 0.50437, 0.71019, 0.31158, -51.06%
Time spent: 8.05s
- Epoch 040, ExpID 42105
Train - Loss (one batch): 0.35505
Val - Loss, MSE, RMSE, MAE, MAPE: 0.70944, 0.70944, 0.84228, 0.32660, -54.43%
Test - Best epoch, Loss, MSE, RMSE, MAE, MAPE: 29, 0.50437, 0.50437, 0.71019, 0.31158, -51.06%
Time spent: 8.04s
- Epoch 041, ExpID 42105
Train - Loss (one batch): 0.41449
Val - Loss, MSE, RMSE, MAE, MAPE: 0.73188, 0.73188, 0.85550, 0.32646, -52.40%
Test - Best epoch, Loss, MSE, RMSE, MAE, MAPE: 29, 0.50437, 0.50437, 0.71019, 0.31158, -51.06%
Time spent: 8.04s
- Epoch 042, ExpID 42105
Train - Loss (one batch): 0.39686
Val - Loss, MSE, RMSE, MAE, MAPE: 0.73983, 0.73983, 0.86014, 0.32231, -49.95%
Test - Best epoch, Loss, MSE, RMSE, MAE, MAPE: 29, 0.50437, 0.50437, 0.71019, 0.31158, -51.06%
Time spent: 8.03s
- Epoch 043, ExpID 42105
Train - Loss (one batch): 0.37155
Val - Loss, MSE, RMSE, MAE, MAPE: 0.70753, 0.70753, 0.84115, 0.32813, -53.06%
Test - Best epoch, Loss, MSE, RMSE, MAE, MAPE: 29, 0.50437, 0.50437, 0.71019, 0.31158, -51.06%
Time spent: 8.04s
- Epoch 044, ExpID 42105
Train - Loss (one batch): 0.36972
Val - Loss, MSE, RMSE, MAE, MAPE: 0.74605, 0.74605, 0.86374, 0.33891, -64.47%
Test - Best epoch, Loss, MSE, RMSE, MAE, MAPE: 29, 0.50437, 0.50437, 0.71019, 0.31158, -51.06%
Time spent: 8.03s
- Epoch 045, ExpID 42105
Train - Loss (one batch): 0.48628
Val - Loss, MSE, RMSE, MAE, MAPE: 0.69637, 0.69637, 0.83449, 0.33031, -57.61%
Test - Best epoch, Loss, MSE, RMSE, MAE, MAPE: 29, 0.50437, 0.50437, 0.71019, 0.31158, -51.06%
Time spent: 8.03s
- Epoch 046, ExpID 42105
Train - Loss (one batch): 0.45304
Val - Loss, MSE, RMSE, MAE, MAPE: 0.70700, 0.70700, 0.84083, 0.32555, -51.59%
Test - Best epoch, Loss, MSE, RMSE, MAE, MAPE: 29, 0.50437, 0.50437, 0.71019, 0.31158, -51.06%
Time spent: 8.03s
- Epoch 047, ExpID 42105
Train - Loss (one batch): 0.52710
Val - Loss, MSE, RMSE, MAE, MAPE: 0.69411, 0.69411, 0.83313, 0.32307, -52.58%
Test - Best epoch, Loss, MSE, RMSE, MAE, MAPE: 29, 0.50437, 0.50437, 0.71019, 0.31158, -51.06%
Time spent: 8.04s
- Epoch 048, ExpID 42105
Train - Loss (one batch): 0.32926
Val - Loss, MSE, RMSE, MAE, MAPE: 0.72819, 0.72819, 0.85334, 0.32865, -53.07%
Test - Best epoch, Loss, MSE, RMSE, MAE, MAPE: 29, 0.50437, 0.50437, 0.71019, 0.31158, -51.06%
Time spent: 8.04s
- Epoch 049, ExpID 42105
Train - Loss (one batch): 0.85309
Val - Loss, MSE, RMSE, MAE, MAPE: 0.73269, 0.73269, 0.85597, 0.33883, -62.58%
Test - Best epoch, Loss, MSE, RMSE, MAE, MAPE: 29, 0.50437, 0.50437, 0.71019, 0.31158, -51.06%
Time spent: 8.03s
/home/ouass/Test/MSP-IMTS/tPatchGNN/run_models.py
2026-03-18 05:27:53
run_models.py --dataset ushcn --state def --history 24 --batch_size 192 --lr 1e-3 --patience 20 --epoch 400 --nhead 1 --tf_layer 1 --nlayer 1 --te_dim 10 --node_dim 10 --hid_dim 32 --outlayer Linear --seed 5 --gpu 0 --multi_scales 2,4,8 --multi_strides 2,4,8 --metric per_dim --fusion concat
Namespace(multi_scales='2,4,8', multi_strides='2,4,8', fusion='concat', state='def', n=100000000, hop=1, nhead=1, tf_layer=1, nlayer=1, epoch=400, patience=20, history=24, patch_size=24, stride=24, logmode='a', lr=0.001, w_decay=0.0, batch_size=192, save='experiments/', load=None, seed=5, dataset='ushcn', quantization=0.0, model='tPatchGNN', outlayer='Linear', hid_dim=32, te_dim=10, node_dim=10, gpu='0', metric='per_dim', npatch=1, device=device(type='cuda'), PID=3838209, n_months=48, pred_window=1, ndim=5)
- Epoch 000, ExpID 99327
Train - Loss (one batch): 0.56432
Val - Loss, MSE, RMSE, MAE, MAPE: 0.83358, 0.83358, 0.91300, 0.37955, -79.26%
Test - Best epoch, Loss, MSE, RMSE, MAE, MAPE: 0, 0.52981, 0.52981, 0.72788, 0.35250, -76.02%
Time spent: 9.56s
- Epoch 001, ExpID 99327
Train - Loss (one batch): 0.44056
Val - Loss, MSE, RMSE, MAE, MAPE: 0.75716, 0.75716, 0.87015, 0.36112, -73.36%
Test - Best epoch, Loss, MSE, RMSE, MAE, MAPE: 1, 0.51728, 0.51728, 0.71922, 0.33691, -70.51%
Time spent: 9.50s
- Epoch 002, ExpID 99327
Train - Loss (one batch): 0.50362
Val - Loss, MSE, RMSE, MAE, MAPE: 0.73501, 0.73501, 0.85733, 0.33413, -56.53%
Test - Best epoch, Loss, MSE, RMSE, MAE, MAPE: 2, 0.51004, 0.51004, 0.71417, 0.31141, -54.25%
Time spent: 9.51s
- Epoch 003, ExpID 99327
Train - Loss (one batch): 0.63860
Val - Loss, MSE, RMSE, MAE, MAPE: 0.72932, 0.72932, 0.85400, 0.33313, -56.67%
Test - Best epoch, Loss, MSE, RMSE, MAE, MAPE: 3, 0.50680, 0.50680, 0.71190, 0.31045, -54.68%
Time spent: 9.51s
- Epoch 004, ExpID 99327
Train - Loss (one batch): 0.73434
Val - Loss, MSE, RMSE, MAE, MAPE: 0.74351, 0.74351, 0.86227, 0.34051, -61.32%
Test - Best epoch, Loss, MSE, RMSE, MAE, MAPE: 3, 0.50680, 0.50680, 0.71190, 0.31045, -54.68%
Time spent: 8.04s
- Epoch 005, ExpID 99327
Train - Loss (one batch): 0.38980
Val - Loss, MSE, RMSE, MAE, MAPE: 0.73582, 0.73582, 0.85780, 0.33682, -56.76%
Test - Best epoch, Loss, MSE, RMSE, MAE, MAPE: 3, 0.50680, 0.50680, 0.71190, 0.31045, -54.68%
Time spent: 8.03s
- Epoch 006, ExpID 99327
Train - Loss (one batch): 0.43338
Val - Loss, MSE, RMSE, MAE, MAPE: 0.72108, 0.72108, 0.84916, 0.34236, -54.01%
Test - Best epoch, Loss, MSE, RMSE, MAE, MAPE: 6, 0.51925, 0.51925, 0.72059, 0.32122, -53.27%
Time spent: 9.51s
- Epoch 007, ExpID 99327
Train - Loss (one batch): 0.51174
Val - Loss, MSE, RMSE, MAE, MAPE: 0.72055, 0.72055, 0.84885, 0.34108, -61.21%
Test - Best epoch, Loss, MSE, RMSE, MAE, MAPE: 7, 0.51195, 0.51195, 0.71551, 0.31891, -59.33%
Time spent: 9.51s
- Epoch 008, ExpID 99327
Train - Loss (one batch): 0.37264
Val - Loss, MSE, RMSE, MAE, MAPE: 0.70221, 0.70221, 0.83798, 0.34824, -63.22%
Test - Best epoch, Loss, MSE, RMSE, MAE, MAPE: 8, 0.51760, 0.51760, 0.71944, 0.32647, -60.58%
Time spent: 9.51s
- Epoch 009, ExpID 99327
Train - Loss (one batch): 0.34648
Val - Loss, MSE, RMSE, MAE, MAPE: 0.70421, 0.70421, 0.83917, 0.32993, -52.93%
Test - Best epoch, Loss, MSE, RMSE, MAE, MAPE: 8, 0.51760, 0.51760, 0.71944, 0.32647, -60.58%
Time spent: 8.03s
- Epoch 010, ExpID 99327
Train - Loss (one batch): 0.46318
Val - Loss, MSE, RMSE, MAE, MAPE: 0.70354, 0.70354, 0.83877, 0.34479, -62.92%
Test - Best epoch, Loss, MSE, RMSE, MAE, MAPE: 8, 0.51760, 0.51760, 0.71944, 0.32647, -60.58%
Time spent: 8.03s
- Epoch 011, ExpID 99327
Train - Loss (one batch): 0.56322
Val - Loss, MSE, RMSE, MAE, MAPE: 0.71175, 0.71175, 0.84365, 0.33306, -58.78%
Test - Best epoch, Loss, MSE, RMSE, MAE, MAPE: 8, 0.51760, 0.51760, 0.71944, 0.32647, -60.58%
Time spent: 8.03s
- Epoch 012, ExpID 99327
Train - Loss (one batch): 0.36279
Val - Loss, MSE, RMSE, MAE, MAPE: 0.73747, 0.73747, 0.85876, 0.34356, -57.14%
Test - Best epoch, Loss, MSE, RMSE, MAE, MAPE: 8, 0.51760, 0.51760, 0.71944, 0.32647, -60.58%
Time spent: 8.03s
- Epoch 013, ExpID 99327
Train - Loss (one batch): 0.44094
Val - Loss, MSE, RMSE, MAE, MAPE: 0.71131, 0.71131, 0.84339, 0.35549, -73.35%
Test - Best epoch, Loss, MSE, RMSE, MAE, MAPE: 8, 0.51760, 0.51760, 0.71944, 0.32647, -60.58%
Time spent: 8.04s
- Epoch 014, ExpID 99327
Train - Loss (one batch): 0.45469
Val - Loss, MSE, RMSE, MAE, MAPE: 0.72649, 0.72649, 0.85234, 0.33615, -60.39%
Test - Best epoch, Loss, MSE, RMSE, MAE, MAPE: 8, 0.51760, 0.51760, 0.71944, 0.32647, -60.58%
Time spent: 8.03s
- Epoch 015, ExpID 99327
Train - Loss (one batch): 0.38296
Val - Loss, MSE, RMSE, MAE, MAPE: 0.71364, 0.71364, 0.84477, 0.35707, -75.23%
Test - Best epoch, Loss, MSE, RMSE, MAE, MAPE: 8, 0.51760, 0.51760, 0.71944, 0.32647, -60.58%
Time spent: 8.04s
- Epoch 016, ExpID 99327
Train - Loss (one batch): 0.56423
Val - Loss, MSE, RMSE, MAE, MAPE: 0.70547, 0.70547, 0.83992, 0.32597, -54.45%
Test - Best epoch, Loss, MSE, RMSE, MAE, MAPE: 8, 0.51760, 0.51760, 0.71944, 0.32647, -60.58%
Time spent: 8.04s
- Epoch 017, ExpID 99327
Train - Loss (one batch): 0.38257
Val - Loss, MSE, RMSE, MAE, MAPE: 0.69368, 0.69368, 0.83287, 0.32596, -51.35%
Test - Best epoch, Loss, MSE, RMSE, MAE, MAPE: 17, 0.50886, 0.50886, 0.71335, 0.30430, -50.06%
Time spent: 9.50s
- Epoch 018, ExpID 99327
Train - Loss (one batch): 0.42927
Val - Loss, MSE, RMSE, MAE, MAPE: 0.69424, 0.69424, 0.83321, 0.32745, -53.87%
Test - Best epoch, Loss, MSE, RMSE, MAE, MAPE: 17, 0.50886, 0.50886, 0.71335, 0.30430, -50.06%
Time spent: 8.04s
- Epoch 019, ExpID 99327
Train - Loss (one batch): 0.31151
Val - Loss, MSE, RMSE, MAE, MAPE: 0.70007, 0.70007, 0.83670, 0.33096, -55.60%
Test - Best epoch, Loss, MSE, RMSE, MAE, MAPE: 17, 0.50886, 0.50886, 0.71335, 0.30430, -50.06%
Time spent: 8.04s
- Epoch 020, ExpID 99327
Train - Loss (one batch): 0.41183
Val - Loss, MSE, RMSE, MAE, MAPE: 0.71373, 0.71373, 0.84483, 0.32464, -53.46%
Test - Best epoch, Loss, MSE, RMSE, MAE, MAPE: 17, 0.50886, 0.50886, 0.71335, 0.30430, -50.06%
Time spent: 8.04s
- Epoch 021, ExpID 99327
Train - Loss (one batch): 0.55117
Val - Loss, MSE, RMSE, MAE, MAPE: 0.66393, 0.66393, 0.81482, 0.32751, -58.04%
Test - Best epoch, Loss, MSE, RMSE, MAE, MAPE: 21, 0.50003, 0.50003, 0.70713, 0.30556, -55.04%
Time spent: 9.52s
- Epoch 022, ExpID 99327
Train - Loss (one batch): 0.88600
Val - Loss, MSE, RMSE, MAE, MAPE: 0.70289, 0.70289, 0.83839, 0.32830, -57.57%
Test - Best epoch, Loss, MSE, RMSE, MAE, MAPE: 21, 0.50003, 0.50003, 0.70713, 0.30556, -55.04%
Time spent: 8.03s
- Epoch 023, ExpID 99327
Train - Loss (one batch): 0.40153
Val - Loss, MSE, RMSE, MAE, MAPE: 0.69416, 0.69416, 0.83316, 0.33605, -59.29%
Test - Best epoch, Loss, MSE, RMSE, MAE, MAPE: 21, 0.50003, 0.50003, 0.70713, 0.30556, -55.04%
Time spent: 8.02s
- Epoch 024, ExpID 99327
Train - Loss (one batch): 0.57773
Val - Loss, MSE, RMSE, MAE, MAPE: 0.65250, 0.65250, 0.80777, 0.33870, -61.66%
Test - Best epoch, Loss, MSE, RMSE, MAE, MAPE: 24, 0.50301, 0.50301, 0.70923, 0.31654, -59.24%
Time spent: 9.51s
- Epoch 025, ExpID 99327
Train - Loss (one batch): 0.38982
Val - Loss, MSE, RMSE, MAE, MAPE: 0.67698, 0.67698, 0.82279, 0.32647, -54.99%
Test - Best epoch, Loss, MSE, RMSE, MAE, MAPE: 24, 0.50301, 0.50301, 0.70923, 0.31654, -59.24%
Time spent: 8.05s
- Epoch 026, ExpID 99327
Train - Loss (one batch): 0.51324
Val - Loss, MSE, RMSE, MAE, MAPE: 0.71163, 0.71163, 0.84358, 0.32631, -55.83%
Test - Best epoch, Loss, MSE, RMSE, MAE, MAPE: 24, 0.50301, 0.50301, 0.70923, 0.31654, -59.24%
Time spent: 8.02s
- Epoch 027, ExpID 99327
Train - Loss (one batch): 0.39154
Val - Loss, MSE, RMSE, MAE, MAPE: 0.66196, 0.66196, 0.81361, 0.33856, -67.29%
Test - Best epoch, Loss, MSE, RMSE, MAE, MAPE: 24, 0.50301, 0.50301, 0.70923, 0.31654, -59.24%
Time spent: 8.04s
- Epoch 028, ExpID 99327
Train - Loss (one batch): 0.37865
Val - Loss, MSE, RMSE, MAE, MAPE: 0.67305, 0.67305, 0.82040, 0.33062, -58.09%
Test - Best epoch, Loss, MSE, RMSE, MAE, MAPE: 24, 0.50301, 0.50301, 0.70923, 0.31654, -59.24%
Time spent: 8.03s
- Epoch 029, ExpID 99327
Train - Loss (one batch): 0.23704
Val - Loss, MSE, RMSE, MAE, MAPE: 0.66563, 0.66563, 0.81586, 0.32818, -56.76%
Test - Best epoch, Loss, MSE, RMSE, MAE, MAPE: 24, 0.50301, 0.50301, 0.70923, 0.31654, -59.24%
Time spent: 8.03s
- Epoch 030, ExpID 99327
Train - Loss (one batch): 0.37020
Val - Loss, MSE, RMSE, MAE, MAPE: 0.69979, 0.69979, 0.83654, 0.31005, -40.70%
Test - Best epoch, Loss, MSE, RMSE, MAE, MAPE: 24, 0.50301, 0.50301, 0.70923, 0.31654, -59.24%
Time spent: 8.04s
- Epoch 031, ExpID 99327
Train - Loss (one batch): 0.53216
Val - Loss, MSE, RMSE, MAE, MAPE: 0.64537, 0.64537, 0.80335, 0.31264, -45.04%
Test - Best epoch, Loss, MSE, RMSE, MAE, MAPE: 31, 0.50350, 0.50350, 0.70958, 0.29154, -42.87%
Time spent: 9.50s
- Epoch 032, ExpID 99327
Train - Loss (one batch): 0.36321
Val - Loss, MSE, RMSE, MAE, MAPE: 0.65797, 0.65797, 0.81115, 0.32067, -53.48%
Test - Best epoch, Loss, MSE, RMSE, MAE, MAPE: 31, 0.50350, 0.50350, 0.70958, 0.29154, -42.87%
Time spent: 8.04s
- Epoch 033, ExpID 99327
Train - Loss (one batch): 0.23073
Val - Loss, MSE, RMSE, MAE, MAPE: 0.65377, 0.65377, 0.80856, 0.33497, -61.45%
Test - Best epoch, Loss, MSE, RMSE, MAE, MAPE: 31, 0.50350, 0.50350, 0.70958, 0.29154, -42.87%
Time spent: 8.03s
- Epoch 034, ExpID 99327
Train - Loss (one batch): 0.36062
Val - Loss, MSE, RMSE, MAE, MAPE: 0.64969, 0.64969, 0.80603, 0.33769, -63.45%
Test - Best epoch, Loss, MSE, RMSE, MAE, MAPE: 31, 0.50350, 0.50350, 0.70958, 0.29154, -42.87%
Time spent: 8.03s
- Epoch 035, ExpID 99327
Train - Loss (one batch): 0.31672
Val - Loss, MSE, RMSE, MAE, MAPE: 0.67893, 0.67893, 0.82397, 0.33098, -57.77%
Test - Best epoch, Loss, MSE, RMSE, MAE, MAPE: 31, 0.50350, 0.50350, 0.70958, 0.29154, -42.87%
Time spent: 8.03s
- Epoch 036, ExpID 99327
Train - Loss (one batch): 0.38851
Val - Loss, MSE, RMSE, MAE, MAPE: 0.70459, 0.70459, 0.83940, 0.32726, -58.86%
Test - Best epoch, Loss, MSE, RMSE, MAE, MAPE: 31, 0.50350, 0.50350, 0.70958, 0.29154, -42.87%
Time spent: 8.04s
- Epoch 037, ExpID 99327
Train - Loss (one batch): 0.49499
Val - Loss, MSE, RMSE, MAE, MAPE: 0.66610, 0.66610, 0.81615, 0.32193, -54.77%
Test - Best epoch, Loss, MSE, RMSE, MAE, MAPE: 31, 0.50350, 0.50350, 0.70958, 0.29154, -42.87%
Time spent: 8.02s
- Epoch 038, ExpID 99327
Train - Loss (one batch): 0.34634
Val - Loss, MSE, RMSE, MAE, MAPE: 0.66536, 0.66536, 0.81570, 0.32076, -51.88%
Test - Best epoch, Loss, MSE, RMSE, MAE, MAPE: 31, 0.50350, 0.50350, 0.70958, 0.29154, -42.87%
Time spent: 8.04s
- Epoch 039, ExpID 99327
Train - Loss (one batch): 0.60383
Val - Loss, MSE, RMSE, MAE, MAPE: 0.69576, 0.69576, 0.83412, 0.35612, -79.44%
Test - Best epoch, Loss, MSE, RMSE, MAE, MAPE: 31, 0.50350, 0.50350, 0.70958, 0.29154, -42.87%
Time spent: 8.03s
- Epoch 040, ExpID 99327
Train - Loss (one batch): 0.32784
Val - Loss, MSE, RMSE, MAE, MAPE: 0.71977, 0.71977, 0.84840, 0.32642, -55.28%
Test - Best epoch, Loss, MSE, RMSE, MAE, MAPE: 31, 0.50350, 0.50350, 0.70958, 0.29154, -42.87%
Time spent: 8.03s
- Epoch 041, ExpID 99327
Train - Loss (one batch): 0.41988
Val - Loss, MSE, RMSE, MAE, MAPE: 0.68767, 0.68767, 0.82926, 0.32389, -56.74%
Test - Best epoch, Loss, MSE, RMSE, MAE, MAPE: 31, 0.50350, 0.50350, 0.70958, 0.29154, -42.87%
Time spent: 8.03s
- Epoch 042, ExpID 99327
Train - Loss (one batch): 0.50697
Val - Loss, MSE, RMSE, MAE, MAPE: 0.72418, 0.72418, 0.85099, 0.34638, -72.12%
Test - Best epoch, Loss, MSE, RMSE, MAE, MAPE: 31, 0.50350, 0.50350, 0.70958, 0.29154, -42.87%
Time spent: 8.04s
- Epoch 043, ExpID 99327
Train - Loss (one batch): 0.40928
Val - Loss, MSE, RMSE, MAE, MAPE: 0.71144, 0.71144, 0.84347, 0.32204, -54.85%
Test - Best epoch, Loss, MSE, RMSE, MAE, MAPE: 31, 0.50350, 0.50350, 0.70958, 0.29154, -42.87%
Time spent: 8.03s
- Epoch 044, ExpID 99327
Train - Loss (one batch): 0.39769
Val - Loss, MSE, RMSE, MAE, MAPE: 0.72385, 0.72385, 0.85079, 0.33072, -57.60%
Test - Best epoch, Loss, MSE, RMSE, MAE, MAPE: 31, 0.50350, 0.50350, 0.70958, 0.29154, -42.87%
Time spent: 8.04s
- Epoch 045, ExpID 99327
Train - Loss (one batch): 0.73411
Val - Loss, MSE, RMSE, MAE, MAPE: 0.68826, 0.68826, 0.82962, 0.33551, -62.72%
Test - Best epoch, Loss, MSE, RMSE, MAE, MAPE: 31, 0.50350, 0.50350, 0.70958, 0.29154, -42.87%
Time spent: 8.03s
- Epoch 046, ExpID 99327
Train - Loss (one batch): 0.66896
Val - Loss, MSE, RMSE, MAE, MAPE: 0.71155, 0.71155, 0.84353, 0.32926, -59.03%
Test - Best epoch, Loss, MSE, RMSE, MAE, MAPE: 31, 0.50350, 0.50350, 0.70958, 0.29154, -42.87%
Time spent: 8.04s
- Epoch 047, ExpID 99327
Train - Loss (one batch): 0.28274
Val - Loss, MSE, RMSE, MAE, MAPE: 0.69508, 0.69508, 0.83372, 0.33771, -65.42%
Test - Best epoch, Loss, MSE, RMSE, MAE, MAPE: 31, 0.50350, 0.50350, 0.70958, 0.29154, -42.87%
Time spent: 8.04s
- Epoch 048, ExpID 99327
Train - Loss (one batch): 0.45959
Val - Loss, MSE, RMSE, MAE, MAPE: 0.68991, 0.68991, 0.83061, 0.32099, -49.30%
Test - Best epoch, Loss, MSE, RMSE, MAE, MAPE: 31, 0.50350, 0.50350, 0.70958, 0.29154, -42.87%
Time spent: 8.03s
- Epoch 049, ExpID 99327
Train - Loss (one batch): 0.30556
Val - Loss, MSE, RMSE, MAE, MAPE: 0.71977, 0.71977, 0.84839, 0.32004, -49.56%
Test - Best epoch, Loss, MSE, RMSE, MAE, MAPE: 31, 0.50350, 0.50350, 0.70958, 0.29154, -42.87%
Time spent: 8.03s
- Epoch 050, ExpID 99327
Train - Loss (one batch): 0.38268
Val - Loss, MSE, RMSE, MAE, MAPE: 0.69098, 0.69098, 0.83125, 0.32323, -52.10%
Test - Best epoch, Loss, MSE, RMSE, MAE, MAPE: 31, 0.50350, 0.50350, 0.70958, 0.29154, -42.87%
Time spent: 8.03s
- Epoch 051, ExpID 99327
Train - Loss (one batch): 0.48804
Val - Loss, MSE, RMSE, MAE, MAPE: 0.72382, 0.72382, 0.85078, 0.32177, -53.78%
Test - Best epoch, Loss, MSE, RMSE, MAE, MAPE: 31, 0.50350, 0.50350, 0.70958, 0.29154, -42.87%
Time spent: 8.03s
