USHCN MS 2-scale (gated): scales=3,6,12 strides=3,6,12
==== Seed 1 ====
PID, device: 3875360 cuda
Total records: 1114
Dataset n_samples: 1114 668 223 223
Test record ids (first 20): [886, 101, 1120, 730, 291, 875, 958, 260, 128, 1043, 620, 88, 1005, 872, 617, 538, 508, 44, 273, 817]
Test record ids (last 20): [982, 275, 991, 997, 66, 801, 67, 942, 12, 361, 555, 710, 333, 1017, 851, 184, 882, 509, 726, 587]
data_max: tensor([37.2551, 36.6691, 38.2520,  3.0401,  2.9104], device='cuda:0')
data_min: tensor([-0.3057, -0.1280, -0.1738, -3.8821, -4.1854], device='cuda:0')
time_max: tensor(48., device='cuda:0')
Dataset n_samples after time split: 26736 16032 5352 5352
[USHCN-MS] batch keys: ['X_list', 'tt_list', 'mk_list', 'npatches', 'tp_to_predict', 'data_to_predict', 'mask_predicted_data']
[USHCN-MS] #scales: 3
[USHCN-MS] per-scale shapes: [(192, 8, 12, 5), (192, 4, 20, 5), (192, 2, 32, 5)]
[USHCN-MS] data_to_predict: (192, 13, 5)
[USHCN-MS] mask_predicted_data sum: 1292.0
[USHCN-MS] tt_list mins/maxes: [(0.0, 0.999666690826416), (0.0, 0.999666690826416), (0.0, 0.999666690826416)]
[USHCN-MS] tp_to_predict min/max: 0.0 1.0416667461395264
[MS] use_ms=True fusion=gated scales=3,6,12 strides=3,6,12 npatches_per_scale=[8, 4, 2]
decoder exists: True
fuse_proj exists: True
attn_V exists: False
attn_u exists: False
gate_mlp exists: True
Missing trainable params in optimizer: []
Missing count: 0
n_train_batches: 84
Epoch 0: avg decoder weight change = 0.00027942
Epoch 1: avg decoder weight change = 0.00007967
Epoch 2: avg decoder weight change = 0.00009521
Epoch 3: avg decoder weight change = 0.00006951
Epoch 4: avg decoder weight change = 0.00008051
Epoch 5: avg decoder weight change = 0.00008179
Epoch 6: avg decoder weight change = 0.00007124
Epoch 7: avg decoder weight change = 0.00008862
Epoch 8: avg decoder weight change = 0.00007300
Epoch 9: avg decoder weight change = 0.00009217
Epoch 10: avg decoder weight change = 0.00007050
Epoch 11: avg decoder weight change = 0.00008073
Epoch 12: avg decoder weight change = 0.00010542
Epoch 13: avg decoder weight change = 0.00011279
Epoch 14: avg decoder weight change = 0.00010076
Epoch 15: avg decoder weight change = 0.00010175
Epoch 16: avg decoder weight change = 0.00012384
Epoch 17: avg decoder weight change = 0.00011763
Epoch 18: avg decoder weight change = 0.00010454
Epoch 19: avg decoder weight change = 0.00009650
Epoch 20: avg decoder weight change = 0.00011263
Epoch 21: avg decoder weight change = 0.00011190
Epoch 22: avg decoder weight change = 0.00011923
Epoch 23: avg decoder weight change = 0.00011243
Epoch 24: avg decoder weight change = 0.00012360
Epoch 25: avg decoder weight change = 0.00012738
Epoch 26: avg decoder weight change = 0.00011281
Epoch 27: avg decoder weight change = 0.00011465
Epoch 28: avg decoder weight change = 0.00010479
Epoch 29: avg decoder weight change = 0.00011354
Epoch 30: avg decoder weight change = 0.00011411
Epoch 31: avg decoder weight change = 0.00011344
Epoch 32: avg decoder weight change = 0.00010954
Epoch 33: avg decoder weight change = 0.00011063
Epoch 34: avg decoder weight change = 0.00013381
Epoch 35: avg decoder weight change = 0.00010293
Epoch 36: avg decoder weight change = 0.00012253
Epoch 37: avg decoder weight change = 0.00011883
Epoch 38: avg decoder weight change = 0.00013898
Epoch 39: avg decoder weight change = 0.00013425
Epoch 40: avg decoder weight change = 0.00010876
Epoch 41: avg decoder weight change = 0.00012245
Epoch 42: avg decoder weight change = 0.00011597
Epoch 43: avg decoder weight change = 0.00015698
Epoch 44: avg decoder weight change = 0.00012179
Epoch 45: avg decoder weight change = 0.00014039
Epoch 46: avg decoder weight change = 0.00011185
Epoch 47: avg decoder weight change = 0.00013787
Epoch 48: avg decoder weight change = 0.00018273
Epoch 49: avg decoder weight change = 0.00013628
Epoch 50: avg decoder weight change = 0.00011800
Epoch 51: avg decoder weight change = 0.00012726
Epoch 52: avg decoder weight change = 0.00013498
Epoch 53: avg decoder weight change = 0.00012417
Exp has been early stopped!
==== Seed 2 ====
PID, device: 3885991 cuda
Total records: 1114
Dataset n_samples: 1114 668 223 223
Test record ids (first 20): [886, 101, 1120, 730, 291, 875, 958, 260, 128, 1043, 620, 88, 1005, 872, 617, 538, 508, 44, 273, 817]
Test record ids (last 20): [982, 275, 991, 997, 66, 801, 67, 942, 12, 361, 555, 710, 333, 1017, 851, 184, 882, 509, 726, 587]
data_max: tensor([37.2551, 36.6691, 38.2520,  3.0401,  2.9104], device='cuda:0')
data_min: tensor([-0.3057, -0.1280, -0.1738, -3.8821, -4.1854], device='cuda:0')
time_max: tensor(48., device='cuda:0')
Dataset n_samples after time split: 26736 16032 5352 5352
[USHCN-MS] batch keys: ['X_list', 'tt_list', 'mk_list', 'npatches', 'tp_to_predict', 'data_to_predict', 'mask_predicted_data']
[USHCN-MS] #scales: 3
[USHCN-MS] per-scale shapes: [(192, 8, 12, 5), (192, 4, 20, 5), (192, 2, 32, 5)]
[USHCN-MS] data_to_predict: (192, 13, 5)
[USHCN-MS] mask_predicted_data sum: 1292.0
[USHCN-MS] tt_list mins/maxes: [(0.0, 0.999666690826416), (0.0, 0.999666690826416), (0.0, 0.999666690826416)]
[USHCN-MS] tp_to_predict min/max: 0.0 1.0416667461395264
[MS] use_ms=True fusion=gated scales=3,6,12 strides=3,6,12 npatches_per_scale=[8, 4, 2]
decoder exists: True
fuse_proj exists: True
attn_V exists: False
attn_u exists: False
gate_mlp exists: True
Missing trainable params in optimizer: []
Missing count: 0
n_train_batches: 84
Epoch 0: avg decoder weight change = 0.00029119
Epoch 1: avg decoder weight change = 0.00014057
Epoch 2: avg decoder weight change = 0.00010245
Epoch 3: avg decoder weight change = 0.00010232
Epoch 4: avg decoder weight change = 0.00010287
Epoch 5: avg decoder weight change = 0.00008886
Epoch 6: avg decoder weight change = 0.00010138
Epoch 7: avg decoder weight change = 0.00013491
Epoch 8: avg decoder weight change = 0.00013824
Epoch 9: avg decoder weight change = 0.00011969
Epoch 10: avg decoder weight change = 0.00012096
Epoch 11: avg decoder weight change = 0.00013490
Epoch 12: avg decoder weight change = 0.00012597
Epoch 13: avg decoder weight change = 0.00010943
Epoch 14: avg decoder weight change = 0.00016112
Epoch 15: avg decoder weight change = 0.00011965
Epoch 16: avg decoder weight change = 0.00011512
Epoch 17: avg decoder weight change = 0.00013086
Epoch 18: avg decoder weight change = 0.00011313
Epoch 19: avg decoder weight change = 0.00013246
Epoch 20: avg decoder weight change = 0.00014017
Epoch 21: avg decoder weight change = 0.00014364
Epoch 22: avg decoder weight change = 0.00015784
Epoch 23: avg decoder weight change = 0.00012152
Epoch 24: avg decoder weight change = 0.00013447
Epoch 25: avg decoder weight change = 0.00012723
Epoch 26: avg decoder weight change = 0.00013989
Epoch 27: avg decoder weight change = 0.00012754
Epoch 28: avg decoder weight change = 0.00013207
Epoch 29: avg decoder weight change = 0.00013966
Epoch 30: avg decoder weight change = 0.00013137
Exp has been early stopped!
==== Seed 3 ====
PID, device: 3893646 cuda
Total records: 1114
Dataset n_samples: 1114 668 223 223
Test record ids (first 20): [886, 101, 1120, 730, 291, 875, 958, 260, 128, 1043, 620, 88, 1005, 872, 617, 538, 508, 44, 273, 817]
Test record ids (last 20): [982, 275, 991, 997, 66, 801, 67, 942, 12, 361, 555, 710, 333, 1017, 851, 184, 882, 509, 726, 587]
data_max: tensor([37.2551, 36.6691, 38.2520,  3.0401,  2.9104], device='cuda:0')
data_min: tensor([-0.3057, -0.1280, -0.1738, -3.8821, -4.1854], device='cuda:0')
time_max: tensor(48., device='cuda:0')
Dataset n_samples after time split: 26736 16032 5352 5352
[USHCN-MS] batch keys: ['X_list', 'tt_list', 'mk_list', 'npatches', 'tp_to_predict', 'data_to_predict', 'mask_predicted_data']
[USHCN-MS] #scales: 3
[USHCN-MS] per-scale shapes: [(192, 8, 12, 5), (192, 4, 20, 5), (192, 2, 32, 5)]
[USHCN-MS] data_to_predict: (192, 13, 5)
[USHCN-MS] mask_predicted_data sum: 1292.0
[USHCN-MS] tt_list mins/maxes: [(0.0, 0.999666690826416), (0.0, 0.999666690826416), (0.0, 0.999666690826416)]
[USHCN-MS] tp_to_predict min/max: 0.0 1.0416667461395264
[MS] use_ms=True fusion=gated scales=3,6,12 strides=3,6,12 npatches_per_scale=[8, 4, 2]
decoder exists: True
fuse_proj exists: True
attn_V exists: False
attn_u exists: False
gate_mlp exists: True
Missing trainable params in optimizer: []
Missing count: 0
n_train_batches: 84
Epoch 0: avg decoder weight change = 0.00025193
Epoch 1: avg decoder weight change = 0.00008521
Epoch 2: avg decoder weight change = 0.00008880
Epoch 3: avg decoder weight change = 0.00008159
Epoch 4: avg decoder weight change = 0.00008847
Epoch 5: avg decoder weight change = 0.00008651
Epoch 6: avg decoder weight change = 0.00008739
Epoch 7: avg decoder weight change = 0.00010629
Epoch 8: avg decoder weight change = 0.00010071
Epoch 9: avg decoder weight change = 0.00008120
Epoch 10: avg decoder weight change = 0.00008950
Epoch 11: avg decoder weight change = 0.00012802
Epoch 12: avg decoder weight change = 0.00008422
Epoch 13: avg decoder weight change = 0.00009860
Epoch 14: avg decoder weight change = 0.00010299
Epoch 15: avg decoder weight change = 0.00009437
Epoch 16: avg decoder weight change = 0.00008559
Epoch 17: avg decoder weight change = 0.00009724
Epoch 18: avg decoder weight change = 0.00010221
Epoch 19: avg decoder weight change = 0.00010612
Epoch 20: avg decoder weight change = 0.00011113
Epoch 21: avg decoder weight change = 0.00009793
Epoch 22: avg decoder weight change = 0.00009417
Epoch 23: avg decoder weight change = 0.00009430
Epoch 24: avg decoder weight change = 0.00010980
Epoch 25: avg decoder weight change = 0.00010218
Epoch 26: avg decoder weight change = 0.00010546
Epoch 27: avg decoder weight change = 0.00012825
Epoch 28: avg decoder weight change = 0.00011213
Epoch 29: avg decoder weight change = 0.00014207
Epoch 30: avg decoder weight change = 0.00011398
Epoch 31: avg decoder weight change = 0.00009299
Epoch 32: avg decoder weight change = 0.00010338
Epoch 33: avg decoder weight change = 0.00009946
Epoch 34: avg decoder weight change = 0.00013764
Epoch 35: avg decoder weight change = 0.00013112
Epoch 36: avg decoder weight change = 0.00012421
Epoch 37: avg decoder weight change = 0.00009004
Epoch 38: avg decoder weight change = 0.00010365
Epoch 39: avg decoder weight change = 0.00010682
Epoch 40: avg decoder weight change = 0.00012993
Epoch 41: avg decoder weight change = 0.00011143
Epoch 42: avg decoder weight change = 0.00012196
Epoch 43: avg decoder weight change = 0.00011359
Epoch 44: avg decoder weight change = 0.00011573
Epoch 45: avg decoder weight change = 0.00011425
Epoch 46: avg decoder weight change = 0.00011259
Epoch 47: avg decoder weight change = 0.00012999
Epoch 48: avg decoder weight change = 0.00015327
Epoch 49: avg decoder weight change = 0.00011130
Epoch 50: avg decoder weight change = 0.00011278
Epoch 51: avg decoder weight change = 0.00012629
Epoch 52: avg decoder weight change = 0.00013612
Epoch 53: avg decoder weight change = 0.00013412
Epoch 54: avg decoder weight change = 0.00011072
Epoch 55: avg decoder weight change = 0.00016063
Epoch 56: avg decoder weight change = 0.00011620
Epoch 57: avg decoder weight change = 0.00012339
Epoch 58: avg decoder weight change = 0.00012867
Epoch 59: avg decoder weight change = 0.00011967
Epoch 60: avg decoder weight change = 0.00013124
Epoch 61: avg decoder weight change = 0.00012834
Epoch 62: avg decoder weight change = 0.00014196
Epoch 63: avg decoder weight change = 0.00013471
Epoch 64: avg decoder weight change = 0.00016389
Epoch 65: avg decoder weight change = 0.00015425
Epoch 66: avg decoder weight change = 0.00014979
Exp has been early stopped!
==== Seed 4 ====
PID, device: 3906918 cuda
Total records: 1114
Dataset n_samples: 1114 668 223 223
Test record ids (first 20): [886, 101, 1120, 730, 291, 875, 958, 260, 128, 1043, 620, 88, 1005, 872, 617, 538, 508, 44, 273, 817]
Test record ids (last 20): [982, 275, 991, 997, 66, 801, 67, 942, 12, 361, 555, 710, 333, 1017, 851, 184, 882, 509, 726, 587]
data_max: tensor([37.2551, 36.6691, 38.2520,  3.0401,  2.9104], device='cuda:0')
data_min: tensor([-0.3057, -0.1280, -0.1738, -3.8821, -4.1854], device='cuda:0')
time_max: tensor(48., device='cuda:0')
Dataset n_samples after time split: 26736 16032 5352 5352
[USHCN-MS] batch keys: ['X_list', 'tt_list', 'mk_list', 'npatches', 'tp_to_predict', 'data_to_predict', 'mask_predicted_data']
[USHCN-MS] #scales: 3
[USHCN-MS] per-scale shapes: [(192, 8, 12, 5), (192, 4, 20, 5), (192, 2, 32, 5)]
[USHCN-MS] data_to_predict: (192, 13, 5)
[USHCN-MS] mask_predicted_data sum: 1292.0
[USHCN-MS] tt_list mins/maxes: [(0.0, 0.999666690826416), (0.0, 0.999666690826416), (0.0, 0.999666690826416)]
[USHCN-MS] tp_to_predict min/max: 0.0 1.0416667461395264
[MS] use_ms=True fusion=gated scales=3,6,12 strides=3,6,12 npatches_per_scale=[8, 4, 2]
decoder exists: True
fuse_proj exists: True
attn_V exists: False
attn_u exists: False
gate_mlp exists: True
Missing trainable params in optimizer: []
Missing count: 0
n_train_batches: 84
Epoch 0: avg decoder weight change = 0.00027629
Epoch 1: avg decoder weight change = 0.00009089
Epoch 2: avg decoder weight change = 0.00008448
Epoch 3: avg decoder weight change = 0.00010366
Epoch 4: avg decoder weight change = 0.00008172
Epoch 5: avg decoder weight change = 0.00011240
Epoch 6: avg decoder weight change = 0.00009395
Epoch 7: avg decoder weight change = 0.00010075
Epoch 8: avg decoder weight change = 0.00009688
Epoch 9: avg decoder weight change = 0.00008637
Epoch 10: avg decoder weight change = 0.00011302
Epoch 11: avg decoder weight change = 0.00008759
Epoch 12: avg decoder weight change = 0.00010782
Epoch 13: avg decoder weight change = 0.00010479
Epoch 14: avg decoder weight change = 0.00014346
Epoch 15: avg decoder weight change = 0.00015462
Epoch 16: avg decoder weight change = 0.00010710
Epoch 17: avg decoder weight change = 0.00008915
Epoch 18: avg decoder weight change = 0.00012399
Epoch 19: avg decoder weight change = 0.00011891
Epoch 20: avg decoder weight change = 0.00010109
Epoch 21: avg decoder weight change = 0.00010503
Epoch 22: avg decoder weight change = 0.00010383
Epoch 23: avg decoder weight change = 0.00010084
Epoch 24: avg decoder weight change = 0.00011036
Epoch 25: avg decoder weight change = 0.00010647
Epoch 26: avg decoder weight change = 0.00011960
Epoch 27: avg decoder weight change = 0.00009784
Epoch 28: avg decoder weight change = 0.00010887
Epoch 29: avg decoder weight change = 0.00016724
Epoch 30: avg decoder weight change = 0.00014400
Epoch 31: avg decoder weight change = 0.00011630
Epoch 32: avg decoder weight change = 0.00013685
Epoch 33: avg decoder weight change = 0.00014677
Epoch 34: avg decoder weight change = 0.00012255
Epoch 35: avg decoder weight change = 0.00010839
Epoch 36: avg decoder weight change = 0.00012640
Exp has been early stopped!
==== Seed 5 ====
PID, device: 3913596 cuda
Total records: 1114
Dataset n_samples: 1114 668 223 223
Test record ids (first 20): [886, 101, 1120, 730, 291, 875, 958, 260, 128, 1043, 620, 88, 1005, 872, 617, 538, 508, 44, 273, 817]
Test record ids (last 20): [982, 275, 991, 997, 66, 801, 67, 942, 12, 361, 555, 710, 333, 1017, 851, 184, 882, 509, 726, 587]
data_max: tensor([37.2551, 36.6691, 38.2520,  3.0401,  2.9104], device='cuda:0')
data_min: tensor([-0.3057, -0.1280, -0.1738, -3.8821, -4.1854], device='cuda:0')
time_max: tensor(48., device='cuda:0')
Dataset n_samples after time split: 26736 16032 5352 5352
[USHCN-MS] batch keys: ['X_list', 'tt_list', 'mk_list', 'npatches', 'tp_to_predict', 'data_to_predict', 'mask_predicted_data']
[USHCN-MS] #scales: 3
[USHCN-MS] per-scale shapes: [(192, 8, 12, 5), (192, 4, 20, 5), (192, 2, 32, 5)]
[USHCN-MS] data_to_predict: (192, 13, 5)
[USHCN-MS] mask_predicted_data sum: 1292.0
[USHCN-MS] tt_list mins/maxes: [(0.0, 0.999666690826416), (0.0, 0.999666690826416), (0.0, 0.999666690826416)]
[USHCN-MS] tp_to_predict min/max: 0.0 1.0416667461395264
[MS] use_ms=True fusion=gated scales=3,6,12 strides=3,6,12 npatches_per_scale=[8, 4, 2]
decoder exists: True
fuse_proj exists: True
attn_V exists: False
attn_u exists: False
gate_mlp exists: True
Missing trainable params in optimizer: []
Missing count: 0
n_train_batches: 84
Epoch 0: avg decoder weight change = 0.00023695
Epoch 1: avg decoder weight change = 0.00007518
Epoch 2: avg decoder weight change = 0.00008648
Epoch 3: avg decoder weight change = 0.00010902
Epoch 4: avg decoder weight change = 0.00010834
Epoch 5: avg decoder weight change = 0.00010508
Epoch 6: avg decoder weight change = 0.00009989
Epoch 7: avg decoder weight change = 0.00010902
Epoch 8: avg decoder weight change = 0.00010590
Epoch 9: avg decoder weight change = 0.00010760
Epoch 10: avg decoder weight change = 0.00010047
Epoch 11: avg decoder weight change = 0.00015906
Epoch 12: avg decoder weight change = 0.00014433
Epoch 13: avg decoder weight change = 0.00014486
Epoch 14: avg decoder weight change = 0.00012053
Epoch 15: avg decoder weight change = 0.00012296
Epoch 16: avg decoder weight change = 0.00008657
Epoch 17: avg decoder weight change = 0.00009984
Epoch 18: avg decoder weight change = 0.00010824
Epoch 19: avg decoder weight change = 0.00011197
Epoch 20: avg decoder weight change = 0.00011081
Epoch 21: avg decoder weight change = 0.00010145
Epoch 22: avg decoder weight change = 0.00010465
Epoch 23: avg decoder weight change = 0.00012103
Epoch 24: avg decoder weight change = 0.00010600
Epoch 25: avg decoder weight change = 0.00012125
Epoch 26: avg decoder weight change = 0.00014436
Epoch 27: avg decoder weight change = 0.00016071
Epoch 28: avg decoder weight change = 0.00012190
Epoch 29: avg decoder weight change = 0.00012846
Epoch 30: avg decoder weight change = 0.00012649
Epoch 31: avg decoder weight change = 0.00013232
Epoch 32: avg decoder weight change = 0.00011375
Epoch 33: avg decoder weight change = 0.00011002
Epoch 34: avg decoder weight change = 0.00013173
Epoch 35: avg decoder weight change = 0.00012625
Epoch 36: avg decoder weight change = 0.00013489
Epoch 37: avg decoder weight change = 0.00013565
Epoch 38: avg decoder weight change = 0.00013189
Epoch 39: avg decoder weight change = 0.00012180
Epoch 40: avg decoder weight change = 0.00013356
Epoch 41: avg decoder weight change = 0.00013548
Epoch 42: avg decoder weight change = 0.00012567
Epoch 43: avg decoder weight change = 0.00016793
Epoch 44: avg decoder weight change = 0.00015813
Epoch 45: avg decoder weight change = 0.00017692
Exp has been early stopped!
