USHCN MS 2-scale (gated): scales=1,2 strides=1,2
==== Seed 1 ====
PID, device: 3967356 cuda
Total records: 1114
Dataset n_samples: 1114 668 223 223
Test record ids (first 20): [886, 101, 1120, 730, 291, 875, 958, 260, 128, 1043, 620, 88, 1005, 872, 617, 538, 508, 44, 273, 817]
Test record ids (last 20): [982, 275, 991, 997, 66, 801, 67, 942, 12, 361, 555, 710, 333, 1017, 851, 184, 882, 509, 726, 587]
data_max: tensor([37.2551, 36.6691, 38.2520,  3.0401,  2.9104], device='cuda:0')
data_min: tensor([-0.3057, -0.1280, -0.1738, -3.8821, -4.1854], device='cuda:0')
time_max: tensor(48., device='cuda:0')
Dataset n_samples after time split: 26736 16032 5352 5352
[USHCN-MS] batch keys: ['X_list', 'tt_list', 'mk_list', 'npatches', 'tp_to_predict', 'data_to_predict', 'mask_predicted_data']
[USHCN-MS] #scales: 2
[USHCN-MS] per-scale shapes: [(192, 24, 8, 5), (192, 12, 11, 5)]
[USHCN-MS] data_to_predict: (192, 13, 5)
[USHCN-MS] mask_predicted_data sum: 1292.0
[USHCN-MS] tt_list mins/maxes: [(0.0, 0.999666690826416), (0.0, 0.999666690826416)]
[USHCN-MS] tp_to_predict min/max: 0.0 1.0416667461395264
[MS] use_ms=True fusion=gated scales=1,2 strides=1,2 npatches_per_scale=[24, 12]
decoder exists: True
fuse_proj exists: True
attn_V exists: False
attn_u exists: False
gate_mlp exists: True
Missing trainable params in optimizer: []
Missing count: 0
n_train_batches: 84
Epoch 0: avg decoder weight change = 0.00019986
Epoch 1: avg decoder weight change = 0.00007077
Epoch 2: avg decoder weight change = 0.00006982
Epoch 3: avg decoder weight change = 0.00006212
Epoch 4: avg decoder weight change = 0.00008865
Epoch 5: avg decoder weight change = 0.00005454
Epoch 6: avg decoder weight change = 0.00006493
Epoch 7: avg decoder weight change = 0.00008497
Epoch 8: avg decoder weight change = 0.00006557
Epoch 9: avg decoder weight change = 0.00007240
Epoch 10: avg decoder weight change = 0.00010187
Epoch 11: avg decoder weight change = 0.00008676
Epoch 12: avg decoder weight change = 0.00006555
Epoch 13: avg decoder weight change = 0.00011028
Epoch 14: avg decoder weight change = 0.00007573
Epoch 15: avg decoder weight change = 0.00010233
Epoch 16: avg decoder weight change = 0.00007990
Epoch 17: avg decoder weight change = 0.00011979
Epoch 18: avg decoder weight change = 0.00009663
Epoch 19: avg decoder weight change = 0.00012861
Epoch 20: avg decoder weight change = 0.00011496
Epoch 21: avg decoder weight change = 0.00011791
Epoch 22: avg decoder weight change = 0.00010966
Epoch 23: avg decoder weight change = 0.00010037
Epoch 24: avg decoder weight change = 0.00010703
Epoch 25: avg decoder weight change = 0.00010122
Epoch 26: avg decoder weight change = 0.00010951
Epoch 27: avg decoder weight change = 0.00011956
Epoch 28: avg decoder weight change = 0.00010765
Epoch 29: avg decoder weight change = 0.00011366
Epoch 30: avg decoder weight change = 0.00011608
Epoch 31: avg decoder weight change = 0.00011605
Epoch 32: avg decoder weight change = 0.00013888
Epoch 33: avg decoder weight change = 0.00013482
Epoch 34: avg decoder weight change = 0.00015263
Epoch 35: avg decoder weight change = 0.00014578
Epoch 36: avg decoder weight change = 0.00012248
Epoch 37: avg decoder weight change = 0.00015635
Epoch 38: avg decoder weight change = 0.00012869
Epoch 39: avg decoder weight change = 0.00012872
Epoch 40: avg decoder weight change = 0.00014180
Epoch 41: avg decoder weight change = 0.00013337
Epoch 42: avg decoder weight change = 0.00015949
Epoch 43: avg decoder weight change = 0.00015393
Epoch 44: avg decoder weight change = 0.00013980
Epoch 45: avg decoder weight change = 0.00015900
Epoch 46: avg decoder weight change = 0.00015662
Epoch 47: avg decoder weight change = 0.00014164
Epoch 48: avg decoder weight change = 0.00015680
Epoch 49: avg decoder weight change = 0.00018036
Epoch 50: avg decoder weight change = 0.00017236
Epoch 51: avg decoder weight change = 0.00018446
Epoch 52: avg decoder weight change = 0.00017613
Epoch 53: avg decoder weight change = 0.00015647
Exp has been early stopped!
==== Seed 2 ====
PID, device: 3982898 cuda
Total records: 1114
Dataset n_samples: 1114 668 223 223
Test record ids (first 20): [886, 101, 1120, 730, 291, 875, 958, 260, 128, 1043, 620, 88, 1005, 872, 617, 538, 508, 44, 273, 817]
Test record ids (last 20): [982, 275, 991, 997, 66, 801, 67, 942, 12, 361, 555, 710, 333, 1017, 851, 184, 882, 509, 726, 587]
data_max: tensor([37.2551, 36.6691, 38.2520,  3.0401,  2.9104], device='cuda:0')
data_min: tensor([-0.3057, -0.1280, -0.1738, -3.8821, -4.1854], device='cuda:0')
time_max: tensor(48., device='cuda:0')
Dataset n_samples after time split: 26736 16032 5352 5352
[USHCN-MS] batch keys: ['X_list', 'tt_list', 'mk_list', 'npatches', 'tp_to_predict', 'data_to_predict', 'mask_predicted_data']
[USHCN-MS] #scales: 2
[USHCN-MS] per-scale shapes: [(192, 24, 8, 5), (192, 12, 11, 5)]
[USHCN-MS] data_to_predict: (192, 13, 5)
[USHCN-MS] mask_predicted_data sum: 1292.0
[USHCN-MS] tt_list mins/maxes: [(0.0, 0.999666690826416), (0.0, 0.999666690826416)]
[USHCN-MS] tp_to_predict min/max: 0.0 1.0416667461395264
[MS] use_ms=True fusion=gated scales=1,2 strides=1,2 npatches_per_scale=[24, 12]
decoder exists: True
fuse_proj exists: True
attn_V exists: False
attn_u exists: False
gate_mlp exists: True
Missing trainable params in optimizer: []
Missing count: 0
n_train_batches: 84
Epoch 0: avg decoder weight change = 0.00022125
Epoch 1: avg decoder weight change = 0.00008587
Epoch 2: avg decoder weight change = 0.00008219
Epoch 3: avg decoder weight change = 0.00009795
Epoch 4: avg decoder weight change = 0.00012305
Epoch 5: avg decoder weight change = 0.00010354
Epoch 6: avg decoder weight change = 0.00012553
Epoch 7: avg decoder weight change = 0.00010524
Epoch 8: avg decoder weight change = 0.00011461
Epoch 9: avg decoder weight change = 0.00012740
Epoch 10: avg decoder weight change = 0.00012499
Epoch 11: avg decoder weight change = 0.00013530
Epoch 12: avg decoder weight change = 0.00013923
Epoch 13: avg decoder weight change = 0.00012672
Epoch 14: avg decoder weight change = 0.00012563
Epoch 15: avg decoder weight change = 0.00013788
Epoch 16: avg decoder weight change = 0.00013672
Epoch 17: avg decoder weight change = 0.00012359
Epoch 18: avg decoder weight change = 0.00014785
Epoch 19: avg decoder weight change = 0.00012617
Epoch 20: avg decoder weight change = 0.00014103
Epoch 21: avg decoder weight change = 0.00016035
Epoch 22: avg decoder weight change = 0.00014485
Epoch 23: avg decoder weight change = 0.00015500
Epoch 24: avg decoder weight change = 0.00016258
Epoch 25: avg decoder weight change = 0.00014415
Epoch 26: avg decoder weight change = 0.00014068
Epoch 27: avg decoder weight change = 0.00013532
Epoch 28: avg decoder weight change = 0.00016874
Epoch 29: avg decoder weight change = 0.00013630
Epoch 30: avg decoder weight change = 0.00016052
Epoch 31: avg decoder weight change = 0.00014779
Exp has been early stopped!
==== Seed 3 ====
PID, device: 3992936 cuda
Total records: 1114
Dataset n_samples: 1114 668 223 223
Test record ids (first 20): [886, 101, 1120, 730, 291, 875, 958, 260, 128, 1043, 620, 88, 1005, 872, 617, 538, 508, 44, 273, 817]
Test record ids (last 20): [982, 275, 991, 997, 66, 801, 67, 942, 12, 361, 555, 710, 333, 1017, 851, 184, 882, 509, 726, 587]
data_max: tensor([37.2551, 36.6691, 38.2520,  3.0401,  2.9104], device='cuda:0')
data_min: tensor([-0.3057, -0.1280, -0.1738, -3.8821, -4.1854], device='cuda:0')
time_max: tensor(48., device='cuda:0')
Dataset n_samples after time split: 26736 16032 5352 5352
[USHCN-MS] batch keys: ['X_list', 'tt_list', 'mk_list', 'npatches', 'tp_to_predict', 'data_to_predict', 'mask_predicted_data']
[USHCN-MS] #scales: 2
[USHCN-MS] per-scale shapes: [(192, 24, 8, 5), (192, 12, 11, 5)]
[USHCN-MS] data_to_predict: (192, 13, 5)
[USHCN-MS] mask_predicted_data sum: 1292.0
[USHCN-MS] tt_list mins/maxes: [(0.0, 0.999666690826416), (0.0, 0.999666690826416)]
[USHCN-MS] tp_to_predict min/max: 0.0 1.0416667461395264
[MS] use_ms=True fusion=gated scales=1,2 strides=1,2 npatches_per_scale=[24, 12]
decoder exists: True
fuse_proj exists: True
attn_V exists: False
attn_u exists: False
gate_mlp exists: True
Missing trainable params in optimizer: []
Missing count: 0
n_train_batches: 84
Epoch 0: avg decoder weight change = 0.00021478
Epoch 1: avg decoder weight change = 0.00008257
Epoch 2: avg decoder weight change = 0.00006656
Epoch 3: avg decoder weight change = 0.00006775
Epoch 4: avg decoder weight change = 0.00007507
Epoch 5: avg decoder weight change = 0.00008008
Epoch 6: avg decoder weight change = 0.00009071
Epoch 7: avg decoder weight change = 0.00007923
Epoch 8: avg decoder weight change = 0.00007563
Epoch 9: avg decoder weight change = 0.00009249
Epoch 10: avg decoder weight change = 0.00008375
Epoch 11: avg decoder weight change = 0.00009581
Epoch 12: avg decoder weight change = 0.00011646
Epoch 13: avg decoder weight change = 0.00010261
Epoch 14: avg decoder weight change = 0.00008730
Epoch 15: avg decoder weight change = 0.00011609
Epoch 16: avg decoder weight change = 0.00010329
Epoch 17: avg decoder weight change = 0.00011668
Epoch 18: avg decoder weight change = 0.00010664
Epoch 19: avg decoder weight change = 0.00014284
Epoch 20: avg decoder weight change = 0.00012885
Epoch 21: avg decoder weight change = 0.00013492
Epoch 22: avg decoder weight change = 0.00014751
Epoch 23: avg decoder weight change = 0.00013703
Epoch 24: avg decoder weight change = 0.00015902
Epoch 25: avg decoder weight change = 0.00013981
Epoch 26: avg decoder weight change = 0.00014662
Epoch 27: avg decoder weight change = 0.00015392
Epoch 28: avg decoder weight change = 0.00016620
Epoch 29: avg decoder weight change = 0.00015365
Epoch 30: avg decoder weight change = 0.00015713
Epoch 31: avg decoder weight change = 0.00015138
Epoch 32: avg decoder weight change = 0.00014892
Epoch 33: avg decoder weight change = 0.00016418
Epoch 34: avg decoder weight change = 0.00016361
Epoch 35: avg decoder weight change = 0.00013882
Epoch 36: avg decoder weight change = 0.00016292
Epoch 37: avg decoder weight change = 0.00017223
Epoch 38: avg decoder weight change = 0.00021673
Epoch 39: avg decoder weight change = 0.00014922
Epoch 40: avg decoder weight change = 0.00016617
Epoch 41: avg decoder weight change = 0.00014538
Epoch 42: avg decoder weight change = 0.00020123
Epoch 43: avg decoder weight change = 0.00013802
Epoch 44: avg decoder weight change = 0.00016123
Epoch 45: avg decoder weight change = 0.00014678
Exp has been early stopped!
==== Seed 4 ====
PID, device: 4005611 cuda
Total records: 1114
Dataset n_samples: 1114 668 223 223
Test record ids (first 20): [886, 101, 1120, 730, 291, 875, 958, 260, 128, 1043, 620, 88, 1005, 872, 617, 538, 508, 44, 273, 817]
Test record ids (last 20): [982, 275, 991, 997, 66, 801, 67, 942, 12, 361, 555, 710, 333, 1017, 851, 184, 882, 509, 726, 587]
data_max: tensor([37.2551, 36.6691, 38.2520,  3.0401,  2.9104], device='cuda:0')
data_min: tensor([-0.3057, -0.1280, -0.1738, -3.8821, -4.1854], device='cuda:0')
time_max: tensor(48., device='cuda:0')
Dataset n_samples after time split: 26736 16032 5352 5352
[USHCN-MS] batch keys: ['X_list', 'tt_list', 'mk_list', 'npatches', 'tp_to_predict', 'data_to_predict', 'mask_predicted_data']
[USHCN-MS] #scales: 2
[USHCN-MS] per-scale shapes: [(192, 24, 8, 5), (192, 12, 11, 5)]
[USHCN-MS] data_to_predict: (192, 13, 5)
[USHCN-MS] mask_predicted_data sum: 1292.0
[USHCN-MS] tt_list mins/maxes: [(0.0, 0.999666690826416), (0.0, 0.999666690826416)]
[USHCN-MS] tp_to_predict min/max: 0.0 1.0416667461395264
[MS] use_ms=True fusion=gated scales=1,2 strides=1,2 npatches_per_scale=[24, 12]
decoder exists: True
fuse_proj exists: True
attn_V exists: False
attn_u exists: False
gate_mlp exists: True
Missing trainable params in optimizer: []
Missing count: 0
n_train_batches: 84
Epoch 0: avg decoder weight change = 0.00017180
Epoch 1: avg decoder weight change = 0.00005407
Epoch 2: avg decoder weight change = 0.00006726
Epoch 3: avg decoder weight change = 0.00006136
Epoch 4: avg decoder weight change = 0.00006539
Epoch 5: avg decoder weight change = 0.00005707
Epoch 6: avg decoder weight change = 0.00006139
Epoch 7: avg decoder weight change = 0.00008558
Epoch 8: avg decoder weight change = 0.00009131
Epoch 9: avg decoder weight change = 0.00011625
Epoch 10: avg decoder weight change = 0.00010676
Epoch 11: avg decoder weight change = 0.00007983
Epoch 12: avg decoder weight change = 0.00007477
Epoch 13: avg decoder weight change = 0.00008701
Epoch 14: avg decoder weight change = 0.00013194
Epoch 15: avg decoder weight change = 0.00011998
Epoch 16: avg decoder weight change = 0.00009300
Epoch 17: avg decoder weight change = 0.00009367
Epoch 18: avg decoder weight change = 0.00011094
Epoch 19: avg decoder weight change = 0.00009962
Epoch 20: avg decoder weight change = 0.00010299
Epoch 21: avg decoder weight change = 0.00013505
Epoch 22: avg decoder weight change = 0.00012452
Epoch 23: avg decoder weight change = 0.00013996
Epoch 24: avg decoder weight change = 0.00012631
Epoch 25: avg decoder weight change = 0.00014117
Epoch 26: avg decoder weight change = 0.00012578
Epoch 27: avg decoder weight change = 0.00014917
Epoch 28: avg decoder weight change = 0.00011325
Epoch 29: avg decoder weight change = 0.00013373
Epoch 30: avg decoder weight change = 0.00014823
Epoch 31: avg decoder weight change = 0.00014239
Epoch 32: avg decoder weight change = 0.00012282
Epoch 33: avg decoder weight change = 0.00013092
Exp has been early stopped!
==== Seed 5 ====
PID, device: 4015400 cuda
Total records: 1114
Dataset n_samples: 1114 668 223 223
Test record ids (first 20): [886, 101, 1120, 730, 291, 875, 958, 260, 128, 1043, 620, 88, 1005, 872, 617, 538, 508, 44, 273, 817]
Test record ids (last 20): [982, 275, 991, 997, 66, 801, 67, 942, 12, 361, 555, 710, 333, 1017, 851, 184, 882, 509, 726, 587]
data_max: tensor([37.2551, 36.6691, 38.2520,  3.0401,  2.9104], device='cuda:0')
data_min: tensor([-0.3057, -0.1280, -0.1738, -3.8821, -4.1854], device='cuda:0')
time_max: tensor(48., device='cuda:0')
Dataset n_samples after time split: 26736 16032 5352 5352
[USHCN-MS] batch keys: ['X_list', 'tt_list', 'mk_list', 'npatches', 'tp_to_predict', 'data_to_predict', 'mask_predicted_data']
[USHCN-MS] #scales: 2
[USHCN-MS] per-scale shapes: [(192, 24, 8, 5), (192, 12, 11, 5)]
[USHCN-MS] data_to_predict: (192, 13, 5)
[USHCN-MS] mask_predicted_data sum: 1292.0
[USHCN-MS] tt_list mins/maxes: [(0.0, 0.999666690826416), (0.0, 0.999666690826416)]
[USHCN-MS] tp_to_predict min/max: 0.0 1.0416667461395264
[MS] use_ms=True fusion=gated scales=1,2 strides=1,2 npatches_per_scale=[24, 12]
decoder exists: True
fuse_proj exists: True
attn_V exists: False
attn_u exists: False
gate_mlp exists: True
Missing trainable params in optimizer: []
Missing count: 0
n_train_batches: 84
Epoch 0: avg decoder weight change = 0.00023167
Epoch 1: avg decoder weight change = 0.00006521
Epoch 2: avg decoder weight change = 0.00005841
Epoch 3: avg decoder weight change = 0.00006897
Epoch 4: avg decoder weight change = 0.00008447
Epoch 5: avg decoder weight change = 0.00008734
Epoch 6: avg decoder weight change = 0.00010149
Epoch 7: avg decoder weight change = 0.00007731
Epoch 8: avg decoder weight change = 0.00009191
Epoch 9: avg decoder weight change = 0.00008789
Epoch 10: avg decoder weight change = 0.00010818
Epoch 11: avg decoder weight change = 0.00009850
Epoch 12: avg decoder weight change = 0.00009232
Epoch 13: avg decoder weight change = 0.00009912
Epoch 14: avg decoder weight change = 0.00011370
Epoch 15: avg decoder weight change = 0.00010697
Epoch 16: avg decoder weight change = 0.00012123
Epoch 17: avg decoder weight change = 0.00011701
Epoch 18: avg decoder weight change = 0.00013595
Epoch 19: avg decoder weight change = 0.00014883
Epoch 20: avg decoder weight change = 0.00012284
Epoch 21: avg decoder weight change = 0.00015607
Epoch 22: avg decoder weight change = 0.00014361
Epoch 23: avg decoder weight change = 0.00012984
Epoch 24: avg decoder weight change = 0.00011638
Epoch 25: avg decoder weight change = 0.00015687
Epoch 26: avg decoder weight change = 0.00013984
Epoch 27: avg decoder weight change = 0.00013280
Epoch 28: avg decoder weight change = 0.00016674
Epoch 29: avg decoder weight change = 0.00017474
Epoch 30: avg decoder weight change = 0.00018058
Epoch 31: avg decoder weight change = 0.00014070
Epoch 32: avg decoder weight change = 0.00015126
Epoch 33: avg decoder weight change = 0.00014538
Epoch 34: avg decoder weight change = 0.00013447
Epoch 35: avg decoder weight change = 0.00013403
Exp has been early stopped!
