/home/ouass/Test/MSP-IMTS/tPatchGNN/run_models.py
2026-03-18 15:50:08
run_models.py --dataset ushcn --state def --history 24 --batch_size 192 --lr 1e-3 --patience 20 --epoch 400 --nhead 1 --tf_layer 1 --nlayer 1 --te_dim 10 --node_dim 10 --hid_dim 32 --outlayer Linear --seed 1 --gpu 0 --multi_scales 1,2 --multi_strides 1,1 --metric per_dim --fusion gated
Namespace(multi_scales='1,2', multi_strides='1,1', fusion='gated', state='def', n=100000000, hop=1, nhead=1, tf_layer=1, nlayer=1, epoch=400, patience=20, history=24, patch_size=24, stride=24, logmode='a', lr=0.001, w_decay=0.0, batch_size=192, save='experiments/', load=None, seed=1, dataset='ushcn', quantization=0.0, model='tPatchGNN', outlayer='Linear', hid_dim=32, te_dim=10, node_dim=10, gpu='0', metric='per_dim', npatch=1, device=device(type='cuda'), PID=530499, n_months=48, pred_window=1, ndim=5)
- Epoch 000, ExpID 86134
Train - Loss (one batch): 0.47826
Val - Loss, MSE, RMSE, MAE, MAPE: 0.80462, 0.80462, 0.89701, 0.39781, -92.11%
Test - Best epoch, Loss, MSE, RMSE, MAE, MAPE: 0, 0.52720, 0.52720, 0.72609, 0.37236, -90.94%
Time spent: 15.09s
- Epoch 001, ExpID 86134
Train - Loss (one batch): 0.41192
Val - Loss, MSE, RMSE, MAE, MAPE: 0.71073, 0.71073, 0.84305, 0.32644, -52.96%
Test - Best epoch, Loss, MSE, RMSE, MAE, MAPE: 1, 0.51297, 0.51297, 0.71622, 0.30298, -50.59%
Time spent: 15.04s
- Epoch 002, ExpID 86134
Train - Loss (one batch): 0.30506
Val - Loss, MSE, RMSE, MAE, MAPE: 0.74530, 0.74530, 0.86331, 0.33653, -56.89%
Test - Best epoch, Loss, MSE, RMSE, MAE, MAPE: 1, 0.51297, 0.51297, 0.71622, 0.30298, -50.59%
Time spent: 12.72s
- Epoch 003, ExpID 86134
Train - Loss (one batch): 0.63173
Val - Loss, MSE, RMSE, MAE, MAPE: 0.70844, 0.70844, 0.84169, 0.33546, -49.97%
Test - Best epoch, Loss, MSE, RMSE, MAE, MAPE: 3, 0.50681, 0.50681, 0.71191, 0.31279, -48.07%
Time spent: 15.02s
- Epoch 004, ExpID 86134
Train - Loss (one batch): 0.41832
Val - Loss, MSE, RMSE, MAE, MAPE: 0.71548, 0.71548, 0.84586, 0.35174, -67.52%
Test - Best epoch, Loss, MSE, RMSE, MAE, MAPE: 3, 0.50681, 0.50681, 0.71191, 0.31279, -48.07%
Time spent: 12.72s
- Epoch 005, ExpID 86134
Train - Loss (one batch): 0.38317
Val - Loss, MSE, RMSE, MAE, MAPE: 0.71904, 0.71904, 0.84796, 0.33904, -63.54%
Test - Best epoch, Loss, MSE, RMSE, MAE, MAPE: 3, 0.50681, 0.50681, 0.71191, 0.31279, -48.07%
Time spent: 12.71s
- Epoch 006, ExpID 86134
Train - Loss (one batch): 0.47700
Val - Loss, MSE, RMSE, MAE, MAPE: 0.69350, 0.69350, 0.83277, 0.33258, -54.98%
Test - Best epoch, Loss, MSE, RMSE, MAE, MAPE: 6, 0.49985, 0.49985, 0.70700, 0.30878, -52.07%
Time spent: 15.02s
- Epoch 007, ExpID 86134
Train - Loss (one batch): 0.63569
Val - Loss, MSE, RMSE, MAE, MAPE: 0.70627, 0.70627, 0.84040, 0.33723, -63.37%
Test - Best epoch, Loss, MSE, RMSE, MAE, MAPE: 6, 0.49985, 0.49985, 0.70700, 0.30878, -52.07%
Time spent: 12.70s
- Epoch 008, ExpID 86134
Train - Loss (one batch): 0.49416
Val - Loss, MSE, RMSE, MAE, MAPE: 0.70813, 0.70813, 0.84150, 0.34131, -65.29%
Test - Best epoch, Loss, MSE, RMSE, MAE, MAPE: 6, 0.49985, 0.49985, 0.70700, 0.30878, -52.07%
Time spent: 12.71s
- Epoch 009, ExpID 86134
Train - Loss (one batch): 0.49386
Val - Loss, MSE, RMSE, MAE, MAPE: 0.72765, 0.72765, 0.85303, 0.35797, -73.79%
Test - Best epoch, Loss, MSE, RMSE, MAE, MAPE: 6, 0.49985, 0.49985, 0.70700, 0.30878, -52.07%
Time spent: 12.70s
- Epoch 010, ExpID 86134
Train - Loss (one batch): 0.41523
Val - Loss, MSE, RMSE, MAE, MAPE: 0.73445, 0.73445, 0.85700, 0.34998, -67.33%
Test - Best epoch, Loss, MSE, RMSE, MAE, MAPE: 6, 0.49985, 0.49985, 0.70700, 0.30878, -52.07%
Time spent: 12.71s
- Epoch 011, ExpID 86134
Train - Loss (one batch): 0.39644
Val - Loss, MSE, RMSE, MAE, MAPE: 0.73289, 0.73289, 0.85609, 0.32546, -54.61%
Test - Best epoch, Loss, MSE, RMSE, MAE, MAPE: 6, 0.49985, 0.49985, 0.70700, 0.30878, -52.07%
Time spent: 12.70s
- Epoch 012, ExpID 86134
Train - Loss (one batch): 0.32477
Val - Loss, MSE, RMSE, MAE, MAPE: 0.67499, 0.67499, 0.82158, 0.32233, -52.24%
Test - Best epoch, Loss, MSE, RMSE, MAE, MAPE: 12, 0.49541, 0.49541, 0.70385, 0.30086, -50.18%
Time spent: 15.01s
- Epoch 013, ExpID 86134
Train - Loss (one batch): 0.21933
Val - Loss, MSE, RMSE, MAE, MAPE: 0.68413, 0.68413, 0.82712, 0.32786, -52.53%
Test - Best epoch, Loss, MSE, RMSE, MAE, MAPE: 12, 0.49541, 0.49541, 0.70385, 0.30086, -50.18%
Time spent: 12.69s
- Epoch 014, ExpID 86134
Train - Loss (one batch): 0.53837
Val - Loss, MSE, RMSE, MAE, MAPE: 0.72139, 0.72139, 0.84935, 0.32113, -55.51%
Test - Best epoch, Loss, MSE, RMSE, MAE, MAPE: 12, 0.49541, 0.49541, 0.70385, 0.30086, -50.18%
Time spent: 12.71s
- Epoch 015, ExpID 86134
Train - Loss (one batch): 0.42497
Val - Loss, MSE, RMSE, MAE, MAPE: 0.68031, 0.68031, 0.82481, 0.33267, -55.24%
Test - Best epoch, Loss, MSE, RMSE, MAE, MAPE: 12, 0.49541, 0.49541, 0.70385, 0.30086, -50.18%
Time spent: 12.71s
- Epoch 016, ExpID 86134
Train - Loss (one batch): 0.28658
Val - Loss, MSE, RMSE, MAE, MAPE: 0.68180, 0.68180, 0.82571, 0.32843, -53.73%
Test - Best epoch, Loss, MSE, RMSE, MAE, MAPE: 12, 0.49541, 0.49541, 0.70385, 0.30086, -50.18%
Time spent: 12.71s
- Epoch 017, ExpID 86134
Train - Loss (one batch): 0.51395
Val - Loss, MSE, RMSE, MAE, MAPE: 0.70131, 0.70131, 0.83744, 0.32667, -55.64%
Test - Best epoch, Loss, MSE, RMSE, MAE, MAPE: 12, 0.49541, 0.49541, 0.70385, 0.30086, -50.18%
Time spent: 12.70s
- Epoch 018, ExpID 86134
Train - Loss (one batch): 0.32514
Val - Loss, MSE, RMSE, MAE, MAPE: 0.67897, 0.67897, 0.82400, 0.32354, -55.26%
Test - Best epoch, Loss, MSE, RMSE, MAE, MAPE: 12, 0.49541, 0.49541, 0.70385, 0.30086, -50.18%
Time spent: 12.71s
- Epoch 019, ExpID 86134
Train - Loss (one batch): 1.51058
Val - Loss, MSE, RMSE, MAE, MAPE: 0.64569, 0.64569, 0.80355, 0.33436, -61.22%
Test - Best epoch, Loss, MSE, RMSE, MAE, MAPE: 19, 0.50105, 0.50105, 0.70785, 0.31218, -58.92%
Time spent: 15.00s
- Epoch 020, ExpID 86134
Train - Loss (one batch): 0.22312
Val - Loss, MSE, RMSE, MAE, MAPE: 0.67018, 0.67018, 0.81865, 0.33205, -60.63%
Test - Best epoch, Loss, MSE, RMSE, MAE, MAPE: 19, 0.50105, 0.50105, 0.70785, 0.31218, -58.92%
Time spent: 12.69s
- Epoch 021, ExpID 86134
Train - Loss (one batch): 0.56841
Val - Loss, MSE, RMSE, MAE, MAPE: 0.68294, 0.68294, 0.82640, 0.32954, -59.20%
Test - Best epoch, Loss, MSE, RMSE, MAE, MAPE: 19, 0.50105, 0.50105, 0.70785, 0.31218, -58.92%
Time spent: 12.69s
- Epoch 022, ExpID 86134
Train - Loss (one batch): 0.31537
Val - Loss, MSE, RMSE, MAE, MAPE: 0.67436, 0.67436, 0.82119, 0.31948, -52.15%
Test - Best epoch, Loss, MSE, RMSE, MAE, MAPE: 19, 0.50105, 0.50105, 0.70785, 0.31218, -58.92%
Time spent: 12.71s
- Epoch 023, ExpID 86134
Train - Loss (one batch): 0.79941
Val - Loss, MSE, RMSE, MAE, MAPE: 0.66613, 0.66613, 0.81617, 0.34989, -73.27%
Test - Best epoch, Loss, MSE, RMSE, MAE, MAPE: 19, 0.50105, 0.50105, 0.70785, 0.31218, -58.92%
Time spent: 12.73s
- Epoch 024, ExpID 86134
Train - Loss (one batch): 0.58662
Val - Loss, MSE, RMSE, MAE, MAPE: 0.67928, 0.67928, 0.82419, 0.32904, -59.17%
Test - Best epoch, Loss, MSE, RMSE, MAE, MAPE: 19, 0.50105, 0.50105, 0.70785, 0.31218, -58.92%
Time spent: 12.72s
- Epoch 025, ExpID 86134
Train - Loss (one batch): 0.43359
Val - Loss, MSE, RMSE, MAE, MAPE: 0.65960, 0.65960, 0.81216, 0.32510, -56.45%
Test - Best epoch, Loss, MSE, RMSE, MAE, MAPE: 19, 0.50105, 0.50105, 0.70785, 0.31218, -58.92%
Time spent: 12.71s
- Epoch 026, ExpID 86134
Train - Loss (one batch): 0.37046
Val - Loss, MSE, RMSE, MAE, MAPE: 0.70079, 0.70079, 0.83713, 0.33661, -62.76%
Test - Best epoch, Loss, MSE, RMSE, MAE, MAPE: 19, 0.50105, 0.50105, 0.70785, 0.31218, -58.92%
Time spent: 12.72s
- Epoch 027, ExpID 86134
Train - Loss (one batch): 0.36667
Val - Loss, MSE, RMSE, MAE, MAPE: 0.68330, 0.68330, 0.82662, 0.33319, -61.15%
Test - Best epoch, Loss, MSE, RMSE, MAE, MAPE: 19, 0.50105, 0.50105, 0.70785, 0.31218, -58.92%
Time spent: 12.73s
- Epoch 028, ExpID 86134
Train - Loss (one batch): 0.35504
Val - Loss, MSE, RMSE, MAE, MAPE: 0.69233, 0.69233, 0.83206, 0.32569, -44.88%
Test - Best epoch, Loss, MSE, RMSE, MAE, MAPE: 19, 0.50105, 0.50105, 0.70785, 0.31218, -58.92%
Time spent: 12.70s
- Epoch 029, ExpID 86134
Train - Loss (one batch): 0.40797
Val - Loss, MSE, RMSE, MAE, MAPE: 0.65903, 0.65903, 0.81181, 0.33108, -63.32%
Test - Best epoch, Loss, MSE, RMSE, MAE, MAPE: 19, 0.50105, 0.50105, 0.70785, 0.31218, -58.92%
Time spent: 12.71s
- Epoch 030, ExpID 86134
Train - Loss (one batch): 0.24377
Val - Loss, MSE, RMSE, MAE, MAPE: 0.67225, 0.67225, 0.81991, 0.32865, -56.11%
Test - Best epoch, Loss, MSE, RMSE, MAE, MAPE: 19, 0.50105, 0.50105, 0.70785, 0.31218, -58.92%
Time spent: 12.71s
- Epoch 031, ExpID 86134
Train - Loss (one batch): 0.41563
Val - Loss, MSE, RMSE, MAE, MAPE: 0.69980, 0.69980, 0.83654, 0.34272, -64.07%
Test - Best epoch, Loss, MSE, RMSE, MAE, MAPE: 19, 0.50105, 0.50105, 0.70785, 0.31218, -58.92%
Time spent: 12.72s
- Epoch 032, ExpID 86134
Train - Loss (one batch): 0.41560
Val - Loss, MSE, RMSE, MAE, MAPE: 0.64586, 0.64586, 0.80365, 0.33153, -59.72%
Test - Best epoch, Loss, MSE, RMSE, MAE, MAPE: 19, 0.50105, 0.50105, 0.70785, 0.31218, -58.92%
Time spent: 12.72s
- Epoch 033, ExpID 86134
Train - Loss (one batch): 0.49982
Val - Loss, MSE, RMSE, MAE, MAPE: 0.67067, 0.67067, 0.81894, 0.33339, -63.85%
Test - Best epoch, Loss, MSE, RMSE, MAE, MAPE: 19, 0.50105, 0.50105, 0.70785, 0.31218, -58.92%
Time spent: 12.72s
- Epoch 034, ExpID 86134
Train - Loss (one batch): 0.57823
Val - Loss, MSE, RMSE, MAE, MAPE: 0.66842, 0.66842, 0.81757, 0.34055, -65.91%
Test - Best epoch, Loss, MSE, RMSE, MAE, MAPE: 19, 0.50105, 0.50105, 0.70785, 0.31218, -58.92%
Time spent: 12.69s
- Epoch 035, ExpID 86134
Train - Loss (one batch): 0.33506
Val - Loss, MSE, RMSE, MAE, MAPE: 0.66448, 0.66448, 0.81516, 0.32870, -55.26%
Test - Best epoch, Loss, MSE, RMSE, MAE, MAPE: 19, 0.50105, 0.50105, 0.70785, 0.31218, -58.92%
Time spent: 12.69s
- Epoch 036, ExpID 86134
Train - Loss (one batch): 0.38333
Val - Loss, MSE, RMSE, MAE, MAPE: 0.67093, 0.67093, 0.81910, 0.32066, -53.10%
Test - Best epoch, Loss, MSE, RMSE, MAE, MAPE: 19, 0.50105, 0.50105, 0.70785, 0.31218, -58.92%
Time spent: 12.70s
- Epoch 037, ExpID 86134
Train - Loss (one batch): 0.25288
Val - Loss, MSE, RMSE, MAE, MAPE: 0.68918, 0.68918, 0.83017, 0.33257, -62.27%
Test - Best epoch, Loss, MSE, RMSE, MAE, MAPE: 19, 0.50105, 0.50105, 0.70785, 0.31218, -58.92%
Time spent: 12.71s
- Epoch 038, ExpID 86134
Train - Loss (one batch): 0.43875
Val - Loss, MSE, RMSE, MAE, MAPE: 0.67846, 0.67846, 0.82369, 0.32759, -58.07%
Test - Best epoch, Loss, MSE, RMSE, MAE, MAPE: 19, 0.50105, 0.50105, 0.70785, 0.31218, -58.92%
Time spent: 12.70s
- Epoch 039, ExpID 86134
Train - Loss (one batch): 0.38110
Val - Loss, MSE, RMSE, MAE, MAPE: 0.70426, 0.70426, 0.83920, 0.34023, -64.12%
Test - Best epoch, Loss, MSE, RMSE, MAE, MAPE: 19, 0.50105, 0.50105, 0.70785, 0.31218, -58.92%
Time spent: 12.70s
/home/ouass/Test/MSP-IMTS/tPatchGNN/run_models.py
2026-03-18 15:58:57
run_models.py --dataset ushcn --state def --history 24 --batch_size 192 --lr 1e-3 --patience 20 --epoch 400 --nhead 1 --tf_layer 1 --nlayer 1 --te_dim 10 --node_dim 10 --hid_dim 32 --outlayer Linear --seed 2 --gpu 0 --multi_scales 1,2 --multi_strides 1,1 --metric per_dim --fusion gated
Namespace(multi_scales='1,2', multi_strides='1,1', fusion='gated', state='def', n=100000000, hop=1, nhead=1, tf_layer=1, nlayer=1, epoch=400, patience=20, history=24, patch_size=24, stride=24, logmode='a', lr=0.001, w_decay=0.0, batch_size=192, save='experiments/', load=None, seed=2, dataset='ushcn', quantization=0.0, model='tPatchGNN', outlayer='Linear', hid_dim=32, te_dim=10, node_dim=10, gpu='0', metric='per_dim', npatch=1, device=device(type='cuda'), PID=543369, n_months=48, pred_window=1, ndim=5)
- Epoch 000, ExpID 96206
Train - Loss (one batch): 0.67788
Val - Loss, MSE, RMSE, MAE, MAPE: 0.85513, 0.85513, 0.92473, 0.34793, -53.21%
Test - Best epoch, Loss, MSE, RMSE, MAE, MAPE: 0, 0.52610, 0.52610, 0.72533, 0.32270, -52.39%
Time spent: 15.17s
- Epoch 001, ExpID 96206
Train - Loss (one batch): 0.65035
Val - Loss, MSE, RMSE, MAE, MAPE: 0.79233, 0.79233, 0.89013, 0.36326, -72.48%
Test - Best epoch, Loss, MSE, RMSE, MAE, MAPE: 1, 0.51456, 0.51456, 0.71733, 0.33715, -69.05%
Time spent: 15.11s
- Epoch 002, ExpID 96206
Train - Loss (one batch): 0.39956
Val - Loss, MSE, RMSE, MAE, MAPE: 0.76364, 0.76364, 0.87386, 0.34865, -64.71%
Test - Best epoch, Loss, MSE, RMSE, MAE, MAPE: 2, 0.50920, 0.50920, 0.71358, 0.32269, -60.64%
Time spent: 15.10s
- Epoch 003, ExpID 96206
Train - Loss (one batch): 0.42242
Val - Loss, MSE, RMSE, MAE, MAPE: 0.74537, 0.74537, 0.86335, 0.32789, -50.96%
Test - Best epoch, Loss, MSE, RMSE, MAE, MAPE: 3, 0.50596, 0.50596, 0.71131, 0.30160, -46.82%
Time spent: 15.07s
- Epoch 004, ExpID 96206
Train - Loss (one batch): 0.41825
Val - Loss, MSE, RMSE, MAE, MAPE: 0.72098, 0.72098, 0.84911, 0.34020, -60.72%
Test - Best epoch, Loss, MSE, RMSE, MAE, MAPE: 4, 0.50453, 0.50453, 0.71031, 0.31776, -58.79%
Time spent: 15.09s
- Epoch 005, ExpID 96206
Train - Loss (one batch): 0.38714
Val - Loss, MSE, RMSE, MAE, MAPE: 0.72432, 0.72432, 0.85107, 0.32895, -52.18%
Test - Best epoch, Loss, MSE, RMSE, MAE, MAPE: 4, 0.50453, 0.50453, 0.71031, 0.31776, -58.79%
Time spent: 12.78s
- Epoch 006, ExpID 96206
Train - Loss (one batch): 0.37872
Val - Loss, MSE, RMSE, MAE, MAPE: 0.70351, 0.70351, 0.83875, 0.34451, -62.71%
Test - Best epoch, Loss, MSE, RMSE, MAE, MAPE: 6, 0.50598, 0.50598, 0.71132, 0.32049, -59.49%
Time spent: 15.11s
- Epoch 007, ExpID 96206
Train - Loss (one batch): 0.41238
Val - Loss, MSE, RMSE, MAE, MAPE: 0.70086, 0.70086, 0.83718, 0.33236, -57.24%
Test - Best epoch, Loss, MSE, RMSE, MAE, MAPE: 7, 0.49891, 0.49891, 0.70634, 0.30959, -55.25%
Time spent: 15.09s
- Epoch 008, ExpID 96206
Train - Loss (one batch): 0.24952
Val - Loss, MSE, RMSE, MAE, MAPE: 0.69014, 0.69014, 0.83075, 0.32835, -53.42%
Test - Best epoch, Loss, MSE, RMSE, MAE, MAPE: 8, 0.49793, 0.49793, 0.70564, 0.30422, -49.95%
Time spent: 15.11s
- Epoch 009, ExpID 96206
Train - Loss (one batch): 0.62177
Val - Loss, MSE, RMSE, MAE, MAPE: 0.68478, 0.68478, 0.82752, 0.32330, -49.21%
Test - Best epoch, Loss, MSE, RMSE, MAE, MAPE: 9, 0.49632, 0.49632, 0.70450, 0.30080, -47.75%
Time spent: 15.10s
- Epoch 010, ExpID 96206
Train - Loss (one batch): 0.42304
Val - Loss, MSE, RMSE, MAE, MAPE: 0.69195, 0.69195, 0.83183, 0.33982, -62.44%
Test - Best epoch, Loss, MSE, RMSE, MAE, MAPE: 9, 0.49632, 0.49632, 0.70450, 0.30080, -47.75%
Time spent: 12.81s
- Epoch 011, ExpID 96206
Train - Loss (one batch): 0.41720
Val - Loss, MSE, RMSE, MAE, MAPE: 0.71965, 0.71965, 0.84832, 0.33561, -62.24%
Test - Best epoch, Loss, MSE, RMSE, MAE, MAPE: 9, 0.49632, 0.49632, 0.70450, 0.30080, -47.75%
Time spent: 12.79s
- Epoch 012, ExpID 96206
Train - Loss (one batch): 0.47368
Val - Loss, MSE, RMSE, MAE, MAPE: 0.68243, 0.68243, 0.82610, 0.33535, -60.07%
Test - Best epoch, Loss, MSE, RMSE, MAE, MAPE: 12, 0.49768, 0.49768, 0.70546, 0.31359, -56.76%
Time spent: 15.10s
- Epoch 013, ExpID 96206
Train - Loss (one batch): 0.56257
Val - Loss, MSE, RMSE, MAE, MAPE: 0.70063, 0.70063, 0.83703, 0.32652, -52.57%
Test - Best epoch, Loss, MSE, RMSE, MAE, MAPE: 12, 0.49768, 0.49768, 0.70546, 0.31359, -56.76%
Time spent: 12.79s
- Epoch 014, ExpID 96206
Train - Loss (one batch): 0.86075
Val - Loss, MSE, RMSE, MAE, MAPE: 0.68442, 0.68442, 0.82730, 0.32501, -52.72%
Test - Best epoch, Loss, MSE, RMSE, MAE, MAPE: 12, 0.49768, 0.49768, 0.70546, 0.31359, -56.76%
Time spent: 12.80s
- Epoch 015, ExpID 96206
Train - Loss (one batch): 0.91571
Val - Loss, MSE, RMSE, MAE, MAPE: 0.72798, 0.72798, 0.85322, 0.33226, -59.05%
Test - Best epoch, Loss, MSE, RMSE, MAE, MAPE: 12, 0.49768, 0.49768, 0.70546, 0.31359, -56.76%
Time spent: 12.79s
- Epoch 016, ExpID 96206
Train - Loss (one batch): 0.29742
Val - Loss, MSE, RMSE, MAE, MAPE: 0.70661, 0.70661, 0.84060, 0.33625, -56.41%
Test - Best epoch, Loss, MSE, RMSE, MAE, MAPE: 12, 0.49768, 0.49768, 0.70546, 0.31359, -56.76%
Time spent: 12.77s
- Epoch 017, ExpID 96206
Train - Loss (one batch): 0.28760
Val - Loss, MSE, RMSE, MAE, MAPE: 0.71586, 0.71586, 0.84609, 0.31989, -43.66%
Test - Best epoch, Loss, MSE, RMSE, MAE, MAPE: 12, 0.49768, 0.49768, 0.70546, 0.31359, -56.76%
Time spent: 12.78s
- Epoch 018, ExpID 96206
Train - Loss (one batch): 0.44411
Val - Loss, MSE, RMSE, MAE, MAPE: 0.71315, 0.71315, 0.84448, 0.32343, -53.66%
Test - Best epoch, Loss, MSE, RMSE, MAE, MAPE: 12, 0.49768, 0.49768, 0.70546, 0.31359, -56.76%
Time spent: 12.78s
- Epoch 019, ExpID 96206
Train - Loss (one batch): 0.27430
Val - Loss, MSE, RMSE, MAE, MAPE: 0.70780, 0.70780, 0.84131, 0.33311, -59.12%
Test - Best epoch, Loss, MSE, RMSE, MAE, MAPE: 12, 0.49768, 0.49768, 0.70546, 0.31359, -56.76%
Time spent: 12.79s
- Epoch 020, ExpID 96206
Train - Loss (one batch): 0.55021
Val - Loss, MSE, RMSE, MAE, MAPE: 0.70465, 0.70465, 0.83944, 0.33779, -60.72%
Test - Best epoch, Loss, MSE, RMSE, MAE, MAPE: 12, 0.49768, 0.49768, 0.70546, 0.31359, -56.76%
Time spent: 12.80s
- Epoch 021, ExpID 96206
Train - Loss (one batch): 0.30280
Val - Loss, MSE, RMSE, MAE, MAPE: 0.66855, 0.66855, 0.81765, 0.32414, -53.83%
Test - Best epoch, Loss, MSE, RMSE, MAE, MAPE: 21, 0.49809, 0.49809, 0.70576, 0.30290, -51.41%
Time spent: 15.11s
- Epoch 022, ExpID 96206
Train - Loss (one batch): 0.40079
Val - Loss, MSE, RMSE, MAE, MAPE: 0.67951, 0.67951, 0.82432, 0.32589, -53.50%
Test - Best epoch, Loss, MSE, RMSE, MAE, MAPE: 21, 0.49809, 0.49809, 0.70576, 0.30290, -51.41%
Time spent: 12.78s
- Epoch 023, ExpID 96206
Train - Loss (one batch): 0.24725
Val - Loss, MSE, RMSE, MAE, MAPE: 0.68601, 0.68601, 0.82826, 0.33168, -54.59%
Test - Best epoch, Loss, MSE, RMSE, MAE, MAPE: 21, 0.49809, 0.49809, 0.70576, 0.30290, -51.41%
Time spent: 12.78s
- Epoch 024, ExpID 96206
Train - Loss (one batch): 0.63138
Val - Loss, MSE, RMSE, MAE, MAPE: 0.70124, 0.70124, 0.83740, 0.32133, -54.75%
Test - Best epoch, Loss, MSE, RMSE, MAE, MAPE: 21, 0.49809, 0.49809, 0.70576, 0.30290, -51.41%
Time spent: 12.80s
- Epoch 025, ExpID 96206
Train - Loss (one batch): 0.52867
Val - Loss, MSE, RMSE, MAE, MAPE: 0.69501, 0.69501, 0.83367, 0.32652, -51.99%
Test - Best epoch, Loss, MSE, RMSE, MAE, MAPE: 21, 0.49809, 0.49809, 0.70576, 0.30290, -51.41%
Time spent: 12.79s
- Epoch 026, ExpID 96206
Train - Loss (one batch): 0.40048
Val - Loss, MSE, RMSE, MAE, MAPE: 0.69999, 0.69999, 0.83665, 0.32769, -51.83%
Test - Best epoch, Loss, MSE, RMSE, MAE, MAPE: 21, 0.49809, 0.49809, 0.70576, 0.30290, -51.41%
Time spent: 12.79s
- Epoch 027, ExpID 96206
Train - Loss (one batch): 0.20070
Val - Loss, MSE, RMSE, MAE, MAPE: 0.69192, 0.69192, 0.83182, 0.31769, -48.07%
Test - Best epoch, Loss, MSE, RMSE, MAE, MAPE: 21, 0.49809, 0.49809, 0.70576, 0.30290, -51.41%
Time spent: 12.79s
- Epoch 028, ExpID 96206
Train - Loss (one batch): 0.49369
Val - Loss, MSE, RMSE, MAE, MAPE: 0.67846, 0.67846, 0.82369, 0.32177, -52.29%
Test - Best epoch, Loss, MSE, RMSE, MAE, MAPE: 21, 0.49809, 0.49809, 0.70576, 0.30290, -51.41%
Time spent: 12.79s
- Epoch 029, ExpID 96206
Train - Loss (one batch): 0.47004
Val - Loss, MSE, RMSE, MAE, MAPE: 0.67859, 0.67859, 0.82376, 0.33033, -58.99%
Test - Best epoch, Loss, MSE, RMSE, MAE, MAPE: 21, 0.49809, 0.49809, 0.70576, 0.30290, -51.41%
Time spent: 12.78s
- Epoch 030, ExpID 96206
Train - Loss (one batch): 0.31257
Val - Loss, MSE, RMSE, MAE, MAPE: 0.66208, 0.66208, 0.81368, 0.32528, -54.84%
Test - Best epoch, Loss, MSE, RMSE, MAE, MAPE: 30, 0.49944, 0.49944, 0.70671, 0.30411, -54.19%
Time spent: 15.11s
- Epoch 031, ExpID 96206
Train - Loss (one batch): 0.81570
Val - Loss, MSE, RMSE, MAE, MAPE: 0.66584, 0.66584, 0.81599, 0.32945, -57.96%
Test - Best epoch, Loss, MSE, RMSE, MAE, MAPE: 30, 0.49944, 0.49944, 0.70671, 0.30411, -54.19%
Time spent: 12.80s
- Epoch 032, ExpID 96206
Train - Loss (one batch): 0.38219
Val - Loss, MSE, RMSE, MAE, MAPE: 0.69111, 0.69111, 0.83133, 0.32363, -55.91%
Test - Best epoch, Loss, MSE, RMSE, MAE, MAPE: 30, 0.49944, 0.49944, 0.70671, 0.30411, -54.19%
Time spent: 12.78s
- Epoch 033, ExpID 96206
Train - Loss (one batch): 0.36359
Val - Loss, MSE, RMSE, MAE, MAPE: 0.68461, 0.68461, 0.82741, 0.32684, -52.89%
Test - Best epoch, Loss, MSE, RMSE, MAE, MAPE: 30, 0.49944, 0.49944, 0.70671, 0.30411, -54.19%
Time spent: 12.79s
- Epoch 034, ExpID 96206
Train - Loss (one batch): 0.32934
Val - Loss, MSE, RMSE, MAE, MAPE: 0.70867, 0.70867, 0.84183, 0.32664, -55.64%
Test - Best epoch, Loss, MSE, RMSE, MAE, MAPE: 30, 0.49944, 0.49944, 0.70671, 0.30411, -54.19%
Time spent: 12.78s
- Epoch 035, ExpID 96206
Train - Loss (one batch): 0.31234
Val - Loss, MSE, RMSE, MAE, MAPE: 0.68495, 0.68495, 0.82761, 0.32734, -53.61%
Test - Best epoch, Loss, MSE, RMSE, MAE, MAPE: 30, 0.49944, 0.49944, 0.70671, 0.30411, -54.19%
Time spent: 12.79s
- Epoch 036, ExpID 96206
Train - Loss (one batch): 0.35373
Val - Loss, MSE, RMSE, MAE, MAPE: 0.69089, 0.69089, 0.83120, 0.32991, -58.38%
Test - Best epoch, Loss, MSE, RMSE, MAE, MAPE: 30, 0.49944, 0.49944, 0.70671, 0.30411, -54.19%
Time spent: 12.79s
- Epoch 037, ExpID 96206
Train - Loss (one batch): 0.33075
Val - Loss, MSE, RMSE, MAE, MAPE: 0.70651, 0.70651, 0.84054, 0.32758, -54.20%
Test - Best epoch, Loss, MSE, RMSE, MAE, MAPE: 30, 0.49944, 0.49944, 0.70671, 0.30411, -54.19%
Time spent: 12.80s
- Epoch 038, ExpID 96206
Train - Loss (one batch): 0.80186
Val - Loss, MSE, RMSE, MAE, MAPE: 0.66987, 0.66987, 0.81846, 0.32625, -55.20%
Test - Best epoch, Loss, MSE, RMSE, MAE, MAPE: 30, 0.49944, 0.49944, 0.70671, 0.30411, -54.19%
Time spent: 12.79s
- Epoch 039, ExpID 96206
Train - Loss (one batch): 0.35362
Val - Loss, MSE, RMSE, MAE, MAPE: 0.68760, 0.68760, 0.82922, 0.32554, -56.09%
Test - Best epoch, Loss, MSE, RMSE, MAE, MAPE: 30, 0.49944, 0.49944, 0.70671, 0.30411, -54.19%
Time spent: 12.77s
- Epoch 040, ExpID 96206
Train - Loss (one batch): 0.46877
Val - Loss, MSE, RMSE, MAE, MAPE: 0.69049, 0.69049, 0.83096, 0.33290, -60.18%
Test - Best epoch, Loss, MSE, RMSE, MAE, MAPE: 30, 0.49944, 0.49944, 0.70671, 0.30411, -54.19%
Time spent: 12.79s
- Epoch 041, ExpID 96206
Train - Loss (one batch): 0.42073
Val - Loss, MSE, RMSE, MAE, MAPE: 0.68493, 0.68493, 0.82761, 0.32043, -41.94%
Test - Best epoch, Loss, MSE, RMSE, MAE, MAPE: 30, 0.49944, 0.49944, 0.70671, 0.30411, -54.19%
Time spent: 12.78s
- Epoch 042, ExpID 96206
Train - Loss (one batch): 0.46513
Val - Loss, MSE, RMSE, MAE, MAPE: 0.68740, 0.68740, 0.82910, 0.32715, -55.69%
Test - Best epoch, Loss, MSE, RMSE, MAE, MAPE: 30, 0.49944, 0.49944, 0.70671, 0.30411, -54.19%
Time spent: 12.78s
- Epoch 043, ExpID 96206
Train - Loss (one batch): 0.40853
Val - Loss, MSE, RMSE, MAE, MAPE: 0.70383, 0.70383, 0.83894, 0.32349, -52.92%
Test - Best epoch, Loss, MSE, RMSE, MAE, MAPE: 30, 0.49944, 0.49944, 0.70671, 0.30411, -54.19%
Time spent: 12.77s
- Epoch 044, ExpID 96206
Train - Loss (one batch): 0.52562
Val - Loss, MSE, RMSE, MAE, MAPE: 0.70813, 0.70813, 0.84151, 0.33395, -59.67%
Test - Best epoch, Loss, MSE, RMSE, MAE, MAPE: 30, 0.49944, 0.49944, 0.70671, 0.30411, -54.19%
Time spent: 12.80s
- Epoch 045, ExpID 96206
Train - Loss (one batch): 0.38257
Val - Loss, MSE, RMSE, MAE, MAPE: 0.67659, 0.67659, 0.82255, 0.31941, -49.54%
Test - Best epoch, Loss, MSE, RMSE, MAE, MAPE: 30, 0.49944, 0.49944, 0.70671, 0.30411, -54.19%
Time spent: 12.78s
- Epoch 046, ExpID 96206
Train - Loss (one batch): 0.45393
Val - Loss, MSE, RMSE, MAE, MAPE: 0.68360, 0.68360, 0.82680, 0.32227, -50.78%
Test - Best epoch, Loss, MSE, RMSE, MAE, MAPE: 30, 0.49944, 0.49944, 0.70671, 0.30411, -54.19%
Time spent: 12.76s
- Epoch 047, ExpID 96206
Train - Loss (one batch): 0.22823
Val - Loss, MSE, RMSE, MAE, MAPE: 0.69110, 0.69110, 0.83132, 0.33404, -62.77%
Test - Best epoch, Loss, MSE, RMSE, MAE, MAPE: 30, 0.49944, 0.49944, 0.70671, 0.30411, -54.19%
Time spent: 12.76s
- Epoch 048, ExpID 96206
Train - Loss (one batch): 0.31302
Val - Loss, MSE, RMSE, MAE, MAPE: 0.72667, 0.72667, 0.85245, 0.31846, -47.57%
Test - Best epoch, Loss, MSE, RMSE, MAE, MAPE: 30, 0.49944, 0.49944, 0.70671, 0.30411, -54.19%
Time spent: 12.78s
- Epoch 049, ExpID 96206
Train - Loss (one batch): 0.64575
Val - Loss, MSE, RMSE, MAE, MAPE: 0.70199, 0.70199, 0.83785, 0.31912, -50.25%
Test - Best epoch, Loss, MSE, RMSE, MAE, MAPE: 30, 0.49944, 0.49944, 0.70671, 0.30411, -54.19%
Time spent: 12.77s
- Epoch 050, ExpID 96206
Train - Loss (one batch): 0.44028
Val - Loss, MSE, RMSE, MAE, MAPE: 0.69921, 0.69921, 0.83619, 0.31743, -44.81%
Test - Best epoch, Loss, MSE, RMSE, MAE, MAPE: 30, 0.49944, 0.49944, 0.70671, 0.30411, -54.19%
Time spent: 12.80s
/home/ouass/Test/MSP-IMTS/tPatchGNN/run_models.py
2026-03-18 16:10:24
run_models.py --dataset ushcn --state def --history 24 --batch_size 192 --lr 1e-3 --patience 20 --epoch 400 --nhead 1 --tf_layer 1 --nlayer 1 --te_dim 10 --node_dim 10 --hid_dim 32 --outlayer Linear --seed 3 --gpu 0 --multi_scales 1,2 --multi_strides 1,1 --metric per_dim --fusion gated
Namespace(multi_scales='1,2', multi_strides='1,1', fusion='gated', state='def', n=100000000, hop=1, nhead=1, tf_layer=1, nlayer=1, epoch=400, patience=20, history=24, patch_size=24, stride=24, logmode='a', lr=0.001, w_decay=0.0, batch_size=192, save='experiments/', load=None, seed=3, dataset='ushcn', quantization=0.0, model='tPatchGNN', outlayer='Linear', hid_dim=32, te_dim=10, node_dim=10, gpu='0', metric='per_dim', npatch=1, device=device(type='cuda'), PID=559884, n_months=48, pred_window=1, ndim=5)
- Epoch 000, ExpID 18727
Train - Loss (one batch): 0.38456
Val - Loss, MSE, RMSE, MAE, MAPE: 0.76835, 0.76835, 0.87655, 0.38843, -89.59%
Test - Best epoch, Loss, MSE, RMSE, MAE, MAPE: 0, 0.52326, 0.52326, 0.72337, 0.36288, -86.28%
Time spent: 15.16s
- Epoch 001, ExpID 18727
Train - Loss (one batch): 0.97717
Val - Loss, MSE, RMSE, MAE, MAPE: 0.76188, 0.76188, 0.87286, 0.34348, -51.64%
Test - Best epoch, Loss, MSE, RMSE, MAE, MAPE: 1, 0.51955, 0.51955, 0.72079, 0.31970, -49.35%
Time spent: 15.08s
- Epoch 002, ExpID 18727
Train - Loss (one batch): 0.34927
Val - Loss, MSE, RMSE, MAE, MAPE: 0.69568, 0.69568, 0.83408, 0.33466, -59.86%
Test - Best epoch, Loss, MSE, RMSE, MAE, MAPE: 2, 0.50400, 0.50400, 0.70993, 0.31117, -56.31%
Time spent: 15.05s
- Epoch 003, ExpID 18727
Train - Loss (one batch): 0.43720
Val - Loss, MSE, RMSE, MAE, MAPE: 0.70651, 0.70651, 0.84054, 0.33554, -61.78%
Test - Best epoch, Loss, MSE, RMSE, MAE, MAPE: 2, 0.50400, 0.50400, 0.70993, 0.31117, -56.31%
Time spent: 12.76s
- Epoch 004, ExpID 18727
Train - Loss (one batch): 0.75003
Val - Loss, MSE, RMSE, MAE, MAPE: 0.71039, 0.71039, 0.84284, 0.34169, -63.26%
Test - Best epoch, Loss, MSE, RMSE, MAE, MAPE: 2, 0.50400, 0.50400, 0.70993, 0.31117, -56.31%
Time spent: 12.75s
- Epoch 005, ExpID 18727
Train - Loss (one batch): 0.48670
Val - Loss, MSE, RMSE, MAE, MAPE: 0.67645, 0.67645, 0.82247, 0.32868, -56.80%
Test - Best epoch, Loss, MSE, RMSE, MAE, MAPE: 5, 0.49876, 0.49876, 0.70623, 0.30605, -53.76%
Time spent: 15.09s
- Epoch 006, ExpID 18727
Train - Loss (one batch): 0.36987
Val - Loss, MSE, RMSE, MAE, MAPE: 0.71969, 0.71969, 0.84835, 0.33755, -59.59%
Test - Best epoch, Loss, MSE, RMSE, MAE, MAPE: 5, 0.49876, 0.49876, 0.70623, 0.30605, -53.76%
Time spent: 12.75s
- Epoch 007, ExpID 18727
Train - Loss (one batch): 0.34159
Val - Loss, MSE, RMSE, MAE, MAPE: 0.72240, 0.72240, 0.84994, 0.32964, -54.37%
Test - Best epoch, Loss, MSE, RMSE, MAE, MAPE: 5, 0.49876, 0.49876, 0.70623, 0.30605, -53.76%
Time spent: 12.77s
- Epoch 008, ExpID 18727
Train - Loss (one batch): 0.45845
Val - Loss, MSE, RMSE, MAE, MAPE: 0.70643, 0.70643, 0.84049, 0.31800, -50.14%
Test - Best epoch, Loss, MSE, RMSE, MAE, MAPE: 5, 0.49876, 0.49876, 0.70623, 0.30605, -53.76%
Time spent: 12.78s
- Epoch 009, ExpID 18727
Train - Loss (one batch): 0.38978
Val - Loss, MSE, RMSE, MAE, MAPE: 0.69064, 0.69064, 0.83104, 0.32112, -53.99%
Test - Best epoch, Loss, MSE, RMSE, MAE, MAPE: 5, 0.49876, 0.49876, 0.70623, 0.30605, -53.76%
Time spent: 12.76s
- Epoch 010, ExpID 18727
Train - Loss (one batch): 0.44875
Val - Loss, MSE, RMSE, MAE, MAPE: 0.68097, 0.68097, 0.82521, 0.32537, -58.14%
Test - Best epoch, Loss, MSE, RMSE, MAE, MAPE: 5, 0.49876, 0.49876, 0.70623, 0.30605, -53.76%
Time spent: 12.78s
- Epoch 011, ExpID 18727
Train - Loss (one batch): 0.33959
Val - Loss, MSE, RMSE, MAE, MAPE: 0.67951, 0.67951, 0.82432, 0.33030, -59.35%
Test - Best epoch, Loss, MSE, RMSE, MAE, MAPE: 5, 0.49876, 0.49876, 0.70623, 0.30605, -53.76%
Time spent: 12.75s
- Epoch 012, ExpID 18727
Train - Loss (one batch): 0.21162
Val - Loss, MSE, RMSE, MAE, MAPE: 0.68179, 0.68179, 0.82571, 0.32032, -55.61%
Test - Best epoch, Loss, MSE, RMSE, MAE, MAPE: 5, 0.49876, 0.49876, 0.70623, 0.30605, -53.76%
Time spent: 12.75s
- Epoch 013, ExpID 18727
Train - Loss (one batch): 0.27482
Val - Loss, MSE, RMSE, MAE, MAPE: 0.66663, 0.66663, 0.81647, 0.31397, -51.05%
Test - Best epoch, Loss, MSE, RMSE, MAE, MAPE: 13, 0.49727, 0.49727, 0.70517, 0.29169, -47.07%
Time spent: 15.08s
- Epoch 014, ExpID 18727
Train - Loss (one batch): 0.46821
Val - Loss, MSE, RMSE, MAE, MAPE: 0.67140, 0.67140, 0.81939, 0.31745, -48.85%
Test - Best epoch, Loss, MSE, RMSE, MAE, MAPE: 13, 0.49727, 0.49727, 0.70517, 0.29169, -47.07%
Time spent: 12.74s
- Epoch 015, ExpID 18727
Train - Loss (one batch): 0.80760
Val - Loss, MSE, RMSE, MAE, MAPE: 0.66625, 0.66625, 0.81624, 0.32151, -54.28%
Test - Best epoch, Loss, MSE, RMSE, MAE, MAPE: 15, 0.49484, 0.49484, 0.70345, 0.29861, -50.63%
Time spent: 15.08s
- Epoch 016, ExpID 18727
Train - Loss (one batch): 0.38414
Val - Loss, MSE, RMSE, MAE, MAPE: 0.65637, 0.65637, 0.81017, 0.32922, -55.42%
Test - Best epoch, Loss, MSE, RMSE, MAE, MAPE: 16, 0.49437, 0.49437, 0.70312, 0.30586, -51.30%
Time spent: 15.08s
- Epoch 017, ExpID 18727
Train - Loss (one batch): 0.33385
Val - Loss, MSE, RMSE, MAE, MAPE: 0.67603, 0.67603, 0.82221, 0.31518, -51.01%
Test - Best epoch, Loss, MSE, RMSE, MAE, MAPE: 16, 0.49437, 0.49437, 0.70312, 0.30586, -51.30%
Time spent: 12.77s
- Epoch 018, ExpID 18727
Train - Loss (one batch): 0.65507
Val - Loss, MSE, RMSE, MAE, MAPE: 0.66928, 0.66928, 0.81809, 0.32445, -57.13%
Test - Best epoch, Loss, MSE, RMSE, MAE, MAPE: 16, 0.49437, 0.49437, 0.70312, 0.30586, -51.30%
Time spent: 12.74s
- Epoch 019, ExpID 18727
Train - Loss (one batch): 0.61067
Val - Loss, MSE, RMSE, MAE, MAPE: 0.68282, 0.68282, 0.82633, 0.33202, -60.88%
Test - Best epoch, Loss, MSE, RMSE, MAE, MAPE: 16, 0.49437, 0.49437, 0.70312, 0.30586, -51.30%
Time spent: 12.78s
- Epoch 020, ExpID 18727
Train - Loss (one batch): 0.35046
Val - Loss, MSE, RMSE, MAE, MAPE: 0.68858, 0.68858, 0.82981, 0.32143, -48.63%
Test - Best epoch, Loss, MSE, RMSE, MAE, MAPE: 16, 0.49437, 0.49437, 0.70312, 0.30586, -51.30%
Time spent: 12.77s
- Epoch 021, ExpID 18727
Train - Loss (one batch): 0.48950
Val - Loss, MSE, RMSE, MAE, MAPE: 0.67102, 0.67102, 0.81916, 0.32521, -57.72%
Test - Best epoch, Loss, MSE, RMSE, MAE, MAPE: 16, 0.49437, 0.49437, 0.70312, 0.30586, -51.30%
Time spent: 12.76s
- Epoch 022, ExpID 18727
Train - Loss (one batch): 0.43609
Val - Loss, MSE, RMSE, MAE, MAPE: 0.65629, 0.65629, 0.81012, 0.32708, -60.89%
Test - Best epoch, Loss, MSE, RMSE, MAE, MAPE: 22, 0.50427, 0.50427, 0.71012, 0.30519, -56.44%
Time spent: 15.08s
- Epoch 023, ExpID 18727
Train - Loss (one batch): 0.44070
Val - Loss, MSE, RMSE, MAE, MAPE: 0.66697, 0.66697, 0.81668, 0.33844, -60.35%
Test - Best epoch, Loss, MSE, RMSE, MAE, MAPE: 22, 0.50427, 0.50427, 0.71012, 0.30519, -56.44%
Time spent: 12.77s
- Epoch 024, ExpID 18727
Train - Loss (one batch): 0.31096
Val - Loss, MSE, RMSE, MAE, MAPE: 0.69074, 0.69074, 0.83111, 0.32143, -53.77%
Test - Best epoch, Loss, MSE, RMSE, MAE, MAPE: 22, 0.50427, 0.50427, 0.71012, 0.30519, -56.44%
Time spent: 12.76s
- Epoch 025, ExpID 18727
Train - Loss (one batch): 0.42790
Val - Loss, MSE, RMSE, MAE, MAPE: 0.67258, 0.67258, 0.82011, 0.31713, -52.98%
Test - Best epoch, Loss, MSE, RMSE, MAE, MAPE: 22, 0.50427, 0.50427, 0.71012, 0.30519, -56.44%
Time spent: 12.75s
- Epoch 026, ExpID 18727
Train - Loss (one batch): 0.41217
Val - Loss, MSE, RMSE, MAE, MAPE: 0.66809, 0.66809, 0.81737, 0.32177, -54.01%
Test - Best epoch, Loss, MSE, RMSE, MAE, MAPE: 22, 0.50427, 0.50427, 0.71012, 0.30519, -56.44%
Time spent: 12.77s
- Epoch 027, ExpID 18727
Train - Loss (one batch): 0.39316
Val - Loss, MSE, RMSE, MAE, MAPE: 0.67867, 0.67867, 0.82381, 0.31703, -49.94%
Test - Best epoch, Loss, MSE, RMSE, MAE, MAPE: 22, 0.50427, 0.50427, 0.71012, 0.30519, -56.44%
Time spent: 12.74s
- Epoch 028, ExpID 18727
Train - Loss (one batch): 0.31013
Val - Loss, MSE, RMSE, MAE, MAPE: 0.71082, 0.71082, 0.84310, 0.33459, -61.16%
Test - Best epoch, Loss, MSE, RMSE, MAE, MAPE: 22, 0.50427, 0.50427, 0.71012, 0.30519, -56.44%
Time spent: 12.78s
- Epoch 029, ExpID 18727
Train - Loss (one batch): 0.26359
Val - Loss, MSE, RMSE, MAE, MAPE: 0.69044, 0.69044, 0.83093, 0.32816, -59.41%
Test - Best epoch, Loss, MSE, RMSE, MAE, MAPE: 22, 0.50427, 0.50427, 0.71012, 0.30519, -56.44%
Time spent: 12.78s
- Epoch 030, ExpID 18727
Train - Loss (one batch): 0.23998
Val - Loss, MSE, RMSE, MAE, MAPE: 0.69096, 0.69096, 0.83124, 0.33483, -62.59%
Test - Best epoch, Loss, MSE, RMSE, MAE, MAPE: 22, 0.50427, 0.50427, 0.71012, 0.30519, -56.44%
Time spent: 12.77s
- Epoch 031, ExpID 18727
Train - Loss (one batch): 0.42086
Val - Loss, MSE, RMSE, MAE, MAPE: 0.71423, 0.71423, 0.84512, 0.34243, -68.44%
Test - Best epoch, Loss, MSE, RMSE, MAE, MAPE: 22, 0.50427, 0.50427, 0.71012, 0.30519, -56.44%
Time spent: 12.77s
- Epoch 032, ExpID 18727
Train - Loss (one batch): 0.55227
Val - Loss, MSE, RMSE, MAE, MAPE: 0.70104, 0.70104, 0.83728, 0.31682, -50.11%
Test - Best epoch, Loss, MSE, RMSE, MAE, MAPE: 22, 0.50427, 0.50427, 0.71012, 0.30519, -56.44%
Time spent: 12.76s
- Epoch 033, ExpID 18727
Train - Loss (one batch): 0.57446
Val - Loss, MSE, RMSE, MAE, MAPE: 0.72151, 0.72151, 0.84942, 0.32171, -51.60%
Test - Best epoch, Loss, MSE, RMSE, MAE, MAPE: 22, 0.50427, 0.50427, 0.71012, 0.30519, -56.44%
Time spent: 12.75s
- Epoch 034, ExpID 18727
Train - Loss (one batch): 0.32905
Val - Loss, MSE, RMSE, MAE, MAPE: 0.69250, 0.69250, 0.83217, 0.33430, -58.48%
Test - Best epoch, Loss, MSE, RMSE, MAE, MAPE: 22, 0.50427, 0.50427, 0.71012, 0.30519, -56.44%
Time spent: 12.78s
- Epoch 035, ExpID 18727
Train - Loss (one batch): 0.51863
Val - Loss, MSE, RMSE, MAE, MAPE: 0.74064, 0.74064, 0.86060, 0.32300, -52.52%
Test - Best epoch, Loss, MSE, RMSE, MAE, MAPE: 22, 0.50427, 0.50427, 0.71012, 0.30519, -56.44%
Time spent: 12.75s
- Epoch 036, ExpID 18727
Train - Loss (one batch): 0.37212
Val - Loss, MSE, RMSE, MAE, MAPE: 0.69007, 0.69007, 0.83070, 0.33561, -61.25%
Test - Best epoch, Loss, MSE, RMSE, MAE, MAPE: 22, 0.50427, 0.50427, 0.71012, 0.30519, -56.44%
Time spent: 12.77s
- Epoch 037, ExpID 18727
Train - Loss (one batch): 0.18977
Val - Loss, MSE, RMSE, MAE, MAPE: 0.69956, 0.69956, 0.83639, 0.32101, -53.09%
Test - Best epoch, Loss, MSE, RMSE, MAE, MAPE: 22, 0.50427, 0.50427, 0.71012, 0.30519, -56.44%
Time spent: 12.77s
- Epoch 038, ExpID 18727
Train - Loss (one batch): 0.36675
Val - Loss, MSE, RMSE, MAE, MAPE: 0.69320, 0.69320, 0.83258, 0.32625, -55.34%
Test - Best epoch, Loss, MSE, RMSE, MAE, MAPE: 22, 0.50427, 0.50427, 0.71012, 0.30519, -56.44%
Time spent: 12.76s
- Epoch 039, ExpID 18727
Train - Loss (one batch): 0.27754
Val - Loss, MSE, RMSE, MAE, MAPE: 0.71754, 0.71754, 0.84708, 0.32379, -54.35%
Test - Best epoch, Loss, MSE, RMSE, MAE, MAPE: 22, 0.50427, 0.50427, 0.71012, 0.30519, -56.44%
Time spent: 12.75s
- Epoch 040, ExpID 18727
Train - Loss (one batch): 0.41005
Val - Loss, MSE, RMSE, MAE, MAPE: 0.69631, 0.69631, 0.83445, 0.32126, -50.03%
Test - Best epoch, Loss, MSE, RMSE, MAE, MAPE: 22, 0.50427, 0.50427, 0.71012, 0.30519, -56.44%
Time spent: 12.77s
- Epoch 041, ExpID 18727
Train - Loss (one batch): 0.28131
Val - Loss, MSE, RMSE, MAE, MAPE: 0.72795, 0.72795, 0.85320, 0.33598, -62.84%
Test - Best epoch, Loss, MSE, RMSE, MAE, MAPE: 22, 0.50427, 0.50427, 0.71012, 0.30519, -56.44%
Time spent: 12.76s
- Epoch 042, ExpID 18727
Train - Loss (one batch): 0.51038
Val - Loss, MSE, RMSE, MAE, MAPE: 0.71765, 0.71765, 0.84714, 0.32592, -57.28%
Test - Best epoch, Loss, MSE, RMSE, MAE, MAPE: 22, 0.50427, 0.50427, 0.71012, 0.30519, -56.44%
Time spent: 12.79s
/home/ouass/Test/MSP-IMTS/tPatchGNN/run_models.py
2026-03-18 16:20:02
run_models.py --dataset ushcn --state def --history 24 --batch_size 192 --lr 1e-3 --patience 20 --epoch 400 --nhead 1 --tf_layer 1 --nlayer 1 --te_dim 10 --node_dim 10 --hid_dim 32 --outlayer Linear --seed 4 --gpu 0 --multi_scales 1,2 --multi_strides 1,1 --metric per_dim --fusion gated
Namespace(multi_scales='1,2', multi_strides='1,1', fusion='gated', state='def', n=100000000, hop=1, nhead=1, tf_layer=1, nlayer=1, epoch=400, patience=20, history=24, patch_size=24, stride=24, logmode='a', lr=0.001, w_decay=0.0, batch_size=192, save='experiments/', load=None, seed=4, dataset='ushcn', quantization=0.0, model='tPatchGNN', outlayer='Linear', hid_dim=32, te_dim=10, node_dim=10, gpu='0', metric='per_dim', npatch=1, device=device(type='cuda'), PID=573781, n_months=48, pred_window=1, ndim=5)
- Epoch 000, ExpID 96073
Train - Loss (one batch): 0.39724
Val - Loss, MSE, RMSE, MAE, MAPE: 0.82950, 0.82950, 0.91077, 0.37894, -74.94%
Test - Best epoch, Loss, MSE, RMSE, MAE, MAPE: 0, 0.53084, 0.53084, 0.72859, 0.35141, -72.14%
Time spent: 15.13s
- Epoch 001, ExpID 96073
Train - Loss (one batch): 0.49339
Val - Loss, MSE, RMSE, MAE, MAPE: 0.78159, 0.78159, 0.88408, 0.34026, -44.08%
Test - Best epoch, Loss, MSE, RMSE, MAE, MAPE: 1, 0.53103, 0.53103, 0.72872, 0.31761, -43.24%
Time spent: 15.02s
- Epoch 002, ExpID 96073
Train - Loss (one batch): 0.46493
Val - Loss, MSE, RMSE, MAE, MAPE: 0.71821, 0.71821, 0.84747, 0.33502, -58.37%
Test - Best epoch, Loss, MSE, RMSE, MAE, MAPE: 2, 0.50584, 0.50584, 0.71123, 0.31202, -55.50%
Time spent: 15.05s
- Epoch 003, ExpID 96073
Train - Loss (one batch): 0.76930
Val - Loss, MSE, RMSE, MAE, MAPE: 0.71860, 0.71860, 0.84770, 0.31108, -38.81%
Test - Best epoch, Loss, MSE, RMSE, MAE, MAPE: 2, 0.50584, 0.50584, 0.71123, 0.31202, -55.50%
Time spent: 12.74s
- Epoch 004, ExpID 96073
Train - Loss (one batch): 0.43598
Val - Loss, MSE, RMSE, MAE, MAPE: 0.69491, 0.69491, 0.83361, 0.33599, -60.06%
Test - Best epoch, Loss, MSE, RMSE, MAE, MAPE: 4, 0.50071, 0.50071, 0.70761, 0.31254, -57.46%
Time spent: 15.06s
- Epoch 005, ExpID 96073
Train - Loss (one batch): 0.68189
Val - Loss, MSE, RMSE, MAE, MAPE: 0.68982, 0.68982, 0.83055, 0.36142, -77.54%
Test - Best epoch, Loss, MSE, RMSE, MAE, MAPE: 5, 0.50712, 0.50712, 0.71212, 0.33510, -72.47%
Time spent: 15.06s
- Epoch 006, ExpID 96073
Train - Loss (one batch): 0.28282
Val - Loss, MSE, RMSE, MAE, MAPE: 0.69471, 0.69471, 0.83350, 0.33364, -56.94%
Test - Best epoch, Loss, MSE, RMSE, MAE, MAPE: 5, 0.50712, 0.50712, 0.71212, 0.33510, -72.47%
Time spent: 12.74s
- Epoch 007, ExpID 96073
Train - Loss (one batch): 0.42126
Val - Loss, MSE, RMSE, MAE, MAPE: 0.71529, 0.71529, 0.84575, 0.34015, -66.12%
Test - Best epoch, Loss, MSE, RMSE, MAE, MAPE: 5, 0.50712, 0.50712, 0.71212, 0.33510, -72.47%
Time spent: 12.74s
- Epoch 008, ExpID 96073
Train - Loss (one batch): 0.41542
Val - Loss, MSE, RMSE, MAE, MAPE: 0.68458, 0.68458, 0.82739, 0.34650, -65.72%
Test - Best epoch, Loss, MSE, RMSE, MAE, MAPE: 8, 0.49879, 0.49879, 0.70625, 0.32386, -64.46%
Time spent: 15.05s
- Epoch 009, ExpID 96073
Train - Loss (one batch): 0.32191
Val - Loss, MSE, RMSE, MAE, MAPE: 0.68289, 0.68289, 0.82637, 0.31260, -46.69%
Test - Best epoch, Loss, MSE, RMSE, MAE, MAPE: 9, 0.49831, 0.49831, 0.70591, 0.29090, -45.11%
Time spent: 15.07s
- Epoch 010, ExpID 96073
Train - Loss (one batch): 0.31616
Val - Loss, MSE, RMSE, MAE, MAPE: 0.67822, 0.67822, 0.82354, 0.33247, -58.70%
Test - Best epoch, Loss, MSE, RMSE, MAE, MAPE: 10, 0.49538, 0.49538, 0.70383, 0.30795, -56.32%
Time spent: 15.07s
- Epoch 011, ExpID 96073
Train - Loss (one batch): 0.25007
Val - Loss, MSE, RMSE, MAE, MAPE: 0.65878, 0.65878, 0.81165, 0.31630, -47.22%
Test - Best epoch, Loss, MSE, RMSE, MAE, MAPE: 11, 0.49690, 0.49690, 0.70491, 0.29333, -44.32%
Time spent: 15.06s
- Epoch 012, ExpID 96073
Train - Loss (one batch): 0.48258
Val - Loss, MSE, RMSE, MAE, MAPE: 0.65967, 0.65967, 0.81220, 0.32619, -53.95%
Test - Best epoch, Loss, MSE, RMSE, MAE, MAPE: 11, 0.49690, 0.49690, 0.70491, 0.29333, -44.32%
Time spent: 12.74s
- Epoch 013, ExpID 96073
Train - Loss (one batch): 0.60593
Val - Loss, MSE, RMSE, MAE, MAPE: 0.64669, 0.64669, 0.80417, 0.33708, -61.90%
Test - Best epoch, Loss, MSE, RMSE, MAE, MAPE: 13, 0.49887, 0.49887, 0.70631, 0.31168, -57.50%
Time spent: 15.07s
- Epoch 014, ExpID 96073
Train - Loss (one batch): 0.35248
Val - Loss, MSE, RMSE, MAE, MAPE: 0.66539, 0.66539, 0.81571, 0.34689, -70.09%
Test - Best epoch, Loss, MSE, RMSE, MAE, MAPE: 13, 0.49887, 0.49887, 0.70631, 0.31168, -57.50%
Time spent: 12.73s
- Epoch 015, ExpID 96073
Train - Loss (one batch): 0.26455
Val - Loss, MSE, RMSE, MAE, MAPE: 0.64792, 0.64792, 0.80494, 0.31297, -44.22%
Test - Best epoch, Loss, MSE, RMSE, MAE, MAPE: 13, 0.49887, 0.49887, 0.70631, 0.31168, -57.50%
Time spent: 12.74s
- Epoch 016, ExpID 96073
Train - Loss (one batch): 0.33180
Val - Loss, MSE, RMSE, MAE, MAPE: 0.64271, 0.64271, 0.80169, 0.32157, -52.38%
Test - Best epoch, Loss, MSE, RMSE, MAE, MAPE: 16, 0.49255, 0.49255, 0.70182, 0.29818, -49.67%
Time spent: 15.05s
- Epoch 017, ExpID 96073
Train - Loss (one batch): 0.55468
Val - Loss, MSE, RMSE, MAE, MAPE: 0.68417, 0.68417, 0.82714, 0.31685, -47.59%
Test - Best epoch, Loss, MSE, RMSE, MAE, MAPE: 16, 0.49255, 0.49255, 0.70182, 0.29818, -49.67%
Time spent: 12.74s
- Epoch 018, ExpID 96073
Train - Loss (one batch): 0.60776
Val - Loss, MSE, RMSE, MAE, MAPE: 0.65639, 0.65639, 0.81018, 0.32668, -58.11%
Test - Best epoch, Loss, MSE, RMSE, MAE, MAPE: 16, 0.49255, 0.49255, 0.70182, 0.29818, -49.67%
Time spent: 12.76s
- Epoch 019, ExpID 96073
Train - Loss (one batch): 0.31190
Val - Loss, MSE, RMSE, MAE, MAPE: 0.66583, 0.66583, 0.81598, 0.34818, -70.48%
Test - Best epoch, Loss, MSE, RMSE, MAE, MAPE: 16, 0.49255, 0.49255, 0.70182, 0.29818, -49.67%
Time spent: 12.74s
- Epoch 020, ExpID 96073
Train - Loss (one batch): 0.48078
Val - Loss, MSE, RMSE, MAE, MAPE: 0.69212, 0.69212, 0.83194, 0.32374, -52.71%
Test - Best epoch, Loss, MSE, RMSE, MAE, MAPE: 16, 0.49255, 0.49255, 0.70182, 0.29818, -49.67%
Time spent: 12.74s
- Epoch 021, ExpID 96073
Train - Loss (one batch): 0.31161
Val - Loss, MSE, RMSE, MAE, MAPE: 0.68770, 0.68770, 0.82928, 0.32125, -51.29%
Test - Best epoch, Loss, MSE, RMSE, MAE, MAPE: 16, 0.49255, 0.49255, 0.70182, 0.29818, -49.67%
Time spent: 12.75s
- Epoch 022, ExpID 96073
Train - Loss (one batch): 0.59519
Val - Loss, MSE, RMSE, MAE, MAPE: 0.67635, 0.67635, 0.82240, 0.33257, -60.27%
Test - Best epoch, Loss, MSE, RMSE, MAE, MAPE: 16, 0.49255, 0.49255, 0.70182, 0.29818, -49.67%
Time spent: 12.76s
- Epoch 023, ExpID 96073
Train - Loss (one batch): 0.55136
Val - Loss, MSE, RMSE, MAE, MAPE: 0.67339, 0.67339, 0.82060, 0.33246, -59.42%
Test - Best epoch, Loss, MSE, RMSE, MAE, MAPE: 16, 0.49255, 0.49255, 0.70182, 0.29818, -49.67%
Time spent: 12.75s
- Epoch 024, ExpID 96073
Train - Loss (one batch): 0.31989
Val - Loss, MSE, RMSE, MAE, MAPE: 0.66678, 0.66678, 0.81657, 0.34307, -66.91%
Test - Best epoch, Loss, MSE, RMSE, MAE, MAPE: 16, 0.49255, 0.49255, 0.70182, 0.29818, -49.67%
Time spent: 12.75s
- Epoch 025, ExpID 96073
Train - Loss (one batch): 0.39873
Val - Loss, MSE, RMSE, MAE, MAPE: 0.67831, 0.67831, 0.82360, 0.32237, -49.79%
Test - Best epoch, Loss, MSE, RMSE, MAE, MAPE: 16, 0.49255, 0.49255, 0.70182, 0.29818, -49.67%
Time spent: 12.73s
- Epoch 026, ExpID 96073
Train - Loss (one batch): 0.55238
Val - Loss, MSE, RMSE, MAE, MAPE: 0.67136, 0.67136, 0.81937, 0.33475, -58.03%
Test - Best epoch, Loss, MSE, RMSE, MAE, MAPE: 16, 0.49255, 0.49255, 0.70182, 0.29818, -49.67%
Time spent: 12.75s
- Epoch 027, ExpID 96073
Train - Loss (one batch): 1.08672
Val - Loss, MSE, RMSE, MAE, MAPE: 0.68582, 0.68582, 0.82814, 0.33474, -58.50%
Test - Best epoch, Loss, MSE, RMSE, MAE, MAPE: 16, 0.49255, 0.49255, 0.70182, 0.29818, -49.67%
Time spent: 12.72s
- Epoch 028, ExpID 96073
Train - Loss (one batch): 0.36807
Val - Loss, MSE, RMSE, MAE, MAPE: 0.68625, 0.68625, 0.82840, 0.33641, -63.83%
Test - Best epoch, Loss, MSE, RMSE, MAE, MAPE: 16, 0.49255, 0.49255, 0.70182, 0.29818, -49.67%
Time spent: 12.74s
- Epoch 029, ExpID 96073
Train - Loss (one batch): 0.72886
Val - Loss, MSE, RMSE, MAE, MAPE: 0.65728, 0.65728, 0.81073, 0.34216, -65.95%
Test - Best epoch, Loss, MSE, RMSE, MAE, MAPE: 16, 0.49255, 0.49255, 0.70182, 0.29818, -49.67%
Time spent: 12.75s
- Epoch 030, ExpID 96073
Train - Loss (one batch): 0.58810
Val - Loss, MSE, RMSE, MAE, MAPE: 0.69023, 0.69023, 0.83080, 0.33103, -57.69%
Test - Best epoch, Loss, MSE, RMSE, MAE, MAPE: 16, 0.49255, 0.49255, 0.70182, 0.29818, -49.67%
Time spent: 12.74s
- Epoch 031, ExpID 96073
Train - Loss (one batch): 0.43528
Val - Loss, MSE, RMSE, MAE, MAPE: 0.67767, 0.67767, 0.82321, 0.33890, -60.03%
Test - Best epoch, Loss, MSE, RMSE, MAE, MAPE: 16, 0.49255, 0.49255, 0.70182, 0.29818, -49.67%
Time spent: 12.74s
- Epoch 032, ExpID 96073
Train - Loss (one batch): 0.49362
Val - Loss, MSE, RMSE, MAE, MAPE: 0.68094, 0.68094, 0.82519, 0.31801, -49.09%
Test - Best epoch, Loss, MSE, RMSE, MAE, MAPE: 16, 0.49255, 0.49255, 0.70182, 0.29818, -49.67%
Time spent: 12.74s
- Epoch 033, ExpID 96073
Train - Loss (one batch): 0.34748
Val - Loss, MSE, RMSE, MAE, MAPE: 0.68282, 0.68282, 0.82633, 0.33100, -57.70%
Test - Best epoch, Loss, MSE, RMSE, MAE, MAPE: 16, 0.49255, 0.49255, 0.70182, 0.29818, -49.67%
Time spent: 12.73s
- Epoch 034, ExpID 96073
Train - Loss (one batch): 0.26851
Val - Loss, MSE, RMSE, MAE, MAPE: 0.72620, 0.72620, 0.85217, 0.31874, -44.15%
Test - Best epoch, Loss, MSE, RMSE, MAE, MAPE: 16, 0.49255, 0.49255, 0.70182, 0.29818, -49.67%
Time spent: 12.73s
- Epoch 035, ExpID 96073
Train - Loss (one batch): 0.34110
Val - Loss, MSE, RMSE, MAE, MAPE: 0.67960, 0.67960, 0.82438, 0.32851, -57.44%
Test - Best epoch, Loss, MSE, RMSE, MAE, MAPE: 16, 0.49255, 0.49255, 0.70182, 0.29818, -49.67%
Time spent: 12.74s
- Epoch 036, ExpID 96073
Train - Loss (one batch): 0.30703
Val - Loss, MSE, RMSE, MAE, MAPE: 0.71884, 0.71884, 0.84785, 0.33360, -62.13%
Test - Best epoch, Loss, MSE, RMSE, MAE, MAPE: 16, 0.49255, 0.49255, 0.70182, 0.29818, -49.67%
Time spent: 12.75s
/home/ouass/Test/MSP-IMTS/tPatchGNN/run_models.py
2026-03-18 16:28:30
run_models.py --dataset ushcn --state def --history 24 --batch_size 192 --lr 1e-3 --patience 20 --epoch 400 --nhead 1 --tf_layer 1 --nlayer 1 --te_dim 10 --node_dim 10 --hid_dim 32 --outlayer Linear --seed 5 --gpu 0 --multi_scales 1,2 --multi_strides 1,1 --metric per_dim --fusion gated
Namespace(multi_scales='1,2', multi_strides='1,1', fusion='gated', state='def', n=100000000, hop=1, nhead=1, tf_layer=1, nlayer=1, epoch=400, patience=20, history=24, patch_size=24, stride=24, logmode='a', lr=0.001, w_decay=0.0, batch_size=192, save='experiments/', load=None, seed=5, dataset='ushcn', quantization=0.0, model='tPatchGNN', outlayer='Linear', hid_dim=32, te_dim=10, node_dim=10, gpu='0', metric='per_dim', npatch=1, device=device(type='cuda'), PID=586073, n_months=48, pred_window=1, ndim=5)
- Epoch 000, ExpID 13693
Train - Loss (one batch): 0.47214
Val - Loss, MSE, RMSE, MAE, MAPE: 0.85929, 0.85929, 0.92698, 0.33742, -48.77%
Test - Best epoch, Loss, MSE, RMSE, MAE, MAPE: 0, 0.53112, 0.53112, 0.72878, 0.30879, -44.79%
Time spent: 15.12s
- Epoch 001, ExpID 13693
Train - Loss (one batch): 0.47046
Val - Loss, MSE, RMSE, MAE, MAPE: 0.79915, 0.79915, 0.89395, 0.35319, -61.57%
Test - Best epoch, Loss, MSE, RMSE, MAE, MAPE: 1, 0.51763, 0.51763, 0.71947, 0.32627, -58.11%
Time spent: 15.06s
- Epoch 002, ExpID 13693
Train - Loss (one batch): 0.28230
Val - Loss, MSE, RMSE, MAE, MAPE: 0.75155, 0.75155, 0.86692, 0.35756, -69.40%
Test - Best epoch, Loss, MSE, RMSE, MAE, MAPE: 2, 0.51697, 0.51697, 0.71901, 0.33231, -65.28%
Time spent: 15.08s
- Epoch 003, ExpID 13693
Train - Loss (one batch): 0.78425
Val - Loss, MSE, RMSE, MAE, MAPE: 0.72457, 0.72457, 0.85122, 0.39175, -89.10%
Test - Best epoch, Loss, MSE, RMSE, MAE, MAPE: 3, 0.52923, 0.52923, 0.72748, 0.36845, -86.29%
Time spent: 15.03s
- Epoch 004, ExpID 13693
Train - Loss (one batch): 0.27330
Val - Loss, MSE, RMSE, MAE, MAPE: 0.71791, 0.71791, 0.84730, 0.35013, -61.75%
Test - Best epoch, Loss, MSE, RMSE, MAE, MAPE: 4, 0.52025, 0.52025, 0.72129, 0.32663, -58.82%
Time spent: 15.08s
- Epoch 005, ExpID 13693
Train - Loss (one batch): 0.33354
Val - Loss, MSE, RMSE, MAE, MAPE: 0.69179, 0.69179, 0.83174, 0.33216, -51.23%
Test - Best epoch, Loss, MSE, RMSE, MAE, MAPE: 5, 0.51171, 0.51171, 0.71534, 0.30954, -49.63%
Time spent: 15.06s
- Epoch 006, ExpID 13693
Train - Loss (one batch): 0.49751
Val - Loss, MSE, RMSE, MAE, MAPE: 0.68096, 0.68096, 0.82520, 0.33373, -54.06%
Test - Best epoch, Loss, MSE, RMSE, MAE, MAPE: 6, 0.50355, 0.50355, 0.70962, 0.31039, -52.34%
Time spent: 15.10s
- Epoch 007, ExpID 13693
Train - Loss (one batch): 0.51551
Val - Loss, MSE, RMSE, MAE, MAPE: 0.69420, 0.69420, 0.83319, 0.33424, -46.24%
Test - Best epoch, Loss, MSE, RMSE, MAE, MAPE: 6, 0.50355, 0.50355, 0.70962, 0.31039, -52.34%
Time spent: 12.76s
- Epoch 008, ExpID 13693
Train - Loss (one batch): 0.46019
Val - Loss, MSE, RMSE, MAE, MAPE: 0.68182, 0.68182, 0.82572, 0.34009, -60.59%
Test - Best epoch, Loss, MSE, RMSE, MAE, MAPE: 6, 0.50355, 0.50355, 0.70962, 0.31039, -52.34%
Time spent: 12.75s
- Epoch 009, ExpID 13693
Train - Loss (one batch): 0.62082
Val - Loss, MSE, RMSE, MAE, MAPE: 0.70505, 0.70505, 0.83967, 0.35011, -67.69%
Test - Best epoch, Loss, MSE, RMSE, MAE, MAPE: 6, 0.50355, 0.50355, 0.70962, 0.31039, -52.34%
Time spent: 12.75s
- Epoch 010, ExpID 13693
Train - Loss (one batch): 0.30948
Val - Loss, MSE, RMSE, MAE, MAPE: 0.71105, 0.71105, 0.84324, 0.33395, -57.07%
Test - Best epoch, Loss, MSE, RMSE, MAE, MAPE: 6, 0.50355, 0.50355, 0.70962, 0.31039, -52.34%
Time spent: 12.75s
- Epoch 011, ExpID 13693
Train - Loss (one batch): 0.47049
Val - Loss, MSE, RMSE, MAE, MAPE: 0.69267, 0.69267, 0.83227, 0.32855, -53.37%
Test - Best epoch, Loss, MSE, RMSE, MAE, MAPE: 6, 0.50355, 0.50355, 0.70962, 0.31039, -52.34%
Time spent: 12.74s
- Epoch 012, ExpID 13693
Train - Loss (one batch): 0.54183
Val - Loss, MSE, RMSE, MAE, MAPE: 0.72381, 0.72381, 0.85077, 0.31919, -48.29%
Test - Best epoch, Loss, MSE, RMSE, MAE, MAPE: 6, 0.50355, 0.50355, 0.70962, 0.31039, -52.34%
Time spent: 12.77s
- Epoch 013, ExpID 13693
Train - Loss (one batch): 0.34757
Val - Loss, MSE, RMSE, MAE, MAPE: 0.70701, 0.70701, 0.84084, 0.33395, -59.59%
Test - Best epoch, Loss, MSE, RMSE, MAE, MAPE: 6, 0.50355, 0.50355, 0.70962, 0.31039, -52.34%
Time spent: 12.74s
- Epoch 014, ExpID 13693
Train - Loss (one batch): 0.42209
Val - Loss, MSE, RMSE, MAE, MAPE: 0.70518, 0.70518, 0.83975, 0.31587, -47.05%
Test - Best epoch, Loss, MSE, RMSE, MAE, MAPE: 6, 0.50355, 0.50355, 0.70962, 0.31039, -52.34%
Time spent: 12.75s
- Epoch 015, ExpID 13693
Train - Loss (one batch): 0.53955
Val - Loss, MSE, RMSE, MAE, MAPE: 0.68229, 0.68229, 0.82601, 0.33250, -61.18%
Test - Best epoch, Loss, MSE, RMSE, MAE, MAPE: 6, 0.50355, 0.50355, 0.70962, 0.31039, -52.34%
Time spent: 12.75s
- Epoch 016, ExpID 13693
Train - Loss (one batch): 0.70700
Val - Loss, MSE, RMSE, MAE, MAPE: 0.71168, 0.71168, 0.84361, 0.33005, -54.65%
Test - Best epoch, Loss, MSE, RMSE, MAE, MAPE: 6, 0.50355, 0.50355, 0.70962, 0.31039, -52.34%
Time spent: 12.74s
- Epoch 017, ExpID 13693
Train - Loss (one batch): 0.51710
Val - Loss, MSE, RMSE, MAE, MAPE: 0.66124, 0.66124, 0.81317, 0.36343, -81.91%
Test - Best epoch, Loss, MSE, RMSE, MAE, MAPE: 17, 0.50635, 0.50635, 0.71158, 0.34041, -77.86%
Time spent: 15.08s
- Epoch 018, ExpID 13693
Train - Loss (one batch): 0.40348
Val - Loss, MSE, RMSE, MAE, MAPE: 0.68482, 0.68482, 0.82754, 0.32730, -51.65%
Test - Best epoch, Loss, MSE, RMSE, MAE, MAPE: 17, 0.50635, 0.50635, 0.71158, 0.34041, -77.86%
Time spent: 12.75s
- Epoch 019, ExpID 13693
Train - Loss (one batch): 0.50386
Val - Loss, MSE, RMSE, MAE, MAPE: 0.68557, 0.68557, 0.82799, 0.32377, -54.76%
Test - Best epoch, Loss, MSE, RMSE, MAE, MAPE: 17, 0.50635, 0.50635, 0.71158, 0.34041, -77.86%
Time spent: 12.76s
- Epoch 020, ExpID 13693
Train - Loss (one batch): 0.79248
Val - Loss, MSE, RMSE, MAE, MAPE: 0.69471, 0.69471, 0.83349, 0.32800, -51.20%
Test - Best epoch, Loss, MSE, RMSE, MAE, MAPE: 17, 0.50635, 0.50635, 0.71158, 0.34041, -77.86%
Time spent: 12.73s
- Epoch 021, ExpID 13693
Train - Loss (one batch): 0.35030
Val - Loss, MSE, RMSE, MAE, MAPE: 0.67562, 0.67562, 0.82196, 0.33339, -59.56%
Test - Best epoch, Loss, MSE, RMSE, MAE, MAPE: 17, 0.50635, 0.50635, 0.71158, 0.34041, -77.86%
Time spent: 12.76s
- Epoch 022, ExpID 13693
Train - Loss (one batch): 0.42867
Val - Loss, MSE, RMSE, MAE, MAPE: 0.67460, 0.67460, 0.82134, 0.32264, -53.66%
Test - Best epoch, Loss, MSE, RMSE, MAE, MAPE: 17, 0.50635, 0.50635, 0.71158, 0.34041, -77.86%
Time spent: 12.75s
- Epoch 023, ExpID 13693
Train - Loss (one batch): 0.30145
Val - Loss, MSE, RMSE, MAE, MAPE: 0.67527, 0.67527, 0.82175, 0.34175, -64.48%
Test - Best epoch, Loss, MSE, RMSE, MAE, MAPE: 17, 0.50635, 0.50635, 0.71158, 0.34041, -77.86%
Time spent: 12.75s
- Epoch 024, ExpID 13693
Train - Loss (one batch): 0.44492
Val - Loss, MSE, RMSE, MAE, MAPE: 0.68702, 0.68702, 0.82887, 0.31575, -46.47%
Test - Best epoch, Loss, MSE, RMSE, MAE, MAPE: 17, 0.50635, 0.50635, 0.71158, 0.34041, -77.86%
Time spent: 12.73s
- Epoch 025, ExpID 13693
Train - Loss (one batch): 0.79284
Val - Loss, MSE, RMSE, MAE, MAPE: 0.71744, 0.71744, 0.84702, 0.32472, -53.17%
Test - Best epoch, Loss, MSE, RMSE, MAE, MAPE: 17, 0.50635, 0.50635, 0.71158, 0.34041, -77.86%
Time spent: 12.75s
- Epoch 026, ExpID 13693
Train - Loss (one batch): 0.49354
Val - Loss, MSE, RMSE, MAE, MAPE: 0.69135, 0.69135, 0.83148, 0.35113, -72.67%
Test - Best epoch, Loss, MSE, RMSE, MAE, MAPE: 17, 0.50635, 0.50635, 0.71158, 0.34041, -77.86%
Time spent: 12.75s
- Epoch 027, ExpID 13693
Train - Loss (one batch): 0.61761
Val - Loss, MSE, RMSE, MAE, MAPE: 0.68457, 0.68457, 0.82739, 0.33195, -57.82%
Test - Best epoch, Loss, MSE, RMSE, MAE, MAPE: 17, 0.50635, 0.50635, 0.71158, 0.34041, -77.86%
Time spent: 12.75s
- Epoch 028, ExpID 13693
Train - Loss (one batch): 0.37843
Val - Loss, MSE, RMSE, MAE, MAPE: 0.66529, 0.66529, 0.81565, 0.33117, -58.39%
Test - Best epoch, Loss, MSE, RMSE, MAE, MAPE: 17, 0.50635, 0.50635, 0.71158, 0.34041, -77.86%
Time spent: 12.73s
- Epoch 029, ExpID 13693
Train - Loss (one batch): 1.22179
Val - Loss, MSE, RMSE, MAE, MAPE: 0.67701, 0.67701, 0.82280, 0.34747, -67.55%
Test - Best epoch, Loss, MSE, RMSE, MAE, MAPE: 17, 0.50635, 0.50635, 0.71158, 0.34041, -77.86%
Time spent: 12.76s
- Epoch 030, ExpID 13693
Train - Loss (one batch): 0.61732
Val - Loss, MSE, RMSE, MAE, MAPE: 0.72432, 0.72432, 0.85107, 0.34825, -71.24%
Test - Best epoch, Loss, MSE, RMSE, MAE, MAPE: 17, 0.50635, 0.50635, 0.71158, 0.34041, -77.86%
Time spent: 12.74s
- Epoch 031, ExpID 13693
Train - Loss (one batch): 0.30546
Val - Loss, MSE, RMSE, MAE, MAPE: 0.66998, 0.66998, 0.81852, 0.33187, -55.50%
Test - Best epoch, Loss, MSE, RMSE, MAE, MAPE: 17, 0.50635, 0.50635, 0.71158, 0.34041, -77.86%
Time spent: 12.72s
- Epoch 032, ExpID 13693
Train - Loss (one batch): 0.37285
Val - Loss, MSE, RMSE, MAE, MAPE: 0.69491, 0.69491, 0.83361, 0.32638, -56.55%
Test - Best epoch, Loss, MSE, RMSE, MAE, MAPE: 17, 0.50635, 0.50635, 0.71158, 0.34041, -77.86%
Time spent: 12.74s
- Epoch 033, ExpID 13693
Train - Loss (one batch): 0.43185
Val - Loss, MSE, RMSE, MAE, MAPE: 0.67162, 0.67162, 0.81953, 0.33779, -63.04%
Test - Best epoch, Loss, MSE, RMSE, MAE, MAPE: 17, 0.50635, 0.50635, 0.71158, 0.34041, -77.86%
Time spent: 12.74s
- Epoch 034, ExpID 13693
Train - Loss (one batch): 0.58757
Val - Loss, MSE, RMSE, MAE, MAPE: 0.68101, 0.68101, 0.82523, 0.32220, -51.75%
Test - Best epoch, Loss, MSE, RMSE, MAE, MAPE: 17, 0.50635, 0.50635, 0.71158, 0.34041, -77.86%
Time spent: 12.72s
- Epoch 035, ExpID 13693
Train - Loss (one batch): 0.34420
Val - Loss, MSE, RMSE, MAE, MAPE: 0.66970, 0.66970, 0.81835, 0.33624, -62.47%
Test - Best epoch, Loss, MSE, RMSE, MAE, MAPE: 17, 0.50635, 0.50635, 0.71158, 0.34041, -77.86%
Time spent: 12.73s
- Epoch 036, ExpID 13693
Train - Loss (one batch): 0.29851
Val - Loss, MSE, RMSE, MAE, MAPE: 0.66826, 0.66826, 0.81747, 0.32923, -56.02%
Test - Best epoch, Loss, MSE, RMSE, MAE, MAPE: 17, 0.50635, 0.50635, 0.71158, 0.34041, -77.86%
Time spent: 12.76s
- Epoch 037, ExpID 13693
Train - Loss (one batch): 0.40011
Val - Loss, MSE, RMSE, MAE, MAPE: 0.67573, 0.67573, 0.82203, 0.31942, -48.58%
Test - Best epoch, Loss, MSE, RMSE, MAE, MAPE: 17, 0.50635, 0.50635, 0.71158, 0.34041, -77.86%
Time spent: 12.74s
