USHCN MS 2-scale (concat): scales=2,4,8 strides=2,4,8
==== Seed 1 ====
PID, device: 3784753 cuda
Total records: 1114
Dataset n_samples: 1114 668 223 223
Test record ids (first 20): [886, 101, 1120, 730, 291, 875, 958, 260, 128, 1043, 620, 88, 1005, 872, 617, 538, 508, 44, 273, 817]
Test record ids (last 20): [982, 275, 991, 997, 66, 801, 67, 942, 12, 361, 555, 710, 333, 1017, 851, 184, 882, 509, 726, 587]
data_max: tensor([37.2551, 36.6691, 38.2520,  3.0401,  2.9104], device='cuda:0')
data_min: tensor([-0.3057, -0.1280, -0.1738, -3.8821, -4.1854], device='cuda:0')
time_max: tensor(48., device='cuda:0')
Dataset n_samples after time split: 26736 16032 5352 5352
[USHCN-MS] batch keys: ['X_list', 'tt_list', 'mk_list', 'npatches', 'tp_to_predict', 'data_to_predict', 'mask_predicted_data']
[USHCN-MS] #scales: 3
[USHCN-MS] per-scale shapes: [(192, 12, 11, 5), (192, 6, 15, 5), (192, 3, 24, 5)]
[USHCN-MS] data_to_predict: (192, 13, 5)
[USHCN-MS] mask_predicted_data sum: 1292.0
[USHCN-MS] tt_list mins/maxes: [(0.0, 0.999666690826416), (0.0, 0.999666690826416), (0.0, 0.999666690826416)]
[USHCN-MS] tp_to_predict min/max: 0.0 1.0416667461395264
[MS] use_ms=True fusion=concat scales=2,4,8 strides=2,4,8 npatches_per_scale=[12, 6, 3]
decoder exists: True
fuse_proj exists: True
attn_V exists: False
attn_u exists: False
gate_mlp exists: False
Missing trainable params in optimizer: []
Missing count: 0
n_train_batches: 84
Epoch 0: avg decoder weight change = 0.00023899
Epoch 1: avg decoder weight change = 0.00010362
Epoch 2: avg decoder weight change = 0.00007984
Epoch 3: avg decoder weight change = 0.00008154
Epoch 4: avg decoder weight change = 0.00008963
Epoch 5: avg decoder weight change = 0.00010294
Epoch 6: avg decoder weight change = 0.00009712
Epoch 7: avg decoder weight change = 0.00009550
Epoch 8: avg decoder weight change = 0.00010224
Epoch 9: avg decoder weight change = 0.00011177
Epoch 10: avg decoder weight change = 0.00011831
Epoch 11: avg decoder weight change = 0.00010408
Epoch 12: avg decoder weight change = 0.00010903
Epoch 13: avg decoder weight change = 0.00011091
Epoch 14: avg decoder weight change = 0.00011244
Epoch 15: avg decoder weight change = 0.00013924
Epoch 16: avg decoder weight change = 0.00012960
Epoch 17: avg decoder weight change = 0.00011261
Epoch 18: avg decoder weight change = 0.00011055
Epoch 19: avg decoder weight change = 0.00011623
Epoch 20: avg decoder weight change = 0.00013904
Epoch 21: avg decoder weight change = 0.00011349
Epoch 22: avg decoder weight change = 0.00012653
Epoch 23: avg decoder weight change = 0.00013431
Epoch 24: avg decoder weight change = 0.00012514
Epoch 25: avg decoder weight change = 0.00011855
Epoch 26: avg decoder weight change = 0.00011668
Epoch 27: avg decoder weight change = 0.00011235
Epoch 28: avg decoder weight change = 0.00013361
Epoch 29: avg decoder weight change = 0.00014361
Epoch 30: avg decoder weight change = 0.00013575
Epoch 31: avg decoder weight change = 0.00014405
Epoch 32: avg decoder weight change = 0.00017979
Epoch 33: avg decoder weight change = 0.00016634
Epoch 34: avg decoder weight change = 0.00013283
Epoch 35: avg decoder weight change = 0.00014705
Epoch 36: avg decoder weight change = 0.00014362
Epoch 37: avg decoder weight change = 0.00014692
Epoch 38: avg decoder weight change = 0.00013810
Epoch 39: avg decoder weight change = 0.00012936
Exp has been early stopped!
==== Seed 2 ====
PID, device: 3798842 cuda
Total records: 1114
Dataset n_samples: 1114 668 223 223
Test record ids (first 20): [886, 101, 1120, 730, 291, 875, 958, 260, 128, 1043, 620, 88, 1005, 872, 617, 538, 508, 44, 273, 817]
Test record ids (last 20): [982, 275, 991, 997, 66, 801, 67, 942, 12, 361, 555, 710, 333, 1017, 851, 184, 882, 509, 726, 587]
data_max: tensor([37.2551, 36.6691, 38.2520,  3.0401,  2.9104], device='cuda:0')
data_min: tensor([-0.3057, -0.1280, -0.1738, -3.8821, -4.1854], device='cuda:0')
time_max: tensor(48., device='cuda:0')
Dataset n_samples after time split: 26736 16032 5352 5352
[USHCN-MS] batch keys: ['X_list', 'tt_list', 'mk_list', 'npatches', 'tp_to_predict', 'data_to_predict', 'mask_predicted_data']
[USHCN-MS] #scales: 3
[USHCN-MS] per-scale shapes: [(192, 12, 11, 5), (192, 6, 15, 5), (192, 3, 24, 5)]
[USHCN-MS] data_to_predict: (192, 13, 5)
[USHCN-MS] mask_predicted_data sum: 1292.0
[USHCN-MS] tt_list mins/maxes: [(0.0, 0.999666690826416), (0.0, 0.999666690826416), (0.0, 0.999666690826416)]
[USHCN-MS] tp_to_predict min/max: 0.0 1.0416667461395264
[MS] use_ms=True fusion=concat scales=2,4,8 strides=2,4,8 npatches_per_scale=[12, 6, 3]
decoder exists: True
fuse_proj exists: True
attn_V exists: False
attn_u exists: False
gate_mlp exists: False
Missing trainable params in optimizer: []
Missing count: 0
n_train_batches: 84
Epoch 0: avg decoder weight change = 0.00020226
Epoch 1: avg decoder weight change = 0.00006120
Epoch 2: avg decoder weight change = 0.00007521
Epoch 3: avg decoder weight change = 0.00007437
Epoch 4: avg decoder weight change = 0.00008114
Epoch 5: avg decoder weight change = 0.00007388
Epoch 6: avg decoder weight change = 0.00007628
Epoch 7: avg decoder weight change = 0.00007187
Epoch 8: avg decoder weight change = 0.00008058
Epoch 9: avg decoder weight change = 0.00010513
Epoch 10: avg decoder weight change = 0.00008820
Epoch 11: avg decoder weight change = 0.00009110
Epoch 12: avg decoder weight change = 0.00008531
Epoch 13: avg decoder weight change = 0.00006749
Epoch 14: avg decoder weight change = 0.00007789
Epoch 15: avg decoder weight change = 0.00008172
Epoch 16: avg decoder weight change = 0.00011835
Epoch 17: avg decoder weight change = 0.00011008
Epoch 18: avg decoder weight change = 0.00010551
Epoch 19: avg decoder weight change = 0.00010289
Epoch 20: avg decoder weight change = 0.00011881
Epoch 21: avg decoder weight change = 0.00009553
Epoch 22: avg decoder weight change = 0.00015927
Epoch 23: avg decoder weight change = 0.00010073
Epoch 24: avg decoder weight change = 0.00010819
Epoch 25: avg decoder weight change = 0.00010688
Epoch 26: avg decoder weight change = 0.00010801
Epoch 27: avg decoder weight change = 0.00010980
Epoch 28: avg decoder weight change = 0.00010685
Epoch 29: avg decoder weight change = 0.00009716
Epoch 30: avg decoder weight change = 0.00010104
Epoch 31: avg decoder weight change = 0.00008484
Epoch 32: avg decoder weight change = 0.00012690
Epoch 33: avg decoder weight change = 0.00012027
Epoch 34: avg decoder weight change = 0.00012728
Epoch 35: avg decoder weight change = 0.00012094
Epoch 36: avg decoder weight change = 0.00010587
Epoch 37: avg decoder weight change = 0.00012487
Epoch 38: avg decoder weight change = 0.00012887
Epoch 39: avg decoder weight change = 0.00013271
Epoch 40: avg decoder weight change = 0.00013735
Epoch 41: avg decoder weight change = 0.00015953
Epoch 42: avg decoder weight change = 0.00011186
Epoch 43: avg decoder weight change = 0.00011048
Epoch 44: avg decoder weight change = 0.00014931
Epoch 45: avg decoder weight change = 0.00015066
Exp has been early stopped!
==== Seed 3 ====
PID, device: 3812627 cuda
Total records: 1114
Dataset n_samples: 1114 668 223 223
Test record ids (first 20): [886, 101, 1120, 730, 291, 875, 958, 260, 128, 1043, 620, 88, 1005, 872, 617, 538, 508, 44, 273, 817]
Test record ids (last 20): [982, 275, 991, 997, 66, 801, 67, 942, 12, 361, 555, 710, 333, 1017, 851, 184, 882, 509, 726, 587]
data_max: tensor([37.2551, 36.6691, 38.2520,  3.0401,  2.9104], device='cuda:0')
data_min: tensor([-0.3057, -0.1280, -0.1738, -3.8821, -4.1854], device='cuda:0')
time_max: tensor(48., device='cuda:0')
Dataset n_samples after time split: 26736 16032 5352 5352
[USHCN-MS] batch keys: ['X_list', 'tt_list', 'mk_list', 'npatches', 'tp_to_predict', 'data_to_predict', 'mask_predicted_data']
[USHCN-MS] #scales: 3
[USHCN-MS] per-scale shapes: [(192, 12, 11, 5), (192, 6, 15, 5), (192, 3, 24, 5)]
[USHCN-MS] data_to_predict: (192, 13, 5)
[USHCN-MS] mask_predicted_data sum: 1292.0
[USHCN-MS] tt_list mins/maxes: [(0.0, 0.999666690826416), (0.0, 0.999666690826416), (0.0, 0.999666690826416)]
[USHCN-MS] tp_to_predict min/max: 0.0 1.0416667461395264
[MS] use_ms=True fusion=concat scales=2,4,8 strides=2,4,8 npatches_per_scale=[12, 6, 3]
decoder exists: True
fuse_proj exists: True
attn_V exists: False
attn_u exists: False
gate_mlp exists: False
Missing trainable params in optimizer: []
Missing count: 0
n_train_batches: 84
Epoch 0: avg decoder weight change = 0.00019787
Epoch 1: avg decoder weight change = 0.00006898
Epoch 2: avg decoder weight change = 0.00007339
Epoch 3: avg decoder weight change = 0.00007287
Epoch 4: avg decoder weight change = 0.00008334
Epoch 5: avg decoder weight change = 0.00006346
Epoch 6: avg decoder weight change = 0.00007604
Epoch 7: avg decoder weight change = 0.00007904
Epoch 8: avg decoder weight change = 0.00009518
Epoch 9: avg decoder weight change = 0.00009407
Epoch 10: avg decoder weight change = 0.00008947
Epoch 11: avg decoder weight change = 0.00010918
Epoch 12: avg decoder weight change = 0.00009136
Epoch 13: avg decoder weight change = 0.00012567
Epoch 14: avg decoder weight change = 0.00009737
Epoch 15: avg decoder weight change = 0.00011843
Epoch 16: avg decoder weight change = 0.00009262
Epoch 17: avg decoder weight change = 0.00012622
Epoch 18: avg decoder weight change = 0.00008326
Epoch 19: avg decoder weight change = 0.00010241
Epoch 20: avg decoder weight change = 0.00009250
Epoch 21: avg decoder weight change = 0.00008406
Epoch 22: avg decoder weight change = 0.00008647
Epoch 23: avg decoder weight change = 0.00011403
Epoch 24: avg decoder weight change = 0.00008539
Epoch 25: avg decoder weight change = 0.00013926
Epoch 26: avg decoder weight change = 0.00012645
Epoch 27: avg decoder weight change = 0.00012398
Epoch 28: avg decoder weight change = 0.00010834
Epoch 29: avg decoder weight change = 0.00009963
Epoch 30: avg decoder weight change = 0.00009306
Epoch 31: avg decoder weight change = 0.00014543
Epoch 32: avg decoder weight change = 0.00011141
Epoch 33: avg decoder weight change = 0.00009623
Epoch 34: avg decoder weight change = 0.00012291
Epoch 35: avg decoder weight change = 0.00013555
Epoch 36: avg decoder weight change = 0.00012849
Epoch 37: avg decoder weight change = 0.00014710
Epoch 38: avg decoder weight change = 0.00010946
Epoch 39: avg decoder weight change = 0.00013220
Epoch 40: avg decoder weight change = 0.00013353
Epoch 41: avg decoder weight change = 0.00011812
Epoch 42: avg decoder weight change = 0.00016081
Epoch 43: avg decoder weight change = 0.00014021
Epoch 44: avg decoder weight change = 0.00013877
Epoch 45: avg decoder weight change = 0.00013184
Epoch 46: avg decoder weight change = 0.00011585
Epoch 47: avg decoder weight change = 0.00015254
Epoch 48: avg decoder weight change = 0.00013574
Epoch 49: avg decoder weight change = 0.00012759
Exp has been early stopped!
==== Seed 4 ====
PID, device: 3826420 cuda
Total records: 1114
Dataset n_samples: 1114 668 223 223
Test record ids (first 20): [886, 101, 1120, 730, 291, 875, 958, 260, 128, 1043, 620, 88, 1005, 872, 617, 538, 508, 44, 273, 817]
Test record ids (last 20): [982, 275, 991, 997, 66, 801, 67, 942, 12, 361, 555, 710, 333, 1017, 851, 184, 882, 509, 726, 587]
data_max: tensor([37.2551, 36.6691, 38.2520,  3.0401,  2.9104], device='cuda:0')
data_min: tensor([-0.3057, -0.1280, -0.1738, -3.8821, -4.1854], device='cuda:0')
time_max: tensor(48., device='cuda:0')
Dataset n_samples after time split: 26736 16032 5352 5352
[USHCN-MS] batch keys: ['X_list', 'tt_list', 'mk_list', 'npatches', 'tp_to_predict', 'data_to_predict', 'mask_predicted_data']
[USHCN-MS] #scales: 3
[USHCN-MS] per-scale shapes: [(192, 12, 11, 5), (192, 6, 15, 5), (192, 3, 24, 5)]
[USHCN-MS] data_to_predict: (192, 13, 5)
[USHCN-MS] mask_predicted_data sum: 1292.0
[USHCN-MS] tt_list mins/maxes: [(0.0, 0.999666690826416), (0.0, 0.999666690826416), (0.0, 0.999666690826416)]
[USHCN-MS] tp_to_predict min/max: 0.0 1.0416667461395264
[MS] use_ms=True fusion=concat scales=2,4,8 strides=2,4,8 npatches_per_scale=[12, 6, 3]
decoder exists: True
fuse_proj exists: True
attn_V exists: False
attn_u exists: False
gate_mlp exists: False
Missing trainable params in optimizer: []
Missing count: 0
n_train_batches: 84
Epoch 0: avg decoder weight change = 0.00020734
Epoch 1: avg decoder weight change = 0.00007878
Epoch 2: avg decoder weight change = 0.00009681
Epoch 3: avg decoder weight change = 0.00009381
Epoch 4: avg decoder weight change = 0.00010964
Epoch 5: avg decoder weight change = 0.00008965
Epoch 6: avg decoder weight change = 0.00009868
Epoch 7: avg decoder weight change = 0.00009806
Epoch 8: avg decoder weight change = 0.00010810
Epoch 9: avg decoder weight change = 0.00008780
Epoch 10: avg decoder weight change = 0.00010648
Epoch 11: avg decoder weight change = 0.00010829
Epoch 12: avg decoder weight change = 0.00010487
Epoch 13: avg decoder weight change = 0.00012784
Epoch 14: avg decoder weight change = 0.00010280
Epoch 15: avg decoder weight change = 0.00010152
Epoch 16: avg decoder weight change = 0.00010341
Epoch 17: avg decoder weight change = 0.00009802
Epoch 18: avg decoder weight change = 0.00009641
Epoch 19: avg decoder weight change = 0.00013125
Epoch 20: avg decoder weight change = 0.00013713
Epoch 21: avg decoder weight change = 0.00011067
Epoch 22: avg decoder weight change = 0.00011592
Epoch 23: avg decoder weight change = 0.00014631
Epoch 24: avg decoder weight change = 0.00012838
Epoch 25: avg decoder weight change = 0.00013385
Epoch 26: avg decoder weight change = 0.00011642
Epoch 27: avg decoder weight change = 0.00011977
Epoch 28: avg decoder weight change = 0.00012866
Epoch 29: avg decoder weight change = 0.00013245
Epoch 30: avg decoder weight change = 0.00013636
Epoch 31: avg decoder weight change = 0.00012162
Epoch 32: avg decoder weight change = 0.00011200
Epoch 33: avg decoder weight change = 0.00014142
Epoch 34: avg decoder weight change = 0.00013571
Epoch 35: avg decoder weight change = 0.00014464
Epoch 36: avg decoder weight change = 0.00012495
Epoch 37: avg decoder weight change = 0.00012849
Epoch 38: avg decoder weight change = 0.00016016
Epoch 39: avg decoder weight change = 0.00013752
Epoch 40: avg decoder weight change = 0.00015385
Epoch 41: avg decoder weight change = 0.00011107
Epoch 42: avg decoder weight change = 0.00014145
Epoch 43: avg decoder weight change = 0.00014878
Epoch 44: avg decoder weight change = 0.00013524
Epoch 45: avg decoder weight change = 0.00015719
Epoch 46: avg decoder weight change = 0.00014629
Epoch 47: avg decoder weight change = 0.00016129
Epoch 48: avg decoder weight change = 0.00014981
Epoch 49: avg decoder weight change = 0.00016215
Exp has been early stopped!
==== Seed 5 ====
PID, device: 3838209 cuda
Total records: 1114
Dataset n_samples: 1114 668 223 223
Test record ids (first 20): [886, 101, 1120, 730, 291, 875, 958, 260, 128, 1043, 620, 88, 1005, 872, 617, 538, 508, 44, 273, 817]
Test record ids (last 20): [982, 275, 991, 997, 66, 801, 67, 942, 12, 361, 555, 710, 333, 1017, 851, 184, 882, 509, 726, 587]
data_max: tensor([37.2551, 36.6691, 38.2520,  3.0401,  2.9104], device='cuda:0')
data_min: tensor([-0.3057, -0.1280, -0.1738, -3.8821, -4.1854], device='cuda:0')
time_max: tensor(48., device='cuda:0')
Dataset n_samples after time split: 26736 16032 5352 5352
[USHCN-MS] batch keys: ['X_list', 'tt_list', 'mk_list', 'npatches', 'tp_to_predict', 'data_to_predict', 'mask_predicted_data']
[USHCN-MS] #scales: 3
[USHCN-MS] per-scale shapes: [(192, 12, 11, 5), (192, 6, 15, 5), (192, 3, 24, 5)]
[USHCN-MS] data_to_predict: (192, 13, 5)
[USHCN-MS] mask_predicted_data sum: 1292.0
[USHCN-MS] tt_list mins/maxes: [(0.0, 0.999666690826416), (0.0, 0.999666690826416), (0.0, 0.999666690826416)]
[USHCN-MS] tp_to_predict min/max: 0.0 1.0416667461395264
[MS] use_ms=True fusion=concat scales=2,4,8 strides=2,4,8 npatches_per_scale=[12, 6, 3]
decoder exists: True
fuse_proj exists: True
attn_V exists: False
attn_u exists: False
gate_mlp exists: False
Missing trainable params in optimizer: []
Missing count: 0
n_train_batches: 84
Epoch 0: avg decoder weight change = 0.00020683
Epoch 1: avg decoder weight change = 0.00006807
Epoch 2: avg decoder weight change = 0.00008243
Epoch 3: avg decoder weight change = 0.00006018
Epoch 4: avg decoder weight change = 0.00008257
Epoch 5: avg decoder weight change = 0.00007289
Epoch 6: avg decoder weight change = 0.00008661
Epoch 7: avg decoder weight change = 0.00007496
Epoch 8: avg decoder weight change = 0.00008455
Epoch 9: avg decoder weight change = 0.00008312
Epoch 10: avg decoder weight change = 0.00009193
Epoch 11: avg decoder weight change = 0.00008863
Epoch 12: avg decoder weight change = 0.00009092
Epoch 13: avg decoder weight change = 0.00010158
Epoch 14: avg decoder weight change = 0.00012920
Epoch 15: avg decoder weight change = 0.00009395
Epoch 16: avg decoder weight change = 0.00010637
Epoch 17: avg decoder weight change = 0.00010827
Epoch 18: avg decoder weight change = 0.00009425
Epoch 19: avg decoder weight change = 0.00012627
Epoch 20: avg decoder weight change = 0.00011230
Epoch 21: avg decoder weight change = 0.00010116
Epoch 22: avg decoder weight change = 0.00011794
Epoch 23: avg decoder weight change = 0.00012499
Epoch 24: avg decoder weight change = 0.00011726
Epoch 25: avg decoder weight change = 0.00010663
Epoch 26: avg decoder weight change = 0.00015787
Epoch 27: avg decoder weight change = 0.00015478
Epoch 28: avg decoder weight change = 0.00011233
Epoch 29: avg decoder weight change = 0.00013872
Epoch 30: avg decoder weight change = 0.00014139
Epoch 31: avg decoder weight change = 0.00013612
Epoch 32: avg decoder weight change = 0.00015172
Epoch 33: avg decoder weight change = 0.00011156
Epoch 34: avg decoder weight change = 0.00014104
Epoch 35: avg decoder weight change = 0.00012104
Epoch 36: avg decoder weight change = 0.00012451
Epoch 37: avg decoder weight change = 0.00011641
Epoch 38: avg decoder weight change = 0.00014274
Epoch 39: avg decoder weight change = 0.00015727
Epoch 40: avg decoder weight change = 0.00015970
Epoch 41: avg decoder weight change = 0.00015018
Epoch 42: avg decoder weight change = 0.00014127
Epoch 43: avg decoder weight change = 0.00014333
Epoch 44: avg decoder weight change = 0.00014505
Epoch 45: avg decoder weight change = 0.00016204
Epoch 46: avg decoder weight change = 0.00017706
Epoch 47: avg decoder weight change = 0.00017182
Epoch 48: avg decoder weight change = 0.00017426
Epoch 49: avg decoder weight change = 0.00019798
Epoch 50: avg decoder weight change = 0.00016743
Epoch 51: avg decoder weight change = 0.00015487
Exp has been early stopped!
