/home/ouass/Test/MSP-IMTS/tPatchGNN/run_models.py
2026-03-18 10:32:08
run_models.py --dataset ushcn --state def --history 24 --batch_size 192 --lr 1e-3 --patience 20 --epoch 400 --nhead 1 --tf_layer 1 --nlayer 1 --te_dim 10 --node_dim 10 --hid_dim 32 --outlayer Linear --seed 1 --gpu 0 --multi_scales 2,4,8 --multi_strides 2,4,8 --metric per_dim --fusion gated_feat
Namespace(multi_scales='2,4,8', multi_strides='2,4,8', fusion='gated_feat', state='def', n=100000000, hop=1, nhead=1, tf_layer=1, nlayer=1, epoch=400, patience=20, history=24, patch_size=24, stride=24, logmode='a', lr=0.001, w_decay=0.0, batch_size=192, save='experiments/', load=None, seed=1, dataset='ushcn', quantization=0.0, model='tPatchGNN', outlayer='Linear', hid_dim=32, te_dim=10, node_dim=10, gpu='0', metric='per_dim', npatch=1, device=device(type='cuda'), PID=80123, n_months=48, pred_window=1, ndim=5)
- Epoch 000, ExpID 31581
Train - Loss (one batch): 0.45609
Val - Loss, MSE, RMSE, MAE, MAPE: 0.84078, 0.84078, 0.91694, 0.39855, -96.77%
Test - Best epoch, Loss, MSE, RMSE, MAE, MAPE: 0, 0.53140, 0.53140, 0.72897, 0.37102, -92.48%
Time spent: 9.61s
- Epoch 001, ExpID 31581
Train - Loss (one batch): 0.43145
Val - Loss, MSE, RMSE, MAE, MAPE: 0.78072, 0.78072, 0.88358, 0.33425, -57.08%
Test - Best epoch, Loss, MSE, RMSE, MAE, MAPE: 1, 0.51492, 0.51492, 0.71758, 0.30875, -53.02%
Time spent: 9.53s
- Epoch 002, ExpID 31581
Train - Loss (one batch): 0.45769
Val - Loss, MSE, RMSE, MAE, MAPE: 0.75691, 0.75691, 0.87001, 0.35271, -67.85%
Test - Best epoch, Loss, MSE, RMSE, MAE, MAPE: 2, 0.51526, 0.51526, 0.71782, 0.32816, -64.24%
Time spent: 9.54s
- Epoch 003, ExpID 31581
Train - Loss (one batch): 0.35416
Val - Loss, MSE, RMSE, MAE, MAPE: 0.75470, 0.75470, 0.86873, 0.34096, -60.04%
Test - Best epoch, Loss, MSE, RMSE, MAE, MAPE: 3, 0.51618, 0.51618, 0.71846, 0.31773, -57.88%
Time spent: 9.54s
- Epoch 004, ExpID 31581
Train - Loss (one batch): 0.42839
Val - Loss, MSE, RMSE, MAE, MAPE: 0.73313, 0.73313, 0.85623, 0.34127, -64.23%
Test - Best epoch, Loss, MSE, RMSE, MAE, MAPE: 4, 0.51226, 0.51226, 0.71572, 0.31797, -61.32%
Time spent: 9.53s
- Epoch 005, ExpID 31581
Train - Loss (one batch): 0.48493
Val - Loss, MSE, RMSE, MAE, MAPE: 0.71023, 0.71023, 0.84275, 0.33753, -61.07%
Test - Best epoch, Loss, MSE, RMSE, MAE, MAPE: 5, 0.50773, 0.50773, 0.71255, 0.31474, -58.99%
Time spent: 9.54s
- Epoch 006, ExpID 31581
Train - Loss (one batch): 0.39211
Val - Loss, MSE, RMSE, MAE, MAPE: 0.68735, 0.68735, 0.82907, 0.33295, -56.90%
Test - Best epoch, Loss, MSE, RMSE, MAE, MAPE: 6, 0.50351, 0.50351, 0.70958, 0.31023, -55.03%
Time spent: 9.54s
- Epoch 007, ExpID 31581
Train - Loss (one batch): 0.29960
Val - Loss, MSE, RMSE, MAE, MAPE: 0.69897, 0.69897, 0.83605, 0.33788, -61.27%
Test - Best epoch, Loss, MSE, RMSE, MAE, MAPE: 6, 0.50351, 0.50351, 0.70958, 0.31023, -55.03%
Time spent: 8.05s
- Epoch 008, ExpID 31581
Train - Loss (one batch): 0.49917
Val - Loss, MSE, RMSE, MAE, MAPE: 0.67689, 0.67689, 0.82273, 0.33442, -58.40%
Test - Best epoch, Loss, MSE, RMSE, MAE, MAPE: 8, 0.50761, 0.50761, 0.71246, 0.31108, -56.09%
Time spent: 9.53s
- Epoch 009, ExpID 31581
Train - Loss (one batch): 0.35674
Val - Loss, MSE, RMSE, MAE, MAPE: 0.71848, 0.71848, 0.84763, 0.33746, -56.83%
Test - Best epoch, Loss, MSE, RMSE, MAE, MAPE: 8, 0.50761, 0.50761, 0.71246, 0.31108, -56.09%
Time spent: 8.05s
- Epoch 010, ExpID 31581
Train - Loss (one batch): 1.36894
Val - Loss, MSE, RMSE, MAE, MAPE: 0.71006, 0.71006, 0.84265, 0.34196, -63.73%
Test - Best epoch, Loss, MSE, RMSE, MAE, MAPE: 8, 0.50761, 0.50761, 0.71246, 0.31108, -56.09%
Time spent: 8.06s
- Epoch 011, ExpID 31581
Train - Loss (one batch): 0.44136
Val - Loss, MSE, RMSE, MAE, MAPE: 0.70635, 0.70635, 0.84045, 0.33000, -54.18%
Test - Best epoch, Loss, MSE, RMSE, MAE, MAPE: 8, 0.50761, 0.50761, 0.71246, 0.31108, -56.09%
Time spent: 8.06s
- Epoch 012, ExpID 31581
Train - Loss (one batch): 0.48052
Val - Loss, MSE, RMSE, MAE, MAPE: 0.75722, 0.75722, 0.87018, 0.33359, -58.18%
Test - Best epoch, Loss, MSE, RMSE, MAE, MAPE: 8, 0.50761, 0.50761, 0.71246, 0.31108, -56.09%
Time spent: 8.05s
- Epoch 013, ExpID 31581
Train - Loss (one batch): 0.52247
Val - Loss, MSE, RMSE, MAE, MAPE: 0.69432, 0.69432, 0.83326, 0.34123, -63.71%
Test - Best epoch, Loss, MSE, RMSE, MAE, MAPE: 8, 0.50761, 0.50761, 0.71246, 0.31108, -56.09%
Time spent: 8.06s
- Epoch 014, ExpID 31581
Train - Loss (one batch): 0.29502
Val - Loss, MSE, RMSE, MAE, MAPE: 0.72903, 0.72903, 0.85383, 0.32930, -57.87%
Test - Best epoch, Loss, MSE, RMSE, MAE, MAPE: 8, 0.50761, 0.50761, 0.71246, 0.31108, -56.09%
Time spent: 8.06s
- Epoch 015, ExpID 31581
Train - Loss (one batch): 0.27270
Val - Loss, MSE, RMSE, MAE, MAPE: 0.68104, 0.68104, 0.82525, 0.35236, -71.17%
Test - Best epoch, Loss, MSE, RMSE, MAE, MAPE: 8, 0.50761, 0.50761, 0.71246, 0.31108, -56.09%
Time spent: 8.06s
- Epoch 016, ExpID 31581
Train - Loss (one batch): 0.64393
Val - Loss, MSE, RMSE, MAE, MAPE: 0.76381, 0.76381, 0.87396, 0.32807, -55.09%
Test - Best epoch, Loss, MSE, RMSE, MAE, MAPE: 8, 0.50761, 0.50761, 0.71246, 0.31108, -56.09%
Time spent: 8.06s
- Epoch 017, ExpID 31581
Train - Loss (one batch): 0.40396
Val - Loss, MSE, RMSE, MAE, MAPE: 0.73769, 0.73769, 0.85889, 0.34033, -68.21%
Test - Best epoch, Loss, MSE, RMSE, MAE, MAPE: 8, 0.50761, 0.50761, 0.71246, 0.31108, -56.09%
Time spent: 8.06s
- Epoch 018, ExpID 31581
Train - Loss (one batch): 0.36161
Val - Loss, MSE, RMSE, MAE, MAPE: 0.69051, 0.69051, 0.83097, 0.32369, -55.12%
Test - Best epoch, Loss, MSE, RMSE, MAE, MAPE: 8, 0.50761, 0.50761, 0.71246, 0.31108, -56.09%
Time spent: 8.06s
- Epoch 019, ExpID 31581
Train - Loss (one batch): 0.50902
Val - Loss, MSE, RMSE, MAE, MAPE: 0.66687, 0.66687, 0.81662, 0.33749, -56.58%
Test - Best epoch, Loss, MSE, RMSE, MAE, MAPE: 19, 0.51039, 0.51039, 0.71442, 0.31479, -54.00%
Time spent: 9.54s
- Epoch 020, ExpID 31581
Train - Loss (one batch): 0.52235
Val - Loss, MSE, RMSE, MAE, MAPE: 0.76915, 0.76915, 0.87701, 0.33712, -60.99%
Test - Best epoch, Loss, MSE, RMSE, MAE, MAPE: 19, 0.51039, 0.51039, 0.71442, 0.31479, -54.00%
Time spent: 8.06s
- Epoch 021, ExpID 31581
Train - Loss (one batch): 0.78739
Val - Loss, MSE, RMSE, MAE, MAPE: 0.69290, 0.69290, 0.83241, 0.33772, -61.88%
Test - Best epoch, Loss, MSE, RMSE, MAE, MAPE: 19, 0.51039, 0.51039, 0.71442, 0.31479, -54.00%
Time spent: 8.06s
- Epoch 022, ExpID 31581
Train - Loss (one batch): 0.75718
Val - Loss, MSE, RMSE, MAE, MAPE: 0.70005, 0.70005, 0.83669, 0.33725, -65.16%
Test - Best epoch, Loss, MSE, RMSE, MAE, MAPE: 19, 0.51039, 0.51039, 0.71442, 0.31479, -54.00%
Time spent: 8.06s
- Epoch 023, ExpID 31581
Train - Loss (one batch): 0.68063
Val - Loss, MSE, RMSE, MAE, MAPE: 0.73476, 0.73476, 0.85718, 0.33482, -59.56%
Test - Best epoch, Loss, MSE, RMSE, MAE, MAPE: 19, 0.51039, 0.51039, 0.71442, 0.31479, -54.00%
Time spent: 8.06s
- Epoch 024, ExpID 31581
Train - Loss (one batch): 0.38207
Val - Loss, MSE, RMSE, MAE, MAPE: 0.70857, 0.70857, 0.84177, 0.33735, -62.41%
Test - Best epoch, Loss, MSE, RMSE, MAE, MAPE: 19, 0.51039, 0.51039, 0.71442, 0.31479, -54.00%
Time spent: 8.05s
- Epoch 025, ExpID 31581
Train - Loss (one batch): 0.45954
Val - Loss, MSE, RMSE, MAE, MAPE: 0.71370, 0.71370, 0.84481, 0.32977, -52.99%
Test - Best epoch, Loss, MSE, RMSE, MAE, MAPE: 19, 0.51039, 0.51039, 0.71442, 0.31479, -54.00%
Time spent: 8.06s
- Epoch 026, ExpID 31581
Train - Loss (one batch): 0.26054
Val - Loss, MSE, RMSE, MAE, MAPE: 0.76459, 0.76459, 0.87441, 0.32548, -53.83%
Test - Best epoch, Loss, MSE, RMSE, MAE, MAPE: 19, 0.51039, 0.51039, 0.71442, 0.31479, -54.00%
Time spent: 8.05s
- Epoch 027, ExpID 31581
Train - Loss (one batch): 0.35673
Val - Loss, MSE, RMSE, MAE, MAPE: 0.71058, 0.71058, 0.84296, 0.32986, -59.98%
Test - Best epoch, Loss, MSE, RMSE, MAE, MAPE: 19, 0.51039, 0.51039, 0.71442, 0.31479, -54.00%
Time spent: 8.06s
- Epoch 028, ExpID 31581
Train - Loss (one batch): 0.49198
Val - Loss, MSE, RMSE, MAE, MAPE: 0.70962, 0.70962, 0.84239, 0.32195, -54.17%
Test - Best epoch, Loss, MSE, RMSE, MAE, MAPE: 19, 0.51039, 0.51039, 0.71442, 0.31479, -54.00%
Time spent: 8.06s
- Epoch 029, ExpID 31581
Train - Loss (one batch): 1.47060
Val - Loss, MSE, RMSE, MAE, MAPE: 0.73682, 0.73682, 0.85838, 0.32730, -53.90%
Test - Best epoch, Loss, MSE, RMSE, MAE, MAPE: 19, 0.51039, 0.51039, 0.71442, 0.31479, -54.00%
Time spent: 8.06s
- Epoch 030, ExpID 31581
Train - Loss (one batch): 0.51201
Val - Loss, MSE, RMSE, MAE, MAPE: 0.74345, 0.74345, 0.86223, 0.33014, -54.14%
Test - Best epoch, Loss, MSE, RMSE, MAE, MAPE: 19, 0.51039, 0.51039, 0.71442, 0.31479, -54.00%
Time spent: 8.05s
- Epoch 031, ExpID 31581
Train - Loss (one batch): 0.29070
Val - Loss, MSE, RMSE, MAE, MAPE: 0.68092, 0.68092, 0.82518, 0.32749, -55.87%
Test - Best epoch, Loss, MSE, RMSE, MAE, MAPE: 19, 0.51039, 0.51039, 0.71442, 0.31479, -54.00%
Time spent: 8.06s
- Epoch 032, ExpID 31581
Train - Loss (one batch): 0.55680
Val - Loss, MSE, RMSE, MAE, MAPE: 0.69697, 0.69697, 0.83485, 0.33484, -62.21%
Test - Best epoch, Loss, MSE, RMSE, MAE, MAPE: 19, 0.51039, 0.51039, 0.71442, 0.31479, -54.00%
Time spent: 8.05s
- Epoch 033, ExpID 31581
Train - Loss (one batch): 0.37812
Val - Loss, MSE, RMSE, MAE, MAPE: 0.70662, 0.70662, 0.84061, 0.32798, -59.25%
Test - Best epoch, Loss, MSE, RMSE, MAE, MAPE: 19, 0.51039, 0.51039, 0.71442, 0.31479, -54.00%
Time spent: 8.05s
- Epoch 034, ExpID 31581
Train - Loss (one batch): 0.32267
Val - Loss, MSE, RMSE, MAE, MAPE: 0.73057, 0.73057, 0.85473, 0.33656, -62.95%
Test - Best epoch, Loss, MSE, RMSE, MAE, MAPE: 19, 0.51039, 0.51039, 0.71442, 0.31479, -54.00%
Time spent: 8.06s
- Epoch 035, ExpID 31581
Train - Loss (one batch): 0.37743
Val - Loss, MSE, RMSE, MAE, MAPE: 0.74054, 0.74054, 0.86054, 0.32745, -55.90%
Test - Best epoch, Loss, MSE, RMSE, MAE, MAPE: 19, 0.51039, 0.51039, 0.71442, 0.31479, -54.00%
Time spent: 8.06s
- Epoch 036, ExpID 31581
Train - Loss (one batch): 0.41305
Val - Loss, MSE, RMSE, MAE, MAPE: 0.71077, 0.71077, 0.84307, 0.33417, -61.51%
Test - Best epoch, Loss, MSE, RMSE, MAE, MAPE: 19, 0.51039, 0.51039, 0.71442, 0.31479, -54.00%
Time spent: 8.06s
- Epoch 037, ExpID 31581
Train - Loss (one batch): 0.44610
Val - Loss, MSE, RMSE, MAE, MAPE: 0.73352, 0.73352, 0.85646, 0.32704, -59.13%
Test - Best epoch, Loss, MSE, RMSE, MAE, MAPE: 19, 0.51039, 0.51039, 0.71442, 0.31479, -54.00%
Time spent: 8.06s
- Epoch 038, ExpID 31581
Train - Loss (one batch): 0.27234
Val - Loss, MSE, RMSE, MAE, MAPE: 0.70887, 0.70887, 0.84194, 0.32942, -59.16%
Test - Best epoch, Loss, MSE, RMSE, MAE, MAPE: 19, 0.51039, 0.51039, 0.71442, 0.31479, -54.00%
Time spent: 8.05s
- Epoch 039, ExpID 31581
Train - Loss (one batch): 0.51586
Val - Loss, MSE, RMSE, MAE, MAPE: 0.72684, 0.72684, 0.85255, 0.34134, -66.49%
Test - Best epoch, Loss, MSE, RMSE, MAE, MAPE: 19, 0.51039, 0.51039, 0.71442, 0.31479, -54.00%
Time spent: 8.07s
/home/ouass/Test/MSP-IMTS/tPatchGNN/run_models.py
2026-03-18 10:38:43
run_models.py --dataset ushcn --state def --history 24 --batch_size 192 --lr 1e-3 --patience 20 --epoch 400 --nhead 1 --tf_layer 1 --nlayer 1 --te_dim 10 --node_dim 10 --hid_dim 32 --outlayer Linear --seed 2 --gpu 0 --multi_scales 2,4,8 --multi_strides 2,4,8 --metric per_dim --fusion gated_feat
Namespace(multi_scales='2,4,8', multi_strides='2,4,8', fusion='gated_feat', state='def', n=100000000, hop=1, nhead=1, tf_layer=1, nlayer=1, epoch=400, patience=20, history=24, patch_size=24, stride=24, logmode='a', lr=0.001, w_decay=0.0, batch_size=192, save='experiments/', load=None, seed=2, dataset='ushcn', quantization=0.0, model='tPatchGNN', outlayer='Linear', hid_dim=32, te_dim=10, node_dim=10, gpu='0', metric='per_dim', npatch=1, device=device(type='cuda'), PID=89440, n_months=48, pred_window=1, ndim=5)
- Epoch 000, ExpID 70245
Train - Loss (one batch): 0.38835
Val - Loss, MSE, RMSE, MAE, MAPE: 0.82019, 0.82019, 0.90564, 0.35005, -60.77%
Test - Best epoch, Loss, MSE, RMSE, MAE, MAPE: 0, 0.52069, 0.52069, 0.72159, 0.32520, -57.66%
Time spent: 9.61s
- Epoch 001, ExpID 70245
Train - Loss (one batch): 0.47340
Val - Loss, MSE, RMSE, MAE, MAPE: 0.74410, 0.74410, 0.86261, 0.34248, -60.03%
Test - Best epoch, Loss, MSE, RMSE, MAE, MAPE: 1, 0.50923, 0.50923, 0.71361, 0.31741, -57.11%
Time spent: 9.52s
- Epoch 002, ExpID 70245
Train - Loss (one batch): 0.66945
Val - Loss, MSE, RMSE, MAE, MAPE: 0.72064, 0.72064, 0.84890, 0.35425, -71.89%
Test - Best epoch, Loss, MSE, RMSE, MAE, MAPE: 2, 0.51650, 0.51650, 0.71868, 0.33063, -67.95%
Time spent: 9.53s
- Epoch 003, ExpID 70245
Train - Loss (one batch): 0.47691
Val - Loss, MSE, RMSE, MAE, MAPE: 0.71836, 0.71836, 0.84756, 0.34634, -63.82%
Test - Best epoch, Loss, MSE, RMSE, MAE, MAPE: 3, 0.50727, 0.50727, 0.71223, 0.32393, -62.08%
Time spent: 9.52s
- Epoch 004, ExpID 70245
Train - Loss (one batch): 0.37101
Val - Loss, MSE, RMSE, MAE, MAPE: 0.71231, 0.71231, 0.84398, 0.35472, -70.74%
Test - Best epoch, Loss, MSE, RMSE, MAE, MAPE: 4, 0.50464, 0.50464, 0.71038, 0.33180, -68.63%
Time spent: 9.54s
- Epoch 005, ExpID 70245
Train - Loss (one batch): 1.43085
Val - Loss, MSE, RMSE, MAE, MAPE: 0.73511, 0.73511, 0.85739, 0.34886, -69.07%
Test - Best epoch, Loss, MSE, RMSE, MAE, MAPE: 4, 0.50464, 0.50464, 0.71038, 0.33180, -68.63%
Time spent: 8.06s
- Epoch 006, ExpID 70245
Train - Loss (one batch): 0.35629
Val - Loss, MSE, RMSE, MAE, MAPE: 0.70808, 0.70808, 0.84148, 0.35322, -72.39%
Test - Best epoch, Loss, MSE, RMSE, MAE, MAPE: 6, 0.50491, 0.50491, 0.71057, 0.32972, -69.57%
Time spent: 9.54s
- Epoch 007, ExpID 70245
Train - Loss (one batch): 0.29276
Val - Loss, MSE, RMSE, MAE, MAPE: 0.71606, 0.71606, 0.84620, 0.34913, -67.76%
Test - Best epoch, Loss, MSE, RMSE, MAE, MAPE: 6, 0.50491, 0.50491, 0.71057, 0.32972, -69.57%
Time spent: 8.06s
- Epoch 008, ExpID 70245
Train - Loss (one batch): 0.35833
Val - Loss, MSE, RMSE, MAE, MAPE: 0.73023, 0.73023, 0.85454, 0.33644, -61.45%
Test - Best epoch, Loss, MSE, RMSE, MAE, MAPE: 6, 0.50491, 0.50491, 0.71057, 0.32972, -69.57%
Time spent: 8.06s
- Epoch 009, ExpID 70245
Train - Loss (one batch): 0.32184
Val - Loss, MSE, RMSE, MAE, MAPE: 0.68873, 0.68873, 0.82990, 0.34776, -66.64%
Test - Best epoch, Loss, MSE, RMSE, MAE, MAPE: 9, 0.50126, 0.50126, 0.70800, 0.32543, -64.98%
Time spent: 9.56s
- Epoch 010, ExpID 70245
Train - Loss (one batch): 0.45865
Val - Loss, MSE, RMSE, MAE, MAPE: 0.68552, 0.68552, 0.82796, 0.34903, -67.97%
Test - Best epoch, Loss, MSE, RMSE, MAE, MAPE: 10, 0.50318, 0.50318, 0.70936, 0.32693, -66.67%
Time spent: 9.53s
- Epoch 011, ExpID 70245
Train - Loss (one batch): 0.31067
Val - Loss, MSE, RMSE, MAE, MAPE: 0.70125, 0.70125, 0.83740, 0.33611, -60.52%
Test - Best epoch, Loss, MSE, RMSE, MAE, MAPE: 10, 0.50318, 0.50318, 0.70936, 0.32693, -66.67%
Time spent: 8.07s
- Epoch 012, ExpID 70245
Train - Loss (one batch): 0.60830
Val - Loss, MSE, RMSE, MAE, MAPE: 0.67836, 0.67836, 0.82363, 0.33558, -62.79%
Test - Best epoch, Loss, MSE, RMSE, MAE, MAPE: 12, 0.50617, 0.50617, 0.71146, 0.31274, -61.09%
Time spent: 9.54s
- Epoch 013, ExpID 70245
Train - Loss (one batch): 0.30510
Val - Loss, MSE, RMSE, MAE, MAPE: 0.69524, 0.69524, 0.83381, 0.33373, -56.76%
Test - Best epoch, Loss, MSE, RMSE, MAE, MAPE: 12, 0.50617, 0.50617, 0.71146, 0.31274, -61.09%
Time spent: 8.06s
- Epoch 014, ExpID 70245
Train - Loss (one batch): 0.59447
Val - Loss, MSE, RMSE, MAE, MAPE: 0.70088, 0.70088, 0.83718, 0.34108, -62.51%
Test - Best epoch, Loss, MSE, RMSE, MAE, MAPE: 12, 0.50617, 0.50617, 0.71146, 0.31274, -61.09%
Time spent: 8.06s
- Epoch 015, ExpID 70245
Train - Loss (one batch): 0.32693
Val - Loss, MSE, RMSE, MAE, MAPE: 0.67255, 0.67255, 0.82009, 0.33052, -57.37%
Test - Best epoch, Loss, MSE, RMSE, MAE, MAPE: 15, 0.49840, 0.49840, 0.70598, 0.30729, -54.74%
Time spent: 9.54s
- Epoch 016, ExpID 70245
Train - Loss (one batch): 0.31551
Val - Loss, MSE, RMSE, MAE, MAPE: 0.68308, 0.68308, 0.82648, 0.33770, -63.05%
Test - Best epoch, Loss, MSE, RMSE, MAE, MAPE: 15, 0.49840, 0.49840, 0.70598, 0.30729, -54.74%
Time spent: 8.06s
- Epoch 017, ExpID 70245
Train - Loss (one batch): 0.26783
Val - Loss, MSE, RMSE, MAE, MAPE: 0.69194, 0.69194, 0.83183, 0.33124, -57.20%
Test - Best epoch, Loss, MSE, RMSE, MAE, MAPE: 15, 0.49840, 0.49840, 0.70598, 0.30729, -54.74%
Time spent: 8.06s
- Epoch 018, ExpID 70245
Train - Loss (one batch): 0.47837
Val - Loss, MSE, RMSE, MAE, MAPE: 0.66902, 0.66902, 0.81793, 0.33580, -62.70%
Test - Best epoch, Loss, MSE, RMSE, MAE, MAPE: 18, 0.50205, 0.50205, 0.70855, 0.31328, -59.37%
Time spent: 9.54s
- Epoch 019, ExpID 70245
Train - Loss (one batch): 0.37162
Val - Loss, MSE, RMSE, MAE, MAPE: 0.68284, 0.68284, 0.82634, 0.32835, -52.87%
Test - Best epoch, Loss, MSE, RMSE, MAE, MAPE: 18, 0.50205, 0.50205, 0.70855, 0.31328, -59.37%
Time spent: 8.06s
- Epoch 020, ExpID 70245
Train - Loss (one batch): 0.36552
Val - Loss, MSE, RMSE, MAE, MAPE: 0.67510, 0.67510, 0.82164, 0.32682, -53.59%
Test - Best epoch, Loss, MSE, RMSE, MAE, MAPE: 18, 0.50205, 0.50205, 0.70855, 0.31328, -59.37%
Time spent: 8.06s
- Epoch 021, ExpID 70245
Train - Loss (one batch): 0.44877
Val - Loss, MSE, RMSE, MAE, MAPE: 0.68546, 0.68546, 0.82792, 0.32919, -56.97%
Test - Best epoch, Loss, MSE, RMSE, MAE, MAPE: 18, 0.50205, 0.50205, 0.70855, 0.31328, -59.37%
Time spent: 8.06s
- Epoch 022, ExpID 70245
Train - Loss (one batch): 0.95458
Val - Loss, MSE, RMSE, MAE, MAPE: 0.67701, 0.67701, 0.82280, 0.34175, -65.85%
Test - Best epoch, Loss, MSE, RMSE, MAE, MAPE: 18, 0.50205, 0.50205, 0.70855, 0.31328, -59.37%
Time spent: 8.07s
- Epoch 023, ExpID 70245
Train - Loss (one batch): 0.43088
Val - Loss, MSE, RMSE, MAE, MAPE: 0.66396, 0.66396, 0.81484, 0.32431, -53.27%
Test - Best epoch, Loss, MSE, RMSE, MAE, MAPE: 23, 0.50058, 0.50058, 0.70752, 0.30097, -50.92%
Time spent: 9.54s
- Epoch 024, ExpID 70245
Train - Loss (one batch): 0.51553
Val - Loss, MSE, RMSE, MAE, MAPE: 0.69340, 0.69340, 0.83270, 0.34103, -67.66%
Test - Best epoch, Loss, MSE, RMSE, MAE, MAPE: 23, 0.50058, 0.50058, 0.70752, 0.30097, -50.92%
Time spent: 8.06s
- Epoch 025, ExpID 70245
Train - Loss (one batch): 0.35148
Val - Loss, MSE, RMSE, MAE, MAPE: 0.69438, 0.69438, 0.83330, 0.34115, -61.74%
Test - Best epoch, Loss, MSE, RMSE, MAE, MAPE: 23, 0.50058, 0.50058, 0.70752, 0.30097, -50.92%
Time spent: 8.07s
- Epoch 026, ExpID 70245
Train - Loss (one batch): 0.47000
Val - Loss, MSE, RMSE, MAE, MAPE: 0.65530, 0.65530, 0.80951, 0.34347, -68.73%
Test - Best epoch, Loss, MSE, RMSE, MAE, MAPE: 26, 0.50115, 0.50115, 0.70792, 0.32058, -66.92%
Time spent: 9.55s
- Epoch 027, ExpID 70245
Train - Loss (one batch): 0.73876
Val - Loss, MSE, RMSE, MAE, MAPE: 0.69632, 0.69632, 0.83446, 0.33289, -60.46%
Test - Best epoch, Loss, MSE, RMSE, MAE, MAPE: 26, 0.50115, 0.50115, 0.70792, 0.32058, -66.92%
Time spent: 8.06s
- Epoch 028, ExpID 70245
Train - Loss (one batch): 0.33470
Val - Loss, MSE, RMSE, MAE, MAPE: 0.69918, 0.69918, 0.83617, 0.33147, -59.52%
Test - Best epoch, Loss, MSE, RMSE, MAE, MAPE: 26, 0.50115, 0.50115, 0.70792, 0.32058, -66.92%
Time spent: 8.07s
- Epoch 029, ExpID 70245
Train - Loss (one batch): 0.40363
Val - Loss, MSE, RMSE, MAE, MAPE: 0.67608, 0.67608, 0.82224, 0.33449, -61.79%
Test - Best epoch, Loss, MSE, RMSE, MAE, MAPE: 26, 0.50115, 0.50115, 0.70792, 0.32058, -66.92%
Time spent: 8.06s
- Epoch 030, ExpID 70245
Train - Loss (one batch): 0.55275
Val - Loss, MSE, RMSE, MAE, MAPE: 0.68890, 0.68890, 0.83000, 0.32866, -56.99%
Test - Best epoch, Loss, MSE, RMSE, MAE, MAPE: 26, 0.50115, 0.50115, 0.70792, 0.32058, -66.92%
Time spent: 8.06s
- Epoch 031, ExpID 70245
Train - Loss (one batch): 0.42067
Val - Loss, MSE, RMSE, MAE, MAPE: 0.68475, 0.68475, 0.82750, 0.33342, -59.17%
Test - Best epoch, Loss, MSE, RMSE, MAE, MAPE: 26, 0.50115, 0.50115, 0.70792, 0.32058, -66.92%
Time spent: 8.05s
- Epoch 032, ExpID 70245
Train - Loss (one batch): 0.40693
Val - Loss, MSE, RMSE, MAE, MAPE: 0.68909, 0.68909, 0.83012, 0.32757, -58.30%
Test - Best epoch, Loss, MSE, RMSE, MAE, MAPE: 26, 0.50115, 0.50115, 0.70792, 0.32058, -66.92%
Time spent: 8.07s
- Epoch 033, ExpID 70245
Train - Loss (one batch): 0.25859
Val - Loss, MSE, RMSE, MAE, MAPE: 0.67975, 0.67975, 0.82447, 0.32591, -53.28%
Test - Best epoch, Loss, MSE, RMSE, MAE, MAPE: 26, 0.50115, 0.50115, 0.70792, 0.32058, -66.92%
Time spent: 8.07s
- Epoch 034, ExpID 70245
Train - Loss (one batch): 0.29541
Val - Loss, MSE, RMSE, MAE, MAPE: 0.69746, 0.69746, 0.83514, 0.32812, -57.27%
Test - Best epoch, Loss, MSE, RMSE, MAE, MAPE: 26, 0.50115, 0.50115, 0.70792, 0.32058, -66.92%
Time spent: 8.06s
- Epoch 035, ExpID 70245
Train - Loss (one batch): 0.18463
Val - Loss, MSE, RMSE, MAE, MAPE: 0.68719, 0.68719, 0.82897, 0.31746, -49.12%
Test - Best epoch, Loss, MSE, RMSE, MAE, MAPE: 26, 0.50115, 0.50115, 0.70792, 0.32058, -66.92%
Time spent: 8.06s
- Epoch 036, ExpID 70245
Train - Loss (one batch): 0.44214
Val - Loss, MSE, RMSE, MAE, MAPE: 0.67255, 0.67255, 0.82009, 0.32174, -52.03%
Test - Best epoch, Loss, MSE, RMSE, MAE, MAPE: 26, 0.50115, 0.50115, 0.70792, 0.32058, -66.92%
Time spent: 8.07s
- Epoch 037, ExpID 70245
Train - Loss (one batch): 0.37069
Val - Loss, MSE, RMSE, MAE, MAPE: 0.66426, 0.66426, 0.81502, 0.32080, -54.44%
Test - Best epoch, Loss, MSE, RMSE, MAE, MAPE: 26, 0.50115, 0.50115, 0.70792, 0.32058, -66.92%
Time spent: 8.06s
- Epoch 038, ExpID 70245
Train - Loss (one batch): 0.35563
Val - Loss, MSE, RMSE, MAE, MAPE: 0.67287, 0.67287, 0.82029, 0.31810, -49.01%
Test - Best epoch, Loss, MSE, RMSE, MAE, MAPE: 26, 0.50115, 0.50115, 0.70792, 0.32058, -66.92%
Time spent: 8.07s
- Epoch 039, ExpID 70245
Train - Loss (one batch): 0.34875
Val - Loss, MSE, RMSE, MAE, MAPE: 0.69930, 0.69930, 0.83624, 0.32254, -56.82%
Test - Best epoch, Loss, MSE, RMSE, MAE, MAPE: 26, 0.50115, 0.50115, 0.70792, 0.32058, -66.92%
Time spent: 8.06s
- Epoch 040, ExpID 70245
Train - Loss (one batch): 0.59291
Val - Loss, MSE, RMSE, MAE, MAPE: 0.68622, 0.68622, 0.82838, 0.33253, -62.21%
Test - Best epoch, Loss, MSE, RMSE, MAE, MAPE: 26, 0.50115, 0.50115, 0.70792, 0.32058, -66.92%
Time spent: 8.07s
- Epoch 041, ExpID 70245
Train - Loss (one batch): 0.52659
Val - Loss, MSE, RMSE, MAE, MAPE: 0.69615, 0.69615, 0.83436, 0.34112, -62.67%
Test - Best epoch, Loss, MSE, RMSE, MAE, MAPE: 26, 0.50115, 0.50115, 0.70792, 0.32058, -66.92%
Time spent: 8.05s
- Epoch 042, ExpID 70245
Train - Loss (one batch): 0.30886
Val - Loss, MSE, RMSE, MAE, MAPE: 0.69875, 0.69875, 0.83591, 0.32836, -56.77%
Test - Best epoch, Loss, MSE, RMSE, MAE, MAPE: 26, 0.50115, 0.50115, 0.70792, 0.32058, -66.92%
Time spent: 8.05s
- Epoch 043, ExpID 70245
Train - Loss (one batch): 0.27103
Val - Loss, MSE, RMSE, MAE, MAPE: 0.67142, 0.67142, 0.81940, 0.33360, -62.82%
Test - Best epoch, Loss, MSE, RMSE, MAE, MAPE: 26, 0.50115, 0.50115, 0.70792, 0.32058, -66.92%
Time spent: 8.06s
- Epoch 044, ExpID 70245
Train - Loss (one batch): 1.20203
Val - Loss, MSE, RMSE, MAE, MAPE: 0.70331, 0.70331, 0.83864, 0.32405, -54.74%
Test - Best epoch, Loss, MSE, RMSE, MAE, MAPE: 26, 0.50115, 0.50115, 0.70792, 0.32058, -66.92%
Time spent: 8.05s
- Epoch 045, ExpID 70245
Train - Loss (one batch): 0.30001
Val - Loss, MSE, RMSE, MAE, MAPE: 0.69386, 0.69386, 0.83298, 0.32706, -58.46%
Test - Best epoch, Loss, MSE, RMSE, MAE, MAPE: 26, 0.50115, 0.50115, 0.70792, 0.32058, -66.92%
Time spent: 8.05s
- Epoch 046, ExpID 70245
Train - Loss (one batch): 0.31639
Val - Loss, MSE, RMSE, MAE, MAPE: 0.70439, 0.70439, 0.83928, 0.32884, -55.70%
Test - Best epoch, Loss, MSE, RMSE, MAE, MAPE: 26, 0.50115, 0.50115, 0.70792, 0.32058, -66.92%
Time spent: 8.05s
/home/ouass/Test/MSP-IMTS/tPatchGNN/run_models.py
2026-03-18 10:45:51
run_models.py --dataset ushcn --state def --history 24 --batch_size 192 --lr 1e-3 --patience 20 --epoch 400 --nhead 1 --tf_layer 1 --nlayer 1 --te_dim 10 --node_dim 10 --hid_dim 32 --outlayer Linear --seed 3 --gpu 0 --multi_scales 2,4,8 --multi_strides 2,4,8 --metric per_dim --fusion gated_feat
Namespace(multi_scales='2,4,8', multi_strides='2,4,8', fusion='gated_feat', state='def', n=100000000, hop=1, nhead=1, tf_layer=1, nlayer=1, epoch=400, patience=20, history=24, patch_size=24, stride=24, logmode='a', lr=0.001, w_decay=0.0, batch_size=192, save='experiments/', load=None, seed=3, dataset='ushcn', quantization=0.0, model='tPatchGNN', outlayer='Linear', hid_dim=32, te_dim=10, node_dim=10, gpu='0', metric='per_dim', npatch=1, device=device(type='cuda'), PID=100756, n_months=48, pred_window=1, ndim=5)
- Epoch 000, ExpID 3315
Train - Loss (one batch): 0.49643
Val - Loss, MSE, RMSE, MAE, MAPE: 0.81965, 0.81965, 0.90534, 0.37758, -80.88%
Test - Best epoch, Loss, MSE, RMSE, MAE, MAPE: 0, 0.52693, 0.52693, 0.72590, 0.35128, -78.54%
Time spent: 9.59s
- Epoch 001, ExpID 3315
Train - Loss (one batch): 0.72228
Val - Loss, MSE, RMSE, MAE, MAPE: 0.76181, 0.76181, 0.87282, 0.33884, -55.35%
Test - Best epoch, Loss, MSE, RMSE, MAE, MAPE: 1, 0.51950, 0.51950, 0.72077, 0.31494, -52.24%
Time spent: 9.53s
- Epoch 002, ExpID 3315
Train - Loss (one batch): 0.62846
Val - Loss, MSE, RMSE, MAE, MAPE: 0.77055, 0.77055, 0.87781, 0.36003, -70.89%
Test - Best epoch, Loss, MSE, RMSE, MAE, MAPE: 1, 0.51950, 0.51950, 0.72077, 0.31494, -52.24%
Time spent: 8.04s
- Epoch 003, ExpID 3315
Train - Loss (one batch): 0.57142
Val - Loss, MSE, RMSE, MAE, MAPE: 0.75918, 0.75918, 0.87131, 0.33962, -55.09%
Test - Best epoch, Loss, MSE, RMSE, MAE, MAPE: 3, 0.51921, 0.51921, 0.72056, 0.31655, -53.03%
Time spent: 9.53s
- Epoch 004, ExpID 3315
Train - Loss (one batch): 0.73456
Val - Loss, MSE, RMSE, MAE, MAPE: 0.75120, 0.75120, 0.86672, 0.33977, -56.98%
Test - Best epoch, Loss, MSE, RMSE, MAE, MAPE: 4, 0.50894, 0.50894, 0.71340, 0.31616, -55.23%
Time spent: 9.53s
- Epoch 005, ExpID 3315
Train - Loss (one batch): 0.27119
Val - Loss, MSE, RMSE, MAE, MAPE: 0.75120, 0.75120, 0.86672, 0.34000, -56.96%
Test - Best epoch, Loss, MSE, RMSE, MAE, MAPE: 5, 0.51067, 0.51067, 0.71461, 0.31708, -55.22%
Time spent: 9.53s
- Epoch 006, ExpID 3315
Train - Loss (one batch): 0.79901
Val - Loss, MSE, RMSE, MAE, MAPE: 0.73647, 0.73647, 0.85818, 0.34982, -66.74%
Test - Best epoch, Loss, MSE, RMSE, MAE, MAPE: 6, 0.51037, 0.51037, 0.71440, 0.32699, -65.55%
Time spent: 9.52s
- Epoch 007, ExpID 3315
Train - Loss (one batch): 0.81056
Val - Loss, MSE, RMSE, MAE, MAPE: 0.75991, 0.75991, 0.87173, 0.34289, -62.20%
Test - Best epoch, Loss, MSE, RMSE, MAE, MAPE: 6, 0.51037, 0.51037, 0.71440, 0.32699, -65.55%
Time spent: 8.06s
- Epoch 008, ExpID 3315
Train - Loss (one batch): 0.26596
Val - Loss, MSE, RMSE, MAE, MAPE: 0.72175, 0.72175, 0.84956, 0.34429, -63.66%
Test - Best epoch, Loss, MSE, RMSE, MAE, MAPE: 8, 0.51070, 0.51070, 0.71463, 0.32168, -62.17%
Time spent: 9.53s
- Epoch 009, ExpID 3315
Train - Loss (one batch): 0.46815
Val - Loss, MSE, RMSE, MAE, MAPE: 0.74875, 0.74875, 0.86530, 0.34014, -62.54%
Test - Best epoch, Loss, MSE, RMSE, MAE, MAPE: 8, 0.51070, 0.51070, 0.71463, 0.32168, -62.17%
Time spent: 8.05s
- Epoch 010, ExpID 3315
Train - Loss (one batch): 0.90288
Val - Loss, MSE, RMSE, MAE, MAPE: 0.74522, 0.74522, 0.86326, 0.33174, -56.43%
Test - Best epoch, Loss, MSE, RMSE, MAE, MAPE: 8, 0.51070, 0.51070, 0.71463, 0.32168, -62.17%
Time spent: 8.06s
- Epoch 011, ExpID 3315
Train - Loss (one batch): 0.55090
Val - Loss, MSE, RMSE, MAE, MAPE: 0.75083, 0.75083, 0.86650, 0.34507, -64.15%
Test - Best epoch, Loss, MSE, RMSE, MAE, MAPE: 8, 0.51070, 0.51070, 0.71463, 0.32168, -62.17%
Time spent: 8.04s
- Epoch 012, ExpID 3315
Train - Loss (one batch): 0.30936
Val - Loss, MSE, RMSE, MAE, MAPE: 0.70691, 0.70691, 0.84078, 0.33565, -58.47%
Test - Best epoch, Loss, MSE, RMSE, MAE, MAPE: 12, 0.50907, 0.50907, 0.71349, 0.31323, -57.47%
Time spent: 9.53s
- Epoch 013, ExpID 3315
Train - Loss (one batch): 0.41004
Val - Loss, MSE, RMSE, MAE, MAPE: 0.70271, 0.70271, 0.83828, 0.34360, -64.26%
Test - Best epoch, Loss, MSE, RMSE, MAE, MAPE: 13, 0.50657, 0.50657, 0.71174, 0.32152, -63.66%
Time spent: 9.54s
- Epoch 014, ExpID 3315
Train - Loss (one batch): 0.49131
Val - Loss, MSE, RMSE, MAE, MAPE: 0.77938, 0.77938, 0.88282, 0.34473, -56.19%
Test - Best epoch, Loss, MSE, RMSE, MAE, MAPE: 13, 0.50657, 0.50657, 0.71174, 0.32152, -63.66%
Time spent: 8.05s
- Epoch 015, ExpID 3315
Train - Loss (one batch): 0.39810
Val - Loss, MSE, RMSE, MAE, MAPE: 0.71005, 0.71005, 0.84265, 0.32761, -56.09%
Test - Best epoch, Loss, MSE, RMSE, MAE, MAPE: 13, 0.50657, 0.50657, 0.71174, 0.32152, -63.66%
Time spent: 8.05s
- Epoch 016, ExpID 3315
Train - Loss (one batch): 0.57225
Val - Loss, MSE, RMSE, MAE, MAPE: 0.70230, 0.70230, 0.83803, 0.33328, -56.43%
Test - Best epoch, Loss, MSE, RMSE, MAE, MAPE: 16, 0.50646, 0.50646, 0.71166, 0.30988, -55.17%
Time spent: 9.52s
- Epoch 017, ExpID 3315
Train - Loss (one batch): 0.34725
Val - Loss, MSE, RMSE, MAE, MAPE: 0.71451, 0.71451, 0.84529, 0.33044, -56.36%
Test - Best epoch, Loss, MSE, RMSE, MAE, MAPE: 16, 0.50646, 0.50646, 0.71166, 0.30988, -55.17%
Time spent: 8.06s
- Epoch 018, ExpID 3315
Train - Loss (one batch): 0.33069
Val - Loss, MSE, RMSE, MAE, MAPE: 0.72909, 0.72909, 0.85387, 0.33281, -60.93%
Test - Best epoch, Loss, MSE, RMSE, MAE, MAPE: 16, 0.50646, 0.50646, 0.71166, 0.30988, -55.17%
Time spent: 8.05s
- Epoch 019, ExpID 3315
Train - Loss (one batch): 0.29788
Val - Loss, MSE, RMSE, MAE, MAPE: 0.74200, 0.74200, 0.86139, 0.34075, -63.50%
Test - Best epoch, Loss, MSE, RMSE, MAE, MAPE: 16, 0.50646, 0.50646, 0.71166, 0.30988, -55.17%
Time spent: 8.05s
- Epoch 020, ExpID 3315
Train - Loss (one batch): 0.37083
Val - Loss, MSE, RMSE, MAE, MAPE: 0.72168, 0.72168, 0.84952, 0.33359, -58.29%
Test - Best epoch, Loss, MSE, RMSE, MAE, MAPE: 16, 0.50646, 0.50646, 0.71166, 0.30988, -55.17%
Time spent: 8.05s
- Epoch 021, ExpID 3315
Train - Loss (one batch): 0.53813
Val - Loss, MSE, RMSE, MAE, MAPE: 0.74845, 0.74845, 0.86513, 0.34663, -65.98%
Test - Best epoch, Loss, MSE, RMSE, MAE, MAPE: 16, 0.50646, 0.50646, 0.71166, 0.30988, -55.17%
Time spent: 8.06s
- Epoch 022, ExpID 3315
Train - Loss (one batch): 0.45125
Val - Loss, MSE, RMSE, MAE, MAPE: 0.71474, 0.71474, 0.84543, 0.33870, -59.86%
Test - Best epoch, Loss, MSE, RMSE, MAE, MAPE: 16, 0.50646, 0.50646, 0.71166, 0.30988, -55.17%
Time spent: 8.06s
- Epoch 023, ExpID 3315
Train - Loss (one batch): 0.74534
Val - Loss, MSE, RMSE, MAE, MAPE: 0.75265, 0.75265, 0.86756, 0.32179, -52.99%
Test - Best epoch, Loss, MSE, RMSE, MAE, MAPE: 16, 0.50646, 0.50646, 0.71166, 0.30988, -55.17%
Time spent: 8.05s
- Epoch 024, ExpID 3315
Train - Loss (one batch): 0.74974
Val - Loss, MSE, RMSE, MAE, MAPE: 0.72431, 0.72431, 0.85106, 0.33854, -63.88%
Test - Best epoch, Loss, MSE, RMSE, MAE, MAPE: 16, 0.50646, 0.50646, 0.71166, 0.30988, -55.17%
Time spent: 8.05s
- Epoch 025, ExpID 3315
Train - Loss (one batch): 0.36621
Val - Loss, MSE, RMSE, MAE, MAPE: 0.74155, 0.74155, 0.86113, 0.33455, -59.13%
Test - Best epoch, Loss, MSE, RMSE, MAE, MAPE: 16, 0.50646, 0.50646, 0.71166, 0.30988, -55.17%
Time spent: 8.05s
- Epoch 026, ExpID 3315
Train - Loss (one batch): 0.48220
Val - Loss, MSE, RMSE, MAE, MAPE: 0.71279, 0.71279, 0.84427, 0.32904, -53.51%
Test - Best epoch, Loss, MSE, RMSE, MAE, MAPE: 16, 0.50646, 0.50646, 0.71166, 0.30988, -55.17%
Time spent: 8.05s
- Epoch 027, ExpID 3315
Train - Loss (one batch): 0.57991
Val - Loss, MSE, RMSE, MAE, MAPE: 0.72384, 0.72384, 0.85079, 0.32670, -52.97%
Test - Best epoch, Loss, MSE, RMSE, MAE, MAPE: 16, 0.50646, 0.50646, 0.71166, 0.30988, -55.17%
Time spent: 8.05s
- Epoch 028, ExpID 3315
Train - Loss (one batch): 0.41775
Val - Loss, MSE, RMSE, MAE, MAPE: 0.72476, 0.72476, 0.85133, 0.33374, -58.90%
Test - Best epoch, Loss, MSE, RMSE, MAE, MAPE: 16, 0.50646, 0.50646, 0.71166, 0.30988, -55.17%
Time spent: 8.06s
- Epoch 029, ExpID 3315
Train - Loss (one batch): 0.61112
Val - Loss, MSE, RMSE, MAE, MAPE: 0.72961, 0.72961, 0.85417, 0.33137, -56.80%
Test - Best epoch, Loss, MSE, RMSE, MAE, MAPE: 16, 0.50646, 0.50646, 0.71166, 0.30988, -55.17%
Time spent: 8.05s
- Epoch 030, ExpID 3315
Train - Loss (one batch): 0.58798
Val - Loss, MSE, RMSE, MAE, MAPE: 0.74230, 0.74230, 0.86157, 0.33648, -62.96%
Test - Best epoch, Loss, MSE, RMSE, MAE, MAPE: 16, 0.50646, 0.50646, 0.71166, 0.30988, -55.17%
Time spent: 8.05s
- Epoch 031, ExpID 3315
Train - Loss (one batch): 0.26884
Val - Loss, MSE, RMSE, MAE, MAPE: 0.77364, 0.77364, 0.87957, 0.32184, -50.89%
Test - Best epoch, Loss, MSE, RMSE, MAE, MAPE: 16, 0.50646, 0.50646, 0.71166, 0.30988, -55.17%
Time spent: 8.05s
- Epoch 032, ExpID 3315
Train - Loss (one batch): 0.27539
Val - Loss, MSE, RMSE, MAE, MAPE: 0.73705, 0.73705, 0.85852, 0.32939, -59.09%
Test - Best epoch, Loss, MSE, RMSE, MAE, MAPE: 16, 0.50646, 0.50646, 0.71166, 0.30988, -55.17%
Time spent: 8.05s
- Epoch 033, ExpID 3315
Train - Loss (one batch): 0.43209
Val - Loss, MSE, RMSE, MAE, MAPE: 0.77667, 0.77667, 0.88129, 0.33131, -57.42%
Test - Best epoch, Loss, MSE, RMSE, MAE, MAPE: 16, 0.50646, 0.50646, 0.71166, 0.30988, -55.17%
Time spent: 8.05s
- Epoch 034, ExpID 3315
Train - Loss (one batch): 0.54894
Val - Loss, MSE, RMSE, MAE, MAPE: 0.74120, 0.74120, 0.86093, 0.32987, -54.61%
Test - Best epoch, Loss, MSE, RMSE, MAE, MAPE: 16, 0.50646, 0.50646, 0.71166, 0.30988, -55.17%
Time spent: 8.05s
- Epoch 035, ExpID 3315
Train - Loss (one batch): 0.29213
Val - Loss, MSE, RMSE, MAE, MAPE: 0.75224, 0.75224, 0.86732, 0.32704, -55.89%
Test - Best epoch, Loss, MSE, RMSE, MAE, MAPE: 16, 0.50646, 0.50646, 0.71166, 0.30988, -55.17%
Time spent: 8.05s
- Epoch 036, ExpID 3315
Train - Loss (one batch): 0.33326
Val - Loss, MSE, RMSE, MAE, MAPE: 0.74808, 0.74808, 0.86492, 0.35158, -73.06%
Test - Best epoch, Loss, MSE, RMSE, MAE, MAPE: 16, 0.50646, 0.50646, 0.71166, 0.30988, -55.17%
Time spent: 8.05s
/home/ouass/Test/MSP-IMTS/tPatchGNN/run_models.py
2026-03-18 10:51:57
run_models.py --dataset ushcn --state def --history 24 --batch_size 192 --lr 1e-3 --patience 20 --epoch 400 --nhead 1 --tf_layer 1 --nlayer 1 --te_dim 10 --node_dim 10 --hid_dim 32 --outlayer Linear --seed 4 --gpu 0 --multi_scales 2,4,8 --multi_strides 2,4,8 --metric per_dim --fusion gated_feat
Namespace(multi_scales='2,4,8', multi_strides='2,4,8', fusion='gated_feat', state='def', n=100000000, hop=1, nhead=1, tf_layer=1, nlayer=1, epoch=400, patience=20, history=24, patch_size=24, stride=24, logmode='a', lr=0.001, w_decay=0.0, batch_size=192, save='experiments/', load=None, seed=4, dataset='ushcn', quantization=0.0, model='tPatchGNN', outlayer='Linear', hid_dim=32, te_dim=10, node_dim=10, gpu='0', metric='per_dim', npatch=1, device=device(type='cuda'), PID=109117, n_months=48, pred_window=1, ndim=5)
- Epoch 000, ExpID 2555
Train - Loss (one batch): 0.98194
Val - Loss, MSE, RMSE, MAE, MAPE: 0.83553, 0.83553, 0.91407, 0.34594, -59.02%
Test - Best epoch, Loss, MSE, RMSE, MAE, MAPE: 0, 0.52108, 0.52108, 0.72186, 0.31949, -56.61%
Time spent: 9.58s
- Epoch 001, ExpID 2555
Train - Loss (one batch): 0.28076
Val - Loss, MSE, RMSE, MAE, MAPE: 0.79124, 0.79124, 0.88952, 0.34442, -60.31%
Test - Best epoch, Loss, MSE, RMSE, MAE, MAPE: 1, 0.52121, 0.52121, 0.72195, 0.31917, -57.14%
Time spent: 9.51s
- Epoch 002, ExpID 2555
Train - Loss (one batch): 0.36780
Val - Loss, MSE, RMSE, MAE, MAPE: 0.78720, 0.78720, 0.88724, 0.35487, -60.04%
Test - Best epoch, Loss, MSE, RMSE, MAE, MAPE: 2, 0.52974, 0.52974, 0.72783, 0.33260, -58.37%
Time spent: 9.52s
- Epoch 003, ExpID 2555
Train - Loss (one batch): 0.33695
Val - Loss, MSE, RMSE, MAE, MAPE: 0.76203, 0.76203, 0.87294, 0.33624, -51.07%
Test - Best epoch, Loss, MSE, RMSE, MAE, MAPE: 3, 0.51495, 0.51495, 0.71760, 0.31230, -48.80%
Time spent: 9.53s
- Epoch 004, ExpID 2555
Train - Loss (one batch): 0.26999
Val - Loss, MSE, RMSE, MAE, MAPE: 0.76169, 0.76169, 0.87275, 0.34294, -58.26%
Test - Best epoch, Loss, MSE, RMSE, MAE, MAPE: 4, 0.50986, 0.50986, 0.71405, 0.31909, -56.89%
Time spent: 9.53s
- Epoch 005, ExpID 2555
Train - Loss (one batch): 0.67568
Val - Loss, MSE, RMSE, MAE, MAPE: 0.74916, 0.74916, 0.86554, 0.33691, -53.86%
Test - Best epoch, Loss, MSE, RMSE, MAE, MAPE: 5, 0.51172, 0.51172, 0.71535, 0.31202, -51.04%
Time spent: 9.54s
- Epoch 006, ExpID 2555
Train - Loss (one batch): 0.79130
Val - Loss, MSE, RMSE, MAE, MAPE: 0.73768, 0.73768, 0.85888, 0.36676, -75.63%
Test - Best epoch, Loss, MSE, RMSE, MAE, MAPE: 6, 0.51621, 0.51621, 0.71848, 0.34197, -74.25%
Time spent: 9.53s
- Epoch 007, ExpID 2555
Train - Loss (one batch): 0.55531
Val - Loss, MSE, RMSE, MAE, MAPE: 0.71248, 0.71248, 0.84408, 0.33337, -55.50%
Test - Best epoch, Loss, MSE, RMSE, MAE, MAPE: 7, 0.51321, 0.51321, 0.71639, 0.31004, -53.66%
Time spent: 9.52s
- Epoch 008, ExpID 2555
Train - Loss (one batch): 0.40393
Val - Loss, MSE, RMSE, MAE, MAPE: 0.71594, 0.71594, 0.84613, 0.33871, -57.17%
Test - Best epoch, Loss, MSE, RMSE, MAE, MAPE: 7, 0.51321, 0.51321, 0.71639, 0.31004, -53.66%
Time spent: 8.04s
- Epoch 009, ExpID 2555
Train - Loss (one batch): 0.54845
Val - Loss, MSE, RMSE, MAE, MAPE: 0.75292, 0.75292, 0.86771, 0.34310, -55.47%
Test - Best epoch, Loss, MSE, RMSE, MAE, MAPE: 7, 0.51321, 0.51321, 0.71639, 0.31004, -53.66%
Time spent: 8.05s
- Epoch 010, ExpID 2555
Train - Loss (one batch): 0.43180
Val - Loss, MSE, RMSE, MAE, MAPE: 0.70832, 0.70832, 0.84162, 0.33676, -59.25%
Test - Best epoch, Loss, MSE, RMSE, MAE, MAPE: 10, 0.50862, 0.50862, 0.71318, 0.31219, -57.01%
Time spent: 9.53s
- Epoch 011, ExpID 2555
Train - Loss (one batch): 0.46815
Val - Loss, MSE, RMSE, MAE, MAPE: 0.69723, 0.69723, 0.83500, 0.33609, -55.44%
Test - Best epoch, Loss, MSE, RMSE, MAE, MAPE: 11, 0.51151, 0.51151, 0.71520, 0.31441, -54.67%
Time spent: 9.53s
- Epoch 012, ExpID 2555
Train - Loss (one batch): 0.36855
Val - Loss, MSE, RMSE, MAE, MAPE: 0.71618, 0.71618, 0.84628, 0.33791, -58.74%
Test - Best epoch, Loss, MSE, RMSE, MAE, MAPE: 11, 0.51151, 0.51151, 0.71520, 0.31441, -54.67%
Time spent: 8.05s
- Epoch 013, ExpID 2555
Train - Loss (one batch): 0.64115
Val - Loss, MSE, RMSE, MAE, MAPE: 0.68405, 0.68405, 0.82707, 0.34370, -63.05%
Test - Best epoch, Loss, MSE, RMSE, MAE, MAPE: 13, 0.50895, 0.50895, 0.71341, 0.32023, -60.54%
Time spent: 9.52s
- Epoch 014, ExpID 2555
Train - Loss (one batch): 0.30874
Val - Loss, MSE, RMSE, MAE, MAPE: 0.68327, 0.68327, 0.82660, 0.34114, -62.63%
Test - Best epoch, Loss, MSE, RMSE, MAE, MAPE: 14, 0.51334, 0.51334, 0.71648, 0.31720, -60.05%
Time spent: 9.53s
- Epoch 015, ExpID 2555
Train - Loss (one batch): 0.67895
Val - Loss, MSE, RMSE, MAE, MAPE: 0.68805, 0.68805, 0.82949, 0.34612, -62.50%
Test - Best epoch, Loss, MSE, RMSE, MAE, MAPE: 14, 0.51334, 0.51334, 0.71648, 0.31720, -60.05%
Time spent: 8.06s
- Epoch 016, ExpID 2555
Train - Loss (one batch): 0.39177
Val - Loss, MSE, RMSE, MAE, MAPE: 0.72290, 0.72290, 0.85024, 0.34123, -59.37%
Test - Best epoch, Loss, MSE, RMSE, MAE, MAPE: 14, 0.51334, 0.51334, 0.71648, 0.31720, -60.05%
Time spent: 8.04s
- Epoch 017, ExpID 2555
Train - Loss (one batch): 0.52944
Val - Loss, MSE, RMSE, MAE, MAPE: 0.68096, 0.68096, 0.82520, 0.33138, -56.91%
Test - Best epoch, Loss, MSE, RMSE, MAE, MAPE: 17, 0.50300, 0.50300, 0.70922, 0.30799, -54.79%
Time spent: 9.54s
- Epoch 018, ExpID 2555
Train - Loss (one batch): 0.33582
Val - Loss, MSE, RMSE, MAE, MAPE: 0.69289, 0.69289, 0.83240, 0.33373, -54.26%
Test - Best epoch, Loss, MSE, RMSE, MAE, MAPE: 17, 0.50300, 0.50300, 0.70922, 0.30799, -54.79%
Time spent: 8.05s
- Epoch 019, ExpID 2555
Train - Loss (one batch): 0.32868
Val - Loss, MSE, RMSE, MAE, MAPE: 0.65994, 0.65994, 0.81237, 0.33825, -55.82%
Test - Best epoch, Loss, MSE, RMSE, MAE, MAPE: 19, 0.50893, 0.50893, 0.71340, 0.31650, -54.98%
Time spent: 9.53s
- Epoch 020, ExpID 2555
Train - Loss (one batch): 0.47793
Val - Loss, MSE, RMSE, MAE, MAPE: 0.72371, 0.72371, 0.85071, 0.33993, -61.39%
Test - Best epoch, Loss, MSE, RMSE, MAE, MAPE: 19, 0.50893, 0.50893, 0.71340, 0.31650, -54.98%
Time spent: 8.06s
- Epoch 021, ExpID 2555
Train - Loss (one batch): 0.47778
Val - Loss, MSE, RMSE, MAE, MAPE: 0.70894, 0.70894, 0.84199, 0.34935, -67.52%
Test - Best epoch, Loss, MSE, RMSE, MAE, MAPE: 19, 0.50893, 0.50893, 0.71340, 0.31650, -54.98%
Time spent: 8.05s
- Epoch 022, ExpID 2555
Train - Loss (one batch): 0.29575
Val - Loss, MSE, RMSE, MAE, MAPE: 0.67089, 0.67089, 0.81908, 0.35944, -73.59%
Test - Best epoch, Loss, MSE, RMSE, MAE, MAPE: 19, 0.50893, 0.50893, 0.71340, 0.31650, -54.98%
Time spent: 8.06s
- Epoch 023, ExpID 2555
Train - Loss (one batch): 0.55380
Val - Loss, MSE, RMSE, MAE, MAPE: 0.68116, 0.68116, 0.82532, 0.33931, -65.33%
Test - Best epoch, Loss, MSE, RMSE, MAE, MAPE: 19, 0.50893, 0.50893, 0.71340, 0.31650, -54.98%
Time spent: 8.06s
- Epoch 024, ExpID 2555
Train - Loss (one batch): 0.29753
Val - Loss, MSE, RMSE, MAE, MAPE: 0.65077, 0.65077, 0.80670, 0.32815, -54.83%
Test - Best epoch, Loss, MSE, RMSE, MAE, MAPE: 24, 0.51078, 0.51078, 0.71469, 0.30592, -53.63%
Time spent: 9.54s
- Epoch 025, ExpID 2555
Train - Loss (one batch): 0.55391
Val - Loss, MSE, RMSE, MAE, MAPE: 0.68567, 0.68567, 0.82805, 0.33062, -55.47%
Test - Best epoch, Loss, MSE, RMSE, MAE, MAPE: 24, 0.51078, 0.51078, 0.71469, 0.30592, -53.63%
Time spent: 8.05s
- Epoch 026, ExpID 2555
Train - Loss (one batch): 0.34425
Val - Loss, MSE, RMSE, MAE, MAPE: 0.66508, 0.66508, 0.81553, 0.33642, -63.11%
Test - Best epoch, Loss, MSE, RMSE, MAE, MAPE: 24, 0.51078, 0.51078, 0.71469, 0.30592, -53.63%
Time spent: 8.06s
- Epoch 027, ExpID 2555
Train - Loss (one batch): 0.31553
Val - Loss, MSE, RMSE, MAE, MAPE: 0.65115, 0.65115, 0.80694, 0.32516, -54.01%
Test - Best epoch, Loss, MSE, RMSE, MAE, MAPE: 24, 0.51078, 0.51078, 0.71469, 0.30592, -53.63%
Time spent: 8.05s
- Epoch 028, ExpID 2555
Train - Loss (one batch): 0.56339
Val - Loss, MSE, RMSE, MAE, MAPE: 0.68455, 0.68455, 0.82738, 0.33430, -58.79%
Test - Best epoch, Loss, MSE, RMSE, MAE, MAPE: 24, 0.51078, 0.51078, 0.71469, 0.30592, -53.63%
Time spent: 8.05s
- Epoch 029, ExpID 2555
Train - Loss (one batch): 0.32774
Val - Loss, MSE, RMSE, MAE, MAPE: 0.71312, 0.71312, 0.84446, 0.33578, -61.45%
Test - Best epoch, Loss, MSE, RMSE, MAE, MAPE: 24, 0.51078, 0.51078, 0.71469, 0.30592, -53.63%
Time spent: 8.05s
- Epoch 030, ExpID 2555
Train - Loss (one batch): 0.23914
Val - Loss, MSE, RMSE, MAE, MAPE: 0.69928, 0.69928, 0.83623, 0.33355, -60.06%
Test - Best epoch, Loss, MSE, RMSE, MAE, MAPE: 24, 0.51078, 0.51078, 0.71469, 0.30592, -53.63%
Time spent: 8.06s
- Epoch 031, ExpID 2555
Train - Loss (one batch): 0.26356
Val - Loss, MSE, RMSE, MAE, MAPE: 0.67933, 0.67933, 0.82421, 0.34093, -63.40%
Test - Best epoch, Loss, MSE, RMSE, MAE, MAPE: 24, 0.51078, 0.51078, 0.71469, 0.30592, -53.63%
Time spent: 8.05s
- Epoch 032, ExpID 2555
Train - Loss (one batch): 0.36998
Val - Loss, MSE, RMSE, MAE, MAPE: 0.69590, 0.69590, 0.83421, 0.33121, -54.21%
Test - Best epoch, Loss, MSE, RMSE, MAE, MAPE: 24, 0.51078, 0.51078, 0.71469, 0.30592, -53.63%
Time spent: 8.06s
- Epoch 033, ExpID 2555
Train - Loss (one batch): 0.48002
Val - Loss, MSE, RMSE, MAE, MAPE: 0.74595, 0.74595, 0.86369, 0.32901, -59.68%
Test - Best epoch, Loss, MSE, RMSE, MAE, MAPE: 24, 0.51078, 0.51078, 0.71469, 0.30592, -53.63%
Time spent: 8.06s
- Epoch 034, ExpID 2555
Train - Loss (one batch): 0.48638
Val - Loss, MSE, RMSE, MAE, MAPE: 0.72880, 0.72880, 0.85370, 0.33698, -60.61%
Test - Best epoch, Loss, MSE, RMSE, MAE, MAPE: 24, 0.51078, 0.51078, 0.71469, 0.30592, -53.63%
Time spent: 8.06s
- Epoch 035, ExpID 2555
Train - Loss (one batch): 0.64456
Val - Loss, MSE, RMSE, MAE, MAPE: 0.70326, 0.70326, 0.83861, 0.33763, -63.57%
Test - Best epoch, Loss, MSE, RMSE, MAE, MAPE: 24, 0.51078, 0.51078, 0.71469, 0.30592, -53.63%
Time spent: 8.06s
- Epoch 036, ExpID 2555
Train - Loss (one batch): 0.58421
Val - Loss, MSE, RMSE, MAE, MAPE: 0.73790, 0.73790, 0.85901, 0.34109, -61.18%
Test - Best epoch, Loss, MSE, RMSE, MAE, MAPE: 24, 0.51078, 0.51078, 0.71469, 0.30592, -53.63%
Time spent: 8.05s
- Epoch 037, ExpID 2555
Train - Loss (one batch): 0.47277
Val - Loss, MSE, RMSE, MAE, MAPE: 0.76027, 0.76027, 0.87194, 0.35071, -70.16%
Test - Best epoch, Loss, MSE, RMSE, MAE, MAPE: 24, 0.51078, 0.51078, 0.71469, 0.30592, -53.63%
Time spent: 8.05s
- Epoch 038, ExpID 2555
Train - Loss (one batch): 0.40818
Val - Loss, MSE, RMSE, MAE, MAPE: 0.70341, 0.70341, 0.83869, 0.33741, -62.38%
Test - Best epoch, Loss, MSE, RMSE, MAE, MAPE: 24, 0.51078, 0.51078, 0.71469, 0.30592, -53.63%
Time spent: 8.06s
- Epoch 039, ExpID 2555
Train - Loss (one batch): 0.56246
Val - Loss, MSE, RMSE, MAE, MAPE: 0.71570, 0.71570, 0.84599, 0.32876, -57.62%
Test - Best epoch, Loss, MSE, RMSE, MAE, MAPE: 24, 0.51078, 0.51078, 0.71469, 0.30592, -53.63%
Time spent: 8.07s
- Epoch 040, ExpID 2555
Train - Loss (one batch): 0.23213
Val - Loss, MSE, RMSE, MAE, MAPE: 0.73077, 0.73077, 0.85485, 0.32257, -50.31%
Test - Best epoch, Loss, MSE, RMSE, MAE, MAPE: 24, 0.51078, 0.51078, 0.71469, 0.30592, -53.63%
Time spent: 8.06s
- Epoch 041, ExpID 2555
Train - Loss (one batch): 0.29301
Val - Loss, MSE, RMSE, MAE, MAPE: 0.70211, 0.70211, 0.83792, 0.33357, -58.20%
Test - Best epoch, Loss, MSE, RMSE, MAE, MAPE: 24, 0.51078, 0.51078, 0.71469, 0.30592, -53.63%
Time spent: 8.06s
- Epoch 042, ExpID 2555
Train - Loss (one batch): 0.51601
Val - Loss, MSE, RMSE, MAE, MAPE: 0.72209, 0.72209, 0.84976, 0.34140, -64.77%
Test - Best epoch, Loss, MSE, RMSE, MAE, MAPE: 24, 0.51078, 0.51078, 0.71469, 0.30592, -53.63%
Time spent: 8.06s
- Epoch 043, ExpID 2555
Train - Loss (one batch): 0.43033
Val - Loss, MSE, RMSE, MAE, MAPE: 0.70065, 0.70065, 0.83705, 0.33184, -59.28%
Test - Best epoch, Loss, MSE, RMSE, MAE, MAPE: 24, 0.51078, 0.51078, 0.71469, 0.30592, -53.63%
Time spent: 8.06s
- Epoch 044, ExpID 2555
Train - Loss (one batch): 0.31076
Val - Loss, MSE, RMSE, MAE, MAPE: 0.74380, 0.74380, 0.86244, 0.32921, -49.44%
Test - Best epoch, Loss, MSE, RMSE, MAE, MAPE: 24, 0.51078, 0.51078, 0.71469, 0.30592, -53.63%
Time spent: 8.06s
/home/ouass/Test/MSP-IMTS/tPatchGNN/run_models.py
2026-03-18 10:59:15
run_models.py --dataset ushcn --state def --history 24 --batch_size 192 --lr 1e-3 --patience 20 --epoch 400 --nhead 1 --tf_layer 1 --nlayer 1 --te_dim 10 --node_dim 10 --hid_dim 32 --outlayer Linear --seed 5 --gpu 0 --multi_scales 2,4,8 --multi_strides 2,4,8 --metric per_dim --fusion gated_feat
Namespace(multi_scales='2,4,8', multi_strides='2,4,8', fusion='gated_feat', state='def', n=100000000, hop=1, nhead=1, tf_layer=1, nlayer=1, epoch=400, patience=20, history=24, patch_size=24, stride=24, logmode='a', lr=0.001, w_decay=0.0, batch_size=192, save='experiments/', load=None, seed=5, dataset='ushcn', quantization=0.0, model='tPatchGNN', outlayer='Linear', hid_dim=32, te_dim=10, node_dim=10, gpu='0', metric='per_dim', npatch=1, device=device(type='cuda'), PID=120020, n_months=48, pred_window=1, ndim=5)
- Epoch 000, ExpID 11131
Train - Loss (one batch): 0.56398
Val - Loss, MSE, RMSE, MAE, MAPE: 0.81495, 0.81495, 0.90275, 0.34020, -54.90%
Test - Best epoch, Loss, MSE, RMSE, MAE, MAPE: 0, 0.52046, 0.52046, 0.72143, 0.31384, -52.09%
Time spent: 9.61s
- Epoch 001, ExpID 11131
Train - Loss (one batch): 0.45089
Val - Loss, MSE, RMSE, MAE, MAPE: 0.77758, 0.77758, 0.88180, 0.34550, -58.07%
Test - Best epoch, Loss, MSE, RMSE, MAE, MAPE: 1, 0.52052, 0.52052, 0.72147, 0.32162, -56.31%
Time spent: 9.55s
- Epoch 002, ExpID 11131
Train - Loss (one batch): 0.49291
Val - Loss, MSE, RMSE, MAE, MAPE: 0.74627, 0.74627, 0.86387, 0.34290, -61.53%
Test - Best epoch, Loss, MSE, RMSE, MAE, MAPE: 2, 0.50749, 0.50749, 0.71238, 0.31922, -58.44%
Time spent: 9.57s
- Epoch 003, ExpID 11131
Train - Loss (one batch): 0.63248
Val - Loss, MSE, RMSE, MAE, MAPE: 0.73009, 0.73009, 0.85445, 0.34934, -66.39%
Test - Best epoch, Loss, MSE, RMSE, MAE, MAPE: 3, 0.50814, 0.50814, 0.71284, 0.32649, -63.62%
Time spent: 9.57s
- Epoch 004, ExpID 11131
Train - Loss (one batch): 0.72503
Val - Loss, MSE, RMSE, MAE, MAPE: 0.72759, 0.72759, 0.85299, 0.34285, -62.06%
Test - Best epoch, Loss, MSE, RMSE, MAE, MAPE: 4, 0.50511, 0.50511, 0.71071, 0.31935, -58.98%
Time spent: 9.57s
- Epoch 005, ExpID 11131
Train - Loss (one batch): 0.46540
Val - Loss, MSE, RMSE, MAE, MAPE: 0.72791, 0.72791, 0.85318, 0.34026, -59.77%
Test - Best epoch, Loss, MSE, RMSE, MAE, MAPE: 4, 0.50511, 0.50511, 0.71071, 0.31935, -58.98%
Time spent: 8.07s
- Epoch 006, ExpID 11131
Train - Loss (one batch): 0.46299
Val - Loss, MSE, RMSE, MAE, MAPE: 0.73002, 0.73002, 0.85441, 0.34122, -58.90%
Test - Best epoch, Loss, MSE, RMSE, MAE, MAPE: 4, 0.50511, 0.50511, 0.71071, 0.31935, -58.98%
Time spent: 8.07s
- Epoch 007, ExpID 11131
Train - Loss (one batch): 0.50733
Val - Loss, MSE, RMSE, MAE, MAPE: 0.72678, 0.72678, 0.85251, 0.33258, -52.40%
Test - Best epoch, Loss, MSE, RMSE, MAE, MAPE: 7, 0.50622, 0.50622, 0.71149, 0.31103, -51.04%
Time spent: 9.58s
- Epoch 008, ExpID 11131
Train - Loss (one batch): 0.37225
Val - Loss, MSE, RMSE, MAE, MAPE: 0.72262, 0.72262, 0.85007, 0.34892, -67.04%
Test - Best epoch, Loss, MSE, RMSE, MAE, MAPE: 8, 0.51511, 0.51511, 0.71771, 0.32700, -64.05%
Time spent: 9.56s
- Epoch 009, ExpID 11131
Train - Loss (one batch): 0.34041
Val - Loss, MSE, RMSE, MAE, MAPE: 0.69758, 0.69758, 0.83521, 0.32698, -54.62%
Test - Best epoch, Loss, MSE, RMSE, MAE, MAPE: 9, 0.50658, 0.50658, 0.71174, 0.30471, -51.79%
Time spent: 9.57s
- Epoch 010, ExpID 11131
Train - Loss (one batch): 0.44979
Val - Loss, MSE, RMSE, MAE, MAPE: 0.72400, 0.72400, 0.85088, 0.34849, -64.40%
Test - Best epoch, Loss, MSE, RMSE, MAE, MAPE: 9, 0.50658, 0.50658, 0.71174, 0.30471, -51.79%
Time spent: 8.07s
- Epoch 011, ExpID 11131
Train - Loss (one batch): 0.30301
Val - Loss, MSE, RMSE, MAE, MAPE: 0.71055, 0.71055, 0.84294, 0.32205, -47.93%
Test - Best epoch, Loss, MSE, RMSE, MAE, MAPE: 9, 0.50658, 0.50658, 0.71174, 0.30471, -51.79%
Time spent: 8.08s
- Epoch 012, ExpID 11131
Train - Loss (one batch): 0.41173
Val - Loss, MSE, RMSE, MAE, MAPE: 0.70065, 0.70065, 0.83705, 0.32123, -49.33%
Test - Best epoch, Loss, MSE, RMSE, MAE, MAPE: 9, 0.50658, 0.50658, 0.71174, 0.30471, -51.79%
Time spent: 8.06s
- Epoch 013, ExpID 11131
Train - Loss (one batch): 0.38696
Val - Loss, MSE, RMSE, MAE, MAPE: 0.71472, 0.71472, 0.84541, 0.33500, -61.25%
Test - Best epoch, Loss, MSE, RMSE, MAE, MAPE: 9, 0.50658, 0.50658, 0.71174, 0.30471, -51.79%
Time spent: 8.07s
- Epoch 014, ExpID 11131
Train - Loss (one batch): 0.43892
Val - Loss, MSE, RMSE, MAE, MAPE: 0.71043, 0.71043, 0.84287, 0.33837, -57.39%
Test - Best epoch, Loss, MSE, RMSE, MAE, MAPE: 9, 0.50658, 0.50658, 0.71174, 0.30471, -51.79%
Time spent: 8.07s
- Epoch 015, ExpID 11131
Train - Loss (one batch): 0.38351
Val - Loss, MSE, RMSE, MAE, MAPE: 0.70356, 0.70356, 0.83879, 0.33153, -57.84%
Test - Best epoch, Loss, MSE, RMSE, MAE, MAPE: 9, 0.50658, 0.50658, 0.71174, 0.30471, -51.79%
Time spent: 8.08s
- Epoch 016, ExpID 11131
Train - Loss (one batch): 0.27705
Val - Loss, MSE, RMSE, MAE, MAPE: 0.72991, 0.72991, 0.85435, 0.31891, -50.52%
Test - Best epoch, Loss, MSE, RMSE, MAE, MAPE: 9, 0.50658, 0.50658, 0.71174, 0.30471, -51.79%
Time spent: 8.08s
- Epoch 017, ExpID 11131
Train - Loss (one batch): 0.35270
Val - Loss, MSE, RMSE, MAE, MAPE: 0.68872, 0.68872, 0.82989, 0.32318, -54.13%
Test - Best epoch, Loss, MSE, RMSE, MAE, MAPE: 17, 0.50253, 0.50253, 0.70890, 0.30192, -52.29%
Time spent: 9.56s
- Epoch 018, ExpID 11131
Train - Loss (one batch): 0.56427
Val - Loss, MSE, RMSE, MAE, MAPE: 0.71382, 0.71382, 0.84488, 0.33280, -61.18%
Test - Best epoch, Loss, MSE, RMSE, MAE, MAPE: 17, 0.50253, 0.50253, 0.70890, 0.30192, -52.29%
Time spent: 8.07s
- Epoch 019, ExpID 11131
Train - Loss (one batch): 0.82556
Val - Loss, MSE, RMSE, MAE, MAPE: 0.70545, 0.70545, 0.83991, 0.32551, -54.92%
Test - Best epoch, Loss, MSE, RMSE, MAE, MAPE: 17, 0.50253, 0.50253, 0.70890, 0.30192, -52.29%
Time spent: 8.08s
- Epoch 020, ExpID 11131
Train - Loss (one batch): 0.38967
Val - Loss, MSE, RMSE, MAE, MAPE: 0.69701, 0.69701, 0.83487, 0.32257, -52.55%
Test - Best epoch, Loss, MSE, RMSE, MAE, MAPE: 17, 0.50253, 0.50253, 0.70890, 0.30192, -52.29%
Time spent: 8.08s
- Epoch 021, ExpID 11131
Train - Loss (one batch): 0.50182
Val - Loss, MSE, RMSE, MAE, MAPE: 0.70018, 0.70018, 0.83677, 0.33106, -54.06%
Test - Best epoch, Loss, MSE, RMSE, MAE, MAPE: 17, 0.50253, 0.50253, 0.70890, 0.30192, -52.29%
Time spent: 8.07s
- Epoch 022, ExpID 11131
Train - Loss (one batch): 0.94757
Val - Loss, MSE, RMSE, MAE, MAPE: 0.70497, 0.70497, 0.83963, 0.32956, -56.07%
Test - Best epoch, Loss, MSE, RMSE, MAE, MAPE: 17, 0.50253, 0.50253, 0.70890, 0.30192, -52.29%
Time spent: 8.08s
- Epoch 023, ExpID 11131
Train - Loss (one batch): 0.38115
Val - Loss, MSE, RMSE, MAE, MAPE: 0.72231, 0.72231, 0.84989, 0.32667, -51.09%
Test - Best epoch, Loss, MSE, RMSE, MAE, MAPE: 17, 0.50253, 0.50253, 0.70890, 0.30192, -52.29%
Time spent: 8.07s
- Epoch 024, ExpID 11131
Train - Loss (one batch): 0.56969
Val - Loss, MSE, RMSE, MAE, MAPE: 0.68023, 0.68023, 0.82476, 0.32898, -55.58%
Test - Best epoch, Loss, MSE, RMSE, MAE, MAPE: 24, 0.50191, 0.50191, 0.70846, 0.30666, -52.46%
Time spent: 9.57s
- Epoch 025, ExpID 11131
Train - Loss (one batch): 0.38729
Val - Loss, MSE, RMSE, MAE, MAPE: 0.70602, 0.70602, 0.84025, 0.32615, -56.07%
Test - Best epoch, Loss, MSE, RMSE, MAE, MAPE: 24, 0.50191, 0.50191, 0.70846, 0.30666, -52.46%
Time spent: 8.09s
- Epoch 026, ExpID 11131
Train - Loss (one batch): 0.47937
Val - Loss, MSE, RMSE, MAE, MAPE: 0.71212, 0.71212, 0.84387, 0.32158, -54.38%
Test - Best epoch, Loss, MSE, RMSE, MAE, MAPE: 24, 0.50191, 0.50191, 0.70846, 0.30666, -52.46%
Time spent: 8.07s
- Epoch 027, ExpID 11131
Train - Loss (one batch): 0.35289
Val - Loss, MSE, RMSE, MAE, MAPE: 0.70819, 0.70819, 0.84154, 0.33603, -65.34%
Test - Best epoch, Loss, MSE, RMSE, MAE, MAPE: 24, 0.50191, 0.50191, 0.70846, 0.30666, -52.46%
Time spent: 8.09s
- Epoch 028, ExpID 11131
Train - Loss (one batch): 0.36755
Val - Loss, MSE, RMSE, MAE, MAPE: 0.67270, 0.67270, 0.82018, 0.33636, -64.76%
Test - Best epoch, Loss, MSE, RMSE, MAE, MAPE: 28, 0.50840, 0.50840, 0.71302, 0.31515, -62.30%
Time spent: 9.56s
- Epoch 029, ExpID 11131
Train - Loss (one batch): 0.42220
Val - Loss, MSE, RMSE, MAE, MAPE: 0.69705, 0.69705, 0.83489, 0.32229, -55.13%
Test - Best epoch, Loss, MSE, RMSE, MAE, MAPE: 28, 0.50840, 0.50840, 0.71302, 0.31515, -62.30%
Time spent: 8.08s
- Epoch 030, ExpID 11131
Train - Loss (one batch): 0.33335
Val - Loss, MSE, RMSE, MAE, MAPE: 0.68820, 0.68820, 0.82958, 0.32561, -54.72%
Test - Best epoch, Loss, MSE, RMSE, MAE, MAPE: 28, 0.50840, 0.50840, 0.71302, 0.31515, -62.30%
Time spent: 8.07s
- Epoch 031, ExpID 11131
Train - Loss (one batch): 0.43401
Val - Loss, MSE, RMSE, MAE, MAPE: 0.69062, 0.69062, 0.83104, 0.33800, -65.30%
Test - Best epoch, Loss, MSE, RMSE, MAE, MAPE: 28, 0.50840, 0.50840, 0.71302, 0.31515, -62.30%
Time spent: 8.08s
- Epoch 032, ExpID 11131
Train - Loss (one batch): 0.36216
Val - Loss, MSE, RMSE, MAE, MAPE: 0.69665, 0.69665, 0.83466, 0.33303, -58.12%
Test - Best epoch, Loss, MSE, RMSE, MAE, MAPE: 28, 0.50840, 0.50840, 0.71302, 0.31515, -62.30%
Time spent: 8.08s
- Epoch 033, ExpID 11131
Train - Loss (one batch): 0.23319
Val - Loss, MSE, RMSE, MAE, MAPE: 0.68411, 0.68411, 0.82711, 0.32951, -59.27%
Test - Best epoch, Loss, MSE, RMSE, MAE, MAPE: 28, 0.50840, 0.50840, 0.71302, 0.31515, -62.30%
Time spent: 8.07s
- Epoch 034, ExpID 11131
Train - Loss (one batch): 0.36006
Val - Loss, MSE, RMSE, MAE, MAPE: 0.69454, 0.69454, 0.83339, 0.33352, -57.27%
Test - Best epoch, Loss, MSE, RMSE, MAE, MAPE: 28, 0.50840, 0.50840, 0.71302, 0.31515, -62.30%
Time spent: 8.08s
- Epoch 035, ExpID 11131
Train - Loss (one batch): 0.30397
Val - Loss, MSE, RMSE, MAE, MAPE: 0.69886, 0.69886, 0.83598, 0.32873, -56.22%
Test - Best epoch, Loss, MSE, RMSE, MAE, MAPE: 28, 0.50840, 0.50840, 0.71302, 0.31515, -62.30%
Time spent: 8.07s
- Epoch 036, ExpID 11131
Train - Loss (one batch): 0.39216
Val - Loss, MSE, RMSE, MAE, MAPE: 0.69752, 0.69752, 0.83518, 0.33568, -64.99%
Test - Best epoch, Loss, MSE, RMSE, MAE, MAPE: 28, 0.50840, 0.50840, 0.71302, 0.31515, -62.30%
Time spent: 8.08s
- Epoch 037, ExpID 11131
Train - Loss (one batch): 0.47997
Val - Loss, MSE, RMSE, MAE, MAPE: 0.71407, 0.71407, 0.84503, 0.32629, -55.05%
Test - Best epoch, Loss, MSE, RMSE, MAE, MAPE: 28, 0.50840, 0.50840, 0.71302, 0.31515, -62.30%
Time spent: 8.07s
- Epoch 038, ExpID 11131
Train - Loss (one batch): 0.33422
Val - Loss, MSE, RMSE, MAE, MAPE: 0.71015, 0.71015, 0.84270, 0.32276, -54.11%
Test - Best epoch, Loss, MSE, RMSE, MAE, MAPE: 28, 0.50840, 0.50840, 0.71302, 0.31515, -62.30%
Time spent: 8.09s
- Epoch 039, ExpID 11131
Train - Loss (one batch): 0.59304
Val - Loss, MSE, RMSE, MAE, MAPE: 0.69853, 0.69853, 0.83578, 0.33712, -63.64%
Test - Best epoch, Loss, MSE, RMSE, MAE, MAPE: 28, 0.50840, 0.50840, 0.71302, 0.31515, -62.30%
Time spent: 8.08s
- Epoch 040, ExpID 11131
Train - Loss (one batch): 0.31883
Val - Loss, MSE, RMSE, MAE, MAPE: 0.71252, 0.71252, 0.84411, 0.32955, -57.00%
Test - Best epoch, Loss, MSE, RMSE, MAE, MAPE: 28, 0.50840, 0.50840, 0.71302, 0.31515, -62.30%
Time spent: 8.08s
- Epoch 041, ExpID 11131
Train - Loss (one batch): 0.40770
Val - Loss, MSE, RMSE, MAE, MAPE: 0.69687, 0.69687, 0.83479, 0.33275, -59.70%
Test - Best epoch, Loss, MSE, RMSE, MAE, MAPE: 28, 0.50840, 0.50840, 0.71302, 0.31515, -62.30%
Time spent: 8.08s
- Epoch 042, ExpID 11131
Train - Loss (one batch): 0.53348
Val - Loss, MSE, RMSE, MAE, MAPE: 0.69092, 0.69092, 0.83122, 0.34292, -67.62%
Test - Best epoch, Loss, MSE, RMSE, MAE, MAPE: 28, 0.50840, 0.50840, 0.71302, 0.31515, -62.30%
Time spent: 8.09s
- Epoch 043, ExpID 11131
Train - Loss (one batch): 0.40784
Val - Loss, MSE, RMSE, MAE, MAPE: 0.70341, 0.70341, 0.83870, 0.31749, -51.23%
Test - Best epoch, Loss, MSE, RMSE, MAE, MAPE: 28, 0.50840, 0.50840, 0.71302, 0.31515, -62.30%
Time spent: 8.08s
- Epoch 044, ExpID 11131
Train - Loss (one batch): 0.39110
Val - Loss, MSE, RMSE, MAE, MAPE: 0.67672, 0.67672, 0.82263, 0.32143, -50.65%
Test - Best epoch, Loss, MSE, RMSE, MAE, MAPE: 28, 0.50840, 0.50840, 0.71302, 0.31515, -62.30%
Time spent: 8.09s
- Epoch 045, ExpID 11131
Train - Loss (one batch): 0.71703
Val - Loss, MSE, RMSE, MAE, MAPE: 0.70117, 0.70117, 0.83736, 0.34996, -73.41%
Test - Best epoch, Loss, MSE, RMSE, MAE, MAPE: 28, 0.50840, 0.50840, 0.71302, 0.31515, -62.30%
Time spent: 8.07s
- Epoch 046, ExpID 11131
Train - Loss (one batch): 0.63159
Val - Loss, MSE, RMSE, MAE, MAPE: 0.69988, 0.69988, 0.83659, 0.33133, -62.15%
Test - Best epoch, Loss, MSE, RMSE, MAE, MAPE: 28, 0.50840, 0.50840, 0.71302, 0.31515, -62.30%
Time spent: 8.09s
- Epoch 047, ExpID 11131
Train - Loss (one batch): 0.29477
Val - Loss, MSE, RMSE, MAE, MAPE: 0.71496, 0.71496, 0.84555, 0.32621, -52.42%
Test - Best epoch, Loss, MSE, RMSE, MAE, MAPE: 28, 0.50840, 0.50840, 0.71302, 0.31515, -62.30%
Time spent: 8.09s
- Epoch 048, ExpID 11131
Train - Loss (one batch): 0.45349
Val - Loss, MSE, RMSE, MAE, MAPE: 0.73092, 0.73092, 0.85494, 0.32865, -55.55%
Test - Best epoch, Loss, MSE, RMSE, MAE, MAPE: 28, 0.50840, 0.50840, 0.71302, 0.31515, -62.30%
Time spent: 8.08s
