/home/ouass/Test/MSP-IMTS/tPatchGNN/run_models.py
2026-03-18 02:56:18
run_models.py --dataset ushcn --state def --history 24 --patience 10 --batch_size 192 --lr 1e-3 --patch_size 2 --stride 2 --nhead 1 --tf_layer 1 --nlayer 1 --te_dim 10 --node_dim 10 --hid_dim 32 --outlayer Linear --seed 1 --metric per_dim --gpu 0
Namespace(multi_scales='', multi_strides='', fusion='concat', state='def', n=100000000, hop=1, nhead=1, tf_layer=1, nlayer=1, epoch=1000, patience=10, history=24, patch_size=2.0, stride=2.0, logmode='a', lr=0.001, w_decay=0.0, batch_size=192, save='experiments/', load=None, seed=1, dataset='ushcn', quantization=0.0, model='tPatchGNN', outlayer='Linear', hid_dim=32, te_dim=10, node_dim=10, gpu='0', metric='per_dim', npatch=12, device=device(type='cuda'), PID=3616853, n_months=48, pred_window=1, ndim=5)
- Epoch 000, ExpID 25556
Train - Loss (one batch): 0.62172
Val - Loss, MSE, RMSE, MAE, MAPE: 0.82991, 0.82991, 0.91099, 0.35194, -60.17%
Test - Best epoch, Loss, MSE, RMSE, MAE, MAPE: 0, 0.52277, 0.52277, 0.72303, 0.32304, -57.72%
Time spent: 6.90s
- Epoch 001, ExpID 25556
Train - Loss (one batch): 0.24554
Val - Loss, MSE, RMSE, MAE, MAPE: 0.77160, 0.77160, 0.87841, 0.35719, -70.70%
Test - Best epoch, Loss, MSE, RMSE, MAE, MAPE: 1, 0.51890, 0.51890, 0.72035, 0.33102, -68.33%
Time spent: 6.23s
- Epoch 002, ExpID 25556
Train - Loss (one batch): 0.30835
Val - Loss, MSE, RMSE, MAE, MAPE: 0.75328, 0.75328, 0.86792, 0.33261, -49.51%
Test - Best epoch, Loss, MSE, RMSE, MAE, MAPE: 2, 0.52475, 0.52475, 0.72440, 0.30865, -48.07%
Time spent: 6.31s
- Epoch 003, ExpID 25556
Train - Loss (one batch): 0.41475
Val - Loss, MSE, RMSE, MAE, MAPE: 0.75298, 0.75298, 0.86775, 0.33134, -54.06%
Test - Best epoch, Loss, MSE, RMSE, MAE, MAPE: 3, 0.51120, 0.51120, 0.71498, 0.30604, -51.81%
Time spent: 6.29s
- Epoch 004, ExpID 25556
Train - Loss (one batch): 0.35475
Val - Loss, MSE, RMSE, MAE, MAPE: 0.71656, 0.71656, 0.84650, 0.33000, -55.83%
Test - Best epoch, Loss, MSE, RMSE, MAE, MAPE: 4, 0.51309, 0.51309, 0.71630, 0.30600, -53.86%
Time spent: 6.30s
- Epoch 005, ExpID 25556
Train - Loss (one batch): 0.40022
Val - Loss, MSE, RMSE, MAE, MAPE: 0.71679, 0.71679, 0.84663, 0.33476, -58.89%
Test - Best epoch, Loss, MSE, RMSE, MAE, MAPE: 4, 0.51309, 0.51309, 0.71630, 0.30600, -53.86%
Time spent: 5.27s
- Epoch 006, ExpID 25556
Train - Loss (one batch): 0.33548
Val - Loss, MSE, RMSE, MAE, MAPE: 0.69018, 0.69018, 0.83077, 0.33796, -61.42%
Test - Best epoch, Loss, MSE, RMSE, MAE, MAPE: 6, 0.50687, 0.50687, 0.71195, 0.31390, -58.71%
Time spent: 6.28s
- Epoch 007, ExpID 25556
Train - Loss (one batch): 0.68683
Val - Loss, MSE, RMSE, MAE, MAPE: 0.73872, 0.73872, 0.85949, 0.32545, -51.97%
Test - Best epoch, Loss, MSE, RMSE, MAE, MAPE: 6, 0.50687, 0.50687, 0.71195, 0.31390, -58.71%
Time spent: 5.23s
- Epoch 008, ExpID 25556
Train - Loss (one batch): 0.67790
Val - Loss, MSE, RMSE, MAE, MAPE: 0.70369, 0.70369, 0.83886, 0.36624, -79.46%
Test - Best epoch, Loss, MSE, RMSE, MAE, MAPE: 6, 0.50687, 0.50687, 0.71195, 0.31390, -58.71%
Time spent: 5.24s
- Epoch 009, ExpID 25556
Train - Loss (one batch): 0.62875
Val - Loss, MSE, RMSE, MAE, MAPE: 0.72678, 0.72678, 0.85252, 0.34402, -65.50%
Test - Best epoch, Loss, MSE, RMSE, MAE, MAPE: 6, 0.50687, 0.50687, 0.71195, 0.31390, -58.71%
Time spent: 5.22s
- Epoch 010, ExpID 25556
Train - Loss (one batch): 0.45030
Val - Loss, MSE, RMSE, MAE, MAPE: 0.71354, 0.71354, 0.84472, 0.33332, -60.06%
Test - Best epoch, Loss, MSE, RMSE, MAE, MAPE: 6, 0.50687, 0.50687, 0.71195, 0.31390, -58.71%
Time spent: 5.25s
- Epoch 011, ExpID 25556
Train - Loss (one batch): 0.89141
Val - Loss, MSE, RMSE, MAE, MAPE: 0.69743, 0.69743, 0.83512, 0.31537, -48.02%
Test - Best epoch, Loss, MSE, RMSE, MAE, MAPE: 6, 0.50687, 0.50687, 0.71195, 0.31390, -58.71%
Time spent: 5.22s
- Epoch 012, ExpID 25556
Train - Loss (one batch): 0.49144
Val - Loss, MSE, RMSE, MAE, MAPE: 0.71835, 0.71835, 0.84755, 0.34815, -68.49%
Test - Best epoch, Loss, MSE, RMSE, MAE, MAPE: 6, 0.50687, 0.50687, 0.71195, 0.31390, -58.71%
Time spent: 5.22s
- Epoch 013, ExpID 25556
Train - Loss (one batch): 0.80849
Val - Loss, MSE, RMSE, MAE, MAPE: 0.70460, 0.70460, 0.83940, 0.32475, -55.62%
Test - Best epoch, Loss, MSE, RMSE, MAE, MAPE: 6, 0.50687, 0.50687, 0.71195, 0.31390, -58.71%
Time spent: 5.21s
- Epoch 014, ExpID 25556
Train - Loss (one batch): 0.26815
Val - Loss, MSE, RMSE, MAE, MAPE: 0.72892, 0.72892, 0.85377, 0.32133, -47.98%
Test - Best epoch, Loss, MSE, RMSE, MAE, MAPE: 6, 0.50687, 0.50687, 0.71195, 0.31390, -58.71%
Time spent: 5.23s
- Epoch 015, ExpID 25556
Train - Loss (one batch): 0.35062
Val - Loss, MSE, RMSE, MAE, MAPE: 0.68691, 0.68691, 0.82880, 0.32240, -56.57%
Test - Best epoch, Loss, MSE, RMSE, MAE, MAPE: 15, 0.49785, 0.49785, 0.70558, 0.29860, -53.04%
Time spent: 6.28s
- Epoch 016, ExpID 25556
Train - Loss (one batch): 0.40222
Val - Loss, MSE, RMSE, MAE, MAPE: 0.69102, 0.69102, 0.83127, 0.32080, -49.73%
Test - Best epoch, Loss, MSE, RMSE, MAE, MAPE: 15, 0.49785, 0.49785, 0.70558, 0.29860, -53.04%
Time spent: 5.21s
- Epoch 017, ExpID 25556
Train - Loss (one batch): 0.26055
Val - Loss, MSE, RMSE, MAE, MAPE: 0.71663, 0.71663, 0.84654, 0.32241, -56.03%
Test - Best epoch, Loss, MSE, RMSE, MAE, MAPE: 15, 0.49785, 0.49785, 0.70558, 0.29860, -53.04%
Time spent: 5.22s
- Epoch 018, ExpID 25556
Train - Loss (one batch): 0.41077
Val - Loss, MSE, RMSE, MAE, MAPE: 0.70574, 0.70574, 0.84008, 0.32402, -54.40%
Test - Best epoch, Loss, MSE, RMSE, MAE, MAPE: 15, 0.49785, 0.49785, 0.70558, 0.29860, -53.04%
Time spent: 5.21s
- Epoch 019, ExpID 25556
Train - Loss (one batch): 0.45437
Val - Loss, MSE, RMSE, MAE, MAPE: 0.67721, 0.67721, 0.82293, 0.32351, -54.87%
Test - Best epoch, Loss, MSE, RMSE, MAE, MAPE: 19, 0.49873, 0.49873, 0.70621, 0.30021, -52.52%
Time spent: 6.23s
- Epoch 020, ExpID 25556
Train - Loss (one batch): 0.64788
Val - Loss, MSE, RMSE, MAE, MAPE: 0.68223, 0.68223, 0.82597, 0.34999, -69.39%
Test - Best epoch, Loss, MSE, RMSE, MAE, MAPE: 19, 0.49873, 0.49873, 0.70621, 0.30021, -52.52%
Time spent: 5.24s
- Epoch 021, ExpID 25556
Train - Loss (one batch): 0.47719
Val - Loss, MSE, RMSE, MAE, MAPE: 0.71240, 0.71240, 0.84404, 0.34364, -67.51%
Test - Best epoch, Loss, MSE, RMSE, MAE, MAPE: 19, 0.49873, 0.49873, 0.70621, 0.30021, -52.52%
Time spent: 5.20s
- Epoch 022, ExpID 25556
Train - Loss (one batch): 0.52564
Val - Loss, MSE, RMSE, MAE, MAPE: 0.68365, 0.68365, 0.82683, 0.31384, -49.64%
Test - Best epoch, Loss, MSE, RMSE, MAE, MAPE: 19, 0.49873, 0.49873, 0.70621, 0.30021, -52.52%
Time spent: 5.25s
- Epoch 023, ExpID 25556
Train - Loss (one batch): 0.24408
Val - Loss, MSE, RMSE, MAE, MAPE: 0.67610, 0.67610, 0.82225, 0.32839, -56.85%
Test - Best epoch, Loss, MSE, RMSE, MAE, MAPE: 23, 0.49984, 0.49984, 0.70699, 0.30657, -53.82%
Time spent: 6.22s
- Epoch 024, ExpID 25556
Train - Loss (one batch): 0.24228
Val - Loss, MSE, RMSE, MAE, MAPE: 0.68502, 0.68502, 0.82766, 0.32571, -57.65%
Test - Best epoch, Loss, MSE, RMSE, MAE, MAPE: 23, 0.49984, 0.49984, 0.70699, 0.30657, -53.82%
Time spent: 5.21s
- Epoch 025, ExpID 25556
Train - Loss (one batch): 0.47018
Val - Loss, MSE, RMSE, MAE, MAPE: 0.66951, 0.66951, 0.81824, 0.34299, -67.80%
Test - Best epoch, Loss, MSE, RMSE, MAE, MAPE: 25, 0.49773, 0.49773, 0.70550, 0.31956, -64.91%
Time spent: 6.27s
- Epoch 026, ExpID 25556
Train - Loss (one batch): 0.45734
Val - Loss, MSE, RMSE, MAE, MAPE: 0.69066, 0.69066, 0.83106, 0.32036, -54.54%
Test - Best epoch, Loss, MSE, RMSE, MAE, MAPE: 25, 0.49773, 0.49773, 0.70550, 0.31956, -64.91%
Time spent: 5.20s
- Epoch 027, ExpID 25556
Train - Loss (one batch): 0.72834
Val - Loss, MSE, RMSE, MAE, MAPE: 0.69262, 0.69262, 0.83224, 0.31489, -48.45%
Test - Best epoch, Loss, MSE, RMSE, MAE, MAPE: 25, 0.49773, 0.49773, 0.70550, 0.31956, -64.91%
Time spent: 5.20s
- Epoch 028, ExpID 25556
Train - Loss (one batch): 0.44986
Val - Loss, MSE, RMSE, MAE, MAPE: 0.69327, 0.69327, 0.83263, 0.32493, -57.22%
Test - Best epoch, Loss, MSE, RMSE, MAE, MAPE: 25, 0.49773, 0.49773, 0.70550, 0.31956, -64.91%
Time spent: 5.21s
- Epoch 029, ExpID 25556
Train - Loss (one batch): 0.62670
Val - Loss, MSE, RMSE, MAE, MAPE: 0.67075, 0.67075, 0.81899, 0.34294, -68.41%
Test - Best epoch, Loss, MSE, RMSE, MAE, MAPE: 25, 0.49773, 0.49773, 0.70550, 0.31956, -64.91%
Time spent: 5.23s
- Epoch 030, ExpID 25556
Train - Loss (one batch): 0.30734
Val - Loss, MSE, RMSE, MAE, MAPE: 0.68454, 0.68454, 0.82737, 0.31403, -47.69%
Test - Best epoch, Loss, MSE, RMSE, MAE, MAPE: 25, 0.49773, 0.49773, 0.70550, 0.31956, -64.91%
Time spent: 5.21s
- Epoch 031, ExpID 25556
Train - Loss (one batch): 0.77576
Val - Loss, MSE, RMSE, MAE, MAPE: 0.70399, 0.70399, 0.83904, 0.36826, -84.48%
Test - Best epoch, Loss, MSE, RMSE, MAE, MAPE: 25, 0.49773, 0.49773, 0.70550, 0.31956, -64.91%
Time spent: 5.19s
- Epoch 032, ExpID 25556
Train - Loss (one batch): 0.59537
Val - Loss, MSE, RMSE, MAE, MAPE: 0.68795, 0.68795, 0.82943, 0.32995, -61.50%
Test - Best epoch, Loss, MSE, RMSE, MAE, MAPE: 25, 0.49773, 0.49773, 0.70550, 0.31956, -64.91%
Time spent: 5.20s
- Epoch 033, ExpID 25556
Train - Loss (one batch): 0.30786
Val - Loss, MSE, RMSE, MAE, MAPE: 0.68555, 0.68555, 0.82798, 0.31059, -47.74%
Test - Best epoch, Loss, MSE, RMSE, MAE, MAPE: 25, 0.49773, 0.49773, 0.70550, 0.31956, -64.91%
Time spent: 5.20s
- Epoch 034, ExpID 25556
Train - Loss (one batch): 0.21909
Val - Loss, MSE, RMSE, MAE, MAPE: 0.68962, 0.68962, 0.83043, 0.31833, -51.21%
Test - Best epoch, Loss, MSE, RMSE, MAE, MAPE: 25, 0.49773, 0.49773, 0.70550, 0.31956, -64.91%
Time spent: 5.20s
- Epoch 035, ExpID 25556
Train - Loss (one batch): 0.35746
Val - Loss, MSE, RMSE, MAE, MAPE: 0.68557, 0.68557, 0.82799, 0.32886, -59.11%
Test - Best epoch, Loss, MSE, RMSE, MAE, MAPE: 25, 0.49773, 0.49773, 0.70550, 0.31956, -64.91%
Time spent: 5.17s
/home/ouass/Test/MSP-IMTS/tPatchGNN/run_models.py
2026-03-18 03:01:20
run_models.py --dataset ushcn --state def --history 24 --patience 10 --batch_size 192 --lr 1e-3 --patch_size 2 --stride 2 --nhead 1 --tf_layer 1 --nlayer 1 --te_dim 10 --node_dim 10 --hid_dim 32 --outlayer Linear --seed 2 --metric per_dim --gpu 0
Namespace(multi_scales='', multi_strides='', fusion='concat', state='def', n=100000000, hop=1, nhead=1, tf_layer=1, nlayer=1, epoch=1000, patience=10, history=24, patch_size=2.0, stride=2.0, logmode='a', lr=0.001, w_decay=0.0, batch_size=192, save='experiments/', load=None, seed=2, dataset='ushcn', quantization=0.0, model='tPatchGNN', outlayer='Linear', hid_dim=32, te_dim=10, node_dim=10, gpu='0', metric='per_dim', npatch=12, device=device(type='cuda'), PID=3624124, n_months=48, pred_window=1, ndim=5)
- Epoch 000, ExpID 45848
Train - Loss (one batch): 0.39963
Val - Loss, MSE, RMSE, MAE, MAPE: 0.83794, 0.83794, 0.91539, 0.35328, -62.42%
Test - Best epoch, Loss, MSE, RMSE, MAE, MAPE: 0, 0.52810, 0.52810, 0.72671, 0.32878, -60.02%
Time spent: 6.96s
- Epoch 001, ExpID 45848
Train - Loss (one batch): 0.39339
Val - Loss, MSE, RMSE, MAE, MAPE: 0.77026, 0.77026, 0.87764, 0.35042, -64.22%
Test - Best epoch, Loss, MSE, RMSE, MAE, MAPE: 1, 0.51265, 0.51265, 0.71600, 0.32553, -62.35%
Time spent: 6.29s
- Epoch 002, ExpID 45848
Train - Loss (one batch): 0.35046
Val - Loss, MSE, RMSE, MAE, MAPE: 0.74094, 0.74094, 0.86078, 0.35200, -69.10%
Test - Best epoch, Loss, MSE, RMSE, MAE, MAPE: 2, 0.50989, 0.50989, 0.71406, 0.32967, -67.17%
Time spent: 6.28s
- Epoch 003, ExpID 45848
Train - Loss (one batch): 1.08739
Val - Loss, MSE, RMSE, MAE, MAPE: 0.71267, 0.71267, 0.84420, 0.35497, -70.58%
Test - Best epoch, Loss, MSE, RMSE, MAE, MAPE: 3, 0.51809, 0.51809, 0.71979, 0.33244, -67.72%
Time spent: 6.28s
- Epoch 004, ExpID 45848
Train - Loss (one batch): 0.33985
Val - Loss, MSE, RMSE, MAE, MAPE: 0.71629, 0.71629, 0.84634, 0.35154, -67.89%
Test - Best epoch, Loss, MSE, RMSE, MAE, MAPE: 3, 0.51809, 0.51809, 0.71979, 0.33244, -67.72%
Time spent: 5.23s
- Epoch 005, ExpID 45848
Train - Loss (one batch): 0.31295
Val - Loss, MSE, RMSE, MAE, MAPE: 0.71811, 0.71811, 0.84741, 0.35050, -66.89%
Test - Best epoch, Loss, MSE, RMSE, MAE, MAPE: 3, 0.51809, 0.51809, 0.71979, 0.33244, -67.72%
Time spent: 5.24s
- Epoch 006, ExpID 45848
Train - Loss (one batch): 0.48088
Val - Loss, MSE, RMSE, MAE, MAPE: 0.69769, 0.69769, 0.83528, 0.33702, -60.75%
Test - Best epoch, Loss, MSE, RMSE, MAE, MAPE: 6, 0.50354, 0.50354, 0.70961, 0.31458, -58.34%
Time spent: 6.28s
- Epoch 007, ExpID 45848
Train - Loss (one batch): 0.40762
Val - Loss, MSE, RMSE, MAE, MAPE: 0.76248, 0.76248, 0.87320, 0.34298, -61.09%
Test - Best epoch, Loss, MSE, RMSE, MAE, MAPE: 6, 0.50354, 0.50354, 0.70961, 0.31458, -58.34%
Time spent: 5.21s
- Epoch 008, ExpID 45848
Train - Loss (one batch): 0.57999
Val - Loss, MSE, RMSE, MAE, MAPE: 0.75520, 0.75520, 0.86902, 0.33066, -56.19%
Test - Best epoch, Loss, MSE, RMSE, MAE, MAPE: 6, 0.50354, 0.50354, 0.70961, 0.31458, -58.34%
Time spent: 5.21s
- Epoch 009, ExpID 45848
Train - Loss (one batch): 0.53294
Val - Loss, MSE, RMSE, MAE, MAPE: 0.74613, 0.74613, 0.86379, 0.33105, -53.68%
Test - Best epoch, Loss, MSE, RMSE, MAE, MAPE: 6, 0.50354, 0.50354, 0.70961, 0.31458, -58.34%
Time spent: 5.23s
- Epoch 010, ExpID 45848
Train - Loss (one batch): 0.34345
Val - Loss, MSE, RMSE, MAE, MAPE: 0.69337, 0.69337, 0.83269, 0.33658, -61.90%
Test - Best epoch, Loss, MSE, RMSE, MAE, MAPE: 10, 0.50070, 0.50070, 0.70760, 0.31437, -59.09%
Time spent: 6.28s
- Epoch 011, ExpID 45848
Train - Loss (one batch): 0.54761
Val - Loss, MSE, RMSE, MAE, MAPE: 0.70884, 0.70884, 0.84193, 0.33962, -62.08%
Test - Best epoch, Loss, MSE, RMSE, MAE, MAPE: 10, 0.50070, 0.50070, 0.70760, 0.31437, -59.09%
Time spent: 5.22s
- Epoch 012, ExpID 45848
Train - Loss (one batch): 0.93382
Val - Loss, MSE, RMSE, MAE, MAPE: 0.70334, 0.70334, 0.83865, 0.34849, -66.35%
Test - Best epoch, Loss, MSE, RMSE, MAE, MAPE: 10, 0.50070, 0.50070, 0.70760, 0.31437, -59.09%
Time spent: 5.24s
- Epoch 013, ExpID 45848
Train - Loss (one batch): 0.35101
Val - Loss, MSE, RMSE, MAE, MAPE: 0.69832, 0.69832, 0.83565, 0.33033, -57.48%
Test - Best epoch, Loss, MSE, RMSE, MAE, MAPE: 10, 0.50070, 0.50070, 0.70760, 0.31437, -59.09%
Time spent: 5.24s
- Epoch 014, ExpID 45848
Train - Loss (one batch): 0.40078
Val - Loss, MSE, RMSE, MAE, MAPE: 0.68716, 0.68716, 0.82895, 0.33934, -61.03%
Test - Best epoch, Loss, MSE, RMSE, MAE, MAPE: 14, 0.50634, 0.50634, 0.71157, 0.31588, -58.26%
Time spent: 6.31s
- Epoch 015, ExpID 45848
Train - Loss (one batch): 0.31615
Val - Loss, MSE, RMSE, MAE, MAPE: 0.70108, 0.70108, 0.83730, 0.33515, -58.24%
Test - Best epoch, Loss, MSE, RMSE, MAE, MAPE: 14, 0.50634, 0.50634, 0.71157, 0.31588, -58.26%
Time spent: 5.23s
- Epoch 016, ExpID 45848
Train - Loss (one batch): 0.47101
Val - Loss, MSE, RMSE, MAE, MAPE: 0.69494, 0.69494, 0.83363, 0.34469, -65.68%
Test - Best epoch, Loss, MSE, RMSE, MAE, MAPE: 14, 0.50634, 0.50634, 0.71157, 0.31588, -58.26%
Time spent: 5.25s
- Epoch 017, ExpID 45848
Train - Loss (one batch): 0.39697
Val - Loss, MSE, RMSE, MAE, MAPE: 0.70668, 0.70668, 0.84064, 0.35187, -70.23%
Test - Best epoch, Loss, MSE, RMSE, MAE, MAPE: 14, 0.50634, 0.50634, 0.71157, 0.31588, -58.26%
Time spent: 5.23s
- Epoch 018, ExpID 45848
Train - Loss (one batch): 0.41886
Val - Loss, MSE, RMSE, MAE, MAPE: 0.71125, 0.71125, 0.84336, 0.33188, -59.16%
Test - Best epoch, Loss, MSE, RMSE, MAE, MAPE: 14, 0.50634, 0.50634, 0.71157, 0.31588, -58.26%
Time spent: 5.24s
- Epoch 019, ExpID 45848
Train - Loss (one batch): 0.50384
Val - Loss, MSE, RMSE, MAE, MAPE: 0.68730, 0.68730, 0.82904, 0.33645, -57.59%
Test - Best epoch, Loss, MSE, RMSE, MAE, MAPE: 14, 0.50634, 0.50634, 0.71157, 0.31588, -58.26%
Time spent: 5.25s
- Epoch 020, ExpID 45848
Train - Loss (one batch): 0.34070
Val - Loss, MSE, RMSE, MAE, MAPE: 0.67410, 0.67410, 0.82104, 0.32380, -55.19%
Test - Best epoch, Loss, MSE, RMSE, MAE, MAPE: 20, 0.49763, 0.49763, 0.70543, 0.30169, -53.01%
Time spent: 6.33s
- Epoch 021, ExpID 45848
Train - Loss (one batch): 0.34700
Val - Loss, MSE, RMSE, MAE, MAPE: 0.71793, 0.71793, 0.84731, 0.32763, -57.55%
Test - Best epoch, Loss, MSE, RMSE, MAE, MAPE: 20, 0.49763, 0.49763, 0.70543, 0.30169, -53.01%
Time spent: 5.26s
- Epoch 022, ExpID 45848
Train - Loss (one batch): 0.22960
Val - Loss, MSE, RMSE, MAE, MAPE: 0.72130, 0.72130, 0.84930, 0.33176, -57.49%
Test - Best epoch, Loss, MSE, RMSE, MAE, MAPE: 20, 0.49763, 0.49763, 0.70543, 0.30169, -53.01%
Time spent: 5.25s
- Epoch 023, ExpID 45848
Train - Loss (one batch): 0.69833
Val - Loss, MSE, RMSE, MAE, MAPE: 0.70241, 0.70241, 0.83810, 0.33400, -59.87%
Test - Best epoch, Loss, MSE, RMSE, MAE, MAPE: 20, 0.49763, 0.49763, 0.70543, 0.30169, -53.01%
Time spent: 5.29s
- Epoch 024, ExpID 45848
Train - Loss (one batch): 0.20254
Val - Loss, MSE, RMSE, MAE, MAPE: 0.67691, 0.67691, 0.82275, 0.32139, -54.12%
Test - Best epoch, Loss, MSE, RMSE, MAE, MAPE: 20, 0.49763, 0.49763, 0.70543, 0.30169, -53.01%
Time spent: 5.26s
- Epoch 025, ExpID 45848
Train - Loss (one batch): 0.29360
Val - Loss, MSE, RMSE, MAE, MAPE: 0.71898, 0.71898, 0.84793, 0.32437, -54.99%
Test - Best epoch, Loss, MSE, RMSE, MAE, MAPE: 20, 0.49763, 0.49763, 0.70543, 0.30169, -53.01%
Time spent: 5.25s
- Epoch 026, ExpID 45848
Train - Loss (one batch): 0.22736
Val - Loss, MSE, RMSE, MAE, MAPE: 0.69602, 0.69602, 0.83428, 0.32865, -58.46%
Test - Best epoch, Loss, MSE, RMSE, MAE, MAPE: 20, 0.49763, 0.49763, 0.70543, 0.30169, -53.01%
Time spent: 5.26s
- Epoch 027, ExpID 45848
Train - Loss (one batch): 0.37670
Val - Loss, MSE, RMSE, MAE, MAPE: 0.68401, 0.68401, 0.82705, 0.32821, -56.17%
Test - Best epoch, Loss, MSE, RMSE, MAE, MAPE: 20, 0.49763, 0.49763, 0.70543, 0.30169, -53.01%
Time spent: 5.26s
- Epoch 028, ExpID 45848
Train - Loss (one batch): 0.38409
Val - Loss, MSE, RMSE, MAE, MAPE: 0.68898, 0.68898, 0.83005, 0.33004, -61.90%
Test - Best epoch, Loss, MSE, RMSE, MAE, MAPE: 20, 0.49763, 0.49763, 0.70543, 0.30169, -53.01%
Time spent: 5.23s
- Epoch 029, ExpID 45848
Train - Loss (one batch): 0.37861
Val - Loss, MSE, RMSE, MAE, MAPE: 0.68494, 0.68494, 0.82761, 0.32486, -58.51%
Test - Best epoch, Loss, MSE, RMSE, MAE, MAPE: 20, 0.49763, 0.49763, 0.70543, 0.30169, -53.01%
Time spent: 5.24s
- Epoch 030, ExpID 45848
Train - Loss (one batch): 0.34663
Val - Loss, MSE, RMSE, MAE, MAPE: 0.66400, 0.66400, 0.81486, 0.31819, -50.74%
Test - Best epoch, Loss, MSE, RMSE, MAE, MAPE: 30, 0.49435, 0.49435, 0.70310, 0.29698, -48.68%
Time spent: 6.31s
- Epoch 031, ExpID 45848
Train - Loss (one batch): 0.33829
Val - Loss, MSE, RMSE, MAE, MAPE: 0.67557, 0.67557, 0.82193, 0.32499, -55.11%
Test - Best epoch, Loss, MSE, RMSE, MAE, MAPE: 30, 0.49435, 0.49435, 0.70310, 0.29698, -48.68%
Time spent: 5.22s
- Epoch 032, ExpID 45848
Train - Loss (one batch): 0.38472
Val - Loss, MSE, RMSE, MAE, MAPE: 0.65206, 0.65206, 0.80750, 0.33114, -61.28%
Test - Best epoch, Loss, MSE, RMSE, MAE, MAPE: 32, 0.49484, 0.49484, 0.70345, 0.30999, -58.61%
Time spent: 6.32s
- Epoch 033, ExpID 45848
Train - Loss (one batch): 0.22636
Val - Loss, MSE, RMSE, MAE, MAPE: 0.67439, 0.67439, 0.82122, 0.32502, -59.18%
Test - Best epoch, Loss, MSE, RMSE, MAE, MAPE: 32, 0.49484, 0.49484, 0.70345, 0.30999, -58.61%
Time spent: 5.24s
- Epoch 034, ExpID 45848
Train - Loss (one batch): 0.13420
Val - Loss, MSE, RMSE, MAE, MAPE: 0.68047, 0.68047, 0.82491, 0.33151, -61.63%
Test - Best epoch, Loss, MSE, RMSE, MAE, MAPE: 32, 0.49484, 0.49484, 0.70345, 0.30999, -58.61%
Time spent: 5.20s
- Epoch 035, ExpID 45848
Train - Loss (one batch): 0.37937
Val - Loss, MSE, RMSE, MAE, MAPE: 0.69478, 0.69478, 0.83354, 0.32096, -56.12%
Test - Best epoch, Loss, MSE, RMSE, MAE, MAPE: 32, 0.49484, 0.49484, 0.70345, 0.30999, -58.61%
Time spent: 5.25s
- Epoch 036, ExpID 45848
Train - Loss (one batch): 0.25640
Val - Loss, MSE, RMSE, MAE, MAPE: 0.68693, 0.68693, 0.82881, 0.32504, -56.88%
Test - Best epoch, Loss, MSE, RMSE, MAE, MAPE: 32, 0.49484, 0.49484, 0.70345, 0.30999, -58.61%
Time spent: 5.19s
- Epoch 037, ExpID 45848
Train - Loss (one batch): 0.23153
Val - Loss, MSE, RMSE, MAE, MAPE: 0.67850, 0.67850, 0.82371, 0.33311, -61.26%
Test - Best epoch, Loss, MSE, RMSE, MAE, MAPE: 32, 0.49484, 0.49484, 0.70345, 0.30999, -58.61%
Time spent: 5.26s
- Epoch 038, ExpID 45848
Train - Loss (one batch): 0.38150
Val - Loss, MSE, RMSE, MAE, MAPE: 0.66172, 0.66172, 0.81346, 0.33227, -63.71%
Test - Best epoch, Loss, MSE, RMSE, MAE, MAPE: 32, 0.49484, 0.49484, 0.70345, 0.30999, -58.61%
Time spent: 5.26s
- Epoch 039, ExpID 45848
Train - Loss (one batch): 0.48367
Val - Loss, MSE, RMSE, MAE, MAPE: 0.66990, 0.66990, 0.81848, 0.33959, -67.85%
Test - Best epoch, Loss, MSE, RMSE, MAE, MAPE: 32, 0.49484, 0.49484, 0.70345, 0.30999, -58.61%
Time spent: 5.24s
- Epoch 040, ExpID 45848
Train - Loss (one batch): 0.59806
Val - Loss, MSE, RMSE, MAE, MAPE: 0.65997, 0.65997, 0.81238, 0.33031, -63.13%
Test - Best epoch, Loss, MSE, RMSE, MAE, MAPE: 32, 0.49484, 0.49484, 0.70345, 0.30999, -58.61%
Time spent: 5.26s
- Epoch 041, ExpID 45848
Train - Loss (one batch): 0.38275
Val - Loss, MSE, RMSE, MAE, MAPE: 0.65973, 0.65973, 0.81224, 0.34934, -74.47%
Test - Best epoch, Loss, MSE, RMSE, MAE, MAPE: 32, 0.49484, 0.49484, 0.70345, 0.30999, -58.61%
Time spent: 5.22s
- Epoch 042, ExpID 45848
Train - Loss (one batch): 0.19351
Val - Loss, MSE, RMSE, MAE, MAPE: 0.65164, 0.65164, 0.80724, 0.32442, -57.38%
Test - Best epoch, Loss, MSE, RMSE, MAE, MAPE: 42, 0.49192, 0.49192, 0.70137, 0.30343, -54.57%
Time spent: 6.29s
- Epoch 043, ExpID 45848
Train - Loss (one batch): 0.32069
Val - Loss, MSE, RMSE, MAE, MAPE: 0.65634, 0.65634, 0.81015, 0.31563, -50.85%
Test - Best epoch, Loss, MSE, RMSE, MAE, MAPE: 42, 0.49192, 0.49192, 0.70137, 0.30343, -54.57%
Time spent: 5.25s
- Epoch 044, ExpID 45848
Train - Loss (one batch): 0.36283
Val - Loss, MSE, RMSE, MAE, MAPE: 0.67880, 0.67880, 0.82389, 0.33900, -65.67%
Test - Best epoch, Loss, MSE, RMSE, MAE, MAPE: 42, 0.49192, 0.49192, 0.70137, 0.30343, -54.57%
Time spent: 5.23s
- Epoch 045, ExpID 45848
Train - Loss (one batch): 0.47314
Val - Loss, MSE, RMSE, MAE, MAPE: 0.65538, 0.65538, 0.80956, 0.32427, -58.03%
Test - Best epoch, Loss, MSE, RMSE, MAE, MAPE: 42, 0.49192, 0.49192, 0.70137, 0.30343, -54.57%
Time spent: 5.26s
- Epoch 046, ExpID 45848
Train - Loss (one batch): 0.50484
Val - Loss, MSE, RMSE, MAE, MAPE: 0.65920, 0.65920, 0.81191, 0.32161, -56.63%
Test - Best epoch, Loss, MSE, RMSE, MAE, MAPE: 42, 0.49192, 0.49192, 0.70137, 0.30343, -54.57%
Time spent: 5.21s
- Epoch 047, ExpID 45848
Train - Loss (one batch): 0.39349
Val - Loss, MSE, RMSE, MAE, MAPE: 0.68700, 0.68700, 0.82886, 0.32121, -52.76%
Test - Best epoch, Loss, MSE, RMSE, MAE, MAPE: 42, 0.49192, 0.49192, 0.70137, 0.30343, -54.57%
Time spent: 5.23s
- Epoch 048, ExpID 45848
Train - Loss (one batch): 0.33159
Val - Loss, MSE, RMSE, MAE, MAPE: 0.66949, 0.66949, 0.81823, 0.32623, -57.79%
Test - Best epoch, Loss, MSE, RMSE, MAE, MAPE: 42, 0.49192, 0.49192, 0.70137, 0.30343, -54.57%
Time spent: 5.23s
- Epoch 049, ExpID 45848
Train - Loss (one batch): 0.32007
Val - Loss, MSE, RMSE, MAE, MAPE: 0.66828, 0.66828, 0.81749, 0.33937, -66.67%
Test - Best epoch, Loss, MSE, RMSE, MAE, MAPE: 42, 0.49192, 0.49192, 0.70137, 0.30343, -54.57%
Time spent: 5.23s
- Epoch 050, ExpID 45848
Train - Loss (one batch): 1.43770
Val - Loss, MSE, RMSE, MAE, MAPE: 0.66571, 0.66571, 0.81591, 0.31970, -53.97%
Test - Best epoch, Loss, MSE, RMSE, MAE, MAPE: 42, 0.49192, 0.49192, 0.70137, 0.30343, -54.57%
Time spent: 5.26s
- Epoch 051, ExpID 45848
Train - Loss (one batch): 0.56085
Val - Loss, MSE, RMSE, MAE, MAPE: 0.65579, 0.65579, 0.80981, 0.32767, -58.46%
Test - Best epoch, Loss, MSE, RMSE, MAE, MAPE: 42, 0.49192, 0.49192, 0.70137, 0.30343, -54.57%
Time spent: 5.23s
- Epoch 052, ExpID 45848
Train - Loss (one batch): 0.39891
Val - Loss, MSE, RMSE, MAE, MAPE: 0.65379, 0.65379, 0.80857, 0.31486, -49.28%
Test - Best epoch, Loss, MSE, RMSE, MAE, MAPE: 42, 0.49192, 0.49192, 0.70137, 0.30343, -54.57%
Time spent: 5.24s
/home/ouass/Test/MSP-IMTS/tPatchGNN/run_models.py
2026-03-18 03:06:52
run_models.py --dataset ushcn --state def --history 24 --patience 10 --batch_size 192 --lr 1e-3 --patch_size 2 --stride 2 --nhead 1 --tf_layer 1 --nlayer 1 --te_dim 10 --node_dim 10 --hid_dim 32 --outlayer Linear --seed 3 --metric per_dim --gpu 0
Namespace(multi_scales='', multi_strides='', fusion='concat', state='def', n=100000000, hop=1, nhead=1, tf_layer=1, nlayer=1, epoch=1000, patience=10, history=24, patch_size=2.0, stride=2.0, logmode='a', lr=0.001, w_decay=0.0, batch_size=192, save='experiments/', load=None, seed=3, dataset='ushcn', quantization=0.0, model='tPatchGNN', outlayer='Linear', hid_dim=32, te_dim=10, node_dim=10, gpu='0', metric='per_dim', npatch=12, device=device(type='cuda'), PID=3634080, n_months=48, pred_window=1, ndim=5)
- Epoch 000, ExpID 88040
Train - Loss (one batch): 0.34482
Val - Loss, MSE, RMSE, MAE, MAPE: 0.82950, 0.82950, 0.91077, 0.33500, -49.76%
Test - Best epoch, Loss, MSE, RMSE, MAE, MAPE: 0, 0.52649, 0.52649, 0.72560, 0.30926, -47.12%
Time spent: 6.88s
- Epoch 001, ExpID 88040
Train - Loss (one batch): 1.42390
Val - Loss, MSE, RMSE, MAE, MAPE: 0.78594, 0.78594, 0.88653, 0.34884, -61.06%
Test - Best epoch, Loss, MSE, RMSE, MAE, MAPE: 1, 0.52045, 0.52045, 0.72142, 0.32382, -58.32%
Time spent: 6.29s
- Epoch 002, ExpID 88040
Train - Loss (one batch): 0.41686
Val - Loss, MSE, RMSE, MAE, MAPE: 0.76678, 0.76678, 0.87566, 0.33963, -55.76%
Test - Best epoch, Loss, MSE, RMSE, MAE, MAPE: 2, 0.51982, 0.51982, 0.72098, 0.31576, -52.99%
Time spent: 6.31s
- Epoch 003, ExpID 88040
Train - Loss (one batch): 0.29510
Val - Loss, MSE, RMSE, MAE, MAPE: 0.73651, 0.73651, 0.85820, 0.33875, -57.85%
Test - Best epoch, Loss, MSE, RMSE, MAE, MAPE: 3, 0.51600, 0.51600, 0.71833, 0.31503, -54.91%
Time spent: 6.29s
- Epoch 004, ExpID 88040
Train - Loss (one batch): 0.71105
Val - Loss, MSE, RMSE, MAE, MAPE: 0.73792, 0.73792, 0.85902, 0.34433, -60.79%
Test - Best epoch, Loss, MSE, RMSE, MAE, MAPE: 3, 0.51600, 0.51600, 0.71833, 0.31503, -54.91%
Time spent: 5.27s
- Epoch 005, ExpID 88040
Train - Loss (one batch): 0.87817
Val - Loss, MSE, RMSE, MAE, MAPE: 0.74435, 0.74435, 0.86276, 0.36707, -76.40%
Test - Best epoch, Loss, MSE, RMSE, MAE, MAPE: 3, 0.51600, 0.51600, 0.71833, 0.31503, -54.91%
Time spent: 5.26s
- Epoch 006, ExpID 88040
Train - Loss (one batch): 0.34830
Val - Loss, MSE, RMSE, MAE, MAPE: 0.72686, 0.72686, 0.85256, 0.35136, -68.06%
Test - Best epoch, Loss, MSE, RMSE, MAE, MAPE: 6, 0.50855, 0.50855, 0.71312, 0.32748, -65.38%
Time spent: 6.31s
- Epoch 007, ExpID 88040
Train - Loss (one batch): 0.38913
Val - Loss, MSE, RMSE, MAE, MAPE: 0.72941, 0.72941, 0.85405, 0.33528, -55.53%
Test - Best epoch, Loss, MSE, RMSE, MAE, MAPE: 6, 0.50855, 0.50855, 0.71312, 0.32748, -65.38%
Time spent: 5.20s
- Epoch 008, ExpID 88040
Train - Loss (one batch): 0.29218
Val - Loss, MSE, RMSE, MAE, MAPE: 0.69965, 0.69965, 0.83645, 0.34052, -61.93%
Test - Best epoch, Loss, MSE, RMSE, MAE, MAPE: 8, 0.50491, 0.50491, 0.71057, 0.31680, -58.09%
Time spent: 6.26s
- Epoch 009, ExpID 88040
Train - Loss (one batch): 0.25800
Val - Loss, MSE, RMSE, MAE, MAPE: 0.71535, 0.71535, 0.84579, 0.35431, -66.40%
Test - Best epoch, Loss, MSE, RMSE, MAE, MAPE: 8, 0.50491, 0.50491, 0.71057, 0.31680, -58.09%
Time spent: 5.25s
- Epoch 010, ExpID 88040
Train - Loss (one batch): 0.49575
Val - Loss, MSE, RMSE, MAE, MAPE: 0.70108, 0.70108, 0.83730, 0.35338, -66.94%
Test - Best epoch, Loss, MSE, RMSE, MAE, MAPE: 8, 0.50491, 0.50491, 0.71057, 0.31680, -58.09%
Time spent: 5.25s
- Epoch 011, ExpID 88040
Train - Loss (one batch): 0.29375
Val - Loss, MSE, RMSE, MAE, MAPE: 0.73180, 0.73180, 0.85546, 0.35276, -69.33%
Test - Best epoch, Loss, MSE, RMSE, MAE, MAPE: 8, 0.50491, 0.50491, 0.71057, 0.31680, -58.09%
Time spent: 5.24s
- Epoch 012, ExpID 88040
Train - Loss (one batch): 0.59048
Val - Loss, MSE, RMSE, MAE, MAPE: 0.69711, 0.69711, 0.83493, 0.34288, -62.72%
Test - Best epoch, Loss, MSE, RMSE, MAE, MAPE: 12, 0.50685, 0.50685, 0.71193, 0.31944, -59.91%
Time spent: 6.31s
- Epoch 013, ExpID 88040
Train - Loss (one batch): 0.52641
Val - Loss, MSE, RMSE, MAE, MAPE: 0.70908, 0.70908, 0.84207, 0.34553, -64.57%
Test - Best epoch, Loss, MSE, RMSE, MAE, MAPE: 12, 0.50685, 0.50685, 0.71193, 0.31944, -59.91%
Time spent: 5.21s
- Epoch 014, ExpID 88040
Train - Loss (one batch): 0.21367
Val - Loss, MSE, RMSE, MAE, MAPE: 0.70585, 0.70585, 0.84015, 0.32860, -53.57%
Test - Best epoch, Loss, MSE, RMSE, MAE, MAPE: 12, 0.50685, 0.50685, 0.71193, 0.31944, -59.91%
Time spent: 5.26s
- Epoch 015, ExpID 88040
Train - Loss (one batch): 0.81002
Val - Loss, MSE, RMSE, MAE, MAPE: 0.72770, 0.72770, 0.85305, 0.34021, -61.59%
Test - Best epoch, Loss, MSE, RMSE, MAE, MAPE: 12, 0.50685, 0.50685, 0.71193, 0.31944, -59.91%
Time spent: 5.26s
- Epoch 016, ExpID 88040
Train - Loss (one batch): 0.79788
Val - Loss, MSE, RMSE, MAE, MAPE: 0.73555, 0.73555, 0.85764, 0.33584, -58.77%
Test - Best epoch, Loss, MSE, RMSE, MAE, MAPE: 12, 0.50685, 0.50685, 0.71193, 0.31944, -59.91%
Time spent: 5.25s
- Epoch 017, ExpID 88040
Train - Loss (one batch): 0.78493
Val - Loss, MSE, RMSE, MAE, MAPE: 0.69791, 0.69791, 0.83541, 0.32953, -54.07%
Test - Best epoch, Loss, MSE, RMSE, MAE, MAPE: 12, 0.50685, 0.50685, 0.71193, 0.31944, -59.91%
Time spent: 5.23s
- Epoch 018, ExpID 88040
Train - Loss (one batch): 0.45692
Val - Loss, MSE, RMSE, MAE, MAPE: 0.68375, 0.68375, 0.82689, 0.33264, -58.41%
Test - Best epoch, Loss, MSE, RMSE, MAE, MAPE: 18, 0.49889, 0.49889, 0.70632, 0.30839, -54.39%
Time spent: 6.30s
- Epoch 019, ExpID 88040
Train - Loss (one batch): 0.66250
Val - Loss, MSE, RMSE, MAE, MAPE: 0.70477, 0.70477, 0.83950, 0.36646, -80.92%
Test - Best epoch, Loss, MSE, RMSE, MAE, MAPE: 18, 0.49889, 0.49889, 0.70632, 0.30839, -54.39%
Time spent: 5.26s
- Epoch 020, ExpID 88040
Train - Loss (one batch): 0.25851
Val - Loss, MSE, RMSE, MAE, MAPE: 0.67582, 0.67582, 0.82208, 0.32974, -56.75%
Test - Best epoch, Loss, MSE, RMSE, MAE, MAPE: 20, 0.49970, 0.49970, 0.70689, 0.30602, -53.15%
Time spent: 6.27s
- Epoch 021, ExpID 88040
Train - Loss (one batch): 0.39938
Val - Loss, MSE, RMSE, MAE, MAPE: 0.67923, 0.67923, 0.82415, 0.32833, -54.26%
Test - Best epoch, Loss, MSE, RMSE, MAE, MAPE: 20, 0.49970, 0.49970, 0.70689, 0.30602, -53.15%
Time spent: 5.27s
- Epoch 022, ExpID 88040
Train - Loss (one batch): 0.26228
Val - Loss, MSE, RMSE, MAE, MAPE: 0.69412, 0.69412, 0.83314, 0.34877, -71.71%
Test - Best epoch, Loss, MSE, RMSE, MAE, MAPE: 20, 0.49970, 0.49970, 0.70689, 0.30602, -53.15%
Time spent: 5.26s
- Epoch 023, ExpID 88040
Train - Loss (one batch): 0.40803
Val - Loss, MSE, RMSE, MAE, MAPE: 0.68253, 0.68253, 0.82615, 0.33318, -56.87%
Test - Best epoch, Loss, MSE, RMSE, MAE, MAPE: 20, 0.49970, 0.49970, 0.70689, 0.30602, -53.15%
Time spent: 5.26s
- Epoch 024, ExpID 88040
Train - Loss (one batch): 0.23082
Val - Loss, MSE, RMSE, MAE, MAPE: 0.69562, 0.69562, 0.83404, 0.32830, -51.35%
Test - Best epoch, Loss, MSE, RMSE, MAE, MAPE: 20, 0.49970, 0.49970, 0.70689, 0.30602, -53.15%
Time spent: 5.24s
- Epoch 025, ExpID 88040
Train - Loss (one batch): 0.42331
Val - Loss, MSE, RMSE, MAE, MAPE: 0.68573, 0.68573, 0.82809, 0.32590, -52.31%
Test - Best epoch, Loss, MSE, RMSE, MAE, MAPE: 20, 0.49970, 0.49970, 0.70689, 0.30602, -53.15%
Time spent: 5.27s
- Epoch 026, ExpID 88040
Train - Loss (one batch): 1.07871
Val - Loss, MSE, RMSE, MAE, MAPE: 0.67705, 0.67705, 0.82283, 0.33630, -62.70%
Test - Best epoch, Loss, MSE, RMSE, MAE, MAPE: 20, 0.49970, 0.49970, 0.70689, 0.30602, -53.15%
Time spent: 5.25s
- Epoch 027, ExpID 88040
Train - Loss (one batch): 0.32373
Val - Loss, MSE, RMSE, MAE, MAPE: 0.70095, 0.70095, 0.83723, 0.32241, -52.08%
Test - Best epoch, Loss, MSE, RMSE, MAE, MAPE: 20, 0.49970, 0.49970, 0.70689, 0.30602, -53.15%
Time spent: 5.27s
- Epoch 028, ExpID 88040
Train - Loss (one batch): 0.61704
Val - Loss, MSE, RMSE, MAE, MAPE: 0.66665, 0.66665, 0.81649, 0.32102, -49.80%
Test - Best epoch, Loss, MSE, RMSE, MAE, MAPE: 28, 0.49738, 0.49738, 0.70525, 0.29803, -47.45%
Time spent: 6.32s
- Epoch 029, ExpID 88040
Train - Loss (one batch): 0.71799
Val - Loss, MSE, RMSE, MAE, MAPE: 0.69065, 0.69065, 0.83105, 0.33380, -55.28%
Test - Best epoch, Loss, MSE, RMSE, MAE, MAPE: 28, 0.49738, 0.49738, 0.70525, 0.29803, -47.45%
Time spent: 5.23s
- Epoch 030, ExpID 88040
Train - Loss (one batch): 0.43389
Val - Loss, MSE, RMSE, MAE, MAPE: 0.68644, 0.68644, 0.82852, 0.32590, -56.39%
Test - Best epoch, Loss, MSE, RMSE, MAE, MAPE: 28, 0.49738, 0.49738, 0.70525, 0.29803, -47.45%
Time spent: 5.27s
- Epoch 031, ExpID 88040
Train - Loss (one batch): 0.51193
Val - Loss, MSE, RMSE, MAE, MAPE: 0.68591, 0.68591, 0.82819, 0.32642, -53.48%
Test - Best epoch, Loss, MSE, RMSE, MAE, MAPE: 28, 0.49738, 0.49738, 0.70525, 0.29803, -47.45%
Time spent: 5.28s
- Epoch 032, ExpID 88040
Train - Loss (one batch): 0.41622
Val - Loss, MSE, RMSE, MAE, MAPE: 0.68555, 0.68555, 0.82798, 0.34082, -64.78%
Test - Best epoch, Loss, MSE, RMSE, MAE, MAPE: 28, 0.49738, 0.49738, 0.70525, 0.29803, -47.45%
Time spent: 5.24s
- Epoch 033, ExpID 88040
Train - Loss (one batch): 0.65728
Val - Loss, MSE, RMSE, MAE, MAPE: 0.66877, 0.66877, 0.81779, 0.33324, -60.23%
Test - Best epoch, Loss, MSE, RMSE, MAE, MAPE: 28, 0.49738, 0.49738, 0.70525, 0.29803, -47.45%
Time spent: 5.28s
- Epoch 034, ExpID 88040
Train - Loss (one batch): 0.73730
Val - Loss, MSE, RMSE, MAE, MAPE: 0.71566, 0.71566, 0.84597, 0.33137, -54.95%
Test - Best epoch, Loss, MSE, RMSE, MAE, MAPE: 28, 0.49738, 0.49738, 0.70525, 0.29803, -47.45%
Time spent: 5.26s
- Epoch 035, ExpID 88040
Train - Loss (one batch): 0.28119
Val - Loss, MSE, RMSE, MAE, MAPE: 0.67105, 0.67105, 0.81918, 0.34292, -66.81%
Test - Best epoch, Loss, MSE, RMSE, MAE, MAPE: 28, 0.49738, 0.49738, 0.70525, 0.29803, -47.45%
Time spent: 5.24s
- Epoch 036, ExpID 88040
Train - Loss (one batch): 0.56913
Val - Loss, MSE, RMSE, MAE, MAPE: 0.67282, 0.67282, 0.82026, 0.34002, -66.23%
Test - Best epoch, Loss, MSE, RMSE, MAE, MAPE: 28, 0.49738, 0.49738, 0.70525, 0.29803, -47.45%
Time spent: 5.28s
- Epoch 037, ExpID 88040
Train - Loss (one batch): 0.55234
Val - Loss, MSE, RMSE, MAE, MAPE: 0.68178, 0.68178, 0.82570, 0.33293, -57.66%
Test - Best epoch, Loss, MSE, RMSE, MAE, MAPE: 28, 0.49738, 0.49738, 0.70525, 0.29803, -47.45%
Time spent: 5.26s
- Epoch 038, ExpID 88040
Train - Loss (one batch): 0.60811
Val - Loss, MSE, RMSE, MAE, MAPE: 0.68310, 0.68310, 0.82650, 0.32901, -58.08%
Test - Best epoch, Loss, MSE, RMSE, MAE, MAPE: 28, 0.49738, 0.49738, 0.70525, 0.29803, -47.45%
Time spent: 5.29s
/home/ouass/Test/MSP-IMTS/tPatchGNN/run_models.py
2026-03-18 03:10:47
run_models.py --dataset ushcn --state def --history 24 --patience 10 --batch_size 192 --lr 1e-3 --patch_size 2 --stride 2 --nhead 1 --tf_layer 1 --nlayer 1 --te_dim 10 --node_dim 10 --hid_dim 32 --outlayer Linear --seed 4 --metric per_dim --gpu 0
Namespace(multi_scales='', multi_strides='', fusion='concat', state='def', n=100000000, hop=1, nhead=1, tf_layer=1, nlayer=1, epoch=1000, patience=10, history=24, patch_size=2.0, stride=2.0, logmode='a', lr=0.001, w_decay=0.0, batch_size=192, save='experiments/', load=None, seed=4, dataset='ushcn', quantization=0.0, model='tPatchGNN', outlayer='Linear', hid_dim=32, te_dim=10, node_dim=10, gpu='0', metric='per_dim', npatch=12, device=device(type='cuda'), PID=3640496, n_months=48, pred_window=1, ndim=5)
- Epoch 000, ExpID 62529
Train - Loss (one batch): 0.47694
Val - Loss, MSE, RMSE, MAE, MAPE: 0.85972, 0.85972, 0.92721, 0.37775, -78.05%
Test - Best epoch, Loss, MSE, RMSE, MAE, MAPE: 0, 0.53855, 0.53855, 0.73386, 0.34807, -71.08%
Time spent: 6.83s
- Epoch 001, ExpID 62529
Train - Loss (one batch): 0.34340
Val - Loss, MSE, RMSE, MAE, MAPE: 0.82195, 0.82195, 0.90662, 0.37267, -78.24%
Test - Best epoch, Loss, MSE, RMSE, MAE, MAPE: 1, 0.52844, 0.52844, 0.72694, 0.34385, -72.37%
Time spent: 6.32s
- Epoch 002, ExpID 62529
Train - Loss (one batch): 0.52895
Val - Loss, MSE, RMSE, MAE, MAPE: 0.78636, 0.78636, 0.88677, 0.37476, -81.12%
Test - Best epoch, Loss, MSE, RMSE, MAE, MAPE: 2, 0.51912, 0.51912, 0.72050, 0.34768, -77.24%
Time spent: 6.32s
- Epoch 003, ExpID 62529
Train - Loss (one batch): 0.59450
Val - Loss, MSE, RMSE, MAE, MAPE: 0.76282, 0.76282, 0.87339, 0.34149, -60.35%
Test - Best epoch, Loss, MSE, RMSE, MAE, MAPE: 3, 0.51450, 0.51450, 0.71728, 0.31518, -56.41%
Time spent: 6.35s
- Epoch 004, ExpID 62529
Train - Loss (one batch): 0.34405
Val - Loss, MSE, RMSE, MAE, MAPE: 0.77010, 0.77010, 0.87755, 0.33794, -58.55%
Test - Best epoch, Loss, MSE, RMSE, MAE, MAPE: 3, 0.51450, 0.51450, 0.71728, 0.31518, -56.41%
Time spent: 5.29s
- Epoch 005, ExpID 62529
Train - Loss (one batch): 0.34530
Val - Loss, MSE, RMSE, MAE, MAPE: 0.74909, 0.74909, 0.86550, 0.34075, -60.05%
Test - Best epoch, Loss, MSE, RMSE, MAE, MAPE: 5, 0.51011, 0.51011, 0.71422, 0.31481, -56.65%
Time spent: 6.34s
- Epoch 006, ExpID 62529
Train - Loss (one batch): 0.35313
Val - Loss, MSE, RMSE, MAE, MAPE: 0.78811, 0.78811, 0.88776, 0.34010, -53.72%
Test - Best epoch, Loss, MSE, RMSE, MAE, MAPE: 5, 0.51011, 0.51011, 0.71422, 0.31481, -56.65%
Time spent: 5.25s
- Epoch 007, ExpID 62529
Train - Loss (one batch): 0.61128
Val - Loss, MSE, RMSE, MAE, MAPE: 0.74108, 0.74108, 0.86086, 0.34389, -61.91%
Test - Best epoch, Loss, MSE, RMSE, MAE, MAPE: 7, 0.50809, 0.50809, 0.71280, 0.31831, -58.69%
Time spent: 6.30s
- Epoch 008, ExpID 62529
Train - Loss (one batch): 0.27536
Val - Loss, MSE, RMSE, MAE, MAPE: 0.75273, 0.75273, 0.86760, 0.35077, -63.43%
Test - Best epoch, Loss, MSE, RMSE, MAE, MAPE: 7, 0.50809, 0.50809, 0.71280, 0.31831, -58.69%
Time spent: 5.26s
- Epoch 009, ExpID 62529
Train - Loss (one batch): 0.40858
Val - Loss, MSE, RMSE, MAE, MAPE: 0.74320, 0.74320, 0.86209, 0.33683, -55.26%
Test - Best epoch, Loss, MSE, RMSE, MAE, MAPE: 7, 0.50809, 0.50809, 0.71280, 0.31831, -58.69%
Time spent: 5.25s
- Epoch 010, ExpID 62529
Train - Loss (one batch): 0.38274
Val - Loss, MSE, RMSE, MAE, MAPE: 0.73620, 0.73620, 0.85802, 0.33604, -53.30%
Test - Best epoch, Loss, MSE, RMSE, MAE, MAPE: 10, 0.51244, 0.51244, 0.71585, 0.31254, -51.59%
Time spent: 6.30s
- Epoch 011, ExpID 62529
Train - Loss (one batch): 0.55706
Val - Loss, MSE, RMSE, MAE, MAPE: 0.72582, 0.72582, 0.85195, 0.33961, -59.39%
Test - Best epoch, Loss, MSE, RMSE, MAE, MAPE: 11, 0.50456, 0.50456, 0.71033, 0.31571, -57.50%
Time spent: 6.30s
- Epoch 012, ExpID 62529
Train - Loss (one batch): 0.31575
Val - Loss, MSE, RMSE, MAE, MAPE: 0.73310, 0.73310, 0.85621, 0.35267, -72.94%
Test - Best epoch, Loss, MSE, RMSE, MAE, MAPE: 11, 0.50456, 0.50456, 0.71033, 0.31571, -57.50%
Time spent: 5.25s
- Epoch 013, ExpID 62529
Train - Loss (one batch): 0.48661
Val - Loss, MSE, RMSE, MAE, MAPE: 0.74715, 0.74715, 0.86438, 0.35186, -69.20%
Test - Best epoch, Loss, MSE, RMSE, MAE, MAPE: 11, 0.50456, 0.50456, 0.71033, 0.31571, -57.50%
Time spent: 5.27s
- Epoch 014, ExpID 62529
Train - Loss (one batch): 0.36463
Val - Loss, MSE, RMSE, MAE, MAPE: 0.71220, 0.71220, 0.84392, 0.33700, -53.82%
Test - Best epoch, Loss, MSE, RMSE, MAE, MAPE: 14, 0.50787, 0.50787, 0.71265, 0.31460, -52.01%
Time spent: 6.33s
- Epoch 015, ExpID 62529
Train - Loss (one batch): 0.38539
Val - Loss, MSE, RMSE, MAE, MAPE: 0.71285, 0.71285, 0.84430, 0.34512, -69.20%
Test - Best epoch, Loss, MSE, RMSE, MAE, MAPE: 14, 0.50787, 0.50787, 0.71265, 0.31460, -52.01%
Time spent: 5.26s
- Epoch 016, ExpID 62529
Train - Loss (one batch): 0.43773
Val - Loss, MSE, RMSE, MAE, MAPE: 0.71983, 0.71983, 0.84843, 0.32969, -53.55%
Test - Best epoch, Loss, MSE, RMSE, MAE, MAPE: 14, 0.50787, 0.50787, 0.71265, 0.31460, -52.01%
Time spent: 5.26s
- Epoch 017, ExpID 62529
Train - Loss (one batch): 0.25481
Val - Loss, MSE, RMSE, MAE, MAPE: 0.71995, 0.71995, 0.84850, 0.34825, -67.91%
Test - Best epoch, Loss, MSE, RMSE, MAE, MAPE: 14, 0.50787, 0.50787, 0.71265, 0.31460, -52.01%
Time spent: 5.25s
- Epoch 018, ExpID 62529
Train - Loss (one batch): 0.57828
Val - Loss, MSE, RMSE, MAE, MAPE: 0.72092, 0.72092, 0.84907, 0.33321, -57.69%
Test - Best epoch, Loss, MSE, RMSE, MAE, MAPE: 14, 0.50787, 0.50787, 0.71265, 0.31460, -52.01%
Time spent: 5.27s
- Epoch 019, ExpID 62529
Train - Loss (one batch): 0.53314
Val - Loss, MSE, RMSE, MAE, MAPE: 0.73094, 0.73094, 0.85495, 0.33361, -58.43%
Test - Best epoch, Loss, MSE, RMSE, MAE, MAPE: 14, 0.50787, 0.50787, 0.71265, 0.31460, -52.01%
Time spent: 5.22s
- Epoch 020, ExpID 62529
Train - Loss (one batch): 0.38030
Val - Loss, MSE, RMSE, MAE, MAPE: 0.71883, 0.71883, 0.84784, 0.32903, -55.30%
Test - Best epoch, Loss, MSE, RMSE, MAE, MAPE: 14, 0.50787, 0.50787, 0.71265, 0.31460, -52.01%
Time spent: 5.25s
- Epoch 021, ExpID 62529
Train - Loss (one batch): 0.33779
Val - Loss, MSE, RMSE, MAE, MAPE: 0.70145, 0.70145, 0.83752, 0.33595, -61.09%
Test - Best epoch, Loss, MSE, RMSE, MAE, MAPE: 21, 0.50291, 0.50291, 0.70916, 0.31314, -58.11%
Time spent: 6.24s
- Epoch 022, ExpID 62529
Train - Loss (one batch): 0.60004
Val - Loss, MSE, RMSE, MAE, MAPE: 0.71333, 0.71333, 0.84459, 0.34016, -63.41%
Test - Best epoch, Loss, MSE, RMSE, MAE, MAPE: 21, 0.50291, 0.50291, 0.70916, 0.31314, -58.11%
Time spent: 5.25s
- Epoch 023, ExpID 62529
Train - Loss (one batch): 0.53175
Val - Loss, MSE, RMSE, MAE, MAPE: 0.73416, 0.73416, 0.85683, 0.33871, -63.82%
Test - Best epoch, Loss, MSE, RMSE, MAE, MAPE: 21, 0.50291, 0.50291, 0.70916, 0.31314, -58.11%
Time spent: 5.25s
- Epoch 024, ExpID 62529
Train - Loss (one batch): 0.35969
Val - Loss, MSE, RMSE, MAE, MAPE: 0.74817, 0.74817, 0.86497, 0.32256, -50.33%
Test - Best epoch, Loss, MSE, RMSE, MAE, MAPE: 21, 0.50291, 0.50291, 0.70916, 0.31314, -58.11%
Time spent: 5.27s
- Epoch 025, ExpID 62529
Train - Loss (one batch): 0.32722
Val - Loss, MSE, RMSE, MAE, MAPE: 0.73615, 0.73615, 0.85799, 0.33788, -58.87%
Test - Best epoch, Loss, MSE, RMSE, MAE, MAPE: 21, 0.50291, 0.50291, 0.70916, 0.31314, -58.11%
Time spent: 5.24s
- Epoch 026, ExpID 62529
Train - Loss (one batch): 0.55846
Val - Loss, MSE, RMSE, MAE, MAPE: 0.74044, 0.74044, 0.86049, 0.33292, -55.56%
Test - Best epoch, Loss, MSE, RMSE, MAE, MAPE: 21, 0.50291, 0.50291, 0.70916, 0.31314, -58.11%
Time spent: 5.21s
- Epoch 027, ExpID 62529
Train - Loss (one batch): 0.21122
Val - Loss, MSE, RMSE, MAE, MAPE: 0.70148, 0.70148, 0.83755, 0.33403, -56.66%
Test - Best epoch, Loss, MSE, RMSE, MAE, MAPE: 21, 0.50291, 0.50291, 0.70916, 0.31314, -58.11%
Time spent: 5.24s
- Epoch 028, ExpID 62529
Train - Loss (one batch): 0.37087
Val - Loss, MSE, RMSE, MAE, MAPE: 0.71424, 0.71424, 0.84513, 0.32370, -52.57%
Test - Best epoch, Loss, MSE, RMSE, MAE, MAPE: 21, 0.50291, 0.50291, 0.70916, 0.31314, -58.11%
Time spent: 5.22s
- Epoch 029, ExpID 62529
Train - Loss (one batch): 0.62847
Val - Loss, MSE, RMSE, MAE, MAPE: 0.72424, 0.72424, 0.85102, 0.33073, -54.57%
Test - Best epoch, Loss, MSE, RMSE, MAE, MAPE: 21, 0.50291, 0.50291, 0.70916, 0.31314, -58.11%
Time spent: 5.23s
- Epoch 030, ExpID 62529
Train - Loss (one batch): 0.36697
Val - Loss, MSE, RMSE, MAE, MAPE: 0.71521, 0.71521, 0.84570, 0.34164, -67.89%
Test - Best epoch, Loss, MSE, RMSE, MAE, MAPE: 21, 0.50291, 0.50291, 0.70916, 0.31314, -58.11%
Time spent: 5.25s
- Epoch 031, ExpID 62529
Train - Loss (one batch): 0.37469
Val - Loss, MSE, RMSE, MAE, MAPE: 0.70995, 0.70995, 0.84259, 0.32541, -52.97%
Test - Best epoch, Loss, MSE, RMSE, MAE, MAPE: 21, 0.50291, 0.50291, 0.70916, 0.31314, -58.11%
Time spent: 5.24s
/home/ouass/Test/MSP-IMTS/tPatchGNN/run_models.py
2026-03-18 03:15:54
run_models.py --dataset ushcn --state def --history 24 --patience 10 --batch_size 192 --lr 1e-3 --patch_size 2 --stride 2 --nhead 1 --tf_layer 1 --nlayer 1 --te_dim 10 --node_dim 10 --hid_dim 32 --outlayer Linear --seed 5 --metric per_dim --gpu 0
Namespace(multi_scales='', multi_strides='', fusion='concat', state='def', n=100000000, hop=1, nhead=1, tf_layer=1, nlayer=1, epoch=1000, patience=10, history=24, patch_size=2.0, stride=2.0, logmode='a', lr=0.001, w_decay=0.0, batch_size=192, save='experiments/', load=None, seed=5, dataset='ushcn', quantization=0.0, model='tPatchGNN', outlayer='Linear', hid_dim=32, te_dim=10, node_dim=10, gpu='0', metric='per_dim', npatch=12, device=device(type='cuda'), PID=3644248, n_months=48, pred_window=1, ndim=5)
- Epoch 000, ExpID 30652
Train - Loss (one batch): 0.37322
Val - Loss, MSE, RMSE, MAE, MAPE: 0.85077, 0.85077, 0.92237, 0.36044, -62.26%
Test - Best epoch, Loss, MSE, RMSE, MAE, MAPE: 0, 0.54416, 0.54416, 0.73767, 0.33543, -61.64%
Time spent: 7.03s
- Epoch 001, ExpID 30652
Train - Loss (one batch): 0.66861
Val - Loss, MSE, RMSE, MAE, MAPE: 0.81928, 0.81928, 0.90514, 0.41293, -96.88%
Test - Best epoch, Loss, MSE, RMSE, MAE, MAPE: 1, 0.54554, 0.54554, 0.73861, 0.38757, -93.68%
Time spent: 6.32s
- Epoch 002, ExpID 30652
Train - Loss (one batch): 0.28176
Val - Loss, MSE, RMSE, MAE, MAPE: 0.77087, 0.77087, 0.87799, 0.34739, -58.38%
Test - Best epoch, Loss, MSE, RMSE, MAE, MAPE: 2, 0.52222, 0.52222, 0.72265, 0.32249, -56.07%
Time spent: 6.31s
- Epoch 003, ExpID 30652
Train - Loss (one batch): 0.88410
Val - Loss, MSE, RMSE, MAE, MAPE: 0.76950, 0.76950, 0.87721, 0.39504, -92.43%
Test - Best epoch, Loss, MSE, RMSE, MAE, MAPE: 3, 0.52661, 0.52661, 0.72568, 0.37177, -89.91%
Time spent: 6.33s
- Epoch 004, ExpID 30652
Train - Loss (one batch): 0.37420
Val - Loss, MSE, RMSE, MAE, MAPE: 0.72582, 0.72582, 0.85195, 0.35820, -70.54%
Test - Best epoch, Loss, MSE, RMSE, MAE, MAPE: 4, 0.51980, 0.51980, 0.72097, 0.33458, -66.41%
Time spent: 6.31s
- Epoch 005, ExpID 30652
Train - Loss (one batch): 0.36117
Val - Loss, MSE, RMSE, MAE, MAPE: 0.72898, 0.72898, 0.85380, 0.33705, -56.81%
Test - Best epoch, Loss, MSE, RMSE, MAE, MAPE: 4, 0.51980, 0.51980, 0.72097, 0.33458, -66.41%
Time spent: 5.25s
- Epoch 006, ExpID 30652
Train - Loss (one batch): 0.40594
Val - Loss, MSE, RMSE, MAE, MAPE: 0.72580, 0.72580, 0.85194, 0.34466, -62.78%
Test - Best epoch, Loss, MSE, RMSE, MAE, MAPE: 6, 0.51542, 0.51542, 0.71793, 0.32217, -58.90%
Time spent: 6.31s
- Epoch 007, ExpID 30652
Train - Loss (one batch): 0.61540
Val - Loss, MSE, RMSE, MAE, MAPE: 0.72093, 0.72093, 0.84908, 0.33966, -62.30%
Test - Best epoch, Loss, MSE, RMSE, MAE, MAPE: 7, 0.50772, 0.50772, 0.71254, 0.31651, -59.27%
Time spent: 6.32s
- Epoch 008, ExpID 30652
Train - Loss (one batch): 0.39608
Val - Loss, MSE, RMSE, MAE, MAPE: 0.72583, 0.72583, 0.85196, 0.34011, -60.58%
Test - Best epoch, Loss, MSE, RMSE, MAE, MAPE: 7, 0.50772, 0.50772, 0.71254, 0.31651, -59.27%
Time spent: 5.28s
- Epoch 009, ExpID 30652
Train - Loss (one batch): 0.43265
Val - Loss, MSE, RMSE, MAE, MAPE: 0.71724, 0.71724, 0.84690, 0.32993, -52.90%
Test - Best epoch, Loss, MSE, RMSE, MAE, MAPE: 9, 0.50542, 0.50542, 0.71093, 0.30663, -49.81%
Time spent: 6.31s
- Epoch 010, ExpID 30652
Train - Loss (one batch): 0.69028
Val - Loss, MSE, RMSE, MAE, MAPE: 0.73586, 0.73586, 0.85782, 0.33345, -59.14%
Test - Best epoch, Loss, MSE, RMSE, MAE, MAPE: 9, 0.50542, 0.50542, 0.71093, 0.30663, -49.81%
Time spent: 5.27s
- Epoch 011, ExpID 30652
Train - Loss (one batch): 0.33004
Val - Loss, MSE, RMSE, MAE, MAPE: 0.72077, 0.72077, 0.84898, 0.32939, -53.30%
Test - Best epoch, Loss, MSE, RMSE, MAE, MAPE: 9, 0.50542, 0.50542, 0.71093, 0.30663, -49.81%
Time spent: 5.26s
- Epoch 012, ExpID 30652
Train - Loss (one batch): 0.34378
Val - Loss, MSE, RMSE, MAE, MAPE: 0.71099, 0.71099, 0.84320, 0.33026, -56.09%
Test - Best epoch, Loss, MSE, RMSE, MAE, MAPE: 12, 0.50362, 0.50362, 0.70967, 0.30802, -53.66%
Time spent: 6.28s
- Epoch 013, ExpID 30652
Train - Loss (one batch): 0.28349
Val - Loss, MSE, RMSE, MAE, MAPE: 0.70876, 0.70876, 0.84188, 0.33298, -56.43%
Test - Best epoch, Loss, MSE, RMSE, MAE, MAPE: 13, 0.50446, 0.50446, 0.71026, 0.31042, -53.45%
Time spent: 6.34s
- Epoch 014, ExpID 30652
Train - Loss (one batch): 0.32197
Val - Loss, MSE, RMSE, MAE, MAPE: 0.70885, 0.70885, 0.84193, 0.33772, -60.53%
Test - Best epoch, Loss, MSE, RMSE, MAE, MAPE: 13, 0.50446, 0.50446, 0.71026, 0.31042, -53.45%
Time spent: 5.26s
- Epoch 015, ExpID 30652
Train - Loss (one batch): 0.34983
Val - Loss, MSE, RMSE, MAE, MAPE: 0.72968, 0.72968, 0.85421, 0.33420, -56.43%
Test - Best epoch, Loss, MSE, RMSE, MAE, MAPE: 13, 0.50446, 0.50446, 0.71026, 0.31042, -53.45%
Time spent: 5.27s
- Epoch 016, ExpID 30652
Train - Loss (one batch): 0.42654
Val - Loss, MSE, RMSE, MAE, MAPE: 0.72810, 0.72810, 0.85329, 0.33685, -61.05%
Test - Best epoch, Loss, MSE, RMSE, MAE, MAPE: 13, 0.50446, 0.50446, 0.71026, 0.31042, -53.45%
Time spent: 5.29s
- Epoch 017, ExpID 30652
Train - Loss (one batch): 0.51932
Val - Loss, MSE, RMSE, MAE, MAPE: 0.71331, 0.71331, 0.84458, 0.33449, -60.39%
Test - Best epoch, Loss, MSE, RMSE, MAE, MAPE: 13, 0.50446, 0.50446, 0.71026, 0.31042, -53.45%
Time spent: 5.24s
- Epoch 018, ExpID 30652
Train - Loss (one batch): 0.86594
Val - Loss, MSE, RMSE, MAE, MAPE: 0.71759, 0.71759, 0.84711, 0.34932, -65.19%
Test - Best epoch, Loss, MSE, RMSE, MAE, MAPE: 13, 0.50446, 0.50446, 0.71026, 0.31042, -53.45%
Time spent: 5.23s
- Epoch 019, ExpID 30652
Train - Loss (one batch): 0.70907
Val - Loss, MSE, RMSE, MAE, MAPE: 0.70593, 0.70593, 0.84020, 0.35839, -74.31%
Test - Best epoch, Loss, MSE, RMSE, MAE, MAPE: 19, 0.51052, 0.51052, 0.71451, 0.33624, -70.88%
Time spent: 6.34s
- Epoch 020, ExpID 30652
Train - Loss (one batch): 0.25416
Val - Loss, MSE, RMSE, MAE, MAPE: 0.69951, 0.69951, 0.83636, 0.33799, -58.76%
Test - Best epoch, Loss, MSE, RMSE, MAE, MAPE: 20, 0.50135, 0.50135, 0.70806, 0.31592, -56.44%
Time spent: 6.27s
- Epoch 021, ExpID 30652
Train - Loss (one batch): 0.37353
Val - Loss, MSE, RMSE, MAE, MAPE: 0.68894, 0.68894, 0.83003, 0.34672, -66.83%
Test - Best epoch, Loss, MSE, RMSE, MAE, MAPE: 21, 0.50280, 0.50280, 0.70908, 0.32355, -63.84%
Time spent: 6.34s
- Epoch 022, ExpID 30652
Train - Loss (one batch): 1.48436
Val - Loss, MSE, RMSE, MAE, MAPE: 0.70140, 0.70140, 0.83750, 0.33090, -59.48%
Test - Best epoch, Loss, MSE, RMSE, MAE, MAPE: 21, 0.50280, 0.50280, 0.70908, 0.32355, -63.84%
Time spent: 5.24s
- Epoch 023, ExpID 30652
Train - Loss (one batch): 1.00666
Val - Loss, MSE, RMSE, MAE, MAPE: 0.70933, 0.70933, 0.84222, 0.33947, -61.78%
Test - Best epoch, Loss, MSE, RMSE, MAE, MAPE: 21, 0.50280, 0.50280, 0.70908, 0.32355, -63.84%
Time spent: 5.20s
- Epoch 024, ExpID 30652
Train - Loss (one batch): 0.38344
Val - Loss, MSE, RMSE, MAE, MAPE: 0.68296, 0.68296, 0.82641, 0.33141, -55.70%
Test - Best epoch, Loss, MSE, RMSE, MAE, MAPE: 24, 0.50326, 0.50326, 0.70941, 0.30879, -53.19%
Time spent: 6.32s
- Epoch 025, ExpID 30652
Train - Loss (one batch): 0.50403
Val - Loss, MSE, RMSE, MAE, MAPE: 0.68462, 0.68462, 0.82742, 0.32273, -45.82%
Test - Best epoch, Loss, MSE, RMSE, MAE, MAPE: 24, 0.50326, 0.50326, 0.70941, 0.30879, -53.19%
Time spent: 5.25s
- Epoch 026, ExpID 30652
Train - Loss (one batch): 0.83035
Val - Loss, MSE, RMSE, MAE, MAPE: 0.69125, 0.69125, 0.83141, 0.34678, -69.42%
Test - Best epoch, Loss, MSE, RMSE, MAE, MAPE: 24, 0.50326, 0.50326, 0.70941, 0.30879, -53.19%
Time spent: 5.27s
- Epoch 027, ExpID 30652
Train - Loss (one batch): 0.24720
Val - Loss, MSE, RMSE, MAE, MAPE: 0.69065, 0.69065, 0.83105, 0.32203, -52.69%
Test - Best epoch, Loss, MSE, RMSE, MAE, MAPE: 24, 0.50326, 0.50326, 0.70941, 0.30879, -53.19%
Time spent: 5.25s
- Epoch 028, ExpID 30652
Train - Loss (one batch): 0.55572
Val - Loss, MSE, RMSE, MAE, MAPE: 0.69733, 0.69733, 0.83506, 0.34958, -69.27%
Test - Best epoch, Loss, MSE, RMSE, MAE, MAPE: 24, 0.50326, 0.50326, 0.70941, 0.30879, -53.19%
Time spent: 5.24s
- Epoch 029, ExpID 30652
Train - Loss (one batch): 0.34655
Val - Loss, MSE, RMSE, MAE, MAPE: 0.70811, 0.70811, 0.84149, 0.32413, -51.83%
Test - Best epoch, Loss, MSE, RMSE, MAE, MAPE: 24, 0.50326, 0.50326, 0.70941, 0.30879, -53.19%
Time spent: 5.26s
- Epoch 030, ExpID 30652
Train - Loss (one batch): 0.39253
Val - Loss, MSE, RMSE, MAE, MAPE: 0.69175, 0.69175, 0.83171, 0.34189, -65.09%
Test - Best epoch, Loss, MSE, RMSE, MAE, MAPE: 24, 0.50326, 0.50326, 0.70941, 0.30879, -53.19%
Time spent: 5.25s
- Epoch 031, ExpID 30652
Train - Loss (one batch): 0.44462
Val - Loss, MSE, RMSE, MAE, MAPE: 0.67274, 0.67274, 0.82021, 0.33254, -60.56%
Test - Best epoch, Loss, MSE, RMSE, MAE, MAPE: 31, 0.49962, 0.49962, 0.70684, 0.30994, -56.27%
Time spent: 6.28s
- Epoch 032, ExpID 30652
Train - Loss (one batch): 0.46585
Val - Loss, MSE, RMSE, MAE, MAPE: 0.69425, 0.69425, 0.83322, 0.32176, -51.77%
Test - Best epoch, Loss, MSE, RMSE, MAE, MAPE: 31, 0.49962, 0.49962, 0.70684, 0.30994, -56.27%
Time spent: 5.26s
- Epoch 033, ExpID 30652
Train - Loss (one batch): 0.22626
Val - Loss, MSE, RMSE, MAE, MAPE: 0.68676, 0.68676, 0.82871, 0.31969, -48.26%
Test - Best epoch, Loss, MSE, RMSE, MAE, MAPE: 31, 0.49962, 0.49962, 0.70684, 0.30994, -56.27%
Time spent: 5.25s
- Epoch 034, ExpID 30652
Train - Loss (one batch): 0.49655
Val - Loss, MSE, RMSE, MAE, MAPE: 0.68816, 0.68816, 0.82956, 0.31844, -48.65%
Test - Best epoch, Loss, MSE, RMSE, MAE, MAPE: 31, 0.49962, 0.49962, 0.70684, 0.30994, -56.27%
Time spent: 5.29s
- Epoch 035, ExpID 30652
Train - Loss (one batch): 0.48733
Val - Loss, MSE, RMSE, MAE, MAPE: 0.68399, 0.68399, 0.82704, 0.33215, -59.34%
Test - Best epoch, Loss, MSE, RMSE, MAE, MAPE: 31, 0.49962, 0.49962, 0.70684, 0.30994, -56.27%
Time spent: 5.25s
- Epoch 036, ExpID 30652
Train - Loss (one batch): 0.19803
Val - Loss, MSE, RMSE, MAE, MAPE: 0.67380, 0.67380, 0.82085, 0.32198, -49.73%
Test - Best epoch, Loss, MSE, RMSE, MAE, MAPE: 31, 0.49962, 0.49962, 0.70684, 0.30994, -56.27%
Time spent: 5.27s
- Epoch 037, ExpID 30652
Train - Loss (one batch): 0.59048
Val - Loss, MSE, RMSE, MAE, MAPE: 0.68180, 0.68180, 0.82571, 0.32348, -55.09%
Test - Best epoch, Loss, MSE, RMSE, MAE, MAPE: 31, 0.49962, 0.49962, 0.70684, 0.30994, -56.27%
Time spent: 5.27s
- Epoch 038, ExpID 30652
Train - Loss (one batch): 0.53063
Val - Loss, MSE, RMSE, MAE, MAPE: 0.68154, 0.68154, 0.82555, 0.33399, -58.59%
Test - Best epoch, Loss, MSE, RMSE, MAE, MAPE: 31, 0.49962, 0.49962, 0.70684, 0.30994, -56.27%
Time spent: 5.25s
- Epoch 039, ExpID 30652
Train - Loss (one batch): 0.51515
Val - Loss, MSE, RMSE, MAE, MAPE: 0.67182, 0.67182, 0.81965, 0.31871, -50.23%
Test - Best epoch, Loss, MSE, RMSE, MAE, MAPE: 39, 0.49780, 0.49780, 0.70555, 0.29503, -46.35%
Time spent: 6.33s
- Epoch 040, ExpID 30652
Train - Loss (one batch): 0.33418
Val - Loss, MSE, RMSE, MAE, MAPE: 0.67659, 0.67659, 0.82255, 0.34118, -68.15%
Test - Best epoch, Loss, MSE, RMSE, MAE, MAPE: 39, 0.49780, 0.49780, 0.70555, 0.29503, -46.35%
Time spent: 5.26s
- Epoch 041, ExpID 30652
Train - Loss (one batch): 0.28357
Val - Loss, MSE, RMSE, MAE, MAPE: 0.66074, 0.66074, 0.81286, 0.33339, -61.24%
Test - Best epoch, Loss, MSE, RMSE, MAE, MAPE: 41, 0.49888, 0.49888, 0.70631, 0.31153, -57.65%
Time spent: 6.32s
- Epoch 042, ExpID 30652
Train - Loss (one batch): 0.45915
Val - Loss, MSE, RMSE, MAE, MAPE: 0.66701, 0.66701, 0.81671, 0.32899, -61.08%
Test - Best epoch, Loss, MSE, RMSE, MAE, MAPE: 41, 0.49888, 0.49888, 0.70631, 0.31153, -57.65%
Time spent: 5.25s
- Epoch 043, ExpID 30652
Train - Loss (one batch): 0.43138
Val - Loss, MSE, RMSE, MAE, MAPE: 0.65508, 0.65508, 0.80937, 0.32594, -54.02%
Test - Best epoch, Loss, MSE, RMSE, MAE, MAPE: 43, 0.49941, 0.49941, 0.70669, 0.30518, -50.99%
Time spent: 6.31s
- Epoch 044, ExpID 30652
Train - Loss (one batch): 0.41148
Val - Loss, MSE, RMSE, MAE, MAPE: 0.68420, 0.68420, 0.82716, 0.32676, -54.47%
Test - Best epoch, Loss, MSE, RMSE, MAE, MAPE: 43, 0.49941, 0.49941, 0.70669, 0.30518, -50.99%
Time spent: 5.28s
- Epoch 045, ExpID 30652
Train - Loss (one batch): 0.52393
Val - Loss, MSE, RMSE, MAE, MAPE: 0.66402, 0.66402, 0.81487, 0.32877, -52.99%
Test - Best epoch, Loss, MSE, RMSE, MAE, MAPE: 43, 0.49941, 0.49941, 0.70669, 0.30518, -50.99%
Time spent: 5.25s
- Epoch 046, ExpID 30652
Train - Loss (one batch): 0.34764
Val - Loss, MSE, RMSE, MAE, MAPE: 0.68474, 0.68474, 0.82749, 0.32987, -59.09%
Test - Best epoch, Loss, MSE, RMSE, MAE, MAPE: 43, 0.49941, 0.49941, 0.70669, 0.30518, -50.99%
Time spent: 5.26s
- Epoch 047, ExpID 30652
Train - Loss (one batch): 1.31514
Val - Loss, MSE, RMSE, MAE, MAPE: 0.68305, 0.68305, 0.82647, 0.32107, -52.96%
Test - Best epoch, Loss, MSE, RMSE, MAE, MAPE: 43, 0.49941, 0.49941, 0.70669, 0.30518, -50.99%
Time spent: 5.22s
- Epoch 048, ExpID 30652
Train - Loss (one batch): 0.45740
Val - Loss, MSE, RMSE, MAE, MAPE: 0.67712, 0.67712, 0.82287, 0.32206, -57.23%
Test - Best epoch, Loss, MSE, RMSE, MAE, MAPE: 43, 0.49941, 0.49941, 0.70669, 0.30518, -50.99%
Time spent: 5.25s
- Epoch 049, ExpID 30652
Train - Loss (one batch): 0.38421
Val - Loss, MSE, RMSE, MAE, MAPE: 0.66104, 0.66104, 0.81305, 0.33144, -60.67%
Test - Best epoch, Loss, MSE, RMSE, MAE, MAPE: 43, 0.49941, 0.49941, 0.70669, 0.30518, -50.99%
Time spent: 5.28s
- Epoch 050, ExpID 30652
Train - Loss (one batch): 0.40132
Val - Loss, MSE, RMSE, MAE, MAPE: 0.68364, 0.68364, 0.82683, 0.33257, -61.38%
Test - Best epoch, Loss, MSE, RMSE, MAE, MAPE: 43, 0.49941, 0.49941, 0.70669, 0.30518, -50.99%
Time spent: 5.26s
- Epoch 051, ExpID 30652
Train - Loss (one batch): 0.36133
Val - Loss, MSE, RMSE, MAE, MAPE: 0.70434, 0.70434, 0.83925, 0.32407, -55.38%
Test - Best epoch, Loss, MSE, RMSE, MAE, MAPE: 43, 0.49941, 0.49941, 0.70669, 0.30518, -50.99%
Time spent: 5.28s
- Epoch 052, ExpID 30652
Train - Loss (one batch): 0.98833
Val - Loss, MSE, RMSE, MAE, MAPE: 0.68043, 0.68043, 0.82488, 0.34549, -71.42%
Test - Best epoch, Loss, MSE, RMSE, MAE, MAPE: 43, 0.49941, 0.49941, 0.70669, 0.30518, -50.99%
Time spent: 5.30s
- Epoch 053, ExpID 30652
Train - Loss (one batch): 0.56997
Val - Loss, MSE, RMSE, MAE, MAPE: 0.67190, 0.67190, 0.81970, 0.34079, -64.14%
Test - Best epoch, Loss, MSE, RMSE, MAE, MAPE: 43, 0.49941, 0.49941, 0.70669, 0.30518, -50.99%
Time spent: 5.29s
