/home/ouass/Test/MSP-IMTS/tPatchGNN/run_models.py
2026-03-18 08:49:04
run_models.py --dataset ushcn --state def --history 24 --batch_size 192 --lr 1e-3 --patience 20 --epoch 400 --nhead 1 --tf_layer 1 --nlayer 1 --te_dim 10 --node_dim 10 --hid_dim 32 --outlayer Linear --seed 1 --gpu 0 --multi_scales 2,6,12 --multi_strides 2,6,12 --metric per_dim --fusion gated_feat_wconcat
Namespace(multi_scales='2,6,12', multi_strides='2,6,12', fusion='gated_feat_wconcat', state='def', n=100000000, hop=1, nhead=1, tf_layer=1, nlayer=1, epoch=400, patience=20, history=24, patch_size=24, stride=24, logmode='a', lr=0.001, w_decay=0.0, batch_size=192, save='experiments/', load=None, seed=1, dataset='ushcn', quantization=0.0, model='tPatchGNN', outlayer='Linear', hid_dim=32, te_dim=10, node_dim=10, gpu='0', metric='per_dim', npatch=1, device=device(type='cuda'), PID=4126172, n_months=48, pred_window=1, ndim=5)
- Epoch 000, ExpID 19761
Train - Loss (one batch): 0.45299
Val - Loss, MSE, RMSE, MAE, MAPE: 0.86264, 0.86264, 0.92878, 0.34241, -44.08%
Test - Best epoch, Loss, MSE, RMSE, MAE, MAPE: 0, 0.54526, 0.54526, 0.73842, 0.31910, -43.06%
Time spent: 8.97s
- Epoch 001, ExpID 19761
Train - Loss (one batch): 0.49972
Val - Loss, MSE, RMSE, MAE, MAPE: 0.78272, 0.78272, 0.88471, 0.34887, -55.62%
Test - Best epoch, Loss, MSE, RMSE, MAE, MAPE: 1, 0.52790, 0.52790, 0.72657, 0.32633, -53.12%
Time spent: 8.88s
- Epoch 002, ExpID 19761
Train - Loss (one batch): 0.95261
Val - Loss, MSE, RMSE, MAE, MAPE: 0.75116, 0.75116, 0.86670, 0.35551, -68.07%
Test - Best epoch, Loss, MSE, RMSE, MAE, MAPE: 2, 0.51711, 0.51711, 0.71910, 0.33158, -65.07%
Time spent: 8.89s
- Epoch 003, ExpID 19761
Train - Loss (one batch): 0.69787
Val - Loss, MSE, RMSE, MAE, MAPE: 0.75259, 0.75259, 0.86752, 0.33940, -56.94%
Test - Best epoch, Loss, MSE, RMSE, MAE, MAPE: 2, 0.51711, 0.51711, 0.71910, 0.33158, -65.07%
Time spent: 7.50s
- Epoch 004, ExpID 19761
Train - Loss (one batch): 0.37122
Val - Loss, MSE, RMSE, MAE, MAPE: 0.72848, 0.72848, 0.85351, 0.33511, -53.93%
Test - Best epoch, Loss, MSE, RMSE, MAE, MAPE: 4, 0.50614, 0.50614, 0.71144, 0.31153, -51.38%
Time spent: 8.89s
- Epoch 005, ExpID 19761
Train - Loss (one batch): 0.45776
Val - Loss, MSE, RMSE, MAE, MAPE: 0.70134, 0.70134, 0.83746, 0.34610, -63.19%
Test - Best epoch, Loss, MSE, RMSE, MAE, MAPE: 5, 0.51455, 0.51455, 0.71732, 0.32337, -59.64%
Time spent: 8.90s
- Epoch 006, ExpID 19761
Train - Loss (one batch): 0.41147
Val - Loss, MSE, RMSE, MAE, MAPE: 0.70692, 0.70692, 0.84078, 0.34836, -64.44%
Test - Best epoch, Loss, MSE, RMSE, MAE, MAPE: 5, 0.51455, 0.51455, 0.71732, 0.32337, -59.64%
Time spent: 7.51s
- Epoch 007, ExpID 19761
Train - Loss (one batch): 0.40346
Val - Loss, MSE, RMSE, MAE, MAPE: 0.70170, 0.70170, 0.83768, 0.33067, -50.25%
Test - Best epoch, Loss, MSE, RMSE, MAE, MAPE: 5, 0.51455, 0.51455, 0.71732, 0.32337, -59.64%
Time spent: 7.50s
- Epoch 008, ExpID 19761
Train - Loss (one batch): 0.41746
Val - Loss, MSE, RMSE, MAE, MAPE: 0.72814, 0.72814, 0.85331, 0.36211, -70.20%
Test - Best epoch, Loss, MSE, RMSE, MAE, MAPE: 5, 0.51455, 0.51455, 0.71732, 0.32337, -59.64%
Time spent: 7.50s
- Epoch 009, ExpID 19761
Train - Loss (one batch): 0.30880
Val - Loss, MSE, RMSE, MAE, MAPE: 0.71254, 0.71254, 0.84412, 0.33046, -55.74%
Test - Best epoch, Loss, MSE, RMSE, MAE, MAPE: 5, 0.51455, 0.51455, 0.71732, 0.32337, -59.64%
Time spent: 7.50s
- Epoch 010, ExpID 19761
Train - Loss (one batch): 0.36914
Val - Loss, MSE, RMSE, MAE, MAPE: 0.73466, 0.73466, 0.85712, 0.35139, -70.24%
Test - Best epoch, Loss, MSE, RMSE, MAE, MAPE: 5, 0.51455, 0.51455, 0.71732, 0.32337, -59.64%
Time spent: 7.50s
- Epoch 011, ExpID 19761
Train - Loss (one batch): 0.31504
Val - Loss, MSE, RMSE, MAE, MAPE: 0.71647, 0.71647, 0.84645, 0.33101, -57.72%
Test - Best epoch, Loss, MSE, RMSE, MAE, MAPE: 5, 0.51455, 0.51455, 0.71732, 0.32337, -59.64%
Time spent: 7.50s
- Epoch 012, ExpID 19761
Train - Loss (one batch): 0.42206
Val - Loss, MSE, RMSE, MAE, MAPE: 0.69738, 0.69738, 0.83509, 0.34420, -61.88%
Test - Best epoch, Loss, MSE, RMSE, MAE, MAPE: 12, 0.50580, 0.50580, 0.71120, 0.32210, -58.87%
Time spent: 8.89s
- Epoch 013, ExpID 19761
Train - Loss (one batch): 0.50989
Val - Loss, MSE, RMSE, MAE, MAPE: 0.69548, 0.69548, 0.83396, 0.34784, -67.87%
Test - Best epoch, Loss, MSE, RMSE, MAE, MAPE: 13, 0.51674, 0.51674, 0.71884, 0.32637, -63.03%
Time spent: 8.89s
- Epoch 014, ExpID 19761
Train - Loss (one batch): 0.30327
Val - Loss, MSE, RMSE, MAE, MAPE: 0.71605, 0.71605, 0.84620, 0.32967, -56.05%
Test - Best epoch, Loss, MSE, RMSE, MAE, MAPE: 13, 0.51674, 0.51674, 0.71884, 0.32637, -63.03%
Time spent: 7.50s
- Epoch 015, ExpID 19761
Train - Loss (one batch): 0.32681
Val - Loss, MSE, RMSE, MAE, MAPE: 0.70450, 0.70450, 0.83934, 0.34162, -62.27%
Test - Best epoch, Loss, MSE, RMSE, MAE, MAPE: 13, 0.51674, 0.51674, 0.71884, 0.32637, -63.03%
Time spent: 7.50s
- Epoch 016, ExpID 19761
Train - Loss (one batch): 0.53005
Val - Loss, MSE, RMSE, MAE, MAPE: 0.70595, 0.70595, 0.84021, 0.33458, -58.73%
Test - Best epoch, Loss, MSE, RMSE, MAE, MAPE: 13, 0.51674, 0.51674, 0.71884, 0.32637, -63.03%
Time spent: 7.51s
- Epoch 017, ExpID 19761
Train - Loss (one batch): 0.44977
Val - Loss, MSE, RMSE, MAE, MAPE: 0.68391, 0.68391, 0.82699, 0.32389, -55.43%
Test - Best epoch, Loss, MSE, RMSE, MAE, MAPE: 17, 0.49844, 0.49844, 0.70600, 0.30159, -52.25%
Time spent: 8.89s
- Epoch 018, ExpID 19761
Train - Loss (one batch): 0.53027
Val - Loss, MSE, RMSE, MAE, MAPE: 0.68510, 0.68510, 0.82771, 0.32541, -56.34%
Test - Best epoch, Loss, MSE, RMSE, MAE, MAPE: 17, 0.49844, 0.49844, 0.70600, 0.30159, -52.25%
Time spent: 7.50s
- Epoch 019, ExpID 19761
Train - Loss (one batch): 0.48558
Val - Loss, MSE, RMSE, MAE, MAPE: 0.68858, 0.68858, 0.82980, 0.34724, -69.94%
Test - Best epoch, Loss, MSE, RMSE, MAE, MAPE: 17, 0.49844, 0.49844, 0.70600, 0.30159, -52.25%
Time spent: 7.50s
- Epoch 020, ExpID 19761
Train - Loss (one batch): 0.71766
Val - Loss, MSE, RMSE, MAE, MAPE: 0.66844, 0.66844, 0.81758, 0.33495, -64.57%
Test - Best epoch, Loss, MSE, RMSE, MAE, MAPE: 20, 0.49983, 0.49983, 0.70699, 0.31192, -60.61%
Time spent: 8.90s
- Epoch 021, ExpID 19761
Train - Loss (one batch): 0.65501
Val - Loss, MSE, RMSE, MAE, MAPE: 0.66918, 0.66918, 0.81803, 0.32518, -56.98%
Test - Best epoch, Loss, MSE, RMSE, MAE, MAPE: 20, 0.49983, 0.49983, 0.70699, 0.31192, -60.61%
Time spent: 7.50s
- Epoch 022, ExpID 19761
Train - Loss (one batch): 0.45570
Val - Loss, MSE, RMSE, MAE, MAPE: 0.66592, 0.66592, 0.81604, 0.32047, -56.12%
Test - Best epoch, Loss, MSE, RMSE, MAE, MAPE: 22, 0.49522, 0.49522, 0.70372, 0.29700, -52.16%
Time spent: 8.90s
- Epoch 023, ExpID 19761
Train - Loss (one batch): 0.53572
Val - Loss, MSE, RMSE, MAE, MAPE: 0.66927, 0.66927, 0.81809, 0.33509, -64.47%
Test - Best epoch, Loss, MSE, RMSE, MAE, MAPE: 22, 0.49522, 0.49522, 0.70372, 0.29700, -52.16%
Time spent: 7.51s
- Epoch 024, ExpID 19761
Train - Loss (one batch): 0.30686
Val - Loss, MSE, RMSE, MAE, MAPE: 0.67262, 0.67262, 0.82013, 0.33243, -61.25%
Test - Best epoch, Loss, MSE, RMSE, MAE, MAPE: 22, 0.49522, 0.49522, 0.70372, 0.29700, -52.16%
Time spent: 7.51s
- Epoch 025, ExpID 19761
Train - Loss (one batch): 0.48703
Val - Loss, MSE, RMSE, MAE, MAPE: 0.66910, 0.66910, 0.81798, 0.32116, -44.48%
Test - Best epoch, Loss, MSE, RMSE, MAE, MAPE: 22, 0.49522, 0.49522, 0.70372, 0.29700, -52.16%
Time spent: 7.50s
- Epoch 026, ExpID 19761
Train - Loss (one batch): 0.42522
Val - Loss, MSE, RMSE, MAE, MAPE: 0.68237, 0.68237, 0.82606, 0.31930, -49.41%
Test - Best epoch, Loss, MSE, RMSE, MAE, MAPE: 22, 0.49522, 0.49522, 0.70372, 0.29700, -52.16%
Time spent: 7.50s
- Epoch 027, ExpID 19761
Train - Loss (one batch): 0.37815
Val - Loss, MSE, RMSE, MAE, MAPE: 0.67405, 0.67405, 0.82100, 0.32945, -56.97%
Test - Best epoch, Loss, MSE, RMSE, MAE, MAPE: 22, 0.49522, 0.49522, 0.70372, 0.29700, -52.16%
Time spent: 7.51s
- Epoch 028, ExpID 19761
Train - Loss (one batch): 0.36488
Val - Loss, MSE, RMSE, MAE, MAPE: 0.65986, 0.65986, 0.81232, 0.32433, -52.79%
Test - Best epoch, Loss, MSE, RMSE, MAE, MAPE: 28, 0.49816, 0.49816, 0.70581, 0.30196, -49.26%
Time spent: 8.91s
- Epoch 029, ExpID 19761
Train - Loss (one batch): 0.60569
Val - Loss, MSE, RMSE, MAE, MAPE: 0.69245, 0.69245, 0.83213, 0.32946, -60.81%
Test - Best epoch, Loss, MSE, RMSE, MAE, MAPE: 28, 0.49816, 0.49816, 0.70581, 0.30196, -49.26%
Time spent: 7.51s
- Epoch 030, ExpID 19761
Train - Loss (one batch): 0.35803
Val - Loss, MSE, RMSE, MAE, MAPE: 0.69358, 0.69358, 0.83281, 0.32877, -58.37%
Test - Best epoch, Loss, MSE, RMSE, MAE, MAPE: 28, 0.49816, 0.49816, 0.70581, 0.30196, -49.26%
Time spent: 7.50s
- Epoch 031, ExpID 19761
Train - Loss (one batch): 0.55022
Val - Loss, MSE, RMSE, MAE, MAPE: 0.68568, 0.68568, 0.82806, 0.32008, -49.22%
Test - Best epoch, Loss, MSE, RMSE, MAE, MAPE: 28, 0.49816, 0.49816, 0.70581, 0.30196, -49.26%
Time spent: 7.51s
- Epoch 032, ExpID 19761
Train - Loss (one batch): 0.28280
Val - Loss, MSE, RMSE, MAE, MAPE: 0.66664, 0.66664, 0.81648, 0.32054, -53.49%
Test - Best epoch, Loss, MSE, RMSE, MAE, MAPE: 28, 0.49816, 0.49816, 0.70581, 0.30196, -49.26%
Time spent: 7.50s
- Epoch 033, ExpID 19761
Train - Loss (one batch): 0.26442
Val - Loss, MSE, RMSE, MAE, MAPE: 0.69337, 0.69337, 0.83269, 0.32851, -54.59%
Test - Best epoch, Loss, MSE, RMSE, MAE, MAPE: 28, 0.49816, 0.49816, 0.70581, 0.30196, -49.26%
Time spent: 7.51s
- Epoch 034, ExpID 19761
Train - Loss (one batch): 0.32939
Val - Loss, MSE, RMSE, MAE, MAPE: 0.70472, 0.70472, 0.83948, 0.33304, -64.12%
Test - Best epoch, Loss, MSE, RMSE, MAE, MAPE: 28, 0.49816, 0.49816, 0.70581, 0.30196, -49.26%
Time spent: 7.50s
- Epoch 035, ExpID 19761
Train - Loss (one batch): 0.35616
Val - Loss, MSE, RMSE, MAE, MAPE: 0.69698, 0.69698, 0.83485, 0.33270, -62.96%
Test - Best epoch, Loss, MSE, RMSE, MAE, MAPE: 28, 0.49816, 0.49816, 0.70581, 0.30196, -49.26%
Time spent: 7.51s
- Epoch 036, ExpID 19761
Train - Loss (one batch): 0.33622
Val - Loss, MSE, RMSE, MAE, MAPE: 0.70237, 0.70237, 0.83808, 0.32121, -50.94%
Test - Best epoch, Loss, MSE, RMSE, MAE, MAPE: 28, 0.49816, 0.49816, 0.70581, 0.30196, -49.26%
Time spent: 7.50s
- Epoch 037, ExpID 19761
Train - Loss (one batch): 1.00731
Val - Loss, MSE, RMSE, MAE, MAPE: 0.67992, 0.67992, 0.82457, 0.33026, -60.52%
Test - Best epoch, Loss, MSE, RMSE, MAE, MAPE: 28, 0.49816, 0.49816, 0.70581, 0.30196, -49.26%
Time spent: 7.51s
- Epoch 038, ExpID 19761
Train - Loss (one batch): 0.41322
Val - Loss, MSE, RMSE, MAE, MAPE: 0.69690, 0.69690, 0.83481, 0.32537, -55.93%
Test - Best epoch, Loss, MSE, RMSE, MAE, MAPE: 28, 0.49816, 0.49816, 0.70581, 0.30196, -49.26%
Time spent: 7.50s
- Epoch 039, ExpID 19761
Train - Loss (one batch): 0.37798
Val - Loss, MSE, RMSE, MAE, MAPE: 0.71269, 0.71269, 0.84421, 0.31776, -53.90%
Test - Best epoch, Loss, MSE, RMSE, MAE, MAPE: 28, 0.49816, 0.49816, 0.70581, 0.30196, -49.26%
Time spent: 7.50s
- Epoch 040, ExpID 19761
Train - Loss (one batch): 0.53540
Val - Loss, MSE, RMSE, MAE, MAPE: 0.68519, 0.68519, 0.82776, 0.32715, -54.68%
Test - Best epoch, Loss, MSE, RMSE, MAE, MAPE: 28, 0.49816, 0.49816, 0.70581, 0.30196, -49.26%
Time spent: 7.51s
- Epoch 041, ExpID 19761
Train - Loss (one batch): 0.53202
Val - Loss, MSE, RMSE, MAE, MAPE: 0.68218, 0.68218, 0.82594, 0.32931, -59.10%
Test - Best epoch, Loss, MSE, RMSE, MAE, MAPE: 28, 0.49816, 0.49816, 0.70581, 0.30196, -49.26%
Time spent: 7.50s
- Epoch 042, ExpID 19761
Train - Loss (one batch): 0.42177
Val - Loss, MSE, RMSE, MAE, MAPE: 0.70047, 0.70047, 0.83694, 0.31657, -52.81%
Test - Best epoch, Loss, MSE, RMSE, MAE, MAPE: 28, 0.49816, 0.49816, 0.70581, 0.30196, -49.26%
Time spent: 7.50s
- Epoch 043, ExpID 19761
Train - Loss (one batch): 0.33647
Val - Loss, MSE, RMSE, MAE, MAPE: 0.70584, 0.70584, 0.84014, 0.32744, -52.28%
Test - Best epoch, Loss, MSE, RMSE, MAE, MAPE: 28, 0.49816, 0.49816, 0.70581, 0.30196, -49.26%
Time spent: 7.52s
- Epoch 044, ExpID 19761
Train - Loss (one batch): 0.49807
Val - Loss, MSE, RMSE, MAE, MAPE: 0.71500, 0.71500, 0.84558, 0.32217, -50.82%
Test - Best epoch, Loss, MSE, RMSE, MAE, MAPE: 28, 0.49816, 0.49816, 0.70581, 0.30196, -49.26%
Time spent: 7.51s
- Epoch 045, ExpID 19761
Train - Loss (one batch): 0.49407
Val - Loss, MSE, RMSE, MAE, MAPE: 0.71797, 0.71797, 0.84733, 0.32357, -57.57%
Test - Best epoch, Loss, MSE, RMSE, MAE, MAPE: 28, 0.49816, 0.49816, 0.70581, 0.30196, -49.26%
Time spent: 7.51s
- Epoch 046, ExpID 19761
Train - Loss (one batch): 0.33523
Val - Loss, MSE, RMSE, MAE, MAPE: 0.71470, 0.71470, 0.84540, 0.31880, -55.42%
Test - Best epoch, Loss, MSE, RMSE, MAE, MAPE: 28, 0.49816, 0.49816, 0.70581, 0.30196, -49.26%
Time spent: 7.51s
- Epoch 047, ExpID 19761
Train - Loss (one batch): 0.77628
Val - Loss, MSE, RMSE, MAE, MAPE: 0.72485, 0.72485, 0.85138, 0.32664, -56.56%
Test - Best epoch, Loss, MSE, RMSE, MAE, MAPE: 28, 0.49816, 0.49816, 0.70581, 0.30196, -49.26%
Time spent: 7.51s
- Epoch 048, ExpID 19761
Train - Loss (one batch): 0.29300
Val - Loss, MSE, RMSE, MAE, MAPE: 0.70225, 0.70225, 0.83800, 0.32646, -56.75%
Test - Best epoch, Loss, MSE, RMSE, MAE, MAPE: 28, 0.49816, 0.49816, 0.70581, 0.30196, -49.26%
Time spent: 7.50s
/home/ouass/Test/MSP-IMTS/tPatchGNN/run_models.py
2026-03-18 08:56:19
run_models.py --dataset ushcn --state def --history 24 --batch_size 192 --lr 1e-3 --patience 20 --epoch 400 --nhead 1 --tf_layer 1 --nlayer 1 --te_dim 10 --node_dim 10 --hid_dim 32 --outlayer Linear --seed 2 --gpu 0 --multi_scales 2,6,12 --multi_strides 2,6,12 --metric per_dim --fusion gated_feat_wconcat
Namespace(multi_scales='2,6,12', multi_strides='2,6,12', fusion='gated_feat_wconcat', state='def', n=100000000, hop=1, nhead=1, tf_layer=1, nlayer=1, epoch=400, patience=20, history=24, patch_size=24, stride=24, logmode='a', lr=0.001, w_decay=0.0, batch_size=192, save='experiments/', load=None, seed=2, dataset='ushcn', quantization=0.0, model='tPatchGNN', outlayer='Linear', hid_dim=32, te_dim=10, node_dim=10, gpu='0', metric='per_dim', npatch=1, device=device(type='cuda'), PID=4137170, n_months=48, pred_window=1, ndim=5)
- Epoch 000, ExpID 7600
Train - Loss (one batch): 0.65065
Val - Loss, MSE, RMSE, MAE, MAPE: 0.84018, 0.84018, 0.91661, 0.39292, -87.88%
Test - Best epoch, Loss, MSE, RMSE, MAE, MAPE: 0, 0.53871, 0.53871, 0.73397, 0.36747, -83.82%
Time spent: 9.00s
- Epoch 001, ExpID 7600
Train - Loss (one batch): 0.35220
Val - Loss, MSE, RMSE, MAE, MAPE: 0.77982, 0.77982, 0.88307, 0.34707, -58.25%
Test - Best epoch, Loss, MSE, RMSE, MAE, MAPE: 1, 0.51461, 0.51461, 0.71737, 0.32163, -55.04%
Time spent: 8.91s
- Epoch 002, ExpID 7600
Train - Loss (one batch): 0.36480
Val - Loss, MSE, RMSE, MAE, MAPE: 0.74275, 0.74275, 0.86183, 0.35444, -68.19%
Test - Best epoch, Loss, MSE, RMSE, MAE, MAPE: 2, 0.51871, 0.51871, 0.72022, 0.32951, -64.75%
Time spent: 8.92s
- Epoch 003, ExpID 7600
Train - Loss (one batch): 0.54702
Val - Loss, MSE, RMSE, MAE, MAPE: 0.73456, 0.73456, 0.85707, 0.34894, -67.25%
Test - Best epoch, Loss, MSE, RMSE, MAE, MAPE: 3, 0.51011, 0.51011, 0.71422, 0.32449, -63.84%
Time spent: 8.93s
- Epoch 004, ExpID 7600
Train - Loss (one batch): 0.43028
Val - Loss, MSE, RMSE, MAE, MAPE: 0.72408, 0.72408, 0.85093, 0.33691, -52.63%
Test - Best epoch, Loss, MSE, RMSE, MAE, MAPE: 4, 0.51065, 0.51065, 0.71460, 0.31225, -49.84%
Time spent: 8.93s
- Epoch 005, ExpID 7600
Train - Loss (one batch): 0.34620
Val - Loss, MSE, RMSE, MAE, MAPE: 0.73884, 0.73884, 0.85956, 0.34029, -61.29%
Test - Best epoch, Loss, MSE, RMSE, MAE, MAPE: 4, 0.51065, 0.51065, 0.71460, 0.31225, -49.84%
Time spent: 7.54s
- Epoch 006, ExpID 7600
Train - Loss (one batch): 0.46353
Val - Loss, MSE, RMSE, MAE, MAPE: 0.72409, 0.72409, 0.85093, 0.35273, -69.31%
Test - Best epoch, Loss, MSE, RMSE, MAE, MAPE: 4, 0.51065, 0.51065, 0.71460, 0.31225, -49.84%
Time spent: 7.52s
- Epoch 007, ExpID 7600
Train - Loss (one batch): 0.52780
Val - Loss, MSE, RMSE, MAE, MAPE: 0.71565, 0.71565, 0.84596, 0.32876, -54.55%
Test - Best epoch, Loss, MSE, RMSE, MAE, MAPE: 7, 0.50366, 0.50366, 0.70969, 0.30478, -51.63%
Time spent: 8.91s
- Epoch 008, ExpID 7600
Train - Loss (one batch): 0.40101
Val - Loss, MSE, RMSE, MAE, MAPE: 0.70291, 0.70291, 0.83840, 0.33085, -51.56%
Test - Best epoch, Loss, MSE, RMSE, MAE, MAPE: 8, 0.50465, 0.50465, 0.71039, 0.30719, -49.66%
Time spent: 8.91s
- Epoch 009, ExpID 7600
Train - Loss (one batch): 0.51710
Val - Loss, MSE, RMSE, MAE, MAPE: 0.71065, 0.71065, 0.84300, 0.34552, -65.57%
Test - Best epoch, Loss, MSE, RMSE, MAE, MAPE: 8, 0.50465, 0.50465, 0.71039, 0.30719, -49.66%
Time spent: 7.52s
- Epoch 010, ExpID 7600
Train - Loss (one batch): 0.56965
Val - Loss, MSE, RMSE, MAE, MAPE: 0.70982, 0.70982, 0.84251, 0.33518, -61.49%
Test - Best epoch, Loss, MSE, RMSE, MAE, MAPE: 8, 0.50465, 0.50465, 0.71039, 0.30719, -49.66%
Time spent: 7.53s
- Epoch 011, ExpID 7600
Train - Loss (one batch): 0.45487
Val - Loss, MSE, RMSE, MAE, MAPE: 0.70281, 0.70281, 0.83834, 0.33974, -61.63%
Test - Best epoch, Loss, MSE, RMSE, MAE, MAPE: 11, 0.50367, 0.50367, 0.70970, 0.31696, -59.68%
Time spent: 8.93s
- Epoch 012, ExpID 7600
Train - Loss (one batch): 0.86698
Val - Loss, MSE, RMSE, MAE, MAPE: 0.67861, 0.67861, 0.82378, 0.33907, -62.42%
Test - Best epoch, Loss, MSE, RMSE, MAE, MAPE: 12, 0.50128, 0.50128, 0.70801, 0.31502, -59.08%
Time spent: 8.92s
- Epoch 013, ExpID 7600
Train - Loss (one batch): 0.50827
Val - Loss, MSE, RMSE, MAE, MAPE: 0.69918, 0.69918, 0.83617, 0.33345, -57.67%
Test - Best epoch, Loss, MSE, RMSE, MAE, MAPE: 12, 0.50128, 0.50128, 0.70801, 0.31502, -59.08%
Time spent: 7.53s
- Epoch 014, ExpID 7600
Train - Loss (one batch): 0.29714
Val - Loss, MSE, RMSE, MAE, MAPE: 0.71555, 0.71555, 0.84590, 0.33291, -58.72%
Test - Best epoch, Loss, MSE, RMSE, MAE, MAPE: 12, 0.50128, 0.50128, 0.70801, 0.31502, -59.08%
Time spent: 7.53s
- Epoch 015, ExpID 7600
Train - Loss (one batch): 0.63037
Val - Loss, MSE, RMSE, MAE, MAPE: 0.69980, 0.69980, 0.83654, 0.32793, -52.71%
Test - Best epoch, Loss, MSE, RMSE, MAE, MAPE: 12, 0.50128, 0.50128, 0.70801, 0.31502, -59.08%
Time spent: 7.53s
- Epoch 016, ExpID 7600
Train - Loss (one batch): 0.28699
Val - Loss, MSE, RMSE, MAE, MAPE: 0.70376, 0.70376, 0.83891, 0.32052, -49.39%
Test - Best epoch, Loss, MSE, RMSE, MAE, MAPE: 12, 0.50128, 0.50128, 0.70801, 0.31502, -59.08%
Time spent: 7.53s
- Epoch 017, ExpID 7600
Train - Loss (one batch): 0.37878
Val - Loss, MSE, RMSE, MAE, MAPE: 0.73681, 0.73681, 0.85837, 0.32222, -49.37%
Test - Best epoch, Loss, MSE, RMSE, MAE, MAPE: 12, 0.50128, 0.50128, 0.70801, 0.31502, -59.08%
Time spent: 7.52s
- Epoch 018, ExpID 7600
Train - Loss (one batch): 0.56476
Val - Loss, MSE, RMSE, MAE, MAPE: 0.71039, 0.71039, 0.84285, 0.33464, -60.47%
Test - Best epoch, Loss, MSE, RMSE, MAE, MAPE: 12, 0.50128, 0.50128, 0.70801, 0.31502, -59.08%
Time spent: 7.53s
- Epoch 019, ExpID 7600
Train - Loss (one batch): 0.73615
Val - Loss, MSE, RMSE, MAE, MAPE: 0.70468, 0.70468, 0.83945, 0.33795, -67.24%
Test - Best epoch, Loss, MSE, RMSE, MAE, MAPE: 12, 0.50128, 0.50128, 0.70801, 0.31502, -59.08%
Time spent: 7.52s
- Epoch 020, ExpID 7600
Train - Loss (one batch): 0.42381
Val - Loss, MSE, RMSE, MAE, MAPE: 0.76798, 0.76798, 0.87634, 0.33456, -61.40%
Test - Best epoch, Loss, MSE, RMSE, MAE, MAPE: 12, 0.50128, 0.50128, 0.70801, 0.31502, -59.08%
Time spent: 7.52s
- Epoch 021, ExpID 7600
Train - Loss (one batch): 0.39273
Val - Loss, MSE, RMSE, MAE, MAPE: 0.68832, 0.68832, 0.82965, 0.33497, -59.69%
Test - Best epoch, Loss, MSE, RMSE, MAE, MAPE: 12, 0.50128, 0.50128, 0.70801, 0.31502, -59.08%
Time spent: 7.53s
- Epoch 022, ExpID 7600
Train - Loss (one batch): 0.42342
Val - Loss, MSE, RMSE, MAE, MAPE: 0.69300, 0.69300, 0.83247, 0.32059, -48.70%
Test - Best epoch, Loss, MSE, RMSE, MAE, MAPE: 12, 0.50128, 0.50128, 0.70801, 0.31502, -59.08%
Time spent: 7.52s
- Epoch 023, ExpID 7600
Train - Loss (one batch): 1.31807
Val - Loss, MSE, RMSE, MAE, MAPE: 0.69382, 0.69382, 0.83296, 0.34044, -66.96%
Test - Best epoch, Loss, MSE, RMSE, MAE, MAPE: 12, 0.50128, 0.50128, 0.70801, 0.31502, -59.08%
Time spent: 7.52s
- Epoch 024, ExpID 7600
Train - Loss (one batch): 0.43443
Val - Loss, MSE, RMSE, MAE, MAPE: 0.70289, 0.70289, 0.83839, 0.32765, -50.59%
Test - Best epoch, Loss, MSE, RMSE, MAE, MAPE: 12, 0.50128, 0.50128, 0.70801, 0.31502, -59.08%
Time spent: 7.53s
- Epoch 025, ExpID 7600
Train - Loss (one batch): 0.35412
Val - Loss, MSE, RMSE, MAE, MAPE: 0.67969, 0.67969, 0.82443, 0.33257, -61.12%
Test - Best epoch, Loss, MSE, RMSE, MAE, MAPE: 12, 0.50128, 0.50128, 0.70801, 0.31502, -59.08%
Time spent: 7.53s
- Epoch 026, ExpID 7600
Train - Loss (one batch): 0.36152
Val - Loss, MSE, RMSE, MAE, MAPE: 0.66911, 0.66911, 0.81799, 0.31387, -48.01%
Test - Best epoch, Loss, MSE, RMSE, MAE, MAPE: 26, 0.50389, 0.50389, 0.70985, 0.29208, -45.29%
Time spent: 8.92s
- Epoch 027, ExpID 7600
Train - Loss (one batch): 0.47029
Val - Loss, MSE, RMSE, MAE, MAPE: 0.69405, 0.69405, 0.83309, 0.32558, -56.05%
Test - Best epoch, Loss, MSE, RMSE, MAE, MAPE: 26, 0.50389, 0.50389, 0.70985, 0.29208, -45.29%
Time spent: 7.52s
- Epoch 028, ExpID 7600
Train - Loss (one batch): 0.58354
Val - Loss, MSE, RMSE, MAE, MAPE: 0.71160, 0.71160, 0.84357, 0.32756, -51.92%
Test - Best epoch, Loss, MSE, RMSE, MAE, MAPE: 26, 0.50389, 0.50389, 0.70985, 0.29208, -45.29%
Time spent: 7.53s
- Epoch 029, ExpID 7600
Train - Loss (one batch): 1.30699
Val - Loss, MSE, RMSE, MAE, MAPE: 0.69642, 0.69642, 0.83452, 0.32676, -59.34%
Test - Best epoch, Loss, MSE, RMSE, MAE, MAPE: 26, 0.50389, 0.50389, 0.70985, 0.29208, -45.29%
Time spent: 7.53s
- Epoch 030, ExpID 7600
Train - Loss (one batch): 0.25886
Val - Loss, MSE, RMSE, MAE, MAPE: 0.69725, 0.69725, 0.83501, 0.33131, -58.87%
Test - Best epoch, Loss, MSE, RMSE, MAE, MAPE: 26, 0.50389, 0.50389, 0.70985, 0.29208, -45.29%
Time spent: 7.53s
- Epoch 031, ExpID 7600
Train - Loss (one batch): 0.59830
Val - Loss, MSE, RMSE, MAE, MAPE: 0.66714, 0.66714, 0.81679, 0.32924, -60.50%
Test - Best epoch, Loss, MSE, RMSE, MAE, MAPE: 31, 0.50614, 0.50614, 0.71143, 0.30768, -57.66%
Time spent: 8.92s
- Epoch 032, ExpID 7600
Train - Loss (one batch): 0.34017
Val - Loss, MSE, RMSE, MAE, MAPE: 0.71919, 0.71919, 0.84805, 0.32373, -49.76%
Test - Best epoch, Loss, MSE, RMSE, MAE, MAPE: 31, 0.50614, 0.50614, 0.71143, 0.30768, -57.66%
Time spent: 7.52s
- Epoch 033, ExpID 7600
Train - Loss (one batch): 0.44880
Val - Loss, MSE, RMSE, MAE, MAPE: 0.71968, 0.71968, 0.84834, 0.34839, -71.33%
Test - Best epoch, Loss, MSE, RMSE, MAE, MAPE: 31, 0.50614, 0.50614, 0.71143, 0.30768, -57.66%
Time spent: 7.53s
- Epoch 034, ExpID 7600
Train - Loss (one batch): 0.59748
Val - Loss, MSE, RMSE, MAE, MAPE: 0.68774, 0.68774, 0.82930, 0.32685, -55.95%
Test - Best epoch, Loss, MSE, RMSE, MAE, MAPE: 31, 0.50614, 0.50614, 0.71143, 0.30768, -57.66%
Time spent: 7.53s
- Epoch 035, ExpID 7600
Train - Loss (one batch): 0.51096
Val - Loss, MSE, RMSE, MAE, MAPE: 0.72015, 0.72015, 0.84862, 0.32731, -54.76%
Test - Best epoch, Loss, MSE, RMSE, MAE, MAPE: 31, 0.50614, 0.50614, 0.71143, 0.30768, -57.66%
Time spent: 7.53s
- Epoch 036, ExpID 7600
Train - Loss (one batch): 0.33066
Val - Loss, MSE, RMSE, MAE, MAPE: 0.69226, 0.69226, 0.83202, 0.33007, -56.82%
Test - Best epoch, Loss, MSE, RMSE, MAE, MAPE: 31, 0.50614, 0.50614, 0.71143, 0.30768, -57.66%
Time spent: 7.53s
- Epoch 037, ExpID 7600
Train - Loss (one batch): 0.37890
Val - Loss, MSE, RMSE, MAE, MAPE: 0.71022, 0.71022, 0.84275, 0.33351, -61.10%
Test - Best epoch, Loss, MSE, RMSE, MAE, MAPE: 31, 0.50614, 0.50614, 0.71143, 0.30768, -57.66%
Time spent: 7.52s
- Epoch 038, ExpID 7600
Train - Loss (one batch): 0.42427
Val - Loss, MSE, RMSE, MAE, MAPE: 0.73984, 0.73984, 0.86014, 0.32523, -52.98%
Test - Best epoch, Loss, MSE, RMSE, MAE, MAPE: 31, 0.50614, 0.50614, 0.71143, 0.30768, -57.66%
Time spent: 7.52s
- Epoch 039, ExpID 7600
Train - Loss (one batch): 0.33300
Val - Loss, MSE, RMSE, MAE, MAPE: 0.72829, 0.72829, 0.85340, 0.32690, -52.67%
Test - Best epoch, Loss, MSE, RMSE, MAE, MAPE: 31, 0.50614, 0.50614, 0.71143, 0.30768, -57.66%
Time spent: 7.53s
- Epoch 040, ExpID 7600
Train - Loss (one batch): 0.18568
Val - Loss, MSE, RMSE, MAE, MAPE: 0.74391, 0.74391, 0.86250, 0.33412, -61.14%
Test - Best epoch, Loss, MSE, RMSE, MAE, MAPE: 31, 0.50614, 0.50614, 0.71143, 0.30768, -57.66%
Time spent: 7.53s
- Epoch 041, ExpID 7600
Train - Loss (one batch): 0.23910
Val - Loss, MSE, RMSE, MAE, MAPE: 0.69009, 0.69009, 0.83072, 0.33192, -66.79%
Test - Best epoch, Loss, MSE, RMSE, MAE, MAPE: 31, 0.50614, 0.50614, 0.71143, 0.30768, -57.66%
Time spent: 7.53s
- Epoch 042, ExpID 7600
Train - Loss (one batch): 0.94635
Val - Loss, MSE, RMSE, MAE, MAPE: 0.71570, 0.71570, 0.84599, 0.33683, -62.09%
Test - Best epoch, Loss, MSE, RMSE, MAE, MAPE: 31, 0.50614, 0.50614, 0.71143, 0.30768, -57.66%
Time spent: 7.53s
- Epoch 043, ExpID 7600
Train - Loss (one batch): 0.49420
Val - Loss, MSE, RMSE, MAE, MAPE: 0.73588, 0.73588, 0.85783, 0.34361, -67.03%
Test - Best epoch, Loss, MSE, RMSE, MAE, MAPE: 31, 0.50614, 0.50614, 0.71143, 0.30768, -57.66%
Time spent: 7.53s
- Epoch 044, ExpID 7600
Train - Loss (one batch): 0.76547
Val - Loss, MSE, RMSE, MAE, MAPE: 0.72552, 0.72552, 0.85177, 0.32388, -50.19%
Test - Best epoch, Loss, MSE, RMSE, MAE, MAPE: 31, 0.50614, 0.50614, 0.71143, 0.30768, -57.66%
Time spent: 7.53s
- Epoch 045, ExpID 7600
Train - Loss (one batch): 0.35681
Val - Loss, MSE, RMSE, MAE, MAPE: 0.72513, 0.72513, 0.85155, 0.32729, -55.42%
Test - Best epoch, Loss, MSE, RMSE, MAE, MAPE: 31, 0.50614, 0.50614, 0.71143, 0.30768, -57.66%
Time spent: 7.53s
- Epoch 046, ExpID 7600
Train - Loss (one batch): 0.55274
Val - Loss, MSE, RMSE, MAE, MAPE: 0.72482, 0.72482, 0.85136, 0.31686, -47.70%
Test - Best epoch, Loss, MSE, RMSE, MAE, MAPE: 31, 0.50614, 0.50614, 0.71143, 0.30768, -57.66%
Time spent: 7.53s
- Epoch 047, ExpID 7600
Train - Loss (one batch): 0.29677
Val - Loss, MSE, RMSE, MAE, MAPE: 0.71020, 0.71020, 0.84273, 0.33559, -64.78%
Test - Best epoch, Loss, MSE, RMSE, MAE, MAPE: 31, 0.50614, 0.50614, 0.71143, 0.30768, -57.66%
Time spent: 7.54s
- Epoch 048, ExpID 7600
Train - Loss (one batch): 0.33578
Val - Loss, MSE, RMSE, MAE, MAPE: 0.73089, 0.73089, 0.85492, 0.32981, -60.03%
Test - Best epoch, Loss, MSE, RMSE, MAE, MAPE: 31, 0.50614, 0.50614, 0.71143, 0.30768, -57.66%
Time spent: 7.54s
- Epoch 049, ExpID 7600
Train - Loss (one batch): 0.44403
Val - Loss, MSE, RMSE, MAE, MAPE: 0.70558, 0.70558, 0.83999, 0.33994, -64.53%
Test - Best epoch, Loss, MSE, RMSE, MAE, MAPE: 31, 0.50614, 0.50614, 0.71143, 0.30768, -57.66%
Time spent: 7.54s
- Epoch 050, ExpID 7600
Train - Loss (one batch): 0.34277
Val - Loss, MSE, RMSE, MAE, MAPE: 0.72156, 0.72156, 0.84945, 0.32355, -53.15%
Test - Best epoch, Loss, MSE, RMSE, MAE, MAPE: 31, 0.50614, 0.50614, 0.71143, 0.30768, -57.66%
Time spent: 7.54s
- Epoch 051, ExpID 7600
Train - Loss (one batch): 0.46025
Val - Loss, MSE, RMSE, MAE, MAPE: 0.72822, 0.72822, 0.85336, 0.33500, -66.64%
Test - Best epoch, Loss, MSE, RMSE, MAE, MAPE: 31, 0.50614, 0.50614, 0.71143, 0.30768, -57.66%
Time spent: 7.53s
/home/ouass/Test/MSP-IMTS/tPatchGNN/run_models.py
2026-03-18 09:03:57
run_models.py --dataset ushcn --state def --history 24 --batch_size 192 --lr 1e-3 --patience 20 --epoch 400 --nhead 1 --tf_layer 1 --nlayer 1 --te_dim 10 --node_dim 10 --hid_dim 32 --outlayer Linear --seed 3 --gpu 0 --multi_scales 2,6,12 --multi_strides 2,6,12 --metric per_dim --fusion gated_feat_wconcat
Namespace(multi_scales='2,6,12', multi_strides='2,6,12', fusion='gated_feat_wconcat', state='def', n=100000000, hop=1, nhead=1, tf_layer=1, nlayer=1, epoch=400, patience=20, history=24, patch_size=24, stride=24, logmode='a', lr=0.001, w_decay=0.0, batch_size=192, save='experiments/', load=None, seed=3, dataset='ushcn', quantization=0.0, model='tPatchGNN', outlayer='Linear', hid_dim=32, te_dim=10, node_dim=10, gpu='0', metric='per_dim', npatch=1, device=device(type='cuda'), PID=4148467, n_months=48, pred_window=1, ndim=5)
- Epoch 000, ExpID 4641
Train - Loss (one batch): 0.48374
Val - Loss, MSE, RMSE, MAE, MAPE: 0.79764, 0.79764, 0.89310, 0.34889, -65.07%
Test - Best epoch, Loss, MSE, RMSE, MAE, MAPE: 0, 0.51881, 0.51881, 0.72029, 0.32296, -61.28%
Time spent: 8.98s
- Epoch 001, ExpID 4641
Train - Loss (one batch): 0.34543
Val - Loss, MSE, RMSE, MAE, MAPE: 0.77294, 0.77294, 0.87917, 0.36967, -76.67%
Test - Best epoch, Loss, MSE, RMSE, MAE, MAPE: 1, 0.52280, 0.52280, 0.72305, 0.34518, -73.06%
Time spent: 8.91s
- Epoch 002, ExpID 4641
Train - Loss (one batch): 0.53885
Val - Loss, MSE, RMSE, MAE, MAPE: 0.73234, 0.73234, 0.85577, 0.34658, -59.99%
Test - Best epoch, Loss, MSE, RMSE, MAE, MAPE: 2, 0.52165, 0.52165, 0.72225, 0.32261, -56.34%
Time spent: 8.92s
- Epoch 003, ExpID 4641
Train - Loss (one batch): 0.29250
Val - Loss, MSE, RMSE, MAE, MAPE: 0.73957, 0.73957, 0.85998, 0.34119, -59.92%
Test - Best epoch, Loss, MSE, RMSE, MAE, MAPE: 2, 0.52165, 0.52165, 0.72225, 0.32261, -56.34%
Time spent: 7.52s
- Epoch 004, ExpID 4641
Train - Loss (one batch): 0.43285
Val - Loss, MSE, RMSE, MAE, MAPE: 0.73494, 0.73494, 0.85729, 0.37266, -82.47%
Test - Best epoch, Loss, MSE, RMSE, MAE, MAPE: 2, 0.52165, 0.52165, 0.72225, 0.32261, -56.34%
Time spent: 7.52s
- Epoch 005, ExpID 4641
Train - Loss (one batch): 0.35311
Val - Loss, MSE, RMSE, MAE, MAPE: 0.72871, 0.72871, 0.85364, 0.33901, -56.59%
Test - Best epoch, Loss, MSE, RMSE, MAE, MAPE: 5, 0.50450, 0.50450, 0.71028, 0.31420, -53.34%
Time spent: 8.90s
- Epoch 006, ExpID 4641
Train - Loss (one batch): 0.64188
Val - Loss, MSE, RMSE, MAE, MAPE: 0.71496, 0.71496, 0.84555, 0.36765, -78.06%
Test - Best epoch, Loss, MSE, RMSE, MAE, MAPE: 6, 0.51777, 0.51777, 0.71957, 0.34546, -75.77%
Time spent: 8.91s
- Epoch 007, ExpID 4641
Train - Loss (one batch): 0.26269
Val - Loss, MSE, RMSE, MAE, MAPE: 0.70741, 0.70741, 0.84108, 0.34511, -62.28%
Test - Best epoch, Loss, MSE, RMSE, MAE, MAPE: 7, 0.51114, 0.51114, 0.71494, 0.32285, -60.63%
Time spent: 8.91s
- Epoch 008, ExpID 4641
Train - Loss (one batch): 1.58146
Val - Loss, MSE, RMSE, MAE, MAPE: 0.72956, 0.72956, 0.85414, 0.36721, -80.32%
Test - Best epoch, Loss, MSE, RMSE, MAE, MAPE: 7, 0.51114, 0.51114, 0.71494, 0.32285, -60.63%
Time spent: 7.51s
- Epoch 009, ExpID 4641
Train - Loss (one batch): 0.26847
Val - Loss, MSE, RMSE, MAE, MAPE: 0.72541, 0.72541, 0.85171, 0.33898, -58.83%
Test - Best epoch, Loss, MSE, RMSE, MAE, MAPE: 7, 0.51114, 0.51114, 0.71494, 0.32285, -60.63%
Time spent: 7.51s
- Epoch 010, ExpID 4641
Train - Loss (one batch): 0.46797
Val - Loss, MSE, RMSE, MAE, MAPE: 0.70875, 0.70875, 0.84187, 0.33194, -55.95%
Test - Best epoch, Loss, MSE, RMSE, MAE, MAPE: 7, 0.51114, 0.51114, 0.71494, 0.32285, -60.63%
Time spent: 7.52s
- Epoch 011, ExpID 4641
Train - Loss (one batch): 0.61509
Val - Loss, MSE, RMSE, MAE, MAPE: 0.69913, 0.69913, 0.83614, 0.34171, -65.28%
Test - Best epoch, Loss, MSE, RMSE, MAE, MAPE: 11, 0.50500, 0.50500, 0.71063, 0.31781, -61.73%
Time spent: 8.91s
- Epoch 012, ExpID 4641
Train - Loss (one batch): 0.39595
Val - Loss, MSE, RMSE, MAE, MAPE: 0.74008, 0.74008, 0.86028, 0.34076, -59.77%
Test - Best epoch, Loss, MSE, RMSE, MAE, MAPE: 11, 0.50500, 0.50500, 0.71063, 0.31781, -61.73%
Time spent: 7.51s
- Epoch 013, ExpID 4641
Train - Loss (one batch): 0.70850
Val - Loss, MSE, RMSE, MAE, MAPE: 0.70080, 0.70080, 0.83714, 0.33120, -57.92%
Test - Best epoch, Loss, MSE, RMSE, MAE, MAPE: 11, 0.50500, 0.50500, 0.71063, 0.31781, -61.73%
Time spent: 7.52s
- Epoch 014, ExpID 4641
Train - Loss (one batch): 0.34604
Val - Loss, MSE, RMSE, MAE, MAPE: 0.68494, 0.68494, 0.82761, 0.33714, -61.32%
Test - Best epoch, Loss, MSE, RMSE, MAE, MAPE: 14, 0.50438, 0.50438, 0.71020, 0.31439, -59.14%
Time spent: 8.91s
- Epoch 015, ExpID 4641
Train - Loss (one batch): 0.44503
Val - Loss, MSE, RMSE, MAE, MAPE: 0.68655, 0.68655, 0.82858, 0.32762, -46.60%
Test - Best epoch, Loss, MSE, RMSE, MAE, MAPE: 14, 0.50438, 0.50438, 0.71020, 0.31439, -59.14%
Time spent: 7.51s
- Epoch 016, ExpID 4641
Train - Loss (one batch): 0.50584
Val - Loss, MSE, RMSE, MAE, MAPE: 0.68494, 0.68494, 0.82761, 0.34146, -67.10%
Test - Best epoch, Loss, MSE, RMSE, MAE, MAPE: 14, 0.50438, 0.50438, 0.71020, 0.31439, -59.14%
Time spent: 7.51s
- Epoch 017, ExpID 4641
Train - Loss (one batch): 0.44915
Val - Loss, MSE, RMSE, MAE, MAPE: 0.70707, 0.70707, 0.84088, 0.33057, -55.33%
Test - Best epoch, Loss, MSE, RMSE, MAE, MAPE: 14, 0.50438, 0.50438, 0.71020, 0.31439, -59.14%
Time spent: 7.52s
- Epoch 018, ExpID 4641
Train - Loss (one batch): 0.38669
Val - Loss, MSE, RMSE, MAE, MAPE: 0.69920, 0.69920, 0.83618, 0.33770, -63.17%
Test - Best epoch, Loss, MSE, RMSE, MAE, MAPE: 14, 0.50438, 0.50438, 0.71020, 0.31439, -59.14%
Time spent: 7.52s
- Epoch 019, ExpID 4641
Train - Loss (one batch): 0.39153
Val - Loss, MSE, RMSE, MAE, MAPE: 0.67735, 0.67735, 0.82301, 0.32921, -59.58%
Test - Best epoch, Loss, MSE, RMSE, MAE, MAPE: 19, 0.49922, 0.49922, 0.70656, 0.30508, -54.73%
Time spent: 8.91s
- Epoch 020, ExpID 4641
Train - Loss (one batch): 0.25684
Val - Loss, MSE, RMSE, MAE, MAPE: 0.70307, 0.70307, 0.83849, 0.33492, -63.78%
Test - Best epoch, Loss, MSE, RMSE, MAE, MAPE: 19, 0.49922, 0.49922, 0.70656, 0.30508, -54.73%
Time spent: 7.51s
- Epoch 021, ExpID 4641
Train - Loss (one batch): 0.44081
Val - Loss, MSE, RMSE, MAE, MAPE: 0.69480, 0.69480, 0.83355, 0.33071, -59.23%
Test - Best epoch, Loss, MSE, RMSE, MAE, MAPE: 19, 0.49922, 0.49922, 0.70656, 0.30508, -54.73%
Time spent: 7.51s
- Epoch 022, ExpID 4641
Train - Loss (one batch): 0.37868
Val - Loss, MSE, RMSE, MAE, MAPE: 0.69525, 0.69525, 0.83382, 0.34484, -65.50%
Test - Best epoch, Loss, MSE, RMSE, MAE, MAPE: 19, 0.49922, 0.49922, 0.70656, 0.30508, -54.73%
Time spent: 7.51s
- Epoch 023, ExpID 4641
Train - Loss (one batch): 0.56377
Val - Loss, MSE, RMSE, MAE, MAPE: 0.68840, 0.68840, 0.82970, 0.33342, -59.79%
Test - Best epoch, Loss, MSE, RMSE, MAE, MAPE: 19, 0.49922, 0.49922, 0.70656, 0.30508, -54.73%
Time spent: 7.51s
- Epoch 024, ExpID 4641
Train - Loss (one batch): 0.33576
Val - Loss, MSE, RMSE, MAE, MAPE: 0.70374, 0.70374, 0.83889, 0.33045, -56.63%
Test - Best epoch, Loss, MSE, RMSE, MAE, MAPE: 19, 0.49922, 0.49922, 0.70656, 0.30508, -54.73%
Time spent: 7.52s
- Epoch 025, ExpID 4641
Train - Loss (one batch): 0.41185
Val - Loss, MSE, RMSE, MAE, MAPE: 0.71101, 0.71101, 0.84321, 0.33287, -58.44%
Test - Best epoch, Loss, MSE, RMSE, MAE, MAPE: 19, 0.49922, 0.49922, 0.70656, 0.30508, -54.73%
Time spent: 7.52s
- Epoch 026, ExpID 4641
Train - Loss (one batch): 0.48515
Val - Loss, MSE, RMSE, MAE, MAPE: 0.70173, 0.70173, 0.83769, 0.34439, -71.07%
Test - Best epoch, Loss, MSE, RMSE, MAE, MAPE: 19, 0.49922, 0.49922, 0.70656, 0.30508, -54.73%
Time spent: 7.52s
- Epoch 027, ExpID 4641
Train - Loss (one batch): 0.38167
Val - Loss, MSE, RMSE, MAE, MAPE: 0.68586, 0.68586, 0.82816, 0.33622, -61.19%
Test - Best epoch, Loss, MSE, RMSE, MAE, MAPE: 19, 0.49922, 0.49922, 0.70656, 0.30508, -54.73%
Time spent: 7.51s
- Epoch 028, ExpID 4641
Train - Loss (one batch): 0.75002
Val - Loss, MSE, RMSE, MAE, MAPE: 0.69283, 0.69283, 0.83237, 0.32758, -54.74%
Test - Best epoch, Loss, MSE, RMSE, MAE, MAPE: 19, 0.49922, 0.49922, 0.70656, 0.30508, -54.73%
Time spent: 7.51s
- Epoch 029, ExpID 4641
Train - Loss (one batch): 0.66123
Val - Loss, MSE, RMSE, MAE, MAPE: 0.70526, 0.70526, 0.83980, 0.33044, -58.80%
Test - Best epoch, Loss, MSE, RMSE, MAE, MAPE: 19, 0.49922, 0.49922, 0.70656, 0.30508, -54.73%
Time spent: 7.52s
- Epoch 030, ExpID 4641
Train - Loss (one batch): 0.47863
Val - Loss, MSE, RMSE, MAE, MAPE: 0.69553, 0.69553, 0.83399, 0.31978, -51.08%
Test - Best epoch, Loss, MSE, RMSE, MAE, MAPE: 19, 0.49922, 0.49922, 0.70656, 0.30508, -54.73%
Time spent: 7.52s
- Epoch 031, ExpID 4641
Train - Loss (one batch): 1.70206
Val - Loss, MSE, RMSE, MAE, MAPE: 0.70326, 0.70326, 0.83860, 0.33451, -62.39%
Test - Best epoch, Loss, MSE, RMSE, MAE, MAPE: 19, 0.49922, 0.49922, 0.70656, 0.30508, -54.73%
Time spent: 7.51s
- Epoch 032, ExpID 4641
Train - Loss (one batch): 0.32096
Val - Loss, MSE, RMSE, MAE, MAPE: 0.68374, 0.68374, 0.82688, 0.33893, -64.30%
Test - Best epoch, Loss, MSE, RMSE, MAE, MAPE: 19, 0.49922, 0.49922, 0.70656, 0.30508, -54.73%
Time spent: 7.52s
- Epoch 033, ExpID 4641
Train - Loss (one batch): 0.48458
Val - Loss, MSE, RMSE, MAE, MAPE: 0.68057, 0.68057, 0.82497, 0.32600, -57.16%
Test - Best epoch, Loss, MSE, RMSE, MAE, MAPE: 19, 0.49922, 0.49922, 0.70656, 0.30508, -54.73%
Time spent: 7.51s
- Epoch 034, ExpID 4641
Train - Loss (one batch): 0.23560
Val - Loss, MSE, RMSE, MAE, MAPE: 0.71196, 0.71196, 0.84378, 0.32023, -50.16%
Test - Best epoch, Loss, MSE, RMSE, MAE, MAPE: 19, 0.49922, 0.49922, 0.70656, 0.30508, -54.73%
Time spent: 7.51s
- Epoch 035, ExpID 4641
Train - Loss (one batch): 0.40472
Val - Loss, MSE, RMSE, MAE, MAPE: 0.72957, 0.72957, 0.85415, 0.33944, -63.45%
Test - Best epoch, Loss, MSE, RMSE, MAE, MAPE: 19, 0.49922, 0.49922, 0.70656, 0.30508, -54.73%
Time spent: 7.52s
- Epoch 036, ExpID 4641
Train - Loss (one batch): 0.25135
Val - Loss, MSE, RMSE, MAE, MAPE: 0.71431, 0.71431, 0.84517, 0.31868, -50.65%
Test - Best epoch, Loss, MSE, RMSE, MAE, MAPE: 19, 0.49922, 0.49922, 0.70656, 0.30508, -54.73%
Time spent: 7.52s
- Epoch 037, ExpID 4641
Train - Loss (one batch): 0.46106
Val - Loss, MSE, RMSE, MAE, MAPE: 0.71893, 0.71893, 0.84790, 0.32962, -55.65%
Test - Best epoch, Loss, MSE, RMSE, MAE, MAPE: 19, 0.49922, 0.49922, 0.70656, 0.30508, -54.73%
Time spent: 7.52s
- Epoch 038, ExpID 4641
Train - Loss (one batch): 0.21016
Val - Loss, MSE, RMSE, MAE, MAPE: 0.72937, 0.72937, 0.85403, 0.32995, -55.61%
Test - Best epoch, Loss, MSE, RMSE, MAE, MAPE: 19, 0.49922, 0.49922, 0.70656, 0.30508, -54.73%
Time spent: 7.50s
- Epoch 039, ExpID 4641
Train - Loss (one batch): 0.41585
Val - Loss, MSE, RMSE, MAE, MAPE: 0.70373, 0.70373, 0.83889, 0.31622, -48.58%
Test - Best epoch, Loss, MSE, RMSE, MAE, MAPE: 19, 0.49922, 0.49922, 0.70656, 0.30508, -54.73%
Time spent: 7.51s
/home/ouass/Test/MSP-IMTS/tPatchGNN/run_models.py
2026-03-18 09:09:39
run_models.py --dataset ushcn --state def --history 24 --batch_size 192 --lr 1e-3 --patience 20 --epoch 400 --nhead 1 --tf_layer 1 --nlayer 1 --te_dim 10 --node_dim 10 --hid_dim 32 --outlayer Linear --seed 4 --gpu 0 --multi_scales 2,6,12 --multi_strides 2,6,12 --metric per_dim --fusion gated_feat_wconcat
Namespace(multi_scales='2,6,12', multi_strides='2,6,12', fusion='gated_feat_wconcat', state='def', n=100000000, hop=1, nhead=1, tf_layer=1, nlayer=1, epoch=400, patience=20, history=24, patch_size=24, stride=24, logmode='a', lr=0.001, w_decay=0.0, batch_size=192, save='experiments/', load=None, seed=4, dataset='ushcn', quantization=0.0, model='tPatchGNN', outlayer='Linear', hid_dim=32, te_dim=10, node_dim=10, gpu='0', metric='per_dim', npatch=1, device=device(type='cuda'), PID=4157411, n_months=48, pred_window=1, ndim=5)
- Epoch 000, ExpID 61461
Train - Loss (one batch): 0.46776
Val - Loss, MSE, RMSE, MAE, MAPE: 0.88356, 0.88356, 0.93998, 0.41598, -94.69%
Test - Best epoch, Loss, MSE, RMSE, MAE, MAPE: 0, 0.55447, 0.55447, 0.74463, 0.38907, -92.30%
Time spent: 8.96s
- Epoch 001, ExpID 61461
Train - Loss (one batch): 0.74337
Val - Loss, MSE, RMSE, MAE, MAPE: 0.80366, 0.80366, 0.89647, 0.34282, -49.70%
Test - Best epoch, Loss, MSE, RMSE, MAE, MAPE: 1, 0.52196, 0.52196, 0.72247, 0.31651, -47.57%
Time spent: 8.90s
- Epoch 002, ExpID 61461
Train - Loss (one batch): 0.30427
Val - Loss, MSE, RMSE, MAE, MAPE: 0.76764, 0.76764, 0.87615, 0.34898, -61.34%
Test - Best epoch, Loss, MSE, RMSE, MAE, MAPE: 2, 0.52728, 0.52728, 0.72614, 0.32509, -59.59%
Time spent: 8.90s
- Epoch 003, ExpID 61461
Train - Loss (one batch): 0.44674
Val - Loss, MSE, RMSE, MAE, MAPE: 0.74628, 0.74628, 0.86387, 0.33268, -53.51%
Test - Best epoch, Loss, MSE, RMSE, MAE, MAPE: 3, 0.51990, 0.51990, 0.72104, 0.30852, -51.39%
Time spent: 8.90s
- Epoch 004, ExpID 61461
Train - Loss (one batch): 0.57460
Val - Loss, MSE, RMSE, MAE, MAPE: 0.75489, 0.75489, 0.86884, 0.33746, -53.02%
Test - Best epoch, Loss, MSE, RMSE, MAE, MAPE: 3, 0.51990, 0.51990, 0.72104, 0.30852, -51.39%
Time spent: 7.51s
- Epoch 005, ExpID 61461
Train - Loss (one batch): 0.59405
Val - Loss, MSE, RMSE, MAE, MAPE: 0.72713, 0.72713, 0.85272, 0.37132, -77.32%
Test - Best epoch, Loss, MSE, RMSE, MAE, MAPE: 5, 0.51785, 0.51785, 0.71962, 0.34780, -75.86%
Time spent: 8.91s
- Epoch 006, ExpID 61461
Train - Loss (one batch): 0.24271
Val - Loss, MSE, RMSE, MAE, MAPE: 0.70926, 0.70926, 0.84218, 0.33268, -49.88%
Test - Best epoch, Loss, MSE, RMSE, MAE, MAPE: 6, 0.51712, 0.51712, 0.71911, 0.31164, -49.08%
Time spent: 8.90s
- Epoch 007, ExpID 61461
Train - Loss (one batch): 0.50449
Val - Loss, MSE, RMSE, MAE, MAPE: 0.70705, 0.70705, 0.84086, 0.33025, -54.04%
Test - Best epoch, Loss, MSE, RMSE, MAE, MAPE: 7, 0.51141, 0.51141, 0.71513, 0.30733, -51.50%
Time spent: 8.90s
- Epoch 008, ExpID 61461
Train - Loss (one batch): 0.52902
Val - Loss, MSE, RMSE, MAE, MAPE: 0.67861, 0.67861, 0.82378, 0.35183, -65.72%
Test - Best epoch, Loss, MSE, RMSE, MAE, MAPE: 8, 0.51483, 0.51483, 0.71752, 0.32803, -61.89%
Time spent: 8.90s
- Epoch 009, ExpID 61461
Train - Loss (one batch): 0.29266
Val - Loss, MSE, RMSE, MAE, MAPE: 0.70548, 0.70548, 0.83993, 0.33104, -52.20%
Test - Best epoch, Loss, MSE, RMSE, MAE, MAPE: 8, 0.51483, 0.51483, 0.71752, 0.32803, -61.89%
Time spent: 7.51s
- Epoch 010, ExpID 61461
Train - Loss (one batch): 0.73124
Val - Loss, MSE, RMSE, MAE, MAPE: 0.72289, 0.72289, 0.85023, 0.36299, -74.39%
Test - Best epoch, Loss, MSE, RMSE, MAE, MAPE: 8, 0.51483, 0.51483, 0.71752, 0.32803, -61.89%
Time spent: 7.52s
- Epoch 011, ExpID 61461
Train - Loss (one batch): 0.45773
Val - Loss, MSE, RMSE, MAE, MAPE: 0.69148, 0.69148, 0.83155, 0.32084, -48.40%
Test - Best epoch, Loss, MSE, RMSE, MAE, MAPE: 8, 0.51483, 0.51483, 0.71752, 0.32803, -61.89%
Time spent: 7.52s
- Epoch 012, ExpID 61461
Train - Loss (one batch): 0.30007
Val - Loss, MSE, RMSE, MAE, MAPE: 0.70469, 0.70469, 0.83946, 0.32053, -49.07%
Test - Best epoch, Loss, MSE, RMSE, MAE, MAPE: 8, 0.51483, 0.51483, 0.71752, 0.32803, -61.89%
Time spent: 7.51s
- Epoch 013, ExpID 61461
Train - Loss (one batch): 0.41626
Val - Loss, MSE, RMSE, MAE, MAPE: 0.69407, 0.69407, 0.83311, 0.32428, -46.84%
Test - Best epoch, Loss, MSE, RMSE, MAE, MAPE: 8, 0.51483, 0.51483, 0.71752, 0.32803, -61.89%
Time spent: 7.51s
- Epoch 014, ExpID 61461
Train - Loss (one batch): 0.61322
Val - Loss, MSE, RMSE, MAE, MAPE: 0.71051, 0.71051, 0.84292, 0.35366, -69.27%
Test - Best epoch, Loss, MSE, RMSE, MAE, MAPE: 8, 0.51483, 0.51483, 0.71752, 0.32803, -61.89%
Time spent: 7.53s
- Epoch 015, ExpID 61461
Train - Loss (one batch): 0.29088
Val - Loss, MSE, RMSE, MAE, MAPE: 0.71595, 0.71595, 0.84614, 0.32114, -47.32%
Test - Best epoch, Loss, MSE, RMSE, MAE, MAPE: 8, 0.51483, 0.51483, 0.71752, 0.32803, -61.89%
Time spent: 7.52s
- Epoch 016, ExpID 61461
Train - Loss (one batch): 0.60969
Val - Loss, MSE, RMSE, MAE, MAPE: 0.71512, 0.71512, 0.84565, 0.32526, -51.85%
Test - Best epoch, Loss, MSE, RMSE, MAE, MAPE: 8, 0.51483, 0.51483, 0.71752, 0.32803, -61.89%
Time spent: 7.51s
- Epoch 017, ExpID 61461
Train - Loss (one batch): 0.42706
Val - Loss, MSE, RMSE, MAE, MAPE: 0.73508, 0.73508, 0.85737, 0.32077, -44.25%
Test - Best epoch, Loss, MSE, RMSE, MAE, MAPE: 8, 0.51483, 0.51483, 0.71752, 0.32803, -61.89%
Time spent: 7.53s
- Epoch 018, ExpID 61461
Train - Loss (one batch): 0.48204
Val - Loss, MSE, RMSE, MAE, MAPE: 0.71411, 0.71411, 0.84505, 0.32931, -50.97%
Test - Best epoch, Loss, MSE, RMSE, MAE, MAPE: 8, 0.51483, 0.51483, 0.71752, 0.32803, -61.89%
Time spent: 7.51s
- Epoch 019, ExpID 61461
Train - Loss (one batch): 0.33862
Val - Loss, MSE, RMSE, MAE, MAPE: 0.66639, 0.66639, 0.81632, 0.34500, -67.82%
Test - Best epoch, Loss, MSE, RMSE, MAE, MAPE: 19, 0.50485, 0.50485, 0.71053, 0.32225, -65.99%
Time spent: 8.91s
- Epoch 020, ExpID 61461
Train - Loss (one batch): 0.36859
Val - Loss, MSE, RMSE, MAE, MAPE: 0.70420, 0.70420, 0.83917, 0.32794, -53.24%
Test - Best epoch, Loss, MSE, RMSE, MAE, MAPE: 19, 0.50485, 0.50485, 0.71053, 0.32225, -65.99%
Time spent: 7.52s
- Epoch 021, ExpID 61461
Train - Loss (one batch): 0.61988
Val - Loss, MSE, RMSE, MAE, MAPE: 0.71031, 0.71031, 0.84280, 0.32179, -49.52%
Test - Best epoch, Loss, MSE, RMSE, MAE, MAPE: 19, 0.50485, 0.50485, 0.71053, 0.32225, -65.99%
Time spent: 7.52s
- Epoch 022, ExpID 61461
Train - Loss (one batch): 0.38033
Val - Loss, MSE, RMSE, MAE, MAPE: 0.72713, 0.72713, 0.85272, 0.31967, -48.46%
Test - Best epoch, Loss, MSE, RMSE, MAE, MAPE: 19, 0.50485, 0.50485, 0.71053, 0.32225, -65.99%
Time spent: 7.52s
- Epoch 023, ExpID 61461
Train - Loss (one batch): 0.34964
Val - Loss, MSE, RMSE, MAE, MAPE: 0.73818, 0.73818, 0.85918, 0.32305, -51.06%
Test - Best epoch, Loss, MSE, RMSE, MAE, MAPE: 19, 0.50485, 0.50485, 0.71053, 0.32225, -65.99%
Time spent: 7.52s
- Epoch 024, ExpID 61461
Train - Loss (one batch): 0.50895
Val - Loss, MSE, RMSE, MAE, MAPE: 0.72346, 0.72346, 0.85057, 0.32501, -52.01%
Test - Best epoch, Loss, MSE, RMSE, MAE, MAPE: 19, 0.50485, 0.50485, 0.71053, 0.32225, -65.99%
Time spent: 7.52s
- Epoch 025, ExpID 61461
Train - Loss (one batch): 0.50224
Val - Loss, MSE, RMSE, MAE, MAPE: 0.68755, 0.68755, 0.82919, 0.33598, -60.24%
Test - Best epoch, Loss, MSE, RMSE, MAE, MAPE: 19, 0.50485, 0.50485, 0.71053, 0.32225, -65.99%
Time spent: 7.53s
- Epoch 026, ExpID 61461
Train - Loss (one batch): 0.36612
Val - Loss, MSE, RMSE, MAE, MAPE: 0.69538, 0.69538, 0.83389, 0.31772, -49.32%
Test - Best epoch, Loss, MSE, RMSE, MAE, MAPE: 19, 0.50485, 0.50485, 0.71053, 0.32225, -65.99%
Time spent: 7.51s
- Epoch 027, ExpID 61461
Train - Loss (one batch): 0.40973
Val - Loss, MSE, RMSE, MAE, MAPE: 0.72142, 0.72142, 0.84936, 0.31643, -45.22%
Test - Best epoch, Loss, MSE, RMSE, MAE, MAPE: 19, 0.50485, 0.50485, 0.71053, 0.32225, -65.99%
Time spent: 7.52s
- Epoch 028, ExpID 61461
Train - Loss (one batch): 0.31624
Val - Loss, MSE, RMSE, MAE, MAPE: 0.69461, 0.69461, 0.83343, 0.32199, -53.42%
Test - Best epoch, Loss, MSE, RMSE, MAE, MAPE: 19, 0.50485, 0.50485, 0.71053, 0.32225, -65.99%
Time spent: 7.52s
- Epoch 029, ExpID 61461
Train - Loss (one batch): 0.27930
Val - Loss, MSE, RMSE, MAE, MAPE: 0.73534, 0.73534, 0.85752, 0.32593, -52.54%
Test - Best epoch, Loss, MSE, RMSE, MAE, MAPE: 19, 0.50485, 0.50485, 0.71053, 0.32225, -65.99%
Time spent: 7.51s
- Epoch 030, ExpID 61461
Train - Loss (one batch): 0.48155
Val - Loss, MSE, RMSE, MAE, MAPE: 0.69433, 0.69433, 0.83327, 0.33990, -63.04%
Test - Best epoch, Loss, MSE, RMSE, MAE, MAPE: 19, 0.50485, 0.50485, 0.71053, 0.32225, -65.99%
Time spent: 7.52s
- Epoch 031, ExpID 61461
Train - Loss (one batch): 0.42948
Val - Loss, MSE, RMSE, MAE, MAPE: 0.77495, 0.77495, 0.88031, 0.32997, -56.25%
Test - Best epoch, Loss, MSE, RMSE, MAE, MAPE: 19, 0.50485, 0.50485, 0.71053, 0.32225, -65.99%
Time spent: 7.53s
- Epoch 032, ExpID 61461
Train - Loss (one batch): 0.22794
Val - Loss, MSE, RMSE, MAE, MAPE: 0.71191, 0.71191, 0.84375, 0.32697, -52.16%
Test - Best epoch, Loss, MSE, RMSE, MAE, MAPE: 19, 0.50485, 0.50485, 0.71053, 0.32225, -65.99%
Time spent: 7.52s
- Epoch 033, ExpID 61461
Train - Loss (one batch): 0.71048
Val - Loss, MSE, RMSE, MAE, MAPE: 0.72119, 0.72119, 0.84923, 0.31968, -47.96%
Test - Best epoch, Loss, MSE, RMSE, MAE, MAPE: 19, 0.50485, 0.50485, 0.71053, 0.32225, -65.99%
Time spent: 7.52s
- Epoch 034, ExpID 61461
Train - Loss (one batch): 0.28605
Val - Loss, MSE, RMSE, MAE, MAPE: 0.71693, 0.71693, 0.84672, 0.32048, -46.36%
Test - Best epoch, Loss, MSE, RMSE, MAE, MAPE: 19, 0.50485, 0.50485, 0.71053, 0.32225, -65.99%
Time spent: 7.52s
- Epoch 035, ExpID 61461
Train - Loss (one batch): 0.35010
Val - Loss, MSE, RMSE, MAE, MAPE: 0.73356, 0.73356, 0.85648, 0.33771, -59.17%
Test - Best epoch, Loss, MSE, RMSE, MAE, MAPE: 19, 0.50485, 0.50485, 0.71053, 0.32225, -65.99%
Time spent: 7.53s
- Epoch 036, ExpID 61461
Train - Loss (one batch): 0.49113
Val - Loss, MSE, RMSE, MAE, MAPE: 0.72410, 0.72410, 0.85094, 0.33667, -60.69%
Test - Best epoch, Loss, MSE, RMSE, MAE, MAPE: 19, 0.50485, 0.50485, 0.71053, 0.32225, -65.99%
Time spent: 7.53s
- Epoch 037, ExpID 61461
Train - Loss (one batch): 0.30005
Val - Loss, MSE, RMSE, MAE, MAPE: 0.74821, 0.74821, 0.86499, 0.32584, -53.06%
Test - Best epoch, Loss, MSE, RMSE, MAE, MAPE: 19, 0.50485, 0.50485, 0.71053, 0.32225, -65.99%
Time spent: 7.50s
- Epoch 038, ExpID 61461
Train - Loss (one batch): 0.42833
Val - Loss, MSE, RMSE, MAE, MAPE: 0.71435, 0.71435, 0.84519, 0.32663, -54.01%
Test - Best epoch, Loss, MSE, RMSE, MAE, MAPE: 19, 0.50485, 0.50485, 0.71053, 0.32225, -65.99%
Time spent: 7.53s
- Epoch 039, ExpID 61461
Train - Loss (one batch): 0.50047
Val - Loss, MSE, RMSE, MAE, MAPE: 0.69653, 0.69653, 0.83458, 0.33989, -63.77%
Test - Best epoch, Loss, MSE, RMSE, MAE, MAPE: 19, 0.50485, 0.50485, 0.71053, 0.32225, -65.99%
Time spent: 7.52s
/home/ouass/Test/MSP-IMTS/tPatchGNN/run_models.py
2026-03-18 09:15:38
run_models.py --dataset ushcn --state def --history 24 --batch_size 192 --lr 1e-3 --patience 20 --epoch 400 --nhead 1 --tf_layer 1 --nlayer 1 --te_dim 10 --node_dim 10 --hid_dim 32 --outlayer Linear --seed 5 --gpu 0 --multi_scales 2,6,12 --multi_strides 2,6,12 --metric per_dim --fusion gated_feat_wconcat
Namespace(multi_scales='2,6,12', multi_strides='2,6,12', fusion='gated_feat_wconcat', state='def', n=100000000, hop=1, nhead=1, tf_layer=1, nlayer=1, epoch=400, patience=20, history=24, patch_size=24, stride=24, logmode='a', lr=0.001, w_decay=0.0, batch_size=192, save='experiments/', load=None, seed=5, dataset='ushcn', quantization=0.0, model='tPatchGNN', outlayer='Linear', hid_dim=32, te_dim=10, node_dim=10, gpu='0', metric='per_dim', npatch=1, device=device(type='cuda'), PID=4165954, n_months=48, pred_window=1, ndim=5)
- Epoch 000, ExpID 30917
Train - Loss (one batch): 1.11245
Val - Loss, MSE, RMSE, MAE, MAPE: 0.81274, 0.81274, 0.90152, 0.34310, -58.15%
Test - Best epoch, Loss, MSE, RMSE, MAE, MAPE: 0, 0.51923, 0.51923, 0.72058, 0.31704, -54.09%
Time spent: 8.99s
- Epoch 001, ExpID 30917
Train - Loss (one batch): 0.59940
Val - Loss, MSE, RMSE, MAE, MAPE: 0.77766, 0.77766, 0.88185, 0.37182, -77.36%
Test - Best epoch, Loss, MSE, RMSE, MAE, MAPE: 1, 0.52384, 0.52384, 0.72377, 0.34711, -72.85%
Time spent: 8.93s
- Epoch 002, ExpID 30917
Train - Loss (one batch): 0.37041
Val - Loss, MSE, RMSE, MAE, MAPE: 0.74323, 0.74323, 0.86211, 0.33832, -55.30%
Test - Best epoch, Loss, MSE, RMSE, MAE, MAPE: 2, 0.51406, 0.51406, 0.71698, 0.31424, -51.42%
Time spent: 8.92s
- Epoch 003, ExpID 30917
Train - Loss (one batch): 0.49083
Val - Loss, MSE, RMSE, MAE, MAPE: 0.72256, 0.72256, 0.85003, 0.33466, -51.02%
Test - Best epoch, Loss, MSE, RMSE, MAE, MAPE: 3, 0.51103, 0.51103, 0.71486, 0.31164, -47.89%
Time spent: 8.91s
- Epoch 004, ExpID 30917
Train - Loss (one batch): 0.45285
Val - Loss, MSE, RMSE, MAE, MAPE: 0.71966, 0.71966, 0.84833, 0.37485, -84.09%
Test - Best epoch, Loss, MSE, RMSE, MAE, MAPE: 4, 0.51250, 0.51250, 0.71589, 0.35332, -82.01%
Time spent: 8.92s
- Epoch 005, ExpID 30917
Train - Loss (one batch): 0.25843
Val - Loss, MSE, RMSE, MAE, MAPE: 0.72684, 0.72684, 0.85255, 0.34806, -66.08%
Test - Best epoch, Loss, MSE, RMSE, MAE, MAPE: 4, 0.51250, 0.51250, 0.71589, 0.35332, -82.01%
Time spent: 7.53s
- Epoch 006, ExpID 30917
Train - Loss (one batch): 0.40466
Val - Loss, MSE, RMSE, MAE, MAPE: 0.71847, 0.71847, 0.84762, 0.36481, -77.99%
Test - Best epoch, Loss, MSE, RMSE, MAE, MAPE: 6, 0.52011, 0.52011, 0.72119, 0.34298, -74.00%
Time spent: 8.93s
- Epoch 007, ExpID 30917
Train - Loss (one batch): 0.51778
Val - Loss, MSE, RMSE, MAE, MAPE: 0.73928, 0.73928, 0.85981, 0.33796, -59.16%
Test - Best epoch, Loss, MSE, RMSE, MAE, MAPE: 6, 0.52011, 0.52011, 0.72119, 0.34298, -74.00%
Time spent: 7.52s
- Epoch 008, ExpID 30917
Train - Loss (one batch): 0.26299
Val - Loss, MSE, RMSE, MAE, MAPE: 0.74137, 0.74137, 0.86103, 0.36873, -79.72%
Test - Best epoch, Loss, MSE, RMSE, MAE, MAPE: 6, 0.52011, 0.52011, 0.72119, 0.34298, -74.00%
Time spent: 7.53s
- Epoch 009, ExpID 30917
Train - Loss (one batch): 0.54389
Val - Loss, MSE, RMSE, MAE, MAPE: 0.72630, 0.72630, 0.85223, 0.33936, -62.83%
Test - Best epoch, Loss, MSE, RMSE, MAE, MAPE: 6, 0.52011, 0.52011, 0.72119, 0.34298, -74.00%
Time spent: 7.54s
- Epoch 010, ExpID 30917
Train - Loss (one batch): 0.44719
Val - Loss, MSE, RMSE, MAE, MAPE: 0.70954, 0.70954, 0.84234, 0.33282, -56.43%
Test - Best epoch, Loss, MSE, RMSE, MAE, MAPE: 10, 0.50451, 0.50451, 0.71029, 0.31132, -54.04%
Time spent: 8.93s
- Epoch 011, ExpID 30917
Train - Loss (one batch): 0.36410
Val - Loss, MSE, RMSE, MAE, MAPE: 0.68716, 0.68716, 0.82895, 0.35174, -68.14%
Test - Best epoch, Loss, MSE, RMSE, MAE, MAPE: 11, 0.50974, 0.50974, 0.71396, 0.33059, -64.44%
Time spent: 8.93s
- Epoch 012, ExpID 30917
Train - Loss (one batch): 0.54403
Val - Loss, MSE, RMSE, MAE, MAPE: 0.68976, 0.68976, 0.83052, 0.32838, -48.72%
Test - Best epoch, Loss, MSE, RMSE, MAE, MAPE: 11, 0.50974, 0.50974, 0.71396, 0.33059, -64.44%
Time spent: 7.53s
- Epoch 013, ExpID 30917
Train - Loss (one batch): 0.40334
Val - Loss, MSE, RMSE, MAE, MAPE: 0.68838, 0.68838, 0.82969, 0.32105, -49.88%
Test - Best epoch, Loss, MSE, RMSE, MAE, MAPE: 11, 0.50974, 0.50974, 0.71396, 0.33059, -64.44%
Time spent: 7.54s
- Epoch 014, ExpID 30917
Train - Loss (one batch): 0.45145
Val - Loss, MSE, RMSE, MAE, MAPE: 0.74544, 0.74544, 0.86339, 0.32749, -54.17%
Test - Best epoch, Loss, MSE, RMSE, MAE, MAPE: 11, 0.50974, 0.50974, 0.71396, 0.33059, -64.44%
Time spent: 7.53s
- Epoch 015, ExpID 30917
Train - Loss (one batch): 0.33252
Val - Loss, MSE, RMSE, MAE, MAPE: 0.70033, 0.70033, 0.83686, 0.33191, -58.29%
Test - Best epoch, Loss, MSE, RMSE, MAE, MAPE: 11, 0.50974, 0.50974, 0.71396, 0.33059, -64.44%
Time spent: 7.53s
- Epoch 016, ExpID 30917
Train - Loss (one batch): 0.30756
Val - Loss, MSE, RMSE, MAE, MAPE: 0.69220, 0.69220, 0.83198, 0.32071, -51.77%
Test - Best epoch, Loss, MSE, RMSE, MAE, MAPE: 11, 0.50974, 0.50974, 0.71396, 0.33059, -64.44%
Time spent: 7.53s
- Epoch 017, ExpID 30917
Train - Loss (one batch): 0.67600
Val - Loss, MSE, RMSE, MAE, MAPE: 0.68263, 0.68263, 0.82622, 0.32818, -54.67%
Test - Best epoch, Loss, MSE, RMSE, MAE, MAPE: 17, 0.50056, 0.50056, 0.70750, 0.30641, -52.18%
Time spent: 8.93s
- Epoch 018, ExpID 30917
Train - Loss (one batch): 0.28749
Val - Loss, MSE, RMSE, MAE, MAPE: 0.69772, 0.69772, 0.83530, 0.32781, -54.83%
Test - Best epoch, Loss, MSE, RMSE, MAE, MAPE: 17, 0.50056, 0.50056, 0.70750, 0.30641, -52.18%
Time spent: 7.53s
- Epoch 019, ExpID 30917
Train - Loss (one batch): 0.56521
Val - Loss, MSE, RMSE, MAE, MAPE: 0.71591, 0.71591, 0.84612, 0.32161, -51.06%
Test - Best epoch, Loss, MSE, RMSE, MAE, MAPE: 17, 0.50056, 0.50056, 0.70750, 0.30641, -52.18%
Time spent: 7.54s
- Epoch 020, ExpID 30917
Train - Loss (one batch): 0.40295
Val - Loss, MSE, RMSE, MAE, MAPE: 0.68944, 0.68944, 0.83033, 0.32863, -57.79%
Test - Best epoch, Loss, MSE, RMSE, MAE, MAPE: 17, 0.50056, 0.50056, 0.70750, 0.30641, -52.18%
Time spent: 7.53s
- Epoch 021, ExpID 30917
Train - Loss (one batch): 0.35679
Val - Loss, MSE, RMSE, MAE, MAPE: 0.71879, 0.71879, 0.84782, 0.33638, -60.48%
Test - Best epoch, Loss, MSE, RMSE, MAE, MAPE: 17, 0.50056, 0.50056, 0.70750, 0.30641, -52.18%
Time spent: 7.53s
- Epoch 022, ExpID 30917
Train - Loss (one batch): 0.30524
Val - Loss, MSE, RMSE, MAE, MAPE: 0.70466, 0.70466, 0.83944, 0.33703, -63.26%
Test - Best epoch, Loss, MSE, RMSE, MAE, MAPE: 17, 0.50056, 0.50056, 0.70750, 0.30641, -52.18%
Time spent: 7.53s
- Epoch 023, ExpID 30917
Train - Loss (one batch): 0.74387
Val - Loss, MSE, RMSE, MAE, MAPE: 0.73366, 0.73366, 0.85654, 0.30902, -37.61%
Test - Best epoch, Loss, MSE, RMSE, MAE, MAPE: 17, 0.50056, 0.50056, 0.70750, 0.30641, -52.18%
Time spent: 7.53s
- Epoch 024, ExpID 30917
Train - Loss (one batch): 0.43954
Val - Loss, MSE, RMSE, MAE, MAPE: 0.71024, 0.71024, 0.84275, 0.33515, -61.93%
Test - Best epoch, Loss, MSE, RMSE, MAE, MAPE: 17, 0.50056, 0.50056, 0.70750, 0.30641, -52.18%
Time spent: 7.53s
- Epoch 025, ExpID 30917
Train - Loss (one batch): 0.41250
Val - Loss, MSE, RMSE, MAE, MAPE: 0.68200, 0.68200, 0.82584, 0.32565, -54.11%
Test - Best epoch, Loss, MSE, RMSE, MAE, MAPE: 25, 0.50357, 0.50357, 0.70963, 0.30396, -51.31%
Time spent: 8.93s
- Epoch 026, ExpID 30917
Train - Loss (one batch): 0.71245
Val - Loss, MSE, RMSE, MAE, MAPE: 0.70531, 0.70531, 0.83983, 0.31782, -45.75%
Test - Best epoch, Loss, MSE, RMSE, MAE, MAPE: 25, 0.50357, 0.50357, 0.70963, 0.30396, -51.31%
Time spent: 7.53s
- Epoch 027, ExpID 30917
Train - Loss (one batch): 0.51904
Val - Loss, MSE, RMSE, MAE, MAPE: 0.68231, 0.68231, 0.82602, 0.32981, -58.48%
Test - Best epoch, Loss, MSE, RMSE, MAE, MAPE: 25, 0.50357, 0.50357, 0.70963, 0.30396, -51.31%
Time spent: 7.53s
- Epoch 028, ExpID 30917
Train - Loss (one batch): 0.59792
Val - Loss, MSE, RMSE, MAE, MAPE: 0.68872, 0.68872, 0.82989, 0.32319, -55.30%
Test - Best epoch, Loss, MSE, RMSE, MAE, MAPE: 25, 0.50357, 0.50357, 0.70963, 0.30396, -51.31%
Time spent: 7.53s
- Epoch 029, ExpID 30917
Train - Loss (one batch): 1.30925
Val - Loss, MSE, RMSE, MAE, MAPE: 0.68440, 0.68440, 0.82729, 0.34507, -69.19%
Test - Best epoch, Loss, MSE, RMSE, MAE, MAPE: 25, 0.50357, 0.50357, 0.70963, 0.30396, -51.31%
Time spent: 7.54s
- Epoch 030, ExpID 30917
Train - Loss (one batch): 0.53822
Val - Loss, MSE, RMSE, MAE, MAPE: 0.70815, 0.70815, 0.84152, 0.31758, -45.27%
Test - Best epoch, Loss, MSE, RMSE, MAE, MAPE: 25, 0.50357, 0.50357, 0.70963, 0.30396, -51.31%
Time spent: 7.54s
- Epoch 031, ExpID 30917
Train - Loss (one batch): 0.29189
Val - Loss, MSE, RMSE, MAE, MAPE: 0.68833, 0.68833, 0.82966, 0.32767, -55.83%
Test - Best epoch, Loss, MSE, RMSE, MAE, MAPE: 25, 0.50357, 0.50357, 0.70963, 0.30396, -51.31%
Time spent: 7.54s
- Epoch 032, ExpID 30917
Train - Loss (one batch): 0.29028
Val - Loss, MSE, RMSE, MAE, MAPE: 0.77072, 0.77072, 0.87791, 0.32668, -54.39%
Test - Best epoch, Loss, MSE, RMSE, MAE, MAPE: 25, 0.50357, 0.50357, 0.70963, 0.30396, -51.31%
Time spent: 7.54s
- Epoch 033, ExpID 30917
Train - Loss (one batch): 0.31303
Val - Loss, MSE, RMSE, MAE, MAPE: 0.71232, 0.71232, 0.84399, 0.31692, -46.99%
Test - Best epoch, Loss, MSE, RMSE, MAE, MAPE: 25, 0.50357, 0.50357, 0.70963, 0.30396, -51.31%
Time spent: 7.53s
- Epoch 034, ExpID 30917
Train - Loss (one batch): 0.25227
Val - Loss, MSE, RMSE, MAE, MAPE: 0.70875, 0.70875, 0.84187, 0.33685, -61.97%
Test - Best epoch, Loss, MSE, RMSE, MAE, MAPE: 25, 0.50357, 0.50357, 0.70963, 0.30396, -51.31%
Time spent: 7.53s
- Epoch 035, ExpID 30917
Train - Loss (one batch): 0.24426
Val - Loss, MSE, RMSE, MAE, MAPE: 0.71081, 0.71081, 0.84309, 0.31890, -49.88%
Test - Best epoch, Loss, MSE, RMSE, MAE, MAPE: 25, 0.50357, 0.50357, 0.70963, 0.30396, -51.31%
Time spent: 7.55s
- Epoch 036, ExpID 30917
Train - Loss (one batch): 0.36579
Val - Loss, MSE, RMSE, MAE, MAPE: 0.74428, 0.74428, 0.86271, 0.33038, -59.20%
Test - Best epoch, Loss, MSE, RMSE, MAE, MAPE: 25, 0.50357, 0.50357, 0.70963, 0.30396, -51.31%
Time spent: 7.54s
- Epoch 037, ExpID 30917
Train - Loss (one batch): 0.28959
Val - Loss, MSE, RMSE, MAE, MAPE: 0.73467, 0.73467, 0.85713, 0.32430, -50.78%
Test - Best epoch, Loss, MSE, RMSE, MAE, MAPE: 25, 0.50357, 0.50357, 0.70963, 0.30396, -51.31%
Time spent: 7.53s
- Epoch 038, ExpID 30917
Train - Loss (one batch): 0.35396
Val - Loss, MSE, RMSE, MAE, MAPE: 0.72396, 0.72396, 0.85086, 0.32474, -55.23%
Test - Best epoch, Loss, MSE, RMSE, MAE, MAPE: 25, 0.50357, 0.50357, 0.70963, 0.30396, -51.31%
Time spent: 7.53s
- Epoch 039, ExpID 30917
Train - Loss (one batch): 0.54833
Val - Loss, MSE, RMSE, MAE, MAPE: 0.71623, 0.71623, 0.84630, 0.31585, -47.50%
Test - Best epoch, Loss, MSE, RMSE, MAE, MAPE: 25, 0.50357, 0.50357, 0.70963, 0.30396, -51.31%
Time spent: 7.53s
- Epoch 040, ExpID 30917
Train - Loss (one batch): 0.37523
Val - Loss, MSE, RMSE, MAE, MAPE: 0.71055, 0.71055, 0.84294, 0.33140, -59.76%
Test - Best epoch, Loss, MSE, RMSE, MAE, MAPE: 25, 0.50357, 0.50357, 0.70963, 0.30396, -51.31%
Time spent: 7.54s
- Epoch 041, ExpID 30917
Train - Loss (one batch): 0.28773
Val - Loss, MSE, RMSE, MAE, MAPE: 0.73169, 0.73169, 0.85539, 0.32424, -53.06%
Test - Best epoch, Loss, MSE, RMSE, MAE, MAPE: 25, 0.50357, 0.50357, 0.70963, 0.30396, -51.31%
Time spent: 7.53s
- Epoch 042, ExpID 30917
Train - Loss (one batch): 0.28388
Val - Loss, MSE, RMSE, MAE, MAPE: 0.69677, 0.69677, 0.83473, 0.31973, -47.31%
Test - Best epoch, Loss, MSE, RMSE, MAE, MAPE: 25, 0.50357, 0.50357, 0.70963, 0.30396, -51.31%
Time spent: 7.53s
- Epoch 043, ExpID 30917
Train - Loss (one batch): 0.34990
Val - Loss, MSE, RMSE, MAE, MAPE: 0.71964, 0.71964, 0.84832, 0.32291, -51.48%
Test - Best epoch, Loss, MSE, RMSE, MAE, MAPE: 25, 0.50357, 0.50357, 0.70963, 0.30396, -51.31%
Time spent: 7.53s
- Epoch 044, ExpID 30917
Train - Loss (one batch): 0.58548
Val - Loss, MSE, RMSE, MAE, MAPE: 0.70003, 0.70003, 0.83668, 0.34641, -71.01%
Test - Best epoch, Loss, MSE, RMSE, MAE, MAPE: 25, 0.50357, 0.50357, 0.70963, 0.30396, -51.31%
Time spent: 7.54s
- Epoch 045, ExpID 30917
Train - Loss (one batch): 0.46000
Val - Loss, MSE, RMSE, MAE, MAPE: 0.70231, 0.70231, 0.83804, 0.33061, -59.71%
Test - Best epoch, Loss, MSE, RMSE, MAE, MAPE: 25, 0.50357, 0.50357, 0.70963, 0.30396, -51.31%
Time spent: 7.53s
