/home/ouass/Test/MSP-IMTS/tPatchGNN/run_models.py
2026-03-18 07:42:11
run_models.py --dataset ushcn --state def --history 24 --batch_size 192 --lr 1e-3 --patience 20 --epoch 400 --nhead 1 --tf_layer 1 --nlayer 1 --te_dim 10 --node_dim 10 --hid_dim 32 --outlayer Linear --seed 1 --gpu 0 --multi_scales 2,8,24 --multi_strides 2,8,24 --metric per_dim --fusion attn
Namespace(multi_scales='2,8,24', multi_strides='2,8,24', fusion='attn', state='def', n=100000000, hop=1, nhead=1, tf_layer=1, nlayer=1, epoch=400, patience=20, history=24, patch_size=24, stride=24, logmode='a', lr=0.001, w_decay=0.0, batch_size=192, save='experiments/', load=None, seed=1, dataset='ushcn', quantization=0.0, model='tPatchGNN', outlayer='Linear', hid_dim=32, te_dim=10, node_dim=10, gpu='0', metric='per_dim', npatch=1, device=device(type='cuda'), PID=4033297, n_months=48, pred_window=1, ndim=5)
- Epoch 000, ExpID 95986
Train - Loss (one batch): 0.63164
Val - Loss, MSE, RMSE, MAE, MAPE: 0.87266, 0.87266, 0.93416, 0.35047, -62.09%
Test - Best epoch, Loss, MSE, RMSE, MAE, MAPE: 0, 0.52916, 0.52916, 0.72743, 0.32229, -57.81%
Time spent: 8.53s
- Epoch 001, ExpID 95986
Train - Loss (one batch): 0.38515
Val - Loss, MSE, RMSE, MAE, MAPE: 0.80483, 0.80483, 0.89712, 0.34168, -57.75%
Test - Best epoch, Loss, MSE, RMSE, MAE, MAPE: 1, 0.52306, 0.52306, 0.72323, 0.31639, -54.61%
Time spent: 8.44s
- Epoch 002, ExpID 95986
Train - Loss (one batch): 0.27798
Val - Loss, MSE, RMSE, MAE, MAPE: 0.74925, 0.74925, 0.86559, 0.33574, -57.53%
Test - Best epoch, Loss, MSE, RMSE, MAE, MAPE: 2, 0.51127, 0.51127, 0.71503, 0.31178, -54.83%
Time spent: 8.46s
- Epoch 003, ExpID 95986
Train - Loss (one batch): 0.49571
Val - Loss, MSE, RMSE, MAE, MAPE: 0.72430, 0.72430, 0.85106, 0.34791, -59.71%
Test - Best epoch, Loss, MSE, RMSE, MAE, MAPE: 3, 0.51172, 0.51172, 0.71535, 0.32597, -57.28%
Time spent: 8.45s
- Epoch 004, ExpID 95986
Train - Loss (one batch): 0.30487
Val - Loss, MSE, RMSE, MAE, MAPE: 0.71755, 0.71755, 0.84708, 0.33955, -54.72%
Test - Best epoch, Loss, MSE, RMSE, MAE, MAPE: 4, 0.50862, 0.50862, 0.71318, 0.31709, -52.29%
Time spent: 8.45s
- Epoch 005, ExpID 95986
Train - Loss (one batch): 0.30060
Val - Loss, MSE, RMSE, MAE, MAPE: 0.69670, 0.69670, 0.83468, 0.32551, -49.40%
Test - Best epoch, Loss, MSE, RMSE, MAE, MAPE: 5, 0.50605, 0.50605, 0.71137, 0.30322, -46.49%
Time spent: 8.45s
- Epoch 006, ExpID 95986
Train - Loss (one batch): 0.47765
Val - Loss, MSE, RMSE, MAE, MAPE: 0.68847, 0.68847, 0.82974, 0.36179, -75.39%
Test - Best epoch, Loss, MSE, RMSE, MAE, MAPE: 6, 0.51306, 0.51306, 0.71628, 0.34091, -72.62%
Time spent: 8.46s
- Epoch 007, ExpID 95986
Train - Loss (one batch): 0.66691
Val - Loss, MSE, RMSE, MAE, MAPE: 0.67993, 0.67993, 0.82458, 0.36323, -77.26%
Test - Best epoch, Loss, MSE, RMSE, MAE, MAPE: 7, 0.51217, 0.51217, 0.71566, 0.34327, -74.72%
Time spent: 8.45s
- Epoch 008, ExpID 95986
Train - Loss (one batch): 0.37478
Val - Loss, MSE, RMSE, MAE, MAPE: 0.70152, 0.70152, 0.83757, 0.33389, -56.22%
Test - Best epoch, Loss, MSE, RMSE, MAE, MAPE: 7, 0.51217, 0.51217, 0.71566, 0.34327, -74.72%
Time spent: 7.13s
- Epoch 009, ExpID 95986
Train - Loss (one batch): 0.48830
Val - Loss, MSE, RMSE, MAE, MAPE: 0.72480, 0.72480, 0.85135, 0.34356, -62.46%
Test - Best epoch, Loss, MSE, RMSE, MAE, MAPE: 7, 0.51217, 0.51217, 0.71566, 0.34327, -74.72%
Time spent: 7.13s
- Epoch 010, ExpID 95986
Train - Loss (one batch): 0.45302
Val - Loss, MSE, RMSE, MAE, MAPE: 0.70370, 0.70370, 0.83887, 0.33243, -56.25%
Test - Best epoch, Loss, MSE, RMSE, MAE, MAPE: 7, 0.51217, 0.51217, 0.71566, 0.34327, -74.72%
Time spent: 7.13s
- Epoch 011, ExpID 95986
Train - Loss (one batch): 0.41523
Val - Loss, MSE, RMSE, MAE, MAPE: 0.70060, 0.70060, 0.83702, 0.33384, -55.84%
Test - Best epoch, Loss, MSE, RMSE, MAE, MAPE: 7, 0.51217, 0.51217, 0.71566, 0.34327, -74.72%
Time spent: 7.12s
- Epoch 012, ExpID 95986
Train - Loss (one batch): 0.44194
Val - Loss, MSE, RMSE, MAE, MAPE: 0.70920, 0.70920, 0.84214, 0.33020, -54.23%
Test - Best epoch, Loss, MSE, RMSE, MAE, MAPE: 7, 0.51217, 0.51217, 0.71566, 0.34327, -74.72%
Time spent: 7.12s
- Epoch 013, ExpID 95986
Train - Loss (one batch): 0.40815
Val - Loss, MSE, RMSE, MAE, MAPE: 0.67150, 0.67150, 0.81945, 0.33333, -55.33%
Test - Best epoch, Loss, MSE, RMSE, MAE, MAPE: 13, 0.49857, 0.49857, 0.70610, 0.31135, -52.25%
Time spent: 8.45s
- Epoch 014, ExpID 95986
Train - Loss (one batch): 0.71791
Val - Loss, MSE, RMSE, MAE, MAPE: 0.70523, 0.70523, 0.83978, 0.33093, -51.21%
Test - Best epoch, Loss, MSE, RMSE, MAE, MAPE: 13, 0.49857, 0.49857, 0.70610, 0.31135, -52.25%
Time spent: 7.13s
- Epoch 015, ExpID 95986
Train - Loss (one batch): 0.56698
Val - Loss, MSE, RMSE, MAE, MAPE: 0.70561, 0.70561, 0.84001, 0.34353, -62.81%
Test - Best epoch, Loss, MSE, RMSE, MAE, MAPE: 13, 0.49857, 0.49857, 0.70610, 0.31135, -52.25%
Time spent: 7.16s
- Epoch 016, ExpID 95986
Train - Loss (one batch): 0.78881
Val - Loss, MSE, RMSE, MAE, MAPE: 0.71624, 0.71624, 0.84631, 0.35161, -69.97%
Test - Best epoch, Loss, MSE, RMSE, MAE, MAPE: 13, 0.49857, 0.49857, 0.70610, 0.31135, -52.25%
Time spent: 7.13s
- Epoch 017, ExpID 95986
Train - Loss (one batch): 0.46625
Val - Loss, MSE, RMSE, MAE, MAPE: 0.71304, 0.71304, 0.84442, 0.33198, -59.30%
Test - Best epoch, Loss, MSE, RMSE, MAE, MAPE: 13, 0.49857, 0.49857, 0.70610, 0.31135, -52.25%
Time spent: 7.13s
- Epoch 018, ExpID 95986
Train - Loss (one batch): 0.34573
Val - Loss, MSE, RMSE, MAE, MAPE: 0.70108, 0.70108, 0.83731, 0.32485, -53.78%
Test - Best epoch, Loss, MSE, RMSE, MAE, MAPE: 13, 0.49857, 0.49857, 0.70610, 0.31135, -52.25%
Time spent: 7.14s
- Epoch 019, ExpID 95986
Train - Loss (one batch): 0.48135
Val - Loss, MSE, RMSE, MAE, MAPE: 0.73141, 0.73141, 0.85522, 0.32461, -52.70%
Test - Best epoch, Loss, MSE, RMSE, MAE, MAPE: 13, 0.49857, 0.49857, 0.70610, 0.31135, -52.25%
Time spent: 7.13s
- Epoch 020, ExpID 95986
Train - Loss (one batch): 0.40041
Val - Loss, MSE, RMSE, MAE, MAPE: 0.68630, 0.68630, 0.82843, 0.34454, -69.09%
Test - Best epoch, Loss, MSE, RMSE, MAE, MAPE: 13, 0.49857, 0.49857, 0.70610, 0.31135, -52.25%
Time spent: 7.12s
- Epoch 021, ExpID 95986
Train - Loss (one batch): 0.46814
Val - Loss, MSE, RMSE, MAE, MAPE: 0.69250, 0.69250, 0.83216, 0.33509, -59.16%
Test - Best epoch, Loss, MSE, RMSE, MAE, MAPE: 13, 0.49857, 0.49857, 0.70610, 0.31135, -52.25%
Time spent: 7.13s
- Epoch 022, ExpID 95986
Train - Loss (one batch): 0.59328
Val - Loss, MSE, RMSE, MAE, MAPE: 0.74115, 0.74115, 0.86090, 0.32972, -56.10%
Test - Best epoch, Loss, MSE, RMSE, MAE, MAPE: 13, 0.49857, 0.49857, 0.70610, 0.31135, -52.25%
Time spent: 7.13s
- Epoch 023, ExpID 95986
Train - Loss (one batch): 0.32113
Val - Loss, MSE, RMSE, MAE, MAPE: 0.71595, 0.71595, 0.84614, 0.34897, -68.44%
Test - Best epoch, Loss, MSE, RMSE, MAE, MAPE: 13, 0.49857, 0.49857, 0.70610, 0.31135, -52.25%
Time spent: 7.14s
- Epoch 024, ExpID 95986
Train - Loss (one batch): 0.96860
Val - Loss, MSE, RMSE, MAE, MAPE: 0.71911, 0.71911, 0.84800, 0.33179, -58.87%
Test - Best epoch, Loss, MSE, RMSE, MAE, MAPE: 13, 0.49857, 0.49857, 0.70610, 0.31135, -52.25%
Time spent: 7.13s
- Epoch 025, ExpID 95986
Train - Loss (one batch): 0.46983
Val - Loss, MSE, RMSE, MAE, MAPE: 0.79487, 0.79487, 0.89156, 0.34127, -61.51%
Test - Best epoch, Loss, MSE, RMSE, MAE, MAPE: 13, 0.49857, 0.49857, 0.70610, 0.31135, -52.25%
Time spent: 7.13s
- Epoch 026, ExpID 95986
Train - Loss (one batch): 1.11611
Val - Loss, MSE, RMSE, MAE, MAPE: 0.68789, 0.68789, 0.82939, 0.35306, -72.67%
Test - Best epoch, Loss, MSE, RMSE, MAE, MAPE: 13, 0.49857, 0.49857, 0.70610, 0.31135, -52.25%
Time spent: 7.13s
- Epoch 027, ExpID 95986
Train - Loss (one batch): 0.42105
Val - Loss, MSE, RMSE, MAE, MAPE: 0.73396, 0.73396, 0.85671, 0.32589, -54.15%
Test - Best epoch, Loss, MSE, RMSE, MAE, MAPE: 13, 0.49857, 0.49857, 0.70610, 0.31135, -52.25%
Time spent: 7.13s
- Epoch 028, ExpID 95986
Train - Loss (one batch): 0.28236
Val - Loss, MSE, RMSE, MAE, MAPE: 0.74350, 0.74350, 0.86227, 0.31880, -47.92%
Test - Best epoch, Loss, MSE, RMSE, MAE, MAPE: 13, 0.49857, 0.49857, 0.70610, 0.31135, -52.25%
Time spent: 7.13s
- Epoch 029, ExpID 95986
Train - Loss (one batch): 0.48190
Val - Loss, MSE, RMSE, MAE, MAPE: 0.72856, 0.72856, 0.85356, 0.32727, -54.94%
Test - Best epoch, Loss, MSE, RMSE, MAE, MAPE: 13, 0.49857, 0.49857, 0.70610, 0.31135, -52.25%
Time spent: 7.13s
- Epoch 030, ExpID 95986
Train - Loss (one batch): 0.58791
Val - Loss, MSE, RMSE, MAE, MAPE: 0.74070, 0.74070, 0.86064, 0.33172, -55.94%
Test - Best epoch, Loss, MSE, RMSE, MAE, MAPE: 13, 0.49857, 0.49857, 0.70610, 0.31135, -52.25%
Time spent: 7.13s
- Epoch 031, ExpID 95986
Train - Loss (one batch): 0.34326
Val - Loss, MSE, RMSE, MAE, MAPE: 0.74604, 0.74604, 0.86374, 0.31740, -46.63%
Test - Best epoch, Loss, MSE, RMSE, MAE, MAPE: 13, 0.49857, 0.49857, 0.70610, 0.31135, -52.25%
Time spent: 7.13s
- Epoch 032, ExpID 95986
Train - Loss (one batch): 0.54423
Val - Loss, MSE, RMSE, MAE, MAPE: 0.72951, 0.72951, 0.85411, 0.33056, -56.85%
Test - Best epoch, Loss, MSE, RMSE, MAE, MAPE: 13, 0.49857, 0.49857, 0.70610, 0.31135, -52.25%
Time spent: 7.13s
- Epoch 033, ExpID 95986
Train - Loss (one batch): 0.32189
Val - Loss, MSE, RMSE, MAE, MAPE: 0.75706, 0.75706, 0.87009, 0.33004, -57.34%
Test - Best epoch, Loss, MSE, RMSE, MAE, MAPE: 13, 0.49857, 0.49857, 0.70610, 0.31135, -52.25%
Time spent: 7.12s
/home/ouass/Test/MSP-IMTS/tPatchGNN/run_models.py
2026-03-18 07:46:58
run_models.py --dataset ushcn --state def --history 24 --batch_size 192 --lr 1e-3 --patience 20 --epoch 400 --nhead 1 --tf_layer 1 --nlayer 1 --te_dim 10 --node_dim 10 --hid_dim 32 --outlayer Linear --seed 2 --gpu 0 --multi_scales 2,8,24 --multi_strides 2,8,24 --metric per_dim --fusion attn
Namespace(multi_scales='2,8,24', multi_strides='2,8,24', fusion='attn', state='def', n=100000000, hop=1, nhead=1, tf_layer=1, nlayer=1, epoch=400, patience=20, history=24, patch_size=24, stride=24, logmode='a', lr=0.001, w_decay=0.0, batch_size=192, save='experiments/', load=None, seed=2, dataset='ushcn', quantization=0.0, model='tPatchGNN', outlayer='Linear', hid_dim=32, te_dim=10, node_dim=10, gpu='0', metric='per_dim', npatch=1, device=device(type='cuda'), PID=4040741, n_months=48, pred_window=1, ndim=5)
- Epoch 000, ExpID 69045
Train - Loss (one batch): 0.55479
Val - Loss, MSE, RMSE, MAE, MAPE: 0.87937, 0.87937, 0.93775, 0.38301, -71.21%
Test - Best epoch, Loss, MSE, RMSE, MAE, MAPE: 0, 0.54549, 0.54549, 0.73857, 0.35378, -66.66%
Time spent: 8.50s
- Epoch 001, ExpID 69045
Train - Loss (one batch): 0.60107
Val - Loss, MSE, RMSE, MAE, MAPE: 0.79090, 0.79090, 0.88933, 0.34812, -54.82%
Test - Best epoch, Loss, MSE, RMSE, MAE, MAPE: 1, 0.51874, 0.51874, 0.72023, 0.32336, -52.55%
Time spent: 8.44s
- Epoch 002, ExpID 69045
Train - Loss (one batch): 0.46392
Val - Loss, MSE, RMSE, MAE, MAPE: 0.74611, 0.74611, 0.86378, 0.34799, -55.32%
Test - Best epoch, Loss, MSE, RMSE, MAE, MAPE: 2, 0.51921, 0.51921, 0.72056, 0.32406, -53.70%
Time spent: 8.44s
- Epoch 003, ExpID 69045
Train - Loss (one batch): 0.39659
Val - Loss, MSE, RMSE, MAE, MAPE: 0.71196, 0.71196, 0.84378, 0.34580, -60.17%
Test - Best epoch, Loss, MSE, RMSE, MAE, MAPE: 3, 0.50971, 0.50971, 0.71394, 0.32228, -57.83%
Time spent: 8.43s
- Epoch 004, ExpID 69045
Train - Loss (one batch): 0.47738
Val - Loss, MSE, RMSE, MAE, MAPE: 0.72912, 0.72912, 0.85389, 0.35275, -65.29%
Test - Best epoch, Loss, MSE, RMSE, MAE, MAPE: 3, 0.50971, 0.50971, 0.71394, 0.32228, -57.83%
Time spent: 7.12s
- Epoch 005, ExpID 69045
Train - Loss (one batch): 0.59578
Val - Loss, MSE, RMSE, MAE, MAPE: 0.69925, 0.69925, 0.83621, 0.33831, -59.16%
Test - Best epoch, Loss, MSE, RMSE, MAE, MAPE: 5, 0.50436, 0.50436, 0.71018, 0.31526, -56.40%
Time spent: 8.44s
- Epoch 006, ExpID 69045
Train - Loss (one batch): 0.35299
Val - Loss, MSE, RMSE, MAE, MAPE: 0.68923, 0.68923, 0.83020, 0.32573, -52.99%
Test - Best epoch, Loss, MSE, RMSE, MAE, MAPE: 6, 0.50720, 0.50720, 0.71218, 0.30466, -50.41%
Time spent: 8.44s
- Epoch 007, ExpID 69045
Train - Loss (one batch): 0.37910
Val - Loss, MSE, RMSE, MAE, MAPE: 0.70489, 0.70489, 0.83958, 0.33738, -56.44%
Test - Best epoch, Loss, MSE, RMSE, MAE, MAPE: 6, 0.50720, 0.50720, 0.71218, 0.30466, -50.41%
Time spent: 7.12s
- Epoch 008, ExpID 69045
Train - Loss (one batch): 0.28260
Val - Loss, MSE, RMSE, MAE, MAPE: 0.68515, 0.68515, 0.82774, 0.34369, -62.85%
Test - Best epoch, Loss, MSE, RMSE, MAE, MAPE: 8, 0.50470, 0.50470, 0.71042, 0.32234, -60.31%
Time spent: 8.43s
- Epoch 009, ExpID 69045
Train - Loss (one batch): 0.31198
Val - Loss, MSE, RMSE, MAE, MAPE: 0.68315, 0.68315, 0.82653, 0.34281, -63.76%
Test - Best epoch, Loss, MSE, RMSE, MAE, MAPE: 9, 0.50294, 0.50294, 0.70918, 0.32220, -63.47%
Time spent: 8.44s
- Epoch 010, ExpID 69045
Train - Loss (one batch): 0.58814
Val - Loss, MSE, RMSE, MAE, MAPE: 0.67184, 0.67184, 0.81966, 0.32462, -46.31%
Test - Best epoch, Loss, MSE, RMSE, MAE, MAPE: 10, 0.50529, 0.50529, 0.71084, 0.30274, -44.83%
Time spent: 8.44s
- Epoch 011, ExpID 69045
Train - Loss (one batch): 0.45594
Val - Loss, MSE, RMSE, MAE, MAPE: 0.67351, 0.67351, 0.82068, 0.33056, -51.35%
Test - Best epoch, Loss, MSE, RMSE, MAE, MAPE: 10, 0.50529, 0.50529, 0.71084, 0.30274, -44.83%
Time spent: 7.12s
- Epoch 012, ExpID 69045
Train - Loss (one batch): 0.42061
Val - Loss, MSE, RMSE, MAE, MAPE: 0.63672, 0.63672, 0.79795, 0.32594, -53.36%
Test - Best epoch, Loss, MSE, RMSE, MAE, MAPE: 12, 0.50089, 0.50089, 0.70773, 0.30602, -51.96%
Time spent: 8.44s
- Epoch 013, ExpID 69045
Train - Loss (one batch): 1.27149
Val - Loss, MSE, RMSE, MAE, MAPE: 0.66939, 0.66939, 0.81816, 0.33552, -60.23%
Test - Best epoch, Loss, MSE, RMSE, MAE, MAPE: 12, 0.50089, 0.50089, 0.70773, 0.30602, -51.96%
Time spent: 7.12s
- Epoch 014, ExpID 69045
Train - Loss (one batch): 0.40751
Val - Loss, MSE, RMSE, MAE, MAPE: 0.68140, 0.68140, 0.82547, 0.31669, -44.26%
Test - Best epoch, Loss, MSE, RMSE, MAE, MAPE: 12, 0.50089, 0.50089, 0.70773, 0.30602, -51.96%
Time spent: 7.12s
- Epoch 015, ExpID 69045
Train - Loss (one batch): 0.43546
Val - Loss, MSE, RMSE, MAE, MAPE: 0.63826, 0.63826, 0.79891, 0.33813, -62.16%
Test - Best epoch, Loss, MSE, RMSE, MAE, MAPE: 12, 0.50089, 0.50089, 0.70773, 0.30602, -51.96%
Time spent: 7.12s
- Epoch 016, ExpID 69045
Train - Loss (one batch): 0.31208
Val - Loss, MSE, RMSE, MAE, MAPE: 0.69505, 0.69505, 0.83370, 0.31244, -41.63%
Test - Best epoch, Loss, MSE, RMSE, MAE, MAPE: 12, 0.50089, 0.50089, 0.70773, 0.30602, -51.96%
Time spent: 7.12s
- Epoch 017, ExpID 69045
Train - Loss (one batch): 0.27091
Val - Loss, MSE, RMSE, MAE, MAPE: 0.65643, 0.65643, 0.81021, 0.32342, -54.48%
Test - Best epoch, Loss, MSE, RMSE, MAE, MAPE: 12, 0.50089, 0.50089, 0.70773, 0.30602, -51.96%
Time spent: 7.12s
- Epoch 018, ExpID 69045
Train - Loss (one batch): 0.52968
Val - Loss, MSE, RMSE, MAE, MAPE: 0.70990, 0.70990, 0.84255, 0.34180, -59.93%
Test - Best epoch, Loss, MSE, RMSE, MAE, MAPE: 12, 0.50089, 0.50089, 0.70773, 0.30602, -51.96%
Time spent: 7.13s
- Epoch 019, ExpID 69045
Train - Loss (one batch): 0.34337
Val - Loss, MSE, RMSE, MAE, MAPE: 0.68128, 0.68128, 0.82540, 0.32501, -51.98%
Test - Best epoch, Loss, MSE, RMSE, MAE, MAPE: 12, 0.50089, 0.50089, 0.70773, 0.30602, -51.96%
Time spent: 7.12s
- Epoch 020, ExpID 69045
Train - Loss (one batch): 0.33276
Val - Loss, MSE, RMSE, MAE, MAPE: 0.67583, 0.67583, 0.82209, 0.32673, -53.41%
Test - Best epoch, Loss, MSE, RMSE, MAE, MAPE: 12, 0.50089, 0.50089, 0.70773, 0.30602, -51.96%
Time spent: 7.12s
- Epoch 021, ExpID 69045
Train - Loss (one batch): 0.30378
Val - Loss, MSE, RMSE, MAE, MAPE: 0.65087, 0.65087, 0.80677, 0.32920, -56.11%
Test - Best epoch, Loss, MSE, RMSE, MAE, MAPE: 12, 0.50089, 0.50089, 0.70773, 0.30602, -51.96%
Time spent: 7.12s
- Epoch 022, ExpID 69045
Train - Loss (one batch): 0.73769
Val - Loss, MSE, RMSE, MAE, MAPE: 0.64173, 0.64173, 0.80108, 0.33512, -62.65%
Test - Best epoch, Loss, MSE, RMSE, MAE, MAPE: 12, 0.50089, 0.50089, 0.70773, 0.30602, -51.96%
Time spent: 7.11s
- Epoch 023, ExpID 69045
Train - Loss (one batch): 0.42543
Val - Loss, MSE, RMSE, MAE, MAPE: 0.65384, 0.65384, 0.80860, 0.33527, -61.23%
Test - Best epoch, Loss, MSE, RMSE, MAE, MAPE: 12, 0.50089, 0.50089, 0.70773, 0.30602, -51.96%
Time spent: 7.13s
- Epoch 024, ExpID 69045
Train - Loss (one batch): 0.30715
Val - Loss, MSE, RMSE, MAE, MAPE: 0.66038, 0.66038, 0.81264, 0.32083, -52.38%
Test - Best epoch, Loss, MSE, RMSE, MAE, MAPE: 12, 0.50089, 0.50089, 0.70773, 0.30602, -51.96%
Time spent: 7.13s
- Epoch 025, ExpID 69045
Train - Loss (one batch): 0.42077
Val - Loss, MSE, RMSE, MAE, MAPE: 0.64540, 0.64540, 0.80337, 0.32450, -56.92%
Test - Best epoch, Loss, MSE, RMSE, MAE, MAPE: 12, 0.50089, 0.50089, 0.70773, 0.30602, -51.96%
Time spent: 7.13s
- Epoch 026, ExpID 69045
Train - Loss (one batch): 0.25328
Val - Loss, MSE, RMSE, MAE, MAPE: 0.67091, 0.67091, 0.81909, 0.32482, -53.47%
Test - Best epoch, Loss, MSE, RMSE, MAE, MAPE: 12, 0.50089, 0.50089, 0.70773, 0.30602, -51.96%
Time spent: 7.12s
- Epoch 027, ExpID 69045
Train - Loss (one batch): 1.53906
Val - Loss, MSE, RMSE, MAE, MAPE: 0.63489, 0.63489, 0.79680, 0.31922, -51.39%
Test - Best epoch, Loss, MSE, RMSE, MAE, MAPE: 27, 0.49493, 0.49493, 0.70351, 0.29818, -49.32%
Time spent: 8.44s
- Epoch 028, ExpID 69045
Train - Loss (one batch): 0.61755
Val - Loss, MSE, RMSE, MAE, MAPE: 0.64428, 0.64428, 0.80267, 0.32060, -53.75%
Test - Best epoch, Loss, MSE, RMSE, MAE, MAPE: 27, 0.49493, 0.49493, 0.70351, 0.29818, -49.32%
Time spent: 7.13s
- Epoch 029, ExpID 69045
Train - Loss (one batch): 0.51022
Val - Loss, MSE, RMSE, MAE, MAPE: 0.66698, 0.66698, 0.81669, 0.31955, -51.38%
Test - Best epoch, Loss, MSE, RMSE, MAE, MAPE: 27, 0.49493, 0.49493, 0.70351, 0.29818, -49.32%
Time spent: 7.12s
- Epoch 030, ExpID 69045
Train - Loss (one batch): 0.63915
Val - Loss, MSE, RMSE, MAE, MAPE: 0.63759, 0.63759, 0.79850, 0.33888, -69.00%
Test - Best epoch, Loss, MSE, RMSE, MAE, MAPE: 27, 0.49493, 0.49493, 0.70351, 0.29818, -49.32%
Time spent: 7.13s
- Epoch 031, ExpID 69045
Train - Loss (one batch): 0.53620
Val - Loss, MSE, RMSE, MAE, MAPE: 0.65524, 0.65524, 0.80947, 0.33021, -62.09%
Test - Best epoch, Loss, MSE, RMSE, MAE, MAPE: 27, 0.49493, 0.49493, 0.70351, 0.29818, -49.32%
Time spent: 7.12s
- Epoch 032, ExpID 69045
Train - Loss (one batch): 0.61024
Val - Loss, MSE, RMSE, MAE, MAPE: 0.64403, 0.64403, 0.80251, 0.32710, -61.10%
Test - Best epoch, Loss, MSE, RMSE, MAE, MAPE: 27, 0.49493, 0.49493, 0.70351, 0.29818, -49.32%
Time spent: 7.12s
- Epoch 033, ExpID 69045
Train - Loss (one batch): 0.47360
Val - Loss, MSE, RMSE, MAE, MAPE: 0.65963, 0.65963, 0.81217, 0.31623, -49.65%
Test - Best epoch, Loss, MSE, RMSE, MAE, MAPE: 27, 0.49493, 0.49493, 0.70351, 0.29818, -49.32%
Time spent: 7.11s
- Epoch 034, ExpID 69045
Train - Loss (one batch): 0.52272
Val - Loss, MSE, RMSE, MAE, MAPE: 0.65083, 0.65083, 0.80674, 0.33633, -65.54%
Test - Best epoch, Loss, MSE, RMSE, MAE, MAPE: 27, 0.49493, 0.49493, 0.70351, 0.29818, -49.32%
Time spent: 7.12s
- Epoch 035, ExpID 69045
Train - Loss (one batch): 0.33002
Val - Loss, MSE, RMSE, MAE, MAPE: 0.64787, 0.64787, 0.80490, 0.31514, -50.28%
Test - Best epoch, Loss, MSE, RMSE, MAE, MAPE: 27, 0.49493, 0.49493, 0.70351, 0.29818, -49.32%
Time spent: 7.11s
- Epoch 036, ExpID 69045
Train - Loss (one batch): 0.26259
Val - Loss, MSE, RMSE, MAE, MAPE: 0.65562, 0.65562, 0.80970, 0.32122, -53.87%
Test - Best epoch, Loss, MSE, RMSE, MAE, MAPE: 27, 0.49493, 0.49493, 0.70351, 0.29818, -49.32%
Time spent: 7.12s
- Epoch 037, ExpID 69045
Train - Loss (one batch): 0.38923
Val - Loss, MSE, RMSE, MAE, MAPE: 0.60883, 0.60883, 0.78028, 0.32540, -56.98%
Test - Best epoch, Loss, MSE, RMSE, MAE, MAPE: 37, 0.49886, 0.49886, 0.70630, 0.30417, -54.40%
Time spent: 8.44s
- Epoch 038, ExpID 69045
Train - Loss (one batch): 0.31292
Val - Loss, MSE, RMSE, MAE, MAPE: 0.63961, 0.63961, 0.79976, 0.32117, -53.95%
Test - Best epoch, Loss, MSE, RMSE, MAE, MAPE: 37, 0.49886, 0.49886, 0.70630, 0.30417, -54.40%
Time spent: 7.12s
- Epoch 039, ExpID 69045
Train - Loss (one batch): 0.92949
Val - Loss, MSE, RMSE, MAE, MAPE: 0.63251, 0.63251, 0.79531, 0.32753, -57.70%
Test - Best epoch, Loss, MSE, RMSE, MAE, MAPE: 37, 0.49886, 0.49886, 0.70630, 0.30417, -54.40%
Time spent: 7.12s
- Epoch 040, ExpID 69045
Train - Loss (one batch): 0.58001
Val - Loss, MSE, RMSE, MAE, MAPE: 0.64972, 0.64972, 0.80605, 0.31992, -53.05%
Test - Best epoch, Loss, MSE, RMSE, MAE, MAPE: 37, 0.49886, 0.49886, 0.70630, 0.30417, -54.40%
Time spent: 7.12s
- Epoch 041, ExpID 69045
Train - Loss (one batch): 0.58828
Val - Loss, MSE, RMSE, MAE, MAPE: 0.65801, 0.65801, 0.81118, 0.32311, -55.52%
Test - Best epoch, Loss, MSE, RMSE, MAE, MAPE: 37, 0.49886, 0.49886, 0.70630, 0.30417, -54.40%
Time spent: 7.12s
- Epoch 042, ExpID 69045
Train - Loss (one batch): 0.25542
Val - Loss, MSE, RMSE, MAE, MAPE: 0.68686, 0.68686, 0.82877, 0.32521, -49.10%
Test - Best epoch, Loss, MSE, RMSE, MAE, MAPE: 37, 0.49886, 0.49886, 0.70630, 0.30417, -54.40%
Time spent: 7.12s
- Epoch 043, ExpID 69045
Train - Loss (one batch): 0.35436
Val - Loss, MSE, RMSE, MAE, MAPE: 0.66243, 0.66243, 0.81390, 0.32268, -53.88%
Test - Best epoch, Loss, MSE, RMSE, MAE, MAPE: 37, 0.49886, 0.49886, 0.70630, 0.30417, -54.40%
Time spent: 7.11s
- Epoch 044, ExpID 69045
Train - Loss (one batch): 0.49560
Val - Loss, MSE, RMSE, MAE, MAPE: 0.64150, 0.64150, 0.80093, 0.32615, -55.84%
Test - Best epoch, Loss, MSE, RMSE, MAE, MAPE: 37, 0.49886, 0.49886, 0.70630, 0.30417, -54.40%
Time spent: 7.12s
- Epoch 045, ExpID 69045
Train - Loss (one batch): 0.32265
Val - Loss, MSE, RMSE, MAE, MAPE: 0.69244, 0.69244, 0.83213, 0.32668, -56.89%
Test - Best epoch, Loss, MSE, RMSE, MAE, MAPE: 37, 0.49886, 0.49886, 0.70630, 0.30417, -54.40%
Time spent: 7.12s
- Epoch 046, ExpID 69045
Train - Loss (one batch): 0.72414
Val - Loss, MSE, RMSE, MAE, MAPE: 0.66054, 0.66054, 0.81274, 0.32414, -53.50%
Test - Best epoch, Loss, MSE, RMSE, MAE, MAPE: 37, 0.49886, 0.49886, 0.70630, 0.30417, -54.40%
Time spent: 7.12s
- Epoch 047, ExpID 69045
Train - Loss (one batch): 0.30682
Val - Loss, MSE, RMSE, MAE, MAPE: 0.70138, 0.70138, 0.83749, 0.33383, -61.31%
Test - Best epoch, Loss, MSE, RMSE, MAE, MAPE: 37, 0.49886, 0.49886, 0.70630, 0.30417, -54.40%
Time spent: 7.12s
- Epoch 048, ExpID 69045
Train - Loss (one batch): 0.42148
Val - Loss, MSE, RMSE, MAE, MAPE: 0.65866, 0.65866, 0.81158, 0.32295, -54.50%
Test - Best epoch, Loss, MSE, RMSE, MAE, MAPE: 37, 0.49886, 0.49886, 0.70630, 0.30417, -54.40%
Time spent: 7.12s
- Epoch 049, ExpID 69045
Train - Loss (one batch): 0.47068
Val - Loss, MSE, RMSE, MAE, MAPE: 0.68706, 0.68706, 0.82889, 0.32762, -53.77%
Test - Best epoch, Loss, MSE, RMSE, MAE, MAPE: 37, 0.49886, 0.49886, 0.70630, 0.30417, -54.40%
Time spent: 7.12s
- Epoch 050, ExpID 69045
Train - Loss (one batch): 0.46118
Val - Loss, MSE, RMSE, MAE, MAPE: 0.66675, 0.66675, 0.81655, 0.31688, -51.82%
Test - Best epoch, Loss, MSE, RMSE, MAE, MAPE: 37, 0.49886, 0.49886, 0.70630, 0.30417, -54.40%
Time spent: 7.12s
- Epoch 051, ExpID 69045
Train - Loss (one batch): 0.32428
Val - Loss, MSE, RMSE, MAE, MAPE: 0.67801, 0.67801, 0.82341, 0.32536, -55.17%
Test - Best epoch, Loss, MSE, RMSE, MAE, MAPE: 37, 0.49886, 0.49886, 0.70630, 0.30417, -54.40%
Time spent: 7.13s
- Epoch 052, ExpID 69045
Train - Loss (one batch): 0.39973
Val - Loss, MSE, RMSE, MAE, MAPE: 0.66589, 0.66589, 0.81602, 0.33529, -63.57%
Test - Best epoch, Loss, MSE, RMSE, MAE, MAPE: 37, 0.49886, 0.49886, 0.70630, 0.30417, -54.40%
Time spent: 7.12s
- Epoch 053, ExpID 69045
Train - Loss (one batch): 0.34242
Val - Loss, MSE, RMSE, MAE, MAPE: 0.66631, 0.66631, 0.81628, 0.31818, -49.39%
Test - Best epoch, Loss, MSE, RMSE, MAE, MAPE: 37, 0.49886, 0.49886, 0.70630, 0.30417, -54.40%
Time spent: 7.12s
- Epoch 054, ExpID 69045
Train - Loss (one batch): 0.40064
Val - Loss, MSE, RMSE, MAE, MAPE: 0.67218, 0.67218, 0.81987, 0.32069, -52.17%
Test - Best epoch, Loss, MSE, RMSE, MAE, MAPE: 37, 0.49886, 0.49886, 0.70630, 0.30417, -54.40%
Time spent: 7.12s
- Epoch 055, ExpID 69045
Train - Loss (one batch): 0.37110
Val - Loss, MSE, RMSE, MAE, MAPE: 0.68203, 0.68203, 0.82585, 0.32634, -55.93%
Test - Best epoch, Loss, MSE, RMSE, MAE, MAPE: 37, 0.49886, 0.49886, 0.70630, 0.30417, -54.40%
Time spent: 7.13s
- Epoch 056, ExpID 69045
Train - Loss (one batch): 0.43997
Val - Loss, MSE, RMSE, MAE, MAPE: 0.68839, 0.68839, 0.82970, 0.31336, -46.09%
Test - Best epoch, Loss, MSE, RMSE, MAE, MAPE: 37, 0.49886, 0.49886, 0.70630, 0.30417, -54.40%
Time spent: 7.12s
- Epoch 057, ExpID 69045
Train - Loss (one batch): 0.45066
Val - Loss, MSE, RMSE, MAE, MAPE: 0.67025, 0.67025, 0.81869, 0.32725, -59.14%
Test - Best epoch, Loss, MSE, RMSE, MAE, MAPE: 37, 0.49886, 0.49886, 0.70630, 0.30417, -54.40%
Time spent: 7.12s
/home/ouass/Test/MSP-IMTS/tPatchGNN/run_models.py
2026-03-18 07:54:23
run_models.py --dataset ushcn --state def --history 24 --batch_size 192 --lr 1e-3 --patience 20 --epoch 400 --nhead 1 --tf_layer 1 --nlayer 1 --te_dim 10 --node_dim 10 --hid_dim 32 --outlayer Linear --seed 3 --gpu 0 --multi_scales 2,8,24 --multi_strides 2,8,24 --metric per_dim --fusion attn
Namespace(multi_scales='2,8,24', multi_strides='2,8,24', fusion='attn', state='def', n=100000000, hop=1, nhead=1, tf_layer=1, nlayer=1, epoch=400, patience=20, history=24, patch_size=24, stride=24, logmode='a', lr=0.001, w_decay=0.0, batch_size=192, save='experiments/', load=None, seed=3, dataset='ushcn', quantization=0.0, model='tPatchGNN', outlayer='Linear', hid_dim=32, te_dim=10, node_dim=10, gpu='0', metric='per_dim', npatch=1, device=device(type='cuda'), PID=4048085, n_months=48, pred_window=1, ndim=5)
- Epoch 000, ExpID 19387
Train - Loss (one batch): 0.41515
Val - Loss, MSE, RMSE, MAE, MAPE: 0.83541, 0.83541, 0.91401, 0.34271, -55.73%
Test - Best epoch, Loss, MSE, RMSE, MAE, MAPE: 0, 0.52022, 0.52022, 0.72126, 0.31604, -53.26%
Time spent: 8.53s
- Epoch 001, ExpID 19387
Train - Loss (one batch): 0.65442
Val - Loss, MSE, RMSE, MAE, MAPE: 0.76327, 0.76327, 0.87366, 0.34513, -60.61%
Test - Best epoch, Loss, MSE, RMSE, MAE, MAPE: 1, 0.51699, 0.51699, 0.71902, 0.32098, -57.57%
Time spent: 8.49s
- Epoch 002, ExpID 19387
Train - Loss (one batch): 0.58648
Val - Loss, MSE, RMSE, MAE, MAPE: 0.76724, 0.76724, 0.87592, 0.35128, -62.44%
Test - Best epoch, Loss, MSE, RMSE, MAE, MAPE: 1, 0.51699, 0.51699, 0.71902, 0.32098, -57.57%
Time spent: 7.16s
- Epoch 003, ExpID 19387
Train - Loss (one batch): 0.23295
Val - Loss, MSE, RMSE, MAE, MAPE: 0.75795, 0.75795, 0.87060, 0.37023, -77.86%
Test - Best epoch, Loss, MSE, RMSE, MAE, MAPE: 3, 0.51935, 0.51935, 0.72066, 0.34684, -75.61%
Time spent: 8.49s
- Epoch 004, ExpID 19387
Train - Loss (one batch): 0.36092
Val - Loss, MSE, RMSE, MAE, MAPE: 0.74699, 0.74699, 0.86429, 0.34346, -60.54%
Test - Best epoch, Loss, MSE, RMSE, MAE, MAPE: 4, 0.51997, 0.51997, 0.72109, 0.31922, -57.65%
Time spent: 8.49s
- Epoch 005, ExpID 19387
Train - Loss (one batch): 0.45435
Val - Loss, MSE, RMSE, MAE, MAPE: 0.72902, 0.72902, 0.85382, 0.33981, -58.21%
Test - Best epoch, Loss, MSE, RMSE, MAE, MAPE: 5, 0.51460, 0.51460, 0.71735, 0.31583, -55.47%
Time spent: 8.50s
- Epoch 006, ExpID 19387
Train - Loss (one batch): 0.48998
Val - Loss, MSE, RMSE, MAE, MAPE: 0.72955, 0.72955, 0.85413, 0.37919, -83.89%
Test - Best epoch, Loss, MSE, RMSE, MAE, MAPE: 5, 0.51460, 0.51460, 0.71735, 0.31583, -55.47%
Time spent: 7.17s
- Epoch 007, ExpID 19387
Train - Loss (one batch): 1.45773
Val - Loss, MSE, RMSE, MAE, MAPE: 0.72871, 0.72871, 0.85364, 0.34455, -60.99%
Test - Best epoch, Loss, MSE, RMSE, MAE, MAPE: 7, 0.51853, 0.51853, 0.72009, 0.32092, -57.15%
Time spent: 8.49s
- Epoch 008, ExpID 19387
Train - Loss (one batch): 0.58195
Val - Loss, MSE, RMSE, MAE, MAPE: 0.71321, 0.71321, 0.84452, 0.34277, -61.25%
Test - Best epoch, Loss, MSE, RMSE, MAE, MAPE: 8, 0.51187, 0.51187, 0.71545, 0.31881, -57.11%
Time spent: 8.49s
- Epoch 009, ExpID 19387
Train - Loss (one batch): 0.42182
Val - Loss, MSE, RMSE, MAE, MAPE: 0.70551, 0.70551, 0.83995, 0.33318, -49.70%
Test - Best epoch, Loss, MSE, RMSE, MAE, MAPE: 9, 0.51023, 0.51023, 0.71431, 0.31005, -46.65%
Time spent: 8.49s
- Epoch 010, ExpID 19387
Train - Loss (one batch): 0.45984
Val - Loss, MSE, RMSE, MAE, MAPE: 0.71827, 0.71827, 0.84751, 0.33364, -52.95%
Test - Best epoch, Loss, MSE, RMSE, MAE, MAPE: 9, 0.51023, 0.51023, 0.71431, 0.31005, -46.65%
Time spent: 7.15s
- Epoch 011, ExpID 19387
Train - Loss (one batch): 0.56087
Val - Loss, MSE, RMSE, MAE, MAPE: 0.70018, 0.70018, 0.83677, 0.34101, -61.65%
Test - Best epoch, Loss, MSE, RMSE, MAE, MAPE: 11, 0.50535, 0.50535, 0.71088, 0.31621, -57.34%
Time spent: 8.49s
- Epoch 012, ExpID 19387
Train - Loss (one batch): 0.35677
Val - Loss, MSE, RMSE, MAE, MAPE: 0.69259, 0.69259, 0.83222, 0.33356, -53.05%
Test - Best epoch, Loss, MSE, RMSE, MAE, MAPE: 12, 0.50399, 0.50399, 0.70992, 0.30934, -49.33%
Time spent: 8.49s
- Epoch 013, ExpID 19387
Train - Loss (one batch): 1.55987
Val - Loss, MSE, RMSE, MAE, MAPE: 0.70334, 0.70334, 0.83866, 0.35687, -72.48%
Test - Best epoch, Loss, MSE, RMSE, MAE, MAPE: 12, 0.50399, 0.50399, 0.70992, 0.30934, -49.33%
Time spent: 7.16s
- Epoch 014, ExpID 19387
Train - Loss (one batch): 0.33745
Val - Loss, MSE, RMSE, MAE, MAPE: 0.67975, 0.67975, 0.82447, 0.32758, -53.78%
Test - Best epoch, Loss, MSE, RMSE, MAE, MAPE: 14, 0.50087, 0.50087, 0.70772, 0.30452, -50.48%
Time spent: 8.49s
- Epoch 015, ExpID 19387
Train - Loss (one batch): 0.34745
Val - Loss, MSE, RMSE, MAE, MAPE: 0.70055, 0.70055, 0.83699, 0.33070, -49.15%
Test - Best epoch, Loss, MSE, RMSE, MAE, MAPE: 14, 0.50087, 0.50087, 0.70772, 0.30452, -50.48%
Time spent: 7.15s
- Epoch 016, ExpID 19387
Train - Loss (one batch): 0.45881
Val - Loss, MSE, RMSE, MAE, MAPE: 0.70903, 0.70903, 0.84204, 0.34522, -63.31%
Test - Best epoch, Loss, MSE, RMSE, MAE, MAPE: 14, 0.50087, 0.50087, 0.70772, 0.30452, -50.48%
Time spent: 7.17s
- Epoch 017, ExpID 19387
Train - Loss (one batch): 0.49296
Val - Loss, MSE, RMSE, MAE, MAPE: 0.68919, 0.68919, 0.83017, 0.33323, -49.65%
Test - Best epoch, Loss, MSE, RMSE, MAE, MAPE: 14, 0.50087, 0.50087, 0.70772, 0.30452, -50.48%
Time spent: 7.17s
- Epoch 018, ExpID 19387
Train - Loss (one batch): 0.38244
Val - Loss, MSE, RMSE, MAE, MAPE: 0.70309, 0.70309, 0.83850, 0.33856, -57.73%
Test - Best epoch, Loss, MSE, RMSE, MAE, MAPE: 14, 0.50087, 0.50087, 0.70772, 0.30452, -50.48%
Time spent: 7.15s
- Epoch 019, ExpID 19387
Train - Loss (one batch): 0.55521
Val - Loss, MSE, RMSE, MAE, MAPE: 0.68650, 0.68650, 0.82855, 0.33579, -58.48%
Test - Best epoch, Loss, MSE, RMSE, MAE, MAPE: 14, 0.50087, 0.50087, 0.70772, 0.30452, -50.48%
Time spent: 7.16s
- Epoch 020, ExpID 19387
Train - Loss (one batch): 0.49527
Val - Loss, MSE, RMSE, MAE, MAPE: 0.71818, 0.71818, 0.84745, 0.35202, -69.76%
Test - Best epoch, Loss, MSE, RMSE, MAE, MAPE: 14, 0.50087, 0.50087, 0.70772, 0.30452, -50.48%
Time spent: 7.16s
- Epoch 021, ExpID 19387
Train - Loss (one batch): 0.38327
Val - Loss, MSE, RMSE, MAE, MAPE: 0.69956, 0.69956, 0.83639, 0.33024, -53.57%
Test - Best epoch, Loss, MSE, RMSE, MAE, MAPE: 14, 0.50087, 0.50087, 0.70772, 0.30452, -50.48%
Time spent: 7.16s
- Epoch 022, ExpID 19387
Train - Loss (one batch): 0.53256
Val - Loss, MSE, RMSE, MAE, MAPE: 0.68238, 0.68238, 0.82606, 0.33579, -59.85%
Test - Best epoch, Loss, MSE, RMSE, MAE, MAPE: 14, 0.50087, 0.50087, 0.70772, 0.30452, -50.48%
Time spent: 7.16s
- Epoch 023, ExpID 19387
Train - Loss (one batch): 0.37130
Val - Loss, MSE, RMSE, MAE, MAPE: 0.67701, 0.67701, 0.82281, 0.34755, -66.58%
Test - Best epoch, Loss, MSE, RMSE, MAE, MAPE: 23, 0.50121, 0.50121, 0.70796, 0.32543, -63.99%
Time spent: 8.49s
- Epoch 024, ExpID 19387
Train - Loss (one batch): 0.34941
Val - Loss, MSE, RMSE, MAE, MAPE: 0.67710, 0.67710, 0.82286, 0.32843, -56.92%
Test - Best epoch, Loss, MSE, RMSE, MAE, MAPE: 23, 0.50121, 0.50121, 0.70796, 0.32543, -63.99%
Time spent: 7.17s
- Epoch 025, ExpID 19387
Train - Loss (one batch): 0.51722
Val - Loss, MSE, RMSE, MAE, MAPE: 0.68005, 0.68005, 0.82465, 0.34899, -66.85%
Test - Best epoch, Loss, MSE, RMSE, MAE, MAPE: 23, 0.50121, 0.50121, 0.70796, 0.32543, -63.99%
Time spent: 7.15s
- Epoch 026, ExpID 19387
Train - Loss (one batch): 0.41906
Val - Loss, MSE, RMSE, MAE, MAPE: 0.69260, 0.69260, 0.83222, 0.33313, -58.74%
Test - Best epoch, Loss, MSE, RMSE, MAE, MAPE: 23, 0.50121, 0.50121, 0.70796, 0.32543, -63.99%
Time spent: 7.16s
- Epoch 027, ExpID 19387
Train - Loss (one batch): 0.32097
Val - Loss, MSE, RMSE, MAE, MAPE: 0.67699, 0.67699, 0.82279, 0.33698, -63.30%
Test - Best epoch, Loss, MSE, RMSE, MAE, MAPE: 27, 0.49785, 0.49785, 0.70559, 0.31362, -59.23%
Time spent: 8.49s
- Epoch 028, ExpID 19387
Train - Loss (one batch): 0.28498
Val - Loss, MSE, RMSE, MAE, MAPE: 0.67798, 0.67798, 0.82339, 0.32813, -57.92%
Test - Best epoch, Loss, MSE, RMSE, MAE, MAPE: 27, 0.49785, 0.49785, 0.70559, 0.31362, -59.23%
Time spent: 7.16s
- Epoch 029, ExpID 19387
Train - Loss (one batch): 0.34365
Val - Loss, MSE, RMSE, MAE, MAPE: 0.67296, 0.67296, 0.82034, 0.33722, -62.49%
Test - Best epoch, Loss, MSE, RMSE, MAE, MAPE: 29, 0.50137, 0.50137, 0.70807, 0.31476, -59.70%
Time spent: 8.48s
- Epoch 030, ExpID 19387
Train - Loss (one batch): 0.74418
Val - Loss, MSE, RMSE, MAE, MAPE: 0.69157, 0.69157, 0.83160, 0.32398, -52.45%
Test - Best epoch, Loss, MSE, RMSE, MAE, MAPE: 29, 0.50137, 0.50137, 0.70807, 0.31476, -59.70%
Time spent: 7.16s
- Epoch 031, ExpID 19387
Train - Loss (one batch): 0.27838
Val - Loss, MSE, RMSE, MAE, MAPE: 0.67599, 0.67599, 0.82219, 0.33051, -58.35%
Test - Best epoch, Loss, MSE, RMSE, MAE, MAPE: 29, 0.50137, 0.50137, 0.70807, 0.31476, -59.70%
Time spent: 7.16s
- Epoch 032, ExpID 19387
Train - Loss (one batch): 0.62040
Val - Loss, MSE, RMSE, MAE, MAPE: 0.68106, 0.68106, 0.82526, 0.33101, -57.23%
Test - Best epoch, Loss, MSE, RMSE, MAE, MAPE: 29, 0.50137, 0.50137, 0.70807, 0.31476, -59.70%
Time spent: 7.16s
- Epoch 033, ExpID 19387
Train - Loss (one batch): 0.48578
Val - Loss, MSE, RMSE, MAE, MAPE: 0.68466, 0.68466, 0.82744, 0.33745, -63.36%
Test - Best epoch, Loss, MSE, RMSE, MAE, MAPE: 29, 0.50137, 0.50137, 0.70807, 0.31476, -59.70%
Time spent: 7.16s
- Epoch 034, ExpID 19387
Train - Loss (one batch): 0.55664
Val - Loss, MSE, RMSE, MAE, MAPE: 0.65657, 0.65657, 0.81029, 0.32833, -53.71%
Test - Best epoch, Loss, MSE, RMSE, MAE, MAPE: 34, 0.50176, 0.50176, 0.70835, 0.30566, -50.64%
Time spent: 8.50s
- Epoch 035, ExpID 19387
Train - Loss (one batch): 0.67506
Val - Loss, MSE, RMSE, MAE, MAPE: 0.66420, 0.66420, 0.81498, 0.32522, -55.26%
Test - Best epoch, Loss, MSE, RMSE, MAE, MAPE: 34, 0.50176, 0.50176, 0.70835, 0.30566, -50.64%
Time spent: 7.15s
- Epoch 036, ExpID 19387
Train - Loss (one batch): 0.43893
Val - Loss, MSE, RMSE, MAE, MAPE: 0.67390, 0.67390, 0.82091, 0.33060, -59.20%
Test - Best epoch, Loss, MSE, RMSE, MAE, MAPE: 34, 0.50176, 0.50176, 0.70835, 0.30566, -50.64%
Time spent: 7.16s
- Epoch 037, ExpID 19387
Train - Loss (one batch): 0.71761
Val - Loss, MSE, RMSE, MAE, MAPE: 0.68315, 0.68315, 0.82653, 0.34842, -70.53%
Test - Best epoch, Loss, MSE, RMSE, MAE, MAPE: 34, 0.50176, 0.50176, 0.70835, 0.30566, -50.64%
Time spent: 7.16s
- Epoch 038, ExpID 19387
Train - Loss (one batch): 0.29127
Val - Loss, MSE, RMSE, MAE, MAPE: 0.68754, 0.68754, 0.82918, 0.33033, -51.77%
Test - Best epoch, Loss, MSE, RMSE, MAE, MAPE: 34, 0.50176, 0.50176, 0.70835, 0.30566, -50.64%
Time spent: 7.16s
- Epoch 039, ExpID 19387
Train - Loss (one batch): 0.27526
Val - Loss, MSE, RMSE, MAE, MAPE: 0.68454, 0.68454, 0.82737, 0.33192, -56.10%
Test - Best epoch, Loss, MSE, RMSE, MAE, MAPE: 34, 0.50176, 0.50176, 0.70835, 0.30566, -50.64%
Time spent: 7.17s
- Epoch 040, ExpID 19387
Train - Loss (one batch): 0.59351
Val - Loss, MSE, RMSE, MAE, MAPE: 0.68057, 0.68057, 0.82497, 0.32410, -49.32%
Test - Best epoch, Loss, MSE, RMSE, MAE, MAPE: 34, 0.50176, 0.50176, 0.70835, 0.30566, -50.64%
Time spent: 7.17s
- Epoch 041, ExpID 19387
Train - Loss (one batch): 0.50929
Val - Loss, MSE, RMSE, MAE, MAPE: 0.67125, 0.67125, 0.81930, 0.33148, -56.83%
Test - Best epoch, Loss, MSE, RMSE, MAE, MAPE: 34, 0.50176, 0.50176, 0.70835, 0.30566, -50.64%
Time spent: 7.16s
- Epoch 042, ExpID 19387
Train - Loss (one batch): 0.34549
Val - Loss, MSE, RMSE, MAE, MAPE: 0.65932, 0.65932, 0.81198, 0.32093, -50.30%
Test - Best epoch, Loss, MSE, RMSE, MAE, MAPE: 34, 0.50176, 0.50176, 0.70835, 0.30566, -50.64%
Time spent: 7.17s
- Epoch 043, ExpID 19387
Train - Loss (one batch): 0.38378
Val - Loss, MSE, RMSE, MAE, MAPE: 0.66571, 0.66571, 0.81591, 0.33145, -60.43%
Test - Best epoch, Loss, MSE, RMSE, MAE, MAPE: 34, 0.50176, 0.50176, 0.70835, 0.30566, -50.64%
Time spent: 7.16s
- Epoch 044, ExpID 19387
Train - Loss (one batch): 0.22729
Val - Loss, MSE, RMSE, MAE, MAPE: 0.67899, 0.67899, 0.82401, 0.31772, -45.91%
Test - Best epoch, Loss, MSE, RMSE, MAE, MAPE: 34, 0.50176, 0.50176, 0.70835, 0.30566, -50.64%
Time spent: 7.17s
- Epoch 045, ExpID 19387
Train - Loss (one batch): 0.27535
Val - Loss, MSE, RMSE, MAE, MAPE: 0.65425, 0.65425, 0.80885, 0.32247, -52.39%
Test - Best epoch, Loss, MSE, RMSE, MAE, MAPE: 45, 0.50311, 0.50311, 0.70930, 0.30097, -49.62%
Time spent: 8.48s
- Epoch 046, ExpID 19387
Train - Loss (one batch): 0.37265
Val - Loss, MSE, RMSE, MAE, MAPE: 0.67887, 0.67887, 0.82394, 0.32325, -50.43%
Test - Best epoch, Loss, MSE, RMSE, MAE, MAPE: 45, 0.50311, 0.50311, 0.70930, 0.30097, -49.62%
Time spent: 7.16s
- Epoch 047, ExpID 19387
Train - Loss (one batch): 0.37617
Val - Loss, MSE, RMSE, MAE, MAPE: 0.67467, 0.67467, 0.82138, 0.32822, -54.85%
Test - Best epoch, Loss, MSE, RMSE, MAE, MAPE: 45, 0.50311, 0.50311, 0.70930, 0.30097, -49.62%
Time spent: 7.18s
- Epoch 048, ExpID 19387
Train - Loss (one batch): 1.59196
Val - Loss, MSE, RMSE, MAE, MAPE: 0.68384, 0.68384, 0.82695, 0.34068, -65.98%
Test - Best epoch, Loss, MSE, RMSE, MAE, MAPE: 45, 0.50311, 0.50311, 0.70930, 0.30097, -49.62%
Time spent: 7.17s
- Epoch 049, ExpID 19387
Train - Loss (one batch): 0.36324
Val - Loss, MSE, RMSE, MAE, MAPE: 0.67238, 0.67238, 0.81999, 0.31362, -46.31%
Test - Best epoch, Loss, MSE, RMSE, MAE, MAPE: 45, 0.50311, 0.50311, 0.70930, 0.30097, -49.62%
Time spent: 7.16s
- Epoch 050, ExpID 19387
Train - Loss (one batch): 0.27307
Val - Loss, MSE, RMSE, MAE, MAPE: 0.68331, 0.68331, 0.82662, 0.33746, -62.35%
Test - Best epoch, Loss, MSE, RMSE, MAE, MAPE: 45, 0.50311, 0.50311, 0.70930, 0.30097, -49.62%
Time spent: 7.17s
- Epoch 051, ExpID 19387
Train - Loss (one batch): 0.43180
Val - Loss, MSE, RMSE, MAE, MAPE: 0.68315, 0.68315, 0.82653, 0.33973, -62.08%
Test - Best epoch, Loss, MSE, RMSE, MAE, MAPE: 45, 0.50311, 0.50311, 0.70930, 0.30097, -49.62%
Time spent: 7.17s
- Epoch 052, ExpID 19387
Train - Loss (one batch): 0.40133
Val - Loss, MSE, RMSE, MAE, MAPE: 0.66503, 0.66503, 0.81549, 0.33193, -59.59%
Test - Best epoch, Loss, MSE, RMSE, MAE, MAPE: 45, 0.50311, 0.50311, 0.70930, 0.30097, -49.62%
Time spent: 7.17s
- Epoch 053, ExpID 19387
Train - Loss (one batch): 0.37914
Val - Loss, MSE, RMSE, MAE, MAPE: 0.66710, 0.66710, 0.81676, 0.33417, -58.29%
Test - Best epoch, Loss, MSE, RMSE, MAE, MAPE: 45, 0.50311, 0.50311, 0.70930, 0.30097, -49.62%
Time spent: 7.16s
- Epoch 054, ExpID 19387
Train - Loss (one batch): 0.33596
Val - Loss, MSE, RMSE, MAE, MAPE: 0.68899, 0.68899, 0.83006, 0.32584, -53.34%
Test - Best epoch, Loss, MSE, RMSE, MAE, MAPE: 45, 0.50311, 0.50311, 0.70930, 0.30097, -49.62%
Time spent: 7.16s
- Epoch 055, ExpID 19387
Train - Loss (one batch): 1.32560
Val - Loss, MSE, RMSE, MAE, MAPE: 0.67844, 0.67844, 0.82368, 0.33216, -58.37%
Test - Best epoch, Loss, MSE, RMSE, MAE, MAPE: 45, 0.50311, 0.50311, 0.70930, 0.30097, -49.62%
Time spent: 7.17s
- Epoch 056, ExpID 19387
Train - Loss (one batch): 0.34229
Val - Loss, MSE, RMSE, MAE, MAPE: 0.69432, 0.69432, 0.83326, 0.32872, -57.15%
Test - Best epoch, Loss, MSE, RMSE, MAE, MAPE: 45, 0.50311, 0.50311, 0.70930, 0.30097, -49.62%
Time spent: 7.16s
- Epoch 057, ExpID 19387
Train - Loss (one batch): 0.31386
Val - Loss, MSE, RMSE, MAE, MAPE: 0.67325, 0.67325, 0.82052, 0.33159, -59.17%
Test - Best epoch, Loss, MSE, RMSE, MAE, MAPE: 45, 0.50311, 0.50311, 0.70930, 0.30097, -49.62%
Time spent: 7.17s
- Epoch 058, ExpID 19387
Train - Loss (one batch): 0.41246
Val - Loss, MSE, RMSE, MAE, MAPE: 0.68376, 0.68376, 0.82690, 0.33428, -61.84%
Test - Best epoch, Loss, MSE, RMSE, MAE, MAPE: 45, 0.50311, 0.50311, 0.70930, 0.30097, -49.62%
Time spent: 7.16s
- Epoch 059, ExpID 19387
Train - Loss (one batch): 0.79338
Val - Loss, MSE, RMSE, MAE, MAPE: 0.69748, 0.69748, 0.83515, 0.31806, -49.78%
Test - Best epoch, Loss, MSE, RMSE, MAE, MAPE: 45, 0.50311, 0.50311, 0.70930, 0.30097, -49.62%
Time spent: 7.17s
- Epoch 060, ExpID 19387
Train - Loss (one batch): 0.50379
Val - Loss, MSE, RMSE, MAE, MAPE: 0.66412, 0.66412, 0.81493, 0.33544, -60.64%
Test - Best epoch, Loss, MSE, RMSE, MAE, MAPE: 45, 0.50311, 0.50311, 0.70930, 0.30097, -49.62%
Time spent: 7.17s
- Epoch 061, ExpID 19387
Train - Loss (one batch): 0.39450
Val - Loss, MSE, RMSE, MAE, MAPE: 0.68429, 0.68429, 0.82722, 0.32704, -53.63%
Test - Best epoch, Loss, MSE, RMSE, MAE, MAPE: 45, 0.50311, 0.50311, 0.70930, 0.30097, -49.62%
Time spent: 7.17s
- Epoch 062, ExpID 19387
Train - Loss (one batch): 0.34728
Val - Loss, MSE, RMSE, MAE, MAPE: 0.68107, 0.68107, 0.82527, 0.32709, -55.27%
Test - Best epoch, Loss, MSE, RMSE, MAE, MAPE: 45, 0.50311, 0.50311, 0.70930, 0.30097, -49.62%
Time spent: 7.16s
- Epoch 063, ExpID 19387
Train - Loss (one batch): 0.39056
Val - Loss, MSE, RMSE, MAE, MAPE: 0.67472, 0.67472, 0.82142, 0.32437, -54.21%
Test - Best epoch, Loss, MSE, RMSE, MAE, MAPE: 45, 0.50311, 0.50311, 0.70930, 0.30097, -49.62%
Time spent: 7.16s
- Epoch 064, ExpID 19387
Train - Loss (one batch): 0.49079
Val - Loss, MSE, RMSE, MAE, MAPE: 0.67874, 0.67874, 0.82386, 0.33702, -63.85%
Test - Best epoch, Loss, MSE, RMSE, MAE, MAPE: 45, 0.50311, 0.50311, 0.70930, 0.30097, -49.62%
Time spent: 7.16s
- Epoch 065, ExpID 19387
Train - Loss (one batch): 0.35736
Val - Loss, MSE, RMSE, MAE, MAPE: 0.68237, 0.68237, 0.82605, 0.32854, -58.39%
Test - Best epoch, Loss, MSE, RMSE, MAE, MAPE: 45, 0.50311, 0.50311, 0.70930, 0.30097, -49.62%
Time spent: 7.16s
/home/ouass/Test/MSP-IMTS/tPatchGNN/run_models.py
2026-03-18 08:03:30
run_models.py --dataset ushcn --state def --history 24 --batch_size 192 --lr 1e-3 --patience 20 --epoch 400 --nhead 1 --tf_layer 1 --nlayer 1 --te_dim 10 --node_dim 10 --hid_dim 32 --outlayer Linear --seed 4 --gpu 0 --multi_scales 2,8,24 --multi_strides 2,8,24 --metric per_dim --fusion attn
Namespace(multi_scales='2,8,24', multi_strides='2,8,24', fusion='attn', state='def', n=100000000, hop=1, nhead=1, tf_layer=1, nlayer=1, epoch=400, patience=20, history=24, patch_size=24, stride=24, logmode='a', lr=0.001, w_decay=0.0, batch_size=192, save='experiments/', load=None, seed=4, dataset='ushcn', quantization=0.0, model='tPatchGNN', outlayer='Linear', hid_dim=32, te_dim=10, node_dim=10, gpu='0', metric='per_dim', npatch=1, device=device(type='cuda'), PID=4058417, n_months=48, pred_window=1, ndim=5)
- Epoch 000, ExpID 23445
Train - Loss (one batch): 0.31728
Val - Loss, MSE, RMSE, MAE, MAPE: 0.85196, 0.85196, 0.92302, 0.34047, -49.70%
Test - Best epoch, Loss, MSE, RMSE, MAE, MAPE: 0, 0.52912, 0.52912, 0.72741, 0.31453, -48.10%
Time spent: 8.53s
- Epoch 001, ExpID 23445
Train - Loss (one batch): 0.74404
Val - Loss, MSE, RMSE, MAE, MAPE: 0.80304, 0.80304, 0.89612, 0.33428, -47.24%
Test - Best epoch, Loss, MSE, RMSE, MAE, MAPE: 1, 0.52339, 0.52339, 0.72346, 0.30768, -44.76%
Time spent: 8.47s
- Epoch 002, ExpID 23445
Train - Loss (one batch): 0.52921
Val - Loss, MSE, RMSE, MAE, MAPE: 0.78970, 0.78970, 0.88865, 0.33929, -52.89%
Test - Best epoch, Loss, MSE, RMSE, MAE, MAPE: 2, 0.51300, 0.51300, 0.71624, 0.31287, -51.08%
Time spent: 8.47s
- Epoch 003, ExpID 23445
Train - Loss (one batch): 0.47363
Val - Loss, MSE, RMSE, MAE, MAPE: 0.79412, 0.79412, 0.89113, 0.38067, -81.01%
Test - Best epoch, Loss, MSE, RMSE, MAE, MAPE: 2, 0.51300, 0.51300, 0.71624, 0.31287, -51.08%
Time spent: 7.14s
- Epoch 004, ExpID 23445
Train - Loss (one batch): 0.63931
Val - Loss, MSE, RMSE, MAE, MAPE: 0.80484, 0.80484, 0.89713, 0.33402, -54.85%
Test - Best epoch, Loss, MSE, RMSE, MAE, MAPE: 2, 0.51300, 0.51300, 0.71624, 0.31287, -51.08%
Time spent: 7.15s
- Epoch 005, ExpID 23445
Train - Loss (one batch): 0.60770
Val - Loss, MSE, RMSE, MAE, MAPE: 0.75462, 0.75462, 0.86869, 0.33456, -56.56%
Test - Best epoch, Loss, MSE, RMSE, MAE, MAPE: 5, 0.51145, 0.51145, 0.71516, 0.31033, -53.44%
Time spent: 8.47s
- Epoch 006, ExpID 23445
Train - Loss (one batch): 0.61386
Val - Loss, MSE, RMSE, MAE, MAPE: 0.76247, 0.76247, 0.87319, 0.33636, -49.38%
Test - Best epoch, Loss, MSE, RMSE, MAE, MAPE: 5, 0.51145, 0.51145, 0.71516, 0.31033, -53.44%
Time spent: 7.14s
- Epoch 007, ExpID 23445
Train - Loss (one batch): 0.61125
Val - Loss, MSE, RMSE, MAE, MAPE: 0.75700, 0.75700, 0.87006, 0.33189, -48.81%
Test - Best epoch, Loss, MSE, RMSE, MAE, MAPE: 5, 0.51145, 0.51145, 0.71516, 0.31033, -53.44%
Time spent: 7.14s
- Epoch 008, ExpID 23445
Train - Loss (one batch): 0.49844
Val - Loss, MSE, RMSE, MAE, MAPE: 0.76601, 0.76601, 0.87522, 0.33784, -58.89%
Test - Best epoch, Loss, MSE, RMSE, MAE, MAPE: 5, 0.51145, 0.51145, 0.71516, 0.31033, -53.44%
Time spent: 7.14s
- Epoch 009, ExpID 23445
Train - Loss (one batch): 0.33185
Val - Loss, MSE, RMSE, MAE, MAPE: 0.76142, 0.76142, 0.87259, 0.34933, -64.56%
Test - Best epoch, Loss, MSE, RMSE, MAE, MAPE: 5, 0.51145, 0.51145, 0.71516, 0.31033, -53.44%
Time spent: 7.13s
- Epoch 010, ExpID 23445
Train - Loss (one batch): 0.48778
Val - Loss, MSE, RMSE, MAE, MAPE: 0.77861, 0.77861, 0.88239, 0.33724, -57.65%
Test - Best epoch, Loss, MSE, RMSE, MAE, MAPE: 5, 0.51145, 0.51145, 0.71516, 0.31033, -53.44%
Time spent: 7.14s
- Epoch 011, ExpID 23445
Train - Loss (one batch): 0.58413
Val - Loss, MSE, RMSE, MAE, MAPE: 0.76003, 0.76003, 0.87180, 0.35483, -70.33%
Test - Best epoch, Loss, MSE, RMSE, MAE, MAPE: 5, 0.51145, 0.51145, 0.71516, 0.31033, -53.44%
Time spent: 7.14s
- Epoch 012, ExpID 23445
Train - Loss (one batch): 0.39938
Val - Loss, MSE, RMSE, MAE, MAPE: 0.75799, 0.75799, 0.87063, 0.33065, -55.24%
Test - Best epoch, Loss, MSE, RMSE, MAE, MAPE: 5, 0.51145, 0.51145, 0.71516, 0.31033, -53.44%
Time spent: 7.14s
- Epoch 013, ExpID 23445
Train - Loss (one batch): 0.48702
Val - Loss, MSE, RMSE, MAE, MAPE: 0.74375, 0.74375, 0.86241, 0.33322, -56.62%
Test - Best epoch, Loss, MSE, RMSE, MAE, MAPE: 13, 0.50197, 0.50197, 0.70850, 0.30919, -55.06%
Time spent: 8.48s
- Epoch 014, ExpID 23445
Train - Loss (one batch): 0.45281
Val - Loss, MSE, RMSE, MAE, MAPE: 0.72415, 0.72415, 0.85097, 0.34017, -61.60%
Test - Best epoch, Loss, MSE, RMSE, MAE, MAPE: 14, 0.50593, 0.50593, 0.71129, 0.31799, -59.68%
Time spent: 8.47s
- Epoch 015, ExpID 23445
Train - Loss (one batch): 0.35763
Val - Loss, MSE, RMSE, MAE, MAPE: 0.72558, 0.72558, 0.85181, 0.33316, -56.01%
Test - Best epoch, Loss, MSE, RMSE, MAE, MAPE: 14, 0.50593, 0.50593, 0.71129, 0.31799, -59.68%
Time spent: 7.13s
- Epoch 016, ExpID 23445
Train - Loss (one batch): 0.63125
Val - Loss, MSE, RMSE, MAE, MAPE: 0.75049, 0.75049, 0.86631, 0.33136, -55.25%
Test - Best epoch, Loss, MSE, RMSE, MAE, MAPE: 14, 0.50593, 0.50593, 0.71129, 0.31799, -59.68%
Time spent: 7.14s
- Epoch 017, ExpID 23445
Train - Loss (one batch): 0.36493
Val - Loss, MSE, RMSE, MAE, MAPE: 0.75515, 0.75515, 0.86900, 0.33104, -51.07%
Test - Best epoch, Loss, MSE, RMSE, MAE, MAPE: 14, 0.50593, 0.50593, 0.71129, 0.31799, -59.68%
Time spent: 7.14s
- Epoch 018, ExpID 23445
Train - Loss (one batch): 0.45761
Val - Loss, MSE, RMSE, MAE, MAPE: 0.73873, 0.73873, 0.85949, 0.33217, -56.40%
Test - Best epoch, Loss, MSE, RMSE, MAE, MAPE: 14, 0.50593, 0.50593, 0.71129, 0.31799, -59.68%
Time spent: 7.14s
- Epoch 019, ExpID 23445
Train - Loss (one batch): 0.41114
Val - Loss, MSE, RMSE, MAE, MAPE: 0.74072, 0.74072, 0.86065, 0.32948, -51.87%
Test - Best epoch, Loss, MSE, RMSE, MAE, MAPE: 14, 0.50593, 0.50593, 0.71129, 0.31799, -59.68%
Time spent: 7.15s
- Epoch 020, ExpID 23445
Train - Loss (one batch): 0.46795
Val - Loss, MSE, RMSE, MAE, MAPE: 0.76074, 0.76074, 0.87220, 0.34061, -62.47%
Test - Best epoch, Loss, MSE, RMSE, MAE, MAPE: 14, 0.50593, 0.50593, 0.71129, 0.31799, -59.68%
Time spent: 7.14s
- Epoch 021, ExpID 23445
Train - Loss (one batch): 0.39770
Val - Loss, MSE, RMSE, MAE, MAPE: 0.70829, 0.70829, 0.84160, 0.33110, -52.44%
Test - Best epoch, Loss, MSE, RMSE, MAE, MAPE: 21, 0.49948, 0.49948, 0.70674, 0.30769, -51.47%
Time spent: 8.47s
- Epoch 022, ExpID 23445
Train - Loss (one batch): 0.53704
Val - Loss, MSE, RMSE, MAE, MAPE: 0.72355, 0.72355, 0.85062, 0.32716, -47.73%
Test - Best epoch, Loss, MSE, RMSE, MAE, MAPE: 21, 0.49948, 0.49948, 0.70674, 0.30769, -51.47%
Time spent: 7.16s
- Epoch 023, ExpID 23445
Train - Loss (one batch): 0.35507
Val - Loss, MSE, RMSE, MAE, MAPE: 0.71856, 0.71856, 0.84768, 0.32010, -43.07%
Test - Best epoch, Loss, MSE, RMSE, MAE, MAPE: 21, 0.49948, 0.49948, 0.70674, 0.30769, -51.47%
Time spent: 7.15s
- Epoch 024, ExpID 23445
Train - Loss (one batch): 0.50035
Val - Loss, MSE, RMSE, MAE, MAPE: 0.73510, 0.73510, 0.85738, 0.32320, -47.24%
Test - Best epoch, Loss, MSE, RMSE, MAE, MAPE: 21, 0.49948, 0.49948, 0.70674, 0.30769, -51.47%
Time spent: 7.15s
- Epoch 025, ExpID 23445
Train - Loss (one batch): 0.30226
Val - Loss, MSE, RMSE, MAE, MAPE: 0.78643, 0.78643, 0.88681, 0.33113, -56.16%
Test - Best epoch, Loss, MSE, RMSE, MAE, MAPE: 21, 0.49948, 0.49948, 0.70674, 0.30769, -51.47%
Time spent: 7.14s
- Epoch 026, ExpID 23445
Train - Loss (one batch): 0.57282
Val - Loss, MSE, RMSE, MAE, MAPE: 0.74774, 0.74774, 0.86472, 0.31989, -46.49%
Test - Best epoch, Loss, MSE, RMSE, MAE, MAPE: 21, 0.49948, 0.49948, 0.70674, 0.30769, -51.47%
Time spent: 7.15s
- Epoch 027, ExpID 23445
Train - Loss (one batch): 0.48138
Val - Loss, MSE, RMSE, MAE, MAPE: 0.73981, 0.73981, 0.86012, 0.32514, -52.40%
Test - Best epoch, Loss, MSE, RMSE, MAE, MAPE: 21, 0.49948, 0.49948, 0.70674, 0.30769, -51.47%
Time spent: 7.14s
- Epoch 028, ExpID 23445
Train - Loss (one batch): 0.49450
Val - Loss, MSE, RMSE, MAE, MAPE: 0.74040, 0.74040, 0.86047, 0.32437, -53.56%
Test - Best epoch, Loss, MSE, RMSE, MAE, MAPE: 21, 0.49948, 0.49948, 0.70674, 0.30769, -51.47%
Time spent: 7.14s
- Epoch 029, ExpID 23445
Train - Loss (one batch): 0.42944
Val - Loss, MSE, RMSE, MAE, MAPE: 0.74301, 0.74301, 0.86198, 0.32459, -51.08%
Test - Best epoch, Loss, MSE, RMSE, MAE, MAPE: 21, 0.49948, 0.49948, 0.70674, 0.30769, -51.47%
Time spent: 7.14s
- Epoch 030, ExpID 23445
Train - Loss (one batch): 0.71215
Val - Loss, MSE, RMSE, MAE, MAPE: 0.72089, 0.72089, 0.84905, 0.32445, -54.98%
Test - Best epoch, Loss, MSE, RMSE, MAE, MAPE: 21, 0.49948, 0.49948, 0.70674, 0.30769, -51.47%
Time spent: 7.16s
- Epoch 031, ExpID 23445
Train - Loss (one batch): 0.55364
Val - Loss, MSE, RMSE, MAE, MAPE: 0.70186, 0.70186, 0.83777, 0.32223, -52.16%
Test - Best epoch, Loss, MSE, RMSE, MAE, MAPE: 31, 0.50240, 0.50240, 0.70880, 0.29983, -51.12%
Time spent: 8.48s
- Epoch 032, ExpID 23445
Train - Loss (one batch): 0.42537
Val - Loss, MSE, RMSE, MAE, MAPE: 0.72320, 0.72320, 0.85041, 0.33574, -57.96%
Test - Best epoch, Loss, MSE, RMSE, MAE, MAPE: 31, 0.50240, 0.50240, 0.70880, 0.29983, -51.12%
Time spent: 7.15s
- Epoch 033, ExpID 23445
Train - Loss (one batch): 0.33871
Val - Loss, MSE, RMSE, MAE, MAPE: 0.74930, 0.74930, 0.86562, 0.33367, -60.25%
Test - Best epoch, Loss, MSE, RMSE, MAE, MAPE: 31, 0.50240, 0.50240, 0.70880, 0.29983, -51.12%
Time spent: 7.14s
- Epoch 034, ExpID 23445
Train - Loss (one batch): 0.41037
Val - Loss, MSE, RMSE, MAE, MAPE: 0.72885, 0.72885, 0.85373, 0.31705, -48.55%
Test - Best epoch, Loss, MSE, RMSE, MAE, MAPE: 31, 0.50240, 0.50240, 0.70880, 0.29983, -51.12%
Time spent: 7.14s
- Epoch 035, ExpID 23445
Train - Loss (one batch): 0.27749
Val - Loss, MSE, RMSE, MAE, MAPE: 0.72527, 0.72527, 0.85163, 0.32826, -60.77%
Test - Best epoch, Loss, MSE, RMSE, MAE, MAPE: 31, 0.50240, 0.50240, 0.70880, 0.29983, -51.12%
Time spent: 7.15s
- Epoch 036, ExpID 23445
Train - Loss (one batch): 0.29756
Val - Loss, MSE, RMSE, MAE, MAPE: 0.72659, 0.72659, 0.85240, 0.33240, -59.11%
Test - Best epoch, Loss, MSE, RMSE, MAE, MAPE: 31, 0.50240, 0.50240, 0.70880, 0.29983, -51.12%
Time spent: 7.15s
- Epoch 037, ExpID 23445
Train - Loss (one batch): 0.48100
Val - Loss, MSE, RMSE, MAE, MAPE: 0.65850, 0.65850, 0.81148, 0.32364, -53.02%
Test - Best epoch, Loss, MSE, RMSE, MAE, MAPE: 37, 0.50726, 0.50726, 0.71222, 0.30307, -50.89%
Time spent: 8.47s
- Epoch 038, ExpID 23445
Train - Loss (one batch): 0.50731
Val - Loss, MSE, RMSE, MAE, MAPE: 0.70559, 0.70559, 0.83999, 0.32530, -51.64%
Test - Best epoch, Loss, MSE, RMSE, MAE, MAPE: 37, 0.50726, 0.50726, 0.71222, 0.30307, -50.89%
Time spent: 7.14s
- Epoch 039, ExpID 23445
Train - Loss (one batch): 0.29434
Val - Loss, MSE, RMSE, MAE, MAPE: 0.73154, 0.73154, 0.85530, 0.32059, -48.97%
Test - Best epoch, Loss, MSE, RMSE, MAE, MAPE: 37, 0.50726, 0.50726, 0.71222, 0.30307, -50.89%
Time spent: 7.14s
- Epoch 040, ExpID 23445
Train - Loss (one batch): 0.41696
Val - Loss, MSE, RMSE, MAE, MAPE: 0.74416, 0.74416, 0.86265, 0.32997, -57.32%
Test - Best epoch, Loss, MSE, RMSE, MAE, MAPE: 37, 0.50726, 0.50726, 0.71222, 0.30307, -50.89%
Time spent: 7.15s
- Epoch 041, ExpID 23445
Train - Loss (one batch): 0.38840
Val - Loss, MSE, RMSE, MAE, MAPE: 0.71185, 0.71185, 0.84371, 0.32360, -56.10%
Test - Best epoch, Loss, MSE, RMSE, MAE, MAPE: 37, 0.50726, 0.50726, 0.71222, 0.30307, -50.89%
Time spent: 7.15s
- Epoch 042, ExpID 23445
Train - Loss (one batch): 0.79785
Val - Loss, MSE, RMSE, MAE, MAPE: 0.73821, 0.73821, 0.85919, 0.33561, -61.98%
Test - Best epoch, Loss, MSE, RMSE, MAE, MAPE: 37, 0.50726, 0.50726, 0.71222, 0.30307, -50.89%
Time spent: 7.13s
- Epoch 043, ExpID 23445
Train - Loss (one batch): 0.44542
Val - Loss, MSE, RMSE, MAE, MAPE: 0.69197, 0.69197, 0.83185, 0.33430, -55.06%
Test - Best epoch, Loss, MSE, RMSE, MAE, MAPE: 37, 0.50726, 0.50726, 0.71222, 0.30307, -50.89%
Time spent: 7.14s
- Epoch 044, ExpID 23445
Train - Loss (one batch): 0.44036
Val - Loss, MSE, RMSE, MAE, MAPE: 0.70732, 0.70732, 0.84102, 0.31880, -51.42%
Test - Best epoch, Loss, MSE, RMSE, MAE, MAPE: 37, 0.50726, 0.50726, 0.71222, 0.30307, -50.89%
Time spent: 7.15s
- Epoch 045, ExpID 23445
Train - Loss (one batch): 0.22239
Val - Loss, MSE, RMSE, MAE, MAPE: 0.75997, 0.75997, 0.87177, 0.34210, -64.02%
Test - Best epoch, Loss, MSE, RMSE, MAE, MAPE: 37, 0.50726, 0.50726, 0.71222, 0.30307, -50.89%
Time spent: 7.15s
- Epoch 046, ExpID 23445
Train - Loss (one batch): 0.36876
Val - Loss, MSE, RMSE, MAE, MAPE: 0.73203, 0.73203, 0.85559, 0.33418, -60.18%
Test - Best epoch, Loss, MSE, RMSE, MAE, MAPE: 37, 0.50726, 0.50726, 0.71222, 0.30307, -50.89%
Time spent: 7.15s
- Epoch 047, ExpID 23445
Train - Loss (one batch): 1.38834
Val - Loss, MSE, RMSE, MAE, MAPE: 0.70738, 0.70738, 0.84106, 0.33356, -57.17%
Test - Best epoch, Loss, MSE, RMSE, MAE, MAPE: 37, 0.50726, 0.50726, 0.71222, 0.30307, -50.89%
Time spent: 7.15s
- Epoch 048, ExpID 23445
Train - Loss (one batch): 0.55190
Val - Loss, MSE, RMSE, MAE, MAPE: 0.74384, 0.74384, 0.86246, 0.32053, -48.44%
Test - Best epoch, Loss, MSE, RMSE, MAE, MAPE: 37, 0.50726, 0.50726, 0.71222, 0.30307, -50.89%
Time spent: 7.15s
- Epoch 049, ExpID 23445
Train - Loss (one batch): 0.49291
Val - Loss, MSE, RMSE, MAE, MAPE: 0.73331, 0.73331, 0.85634, 0.33242, -54.56%
Test - Best epoch, Loss, MSE, RMSE, MAE, MAPE: 37, 0.50726, 0.50726, 0.71222, 0.30307, -50.89%
Time spent: 7.15s
- Epoch 050, ExpID 23445
Train - Loss (one batch): 0.51185
Val - Loss, MSE, RMSE, MAE, MAPE: 0.73950, 0.73950, 0.85994, 0.32476, -49.30%
Test - Best epoch, Loss, MSE, RMSE, MAE, MAPE: 37, 0.50726, 0.50726, 0.71222, 0.30307, -50.89%
Time spent: 7.14s
- Epoch 051, ExpID 23445
Train - Loss (one batch): 0.51358
Val - Loss, MSE, RMSE, MAE, MAPE: 0.74640, 0.74640, 0.86395, 0.34027, -65.56%
Test - Best epoch, Loss, MSE, RMSE, MAE, MAPE: 37, 0.50726, 0.50726, 0.71222, 0.30307, -50.89%
Time spent: 7.15s
- Epoch 052, ExpID 23445
Train - Loss (one batch): 0.25563
Val - Loss, MSE, RMSE, MAE, MAPE: 0.74372, 0.74372, 0.86239, 0.33346, -55.44%
Test - Best epoch, Loss, MSE, RMSE, MAE, MAPE: 37, 0.50726, 0.50726, 0.71222, 0.30307, -50.89%
Time spent: 7.15s
- Epoch 053, ExpID 23445
Train - Loss (one batch): 0.42807
Val - Loss, MSE, RMSE, MAE, MAPE: 0.76541, 0.76541, 0.87488, 0.32534, -51.04%
Test - Best epoch, Loss, MSE, RMSE, MAE, MAPE: 37, 0.50726, 0.50726, 0.71222, 0.30307, -50.89%
Time spent: 7.14s
- Epoch 054, ExpID 23445
Train - Loss (one batch): 0.57713
Val - Loss, MSE, RMSE, MAE, MAPE: 0.77434, 0.77434, 0.87997, 0.32915, -55.14%
Test - Best epoch, Loss, MSE, RMSE, MAE, MAPE: 37, 0.50726, 0.50726, 0.71222, 0.30307, -50.89%
Time spent: 7.15s
- Epoch 055, ExpID 23445
Train - Loss (one batch): 0.31394
Val - Loss, MSE, RMSE, MAE, MAPE: 0.75724, 0.75724, 0.87020, 0.32838, -52.27%
Test - Best epoch, Loss, MSE, RMSE, MAE, MAPE: 37, 0.50726, 0.50726, 0.71222, 0.30307, -50.89%
Time spent: 7.16s
- Epoch 056, ExpID 23445
Train - Loss (one batch): 0.36206
Val - Loss, MSE, RMSE, MAE, MAPE: 0.74065, 0.74065, 0.86061, 0.33308, -56.40%
Test - Best epoch, Loss, MSE, RMSE, MAE, MAPE: 37, 0.50726, 0.50726, 0.71222, 0.30307, -50.89%
Time spent: 7.15s
- Epoch 057, ExpID 23445
Train - Loss (one batch): 0.26730
Val - Loss, MSE, RMSE, MAE, MAPE: 0.76252, 0.76252, 0.87322, 0.32746, -55.51%
Test - Best epoch, Loss, MSE, RMSE, MAE, MAPE: 37, 0.50726, 0.50726, 0.71222, 0.30307, -50.89%
Time spent: 7.15s
/home/ouass/Test/MSP-IMTS/tPatchGNN/run_models.py
2026-03-18 08:11:03
run_models.py --dataset ushcn --state def --history 24 --batch_size 192 --lr 1e-3 --patience 20 --epoch 400 --nhead 1 --tf_layer 1 --nlayer 1 --te_dim 10 --node_dim 10 --hid_dim 32 --outlayer Linear --seed 5 --gpu 0 --multi_scales 2,8,24 --multi_strides 2,8,24 --metric per_dim --fusion attn
Namespace(multi_scales='2,8,24', multi_strides='2,8,24', fusion='attn', state='def', n=100000000, hop=1, nhead=1, tf_layer=1, nlayer=1, epoch=400, patience=20, history=24, patch_size=24, stride=24, logmode='a', lr=0.001, w_decay=0.0, batch_size=192, save='experiments/', load=None, seed=5, dataset='ushcn', quantization=0.0, model='tPatchGNN', outlayer='Linear', hid_dim=32, te_dim=10, node_dim=10, gpu='0', metric='per_dim', npatch=1, device=device(type='cuda'), PID=4070278, n_months=48, pred_window=1, ndim=5)
- Epoch 000, ExpID 38611
Train - Loss (one batch): 1.21615
Val - Loss, MSE, RMSE, MAE, MAPE: 0.84526, 0.84526, 0.91938, 0.34899, -62.17%
Test - Best epoch, Loss, MSE, RMSE, MAE, MAPE: 0, 0.52142, 0.52142, 0.72209, 0.32267, -59.18%
Time spent: 8.47s
- Epoch 001, ExpID 38611
Train - Loss (one batch): 0.31727
Val - Loss, MSE, RMSE, MAE, MAPE: 0.78247, 0.78247, 0.88457, 0.34250, -60.67%
Test - Best epoch, Loss, MSE, RMSE, MAE, MAPE: 1, 0.51202, 0.51202, 0.71555, 0.31610, -56.61%
Time spent: 8.44s
- Epoch 002, ExpID 38611
Train - Loss (one batch): 0.97812
Val - Loss, MSE, RMSE, MAE, MAPE: 0.73585, 0.73585, 0.85781, 0.35368, -67.46%
Test - Best epoch, Loss, MSE, RMSE, MAE, MAPE: 2, 0.51447, 0.51447, 0.71726, 0.32988, -64.66%
Time spent: 8.44s
- Epoch 003, ExpID 38611
Train - Loss (one batch): 0.75495
Val - Loss, MSE, RMSE, MAE, MAPE: 0.74714, 0.74714, 0.86437, 0.35735, -67.39%
Test - Best epoch, Loss, MSE, RMSE, MAE, MAPE: 2, 0.51447, 0.51447, 0.71726, 0.32988, -64.66%
Time spent: 7.11s
- Epoch 004, ExpID 38611
Train - Loss (one batch): 0.71967
Val - Loss, MSE, RMSE, MAE, MAPE: 0.71777, 0.71777, 0.84721, 0.35220, -69.02%
Test - Best epoch, Loss, MSE, RMSE, MAE, MAPE: 4, 0.50915, 0.50915, 0.71355, 0.32901, -65.99%
Time spent: 8.44s
- Epoch 005, ExpID 38611
Train - Loss (one batch): 0.47316
Val - Loss, MSE, RMSE, MAE, MAPE: 0.71248, 0.71248, 0.84408, 0.35872, -70.92%
Test - Best epoch, Loss, MSE, RMSE, MAE, MAPE: 5, 0.51123, 0.51123, 0.71500, 0.33639, -68.47%
Time spent: 8.45s
- Epoch 006, ExpID 38611
Train - Loss (one batch): 0.61201
Val - Loss, MSE, RMSE, MAE, MAPE: 0.71271, 0.71271, 0.84422, 0.33308, -53.10%
Test - Best epoch, Loss, MSE, RMSE, MAE, MAPE: 5, 0.51123, 0.51123, 0.71500, 0.33639, -68.47%
Time spent: 7.13s
- Epoch 007, ExpID 38611
Train - Loss (one batch): 0.66134
Val - Loss, MSE, RMSE, MAE, MAPE: 0.72201, 0.72201, 0.84971, 0.34404, -62.59%
Test - Best epoch, Loss, MSE, RMSE, MAE, MAPE: 5, 0.51123, 0.51123, 0.71500, 0.33639, -68.47%
Time spent: 7.11s
- Epoch 008, ExpID 38611
Train - Loss (one batch): 0.37939
Val - Loss, MSE, RMSE, MAE, MAPE: 0.70800, 0.70800, 0.84143, 0.34324, -63.20%
Test - Best epoch, Loss, MSE, RMSE, MAE, MAPE: 8, 0.50331, 0.50331, 0.70945, 0.32116, -61.07%
Time spent: 8.43s
- Epoch 009, ExpID 38611
Train - Loss (one batch): 0.53493
Val - Loss, MSE, RMSE, MAE, MAPE: 0.67490, 0.67490, 0.82153, 0.33866, -60.42%
Test - Best epoch, Loss, MSE, RMSE, MAE, MAPE: 9, 0.50485, 0.50485, 0.71053, 0.31800, -57.93%
Time spent: 8.44s
- Epoch 010, ExpID 38611
Train - Loss (one batch): 0.37292
Val - Loss, MSE, RMSE, MAE, MAPE: 0.71751, 0.71751, 0.84706, 0.33811, -62.94%
Test - Best epoch, Loss, MSE, RMSE, MAE, MAPE: 9, 0.50485, 0.50485, 0.71053, 0.31800, -57.93%
Time spent: 7.12s
- Epoch 011, ExpID 38611
Train - Loss (one batch): 0.82550
Val - Loss, MSE, RMSE, MAE, MAPE: 0.68559, 0.68559, 0.82801, 0.32928, -54.86%
Test - Best epoch, Loss, MSE, RMSE, MAE, MAPE: 9, 0.50485, 0.50485, 0.71053, 0.31800, -57.93%
Time spent: 7.12s
- Epoch 012, ExpID 38611
Train - Loss (one batch): 0.30771
Val - Loss, MSE, RMSE, MAE, MAPE: 0.70034, 0.70034, 0.83686, 0.34385, -53.51%
Test - Best epoch, Loss, MSE, RMSE, MAE, MAPE: 9, 0.50485, 0.50485, 0.71053, 0.31800, -57.93%
Time spent: 7.11s
- Epoch 013, ExpID 38611
Train - Loss (one batch): 0.42233
Val - Loss, MSE, RMSE, MAE, MAPE: 0.70846, 0.70846, 0.84170, 0.33211, -56.97%
Test - Best epoch, Loss, MSE, RMSE, MAE, MAPE: 9, 0.50485, 0.50485, 0.71053, 0.31800, -57.93%
Time spent: 7.11s
- Epoch 014, ExpID 38611
Train - Loss (one batch): 0.59305
Val - Loss, MSE, RMSE, MAE, MAPE: 0.68920, 0.68920, 0.83018, 0.33342, -58.14%
Test - Best epoch, Loss, MSE, RMSE, MAE, MAPE: 9, 0.50485, 0.50485, 0.71053, 0.31800, -57.93%
Time spent: 7.11s
- Epoch 015, ExpID 38611
Train - Loss (one batch): 0.28568
Val - Loss, MSE, RMSE, MAE, MAPE: 0.69087, 0.69087, 0.83119, 0.33150, -55.92%
Test - Best epoch, Loss, MSE, RMSE, MAE, MAPE: 9, 0.50485, 0.50485, 0.71053, 0.31800, -57.93%
Time spent: 7.11s
- Epoch 016, ExpID 38611
Train - Loss (one batch): 0.50903
Val - Loss, MSE, RMSE, MAE, MAPE: 0.71803, 0.71803, 0.84737, 0.32433, -50.48%
Test - Best epoch, Loss, MSE, RMSE, MAE, MAPE: 9, 0.50485, 0.50485, 0.71053, 0.31800, -57.93%
Time spent: 7.12s
- Epoch 017, ExpID 38611
Train - Loss (one batch): 0.67244
Val - Loss, MSE, RMSE, MAE, MAPE: 0.68893, 0.68893, 0.83002, 0.34161, -65.39%
Test - Best epoch, Loss, MSE, RMSE, MAE, MAPE: 9, 0.50485, 0.50485, 0.71053, 0.31800, -57.93%
Time spent: 7.11s
- Epoch 018, ExpID 38611
Train - Loss (one batch): 0.41759
Val - Loss, MSE, RMSE, MAE, MAPE: 0.68329, 0.68329, 0.82661, 0.34304, -65.54%
Test - Best epoch, Loss, MSE, RMSE, MAE, MAPE: 9, 0.50485, 0.50485, 0.71053, 0.31800, -57.93%
Time spent: 7.12s
- Epoch 019, ExpID 38611
Train - Loss (one batch): 0.36756
Val - Loss, MSE, RMSE, MAE, MAPE: 0.67496, 0.67496, 0.82156, 0.33506, -57.21%
Test - Best epoch, Loss, MSE, RMSE, MAE, MAPE: 9, 0.50485, 0.50485, 0.71053, 0.31800, -57.93%
Time spent: 7.12s
- Epoch 020, ExpID 38611
Train - Loss (one batch): 0.30800
Val - Loss, MSE, RMSE, MAE, MAPE: 0.70351, 0.70351, 0.83875, 0.33382, -58.53%
Test - Best epoch, Loss, MSE, RMSE, MAE, MAPE: 9, 0.50485, 0.50485, 0.71053, 0.31800, -57.93%
Time spent: 7.11s
- Epoch 021, ExpID 38611
Train - Loss (one batch): 0.35169
Val - Loss, MSE, RMSE, MAE, MAPE: 0.69647, 0.69647, 0.83455, 0.34828, -68.47%
Test - Best epoch, Loss, MSE, RMSE, MAE, MAPE: 9, 0.50485, 0.50485, 0.71053, 0.31800, -57.93%
Time spent: 7.12s
- Epoch 022, ExpID 38611
Train - Loss (one batch): 0.73459
Val - Loss, MSE, RMSE, MAE, MAPE: 0.67987, 0.67987, 0.82455, 0.34335, -63.45%
Test - Best epoch, Loss, MSE, RMSE, MAE, MAPE: 9, 0.50485, 0.50485, 0.71053, 0.31800, -57.93%
Time spent: 7.12s
- Epoch 023, ExpID 38611
Train - Loss (one batch): 0.30772
Val - Loss, MSE, RMSE, MAE, MAPE: 0.70311, 0.70311, 0.83852, 0.33385, -58.37%
Test - Best epoch, Loss, MSE, RMSE, MAE, MAPE: 9, 0.50485, 0.50485, 0.71053, 0.31800, -57.93%
Time spent: 7.12s
- Epoch 024, ExpID 38611
Train - Loss (one batch): 0.35472
Val - Loss, MSE, RMSE, MAE, MAPE: 0.67916, 0.67916, 0.82411, 0.32366, -50.41%
Test - Best epoch, Loss, MSE, RMSE, MAE, MAPE: 9, 0.50485, 0.50485, 0.71053, 0.31800, -57.93%
Time spent: 7.12s
- Epoch 025, ExpID 38611
Train - Loss (one batch): 0.39240
Val - Loss, MSE, RMSE, MAE, MAPE: 0.71857, 0.71857, 0.84769, 0.33565, -58.23%
Test - Best epoch, Loss, MSE, RMSE, MAE, MAPE: 9, 0.50485, 0.50485, 0.71053, 0.31800, -57.93%
Time spent: 7.12s
- Epoch 026, ExpID 38611
Train - Loss (one batch): 0.34010
Val - Loss, MSE, RMSE, MAE, MAPE: 0.71079, 0.71079, 0.84309, 0.33193, -55.14%
Test - Best epoch, Loss, MSE, RMSE, MAE, MAPE: 9, 0.50485, 0.50485, 0.71053, 0.31800, -57.93%
Time spent: 7.12s
- Epoch 027, ExpID 38611
Train - Loss (one batch): 0.47107
Val - Loss, MSE, RMSE, MAE, MAPE: 0.68423, 0.68423, 0.82718, 0.33120, -57.75%
Test - Best epoch, Loss, MSE, RMSE, MAE, MAPE: 9, 0.50485, 0.50485, 0.71053, 0.31800, -57.93%
Time spent: 7.11s
- Epoch 028, ExpID 38611
Train - Loss (one batch): 0.37801
Val - Loss, MSE, RMSE, MAE, MAPE: 0.71990, 0.71990, 0.84847, 0.33569, -62.02%
Test - Best epoch, Loss, MSE, RMSE, MAE, MAPE: 9, 0.50485, 0.50485, 0.71053, 0.31800, -57.93%
Time spent: 7.12s
- Epoch 029, ExpID 38611
Train - Loss (one batch): 0.38148
Val - Loss, MSE, RMSE, MAE, MAPE: 0.68775, 0.68775, 0.82930, 0.33203, -55.06%
Test - Best epoch, Loss, MSE, RMSE, MAE, MAPE: 9, 0.50485, 0.50485, 0.71053, 0.31800, -57.93%
Time spent: 7.12s
