USHCN MS 2-scale (gated): scales=2,4,8 strides=2,4,8
==== Seed 1 ====
PID, device: 3983713 cuda
Total records: 1114
Dataset n_samples: 1114 668 223 223
Test record ids (first 20): [886, 101, 1120, 730, 291, 875, 958, 260, 128, 1043, 620, 88, 1005, 872, 617, 538, 508, 44, 273, 817]
Test record ids (last 20): [982, 275, 991, 997, 66, 801, 67, 942, 12, 361, 555, 710, 333, 1017, 851, 184, 882, 509, 726, 587]
data_max: tensor([37.2551, 36.6691, 38.2520,  3.0401,  2.9104], device='cuda:0')
data_min: tensor([-0.3057, -0.1280, -0.1738, -3.8821, -4.1854], device='cuda:0')
time_max: tensor(48., device='cuda:0')
Dataset n_samples after time split: 26736 16032 5352 5352
[USHCN-MS] batch keys: ['X_list', 'tt_list', 'mk_list', 'npatches', 'tp_to_predict', 'data_to_predict', 'mask_predicted_data']
[USHCN-MS] #scales: 3
[USHCN-MS] per-scale shapes: [(192, 12, 11, 5), (192, 6, 15, 5), (192, 3, 24, 5)]
[USHCN-MS] data_to_predict: (192, 13, 5)
[USHCN-MS] mask_predicted_data sum: 1292.0
[USHCN-MS] tt_list mins/maxes: [(0.0, 0.999666690826416), (0.0, 0.999666690826416), (0.0, 0.999666690826416)]
[USHCN-MS] tp_to_predict min/max: 0.0 1.0416667461395264
[MS] use_ms=True fusion=attn scales=2,4,8 strides=2,4,8 npatches_per_scale=[12, 6, 3]
decoder exists: True
fuse_proj exists: True
attn_V exists: True
attn_u exists: True
gate_mlp exists: False
Missing trainable params in optimizer: []
Missing count: 0
n_train_batches: 84
Epoch 0: avg decoder weight change = 0.00027832
Epoch 1: avg decoder weight change = 0.00011209
Epoch 2: avg decoder weight change = 0.00008513
Epoch 3: avg decoder weight change = 0.00008786
Epoch 4: avg decoder weight change = 0.00009562
Epoch 5: avg decoder weight change = 0.00008136
Epoch 6: avg decoder weight change = 0.00008502
Epoch 7: avg decoder weight change = 0.00011590
Epoch 8: avg decoder weight change = 0.00012127
Epoch 9: avg decoder weight change = 0.00010607
Epoch 10: avg decoder weight change = 0.00012583
Epoch 11: avg decoder weight change = 0.00011321
Epoch 12: avg decoder weight change = 0.00010312
Epoch 13: avg decoder weight change = 0.00014946
Epoch 14: avg decoder weight change = 0.00012805
Epoch 15: avg decoder weight change = 0.00010758
Epoch 16: avg decoder weight change = 0.00012003
Epoch 17: avg decoder weight change = 0.00016201
Epoch 18: avg decoder weight change = 0.00010536
Epoch 19: avg decoder weight change = 0.00013004
Epoch 20: avg decoder weight change = 0.00011807
Epoch 21: avg decoder weight change = 0.00010458
Epoch 22: avg decoder weight change = 0.00012035
Epoch 23: avg decoder weight change = 0.00014470
Epoch 24: avg decoder weight change = 0.00012093
Epoch 25: avg decoder weight change = 0.00011169
Epoch 26: avg decoder weight change = 0.00014141
Epoch 27: avg decoder weight change = 0.00011198
Epoch 28: avg decoder weight change = 0.00015747
Epoch 29: avg decoder weight change = 0.00014586
Epoch 30: avg decoder weight change = 0.00012281
Epoch 31: avg decoder weight change = 0.00016584
Epoch 32: avg decoder weight change = 0.00015253
Epoch 33: avg decoder weight change = 0.00013272
Epoch 34: avg decoder weight change = 0.00013991
Epoch 35: avg decoder weight change = 0.00015874
Exp has been early stopped!
==== Seed 2 ====
PID, device: 3992236 cuda
Total records: 1114
Dataset n_samples: 1114 668 223 223
Test record ids (first 20): [886, 101, 1120, 730, 291, 875, 958, 260, 128, 1043, 620, 88, 1005, 872, 617, 538, 508, 44, 273, 817]
Test record ids (last 20): [982, 275, 991, 997, 66, 801, 67, 942, 12, 361, 555, 710, 333, 1017, 851, 184, 882, 509, 726, 587]
data_max: tensor([37.2551, 36.6691, 38.2520,  3.0401,  2.9104], device='cuda:0')
data_min: tensor([-0.3057, -0.1280, -0.1738, -3.8821, -4.1854], device='cuda:0')
time_max: tensor(48., device='cuda:0')
Dataset n_samples after time split: 26736 16032 5352 5352
[USHCN-MS] batch keys: ['X_list', 'tt_list', 'mk_list', 'npatches', 'tp_to_predict', 'data_to_predict', 'mask_predicted_data']
[USHCN-MS] #scales: 3
[USHCN-MS] per-scale shapes: [(192, 12, 11, 5), (192, 6, 15, 5), (192, 3, 24, 5)]
[USHCN-MS] data_to_predict: (192, 13, 5)
[USHCN-MS] mask_predicted_data sum: 1292.0
[USHCN-MS] tt_list mins/maxes: [(0.0, 0.999666690826416), (0.0, 0.999666690826416), (0.0, 0.999666690826416)]
[USHCN-MS] tp_to_predict min/max: 0.0 1.0416667461395264
[MS] use_ms=True fusion=attn scales=2,4,8 strides=2,4,8 npatches_per_scale=[12, 6, 3]
decoder exists: True
fuse_proj exists: True
attn_V exists: True
attn_u exists: True
gate_mlp exists: False
Missing trainable params in optimizer: []
Missing count: 0
n_train_batches: 84
Epoch 0: avg decoder weight change = 0.00027022
Epoch 1: avg decoder weight change = 0.00009149
Epoch 2: avg decoder weight change = 0.00012042
Epoch 3: avg decoder weight change = 0.00009949
Epoch 4: avg decoder weight change = 0.00009330
Epoch 5: avg decoder weight change = 0.00009182
Epoch 6: avg decoder weight change = 0.00008704
Epoch 7: avg decoder weight change = 0.00009961
Epoch 8: avg decoder weight change = 0.00009609
Epoch 9: avg decoder weight change = 0.00011384
Epoch 10: avg decoder weight change = 0.00009826
Epoch 11: avg decoder weight change = 0.00010196
Epoch 12: avg decoder weight change = 0.00009085
Epoch 13: avg decoder weight change = 0.00008965
Epoch 14: avg decoder weight change = 0.00009977
Epoch 15: avg decoder weight change = 0.00007791
Epoch 16: avg decoder weight change = 0.00012222
Epoch 17: avg decoder weight change = 0.00009742
Epoch 18: avg decoder weight change = 0.00010127
Epoch 19: avg decoder weight change = 0.00009175
Epoch 20: avg decoder weight change = 0.00010589
Epoch 21: avg decoder weight change = 0.00010008
Epoch 22: avg decoder weight change = 0.00011948
Epoch 23: avg decoder weight change = 0.00008944
Epoch 24: avg decoder weight change = 0.00010707
Epoch 25: avg decoder weight change = 0.00010086
Epoch 26: avg decoder weight change = 0.00010807
Epoch 27: avg decoder weight change = 0.00011299
Epoch 28: avg decoder weight change = 0.00009822
Epoch 29: avg decoder weight change = 0.00011401
Epoch 30: avg decoder weight change = 0.00011118
Epoch 31: avg decoder weight change = 0.00010014
Epoch 32: avg decoder weight change = 0.00009599
Epoch 33: avg decoder weight change = 0.00012886
Epoch 34: avg decoder weight change = 0.00012317
Epoch 35: avg decoder weight change = 0.00013293
Epoch 36: avg decoder weight change = 0.00011522
Epoch 37: avg decoder weight change = 0.00013063
Epoch 38: avg decoder weight change = 0.00012864
Epoch 39: avg decoder weight change = 0.00017418
Epoch 40: avg decoder weight change = 0.00013739
Exp has been early stopped!
==== Seed 3 ====
PID, device: 4002469 cuda
Total records: 1114
Dataset n_samples: 1114 668 223 223
Test record ids (first 20): [886, 101, 1120, 730, 291, 875, 958, 260, 128, 1043, 620, 88, 1005, 872, 617, 538, 508, 44, 273, 817]
Test record ids (last 20): [982, 275, 991, 997, 66, 801, 67, 942, 12, 361, 555, 710, 333, 1017, 851, 184, 882, 509, 726, 587]
data_max: tensor([37.2551, 36.6691, 38.2520,  3.0401,  2.9104], device='cuda:0')
data_min: tensor([-0.3057, -0.1280, -0.1738, -3.8821, -4.1854], device='cuda:0')
time_max: tensor(48., device='cuda:0')
Dataset n_samples after time split: 26736 16032 5352 5352
[USHCN-MS] batch keys: ['X_list', 'tt_list', 'mk_list', 'npatches', 'tp_to_predict', 'data_to_predict', 'mask_predicted_data']
[USHCN-MS] #scales: 3
[USHCN-MS] per-scale shapes: [(192, 12, 11, 5), (192, 6, 15, 5), (192, 3, 24, 5)]
[USHCN-MS] data_to_predict: (192, 13, 5)
[USHCN-MS] mask_predicted_data sum: 1292.0
[USHCN-MS] tt_list mins/maxes: [(0.0, 0.999666690826416), (0.0, 0.999666690826416), (0.0, 0.999666690826416)]
[USHCN-MS] tp_to_predict min/max: 0.0 1.0416667461395264
[MS] use_ms=True fusion=attn scales=2,4,8 strides=2,4,8 npatches_per_scale=[12, 6, 3]
decoder exists: True
fuse_proj exists: True
attn_V exists: True
attn_u exists: True
gate_mlp exists: False
Missing trainable params in optimizer: []
Missing count: 0
n_train_batches: 84
Epoch 0: avg decoder weight change = 0.00027543
Epoch 1: avg decoder weight change = 0.00011765
Epoch 2: avg decoder weight change = 0.00009863
Epoch 3: avg decoder weight change = 0.00008686
Epoch 4: avg decoder weight change = 0.00009130
Epoch 5: avg decoder weight change = 0.00007683
Epoch 6: avg decoder weight change = 0.00008896
Epoch 7: avg decoder weight change = 0.00008527
Epoch 8: avg decoder weight change = 0.00008926
Epoch 9: avg decoder weight change = 0.00007303
Epoch 10: avg decoder weight change = 0.00008270
Epoch 11: avg decoder weight change = 0.00008581
Epoch 12: avg decoder weight change = 0.00008927
Epoch 13: avg decoder weight change = 0.00009426
Epoch 14: avg decoder weight change = 0.00009757
Epoch 15: avg decoder weight change = 0.00008444
Epoch 16: avg decoder weight change = 0.00009483
Epoch 17: avg decoder weight change = 0.00008475
Epoch 18: avg decoder weight change = 0.00011166
Epoch 19: avg decoder weight change = 0.00010733
Epoch 20: avg decoder weight change = 0.00008976
Epoch 21: avg decoder weight change = 0.00008879
Epoch 22: avg decoder weight change = 0.00010046
Epoch 23: avg decoder weight change = 0.00011508
Epoch 24: avg decoder weight change = 0.00010327
Epoch 25: avg decoder weight change = 0.00012761
Epoch 26: avg decoder weight change = 0.00011432
Epoch 27: avg decoder weight change = 0.00009523
Epoch 28: avg decoder weight change = 0.00010584
Epoch 29: avg decoder weight change = 0.00009719
Epoch 30: avg decoder weight change = 0.00009727
Epoch 31: avg decoder weight change = 0.00010181
Epoch 32: avg decoder weight change = 0.00011831
Exp has been early stopped!
==== Seed 4 ====
PID, device: 4010420 cuda
Total records: 1114
Dataset n_samples: 1114 668 223 223
Test record ids (first 20): [886, 101, 1120, 730, 291, 875, 958, 260, 128, 1043, 620, 88, 1005, 872, 617, 538, 508, 44, 273, 817]
Test record ids (last 20): [982, 275, 991, 997, 66, 801, 67, 942, 12, 361, 555, 710, 333, 1017, 851, 184, 882, 509, 726, 587]
data_max: tensor([37.2551, 36.6691, 38.2520,  3.0401,  2.9104], device='cuda:0')
data_min: tensor([-0.3057, -0.1280, -0.1738, -3.8821, -4.1854], device='cuda:0')
time_max: tensor(48., device='cuda:0')
Dataset n_samples after time split: 26736 16032 5352 5352
[USHCN-MS] batch keys: ['X_list', 'tt_list', 'mk_list', 'npatches', 'tp_to_predict', 'data_to_predict', 'mask_predicted_data']
[USHCN-MS] #scales: 3
[USHCN-MS] per-scale shapes: [(192, 12, 11, 5), (192, 6, 15, 5), (192, 3, 24, 5)]
[USHCN-MS] data_to_predict: (192, 13, 5)
[USHCN-MS] mask_predicted_data sum: 1292.0
[USHCN-MS] tt_list mins/maxes: [(0.0, 0.999666690826416), (0.0, 0.999666690826416), (0.0, 0.999666690826416)]
[USHCN-MS] tp_to_predict min/max: 0.0 1.0416667461395264
[MS] use_ms=True fusion=attn scales=2,4,8 strides=2,4,8 npatches_per_scale=[12, 6, 3]
decoder exists: True
fuse_proj exists: True
attn_V exists: True
attn_u exists: True
gate_mlp exists: False
Missing trainable params in optimizer: []
Missing count: 0
n_train_batches: 84
Epoch 0: avg decoder weight change = 0.00026574
Epoch 1: avg decoder weight change = 0.00007728
Epoch 2: avg decoder weight change = 0.00009032
Epoch 3: avg decoder weight change = 0.00007294
Epoch 4: avg decoder weight change = 0.00007699
Epoch 5: avg decoder weight change = 0.00006801
Epoch 6: avg decoder weight change = 0.00007133
Epoch 7: avg decoder weight change = 0.00009017
Epoch 8: avg decoder weight change = 0.00008199
Epoch 9: avg decoder weight change = 0.00009247
Epoch 10: avg decoder weight change = 0.00009821
Epoch 11: avg decoder weight change = 0.00008270
Epoch 12: avg decoder weight change = 0.00009168
Epoch 13: avg decoder weight change = 0.00008387
Epoch 14: avg decoder weight change = 0.00010258
Epoch 15: avg decoder weight change = 0.00008266
Epoch 16: avg decoder weight change = 0.00009409
Epoch 17: avg decoder weight change = 0.00010785
Epoch 18: avg decoder weight change = 0.00020213
Epoch 19: avg decoder weight change = 0.00008942
Epoch 20: avg decoder weight change = 0.00006724
Epoch 21: avg decoder weight change = 0.00007769
Epoch 22: avg decoder weight change = 0.00008094
Epoch 23: avg decoder weight change = 0.00008642
Epoch 24: avg decoder weight change = 0.00009402
Epoch 25: avg decoder weight change = 0.00007591
Epoch 26: avg decoder weight change = 0.00009416
Epoch 27: avg decoder weight change = 0.00008322
Epoch 28: avg decoder weight change = 0.00009270
Epoch 29: avg decoder weight change = 0.00010314
Epoch 30: avg decoder weight change = 0.00008371
Epoch 31: avg decoder weight change = 0.00010240
Epoch 32: avg decoder weight change = 0.00008927
Epoch 33: avg decoder weight change = 0.00008399
Epoch 34: avg decoder weight change = 0.00009130
Epoch 35: avg decoder weight change = 0.00009354
Epoch 36: avg decoder weight change = 0.00009381
Epoch 37: avg decoder weight change = 0.00009590
Epoch 38: avg decoder weight change = 0.00009782
Epoch 39: avg decoder weight change = 0.00010215
Epoch 40: avg decoder weight change = 0.00010918
Epoch 41: avg decoder weight change = 0.00009762
Epoch 42: avg decoder weight change = 0.00009836
Epoch 43: avg decoder weight change = 0.00010448
Epoch 44: avg decoder weight change = 0.00011153
Epoch 45: avg decoder weight change = 0.00009051
Exp has been early stopped!
==== Seed 5 ====
PID, device: 4021391 cuda
Total records: 1114
Dataset n_samples: 1114 668 223 223
Test record ids (first 20): [886, 101, 1120, 730, 291, 875, 958, 260, 128, 1043, 620, 88, 1005, 872, 617, 538, 508, 44, 273, 817]
Test record ids (last 20): [982, 275, 991, 997, 66, 801, 67, 942, 12, 361, 555, 710, 333, 1017, 851, 184, 882, 509, 726, 587]
data_max: tensor([37.2551, 36.6691, 38.2520,  3.0401,  2.9104], device='cuda:0')
data_min: tensor([-0.3057, -0.1280, -0.1738, -3.8821, -4.1854], device='cuda:0')
time_max: tensor(48., device='cuda:0')
Dataset n_samples after time split: 26736 16032 5352 5352
[USHCN-MS] batch keys: ['X_list', 'tt_list', 'mk_list', 'npatches', 'tp_to_predict', 'data_to_predict', 'mask_predicted_data']
[USHCN-MS] #scales: 3
[USHCN-MS] per-scale shapes: [(192, 12, 11, 5), (192, 6, 15, 5), (192, 3, 24, 5)]
[USHCN-MS] data_to_predict: (192, 13, 5)
[USHCN-MS] mask_predicted_data sum: 1292.0
[USHCN-MS] tt_list mins/maxes: [(0.0, 0.999666690826416), (0.0, 0.999666690826416), (0.0, 0.999666690826416)]
[USHCN-MS] tp_to_predict min/max: 0.0 1.0416667461395264
[MS] use_ms=True fusion=attn scales=2,4,8 strides=2,4,8 npatches_per_scale=[12, 6, 3]
decoder exists: True
fuse_proj exists: True
attn_V exists: True
attn_u exists: True
gate_mlp exists: False
Missing trainable params in optimizer: []
Missing count: 0
n_train_batches: 84
Epoch 0: avg decoder weight change = 0.00029969
Epoch 1: avg decoder weight change = 0.00009685
Epoch 2: avg decoder weight change = 0.00010288
Epoch 3: avg decoder weight change = 0.00008158
Epoch 4: avg decoder weight change = 0.00010233
Epoch 5: avg decoder weight change = 0.00009787
Epoch 6: avg decoder weight change = 0.00008446
Epoch 7: avg decoder weight change = 0.00008770
Epoch 8: avg decoder weight change = 0.00009250
Epoch 9: avg decoder weight change = 0.00009542
Epoch 10: avg decoder weight change = 0.00010449
Epoch 11: avg decoder weight change = 0.00009248
Epoch 12: avg decoder weight change = 0.00012891
Epoch 13: avg decoder weight change = 0.00012271
Epoch 14: avg decoder weight change = 0.00011255
Epoch 15: avg decoder weight change = 0.00011451
Epoch 16: avg decoder weight change = 0.00012781
Epoch 17: avg decoder weight change = 0.00010789
Epoch 18: avg decoder weight change = 0.00011991
Epoch 19: avg decoder weight change = 0.00014315
Epoch 20: avg decoder weight change = 0.00012487
Epoch 21: avg decoder weight change = 0.00009897
Epoch 22: avg decoder weight change = 0.00010703
Epoch 23: avg decoder weight change = 0.00009868
Epoch 24: avg decoder weight change = 0.00013977
Epoch 25: avg decoder weight change = 0.00010788
Epoch 26: avg decoder weight change = 0.00013554
Epoch 27: avg decoder weight change = 0.00011266
Epoch 28: avg decoder weight change = 0.00013684
Epoch 29: avg decoder weight change = 0.00013597
Epoch 30: avg decoder weight change = 0.00011891
Epoch 31: avg decoder weight change = 0.00014127
Epoch 32: avg decoder weight change = 0.00016298
Epoch 33: avg decoder weight change = 0.00011579
Epoch 34: avg decoder weight change = 0.00011153
Epoch 35: avg decoder weight change = 0.00011031
Epoch 36: avg decoder weight change = 0.00014762
Epoch 37: avg decoder weight change = 0.00012304
Epoch 38: avg decoder weight change = 0.00014804
Epoch 39: avg decoder weight change = 0.00016712
Epoch 40: avg decoder weight change = 0.00012971
Epoch 41: avg decoder weight change = 0.00012436
Epoch 42: avg decoder weight change = 0.00012112
Epoch 43: avg decoder weight change = 0.00013426
Epoch 44: avg decoder weight change = 0.00015166
Epoch 45: avg decoder weight change = 0.00013480
Epoch 46: avg decoder weight change = 0.00013284
Epoch 47: avg decoder weight change = 0.00011138
Exp has been early stopped!
