INFO | - Epoch 000, ExpID 19907 best_epoch=0 improved=1
INFO | Train - Loss (last batch): 0.60636
INFO | Val - Loss, MSE, MAE: 0.81981, 0.81981, 0.35223
INFO | Test - Best epoch, Loss, MSE, MAE: 0, 0.52199, 0.52199, 0.32598
INFO | Test - Points (EXACT): total_masked=39143 correct=1684 right_rate=4.3022%
INFO | - Epoch 001, ExpID 19907 best_epoch=1 improved=1
INFO | Train - Loss (last batch): 0.39045
INFO | Val - Loss, MSE, MAE: 0.76958, 0.76958, 0.33498
INFO | Test - Best epoch, Loss, MSE, MAE: 1, 0.51735, 0.51735, 0.30961
INFO | Test - Points (EXACT): total_masked=39143 correct=2652 right_rate=6.7752%
INFO | - Epoch 002, ExpID 19907 best_epoch=2 improved=1
INFO | Train - Loss (last batch): 0.36642
INFO | Val - Loss, MSE, MAE: 0.72313, 0.72313, 0.34348
INFO | Test - Best epoch, Loss, MSE, MAE: 2, 0.53518, 0.53518, 0.32044
INFO | Test - Points (EXACT): total_masked=39143 correct=1859 right_rate=4.7493%
INFO | - Epoch 003, ExpID 19907 best_epoch=3 improved=1
INFO | Train - Loss (last batch): 0.40045
INFO | Val - Loss, MSE, MAE: 0.69612, 0.69612, 0.33147
INFO | Test - Best epoch, Loss, MSE, MAE: 3, 0.51020, 0.51020, 0.30915
INFO | Test - Points (EXACT): total_masked=39143 correct=2411 right_rate=6.1595%
INFO | - Epoch 004, ExpID 19907 best_epoch=4 improved=1
INFO | Train - Loss (last batch): 0.44577
INFO | Val - Loss, MSE, MAE: 0.69263, 0.69263, 0.33890
INFO | Test - Best epoch, Loss, MSE, MAE: 4, 0.51190, 0.51190, 0.31550
INFO | Test - Points (EXACT): total_masked=39143 correct=2139 right_rate=5.4646%
INFO | - Epoch 005, ExpID 19907 best_epoch=4 improved=0
INFO | Train - Loss (last batch): 0.58778
INFO | Val - Loss, MSE, MAE: 0.78554, 0.78554, 0.35078
INFO | Test - Best epoch, Loss, MSE, MAE: 4, 0.51190, 0.51190, 0.31550
INFO | Test - Points (EXACT): total_masked=39143 correct=2139 right_rate=5.4646%
INFO | - Epoch 006, ExpID 19907 best_epoch=4 improved=0
INFO | Train - Loss (last batch): 1.27290
INFO | Val - Loss, MSE, MAE: 0.76768, 0.76768, 0.35672
INFO | Test - Best epoch, Loss, MSE, MAE: 4, 0.51190, 0.51190, 0.31550
INFO | Test - Points (EXACT): total_masked=39143 correct=2139 right_rate=5.4646%
INFO | - Epoch 007, ExpID 19907 best_epoch=4 improved=0
INFO | Train - Loss (last batch): 0.52289
INFO | Val - Loss, MSE, MAE: 0.70553, 0.70553, 0.34934
INFO | Test - Best epoch, Loss, MSE, MAE: 4, 0.51190, 0.51190, 0.31550
INFO | Test - Points (EXACT): total_masked=39143 correct=2139 right_rate=5.4646%
INFO | - Epoch 008, ExpID 19907 best_epoch=4 improved=0
INFO | Train - Loss (last batch): 0.51077
INFO | Val - Loss, MSE, MAE: 0.73706, 0.73706, 0.32985
INFO | Test - Best epoch, Loss, MSE, MAE: 4, 0.51190, 0.51190, 0.31550
INFO | Test - Points (EXACT): total_masked=39143 correct=2139 right_rate=5.4646%
INFO | - Epoch 009, ExpID 19907 best_epoch=4 improved=0
INFO | Train - Loss (last batch): 0.28301
INFO | Val - Loss, MSE, MAE: 0.70223, 0.70223, 0.32905
INFO | Test - Best epoch, Loss, MSE, MAE: 4, 0.51190, 0.51190, 0.31550
INFO | Test - Points (EXACT): total_masked=39143 correct=2139 right_rate=5.4646%
INFO | - Epoch 010, ExpID 19907 best_epoch=4 improved=0
INFO | Train - Loss (last batch): 0.44760
INFO | Val - Loss, MSE, MAE: 0.71258, 0.71258, 0.34465
INFO | Test - Best epoch, Loss, MSE, MAE: 4, 0.51190, 0.51190, 0.31550
INFO | Test - Points (EXACT): total_masked=39143 correct=2139 right_rate=5.4646%
INFO | - Epoch 011, ExpID 19907 best_epoch=11 improved=1
INFO | Train - Loss (last batch): 0.56440
INFO | Val - Loss, MSE, MAE: 0.67583, 0.67583, 0.34089
INFO | Test - Best epoch, Loss, MSE, MAE: 11, 0.50108, 0.50108, 0.31902
INFO | Test - Points (EXACT): total_masked=39143 correct=2072 right_rate=5.2934%
INFO | - Epoch 012, ExpID 19907 best_epoch=11 improved=0
INFO | Train - Loss (last batch): 0.38622
INFO | Val - Loss, MSE, MAE: 0.70815, 0.70815, 0.34276
INFO | Test - Best epoch, Loss, MSE, MAE: 11, 0.50108, 0.50108, 0.31902
INFO | Test - Points (EXACT): total_masked=39143 correct=2072 right_rate=5.2934%
INFO | - Epoch 013, ExpID 19907 best_epoch=11 improved=0
INFO | Train - Loss (last batch): 0.33472
INFO | Val - Loss, MSE, MAE: 0.73110, 0.73110, 0.33554
INFO | Test - Best epoch, Loss, MSE, MAE: 11, 0.50108, 0.50108, 0.31902
INFO | Test - Points (EXACT): total_masked=39143 correct=2072 right_rate=5.2934%
INFO | - Epoch 014, ExpID 19907 best_epoch=11 improved=0
INFO | Train - Loss (last batch): 0.54093
INFO | Val - Loss, MSE, MAE: 0.71819, 0.71819, 0.32220
INFO | Test - Best epoch, Loss, MSE, MAE: 11, 0.50108, 0.50108, 0.31902
INFO | Test - Points (EXACT): total_masked=39143 correct=2072 right_rate=5.2934%
INFO | - Epoch 015, ExpID 19907 best_epoch=11 improved=0
INFO | Train - Loss (last batch): 0.51208
INFO | Val - Loss, MSE, MAE: 0.70794, 0.70794, 0.32300
INFO | Test - Best epoch, Loss, MSE, MAE: 11, 0.50108, 0.50108, 0.31902
INFO | Test - Points (EXACT): total_masked=39143 correct=2072 right_rate=5.2934%
INFO | - Epoch 016, ExpID 19907 best_epoch=16 improved=1
INFO | Train - Loss (last batch): 0.52770
INFO | Val - Loss, MSE, MAE: 0.67042, 0.67042, 0.32950
INFO | Test - Best epoch, Loss, MSE, MAE: 16, 0.50334, 0.50334, 0.30820
INFO | Test - Points (EXACT): total_masked=39143 correct=2849 right_rate=7.2784%
INFO | - Epoch 017, ExpID 19907 best_epoch=17 improved=1
INFO | Train - Loss (last batch): 0.42034
INFO | Val - Loss, MSE, MAE: 0.66697, 0.66697, 0.32729
INFO | Test - Best epoch, Loss, MSE, MAE: 17, 0.49975, 0.49975, 0.30646
INFO | Test - Points (EXACT): total_masked=39143 correct=3536 right_rate=9.0335%
INFO | - Epoch 018, ExpID 19907 best_epoch=17 improved=0
INFO | Train - Loss (last batch): 0.54705
INFO | Val - Loss, MSE, MAE: 0.68688, 0.68688, 0.32671
INFO | Test - Best epoch, Loss, MSE, MAE: 17, 0.49975, 0.49975, 0.30646
INFO | Test - Points (EXACT): total_masked=39143 correct=3536 right_rate=9.0335%
INFO | - Epoch 019, ExpID 19907 best_epoch=17 improved=0
INFO | Train - Loss (last batch): 0.34778
INFO | Val - Loss, MSE, MAE: 0.71158, 0.71158, 0.32332
INFO | Test - Best epoch, Loss, MSE, MAE: 17, 0.49975, 0.49975, 0.30646
INFO | Test - Points (EXACT): total_masked=39143 correct=3536 right_rate=9.0335%
INFO | - Epoch 020, ExpID 19907 best_epoch=20 improved=1
INFO | Train - Loss (last batch): 1.16568
INFO | Val - Loss, MSE, MAE: 0.64965, 0.64965, 0.34395
INFO | Test - Best epoch, Loss, MSE, MAE: 20, 0.50328, 0.50328, 0.32307
INFO | Test - Points (EXACT): total_masked=39143 correct=1289 right_rate=3.2931%
INFO | - Epoch 021, ExpID 19907 best_epoch=20 improved=0
INFO | Train - Loss (last batch): 0.48906
INFO | Val - Loss, MSE, MAE: 0.68423, 0.68423, 0.32298
INFO | Test - Best epoch, Loss, MSE, MAE: 20, 0.50328, 0.50328, 0.32307
INFO | Test - Points (EXACT): total_masked=39143 correct=1289 right_rate=3.2931%
INFO | - Epoch 022, ExpID 19907 best_epoch=20 improved=0
INFO | Train - Loss (last batch): 0.34099
INFO | Val - Loss, MSE, MAE: 0.70634, 0.70634, 0.32023
INFO | Test - Best epoch, Loss, MSE, MAE: 20, 0.50328, 0.50328, 0.32307
INFO | Test - Points (EXACT): total_masked=39143 correct=1289 right_rate=3.2931%
INFO | - Epoch 023, ExpID 19907 best_epoch=20 improved=0
INFO | Train - Loss (last batch): 0.47452
INFO | Val - Loss, MSE, MAE: 0.67800, 0.67800, 0.32625
INFO | Test - Best epoch, Loss, MSE, MAE: 20, 0.50328, 0.50328, 0.32307
INFO | Test - Points (EXACT): total_masked=39143 correct=1289 right_rate=3.2931%
INFO | - Epoch 024, ExpID 19907 best_epoch=20 improved=0
INFO | Train - Loss (last batch): 0.50224
INFO | Val - Loss, MSE, MAE: 0.69111, 0.69111, 0.32313
INFO | Test - Best epoch, Loss, MSE, MAE: 20, 0.50328, 0.50328, 0.32307
INFO | Test - Points (EXACT): total_masked=39143 correct=1289 right_rate=3.2931%
INFO | - Epoch 025, ExpID 19907 best_epoch=20 improved=0
INFO | Train - Loss (last batch): 0.57026
INFO | Val - Loss, MSE, MAE: 0.69356, 0.69356, 0.32724
INFO | Test - Best epoch, Loss, MSE, MAE: 20, 0.50328, 0.50328, 0.32307
INFO | Test - Points (EXACT): total_masked=39143 correct=1289 right_rate=3.2931%
INFO | - Epoch 026, ExpID 19907 best_epoch=20 improved=0
INFO | Train - Loss (last batch): 0.34711
INFO | Val - Loss, MSE, MAE: 0.70087, 0.70087, 0.33943
INFO | Test - Best epoch, Loss, MSE, MAE: 20, 0.50328, 0.50328, 0.32307
INFO | Test - Points (EXACT): total_masked=39143 correct=1289 right_rate=3.2931%
INFO | - Epoch 027, ExpID 19907 best_epoch=20 improved=0
INFO | Train - Loss (last batch): 0.60014
INFO | Val - Loss, MSE, MAE: 0.69697, 0.69697, 0.31878
INFO | Test - Best epoch, Loss, MSE, MAE: 20, 0.50328, 0.50328, 0.32307
INFO | Test - Points (EXACT): total_masked=39143 correct=1289 right_rate=3.2931%
INFO | - Epoch 028, ExpID 19907 best_epoch=20 improved=0
INFO | Train - Loss (last batch): 0.43202
INFO | Val - Loss, MSE, MAE: 0.67240, 0.67240, 0.34154
INFO | Test - Best epoch, Loss, MSE, MAE: 20, 0.50328, 0.50328, 0.32307
INFO | Test - Points (EXACT): total_masked=39143 correct=1289 right_rate=3.2931%
INFO | - Epoch 029, ExpID 19907 best_epoch=20 improved=0
INFO | Train - Loss (last batch): 0.46619
INFO | Val - Loss, MSE, MAE: 0.68809, 0.68809, 0.32999
INFO | Test - Best epoch, Loss, MSE, MAE: 20, 0.50328, 0.50328, 0.32307
INFO | Test - Points (EXACT): total_masked=39143 correct=1289 right_rate=3.2931%
INFO | - Epoch 030, ExpID 19907 best_epoch=20 improved=0
INFO | Train - Loss (last batch): 0.49128
INFO | Val - Loss, MSE, MAE: 0.73161, 0.73161, 0.32997
INFO | Test - Best epoch, Loss, MSE, MAE: 20, 0.50328, 0.50328, 0.32307
INFO | Test - Points (EXACT): total_masked=39143 correct=1289 right_rate=3.2931%
INFO | - Epoch 000, ExpID 5973 best_epoch=0 improved=1
INFO | Train - Loss (last batch): 0.34605
INFO | Val - Loss, MSE, MAE: 0.87785, 0.87785, 0.34390
INFO | Test - Best epoch, Loss, MSE, MAE: 0, 0.54822, 0.54822, 0.32130
INFO | Test - Points (EXACT): total_masked=39143 correct=1700 right_rate=4.3430%
INFO | - Epoch 001, ExpID 5973 best_epoch=1 improved=1
INFO | Train - Loss (last batch): 0.56332
INFO | Val - Loss, MSE, MAE: 0.82559, 0.82559, 0.36643
INFO | Test - Best epoch, Loss, MSE, MAE: 1, 0.55384, 0.55384, 0.34424
INFO | Test - Points (EXACT): total_masked=39143 correct=1805 right_rate=4.6113%
INFO | - Epoch 002, ExpID 5973 best_epoch=2 improved=1
INFO | Train - Loss (last batch): 0.42086
INFO | Val - Loss, MSE, MAE: 0.75946, 0.75946, 0.33930
INFO | Test - Best epoch, Loss, MSE, MAE: 2, 0.52970, 0.52970, 0.31711
INFO | Test - Points (EXACT): total_masked=39143 correct=3357 right_rate=8.5762%
INFO | - Epoch 003, ExpID 5973 best_epoch=2 improved=0
INFO | Train - Loss (last batch): 0.37392
INFO | Val - Loss, MSE, MAE: 0.78122, 0.78122, 0.33735
INFO | Test - Best epoch, Loss, MSE, MAE: 2, 0.52970, 0.52970, 0.31711
INFO | Test - Points (EXACT): total_masked=39143 correct=3357 right_rate=8.5762%
INFO | - Epoch 004, ExpID 5973 best_epoch=4 improved=1
INFO | Train - Loss (last batch): 0.40439
INFO | Val - Loss, MSE, MAE: 0.71005, 0.71005, 0.35365
INFO | Test - Best epoch, Loss, MSE, MAE: 4, 0.53729, 0.53729, 0.33268
INFO | Test - Points (EXACT): total_masked=39143 correct=1962 right_rate=5.0124%
INFO | - Epoch 005, ExpID 5973 best_epoch=4 improved=0
INFO | Train - Loss (last batch): 0.56291
INFO | Val - Loss, MSE, MAE: 0.71787, 0.71787, 0.32273
INFO | Test - Best epoch, Loss, MSE, MAE: 4, 0.53729, 0.53729, 0.33268
INFO | Test - Points (EXACT): total_masked=39143 correct=1962 right_rate=5.0124%
INFO | - Epoch 006, ExpID 5973 best_epoch=6 improved=1
INFO | Train - Loss (last batch): 0.56045
INFO | Val - Loss, MSE, MAE: 0.68778, 0.68778, 0.33831
INFO | Test - Best epoch, Loss, MSE, MAE: 6, 0.52260, 0.52260, 0.31840
INFO | Test - Points (EXACT): total_masked=39143 correct=4578 right_rate=11.6956%
INFO | - Epoch 007, ExpID 5973 best_epoch=6 improved=0
INFO | Train - Loss (last batch): 0.74670
INFO | Val - Loss, MSE, MAE: 0.70805, 0.70805, 0.32817
INFO | Test - Best epoch, Loss, MSE, MAE: 6, 0.52260, 0.52260, 0.31840
INFO | Test - Points (EXACT): total_masked=39143 correct=4578 right_rate=11.6956%
INFO | - Epoch 008, ExpID 5973 best_epoch=6 improved=0
INFO | Train - Loss (last batch): 0.44766
INFO | Val - Loss, MSE, MAE: 0.68910, 0.68910, 0.32993
INFO | Test - Best epoch, Loss, MSE, MAE: 6, 0.52260, 0.52260, 0.31840
INFO | Test - Points (EXACT): total_masked=39143 correct=4578 right_rate=11.6956%
INFO | - Epoch 009, ExpID 5973 best_epoch=9 improved=1
INFO | Train - Loss (last batch): 0.42575
INFO | Val - Loss, MSE, MAE: 0.66887, 0.66887, 0.33285
INFO | Test - Best epoch, Loss, MSE, MAE: 9, 0.51358, 0.51358, 0.31163
INFO | Test - Points (EXACT): total_masked=39143 correct=2811 right_rate=7.1814%
INFO | - Epoch 010, ExpID 5973 best_epoch=10 improved=1
INFO | Train - Loss (last batch): 0.32627
INFO | Val - Loss, MSE, MAE: 0.64136, 0.64136, 0.33517
INFO | Test - Best epoch, Loss, MSE, MAE: 10, 0.51532, 0.51532, 0.31606
INFO | Test - Points (EXACT): total_masked=39143 correct=2198 right_rate=5.6153%
INFO | - Epoch 011, ExpID 5973 best_epoch=10 improved=0
INFO | Train - Loss (last batch): 0.62089
INFO | Val - Loss, MSE, MAE: 0.69815, 0.69815, 0.34599
INFO | Test - Best epoch, Loss, MSE, MAE: 10, 0.51532, 0.51532, 0.31606
INFO | Test - Points (EXACT): total_masked=39143 correct=2198 right_rate=5.6153%
INFO | - Epoch 012, ExpID 5973 best_epoch=10 improved=0
INFO | Train - Loss (last batch): 0.45550
INFO | Val - Loss, MSE, MAE: 0.65190, 0.65190, 0.33180
INFO | Test - Best epoch, Loss, MSE, MAE: 10, 0.51532, 0.51532, 0.31606
INFO | Test - Points (EXACT): total_masked=39143 correct=2198 right_rate=5.6153%
INFO | - Epoch 013, ExpID 5973 best_epoch=10 improved=0
INFO | Train - Loss (last batch): 0.67805
INFO | Val - Loss, MSE, MAE: 0.70481, 0.70481, 0.32659
INFO | Test - Best epoch, Loss, MSE, MAE: 10, 0.51532, 0.51532, 0.31606
INFO | Test - Points (EXACT): total_masked=39143 correct=2198 right_rate=5.6153%
INFO | - Epoch 014, ExpID 5973 best_epoch=10 improved=0
INFO | Train - Loss (last batch): 0.39788
INFO | Val - Loss, MSE, MAE: 0.68306, 0.68306, 0.33527
INFO | Test - Best epoch, Loss, MSE, MAE: 10, 0.51532, 0.51532, 0.31606
INFO | Test - Points (EXACT): total_masked=39143 correct=2198 right_rate=5.6153%
INFO | - Epoch 015, ExpID 5973 best_epoch=10 improved=0
INFO | Train - Loss (last batch): 0.45424
INFO | Val - Loss, MSE, MAE: 0.67261, 0.67261, 0.32282
INFO | Test - Best epoch, Loss, MSE, MAE: 10, 0.51532, 0.51532, 0.31606
INFO | Test - Points (EXACT): total_masked=39143 correct=2198 right_rate=5.6153%
INFO | - Epoch 016, ExpID 5973 best_epoch=10 improved=0
INFO | Train - Loss (last batch): 0.40999
INFO | Val - Loss, MSE, MAE: 0.64454, 0.64454, 0.32238
INFO | Test - Best epoch, Loss, MSE, MAE: 10, 0.51532, 0.51532, 0.31606
INFO | Test - Points (EXACT): total_masked=39143 correct=2198 right_rate=5.6153%
INFO | - Epoch 017, ExpID 5973 best_epoch=10 improved=0
INFO | Train - Loss (last batch): 0.42765
INFO | Val - Loss, MSE, MAE: 0.68584, 0.68584, 0.34266
INFO | Test - Best epoch, Loss, MSE, MAE: 10, 0.51532, 0.51532, 0.31606
INFO | Test - Points (EXACT): total_masked=39143 correct=2198 right_rate=5.6153%
INFO | - Epoch 018, ExpID 5973 best_epoch=10 improved=0
INFO | Train - Loss (last batch): 0.69022
INFO | Val - Loss, MSE, MAE: 0.66707, 0.66707, 0.33462
INFO | Test - Best epoch, Loss, MSE, MAE: 10, 0.51532, 0.51532, 0.31606
INFO | Test - Points (EXACT): total_masked=39143 correct=2198 right_rate=5.6153%
INFO | - Epoch 019, ExpID 5973 best_epoch=10 improved=0
INFO | Train - Loss (last batch): 0.56607
INFO | Val - Loss, MSE, MAE: 0.69406, 0.69406, 0.37301
INFO | Test - Best epoch, Loss, MSE, MAE: 10, 0.51532, 0.51532, 0.31606
INFO | Test - Points (EXACT): total_masked=39143 correct=2198 right_rate=5.6153%
INFO | - Epoch 020, ExpID 5973 best_epoch=10 improved=0
INFO | Train - Loss (last batch): 0.52613
INFO | Val - Loss, MSE, MAE: 0.67240, 0.67240, 0.33504
INFO | Test - Best epoch, Loss, MSE, MAE: 10, 0.51532, 0.51532, 0.31606
INFO | Test - Points (EXACT): total_masked=39143 correct=2198 right_rate=5.6153%
INFO | - Epoch 000, ExpID 42444 best_epoch=0 improved=1
INFO | Train - Loss (last batch): 0.60088
INFO | Val - Loss, MSE, MAE: 0.87278, 0.87278, 0.36651
INFO | Test - Best epoch, Loss, MSE, MAE: 0, 0.55108, 0.55108, 0.34175
INFO | Test - Points (EXACT): total_masked=39143 correct=1319 right_rate=3.3697%
INFO | - Epoch 001, ExpID 42444 best_epoch=1 improved=1
INFO | Train - Loss (last batch): 0.40061
INFO | Val - Loss, MSE, MAE: 0.80521, 0.80521, 0.35357
INFO | Test - Best epoch, Loss, MSE, MAE: 1, 0.53376, 0.53376, 0.33077
INFO | Test - Points (EXACT): total_masked=39143 correct=1737 right_rate=4.4376%
INFO | - Epoch 002, ExpID 42444 best_epoch=2 improved=1
INFO | Train - Loss (last batch): 0.71174
INFO | Val - Loss, MSE, MAE: 0.79700, 0.79700, 0.35685
INFO | Test - Best epoch, Loss, MSE, MAE: 2, 0.52618, 0.52618, 0.33443
INFO | Test - Points (EXACT): total_masked=39143 correct=1785 right_rate=4.5602%
INFO | - Epoch 003, ExpID 42444 best_epoch=3 improved=1
INFO | Train - Loss (last batch): 0.68574
INFO | Val - Loss, MSE, MAE: 0.77357, 0.77357, 0.34213
INFO | Test - Best epoch, Loss, MSE, MAE: 3, 0.52597, 0.52597, 0.32083
INFO | Test - Points (EXACT): total_masked=39143 correct=2279 right_rate=5.8222%
INFO | - Epoch 004, ExpID 42444 best_epoch=4 improved=1
INFO | Train - Loss (last batch): 0.44295
INFO | Val - Loss, MSE, MAE: 0.73936, 0.73936, 0.34608
INFO | Test - Best epoch, Loss, MSE, MAE: 4, 0.51216, 0.51216, 0.32324
INFO | Test - Points (EXACT): total_masked=39143 correct=1989 right_rate=5.0814%
INFO | - Epoch 005, ExpID 42444 best_epoch=5 improved=1
INFO | Train - Loss (last batch): 0.38651
INFO | Val - Loss, MSE, MAE: 0.72866, 0.72866, 0.33985
INFO | Test - Best epoch, Loss, MSE, MAE: 5, 0.51354, 0.51354, 0.31737
INFO | Test - Points (EXACT): total_masked=39143 correct=2300 right_rate=5.8759%
INFO | - Epoch 006, ExpID 42444 best_epoch=5 improved=0
INFO | Train - Loss (last batch): 0.37798
INFO | Val - Loss, MSE, MAE: 0.75719, 0.75719, 0.33270
INFO | Test - Best epoch, Loss, MSE, MAE: 5, 0.51354, 0.51354, 0.31737
INFO | Test - Points (EXACT): total_masked=39143 correct=2300 right_rate=5.8759%
INFO | - Epoch 007, ExpID 42444 best_epoch=5 improved=0
INFO | Train - Loss (last batch): 0.48275
INFO | Val - Loss, MSE, MAE: 0.75561, 0.75561, 0.34062
INFO | Test - Best epoch, Loss, MSE, MAE: 5, 0.51354, 0.51354, 0.31737
INFO | Test - Points (EXACT): total_masked=39143 correct=2300 right_rate=5.8759%
INFO | - Epoch 008, ExpID 42444 best_epoch=8 improved=1
INFO | Train - Loss (last batch): 0.58907
INFO | Val - Loss, MSE, MAE: 0.72313, 0.72313, 0.34189
INFO | Test - Best epoch, Loss, MSE, MAE: 8, 0.50438, 0.50438, 0.31756
INFO | Test - Points (EXACT): total_masked=39143 correct=2710 right_rate=6.9233%
INFO | - Epoch 009, ExpID 42444 best_epoch=9 improved=1
INFO | Train - Loss (last batch): 0.45119
INFO | Val - Loss, MSE, MAE: 0.70459, 0.70459, 0.32679
INFO | Test - Best epoch, Loss, MSE, MAE: 9, 0.49966, 0.49966, 0.30261
INFO | Test - Points (EXACT): total_masked=39143 correct=3044 right_rate=7.7766%
INFO | - Epoch 010, ExpID 42444 best_epoch=9 improved=0
INFO | Train - Loss (last batch): 0.29618
INFO | Val - Loss, MSE, MAE: 0.72738, 0.72738, 0.31554
INFO | Test - Best epoch, Loss, MSE, MAE: 9, 0.49966, 0.49966, 0.30261
INFO | Test - Points (EXACT): total_masked=39143 correct=3044 right_rate=7.7766%
INFO | - Epoch 011, ExpID 42444 best_epoch=11 improved=1
INFO | Train - Loss (last batch): 0.39227
INFO | Val - Loss, MSE, MAE: 0.70082, 0.70082, 0.34608
INFO | Test - Best epoch, Loss, MSE, MAE: 11, 0.50522, 0.50522, 0.32143
INFO | Test - Points (EXACT): total_masked=39143 correct=3205 right_rate=8.1879%
INFO | - Epoch 012, ExpID 42444 best_epoch=11 improved=0
INFO | Train - Loss (last batch): 0.49177
INFO | Val - Loss, MSE, MAE: 0.71353, 0.71353, 0.32472
INFO | Test - Best epoch, Loss, MSE, MAE: 11, 0.50522, 0.50522, 0.32143
INFO | Test - Points (EXACT): total_masked=39143 correct=3205 right_rate=8.1879%
INFO | - Epoch 013, ExpID 42444 best_epoch=11 improved=0
INFO | Train - Loss (last batch): 0.32946
INFO | Val - Loss, MSE, MAE: 0.70441, 0.70441, 0.33224
INFO | Test - Best epoch, Loss, MSE, MAE: 11, 0.50522, 0.50522, 0.32143
INFO | Test - Points (EXACT): total_masked=39143 correct=3205 right_rate=8.1879%
INFO | - Epoch 014, ExpID 42444 best_epoch=11 improved=0
INFO | Train - Loss (last batch): 0.42247
INFO | Val - Loss, MSE, MAE: 0.71915, 0.71915, 0.33877
INFO | Test - Best epoch, Loss, MSE, MAE: 11, 0.50522, 0.50522, 0.32143
INFO | Test - Points (EXACT): total_masked=39143 correct=3205 right_rate=8.1879%
INFO | - Epoch 015, ExpID 42444 best_epoch=11 improved=0
INFO | Train - Loss (last batch): 0.60469
INFO | Val - Loss, MSE, MAE: 0.72052, 0.72052, 0.33346
INFO | Test - Best epoch, Loss, MSE, MAE: 11, 0.50522, 0.50522, 0.32143
INFO | Test - Points (EXACT): total_masked=39143 correct=3205 right_rate=8.1879%
INFO | - Epoch 016, ExpID 42444 best_epoch=11 improved=0
INFO | Train - Loss (last batch): 0.44731
INFO | Val - Loss, MSE, MAE: 0.71891, 0.71891, 0.32521
INFO | Test - Best epoch, Loss, MSE, MAE: 11, 0.50522, 0.50522, 0.32143
INFO | Test - Points (EXACT): total_masked=39143 correct=3205 right_rate=8.1879%
INFO | - Epoch 017, ExpID 42444 best_epoch=17 improved=1
INFO | Train - Loss (last batch): 0.27390
INFO | Val - Loss, MSE, MAE: 0.69141, 0.69141, 0.32078
INFO | Test - Best epoch, Loss, MSE, MAE: 17, 0.49454, 0.49454, 0.29826
INFO | Test - Points (EXACT): total_masked=39143 correct=2777 right_rate=7.0945%
INFO | - Epoch 018, ExpID 42444 best_epoch=17 improved=0
INFO | Train - Loss (last batch): 0.46470
INFO | Val - Loss, MSE, MAE: 0.70944, 0.70944, 0.32610
INFO | Test - Best epoch, Loss, MSE, MAE: 17, 0.49454, 0.49454, 0.29826
INFO | Test - Points (EXACT): total_masked=39143 correct=2777 right_rate=7.0945%
INFO | - Epoch 019, ExpID 42444 best_epoch=17 improved=0
INFO | Train - Loss (last batch): 0.38928
INFO | Val - Loss, MSE, MAE: 0.71290, 0.71290, 0.33766
INFO | Test - Best epoch, Loss, MSE, MAE: 17, 0.49454, 0.49454, 0.29826
INFO | Test - Points (EXACT): total_masked=39143 correct=2777 right_rate=7.0945%
INFO | - Epoch 020, ExpID 42444 best_epoch=17 improved=0
INFO | Train - Loss (last batch): 1.04804
INFO | Val - Loss, MSE, MAE: 0.70660, 0.70660, 0.32458
INFO | Test - Best epoch, Loss, MSE, MAE: 17, 0.49454, 0.49454, 0.29826
INFO | Test - Points (EXACT): total_masked=39143 correct=2777 right_rate=7.0945%
INFO | - Epoch 021, ExpID 42444 best_epoch=17 improved=0
INFO | Train - Loss (last batch): 0.64819
INFO | Val - Loss, MSE, MAE: 0.72992, 0.72992, 0.33829
INFO | Test - Best epoch, Loss, MSE, MAE: 17, 0.49454, 0.49454, 0.29826
INFO | Test - Points (EXACT): total_masked=39143 correct=2777 right_rate=7.0945%
INFO | - Epoch 022, ExpID 42444 best_epoch=22 improved=1
INFO | Train - Loss (last batch): 0.35299
INFO | Val - Loss, MSE, MAE: 0.68950, 0.68950, 0.32892
INFO | Test - Best epoch, Loss, MSE, MAE: 22, 0.49476, 0.49476, 0.30615
INFO | Test - Points (EXACT): total_masked=39143 correct=2649 right_rate=6.7675%
INFO | - Epoch 023, ExpID 42444 best_epoch=22 improved=0
INFO | Train - Loss (last batch): 0.33426
INFO | Val - Loss, MSE, MAE: 0.70396, 0.70396, 0.33641
INFO | Test - Best epoch, Loss, MSE, MAE: 22, 0.49476, 0.49476, 0.30615
INFO | Test - Points (EXACT): total_masked=39143 correct=2649 right_rate=6.7675%
INFO | - Epoch 024, ExpID 42444 best_epoch=22 improved=0
INFO | Train - Loss (last batch): 0.24150
INFO | Val - Loss, MSE, MAE: 0.73318, 0.73318, 0.33120
INFO | Test - Best epoch, Loss, MSE, MAE: 22, 0.49476, 0.49476, 0.30615
INFO | Test - Points (EXACT): total_masked=39143 correct=2649 right_rate=6.7675%
INFO | - Epoch 025, ExpID 42444 best_epoch=22 improved=0
INFO | Train - Loss (last batch): 1.19575
INFO | Val - Loss, MSE, MAE: 0.72325, 0.72325, 0.32909
INFO | Test - Best epoch, Loss, MSE, MAE: 22, 0.49476, 0.49476, 0.30615
INFO | Test - Points (EXACT): total_masked=39143 correct=2649 right_rate=6.7675%
INFO | - Epoch 026, ExpID 42444 best_epoch=22 improved=0
INFO | Train - Loss (last batch): 0.35991
INFO | Val - Loss, MSE, MAE: 0.72149, 0.72149, 0.32298
INFO | Test - Best epoch, Loss, MSE, MAE: 22, 0.49476, 0.49476, 0.30615
INFO | Test - Points (EXACT): total_masked=39143 correct=2649 right_rate=6.7675%
INFO | - Epoch 027, ExpID 42444 best_epoch=22 improved=0
INFO | Train - Loss (last batch): 0.23706
INFO | Val - Loss, MSE, MAE: 0.71282, 0.71282, 0.32407
INFO | Test - Best epoch, Loss, MSE, MAE: 22, 0.49476, 0.49476, 0.30615
INFO | Test - Points (EXACT): total_masked=39143 correct=2649 right_rate=6.7675%
INFO | - Epoch 028, ExpID 42444 best_epoch=22 improved=0
INFO | Train - Loss (last batch): 0.26108
INFO | Val - Loss, MSE, MAE: 0.72879, 0.72879, 0.32792
INFO | Test - Best epoch, Loss, MSE, MAE: 22, 0.49476, 0.49476, 0.30615
INFO | Test - Points (EXACT): total_masked=39143 correct=2649 right_rate=6.7675%
INFO | - Epoch 029, ExpID 42444 best_epoch=22 improved=0
INFO | Train - Loss (last batch): 0.39211
INFO | Val - Loss, MSE, MAE: 0.70206, 0.70206, 0.33532
INFO | Test - Best epoch, Loss, MSE, MAE: 22, 0.49476, 0.49476, 0.30615
INFO | Test - Points (EXACT): total_masked=39143 correct=2649 right_rate=6.7675%
INFO | - Epoch 030, ExpID 42444 best_epoch=22 improved=0
INFO | Train - Loss (last batch): 0.57231
INFO | Val - Loss, MSE, MAE: 0.71271, 0.71271, 0.33045
INFO | Test - Best epoch, Loss, MSE, MAE: 22, 0.49476, 0.49476, 0.30615
INFO | Test - Points (EXACT): total_masked=39143 correct=2649 right_rate=6.7675%
INFO | - Epoch 031, ExpID 42444 best_epoch=22 improved=0
INFO | Train - Loss (last batch): 0.31242
INFO | Val - Loss, MSE, MAE: 0.73541, 0.73541, 0.32588
INFO | Test - Best epoch, Loss, MSE, MAE: 22, 0.49476, 0.49476, 0.30615
INFO | Test - Points (EXACT): total_masked=39143 correct=2649 right_rate=6.7675%
INFO | - Epoch 032, ExpID 42444 best_epoch=22 improved=0
INFO | Train - Loss (last batch): 0.29915
INFO | Val - Loss, MSE, MAE: 0.72648, 0.72648, 0.32043
INFO | Test - Best epoch, Loss, MSE, MAE: 22, 0.49476, 0.49476, 0.30615
INFO | Test - Points (EXACT): total_masked=39143 correct=2649 right_rate=6.7675%
INFO | - Epoch 000, ExpID 59350 best_epoch=0 improved=1
INFO | Train - Loss (last batch): 0.44541
INFO | Val - Loss, MSE, MAE: 0.89120, 0.89120, 0.40704
INFO | Test - Best epoch, Loss, MSE, MAE: 0, 0.57263, 0.57263, 0.38567
INFO | Test - Points (EXACT): total_masked=39143 correct=1257 right_rate=3.2113%
INFO | - Epoch 001, ExpID 59350 best_epoch=1 improved=1
INFO | Train - Loss (last batch): 0.37051
INFO | Val - Loss, MSE, MAE: 0.82542, 0.82542, 0.35575
INFO | Test - Best epoch, Loss, MSE, MAE: 1, 0.53454, 0.53454, 0.33128
INFO | Test - Points (EXACT): total_masked=39143 correct=1587 right_rate=4.0544%
INFO | - Epoch 002, ExpID 59350 best_epoch=2 improved=1
INFO | Train - Loss (last batch): 0.25818
INFO | Val - Loss, MSE, MAE: 0.76440, 0.76440, 0.38334
INFO | Test - Best epoch, Loss, MSE, MAE: 2, 0.53585, 0.53585, 0.36120
INFO | Test - Points (EXACT): total_masked=39143 correct=1761 right_rate=4.4989%
INFO | - Epoch 003, ExpID 59350 best_epoch=3 improved=1
INFO | Train - Loss (last batch): 0.67642
INFO | Val - Loss, MSE, MAE: 0.73203, 0.73203, 0.35371
INFO | Test - Best epoch, Loss, MSE, MAE: 3, 0.51618, 0.51618, 0.33111
INFO | Test - Points (EXACT): total_masked=39143 correct=2088 right_rate=5.3343%
INFO | - Epoch 004, ExpID 59350 best_epoch=4 improved=1
INFO | Train - Loss (last batch): 0.37930
INFO | Val - Loss, MSE, MAE: 0.70638, 0.70638, 0.33471
INFO | Test - Best epoch, Loss, MSE, MAE: 4, 0.51217, 0.51217, 0.31148
INFO | Test - Points (EXACT): total_masked=39143 correct=2139 right_rate=5.4646%
INFO | - Epoch 005, ExpID 59350 best_epoch=4 improved=0
INFO | Train - Loss (last batch): 0.38311
INFO | Val - Loss, MSE, MAE: 0.74556, 0.74556, 0.36357
INFO | Test - Best epoch, Loss, MSE, MAE: 4, 0.51217, 0.51217, 0.31148
INFO | Test - Points (EXACT): total_masked=39143 correct=2139 right_rate=5.4646%
INFO | - Epoch 006, ExpID 59350 best_epoch=4 improved=0
INFO | Train - Loss (last batch): 0.29444
INFO | Val - Loss, MSE, MAE: 0.73592, 0.73592, 0.35104
INFO | Test - Best epoch, Loss, MSE, MAE: 4, 0.51217, 0.51217, 0.31148
INFO | Test - Points (EXACT): total_masked=39143 correct=2139 right_rate=5.4646%
INFO | - Epoch 007, ExpID 59350 best_epoch=4 improved=0
INFO | Train - Loss (last batch): 0.58916
INFO | Val - Loss, MSE, MAE: 0.73562, 0.73562, 0.35022
INFO | Test - Best epoch, Loss, MSE, MAE: 4, 0.51217, 0.51217, 0.31148
INFO | Test - Points (EXACT): total_masked=39143 correct=2139 right_rate=5.4646%
INFO | - Epoch 008, ExpID 59350 best_epoch=8 improved=1
INFO | Train - Loss (last batch): 0.38234
INFO | Val - Loss, MSE, MAE: 0.69894, 0.69894, 0.33369
INFO | Test - Best epoch, Loss, MSE, MAE: 8, 0.51109, 0.51109, 0.31217
INFO | Test - Points (EXACT): total_masked=39143 correct=2896 right_rate=7.3985%
INFO | - Epoch 009, ExpID 59350 best_epoch=8 improved=0
INFO | Train - Loss (last batch): 0.52244
INFO | Val - Loss, MSE, MAE: 0.72550, 0.72550, 0.33483
INFO | Test - Best epoch, Loss, MSE, MAE: 8, 0.51109, 0.51109, 0.31217
INFO | Test - Points (EXACT): total_masked=39143 correct=2896 right_rate=7.3985%
INFO | - Epoch 010, ExpID 59350 best_epoch=8 improved=0
INFO | Train - Loss (last batch): 0.33484
INFO | Val - Loss, MSE, MAE: 0.72991, 0.72991, 0.33379
INFO | Test - Best epoch, Loss, MSE, MAE: 8, 0.51109, 0.51109, 0.31217
INFO | Test - Points (EXACT): total_masked=39143 correct=2896 right_rate=7.3985%
INFO | - Epoch 011, ExpID 59350 best_epoch=8 improved=0
INFO | Train - Loss (last batch): 0.31976
INFO | Val - Loss, MSE, MAE: 0.73251, 0.73251, 0.32892
INFO | Test - Best epoch, Loss, MSE, MAE: 8, 0.51109, 0.51109, 0.31217
INFO | Test - Points (EXACT): total_masked=39143 correct=2896 right_rate=7.3985%
INFO | - Epoch 012, ExpID 59350 best_epoch=8 improved=0
INFO | Train - Loss (last batch): 0.40133
INFO | Val - Loss, MSE, MAE: 0.71513, 0.71513, 0.32551
INFO | Test - Best epoch, Loss, MSE, MAE: 8, 0.51109, 0.51109, 0.31217
INFO | Test - Points (EXACT): total_masked=39143 correct=2896 right_rate=7.3985%
INFO | - Epoch 013, ExpID 59350 best_epoch=8 improved=0
INFO | Train - Loss (last batch): 0.42574
INFO | Val - Loss, MSE, MAE: 0.71485, 0.71485, 0.35278
INFO | Test - Best epoch, Loss, MSE, MAE: 8, 0.51109, 0.51109, 0.31217
INFO | Test - Points (EXACT): total_masked=39143 correct=2896 right_rate=7.3985%
INFO | - Epoch 014, ExpID 59350 best_epoch=8 improved=0
INFO | Train - Loss (last batch): 0.29367
INFO | Val - Loss, MSE, MAE: 0.74113, 0.74113, 0.33135
INFO | Test - Best epoch, Loss, MSE, MAE: 8, 0.51109, 0.51109, 0.31217
INFO | Test - Points (EXACT): total_masked=39143 correct=2896 right_rate=7.3985%
INFO | - Epoch 015, ExpID 59350 best_epoch=15 improved=1
INFO | Train - Loss (last batch): 0.44988
INFO | Val - Loss, MSE, MAE: 0.69604, 0.69604, 0.33429
INFO | Test - Best epoch, Loss, MSE, MAE: 15, 0.50121, 0.50121, 0.31030
INFO | Test - Points (EXACT): total_masked=39143 correct=3103 right_rate=7.9273%
INFO | - Epoch 016, ExpID 59350 best_epoch=16 improved=1
INFO | Train - Loss (last batch): 0.39858
INFO | Val - Loss, MSE, MAE: 0.69002, 0.69002, 0.34217
INFO | Test - Best epoch, Loss, MSE, MAE: 16, 0.49976, 0.49976, 0.31881
INFO | Test - Points (EXACT): total_masked=39143 correct=2548 right_rate=6.5095%
INFO | - Epoch 017, ExpID 59350 best_epoch=16 improved=0
INFO | Train - Loss (last batch): 0.52852
INFO | Val - Loss, MSE, MAE: 0.73734, 0.73734, 0.33354
INFO | Test - Best epoch, Loss, MSE, MAE: 16, 0.49976, 0.49976, 0.31881
INFO | Test - Points (EXACT): total_masked=39143 correct=2548 right_rate=6.5095%
INFO | - Epoch 018, ExpID 59350 best_epoch=16 improved=0
INFO | Train - Loss (last batch): 0.50055
INFO | Val - Loss, MSE, MAE: 0.71240, 0.71240, 0.32598
INFO | Test - Best epoch, Loss, MSE, MAE: 16, 0.49976, 0.49976, 0.31881
INFO | Test - Points (EXACT): total_masked=39143 correct=2548 right_rate=6.5095%
INFO | - Epoch 019, ExpID 59350 best_epoch=16 improved=0
INFO | Train - Loss (last batch): 0.59998
INFO | Val - Loss, MSE, MAE: 0.71897, 0.71897, 0.32714
INFO | Test - Best epoch, Loss, MSE, MAE: 16, 0.49976, 0.49976, 0.31881
INFO | Test - Points (EXACT): total_masked=39143 correct=2548 right_rate=6.5095%
INFO | - Epoch 020, ExpID 59350 best_epoch=16 improved=0
INFO | Train - Loss (last batch): 0.50219
INFO | Val - Loss, MSE, MAE: 0.69514, 0.69514, 0.32679
INFO | Test - Best epoch, Loss, MSE, MAE: 16, 0.49976, 0.49976, 0.31881
INFO | Test - Points (EXACT): total_masked=39143 correct=2548 right_rate=6.5095%
INFO | - Epoch 021, ExpID 59350 best_epoch=16 improved=0
INFO | Train - Loss (last batch): 0.54610
INFO | Val - Loss, MSE, MAE: 0.72007, 0.72007, 0.33168
INFO | Test - Best epoch, Loss, MSE, MAE: 16, 0.49976, 0.49976, 0.31881
INFO | Test - Points (EXACT): total_masked=39143 correct=2548 right_rate=6.5095%
INFO | - Epoch 022, ExpID 59350 best_epoch=22 improved=1
INFO | Train - Loss (last batch): 0.49378
INFO | Val - Loss, MSE, MAE: 0.67977, 0.67977, 0.32511
INFO | Test - Best epoch, Loss, MSE, MAE: 22, 0.50627, 0.50627, 0.30322
INFO | Test - Points (EXACT): total_masked=39143 correct=3516 right_rate=8.9824%
INFO | - Epoch 023, ExpID 59350 best_epoch=22 improved=0
INFO | Train - Loss (last batch): 0.54167
INFO | Val - Loss, MSE, MAE: 0.74010, 0.74010, 0.32298
INFO | Test - Best epoch, Loss, MSE, MAE: 22, 0.50627, 0.50627, 0.30322
INFO | Test - Points (EXACT): total_masked=39143 correct=3516 right_rate=8.9824%
INFO | - Epoch 024, ExpID 59350 best_epoch=22 improved=0
INFO | Train - Loss (last batch): 0.48184
INFO | Val - Loss, MSE, MAE: 0.71210, 0.71210, 0.32725
INFO | Test - Best epoch, Loss, MSE, MAE: 22, 0.50627, 0.50627, 0.30322
INFO | Test - Points (EXACT): total_masked=39143 correct=3516 right_rate=8.9824%
INFO | - Epoch 025, ExpID 59350 best_epoch=22 improved=0
INFO | Train - Loss (last batch): 0.39119
INFO | Val - Loss, MSE, MAE: 0.70215, 0.70215, 0.34495
INFO | Test - Best epoch, Loss, MSE, MAE: 22, 0.50627, 0.50627, 0.30322
INFO | Test - Points (EXACT): total_masked=39143 correct=3516 right_rate=8.9824%
INFO | - Epoch 026, ExpID 59350 best_epoch=22 improved=0
INFO | Train - Loss (last batch): 0.40010
INFO | Val - Loss, MSE, MAE: 0.68741, 0.68741, 0.32562
INFO | Test - Best epoch, Loss, MSE, MAE: 22, 0.50627, 0.50627, 0.30322
INFO | Test - Points (EXACT): total_masked=39143 correct=3516 right_rate=8.9824%
INFO | - Epoch 027, ExpID 59350 best_epoch=22 improved=0
INFO | Train - Loss (last batch): 0.69790
INFO | Val - Loss, MSE, MAE: 0.70001, 0.70001, 0.32044
INFO | Test - Best epoch, Loss, MSE, MAE: 22, 0.50627, 0.50627, 0.30322
INFO | Test - Points (EXACT): total_masked=39143 correct=3516 right_rate=8.9824%
INFO | - Epoch 028, ExpID 59350 best_epoch=22 improved=0
INFO | Train - Loss (last batch): 0.54847
INFO | Val - Loss, MSE, MAE: 0.69892, 0.69892, 0.31828
INFO | Test - Best epoch, Loss, MSE, MAE: 22, 0.50627, 0.50627, 0.30322
INFO | Test - Points (EXACT): total_masked=39143 correct=3516 right_rate=8.9824%
INFO | - Epoch 029, ExpID 59350 best_epoch=22 improved=0
INFO | Train - Loss (last batch): 0.46736
INFO | Val - Loss, MSE, MAE: 0.69572, 0.69572, 0.32820
INFO | Test - Best epoch, Loss, MSE, MAE: 22, 0.50627, 0.50627, 0.30322
INFO | Test - Points (EXACT): total_masked=39143 correct=3516 right_rate=8.9824%
INFO | - Epoch 030, ExpID 59350 best_epoch=22 improved=0
INFO | Train - Loss (last batch): 0.56828
INFO | Val - Loss, MSE, MAE: 0.68246, 0.68246, 0.32853
INFO | Test - Best epoch, Loss, MSE, MAE: 22, 0.50627, 0.50627, 0.30322
INFO | Test - Points (EXACT): total_masked=39143 correct=3516 right_rate=8.9824%
INFO | - Epoch 031, ExpID 59350 best_epoch=22 improved=0
INFO | Train - Loss (last batch): 0.29250
INFO | Val - Loss, MSE, MAE: 0.72021, 0.72021, 0.33247
INFO | Test - Best epoch, Loss, MSE, MAE: 22, 0.50627, 0.50627, 0.30322
INFO | Test - Points (EXACT): total_masked=39143 correct=3516 right_rate=8.9824%
INFO | - Epoch 032, ExpID 59350 best_epoch=22 improved=0
INFO | Train - Loss (last batch): 0.39708
INFO | Val - Loss, MSE, MAE: 0.70375, 0.70375, 0.33250
INFO | Test - Best epoch, Loss, MSE, MAE: 22, 0.50627, 0.50627, 0.30322
INFO | Test - Points (EXACT): total_masked=39143 correct=3516 right_rate=8.9824%
INFO | - Epoch 000, ExpID 29556 best_epoch=0 improved=1
INFO | Train - Loss (last batch): 0.34594
INFO | Val - Loss, MSE, MAE: 0.84213, 0.84213, 0.38004
INFO | Test - Best epoch, Loss, MSE, MAE: 0, 0.55322, 0.55322, 0.35339
INFO | Test - Points (EXACT): total_masked=39143 correct=1794 right_rate=4.5832%
INFO | - Epoch 001, ExpID 29556 best_epoch=1 improved=1
INFO | Train - Loss (last batch): 0.62358
INFO | Val - Loss, MSE, MAE: 0.77446, 0.77446, 0.33987
INFO | Test - Best epoch, Loss, MSE, MAE: 1, 0.51870, 0.51870, 0.31465
INFO | Test - Points (EXACT): total_masked=39143 correct=2071 right_rate=5.2909%
INFO | - Epoch 002, ExpID 29556 best_epoch=2 improved=1
INFO | Train - Loss (last batch): 0.80601
INFO | Val - Loss, MSE, MAE: 0.75536, 0.75536, 0.36172
INFO | Test - Best epoch, Loss, MSE, MAE: 2, 0.53707, 0.53707, 0.33778
INFO | Test - Points (EXACT): total_masked=39143 correct=1477 right_rate=3.7733%
INFO | - Epoch 003, ExpID 29556 best_epoch=3 improved=1
INFO | Train - Loss (last batch): 0.31690
INFO | Val - Loss, MSE, MAE: 0.71805, 0.71805, 0.34494
INFO | Test - Best epoch, Loss, MSE, MAE: 3, 0.52226, 0.52226, 0.32342
INFO | Test - Points (EXACT): total_masked=39143 correct=1800 right_rate=4.5985%
INFO | - Epoch 004, ExpID 29556 best_epoch=4 improved=1
INFO | Train - Loss (last batch): 0.41554
INFO | Val - Loss, MSE, MAE: 0.69456, 0.69456, 0.35273
INFO | Test - Best epoch, Loss, MSE, MAE: 4, 0.51318, 0.51318, 0.33138
INFO | Test - Points (EXACT): total_masked=39143 correct=1370 right_rate=3.5000%
INFO | - Epoch 005, ExpID 29556 best_epoch=4 improved=0
INFO | Train - Loss (last batch): 0.42999
INFO | Val - Loss, MSE, MAE: 0.70467, 0.70467, 0.33001
INFO | Test - Best epoch, Loss, MSE, MAE: 4, 0.51318, 0.51318, 0.33138
INFO | Test - Points (EXACT): total_masked=39143 correct=1370 right_rate=3.5000%
INFO | - Epoch 006, ExpID 29556 best_epoch=4 improved=0
INFO | Train - Loss (last batch): 0.84591
INFO | Val - Loss, MSE, MAE: 0.72893, 0.72893, 0.36172
INFO | Test - Best epoch, Loss, MSE, MAE: 4, 0.51318, 0.51318, 0.33138
INFO | Test - Points (EXACT): total_masked=39143 correct=1370 right_rate=3.5000%
INFO | - Epoch 007, ExpID 29556 best_epoch=7 improved=1
INFO | Train - Loss (last batch): 0.60710
INFO | Val - Loss, MSE, MAE: 0.68145, 0.68145, 0.35606
INFO | Test - Best epoch, Loss, MSE, MAE: 7, 0.50776, 0.50776, 0.33613
INFO | Test - Points (EXACT): total_masked=39143 correct=1291 right_rate=3.2982%
INFO | - Epoch 008, ExpID 29556 best_epoch=8 improved=1
INFO | Train - Loss (last batch): 0.44295
INFO | Val - Loss, MSE, MAE: 0.67887, 0.67887, 0.33763
INFO | Test - Best epoch, Loss, MSE, MAE: 8, 0.53334, 0.53334, 0.31739
INFO | Test - Points (EXACT): total_masked=39143 correct=2291 right_rate=5.8529%
INFO | - Epoch 009, ExpID 29556 best_epoch=9 improved=1
INFO | Train - Loss (last batch): 0.45650
INFO | Val - Loss, MSE, MAE: 0.64726, 0.64726, 0.32398
INFO | Test - Best epoch, Loss, MSE, MAE: 9, 0.51055, 0.51055, 0.30335
INFO | Test - Points (EXACT): total_masked=39143 correct=1669 right_rate=4.2639%
INFO | - Epoch 010, ExpID 29556 best_epoch=9 improved=0
INFO | Train - Loss (last batch): 0.44328
INFO | Val - Loss, MSE, MAE: 0.65589, 0.65589, 0.32084
INFO | Test - Best epoch, Loss, MSE, MAE: 9, 0.51055, 0.51055, 0.30335
INFO | Test - Points (EXACT): total_masked=39143 correct=1669 right_rate=4.2639%
INFO | - Epoch 011, ExpID 29556 best_epoch=9 improved=0
INFO | Train - Loss (last batch): 0.42806
INFO | Val - Loss, MSE, MAE: 0.69179, 0.69179, 0.34453
INFO | Test - Best epoch, Loss, MSE, MAE: 9, 0.51055, 0.51055, 0.30335
INFO | Test - Points (EXACT): total_masked=39143 correct=1669 right_rate=4.2639%
INFO | - Epoch 012, ExpID 29556 best_epoch=9 improved=0
INFO | Train - Loss (last batch): 0.33314
INFO | Val - Loss, MSE, MAE: 0.66691, 0.66691, 0.32688
INFO | Test - Best epoch, Loss, MSE, MAE: 9, 0.51055, 0.51055, 0.30335
INFO | Test - Points (EXACT): total_masked=39143 correct=1669 right_rate=4.2639%
INFO | - Epoch 013, ExpID 29556 best_epoch=9 improved=0
INFO | Train - Loss (last batch): 0.49799
INFO | Val - Loss, MSE, MAE: 0.67743, 0.67743, 0.33687
INFO | Test - Best epoch, Loss, MSE, MAE: 9, 0.51055, 0.51055, 0.30335
INFO | Test - Points (EXACT): total_masked=39143 correct=1669 right_rate=4.2639%
INFO | - Epoch 014, ExpID 29556 best_epoch=9 improved=0
INFO | Train - Loss (last batch): 0.51019
INFO | Val - Loss, MSE, MAE: 0.68571, 0.68571, 0.33650
INFO | Test - Best epoch, Loss, MSE, MAE: 9, 0.51055, 0.51055, 0.30335
INFO | Test - Points (EXACT): total_masked=39143 correct=1669 right_rate=4.2639%
INFO | - Epoch 015, ExpID 29556 best_epoch=9 improved=0
INFO | Train - Loss (last batch): 0.34646
INFO | Val - Loss, MSE, MAE: 0.69167, 0.69167, 0.34614
INFO | Test - Best epoch, Loss, MSE, MAE: 9, 0.51055, 0.51055, 0.30335
INFO | Test - Points (EXACT): total_masked=39143 correct=1669 right_rate=4.2639%
INFO | - Epoch 016, ExpID 29556 best_epoch=9 improved=0
INFO | Train - Loss (last batch): 0.43943
INFO | Val - Loss, MSE, MAE: 0.64915, 0.64915, 0.33596
INFO | Test - Best epoch, Loss, MSE, MAE: 9, 0.51055, 0.51055, 0.30335
INFO | Test - Points (EXACT): total_masked=39143 correct=1669 right_rate=4.2639%
INFO | - Epoch 017, ExpID 29556 best_epoch=9 improved=0
INFO | Train - Loss (last batch): 0.33627
INFO | Val - Loss, MSE, MAE: 0.65612, 0.65612, 0.33393
INFO | Test - Best epoch, Loss, MSE, MAE: 9, 0.51055, 0.51055, 0.30335
INFO | Test - Points (EXACT): total_masked=39143 correct=1669 right_rate=4.2639%
INFO | - Epoch 018, ExpID 29556 best_epoch=9 improved=0
INFO | Train - Loss (last batch): 0.71543
INFO | Val - Loss, MSE, MAE: 0.64881, 0.64881, 0.33177
INFO | Test - Best epoch, Loss, MSE, MAE: 9, 0.51055, 0.51055, 0.30335
INFO | Test - Points (EXACT): total_masked=39143 correct=1669 right_rate=4.2639%
INFO | - Epoch 019, ExpID 29556 best_epoch=9 improved=0
INFO | Train - Loss (last batch): 0.42475
INFO | Val - Loss, MSE, MAE: 0.66075, 0.66075, 0.31887
INFO | Test - Best epoch, Loss, MSE, MAE: 9, 0.51055, 0.51055, 0.30335
INFO | Test - Points (EXACT): total_masked=39143 correct=1669 right_rate=4.2639%
