INFO | TOP_ERR | split=test epoch=0 rank=1/10 b=25 t=3 var_idx=0 tp=1.008333 y_true=10.830914 y_pred=0.201858 diff=-10.629056 abs_err=10.629056
INFO | TOP_ERR | split=test epoch=0 rank=2/10 b=199 t=3 var_idx=0 tp=1.013333 y_true=6.511257 y_pred=-0.135380 diff=-6.646637 abs_err=6.646637
INFO | TOP_ERR | split=test epoch=0 rank=3/10 b=121 t=0 var_idx=1 tp=1.001333 y_true=6.881000 y_pred=0.531266 diff=-6.349734 abs_err=6.349734
INFO | TOP_ERR | split=test epoch=0 rank=4/10 b=96 t=6 var_idx=2 tp=1.035000 y_true=6.015623 y_pred=0.162640 diff=-5.852983 abs_err=5.852983
INFO | TOP_ERR | split=test epoch=0 rank=5/10 b=154 t=7 var_idx=0 tp=1.035333 y_true=4.823892 y_pred=-0.166131 diff=-4.990022 abs_err=4.990023
INFO | TOP_ERR | split=test epoch=0 rank=6/10 b=62 t=4 var_idx=0 tp=1.020667 y_true=4.385177 y_pred=-0.139095 diff=-4.524272 abs_err=4.524271
INFO | TOP_ERR | split=test epoch=0 rank=7/10 b=143 t=7 var_idx=1 tp=1.025667 y_true=5.128757 y_pred=0.634782 diff=-4.493975 abs_err=4.493975
INFO | TOP_ERR | split=test epoch=0 rank=8/10 b=41 t=0 var_idx=0 tp=1.000667 y_true=4.081450 y_pred=-0.019873 diff=-4.101323 abs_err=4.101323
INFO | TOP_ERR | split=test epoch=0 rank=9/10 b=46 t=5 var_idx=0 tp=1.027333 y_true=3.878967 y_pred=-0.037598 diff=-3.916565 abs_err=3.916565
INFO | TOP_ERR | split=test epoch=0 rank=10/10 b=44 t=5 var_idx=0 tp=1.036667 y_true=3.608988 y_pred=-0.133165 diff=-3.742153 abs_err=3.742153
INFO | TOP_BEST | split=test epoch=0 rank=1/3 b=39 t=0 var_idx=1 tp=1.001000 y_true=-0.127970 y_pred=-0.127965 diff=0.000005 abs_err=0.000005
INFO | TOP_BEST | split=test epoch=0 rank=2/3 b=46 t=0 var_idx=1 tp=1.000333 y_true=-0.127970 y_pred=-0.127846 diff=0.000124 abs_err=0.000124
INFO | TOP_BEST | split=test epoch=0 rank=3/3 b=117 t=5 var_idx=1 tp=1.019000 y_true=-0.127970 y_pred=-0.127566 diff=0.000404 abs_err=0.000404
INFO | TOP_OK | split=test epoch=0 none_found (no exact matches)
INFO | [CH_INFLUENCE] TEST per-channel masked error ranked by MAE (epoch=0)
INFO | [CH_INFLUENCE] rank=1/5 ch=3 n=7800 mae=0.427021 rmse=0.539059 mse=0.290585
INFO | [CH_INFLUENCE] rank=2/5 ch=0 n=8076 mae=0.426453 rmse=1.035932 mse=1.073154
INFO | [CH_INFLUENCE] rank=3/5 ch=4 n=7775 mae=0.377325 rmse=0.486419 mse=0.236603
INFO | [CH_INFLUENCE] rank=4/5 ch=1 n=7852 mae=0.219177 rmse=0.908021 mse=0.824501
INFO | [CH_INFLUENCE] rank=5/5 ch=2 n=7640 mae=0.139554 rmse=0.458660 mse=0.210369
INFO | TOP_ERR | split=test epoch=1 rank=1/10 b=25 t=3 var_idx=0 tp=1.008333 y_true=10.830914 y_pred=0.008616 diff=-10.822297 abs_err=10.822297
INFO | TOP_ERR | split=test epoch=1 rank=2/10 b=199 t=3 var_idx=0 tp=1.013333 y_true=6.511257 y_pred=0.019434 diff=-6.491823 abs_err=6.491823
INFO | TOP_ERR | split=test epoch=1 rank=3/10 b=121 t=0 var_idx=1 tp=1.001333 y_true=6.881000 y_pred=0.463821 diff=-6.417179 abs_err=6.417180
INFO | TOP_ERR | split=test epoch=1 rank=4/10 b=96 t=6 var_idx=2 tp=1.035000 y_true=6.015623 y_pred=0.094876 diff=-5.920747 abs_err=5.920747
INFO | TOP_ERR | split=test epoch=1 rank=5/10 b=154 t=7 var_idx=0 tp=1.035333 y_true=4.823892 y_pred=-0.101191 diff=-4.925083 abs_err=4.925083
INFO | TOP_ERR | split=test epoch=1 rank=6/10 b=143 t=7 var_idx=1 tp=1.025667 y_true=5.128757 y_pred=0.544211 diff=-4.584547 abs_err=4.584547
INFO | TOP_ERR | split=test epoch=1 rank=7/10 b=62 t=4 var_idx=0 tp=1.020667 y_true=4.385177 y_pred=-0.166063 diff=-4.551239 abs_err=4.551239
INFO | TOP_ERR | split=test epoch=1 rank=8/10 b=41 t=0 var_idx=0 tp=1.000667 y_true=4.081450 y_pred=-0.006877 diff=-4.088327 abs_err=4.088327
INFO | TOP_ERR | split=test epoch=1 rank=9/10 b=46 t=5 var_idx=0 tp=1.027333 y_true=3.878967 y_pred=-0.081200 diff=-3.960167 abs_err=3.960167
INFO | TOP_ERR | split=test epoch=1 rank=10/10 b=44 t=5 var_idx=0 tp=1.036667 y_true=3.608988 y_pred=-0.067119 diff=-3.676107 abs_err=3.676107
INFO | TOP_BEST | split=test epoch=1 rank=1/3 b=80 t=1 var_idx=3 tp=1.010667 y_true=0.223487 y_pred=0.223668 diff=0.000181 abs_err=0.000181
INFO | TOP_BEST | split=test epoch=1 rank=2/3 b=173 t=6 var_idx=1 tp=1.027667 y_true=-0.127970 y_pred=-0.128167 diff=-0.000197 abs_err=0.000197
INFO | TOP_BEST | split=test epoch=1 rank=3/3 b=97 t=4 var_idx=2 tp=1.017333 y_true=0.084129 y_pred=0.083688 diff=-0.000441 abs_err=0.000441
INFO | TOP_OK | split=test epoch=1 none_found (no exact matches)
INFO | [CH_INFLUENCE] TEST per-channel masked error ranked by MAE (epoch=1)
INFO | [CH_INFLUENCE] rank=1/5 ch=0 n=8076 mae=0.437563 rmse=1.031824 mse=1.064661
INFO | [CH_INFLUENCE] rank=2/5 ch=3 n=7800 mae=0.414009 rmse=0.523400 mse=0.273947
INFO | [CH_INFLUENCE] rank=3/5 ch=4 n=7775 mae=0.381699 rmse=0.485939 mse=0.236137
INFO | [CH_INFLUENCE] rank=4/5 ch=1 n=7852 mae=0.221481 rmse=0.906593 mse=0.821911
INFO | [CH_INFLUENCE] rank=5/5 ch=2 n=7640 mae=0.179608 rmse=0.470946 mse=0.221790
INFO | TOP_ERR | split=test epoch=2 rank=1/10 b=25 t=3 var_idx=0 tp=1.008333 y_true=10.830914 y_pred=0.102951 diff=-10.727963 abs_err=10.727962
INFO | TOP_ERR | split=test epoch=2 rank=2/10 b=199 t=3 var_idx=0 tp=1.013333 y_true=6.511257 y_pred=0.057581 diff=-6.453676 abs_err=6.453676
INFO | TOP_ERR | split=test epoch=2 rank=3/10 b=121 t=0 var_idx=1 tp=1.001333 y_true=6.881000 y_pred=0.740478 diff=-6.140522 abs_err=6.140522
INFO | TOP_ERR | split=test epoch=2 rank=4/10 b=96 t=6 var_idx=2 tp=1.035000 y_true=6.015623 y_pred=0.393355 diff=-5.622268 abs_err=5.622269
INFO | TOP_ERR | split=test epoch=2 rank=5/10 b=154 t=7 var_idx=0 tp=1.035333 y_true=4.823892 y_pred=-0.070046 diff=-4.893937 abs_err=4.893937
INFO | TOP_ERR | split=test epoch=2 rank=6/10 b=62 t=4 var_idx=0 tp=1.020667 y_true=4.385177 y_pred=-0.126017 diff=-4.511194 abs_err=4.511194
INFO | TOP_ERR | split=test epoch=2 rank=7/10 b=143 t=7 var_idx=1 tp=1.025667 y_true=5.128757 y_pred=0.905577 diff=-4.223181 abs_err=4.223181
INFO | TOP_ERR | split=test epoch=2 rank=8/10 b=41 t=0 var_idx=0 tp=1.000667 y_true=4.081450 y_pred=0.028927 diff=-4.052524 abs_err=4.052524
INFO | TOP_ERR | split=test epoch=2 rank=9/10 b=46 t=5 var_idx=0 tp=1.027333 y_true=3.878967 y_pred=-0.024327 diff=-3.903294 abs_err=3.903294
INFO | TOP_ERR | split=test epoch=2 rank=10/10 b=44 t=5 var_idx=0 tp=1.036667 y_true=3.608988 y_pred=0.000511 diff=-3.608477 abs_err=3.608477
INFO | TOP_BEST | split=test epoch=2 rank=1/3 b=53 t=4 var_idx=3 tp=1.033667 y_true=0.844102 y_pred=0.845233 diff=0.001131 abs_err=0.001131
INFO | TOP_BEST | split=test epoch=2 rank=2/3 b=31 t=7 var_idx=1 tp=1.024333 y_true=-0.127970 y_pred=-0.126781 diff=0.001189 abs_err=0.001189
INFO | TOP_BEST | split=test epoch=2 rank=3/3 b=102 t=2 var_idx=2 tp=1.023000 y_true=-0.173762 y_pred=-0.175063 diff=-0.001300 abs_err=0.001300
INFO | TOP_OK | split=test epoch=2 none_found (no exact matches)
INFO | [CH_INFLUENCE] TEST per-channel masked error ranked by MAE (epoch=2)
INFO | [CH_INFLUENCE] rank=1/5 ch=0 n=8076 mae=0.462729 rmse=1.032745 mse=1.066562
INFO | [CH_INFLUENCE] rank=2/5 ch=3 n=7800 mae=0.406971 rmse=0.516634 mse=0.266911
INFO | [CH_INFLUENCE] rank=3/5 ch=4 n=7775 mae=0.371825 rmse=0.477901 mse=0.228389
INFO | [CH_INFLUENCE] rank=4/5 ch=1 n=7852 mae=0.278104 rmse=0.905710 mse=0.820310
INFO | [CH_INFLUENCE] rank=5/5 ch=2 n=7640 mae=0.197099 rmse=0.445998 mse=0.198914
INFO | TOP_ERR | split=test epoch=5 rank=1/10 b=25 t=3 var_idx=0 tp=1.008333 y_true=10.830914 y_pred=0.021921 diff=-10.808993 abs_err=10.808993
INFO | TOP_ERR | split=test epoch=5 rank=2/10 b=199 t=3 var_idx=0 tp=1.013333 y_true=6.511257 y_pred=-0.014392 diff=-6.525650 abs_err=6.525650
INFO | TOP_ERR | split=test epoch=5 rank=3/10 b=121 t=0 var_idx=1 tp=1.001333 y_true=6.881000 y_pred=0.520452 diff=-6.360548 abs_err=6.360548
INFO | TOP_ERR | split=test epoch=5 rank=4/10 b=96 t=6 var_idx=2 tp=1.035000 y_true=6.015623 y_pred=0.398155 diff=-5.617469 abs_err=5.617468
INFO | TOP_ERR | split=test epoch=5 rank=5/10 b=154 t=7 var_idx=0 tp=1.035333 y_true=4.823892 y_pred=-0.074746 diff=-4.898637 abs_err=4.898637
INFO | TOP_ERR | split=test epoch=5 rank=6/10 b=143 t=7 var_idx=1 tp=1.025667 y_true=5.128757 y_pred=0.613090 diff=-4.515667 abs_err=4.515667
INFO | TOP_ERR | split=test epoch=5 rank=7/10 b=62 t=4 var_idx=0 tp=1.020667 y_true=4.385177 y_pred=-0.117038 diff=-4.502215 abs_err=4.502215
INFO | TOP_ERR | split=test epoch=5 rank=8/10 b=41 t=0 var_idx=0 tp=1.000667 y_true=4.081450 y_pred=-0.032344 diff=-4.113795 abs_err=4.113795
INFO | TOP_ERR | split=test epoch=5 rank=9/10 b=46 t=5 var_idx=0 tp=1.027333 y_true=3.878967 y_pred=-0.023695 diff=-3.902662 abs_err=3.902662
INFO | TOP_ERR | split=test epoch=5 rank=10/10 b=44 t=5 var_idx=0 tp=1.036667 y_true=3.608988 y_pred=-0.007303 diff=-3.616291 abs_err=3.616291
INFO | TOP_BEST | split=test epoch=5 rank=1/3 b=173 t=0 var_idx=1 tp=1.005667 y_true=-0.127970 y_pred=-0.128109 diff=-0.000138 abs_err=0.000138
INFO | TOP_BEST | split=test epoch=5 rank=2/3 b=119 t=6 var_idx=4 tp=1.036667 y_true=-1.628821 y_pred=-1.629050 diff=-0.000230 abs_err=0.000230
INFO | TOP_BEST | split=test epoch=5 rank=3/3 b=161 t=3 var_idx=2 tp=1.040667 y_true=-0.173762 y_pred=-0.174017 diff=-0.000255 abs_err=0.000255
INFO | TOP_OK | split=test epoch=5 none_found (no exact matches)
INFO | [CH_INFLUENCE] TEST per-channel masked error ranked by MAE (epoch=5)
INFO | [CH_INFLUENCE] rank=1/5 ch=0 n=8076 mae=0.440283 rmse=1.036203 mse=1.073717
INFO | [CH_INFLUENCE] rank=2/5 ch=3 n=7800 mae=0.424560 rmse=0.530207 mse=0.281119
INFO | [CH_INFLUENCE] rank=3/5 ch=4 n=7775 mae=0.379575 rmse=0.483711 mse=0.233976
INFO | [CH_INFLUENCE] rank=4/5 ch=1 n=7852 mae=0.201258 rmse=0.904864 mse=0.818778
INFO | [CH_INFLUENCE] rank=5/5 ch=2 n=7640 mae=0.137280 rmse=0.451756 mse=0.204083
INFO | TOP_ERR | split=test epoch=6 rank=1/10 b=25 t=3 var_idx=0 tp=1.008333 y_true=10.830914 y_pred=0.128478 diff=-10.702436 abs_err=10.702436
INFO | TOP_ERR | split=test epoch=6 rank=2/10 b=199 t=3 var_idx=0 tp=1.013333 y_true=6.511257 y_pred=0.023526 diff=-6.487731 abs_err=6.487731
INFO | TOP_ERR | split=test epoch=6 rank=3/10 b=121 t=0 var_idx=1 tp=1.001333 y_true=6.881000 y_pred=0.557348 diff=-6.323652 abs_err=6.323652
INFO | TOP_ERR | split=test epoch=6 rank=4/10 b=96 t=6 var_idx=2 tp=1.035000 y_true=6.015623 y_pred=0.882501 diff=-5.133122 abs_err=5.133122
INFO | TOP_ERR | split=test epoch=6 rank=5/10 b=154 t=7 var_idx=0 tp=1.035333 y_true=4.823892 y_pred=-0.058611 diff=-4.882503 abs_err=4.882503
INFO | TOP_ERR | split=test epoch=6 rank=6/10 b=62 t=4 var_idx=0 tp=1.020667 y_true=4.385177 y_pred=-0.108526 diff=-4.493703 abs_err=4.493703
INFO | TOP_ERR | split=test epoch=6 rank=7/10 b=143 t=7 var_idx=1 tp=1.025667 y_true=5.128757 y_pred=0.702825 diff=-4.425932 abs_err=4.425932
INFO | TOP_ERR | split=test epoch=6 rank=8/10 b=41 t=0 var_idx=0 tp=1.000667 y_true=4.081450 y_pred=-0.035068 diff=-4.116518 abs_err=4.116518
INFO | TOP_ERR | split=test epoch=6 rank=9/10 b=46 t=5 var_idx=0 tp=1.027333 y_true=3.878967 y_pred=0.041949 diff=-3.837018 abs_err=3.837018
INFO | TOP_ERR | split=test epoch=6 rank=10/10 b=44 t=5 var_idx=0 tp=1.036667 y_true=3.608988 y_pred=-0.024189 diff=-3.633177 abs_err=3.633177
INFO | TOP_BEST | split=test epoch=6 rank=1/3 b=173 t=9 var_idx=2 tp=1.039667 y_true=-0.173762 y_pred=-0.173448 diff=0.000314 abs_err=0.000314
INFO | TOP_BEST | split=test epoch=6 rank=2/3 b=239 t=1 var_idx=0 tp=1.007667 y_true=-0.103216 y_pred=-0.103621 diff=-0.000404 abs_err=0.000404
INFO | TOP_BEST | split=test epoch=6 rank=3/3 b=161 t=2 var_idx=1 tp=1.039667 y_true=-0.127970 y_pred=-0.128726 diff=-0.000755 abs_err=0.000755
INFO | TOP_OK | split=test epoch=6 none_found (no exact matches)
INFO | [CH_INFLUENCE] TEST per-channel masked error ranked by MAE (epoch=6)
INFO | [CH_INFLUENCE] rank=1/5 ch=0 n=8076 mae=0.459085 rmse=1.039328 mse=1.080202
INFO | [CH_INFLUENCE] rank=2/5 ch=3 n=7800 mae=0.416164 rmse=0.526110 mse=0.276792
INFO | [CH_INFLUENCE] rank=3/5 ch=4 n=7775 mae=0.376851 rmse=0.481967 mse=0.232292
INFO | [CH_INFLUENCE] rank=4/5 ch=1 n=7852 mae=0.211509 rmse=0.908859 mse=0.826024
INFO | [CH_INFLUENCE] rank=5/5 ch=2 n=7640 mae=0.177836 rmse=0.460566 mse=0.212121
INFO | TOP_ERR | split=test epoch=8 rank=1/10 b=25 t=3 var_idx=0 tp=1.008333 y_true=10.830914 y_pred=0.097895 diff=-10.733018 abs_err=10.733018
INFO | TOP_ERR | split=test epoch=8 rank=2/10 b=199 t=3 var_idx=0 tp=1.013333 y_true=6.511257 y_pred=0.067411 diff=-6.443846 abs_err=6.443846
INFO | TOP_ERR | split=test epoch=8 rank=3/10 b=121 t=0 var_idx=1 tp=1.001333 y_true=6.881000 y_pred=0.988737 diff=-5.892263 abs_err=5.892263
INFO | TOP_ERR | split=test epoch=8 rank=4/10 b=96 t=6 var_idx=2 tp=1.035000 y_true=6.015623 y_pred=0.768555 diff=-5.247069 abs_err=5.247068
INFO | TOP_ERR | split=test epoch=8 rank=5/10 b=154 t=7 var_idx=0 tp=1.035333 y_true=4.823892 y_pred=-0.069698 diff=-4.893589 abs_err=4.893589
INFO | TOP_ERR | split=test epoch=8 rank=6/10 b=62 t=4 var_idx=0 tp=1.020667 y_true=4.385177 y_pred=-0.144727 diff=-4.529904 abs_err=4.529904
INFO | TOP_ERR | split=test epoch=8 rank=7/10 b=41 t=0 var_idx=0 tp=1.000667 y_true=4.081450 y_pred=-0.090148 diff=-4.171599 abs_err=4.171599
INFO | TOP_ERR | split=test epoch=8 rank=8/10 b=143 t=7 var_idx=1 tp=1.025667 y_true=5.128757 y_pred=0.983650 diff=-4.145108 abs_err=4.145108
INFO | TOP_ERR | split=test epoch=8 rank=9/10 b=46 t=5 var_idx=0 tp=1.027333 y_true=3.878967 y_pred=0.045176 diff=-3.833790 abs_err=3.833791
INFO | TOP_ERR | split=test epoch=8 rank=10/10 b=44 t=5 var_idx=0 tp=1.036667 y_true=3.608988 y_pred=-0.056685 diff=-3.665673 abs_err=3.665673
INFO | TOP_BEST | split=test epoch=8 rank=1/3 b=92 t=2 var_idx=2 tp=1.009667 y_true=-0.173762 y_pred=-0.173827 diff=-0.000065 abs_err=0.000065
INFO | TOP_BEST | split=test epoch=8 rank=2/3 b=250 t=0 var_idx=1 tp=1.007333 y_true=-0.127970 y_pred=-0.128263 diff=-0.000293 abs_err=0.000293
INFO | TOP_BEST | split=test epoch=8 rank=3/3 b=177 t=4 var_idx=2 tp=1.037000 y_true=-0.173762 y_pred=-0.173417 diff=0.000345 abs_err=0.000345
INFO | TOP_OK | split=test epoch=8 none_found (no exact matches)
INFO | [CH_INFLUENCE] TEST per-channel masked error ranked by MAE (epoch=8)
INFO | [CH_INFLUENCE] rank=1/5 ch=0 n=8076 mae=0.446734 rmse=1.033779 mse=1.068699
INFO | [CH_INFLUENCE] rank=2/5 ch=3 n=7800 mae=0.414372 rmse=0.524424 mse=0.275020
INFO | [CH_INFLUENCE] rank=3/5 ch=4 n=7775 mae=0.380989 rmse=0.485316 mse=0.235532
INFO | [CH_INFLUENCE] rank=4/5 ch=1 n=7852 mae=0.227780 rmse=0.904183 mse=0.817547
INFO | [CH_INFLUENCE] rank=5/5 ch=2 n=7640 mae=0.152054 rmse=0.445332 mse=0.198320
INFO | TOP_ERR | split=test epoch=13 rank=1/10 b=25 t=3 var_idx=0 tp=1.008333 y_true=10.830914 y_pred=0.027326 diff=-10.803588 abs_err=10.803588
INFO | TOP_ERR | split=test epoch=13 rank=2/10 b=199 t=3 var_idx=0 tp=1.013333 y_true=6.511257 y_pred=0.096436 diff=-6.414821 abs_err=6.414822
INFO | TOP_ERR | split=test epoch=13 rank=3/10 b=121 t=0 var_idx=1 tp=1.001333 y_true=6.881000 y_pred=0.694189 diff=-6.186811 abs_err=6.186811
INFO | TOP_ERR | split=test epoch=13 rank=4/10 b=96 t=6 var_idx=2 tp=1.035000 y_true=6.015623 y_pred=0.497353 diff=-5.518270 abs_err=5.518270
INFO | TOP_ERR | split=test epoch=13 rank=5/10 b=154 t=7 var_idx=0 tp=1.035333 y_true=4.823892 y_pred=-0.062059 diff=-4.885951 abs_err=4.885951
INFO | TOP_ERR | split=test epoch=13 rank=6/10 b=62 t=4 var_idx=0 tp=1.020667 y_true=4.385177 y_pred=-0.127535 diff=-4.512711 abs_err=4.512712
INFO | TOP_ERR | split=test epoch=13 rank=7/10 b=143 t=7 var_idx=1 tp=1.025667 y_true=5.128757 y_pred=0.858283 diff=-4.270474 abs_err=4.270474
INFO | TOP_ERR | split=test epoch=13 rank=8/10 b=41 t=0 var_idx=0 tp=1.000667 y_true=4.081450 y_pred=-0.013470 diff=-4.094920 abs_err=4.094920
INFO | TOP_ERR | split=test epoch=13 rank=9/10 b=46 t=5 var_idx=0 tp=1.027333 y_true=3.878967 y_pred=0.022395 diff=-3.856572 abs_err=3.856572
INFO | TOP_ERR | split=test epoch=13 rank=10/10 b=44 t=5 var_idx=0 tp=1.036667 y_true=3.608988 y_pred=0.060802 diff=-3.548186 abs_err=3.548186
INFO | TOP_BEST | split=test epoch=13 rank=1/3 b=144 t=4 var_idx=2 tp=1.023000 y_true=-0.173762 y_pred=-0.173729 diff=0.000033 abs_err=0.000033
INFO | TOP_BEST | split=test epoch=13 rank=2/3 b=144 t=7 var_idx=2 tp=1.040000 y_true=-0.173762 y_pred=-0.174334 diff=-0.000571 abs_err=0.000571
INFO | TOP_BEST | split=test epoch=13 rank=3/3 b=37 t=3 var_idx=2 tp=1.012333 y_true=-0.173762 y_pred=-0.174417 diff=-0.000655 abs_err=0.000655
INFO | TOP_OK | split=test epoch=13 none_found (no exact matches)
INFO | [CH_INFLUENCE] TEST per-channel masked error ranked by MAE (epoch=13)
INFO | [CH_INFLUENCE] rank=1/5 ch=0 n=8076 mae=0.452835 rmse=1.030992 mse=1.062945
INFO | [CH_INFLUENCE] rank=2/5 ch=3 n=7800 mae=0.405465 rmse=0.515720 mse=0.265967
INFO | [CH_INFLUENCE] rank=3/5 ch=4 n=7775 mae=0.371874 rmse=0.476918 mse=0.227451
INFO | [CH_INFLUENCE] rank=4/5 ch=1 n=7852 mae=0.236695 rmse=0.902638 mse=0.814755
INFO | [CH_INFLUENCE] rank=5/5 ch=2 n=7640 mae=0.143014 rmse=0.450041 mse=0.202537
INFO | TOP_ERR | split=test epoch=14 rank=1/10 b=25 t=3 var_idx=0 tp=1.008333 y_true=10.830914 y_pred=-0.007198 diff=-10.838111 abs_err=10.838112
INFO | TOP_ERR | split=test epoch=14 rank=2/10 b=199 t=3 var_idx=0 tp=1.013333 y_true=6.511257 y_pred=0.077807 diff=-6.433451 abs_err=6.433451
INFO | TOP_ERR | split=test epoch=14 rank=3/10 b=121 t=0 var_idx=1 tp=1.001333 y_true=6.881000 y_pred=0.698379 diff=-6.182621 abs_err=6.182621
INFO | TOP_ERR | split=test epoch=14 rank=4/10 b=96 t=6 var_idx=2 tp=1.035000 y_true=6.015623 y_pred=0.729665 diff=-5.285958 abs_err=5.285958
INFO | TOP_ERR | split=test epoch=14 rank=5/10 b=154 t=7 var_idx=0 tp=1.035333 y_true=4.823892 y_pred=-0.091817 diff=-4.915708 abs_err=4.915708
INFO | TOP_ERR | split=test epoch=14 rank=6/10 b=62 t=4 var_idx=0 tp=1.020667 y_true=4.385177 y_pred=-0.198965 diff=-4.584141 abs_err=4.584141
INFO | TOP_ERR | split=test epoch=14 rank=7/10 b=41 t=0 var_idx=0 tp=1.000667 y_true=4.081450 y_pred=-0.046950 diff=-4.128401 abs_err=4.128401
INFO | TOP_ERR | split=test epoch=14 rank=8/10 b=143 t=7 var_idx=1 tp=1.025667 y_true=5.128757 y_pred=1.130807 diff=-3.997951 abs_err=3.997951
INFO | TOP_ERR | split=test epoch=14 rank=9/10 b=46 t=5 var_idx=0 tp=1.027333 y_true=3.878967 y_pred=0.015654 diff=-3.863313 abs_err=3.863313
INFO | TOP_ERR | split=test epoch=14 rank=10/10 b=44 t=5 var_idx=0 tp=1.036667 y_true=3.608988 y_pred=0.107888 diff=-3.501100 abs_err=3.501100
INFO | TOP_BEST | split=test epoch=14 rank=1/3 b=233 t=3 var_idx=2 tp=1.021667 y_true=-0.173762 y_pred=-0.173862 diff=-0.000099 abs_err=0.000099
INFO | TOP_BEST | split=test epoch=14 rank=2/3 b=135 t=2 var_idx=0 tp=1.023000 y_true=-0.069469 y_pred=-0.069604 diff=-0.000135 abs_err=0.000135
INFO | TOP_BEST | split=test epoch=14 rank=3/3 b=62 t=8 var_idx=2 tp=1.034667 y_true=-0.173762 y_pred=-0.173953 diff=-0.000191 abs_err=0.000191
INFO | TOP_OK | split=test epoch=14 none_found (no exact matches)
INFO | [CH_INFLUENCE] TEST per-channel masked error ranked by MAE (epoch=14)
INFO | [CH_INFLUENCE] rank=1/5 ch=0 n=8076 mae=0.444058 rmse=1.033683 mse=1.068501
INFO | [CH_INFLUENCE] rank=2/5 ch=3 n=7800 mae=0.406651 rmse=0.514587 mse=0.264800
INFO | [CH_INFLUENCE] rank=3/5 ch=4 n=7775 mae=0.370666 rmse=0.475318 mse=0.225928
INFO | [CH_INFLUENCE] rank=4/5 ch=1 n=7852 mae=0.238753 rmse=0.901554 mse=0.812800
INFO | [CH_INFLUENCE] rank=5/5 ch=2 n=7640 mae=0.158106 rmse=0.446199 mse=0.199094
INFO | TOP_ERR | split=test epoch=15 rank=1/10 b=25 t=3 var_idx=0 tp=1.008333 y_true=10.830914 y_pred=-0.003367 diff=-10.834281 abs_err=10.834281
INFO | TOP_ERR | split=test epoch=15 rank=2/10 b=199 t=3 var_idx=0 tp=1.013333 y_true=6.511257 y_pred=0.035609 diff=-6.475649 abs_err=6.475648
INFO | TOP_ERR | split=test epoch=15 rank=3/10 b=121 t=0 var_idx=1 tp=1.001333 y_true=6.881000 y_pred=0.609556 diff=-6.271444 abs_err=6.271444
INFO | TOP_ERR | split=test epoch=15 rank=4/10 b=96 t=6 var_idx=2 tp=1.035000 y_true=6.015623 y_pred=0.330591 diff=-5.685032 abs_err=5.685032
INFO | TOP_ERR | split=test epoch=15 rank=5/10 b=154 t=7 var_idx=0 tp=1.035333 y_true=4.823892 y_pred=-0.084788 diff=-4.908680 abs_err=4.908680
INFO | TOP_ERR | split=test epoch=15 rank=6/10 b=62 t=4 var_idx=0 tp=1.020667 y_true=4.385177 y_pred=-0.120750 diff=-4.505926 abs_err=4.505926
INFO | TOP_ERR | split=test epoch=15 rank=7/10 b=143 t=7 var_idx=1 tp=1.025667 y_true=5.128757 y_pred=0.663584 diff=-4.465173 abs_err=4.465173
INFO | TOP_ERR | split=test epoch=15 rank=8/10 b=41 t=0 var_idx=0 tp=1.000667 y_true=4.081450 y_pred=-0.057263 diff=-4.138713 abs_err=4.138713
INFO | TOP_ERR | split=test epoch=15 rank=9/10 b=46 t=5 var_idx=0 tp=1.027333 y_true=3.878967 y_pred=0.017609 diff=-3.861358 abs_err=3.861358
INFO | TOP_ERR | split=test epoch=15 rank=10/10 b=44 t=5 var_idx=0 tp=1.036667 y_true=3.608988 y_pred=-0.018605 diff=-3.627593 abs_err=3.627593
INFO | TOP_BEST | split=test epoch=15 rank=1/3 b=39 t=4 var_idx=1 tp=1.027000 y_true=-0.127970 y_pred=-0.128076 diff=-0.000106 abs_err=0.000106
INFO | TOP_BEST | split=test epoch=15 rank=2/3 b=149 t=5 var_idx=1 tp=1.031667 y_true=-0.127970 y_pred=-0.127762 diff=0.000209 abs_err=0.000209
INFO | TOP_BEST | split=test epoch=15 rank=3/3 b=130 t=4 var_idx=4 tp=1.034333 y_true=-0.533148 y_pred=-0.532843 diff=0.000305 abs_err=0.000305
INFO | TOP_OK | split=test epoch=15 none_found (no exact matches)
INFO | [CH_INFLUENCE] TEST per-channel masked error ranked by MAE (epoch=15)
INFO | [CH_INFLUENCE] rank=1/5 ch=0 n=8076 mae=0.432984 rmse=1.033227 mse=1.067557
INFO | [CH_INFLUENCE] rank=2/5 ch=3 n=7800 mae=0.401057 rmse=0.508079 mse=0.258144
INFO | [CH_INFLUENCE] rank=3/5 ch=4 n=7775 mae=0.371248 rmse=0.474944 mse=0.225572
INFO | [CH_INFLUENCE] rank=4/5 ch=1 n=7852 mae=0.204346 rmse=0.902947 mse=0.815314
INFO | [CH_INFLUENCE] rank=5/5 ch=2 n=7640 mae=0.131456 rmse=0.430957 mse=0.185724
INFO | TOP_ERR | split=test epoch=16 rank=1/10 b=25 t=3 var_idx=0 tp=1.008333 y_true=10.830914 y_pred=-0.015950 diff=-10.846864 abs_err=10.846864
INFO | TOP_ERR | split=test epoch=16 rank=2/10 b=199 t=3 var_idx=0 tp=1.013333 y_true=6.511257 y_pred=0.019869 diff=-6.491388 abs_err=6.491388
INFO | TOP_ERR | split=test epoch=16 rank=3/10 b=121 t=0 var_idx=1 tp=1.001333 y_true=6.881000 y_pred=0.826683 diff=-6.054317 abs_err=6.054317
INFO | TOP_ERR | split=test epoch=16 rank=4/10 b=96 t=6 var_idx=2 tp=1.035000 y_true=6.015623 y_pred=0.485534 diff=-5.530089 abs_err=5.530089
INFO | TOP_ERR | split=test epoch=16 rank=5/10 b=154 t=7 var_idx=0 tp=1.035333 y_true=4.823892 y_pred=-0.115356 diff=-4.939247 abs_err=4.939247
INFO | TOP_ERR | split=test epoch=16 rank=6/10 b=62 t=4 var_idx=0 tp=1.020667 y_true=4.385177 y_pred=-0.182248 diff=-4.567424 abs_err=4.567424
INFO | TOP_ERR | split=test epoch=16 rank=7/10 b=41 t=0 var_idx=0 tp=1.000667 y_true=4.081450 y_pred=-0.097312 diff=-4.178763 abs_err=4.178763
INFO | TOP_ERR | split=test epoch=16 rank=8/10 b=143 t=7 var_idx=1 tp=1.025667 y_true=5.128757 y_pred=1.246445 diff=-3.882312 abs_err=3.882312
INFO | TOP_ERR | split=test epoch=16 rank=9/10 b=46 t=5 var_idx=0 tp=1.027333 y_true=3.878967 y_pred=0.032122 diff=-3.846845 abs_err=3.846845
INFO | TOP_ERR | split=test epoch=16 rank=10/10 b=44 t=5 var_idx=0 tp=1.036667 y_true=3.608988 y_pred=-0.018457 diff=-3.627446 abs_err=3.627446
INFO | TOP_BEST | split=test epoch=16 rank=1/3 b=124 t=0 var_idx=2 tp=1.001333 y_true=-0.173762 y_pred=-0.173308 diff=0.000454 abs_err=0.000454
INFO | TOP_BEST | split=test epoch=16 rank=2/3 b=164 t=3 var_idx=1 tp=1.013667 y_true=-0.127970 y_pred=-0.128635 diff=-0.000665 abs_err=0.000665
INFO | TOP_BEST | split=test epoch=16 rank=3/3 b=164 t=4 var_idx=1 tp=1.017667 y_true=-0.127970 y_pred=-0.128747 diff=-0.000777 abs_err=0.000777
INFO | TOP_OK | split=test epoch=16 none_found (no exact matches)
INFO | [CH_INFLUENCE] TEST per-channel masked error ranked by MAE (epoch=16)
INFO | [CH_INFLUENCE] rank=1/5 ch=0 n=8076 mae=0.423695 rmse=1.031324 mse=1.063628
INFO | [CH_INFLUENCE] rank=2/5 ch=3 n=7800 mae=0.394546 rmse=0.500398 mse=0.250398
INFO | [CH_INFLUENCE] rank=3/5 ch=4 n=7775 mae=0.369331 rmse=0.472336 mse=0.223102
INFO | [CH_INFLUENCE] rank=4/5 ch=1 n=7852 mae=0.237556 rmse=0.902558 mse=0.814612
INFO | [CH_INFLUENCE] rank=5/5 ch=2 n=7640 mae=0.146289 rmse=0.448215 mse=0.200897
INFO | TOP_ERR | split=test epoch=17 rank=1/10 b=25 t=3 var_idx=0 tp=1.008333 y_true=10.830914 y_pred=0.026758 diff=-10.804155 abs_err=10.804155
INFO | TOP_ERR | split=test epoch=17 rank=2/10 b=121 t=0 var_idx=1 tp=1.001333 y_true=6.881000 y_pred=0.353543 diff=-6.527457 abs_err=6.527457
INFO | TOP_ERR | split=test epoch=17 rank=3/10 b=199 t=3 var_idx=0 tp=1.013333 y_true=6.511257 y_pred=0.041283 diff=-6.469974 abs_err=6.469975
INFO | TOP_ERR | split=test epoch=17 rank=4/10 b=96 t=6 var_idx=2 tp=1.035000 y_true=6.015623 y_pred=0.440288 diff=-5.575335 abs_err=5.575335
INFO | TOP_ERR | split=test epoch=17 rank=5/10 b=154 t=7 var_idx=0 tp=1.035333 y_true=4.823892 y_pred=-0.082230 diff=-4.906121 abs_err=4.906121
INFO | TOP_ERR | split=test epoch=17 rank=6/10 b=62 t=4 var_idx=0 tp=1.020667 y_true=4.385177 y_pred=-0.102290 diff=-4.487466 abs_err=4.487466
INFO | TOP_ERR | split=test epoch=17 rank=7/10 b=41 t=0 var_idx=0 tp=1.000667 y_true=4.081450 y_pred=-0.047849 diff=-4.129299 abs_err=4.129299
INFO | TOP_ERR | split=test epoch=17 rank=8/10 b=143 t=7 var_idx=1 tp=1.025667 y_true=5.128757 y_pred=1.090995 diff=-4.037763 abs_err=4.037763
INFO | TOP_ERR | split=test epoch=17 rank=9/10 b=46 t=5 var_idx=0 tp=1.027333 y_true=3.878967 y_pred=0.065876 diff=-3.813090 abs_err=3.813090
INFO | TOP_ERR | split=test epoch=17 rank=10/10 b=44 t=5 var_idx=0 tp=1.036667 y_true=3.608988 y_pred=-0.015517 diff=-3.624505 abs_err=3.624506
INFO | TOP_BEST | split=test epoch=17 rank=1/3 b=4 t=2 var_idx=2 tp=1.021333 y_true=-0.173762 y_pred=-0.173592 diff=0.000170 abs_err=0.000170
INFO | TOP_BEST | split=test epoch=17 rank=2/3 b=78 t=1 var_idx=2 tp=1.010000 y_true=-0.173762 y_pred=-0.173958 diff=-0.000196 abs_err=0.000196
INFO | TOP_BEST | split=test epoch=17 rank=3/3 b=39 t=0 var_idx=1 tp=1.001000 y_true=-0.127970 y_pred=-0.127749 diff=0.000221 abs_err=0.000221
INFO | TOP_OK | split=test epoch=17 none_found (no exact matches)
INFO | [CH_INFLUENCE] TEST per-channel masked error ranked by MAE (epoch=17)
INFO | [CH_INFLUENCE] rank=1/5 ch=0 n=8076 mae=0.438278 rmse=1.029702 mse=1.060285
INFO | [CH_INFLUENCE] rank=2/5 ch=3 n=7800 mae=0.393917 rmse=0.502767 mse=0.252775
INFO | [CH_INFLUENCE] rank=3/5 ch=4 n=7775 mae=0.367045 rmse=0.472515 mse=0.223271
INFO | [CH_INFLUENCE] rank=4/5 ch=1 n=7852 mae=0.227824 rmse=0.895571 mse=0.802048
INFO | [CH_INFLUENCE] rank=5/5 ch=2 n=7640 mae=0.155744 rmse=0.425452 mse=0.181009
INFO | TOP_ERR | split=test epoch=19 rank=1/10 b=25 t=3 var_idx=0 tp=1.008333 y_true=10.830914 y_pred=-0.000213 diff=-10.831126 abs_err=10.831126
INFO | TOP_ERR | split=test epoch=19 rank=2/10 b=199 t=3 var_idx=0 tp=1.013333 y_true=6.511257 y_pred=0.082738 diff=-6.428520 abs_err=6.428520
INFO | TOP_ERR | split=test epoch=19 rank=3/10 b=121 t=0 var_idx=1 tp=1.001333 y_true=6.881000 y_pred=0.575352 diff=-6.305648 abs_err=6.305648
INFO | TOP_ERR | split=test epoch=19 rank=4/10 b=96 t=6 var_idx=2 tp=1.035000 y_true=6.015623 y_pred=0.513852 diff=-5.501772 abs_err=5.501771
INFO | TOP_ERR | split=test epoch=19 rank=5/10 b=154 t=7 var_idx=0 tp=1.035333 y_true=4.823892 y_pred=-0.048369 diff=-4.872260 abs_err=4.872260
INFO | TOP_ERR | split=test epoch=19 rank=6/10 b=62 t=4 var_idx=0 tp=1.020667 y_true=4.385177 y_pred=-0.086985 diff=-4.472162 abs_err=4.472162
INFO | TOP_ERR | split=test epoch=19 rank=7/10 b=41 t=0 var_idx=0 tp=1.000667 y_true=4.081450 y_pred=-0.012828 diff=-4.094278 abs_err=4.094278
INFO | TOP_ERR | split=test epoch=19 rank=8/10 b=143 t=7 var_idx=1 tp=1.025667 y_true=5.128757 y_pred=1.054622 diff=-4.074135 abs_err=4.074135
INFO | TOP_ERR | split=test epoch=19 rank=9/10 b=46 t=5 var_idx=0 tp=1.027333 y_true=3.878967 y_pred=0.023176 diff=-3.855791 abs_err=3.855791
INFO | TOP_ERR | split=test epoch=19 rank=10/10 b=44 t=5 var_idx=0 tp=1.036667 y_true=3.608988 y_pred=0.017410 diff=-3.591578 abs_err=3.591578
INFO | TOP_BEST | split=test epoch=19 rank=1/3 b=8 t=1 var_idx=3 tp=1.010667 y_true=0.796362 y_pred=0.796377 diff=0.000014 abs_err=0.000014
INFO | TOP_BEST | split=test epoch=19 rank=2/3 b=224 t=0 var_idx=2 tp=1.015667 y_true=-0.173762 y_pred=-0.173782 diff=-0.000020 abs_err=0.000020
INFO | TOP_BEST | split=test epoch=19 rank=3/3 b=210 t=6 var_idx=1 tp=1.037000 y_true=-0.127970 y_pred=-0.127993 diff=-0.000023 abs_err=0.000023
INFO | TOP_OK | split=test epoch=19 none_found (no exact matches)
INFO | [CH_INFLUENCE] TEST per-channel masked error ranked by MAE (epoch=19)
INFO | [CH_INFLUENCE] rank=1/5 ch=0 n=8076 mae=0.453375 rmse=1.031248 mse=1.063473
INFO | [CH_INFLUENCE] rank=2/5 ch=3 n=7800 mae=0.394253 rmse=0.502002 mse=0.252006
INFO | [CH_INFLUENCE] rank=3/5 ch=4 n=7775 mae=0.369998 rmse=0.478503 mse=0.228965
INFO | [CH_INFLUENCE] rank=4/5 ch=1 n=7852 mae=0.226598 rmse=0.897416 mse=0.805356
INFO | [CH_INFLUENCE] rank=5/5 ch=2 n=7640 mae=0.132662 rmse=0.421936 mse=0.178030
INFO | TOP_ERR | split=test epoch=20 rank=1/10 b=25 t=3 var_idx=0 tp=1.008333 y_true=10.830914 y_pred=0.141328 diff=-10.689586 abs_err=10.689586
INFO | TOP_ERR | split=test epoch=20 rank=2/10 b=199 t=3 var_idx=0 tp=1.013333 y_true=6.511257 y_pred=-0.029680 diff=-6.540938 abs_err=6.540937
INFO | TOP_ERR | split=test epoch=20 rank=3/10 b=121 t=0 var_idx=1 tp=1.001333 y_true=6.881000 y_pred=0.525430 diff=-6.355570 abs_err=6.355570
INFO | TOP_ERR | split=test epoch=20 rank=4/10 b=96 t=6 var_idx=2 tp=1.035000 y_true=6.015623 y_pred=0.653891 diff=-5.361732 abs_err=5.361732
INFO | TOP_ERR | split=test epoch=20 rank=5/10 b=154 t=7 var_idx=0 tp=1.035333 y_true=4.823892 y_pred=-0.127435 diff=-4.951326 abs_err=4.951326
INFO | TOP_ERR | split=test epoch=20 rank=6/10 b=62 t=4 var_idx=0 tp=1.020667 y_true=4.385177 y_pred=-0.162048 diff=-4.547224 abs_err=4.547225
INFO | TOP_ERR | split=test epoch=20 rank=7/10 b=41 t=0 var_idx=0 tp=1.000667 y_true=4.081450 y_pred=-0.094256 diff=-4.175707 abs_err=4.175707
INFO | TOP_ERR | split=test epoch=20 rank=8/10 b=143 t=7 var_idx=1 tp=1.025667 y_true=5.128757 y_pred=1.201389 diff=-3.927369 abs_err=3.927369
INFO | TOP_ERR | split=test epoch=20 rank=9/10 b=46 t=5 var_idx=0 tp=1.027333 y_true=3.878967 y_pred=0.004736 diff=-3.874230 abs_err=3.874230
INFO | TOP_ERR | split=test epoch=20 rank=10/10 b=44 t=5 var_idx=0 tp=1.036667 y_true=3.608988 y_pred=0.004131 diff=-3.604857 abs_err=3.604857
INFO | TOP_BEST | split=test epoch=20 rank=1/3 b=49 t=4 var_idx=2 tp=1.017333 y_true=-0.173762 y_pred=-0.173769 diff=-0.000007 abs_err=0.000007
INFO | TOP_BEST | split=test epoch=20 rank=2/3 b=159 t=0 var_idx=1 tp=1.013000 y_true=-0.127970 y_pred=-0.128010 diff=-0.000040 abs_err=0.000040
INFO | TOP_BEST | split=test epoch=20 rank=3/3 b=34 t=3 var_idx=1 tp=1.026333 y_true=-0.127970 y_pred=-0.127900 diff=0.000070 abs_err=0.000070
INFO | TOP_OK | split=test epoch=20 none_found (no exact matches)
INFO | [CH_INFLUENCE] TEST per-channel masked error ranked by MAE (epoch=20)
INFO | [CH_INFLUENCE] rank=1/5 ch=0 n=8076 mae=0.427989 rmse=1.033784 mse=1.068710
INFO | [CH_INFLUENCE] rank=2/5 ch=3 n=7800 mae=0.399400 rmse=0.506016 mse=0.256052
INFO | [CH_INFLUENCE] rank=3/5 ch=4 n=7775 mae=0.376776 rmse=0.481818 mse=0.232148
INFO | [CH_INFLUENCE] rank=4/5 ch=1 n=7852 mae=0.232366 rmse=0.899960 mse=0.809929
INFO | [CH_INFLUENCE] rank=5/5 ch=2 n=7640 mae=0.172257 rmse=0.431582 mse=0.186263
INFO | TOP_ERR | split=test epoch=22 rank=1/10 b=25 t=3 var_idx=0 tp=1.008333 y_true=10.830914 y_pred=-0.005122 diff=-10.836036 abs_err=10.836036
INFO | TOP_ERR | split=test epoch=22 rank=2/10 b=199 t=3 var_idx=0 tp=1.013333 y_true=6.511257 y_pred=0.077775 diff=-6.433482 abs_err=6.433482
INFO | TOP_ERR | split=test epoch=22 rank=3/10 b=121 t=0 var_idx=1 tp=1.001333 y_true=6.881000 y_pred=0.817639 diff=-6.063361 abs_err=6.063361
INFO | TOP_ERR | split=test epoch=22 rank=4/10 b=96 t=6 var_idx=2 tp=1.035000 y_true=6.015623 y_pred=0.763877 diff=-5.251746 abs_err=5.251746
INFO | TOP_ERR | split=test epoch=22 rank=5/10 b=154 t=7 var_idx=0 tp=1.035333 y_true=4.823892 y_pred=-0.087446 diff=-4.911337 abs_err=4.911337
INFO | TOP_ERR | split=test epoch=22 rank=6/10 b=62 t=4 var_idx=0 tp=1.020667 y_true=4.385177 y_pred=-0.130175 diff=-4.515352 abs_err=4.515352
INFO | TOP_ERR | split=test epoch=22 rank=7/10 b=41 t=0 var_idx=0 tp=1.000667 y_true=4.081450 y_pred=0.006726 diff=-4.074724 abs_err=4.074724
INFO | TOP_ERR | split=test epoch=22 rank=8/10 b=46 t=5 var_idx=0 tp=1.027333 y_true=3.878967 y_pred=0.009287 diff=-3.869679 abs_err=3.869679
INFO | TOP_ERR | split=test epoch=22 rank=9/10 b=143 t=7 var_idx=1 tp=1.025667 y_true=5.128757 y_pred=1.366353 diff=-3.762405 abs_err=3.762404
INFO | TOP_ERR | split=test epoch=22 rank=10/10 b=44 t=5 var_idx=0 tp=1.036667 y_true=3.608988 y_pred=0.027707 diff=-3.581281 abs_err=3.581281
INFO | TOP_BEST | split=test epoch=22 rank=1/3 b=155 t=0 var_idx=1 tp=1.000667 y_true=-0.127970 y_pred=-0.127888 diff=0.000082 abs_err=0.000082
INFO | TOP_BEST | split=test epoch=22 rank=2/3 b=251 t=6 var_idx=1 tp=1.020667 y_true=-0.127970 y_pred=-0.128119 diff=-0.000149 abs_err=0.000149
INFO | TOP_BEST | split=test epoch=22 rank=3/3 b=6 t=6 var_idx=1 tp=1.035000 y_true=-0.127970 y_pred=-0.127790 diff=0.000180 abs_err=0.000180
INFO | TOP_OK | split=test epoch=22 none_found (no exact matches)
INFO | [CH_INFLUENCE] TEST per-channel masked error ranked by MAE (epoch=22)
INFO | [CH_INFLUENCE] rank=1/5 ch=0 n=8076 mae=0.436624 rmse=1.034751 mse=1.070709
INFO | [CH_INFLUENCE] rank=2/5 ch=3 n=7800 mae=0.400037 rmse=0.504382 mse=0.254401
INFO | [CH_INFLUENCE] rank=3/5 ch=4 n=7775 mae=0.361764 rmse=0.464582 mse=0.215836
INFO | [CH_INFLUENCE] rank=4/5 ch=1 n=7852 mae=0.221808 rmse=0.905604 mse=0.820118
INFO | [CH_INFLUENCE] rank=5/5 ch=2 n=7640 mae=0.161480 rmse=0.465346 mse=0.216547
INFO | TOP_ERR | split=test epoch=24 rank=1/10 b=25 t=3 var_idx=0 tp=1.008333 y_true=10.830914 y_pred=0.033868 diff=-10.797046 abs_err=10.797046
INFO | TOP_ERR | split=test epoch=24 rank=2/10 b=121 t=0 var_idx=1 tp=1.001333 y_true=6.881000 y_pred=0.310492 diff=-6.570508 abs_err=6.570508
INFO | TOP_ERR | split=test epoch=24 rank=3/10 b=199 t=3 var_idx=0 tp=1.013333 y_true=6.511257 y_pred=0.048964 diff=-6.462293 abs_err=6.462293
INFO | TOP_ERR | split=test epoch=24 rank=4/10 b=96 t=6 var_idx=2 tp=1.035000 y_true=6.015623 y_pred=0.413790 diff=-5.601833 abs_err=5.601833
INFO | TOP_ERR | split=test epoch=24 rank=5/10 b=154 t=7 var_idx=0 tp=1.035333 y_true=4.823892 y_pred=-0.055672 diff=-4.879563 abs_err=4.879563
INFO | TOP_ERR | split=test epoch=24 rank=6/10 b=143 t=7 var_idx=1 tp=1.025667 y_true=5.128757 y_pred=0.611910 diff=-4.516848 abs_err=4.516848
INFO | TOP_ERR | split=test epoch=24 rank=7/10 b=62 t=4 var_idx=0 tp=1.020667 y_true=4.385177 y_pred=-0.105140 diff=-4.490317 abs_err=4.490317
INFO | TOP_ERR | split=test epoch=24 rank=8/10 b=41 t=0 var_idx=0 tp=1.000667 y_true=4.081450 y_pred=-0.012131 diff=-4.093581 abs_err=4.093581
INFO | TOP_ERR | split=test epoch=24 rank=9/10 b=46 t=5 var_idx=0 tp=1.027333 y_true=3.878967 y_pred=-0.046379 diff=-3.925346 abs_err=3.925346
INFO | TOP_ERR | split=test epoch=24 rank=10/10 b=44 t=5 var_idx=0 tp=1.036667 y_true=3.608988 y_pred=0.084011 diff=-3.524977 abs_err=3.524977
INFO | TOP_BEST | split=test epoch=24 rank=1/3 b=202 t=1 var_idx=4 tp=1.002333 y_true=-0.585323 y_pred=-0.584896 diff=0.000427 abs_err=0.000427
INFO | TOP_BEST | split=test epoch=24 rank=2/3 b=239 t=1 var_idx=0 tp=1.007667 y_true=-0.103216 y_pred=-0.104123 diff=-0.000907 abs_err=0.000907
INFO | TOP_BEST | split=test epoch=24 rank=3/3 b=144 t=5 var_idx=4 tp=1.026000 y_true=-0.167924 y_pred=-0.168892 diff=-0.000969 abs_err=0.000969
INFO | TOP_OK | split=test epoch=24 none_found (no exact matches)
INFO | [CH_INFLUENCE] TEST per-channel masked error ranked by MAE (epoch=24)
INFO | [CH_INFLUENCE] rank=1/5 ch=0 n=8076 mae=0.442890 rmse=1.031136 mse=1.063240
INFO | [CH_INFLUENCE] rank=2/5 ch=3 n=7800 mae=0.397964 rmse=0.505797 mse=0.255830
INFO | [CH_INFLUENCE] rank=3/5 ch=4 n=7775 mae=0.371937 rmse=0.476217 mse=0.226783
INFO | [CH_INFLUENCE] rank=4/5 ch=1 n=7852 mae=0.195876 rmse=0.904725 mse=0.818527
INFO | [CH_INFLUENCE] rank=5/5 ch=2 n=7640 mae=0.154823 rmse=0.430284 mse=0.185144
INFO | TOP_ERR | split=test epoch=35 rank=1/10 b=25 t=3 var_idx=0 tp=1.008333 y_true=10.830914 y_pred=-0.005576 diff=-10.836490 abs_err=10.836490
INFO | TOP_ERR | split=test epoch=35 rank=2/10 b=199 t=3 var_idx=0 tp=1.013333 y_true=6.511257 y_pred=0.146714 diff=-6.364544 abs_err=6.364543
INFO | TOP_ERR | split=test epoch=35 rank=3/10 b=121 t=0 var_idx=1 tp=1.001333 y_true=6.881000 y_pred=0.731841 diff=-6.149159 abs_err=6.149159
INFO | TOP_ERR | split=test epoch=35 rank=4/10 b=96 t=6 var_idx=2 tp=1.035000 y_true=6.015623 y_pred=0.868898 diff=-5.146725 abs_err=5.146725
INFO | TOP_ERR | split=test epoch=35 rank=5/10 b=154 t=7 var_idx=0 tp=1.035333 y_true=4.823892 y_pred=-0.066460 diff=-4.890351 abs_err=4.890351
INFO | TOP_ERR | split=test epoch=35 rank=6/10 b=62 t=4 var_idx=0 tp=1.020667 y_true=4.385177 y_pred=-0.074623 diff=-4.459800 abs_err=4.459800
INFO | TOP_ERR | split=test epoch=35 rank=7/10 b=143 t=7 var_idx=1 tp=1.025667 y_true=5.128757 y_pred=1.104216 diff=-4.024542 abs_err=4.024542
INFO | TOP_ERR | split=test epoch=35 rank=8/10 b=41 t=0 var_idx=0 tp=1.000667 y_true=4.081450 y_pred=0.193915 diff=-3.887536 abs_err=3.887536
INFO | TOP_ERR | split=test epoch=35 rank=9/10 b=46 t=5 var_idx=0 tp=1.027333 y_true=3.878967 y_pred=0.008401 diff=-3.870566 abs_err=3.870566
INFO | TOP_ERR | split=test epoch=35 rank=10/10 b=44 t=5 var_idx=0 tp=1.036667 y_true=3.608988 y_pred=0.133607 diff=-3.475381 abs_err=3.475381
INFO | TOP_BEST | split=test epoch=35 rank=1/3 b=28 t=6 var_idx=1 tp=1.028333 y_true=-0.127970 y_pred=-0.127987 diff=-0.000017 abs_err=0.000017
INFO | TOP_BEST | split=test epoch=35 rank=2/3 b=28 t=8 var_idx=1 tp=1.032333 y_true=-0.127970 y_pred=-0.128104 diff=-0.000134 abs_err=0.000134
INFO | TOP_BEST | split=test epoch=35 rank=3/3 b=92 t=4 var_idx=1 tp=1.028667 y_true=-0.127970 y_pred=-0.128160 diff=-0.000190 abs_err=0.000190
INFO | TOP_OK | split=test epoch=35 none_found (no exact matches)
INFO | [CH_INFLUENCE] TEST per-channel masked error ranked by MAE (epoch=35)
INFO | [CH_INFLUENCE] rank=1/5 ch=0 n=8076 mae=0.470221 rmse=1.034230 mse=1.069631
INFO | [CH_INFLUENCE] rank=2/5 ch=3 n=7800 mae=0.387890 rmse=0.492914 mse=0.242964
INFO | [CH_INFLUENCE] rank=3/5 ch=4 n=7775 mae=0.361397 rmse=0.464942 mse=0.216171
INFO | [CH_INFLUENCE] rank=4/5 ch=1 n=7852 mae=0.221681 rmse=0.899328 mse=0.808791
INFO | [CH_INFLUENCE] rank=5/5 ch=2 n=7640 mae=0.152978 rmse=0.423436 mse=0.179298
INFO | TOP_ERR | split=test epoch=38 rank=1/10 b=25 t=3 var_idx=0 tp=1.008333 y_true=10.830914 y_pred=-0.000096 diff=-10.831010 abs_err=10.831010
INFO | TOP_ERR | split=test epoch=38 rank=2/10 b=121 t=0 var_idx=1 tp=1.001333 y_true=6.881000 y_pred=0.155140 diff=-6.725860 abs_err=6.725861
INFO | TOP_ERR | split=test epoch=38 rank=3/10 b=199 t=3 var_idx=0 tp=1.013333 y_true=6.511257 y_pred=0.056128 diff=-6.455129 abs_err=6.455129
INFO | TOP_ERR | split=test epoch=38 rank=4/10 b=96 t=6 var_idx=2 tp=1.035000 y_true=6.015623 y_pred=0.481218 diff=-5.534405 abs_err=5.534405
INFO | TOP_ERR | split=test epoch=38 rank=5/10 b=154 t=7 var_idx=0 tp=1.035333 y_true=4.823892 y_pred=-0.101982 diff=-4.925874 abs_err=4.925874
INFO | TOP_ERR | split=test epoch=38 rank=6/10 b=62 t=4 var_idx=0 tp=1.020667 y_true=4.385177 y_pred=-0.128662 diff=-4.513838 abs_err=4.513838
INFO | TOP_ERR | split=test epoch=38 rank=7/10 b=143 t=7 var_idx=1 tp=1.025667 y_true=5.128757 y_pred=0.936220 diff=-4.192537 abs_err=4.192537
INFO | TOP_ERR | split=test epoch=38 rank=8/10 b=41 t=0 var_idx=0 tp=1.000667 y_true=4.081450 y_pred=-0.083230 diff=-4.164681 abs_err=4.164680
INFO | TOP_ERR | split=test epoch=38 rank=9/10 b=46 t=5 var_idx=0 tp=1.027333 y_true=3.878967 y_pred=-0.031578 diff=-3.910545 abs_err=3.910545
INFO | TOP_ERR | split=test epoch=38 rank=10/10 b=44 t=5 var_idx=0 tp=1.036667 y_true=3.608988 y_pred=0.095830 diff=-3.513159 abs_err=3.513159
INFO | TOP_BEST | split=test epoch=38 rank=1/3 b=33 t=0 var_idx=3 tp=1.002000 y_true=0.796362 y_pred=0.796314 diff=-0.000048 abs_err=0.000048
INFO | TOP_BEST | split=test epoch=38 rank=2/3 b=141 t=0 var_idx=3 tp=1.008000 y_true=-0.349389 y_pred=-0.348941 diff=0.000448 abs_err=0.000448
INFO | TOP_BEST | split=test epoch=38 rank=3/3 b=27 t=3 var_idx=1 tp=1.027000 y_true=-0.127970 y_pred=-0.127460 diff=0.000510 abs_err=0.000510
INFO | TOP_OK | split=test epoch=38 none_found (no exact matches)
INFO | [CH_INFLUENCE] TEST per-channel masked error ranked by MAE (epoch=38)
INFO | [CH_INFLUENCE] rank=1/5 ch=0 n=8076 mae=0.433352 rmse=1.034506 mse=1.070202
INFO | [CH_INFLUENCE] rank=2/5 ch=3 n=7800 mae=0.392770 rmse=0.495916 mse=0.245932
INFO | [CH_INFLUENCE] rank=3/5 ch=4 n=7775 mae=0.362474 rmse=0.465014 mse=0.216238
INFO | [CH_INFLUENCE] rank=4/5 ch=1 n=7852 mae=0.185086 rmse=0.892115 mse=0.795870
INFO | [CH_INFLUENCE] rank=5/5 ch=2 n=7640 mae=0.129473 rmse=0.436390 mse=0.190436
INFO | TOP_ERR | split=test epoch=0 rank=1/10 b=25 t=3 var_idx=0 tp=1.008333 y_true=10.830914 y_pred=0.370071 diff=-10.460843 abs_err=10.460842
INFO | TOP_ERR | split=test epoch=0 rank=2/10 b=199 t=3 var_idx=0 tp=1.013333 y_true=6.511257 y_pred=0.005415 diff=-6.505842 abs_err=6.505842
INFO | TOP_ERR | split=test epoch=0 rank=3/10 b=121 t=0 var_idx=1 tp=1.001333 y_true=6.881000 y_pred=0.640378 diff=-6.240622 abs_err=6.240622
INFO | TOP_ERR | split=test epoch=0 rank=4/10 b=96 t=6 var_idx=2 tp=1.035000 y_true=6.015623 y_pred=0.599000 diff=-5.416623 abs_err=5.416623
INFO | TOP_ERR | split=test epoch=0 rank=5/10 b=154 t=7 var_idx=0 tp=1.035333 y_true=4.823892 y_pred=-0.083379 diff=-4.907271 abs_err=4.907270
INFO | TOP_ERR | split=test epoch=0 rank=6/10 b=62 t=4 var_idx=0 tp=1.020667 y_true=4.385177 y_pred=-0.054610 diff=-4.439786 abs_err=4.439786
INFO | TOP_ERR | split=test epoch=0 rank=7/10 b=143 t=7 var_idx=1 tp=1.025667 y_true=5.128757 y_pred=0.736404 diff=-4.392354 abs_err=4.392354
INFO | TOP_ERR | split=test epoch=0 rank=8/10 b=41 t=0 var_idx=0 tp=1.000667 y_true=4.081450 y_pred=-0.043723 diff=-4.125174 abs_err=4.125174
INFO | TOP_ERR | split=test epoch=0 rank=9/10 b=46 t=5 var_idx=0 tp=1.027333 y_true=3.878967 y_pred=0.030173 diff=-3.848794 abs_err=3.848794
INFO | TOP_ERR | split=test epoch=0 rank=10/10 b=44 t=5 var_idx=0 tp=1.036667 y_true=3.608988 y_pred=-0.058130 diff=-3.667118 abs_err=3.667118
INFO | TOP_BEST | split=test epoch=0 rank=1/3 b=97 t=5 var_idx=4 tp=1.025333 y_true=-1.159247 y_pred=-1.159308 diff=-0.000061 abs_err=0.000061
INFO | TOP_BEST | split=test epoch=0 rank=2/3 b=174 t=4 var_idx=3 tp=1.033000 y_true=1.321498 y_pred=1.319926 diff=-0.001572 abs_err=0.001572
INFO | TOP_BEST | split=test epoch=0 rank=3/3 b=117 t=8 var_idx=0 tp=1.038000 y_true=-0.069469 y_pred=-0.067821 diff=0.001648 abs_err=0.001648
INFO | TOP_OK | split=test epoch=0 none_found (no exact matches)
INFO | [CH_INFLUENCE] TEST per-channel masked error ranked by MAE (epoch=0)
INFO | [CH_INFLUENCE] rank=1/5 ch=0 n=8076 mae=0.470119 rmse=1.035955 mse=1.073202
INFO | [CH_INFLUENCE] rank=2/5 ch=3 n=7800 mae=0.431617 rmse=0.552381 mse=0.305125
INFO | [CH_INFLUENCE] rank=3/5 ch=4 n=7775 mae=0.396649 rmse=0.515669 mse=0.265914
INFO | [CH_INFLUENCE] rank=4/5 ch=2 n=7640 mae=0.229516 rmse=0.464521 mse=0.215780
INFO | [CH_INFLUENCE] rank=5/5 ch=1 n=7852 mae=0.224560 rmse=0.918627 mse=0.843875
