INFO | TOP_ERR | split=test epoch=0 rank=1/10 b=171 t=4 var_idx=1 tp=0.568000 y_true=8.633243 y_pred=0.077127 diff=-8.556115 abs_err=8.556115
INFO | TOP_ERR | split=test epoch=0 rank=2/10 b=198 t=2 var_idx=0 tp=0.632000 y_true=6.679994 y_pred=0.011066 diff=-6.668928 abs_err=6.668928
INFO | TOP_ERR | split=test epoch=0 rank=3/10 b=116 t=2 var_idx=0 tp=0.926000 y_true=6.106289 y_pred=-0.137276 diff=-6.243565 abs_err=6.243565
INFO | TOP_ERR | split=test epoch=0 rank=4/10 b=61 t=2 var_idx=1 tp=0.784000 y_true=5.128757 y_pred=0.187869 diff=-4.940888 abs_err=4.940888
INFO | TOP_ERR | split=test epoch=0 rank=5/10 b=183 t=3 var_idx=1 tp=0.825000 y_true=5.128757 y_pred=0.235954 diff=-4.892803 abs_err=4.892803
INFO | TOP_ERR | split=test epoch=0 rank=6/10 b=133 t=0 var_idx=1 tp=0.771000 y_true=4.778309 y_pred=0.037192 diff=-4.741117 abs_err=4.741117
INFO | TOP_ERR | split=test epoch=0 rank=7/10 b=176 t=0 var_idx=0 tp=0.667000 y_true=4.283935 y_pred=-0.130405 diff=-4.414339 abs_err=4.414339
INFO | TOP_ERR | split=test epoch=0 rank=8/10 b=152 t=3 var_idx=0 tp=0.677000 y_true=4.385177 y_pred=0.099596 diff=-4.285581 abs_err=4.285581
INFO | TOP_ERR | split=test epoch=0 rank=9/10 b=156 t=5 var_idx=0 tp=0.757000 y_true=3.912714 y_pred=-0.048976 diff=-3.961690 abs_err=3.961690
INFO | TOP_ERR | split=test epoch=0 rank=10/10 b=2 t=4 var_idx=2 tp=0.558500 y_true=3.178822 y_pred=-0.054930 diff=-3.233751 abs_err=3.233752
INFO | TOP_BEST | split=test epoch=0 rank=1/3 b=204 t=0 var_idx=3 tp=0.757000 y_true=-1.017743 y_pred=-1.017681 diff=0.000063 abs_err=0.000063
INFO | TOP_BEST | split=test epoch=0 rank=2/3 b=126 t=2 var_idx=3 tp=0.638500 y_true=0.700883 y_pred=0.701084 diff=0.000201 abs_err=0.000201
INFO | TOP_BEST | split=test epoch=0 rank=3/3 b=90 t=5 var_idx=1 tp=0.893500 y_true=-0.127970 y_pred=-0.128241 diff=-0.000271 abs_err=0.000271
INFO | TOP_OK | split=test epoch=0 rank=1/3 b=2 t=3 var_idx=4 tp=0.553000 y_true=-0.585323 y_pred=-0.572542
INFO | TOP_OK | split=test epoch=0 rank=2/3 b=5 t=3 var_idx=4 tp=0.616000 y_true=1.345147 y_pred=1.330207
INFO | TOP_OK | split=test epoch=0 rank=3/3 b=7 t=9 var_idx=2 tp=0.658000 y_true=-0.173762 y_pred=-0.181881
INFO | TOP_ERR | split=test epoch=1 rank=1/10 b=171 t=4 var_idx=1 tp=0.568000 y_true=8.633243 y_pred=0.155924 diff=-8.477318 abs_err=8.477319
INFO | TOP_ERR | split=test epoch=1 rank=2/10 b=198 t=2 var_idx=0 tp=0.632000 y_true=6.679994 y_pred=-0.076163 diff=-6.756157 abs_err=6.756157
INFO | TOP_ERR | split=test epoch=1 rank=3/10 b=116 t=2 var_idx=0 tp=0.926000 y_true=6.106289 y_pred=-0.232357 diff=-6.338647 abs_err=6.338647
INFO | TOP_ERR | split=test epoch=1 rank=4/10 b=183 t=3 var_idx=1 tp=0.825000 y_true=5.128757 y_pred=0.133088 diff=-4.995669 abs_err=4.995669
INFO | TOP_ERR | split=test epoch=1 rank=5/10 b=61 t=2 var_idx=1 tp=0.784000 y_true=5.128757 y_pred=0.216872 diff=-4.911886 abs_err=4.911886
INFO | TOP_ERR | split=test epoch=1 rank=6/10 b=133 t=0 var_idx=1 tp=0.771000 y_true=4.778309 y_pred=0.045764 diff=-4.732545 abs_err=4.732545
INFO | TOP_ERR | split=test epoch=1 rank=7/10 b=176 t=0 var_idx=0 tp=0.667000 y_true=4.283935 y_pred=-0.216129 diff=-4.500063 abs_err=4.500063
INFO | TOP_ERR | split=test epoch=1 rank=8/10 b=152 t=3 var_idx=0 tp=0.677000 y_true=4.385177 y_pred=-0.007172 diff=-4.392348 abs_err=4.392348
INFO | TOP_ERR | split=test epoch=1 rank=9/10 b=156 t=5 var_idx=0 tp=0.757000 y_true=3.912714 y_pred=-0.091910 diff=-4.004624 abs_err=4.004624
INFO | TOP_ERR | split=test epoch=1 rank=10/10 b=168 t=0 var_idx=2 tp=0.502000 y_true=0.342020 y_pred=3.812687 diff=3.470667 abs_err=3.470667
INFO | TOP_BEST | split=test epoch=1 rank=1/3 b=248 t=3 var_idx=1 tp=0.672500 y_true=-0.127970 y_pred=-0.128005 diff=-0.000035 abs_err=0.000035
INFO | TOP_BEST | split=test epoch=1 rank=2/3 b=206 t=0 var_idx=2 tp=0.792000 y_true=-0.173762 y_pred=-0.173723 diff=0.000040 abs_err=0.000040
INFO | TOP_BEST | split=test epoch=1 rank=3/3 b=56 t=2 var_idx=1 tp=0.672500 y_true=-0.127970 y_pred=-0.127877 diff=0.000093 abs_err=0.000093
INFO | TOP_OK | split=test epoch=1 rank=1/3 b=7 t=1 var_idx=4 tp=0.647000 y_true=1.710372 y_pred=1.670894
INFO | TOP_OK | split=test epoch=1 rank=2/3 b=18 t=3 var_idx=3 tp=0.880500 y_true=1.512457 y_pred=1.471297
INFO | TOP_OK | split=test epoch=1 rank=3/3 b=19 t=1 var_idx=2 tp=0.901500 y_true=-0.173762 y_pred=-0.169755
INFO | TOP_ERR | split=test epoch=2 rank=1/10 b=171 t=4 var_idx=1 tp=0.568000 y_true=8.633243 y_pred=0.107718 diff=-8.525524 abs_err=8.525524
INFO | TOP_ERR | split=test epoch=2 rank=2/10 b=198 t=2 var_idx=0 tp=0.632000 y_true=6.679994 y_pred=-0.073209 diff=-6.753203 abs_err=6.753202
INFO | TOP_ERR | split=test epoch=2 rank=3/10 b=116 t=2 var_idx=0 tp=0.926000 y_true=6.106289 y_pred=-0.235961 diff=-6.342250 abs_err=6.342250
INFO | TOP_ERR | split=test epoch=2 rank=4/10 b=168 t=0 var_idx=2 tp=0.502000 y_true=0.342020 y_pred=5.529760 diff=5.187740 abs_err=5.187740
INFO | TOP_ERR | split=test epoch=2 rank=5/10 b=183 t=3 var_idx=1 tp=0.825000 y_true=5.128757 y_pred=0.081504 diff=-5.047254 abs_err=5.047254
INFO | TOP_ERR | split=test epoch=2 rank=6/10 b=61 t=2 var_idx=1 tp=0.784000 y_true=5.128757 y_pred=0.158085 diff=-4.970672 abs_err=4.970672
INFO | TOP_ERR | split=test epoch=2 rank=7/10 b=133 t=0 var_idx=1 tp=0.771000 y_true=4.778309 y_pred=0.013300 diff=-4.765009 abs_err=4.765009
INFO | TOP_ERR | split=test epoch=2 rank=8/10 b=176 t=0 var_idx=0 tp=0.667000 y_true=4.283935 y_pred=-0.192824 diff=-4.476759 abs_err=4.476759
INFO | TOP_ERR | split=test epoch=2 rank=9/10 b=152 t=3 var_idx=0 tp=0.677000 y_true=4.385177 y_pred=-0.036091 diff=-4.421268 abs_err=4.421268
INFO | TOP_ERR | split=test epoch=2 rank=10/10 b=168 t=4 var_idx=2 tp=0.511500 y_true=1.373584 y_pred=5.528121 diff=4.154537 abs_err=4.154537
INFO | TOP_BEST | split=test epoch=2 rank=1/3 b=208 t=1 var_idx=0 tp=0.839500 y_true=-0.069469 y_pred=-0.069535 diff=-0.000066 abs_err=0.000066
INFO | TOP_BEST | split=test epoch=2 rank=2/3 b=215 t=1 var_idx=1 tp=0.982000 y_true=-0.127970 y_pred=-0.127759 diff=0.000212 abs_err=0.000212
INFO | TOP_BEST | split=test epoch=2 rank=3/3 b=13 t=6 var_idx=4 tp=0.788000 y_true=-0.637498 y_pred=-0.637944 diff=-0.000446 abs_err=0.000446
INFO | TOP_OK | split=test epoch=2 rank=1/3 b=6 t=0 var_idx=4 tp=0.627500 y_true=1.292973 y_pred=1.324167
INFO | TOP_OK | split=test epoch=2 rank=2/3 b=13 t=2 var_idx=4 tp=0.779000 y_true=-0.637498 y_pred=-0.636363
INFO | TOP_OK | split=test epoch=2 rank=3/3 b=13 t=6 var_idx=4 tp=0.788000 y_true=-0.637498 y_pred=-0.637944
INFO | TOP_ERR | split=test epoch=3 rank=1/10 b=171 t=4 var_idx=1 tp=0.568000 y_true=8.633243 y_pred=0.033382 diff=-8.599860 abs_err=8.599860
INFO | TOP_ERR | split=test epoch=3 rank=2/10 b=198 t=2 var_idx=0 tp=0.632000 y_true=6.679994 y_pred=-0.007771 diff=-6.687764 abs_err=6.687765
INFO | TOP_ERR | split=test epoch=3 rank=3/10 b=116 t=2 var_idx=0 tp=0.926000 y_true=6.106289 y_pred=-0.137631 diff=-6.243920 abs_err=6.243920
INFO | TOP_ERR | split=test epoch=3 rank=4/10 b=183 t=3 var_idx=1 tp=0.825000 y_true=5.128757 y_pred=-0.002027 diff=-5.130784 abs_err=5.130784
INFO | TOP_ERR | split=test epoch=3 rank=5/10 b=61 t=2 var_idx=1 tp=0.784000 y_true=5.128757 y_pred=0.212190 diff=-4.916568 abs_err=4.916568
INFO | TOP_ERR | split=test epoch=3 rank=6/10 b=133 t=0 var_idx=1 tp=0.771000 y_true=4.778309 y_pred=0.069393 diff=-4.708916 abs_err=4.708916
INFO | TOP_ERR | split=test epoch=3 rank=7/10 b=176 t=0 var_idx=0 tp=0.667000 y_true=4.283935 y_pred=-0.125497 diff=-4.409432 abs_err=4.409432
INFO | TOP_ERR | split=test epoch=3 rank=8/10 b=152 t=3 var_idx=0 tp=0.677000 y_true=4.385177 y_pred=0.002380 diff=-4.382797 abs_err=4.382797
INFO | TOP_ERR | split=test epoch=3 rank=9/10 b=156 t=5 var_idx=0 tp=0.757000 y_true=3.912714 y_pred=-0.051812 diff=-3.964526 abs_err=3.964526
INFO | TOP_ERR | split=test epoch=3 rank=10/10 b=168 t=0 var_idx=2 tp=0.502000 y_true=0.342020 y_pred=3.659043 diff=3.317023 abs_err=3.317023
INFO | TOP_BEST | split=test epoch=3 rank=1/3 b=148 t=3 var_idx=1 tp=0.590500 y_true=-0.127970 y_pred=-0.127718 diff=0.000253 abs_err=0.000253
INFO | TOP_BEST | split=test epoch=3 rank=2/3 b=111 t=2 var_idx=4 tp=0.820000 y_true=0.092950 y_pred=0.093594 diff=0.000643 abs_err=0.000643
INFO | TOP_BEST | split=test epoch=3 rank=3/3 b=31 t=13 var_idx=1 tp=0.666500 y_true=-0.127970 y_pred=-0.127260 diff=0.000710 abs_err=0.000710
INFO | TOP_OK | split=test epoch=3 rank=1/3 b=4 t=2 var_idx=4 tp=0.593500 y_true=0.562524 y_pred=0.548159
INFO | TOP_OK | split=test epoch=3 rank=2/3 b=5 t=5 var_idx=4 tp=0.624000 y_true=1.188623 y_pred=1.162774
INFO | TOP_OK | split=test epoch=3 rank=3/3 b=7 t=14 var_idx=4 tp=0.666500 y_true=1.501672 y_pred=1.531521
INFO | TOP_ERR | split=test epoch=4 rank=1/10 b=171 t=4 var_idx=1 tp=0.568000 y_true=8.633243 y_pred=0.025090 diff=-8.608153 abs_err=8.608152
INFO | TOP_ERR | split=test epoch=4 rank=2/10 b=198 t=2 var_idx=0 tp=0.632000 y_true=6.679994 y_pred=0.014726 diff=-6.665268 abs_err=6.665267
INFO | TOP_ERR | split=test epoch=4 rank=3/10 b=116 t=2 var_idx=0 tp=0.926000 y_true=6.106289 y_pred=-0.148493 diff=-6.254782 abs_err=6.254782
INFO | TOP_ERR | split=test epoch=4 rank=4/10 b=183 t=3 var_idx=1 tp=0.825000 y_true=5.128757 y_pred=0.027352 diff=-5.101405 abs_err=5.101405
INFO | TOP_ERR | split=test epoch=4 rank=5/10 b=61 t=2 var_idx=1 tp=0.784000 y_true=5.128757 y_pred=0.174914 diff=-4.953843 abs_err=4.953843
INFO | TOP_ERR | split=test epoch=4 rank=6/10 b=133 t=0 var_idx=1 tp=0.771000 y_true=4.778309 y_pred=0.057408 diff=-4.720901 abs_err=4.720901
INFO | TOP_ERR | split=test epoch=4 rank=7/10 b=176 t=0 var_idx=0 tp=0.667000 y_true=4.283935 y_pred=-0.140829 diff=-4.424763 abs_err=4.424763
INFO | TOP_ERR | split=test epoch=4 rank=8/10 b=152 t=3 var_idx=0 tp=0.677000 y_true=4.385177 y_pred=0.059074 diff=-4.326103 abs_err=4.326103
INFO | TOP_ERR | split=test epoch=4 rank=9/10 b=156 t=5 var_idx=0 tp=0.757000 y_true=3.912714 y_pred=-0.027091 diff=-3.939805 abs_err=3.939805
INFO | TOP_ERR | split=test epoch=4 rank=10/10 b=2 t=4 var_idx=2 tp=0.558500 y_true=3.178822 y_pred=-0.070078 diff=-3.248900 abs_err=3.248900
INFO | TOP_BEST | split=test epoch=4 rank=1/3 b=238 t=2 var_idx=1 tp=0.967000 y_true=-0.127970 y_pred=-0.127942 diff=0.000028 abs_err=0.000028
INFO | TOP_BEST | split=test epoch=4 rank=2/3 b=104 t=1 var_idx=2 tp=0.680500 y_true=-0.173762 y_pred=-0.173930 diff=-0.000167 abs_err=0.000167
INFO | TOP_BEST | split=test epoch=4 rank=3/3 b=238 t=1 var_idx=1 tp=0.965000 y_true=-0.127970 y_pred=-0.127710 diff=0.000260 abs_err=0.000260
INFO | TOP_OK | split=test epoch=4 rank=1/3 b=5 t=3 var_idx=4 tp=0.616000 y_true=1.345147 y_pred=1.296530
INFO | TOP_OK | split=test epoch=4 rank=2/3 b=7 t=9 var_idx=2 tp=0.658000 y_true=-0.173762 y_pred=-0.176156
INFO | TOP_OK | split=test epoch=4 rank=3/3 b=7 t=10 var_idx=2 tp=0.659000 y_true=-0.173762 y_pred=-0.176273
INFO | TOP_ERR | split=test epoch=11 rank=1/10 b=171 t=4 var_idx=1 tp=0.568000 y_true=8.633243 y_pred=0.167299 diff=-8.465944 abs_err=8.465944
INFO | TOP_ERR | split=test epoch=11 rank=2/10 b=198 t=2 var_idx=0 tp=0.632000 y_true=6.679994 y_pred=0.106265 diff=-6.573729 abs_err=6.573729
INFO | TOP_ERR | split=test epoch=11 rank=3/10 b=116 t=2 var_idx=0 tp=0.926000 y_true=6.106289 y_pred=-0.094764 diff=-6.201053 abs_err=6.201053
INFO | TOP_ERR | split=test epoch=11 rank=4/10 b=183 t=3 var_idx=1 tp=0.825000 y_true=5.128757 y_pred=0.176281 diff=-4.952477 abs_err=4.952477
INFO | TOP_ERR | split=test epoch=11 rank=5/10 b=61 t=2 var_idx=1 tp=0.784000 y_true=5.128757 y_pred=0.315828 diff=-4.812930 abs_err=4.812930
INFO | TOP_ERR | split=test epoch=11 rank=6/10 b=133 t=0 var_idx=1 tp=0.771000 y_true=4.778309 y_pred=0.168080 diff=-4.610229 abs_err=4.610229
INFO | TOP_ERR | split=test epoch=11 rank=7/10 b=176 t=0 var_idx=0 tp=0.667000 y_true=4.283935 y_pred=-0.092548 diff=-4.376483 abs_err=4.376483
INFO | TOP_ERR | split=test epoch=11 rank=8/10 b=152 t=3 var_idx=0 tp=0.677000 y_true=4.385177 y_pred=0.067312 diff=-4.317865 abs_err=4.317865
INFO | TOP_ERR | split=test epoch=11 rank=9/10 b=156 t=5 var_idx=0 tp=0.757000 y_true=3.912714 y_pred=0.025377 diff=-3.887337 abs_err=3.887337
INFO | TOP_ERR | split=test epoch=11 rank=10/10 b=2 t=4 var_idx=2 tp=0.558500 y_true=3.178822 y_pred=-0.048341 diff=-3.227163 abs_err=3.227163
INFO | TOP_BEST | split=test epoch=11 rank=1/3 b=113 t=6 var_idx=2 tp=0.874500 y_true=-0.173762 y_pred=-0.173731 diff=0.000031 abs_err=0.000031
INFO | TOP_BEST | split=test epoch=11 rank=2/3 b=113 t=5 var_idx=2 tp=0.874000 y_true=-0.173762 y_pred=-0.173714 diff=0.000048 abs_err=0.000048
INFO | TOP_BEST | split=test epoch=11 rank=3/3 b=33 t=3 var_idx=2 tp=0.692000 y_true=-0.173762 y_pred=-0.174147 diff=-0.000385 abs_err=0.000385
INFO | TOP_OK | split=test epoch=11 rank=1/3 b=1 t=0 var_idx=4 tp=0.527000 y_true=-0.585323 y_pred=-0.598639
INFO | TOP_OK | split=test epoch=11 rank=2/3 b=6 t=0 var_idx=4 tp=0.627500 y_true=1.292973 y_pred=1.302322
INFO | TOP_OK | split=test epoch=11 rank=3/3 b=7 t=7 var_idx=4 tp=0.654500 y_true=1.449497 y_pred=1.486770
INFO | TOP_ERR | split=test epoch=16 rank=1/10 b=171 t=4 var_idx=1 tp=0.568000 y_true=8.633243 y_pred=0.221506 diff=-8.411736 abs_err=8.411736
INFO | TOP_ERR | split=test epoch=16 rank=2/10 b=198 t=2 var_idx=0 tp=0.632000 y_true=6.679994 y_pred=0.088107 diff=-6.591887 abs_err=6.591887
INFO | TOP_ERR | split=test epoch=16 rank=3/10 b=116 t=2 var_idx=0 tp=0.926000 y_true=6.106289 y_pred=-0.185583 diff=-6.291873 abs_err=6.291873
INFO | TOP_ERR | split=test epoch=16 rank=4/10 b=183 t=3 var_idx=1 tp=0.825000 y_true=5.128757 y_pred=0.284737 diff=-4.844021 abs_err=4.844021
INFO | TOP_ERR | split=test epoch=16 rank=5/10 b=61 t=2 var_idx=1 tp=0.784000 y_true=5.128757 y_pred=0.466207 diff=-4.662550 abs_err=4.662550
INFO | TOP_ERR | split=test epoch=16 rank=6/10 b=133 t=0 var_idx=1 tp=0.771000 y_true=4.778309 y_pred=0.148148 diff=-4.630160 abs_err=4.630160
INFO | TOP_ERR | split=test epoch=16 rank=7/10 b=176 t=0 var_idx=0 tp=0.667000 y_true=4.283935 y_pred=-0.172900 diff=-4.456835 abs_err=4.456835
INFO | TOP_ERR | split=test epoch=16 rank=8/10 b=152 t=3 var_idx=0 tp=0.677000 y_true=4.385177 y_pred=0.031846 diff=-4.353330 abs_err=4.353330
INFO | TOP_ERR | split=test epoch=16 rank=9/10 b=156 t=5 var_idx=0 tp=0.757000 y_true=3.912714 y_pred=0.024467 diff=-3.888247 abs_err=3.888247
INFO | TOP_ERR | split=test epoch=16 rank=10/10 b=2 t=4 var_idx=2 tp=0.558500 y_true=3.178822 y_pred=-0.117070 diff=-3.295892 abs_err=3.295892
INFO | TOP_BEST | split=test epoch=16 rank=1/3 b=161 t=3 var_idx=1 tp=0.865000 y_true=-0.127970 y_pred=-0.127992 diff=-0.000022 abs_err=0.000022
INFO | TOP_BEST | split=test epoch=16 rank=2/3 b=161 t=1 var_idx=1 tp=0.855500 y_true=-0.127970 y_pred=-0.127936 diff=0.000034 abs_err=0.000034
INFO | TOP_BEST | split=test epoch=16 rank=3/3 b=161 t=4 var_idx=1 tp=0.869000 y_true=-0.127970 y_pred=-0.128016 diff=-0.000046 abs_err=0.000046
INFO | TOP_OK | split=test epoch=16 rank=1/3 b=4 t=2 var_idx=4 tp=0.593500 y_true=0.562524 y_pred=0.572508
INFO | TOP_OK | split=test epoch=16 rank=2/3 b=5 t=1 var_idx=1 tp=0.609000 y_true=-0.127970 y_pred=-0.125706
INFO | TOP_OK | split=test epoch=16 rank=3/3 b=5 t=5 var_idx=4 tp=0.624000 y_true=1.188623 y_pred=1.214219
INFO | TOP_ERR | split=test epoch=17 rank=1/10 b=171 t=4 var_idx=1 tp=0.568000 y_true=8.633243 y_pred=0.134601 diff=-8.498642 abs_err=8.498642
INFO | TOP_ERR | split=test epoch=17 rank=2/10 b=198 t=2 var_idx=0 tp=0.632000 y_true=6.679994 y_pred=0.036177 diff=-6.643817 abs_err=6.643817
INFO | TOP_ERR | split=test epoch=17 rank=3/10 b=116 t=2 var_idx=0 tp=0.926000 y_true=6.106289 y_pred=-0.138056 diff=-6.244345 abs_err=6.244345
INFO | TOP_ERR | split=test epoch=17 rank=4/10 b=183 t=3 var_idx=1 tp=0.825000 y_true=5.128757 y_pred=0.269837 diff=-4.858920 abs_err=4.858921
INFO | TOP_ERR | split=test epoch=17 rank=5/10 b=61 t=2 var_idx=1 tp=0.784000 y_true=5.128757 y_pred=0.460582 diff=-4.668175 abs_err=4.668175
INFO | TOP_ERR | split=test epoch=17 rank=6/10 b=133 t=0 var_idx=1 tp=0.771000 y_true=4.778309 y_pred=0.156392 diff=-4.621917 abs_err=4.621917
INFO | TOP_ERR | split=test epoch=17 rank=7/10 b=176 t=0 var_idx=0 tp=0.667000 y_true=4.283935 y_pred=-0.154407 diff=-4.438341 abs_err=4.438341
INFO | TOP_ERR | split=test epoch=17 rank=8/10 b=152 t=3 var_idx=0 tp=0.677000 y_true=4.385177 y_pred=0.003114 diff=-4.382063 abs_err=4.382063
INFO | TOP_ERR | split=test epoch=17 rank=9/10 b=156 t=5 var_idx=0 tp=0.757000 y_true=3.912714 y_pred=-0.003165 diff=-3.915879 abs_err=3.915879
INFO | TOP_ERR | split=test epoch=17 rank=10/10 b=2 t=4 var_idx=2 tp=0.558500 y_true=3.178822 y_pred=-0.097995 diff=-3.276817 abs_err=3.276817
INFO | TOP_BEST | split=test epoch=17 rank=1/3 b=233 t=3 var_idx=2 tp=0.869000 y_true=-0.173762 y_pred=-0.173542 diff=0.000220 abs_err=0.000220
INFO | TOP_BEST | split=test epoch=17 rank=2/3 b=116 t=0 var_idx=1 tp=0.920000 y_true=-0.127970 y_pred=-0.127722 diff=0.000248 abs_err=0.000248
INFO | TOP_BEST | split=test epoch=17 rank=3/3 b=233 t=4 var_idx=2 tp=0.873000 y_true=-0.173762 y_pred=-0.173484 diff=0.000278 abs_err=0.000278
INFO | TOP_OK | split=test epoch=17 rank=1/3 b=5 t=1 var_idx=1 tp=0.609000 y_true=-0.127970 y_pred=-0.131906
INFO | TOP_OK | split=test epoch=17 rank=2/3 b=5 t=5 var_idx=4 tp=0.624000 y_true=1.188623 y_pred=1.212159
INFO | TOP_OK | split=test epoch=17 rank=3/3 b=7 t=0 var_idx=1 tp=0.646500 y_true=-0.127970 y_pred=-0.133595
INFO | TOP_ERR | split=test epoch=20 rank=1/10 b=171 t=4 var_idx=1 tp=0.568000 y_true=8.633243 y_pred=0.169613 diff=-8.463629 abs_err=8.463629
INFO | TOP_ERR | split=test epoch=20 rank=2/10 b=198 t=2 var_idx=0 tp=0.632000 y_true=6.679994 y_pred=0.121029 diff=-6.558965 abs_err=6.558965
INFO | TOP_ERR | split=test epoch=20 rank=3/10 b=116 t=2 var_idx=0 tp=0.926000 y_true=6.106289 y_pred=-0.061876 diff=-6.168165 abs_err=6.168165
INFO | TOP_ERR | split=test epoch=20 rank=4/10 b=61 t=2 var_idx=1 tp=0.784000 y_true=5.128757 y_pred=0.275020 diff=-4.853737 abs_err=4.853737
INFO | TOP_ERR | split=test epoch=20 rank=5/10 b=183 t=3 var_idx=1 tp=0.825000 y_true=5.128757 y_pred=0.380734 diff=-4.748024 abs_err=4.748024
INFO | TOP_ERR | split=test epoch=20 rank=6/10 b=133 t=0 var_idx=1 tp=0.771000 y_true=4.778309 y_pred=0.133548 diff=-4.644761 abs_err=4.644761
INFO | TOP_ERR | split=test epoch=20 rank=7/10 b=176 t=0 var_idx=0 tp=0.667000 y_true=4.283935 y_pred=-0.082514 diff=-4.366448 abs_err=4.366448
INFO | TOP_ERR | split=test epoch=20 rank=8/10 b=152 t=3 var_idx=0 tp=0.677000 y_true=4.385177 y_pred=0.071710 diff=-4.313467 abs_err=4.313467
INFO | TOP_ERR | split=test epoch=20 rank=9/10 b=156 t=5 var_idx=0 tp=0.757000 y_true=3.912714 y_pred=0.052361 diff=-3.860353 abs_err=3.860353
INFO | TOP_ERR | split=test epoch=20 rank=10/10 b=2 t=4 var_idx=2 tp=0.558500 y_true=3.178822 y_pred=-0.119493 diff=-3.298314 abs_err=3.298315
INFO | TOP_BEST | split=test epoch=20 rank=1/3 b=156 t=1 var_idx=2 tp=0.751000 y_true=0.084129 y_pred=0.084085 diff=-0.000044 abs_err=0.000044
INFO | TOP_BEST | split=test epoch=20 rank=2/3 b=156 t=6 var_idx=2 tp=0.758000 y_true=0.084129 y_pred=0.084179 diff=0.000050 abs_err=0.000050
INFO | TOP_BEST | split=test epoch=20 rank=3/3 b=56 t=0 var_idx=2 tp=0.668500 y_true=-0.173762 y_pred=-0.171384 diff=0.002378 abs_err=0.002378
INFO | TOP_OK | split=test epoch=20 rank=1/3 b=5 t=2 var_idx=2 tp=0.613000 y_true=-0.173762 y_pred=-0.167195
INFO | TOP_OK | split=test epoch=20 rank=2/3 b=6 t=0 var_idx=4 tp=0.627500 y_true=1.292973 y_pred=1.284060
INFO | TOP_OK | split=test epoch=20 rank=3/3 b=7 t=7 var_idx=4 tp=0.654500 y_true=1.449497 y_pred=1.385716
INFO | TOP_ERR | split=test epoch=0 rank=1/10 b=171 t=4 var_idx=1 tp=0.568000 y_true=8.633243 y_pred=-0.063276 diff=-8.696518 abs_err=8.696518
INFO | TOP_ERR | split=test epoch=0 rank=2/10 b=198 t=2 var_idx=0 tp=0.632000 y_true=6.679994 y_pred=-0.083123 diff=-6.763117 abs_err=6.763117
INFO | TOP_ERR | split=test epoch=0 rank=3/10 b=116 t=2 var_idx=0 tp=0.926000 y_true=6.106289 y_pred=-0.114467 diff=-6.220756 abs_err=6.220756
INFO | TOP_ERR | split=test epoch=0 rank=4/10 b=183 t=3 var_idx=1 tp=0.825000 y_true=5.128757 y_pred=-0.090521 diff=-5.219278 abs_err=5.219278
INFO | TOP_ERR | split=test epoch=0 rank=5/10 b=61 t=2 var_idx=1 tp=0.784000 y_true=5.128757 y_pred=-0.080257 diff=-5.209014 abs_err=5.209014
INFO | TOP_ERR | split=test epoch=0 rank=6/10 b=133 t=0 var_idx=1 tp=0.771000 y_true=4.778309 y_pred=-0.117796 diff=-4.896105 abs_err=4.896105
INFO | TOP_ERR | split=test epoch=0 rank=7/10 b=152 t=3 var_idx=0 tp=0.677000 y_true=4.385177 y_pred=-0.021773 diff=-4.406949 abs_err=4.406949
INFO | TOP_ERR | split=test epoch=0 rank=8/10 b=176 t=0 var_idx=0 tp=0.667000 y_true=4.283935 y_pred=-0.099241 diff=-4.383176 abs_err=4.383176
INFO | TOP_ERR | split=test epoch=0 rank=9/10 b=156 t=5 var_idx=0 tp=0.757000 y_true=3.912714 y_pred=-0.083842 diff=-3.996556 abs_err=3.996556
INFO | TOP_ERR | split=test epoch=0 rank=10/10 b=190 t=4 var_idx=1 tp=0.972000 y_true=3.376515 y_pred=-0.099374 diff=-3.475889 abs_err=3.475889
INFO | TOP_BEST | split=test epoch=0 rank=1/3 b=35 t=3 var_idx=2 tp=0.741000 y_true=-0.173762 y_pred=-0.173900 diff=-0.000138 abs_err=0.000138
INFO | TOP_BEST | split=test epoch=0 rank=2/3 b=36 t=2 var_idx=2 tp=0.768500 y_true=-0.173762 y_pred=-0.173611 diff=0.000151 abs_err=0.000151
INFO | TOP_BEST | split=test epoch=0 rank=3/3 b=35 t=2 var_idx=2 tp=0.738500 y_true=-0.173762 y_pred=-0.174103 diff=-0.000341 abs_err=0.000341
INFO | TOP_OK | split=test epoch=0 rank=1/3 b=6 t=0 var_idx=4 tp=0.627500 y_true=1.292973 y_pred=1.243170
INFO | TOP_OK | split=test epoch=0 rank=2/3 b=7 t=13 var_idx=4 tp=0.665000 y_true=1.240798 y_pred=1.189284
INFO | TOP_OK | split=test epoch=0 rank=3/3 b=21 t=0 var_idx=2 tp=0.938000 y_true=-0.173762 y_pred=-0.171194
INFO | TOP_ERR | split=test epoch=1 rank=1/10 b=171 t=4 var_idx=1 tp=0.568000 y_true=8.633243 y_pred=-0.115116 diff=-8.748358 abs_err=8.748359
INFO | TOP_ERR | split=test epoch=1 rank=2/10 b=198 t=2 var_idx=0 tp=0.632000 y_true=6.679994 y_pred=-0.082073 diff=-6.762067 abs_err=6.762067
INFO | TOP_ERR | split=test epoch=1 rank=3/10 b=116 t=2 var_idx=0 tp=0.926000 y_true=6.106289 y_pred=-0.140330 diff=-6.246620 abs_err=6.246620
INFO | TOP_ERR | split=test epoch=1 rank=4/10 b=183 t=3 var_idx=1 tp=0.825000 y_true=5.128757 y_pred=-0.051201 diff=-5.179959 abs_err=5.179959
INFO | TOP_ERR | split=test epoch=1 rank=5/10 b=133 t=0 var_idx=1 tp=0.771000 y_true=4.778309 y_pred=-0.361606 diff=-5.139914 abs_err=5.139915
INFO | TOP_ERR | split=test epoch=1 rank=6/10 b=61 t=2 var_idx=1 tp=0.784000 y_true=5.128757 y_pred=0.010616 diff=-5.118142 abs_err=5.118142
INFO | TOP_ERR | split=test epoch=1 rank=7/10 b=176 t=0 var_idx=0 tp=0.667000 y_true=4.283935 y_pred=-0.131993 diff=-4.415927 abs_err=4.415927
INFO | TOP_ERR | split=test epoch=1 rank=8/10 b=152 t=3 var_idx=0 tp=0.677000 y_true=4.385177 y_pred=-0.008900 diff=-4.394077 abs_err=4.394076
INFO | TOP_ERR | split=test epoch=1 rank=9/10 b=156 t=5 var_idx=0 tp=0.757000 y_true=3.912714 y_pred=-0.015300 diff=-3.928014 abs_err=3.928015
INFO | TOP_ERR | split=test epoch=1 rank=10/10 b=168 t=5 var_idx=1 tp=0.517500 y_true=3.376515 y_pred=-0.103361 diff=-3.479876 abs_err=3.479876
INFO | TOP_BEST | split=test epoch=1 rank=1/3 b=151 t=0 var_idx=2 tp=0.649500 y_true=-0.173762 y_pred=-0.173478 diff=0.000284 abs_err=0.000284
INFO | TOP_BEST | split=test epoch=1 rank=2/3 b=181 t=0 var_idx=1 tp=0.772000 y_true=-0.127970 y_pred=-0.128291 diff=-0.000321 abs_err=0.000321
INFO | TOP_BEST | split=test epoch=1 rank=3/3 b=199 t=10 var_idx=1 tp=0.664500 y_true=-0.127970 y_pred=-0.127569 diff=0.000402 abs_err=0.000402
INFO | TOP_OK | split=test epoch=1 rank=1/3 b=7 t=7 var_idx=4 tp=0.654500 y_true=1.449497 y_pred=1.440388
INFO | TOP_OK | split=test epoch=1 rank=2/3 b=7 t=12 var_idx=4 tp=0.662500 y_true=1.397322 y_pred=1.441385
INFO | TOP_OK | split=test epoch=1 rank=3/3 b=7 t=14 var_idx=4 tp=0.666500 y_true=1.501672 y_pred=1.441883
INFO | TOP_ERR | split=test epoch=2 rank=1/10 b=171 t=4 var_idx=1 tp=0.568000 y_true=8.633243 y_pred=-0.125744 diff=-8.758986 abs_err=8.758986
INFO | TOP_ERR | split=test epoch=2 rank=2/10 b=198 t=2 var_idx=0 tp=0.632000 y_true=6.679994 y_pred=-0.007282 diff=-6.687276 abs_err=6.687276
INFO | TOP_ERR | split=test epoch=2 rank=3/10 b=116 t=2 var_idx=0 tp=0.926000 y_true=6.106289 y_pred=-0.076985 diff=-6.183274 abs_err=6.183274
INFO | TOP_ERR | split=test epoch=2 rank=4/10 b=183 t=3 var_idx=1 tp=0.825000 y_true=5.128757 y_pred=-0.082840 diff=-5.211598 abs_err=5.211597
INFO | TOP_ERR | split=test epoch=2 rank=5/10 b=61 t=2 var_idx=1 tp=0.784000 y_true=5.128757 y_pred=0.006812 diff=-5.121946 abs_err=5.121945
INFO | TOP_ERR | split=test epoch=2 rank=6/10 b=133 t=0 var_idx=1 tp=0.771000 y_true=4.778309 y_pred=-0.140294 diff=-4.918603 abs_err=4.918602
INFO | TOP_ERR | split=test epoch=2 rank=7/10 b=176 t=0 var_idx=0 tp=0.667000 y_true=4.283935 y_pred=-0.067326 diff=-4.351261 abs_err=4.351261
INFO | TOP_ERR | split=test epoch=2 rank=8/10 b=152 t=3 var_idx=0 tp=0.677000 y_true=4.385177 y_pred=0.034131 diff=-4.351045 abs_err=4.351045
INFO | TOP_ERR | split=test epoch=2 rank=9/10 b=156 t=5 var_idx=0 tp=0.757000 y_true=3.912714 y_pred=-0.034780 diff=-3.947494 abs_err=3.947494
INFO | TOP_ERR | split=test epoch=2 rank=10/10 b=168 t=0 var_idx=2 tp=0.502000 y_true=0.342020 y_pred=3.907623 diff=3.565603 abs_err=3.565603
INFO | TOP_BEST | split=test epoch=2 rank=1/3 b=237 t=3 var_idx=2 tp=0.952500 y_true=-0.173762 y_pred=-0.173705 diff=0.000057 abs_err=0.000057
INFO | TOP_BEST | split=test epoch=2 rank=2/3 b=235 t=2 var_idx=2 tp=0.910000 y_true=-0.173762 y_pred=-0.173671 diff=0.000091 abs_err=0.000091
INFO | TOP_BEST | split=test epoch=2 rank=3/3 b=237 t=4 var_idx=2 tp=0.953000 y_true=-0.173762 y_pred=-0.173667 diff=0.000095 abs_err=0.000095
INFO | TOP_OK | split=test epoch=2 rank=1/3 b=5 t=2 var_idx=2 tp=0.613000 y_true=-0.173762 y_pred=-0.166016
INFO | TOP_OK | split=test epoch=2 rank=2/3 b=5 t=5 var_idx=4 tp=0.624000 y_true=1.188623 y_pred=1.195041
INFO | TOP_OK | split=test epoch=2 rank=3/3 b=7 t=7 var_idx=4 tp=0.654500 y_true=1.449497 y_pred=1.514369
INFO | TOP_ERR | split=test epoch=4 rank=1/10 b=171 t=4 var_idx=1 tp=0.568000 y_true=8.633243 y_pred=-0.106195 diff=-8.739437 abs_err=8.739437
INFO | TOP_ERR | split=test epoch=4 rank=2/10 b=198 t=2 var_idx=0 tp=0.632000 y_true=6.679994 y_pred=0.000626 diff=-6.679368 abs_err=6.679368
INFO | TOP_ERR | split=test epoch=4 rank=3/10 b=116 t=2 var_idx=0 tp=0.926000 y_true=6.106289 y_pred=-0.118276 diff=-6.224566 abs_err=6.224566
INFO | TOP_ERR | split=test epoch=4 rank=4/10 b=183 t=3 var_idx=1 tp=0.825000 y_true=5.128757 y_pred=0.062669 diff=-5.066088 abs_err=5.066088
INFO | TOP_ERR | split=test epoch=4 rank=5/10 b=61 t=2 var_idx=1 tp=0.784000 y_true=5.128757 y_pred=0.177215 diff=-4.951542 abs_err=4.951542
INFO | TOP_ERR | split=test epoch=4 rank=6/10 b=133 t=0 var_idx=1 tp=0.771000 y_true=4.778309 y_pred=-0.074097 diff=-4.852406 abs_err=4.852406
INFO | TOP_ERR | split=test epoch=4 rank=7/10 b=217 t=4 var_idx=1 tp=0.539000 y_true=-0.127970 y_pred=4.342085 diff=4.470055 abs_err=4.470055
INFO | TOP_ERR | split=test epoch=4 rank=8/10 b=217 t=2 var_idx=1 tp=0.524000 y_true=-0.127970 y_pred=4.339395 diff=4.467365 abs_err=4.467365
INFO | TOP_ERR | split=test epoch=4 rank=9/10 b=176 t=0 var_idx=0 tp=0.667000 y_true=4.283935 y_pred=-0.162609 diff=-4.446544 abs_err=4.446544
INFO | TOP_ERR | split=test epoch=4 rank=10/10 b=152 t=3 var_idx=0 tp=0.677000 y_true=4.385177 y_pred=0.042003 diff=-4.343174 abs_err=4.343174
INFO | TOP_BEST | split=test epoch=4 rank=1/3 b=57 t=2 var_idx=2 tp=0.695500 y_true=-0.173762 y_pred=-0.173797 diff=-0.000034 abs_err=0.000034
INFO | TOP_BEST | split=test epoch=4 rank=2/3 b=15 t=2 var_idx=1 tp=0.827500 y_true=-0.127970 y_pred=-0.127844 diff=0.000126 abs_err=0.000126
INFO | TOP_BEST | split=test epoch=4 rank=3/3 b=15 t=1 var_idx=1 tp=0.824000 y_true=-0.127970 y_pred=-0.128248 diff=-0.000278 abs_err=0.000278
INFO | TOP_OK | split=test epoch=4 rank=1/3 b=4 t=0 var_idx=2 tp=0.589500 y_true=-0.173762 y_pred=-0.178699
INFO | TOP_OK | split=test epoch=4 rank=2/3 b=4 t=2 var_idx=4 tp=0.593500 y_true=0.562524 y_pred=0.572819
INFO | TOP_OK | split=test epoch=4 rank=3/3 b=7 t=7 var_idx=4 tp=0.654500 y_true=1.449497 y_pred=1.407140
INFO | TOP_ERR | split=test epoch=6 rank=1/10 b=171 t=4 var_idx=1 tp=0.568000 y_true=8.633243 y_pred=0.025136 diff=-8.608107 abs_err=8.608107
INFO | TOP_ERR | split=test epoch=6 rank=2/10 b=198 t=2 var_idx=0 tp=0.632000 y_true=6.679994 y_pred=0.004584 diff=-6.675410 abs_err=6.675410
INFO | TOP_ERR | split=test epoch=6 rank=3/10 b=116 t=2 var_idx=0 tp=0.926000 y_true=6.106289 y_pred=-0.120590 diff=-6.226880 abs_err=6.226880
INFO | TOP_ERR | split=test epoch=6 rank=4/10 b=183 t=3 var_idx=1 tp=0.825000 y_true=5.128757 y_pred=0.168100 diff=-4.960658 abs_err=4.960658
INFO | TOP_ERR | split=test epoch=6 rank=5/10 b=61 t=2 var_idx=1 tp=0.784000 y_true=5.128757 y_pred=0.232934 diff=-4.895824 abs_err=4.895824
INFO | TOP_ERR | split=test epoch=6 rank=6/10 b=133 t=0 var_idx=1 tp=0.771000 y_true=4.778309 y_pred=0.033606 diff=-4.744703 abs_err=4.744703
INFO | TOP_ERR | split=test epoch=6 rank=7/10 b=176 t=0 var_idx=0 tp=0.667000 y_true=4.283935 y_pred=-0.143677 diff=-4.427611 abs_err=4.427611
INFO | TOP_ERR | split=test epoch=6 rank=8/10 b=152 t=3 var_idx=0 tp=0.677000 y_true=4.385177 y_pred=0.017381 diff=-4.367796 abs_err=4.367796
INFO | TOP_ERR | split=test epoch=6 rank=9/10 b=168 t=0 var_idx=2 tp=0.502000 y_true=0.342020 y_pred=4.401806 diff=4.059786 abs_err=4.059786
INFO | TOP_ERR | split=test epoch=6 rank=10/10 b=156 t=5 var_idx=0 tp=0.757000 y_true=3.912714 y_pred=-0.124266 diff=-4.036980 abs_err=4.036980
INFO | TOP_BEST | split=test epoch=6 rank=1/3 b=38 t=0 var_idx=2 tp=0.792500 y_true=-0.173762 y_pred=-0.173769 diff=-0.000007 abs_err=0.000007
INFO | TOP_BEST | split=test epoch=6 rank=2/3 b=248 t=3 var_idx=2 tp=0.672500 y_true=-0.173762 y_pred=-0.173821 diff=-0.000059 abs_err=0.000059
INFO | TOP_BEST | split=test epoch=6 rank=3/3 b=55 t=2 var_idx=2 tp=0.662500 y_true=-0.173762 y_pred=-0.173622 diff=0.000140 abs_err=0.000140
INFO | TOP_OK | split=test epoch=6 rank=1/3 b=4 t=1 var_idx=4 tp=0.592500 y_true=0.823399 y_pred=0.790179
INFO | TOP_OK | split=test epoch=6 rank=2/3 b=5 t=2 var_idx=2 tp=0.613000 y_true=-0.173762 y_pred=-0.165785
INFO | TOP_OK | split=test epoch=6 rank=3/3 b=5 t=3 var_idx=4 tp=0.616000 y_true=1.345147 y_pred=1.343247
INFO | TOP_ERR | split=test epoch=9 rank=1/10 b=171 t=4 var_idx=1 tp=0.568000 y_true=8.633243 y_pred=-0.026735 diff=-8.659977 abs_err=8.659978
INFO | TOP_ERR | split=test epoch=9 rank=2/10 b=198 t=2 var_idx=0 tp=0.632000 y_true=6.679994 y_pred=-0.019701 diff=-6.699694 abs_err=6.699694
INFO | TOP_ERR | split=test epoch=9 rank=3/10 b=116 t=2 var_idx=0 tp=0.926000 y_true=6.106289 y_pred=-0.171378 diff=-6.277667 abs_err=6.277667
INFO | TOP_ERR | split=test epoch=9 rank=4/10 b=183 t=3 var_idx=1 tp=0.825000 y_true=5.128757 y_pred=0.066281 diff=-5.062476 abs_err=5.062476
INFO | TOP_ERR | split=test epoch=9 rank=5/10 b=61 t=2 var_idx=1 tp=0.784000 y_true=5.128757 y_pred=0.223149 diff=-4.905609 abs_err=4.905609
INFO | TOP_ERR | split=test epoch=9 rank=6/10 b=133 t=0 var_idx=1 tp=0.771000 y_true=4.778309 y_pred=-0.018652 diff=-4.796960 abs_err=4.796960
INFO | TOP_ERR | split=test epoch=9 rank=7/10 b=176 t=0 var_idx=0 tp=0.667000 y_true=4.283935 y_pred=-0.169114 diff=-4.453048 abs_err=4.453048
INFO | TOP_ERR | split=test epoch=9 rank=8/10 b=152 t=3 var_idx=0 tp=0.677000 y_true=4.385177 y_pred=-0.010630 diff=-4.395807 abs_err=4.395807
INFO | TOP_ERR | split=test epoch=9 rank=9/10 b=156 t=5 var_idx=0 tp=0.757000 y_true=3.912714 y_pred=-0.102918 diff=-4.015632 abs_err=4.015632
INFO | TOP_ERR | split=test epoch=9 rank=10/10 b=2 t=4 var_idx=2 tp=0.558500 y_true=3.178822 y_pred=-0.020316 diff=-3.199138 abs_err=3.199138
INFO | TOP_BEST | split=test epoch=9 rank=1/3 b=96 t=0 var_idx=3 tp=0.506000 y_true=-1.590619 y_pred=-1.590632 diff=-0.000014 abs_err=0.000014
INFO | TOP_BEST | split=test epoch=9 rank=2/3 b=202 t=0 var_idx=1 tp=0.711000 y_true=-0.127970 y_pred=-0.127946 diff=0.000024 abs_err=0.000024
INFO | TOP_BEST | split=test epoch=9 rank=3/3 b=103 t=3 var_idx=3 tp=0.654000 y_true=0.748623 y_pred=0.748480 diff=-0.000143 abs_err=0.000143
INFO | TOP_OK | split=test epoch=9 rank=1/3 b=4 t=2 var_idx=4 tp=0.593500 y_true=0.562524 y_pred=0.555159
INFO | TOP_OK | split=test epoch=9 rank=2/3 b=7 t=7 var_idx=4 tp=0.654500 y_true=1.449497 y_pred=1.474214
INFO | TOP_OK | split=test epoch=9 rank=3/3 b=7 t=14 var_idx=4 tp=0.666500 y_true=1.501672 y_pred=1.476932
INFO | TOP_ERR | split=test epoch=10 rank=1/10 b=171 t=4 var_idx=1 tp=0.568000 y_true=8.633243 y_pred=-0.049416 diff=-8.682658 abs_err=8.682658
INFO | TOP_ERR | split=test epoch=10 rank=2/10 b=198 t=2 var_idx=0 tp=0.632000 y_true=6.679994 y_pred=0.054544 diff=-6.625450 abs_err=6.625450
INFO | TOP_ERR | split=test epoch=10 rank=3/10 b=116 t=2 var_idx=0 tp=0.926000 y_true=6.106289 y_pred=-0.144868 diff=-6.251157 abs_err=6.251157
INFO | TOP_ERR | split=test epoch=10 rank=4/10 b=183 t=3 var_idx=1 tp=0.825000 y_true=5.128757 y_pred=0.171750 diff=-4.957007 abs_err=4.957007
INFO | TOP_ERR | split=test epoch=10 rank=5/10 b=61 t=2 var_idx=1 tp=0.784000 y_true=5.128757 y_pred=0.274416 diff=-4.854342 abs_err=4.854342
INFO | TOP_ERR | split=test epoch=10 rank=6/10 b=133 t=0 var_idx=1 tp=0.771000 y_true=4.778309 y_pred=-0.036657 diff=-4.814966 abs_err=4.814966
INFO | TOP_ERR | split=test epoch=10 rank=7/10 b=176 t=0 var_idx=0 tp=0.667000 y_true=4.283935 y_pred=-0.150327 diff=-4.434262 abs_err=4.434262
INFO | TOP_ERR | split=test epoch=10 rank=8/10 b=152 t=3 var_idx=0 tp=0.677000 y_true=4.385177 y_pred=-0.010929 diff=-4.396106 abs_err=4.396105
INFO | TOP_ERR | split=test epoch=10 rank=9/10 b=168 t=0 var_idx=2 tp=0.502000 y_true=0.342020 y_pred=4.554811 diff=4.212791 abs_err=4.212790
INFO | TOP_ERR | split=test epoch=10 rank=10/10 b=156 t=5 var_idx=0 tp=0.757000 y_true=3.912714 y_pred=-0.079881 diff=-3.992595 abs_err=3.992595
INFO | TOP_BEST | split=test epoch=10 rank=1/3 b=135 t=1 var_idx=4 tp=0.815500 y_true=-0.220099 y_pred=-0.220166 diff=-0.000067 abs_err=0.000067
INFO | TOP_BEST | split=test epoch=10 rank=2/3 b=103 t=5 var_idx=2 tp=0.664500 y_true=-0.173762 y_pred=-0.174269 diff=-0.000507 abs_err=0.000507
INFO | TOP_BEST | split=test epoch=10 rank=3/3 b=88 t=0 var_idx=1 tp=0.840500 y_true=-0.127970 y_pred=-0.127271 diff=0.000699 abs_err=0.000699
INFO | TOP_OK | split=test epoch=10 rank=1/3 b=6 t=0 var_idx=4 tp=0.627500 y_true=1.292973 y_pred=1.274765
INFO | TOP_OK | split=test epoch=10 rank=2/3 b=7 t=13 var_idx=4 tp=0.665000 y_true=1.240798 y_pred=1.273415
INFO | TOP_OK | split=test epoch=10 rank=3/3 b=11 t=5 var_idx=4 tp=0.738500 y_true=-0.689673 y_pred=-0.682197
INFO | TOP_ERR | split=test epoch=0 rank=1/10 b=171 t=4 var_idx=1 tp=0.568000 y_true=8.633243 y_pred=0.288916 diff=-8.344327 abs_err=8.344327
INFO | TOP_ERR | split=test epoch=0 rank=2/10 b=198 t=2 var_idx=0 tp=0.632000 y_true=6.679994 y_pred=-0.056603 diff=-6.736597 abs_err=6.736597
INFO | TOP_ERR | split=test epoch=0 rank=3/10 b=116 t=2 var_idx=0 tp=0.926000 y_true=6.106289 y_pred=0.010386 diff=-6.095904 abs_err=6.095903
INFO | TOP_ERR | split=test epoch=0 rank=4/10 b=183 t=3 var_idx=1 tp=0.825000 y_true=5.128757 y_pred=-0.062319 diff=-5.191076 abs_err=5.191076
INFO | TOP_ERR | split=test epoch=0 rank=5/10 b=61 t=2 var_idx=1 tp=0.784000 y_true=5.128757 y_pred=-0.030567 diff=-5.159324 abs_err=5.159324
INFO | TOP_ERR | split=test epoch=0 rank=6/10 b=133 t=0 var_idx=1 tp=0.771000 y_true=4.778309 y_pred=-0.257071 diff=-5.035380 abs_err=5.035380
INFO | TOP_ERR | split=test epoch=0 rank=7/10 b=152 t=3 var_idx=0 tp=0.677000 y_true=4.385177 y_pred=-0.012957 diff=-4.398134 abs_err=4.398134
INFO | TOP_ERR | split=test epoch=0 rank=8/10 b=176 t=0 var_idx=0 tp=0.667000 y_true=4.283935 y_pred=-0.093565 diff=-4.377500 abs_err=4.377500
INFO | TOP_ERR | split=test epoch=0 rank=9/10 b=156 t=5 var_idx=0 tp=0.757000 y_true=3.912714 y_pred=-0.015138 diff=-3.927852 abs_err=3.927852
INFO | TOP_ERR | split=test epoch=0 rank=10/10 b=157 t=0 var_idx=1 tp=0.772500 y_true=3.376515 y_pred=0.019583 diff=-3.356932 abs_err=3.356932
INFO | TOP_BEST | split=test epoch=0 rank=1/3 b=68 t=5 var_idx=0 tp=0.929500 y_true=0.031773 y_pred=0.031854 diff=0.000081 abs_err=0.000081
INFO | TOP_BEST | split=test epoch=0 rank=2/3 b=7 t=11 var_idx=1 tp=0.662000 y_true=-0.127970 y_pred=-0.130153 diff=-0.002183 abs_err=0.002183
INFO | TOP_BEST | split=test epoch=0 rank=3/3 b=218 t=0 var_idx=4 tp=0.543500 y_true=-1.002722 y_pred=-1.005404 diff=-0.002682 abs_err=0.002682
INFO | TOP_OK | split=test epoch=0 rank=1/3 b=5 t=4 var_idx=3 tp=0.623500 y_true=0.509925 y_pred=0.504490
INFO | TOP_OK | split=test epoch=0 rank=2/3 b=7 t=0 var_idx=1 tp=0.646500 y_true=-0.127970 y_pred=-0.132840
INFO | TOP_OK | split=test epoch=0 rank=3/3 b=7 t=3 var_idx=1 tp=0.648500 y_true=-0.127970 y_pred=-0.132493
INFO | TOP_ERR | split=test epoch=1 rank=1/10 b=171 t=4 var_idx=1 tp=0.568000 y_true=8.633243 y_pred=0.047162 diff=-8.586080 abs_err=8.586081
INFO | TOP_ERR | split=test epoch=1 rank=2/10 b=198 t=2 var_idx=0 tp=0.632000 y_true=6.679994 y_pred=0.011771 diff=-6.668222 abs_err=6.668222
INFO | TOP_ERR | split=test epoch=1 rank=3/10 b=116 t=2 var_idx=0 tp=0.926000 y_true=6.106289 y_pred=-0.082405 diff=-6.188694 abs_err=6.188694
INFO | TOP_ERR | split=test epoch=1 rank=4/10 b=183 t=3 var_idx=1 tp=0.825000 y_true=5.128757 y_pred=-0.042344 diff=-5.171101 abs_err=5.171101
INFO | TOP_ERR | split=test epoch=1 rank=5/10 b=61 t=2 var_idx=1 tp=0.784000 y_true=5.128757 y_pred=-0.001810 diff=-5.130567 abs_err=5.130567
INFO | TOP_ERR | split=test epoch=1 rank=6/10 b=133 t=0 var_idx=1 tp=0.771000 y_true=4.778309 y_pred=-0.166138 diff=-4.944447 abs_err=4.944447
INFO | TOP_ERR | split=test epoch=1 rank=7/10 b=152 t=3 var_idx=0 tp=0.677000 y_true=4.385177 y_pred=0.009891 diff=-4.375286 abs_err=4.375286
INFO | TOP_ERR | split=test epoch=1 rank=8/10 b=176 t=0 var_idx=0 tp=0.667000 y_true=4.283935 y_pred=-0.034041 diff=-4.317976 abs_err=4.317976
INFO | TOP_ERR | split=test epoch=1 rank=9/10 b=156 t=5 var_idx=0 tp=0.757000 y_true=3.912714 y_pred=0.006386 diff=-3.906328 abs_err=3.906328
INFO | TOP_ERR | split=test epoch=1 rank=10/10 b=190 t=4 var_idx=1 tp=0.972000 y_true=3.376515 y_pred=0.038536 diff=-3.337978 abs_err=3.337978
INFO | TOP_BEST | split=test epoch=1 rank=1/3 b=185 t=2 var_idx=2 tp=0.860500 y_true=-0.173762 y_pred=-0.173801 diff=-0.000038 abs_err=0.000038
INFO | TOP_BEST | split=test epoch=1 rank=2/3 b=174 t=6 var_idx=1 tp=0.632000 y_true=-0.127970 y_pred=-0.127930 diff=0.000040 abs_err=0.000040
INFO | TOP_BEST | split=test epoch=1 rank=3/3 b=198 t=9 var_idx=2 tp=0.640500 y_true=-0.173762 y_pred=-0.173685 diff=0.000077 abs_err=0.000077
INFO | TOP_OK | split=test epoch=1 rank=1/3 b=5 t=3 var_idx=4 tp=0.616000 y_true=1.345147 y_pred=1.297417
INFO | TOP_OK | split=test epoch=1 rank=2/3 b=7 t=1 var_idx=4 tp=0.647000 y_true=1.710372 y_pred=1.729782
INFO | TOP_OK | split=test epoch=1 rank=3/3 b=17 t=2 var_idx=3 tp=0.874000 y_true=0.987321 y_pred=0.980442
INFO | TOP_ERR | split=test epoch=2 rank=1/10 b=171 t=4 var_idx=1 tp=0.568000 y_true=8.633243 y_pred=0.327150 diff=-8.306093 abs_err=8.306092
INFO | TOP_ERR | split=test epoch=2 rank=2/10 b=198 t=2 var_idx=0 tp=0.632000 y_true=6.679994 y_pred=0.007902 diff=-6.672092 abs_err=6.672091
INFO | TOP_ERR | split=test epoch=2 rank=3/10 b=116 t=2 var_idx=0 tp=0.926000 y_true=6.106289 y_pred=-0.050239 diff=-6.156529 abs_err=6.156528
INFO | TOP_ERR | split=test epoch=2 rank=4/10 b=183 t=3 var_idx=1 tp=0.825000 y_true=5.128757 y_pred=-0.073251 diff=-5.202008 abs_err=5.202008
INFO | TOP_ERR | split=test epoch=2 rank=5/10 b=61 t=2 var_idx=1 tp=0.784000 y_true=5.128757 y_pred=-0.020654 diff=-5.149411 abs_err=5.149412
INFO | TOP_ERR | split=test epoch=2 rank=6/10 b=133 t=0 var_idx=1 tp=0.771000 y_true=4.778309 y_pred=-0.120373 diff=-4.898681 abs_err=4.898682
INFO | TOP_ERR | split=test epoch=2 rank=7/10 b=176 t=0 var_idx=0 tp=0.667000 y_true=4.283935 y_pred=-0.087544 diff=-4.371479 abs_err=4.371479
INFO | TOP_ERR | split=test epoch=2 rank=8/10 b=152 t=3 var_idx=0 tp=0.677000 y_true=4.385177 y_pred=0.082128 diff=-4.303048 abs_err=4.303049
INFO | TOP_ERR | split=test epoch=2 rank=9/10 b=156 t=5 var_idx=0 tp=0.757000 y_true=3.912714 y_pred=-0.012904 diff=-3.925618 abs_err=3.925618
INFO | TOP_ERR | split=test epoch=2 rank=10/10 b=190 t=4 var_idx=1 tp=0.972000 y_true=3.376515 y_pred=0.078593 diff=-3.297922 abs_err=3.297922
INFO | TOP_BEST | split=test epoch=2 rank=1/3 b=160 t=3 var_idx=1 tp=0.851000 y_true=-0.127970 y_pred=-0.127954 diff=0.000016 abs_err=0.000016
INFO | TOP_BEST | split=test epoch=2 rank=2/3 b=231 t=9 var_idx=2 tp=0.829000 y_true=-0.173762 y_pred=-0.173578 diff=0.000184 abs_err=0.000184
INFO | TOP_BEST | split=test epoch=2 rank=3/3 b=137 t=1 var_idx=3 tp=0.862000 y_true=0.414445 y_pred=0.414635 diff=0.000189 abs_err=0.000189
INFO | TOP_OK | split=test epoch=2 rank=1/3 b=5 t=5 var_idx=4 tp=0.624000 y_true=1.188623 y_pred=1.155254
INFO | TOP_OK | split=test epoch=2 rank=2/3 b=7 t=12 var_idx=4 tp=0.662500 y_true=1.397322 y_pred=1.367114
INFO | TOP_OK | split=test epoch=2 rank=3/3 b=13 t=1 var_idx=3 tp=0.777000 y_true=-1.065483 y_pred=-1.051667
INFO | TOP_ERR | split=test epoch=3 rank=1/10 b=171 t=4 var_idx=1 tp=0.568000 y_true=8.633243 y_pred=-0.024202 diff=-8.657445 abs_err=8.657445
INFO | TOP_ERR | split=test epoch=3 rank=2/10 b=198 t=2 var_idx=0 tp=0.632000 y_true=6.679994 y_pred=-0.030507 diff=-6.710501 abs_err=6.710501
INFO | TOP_ERR | split=test epoch=3 rank=3/10 b=116 t=2 var_idx=0 tp=0.926000 y_true=6.106289 y_pred=-0.034262 diff=-6.140551 abs_err=6.140551
INFO | TOP_ERR | split=test epoch=3 rank=4/10 b=183 t=3 var_idx=1 tp=0.825000 y_true=5.128757 y_pred=-0.069817 diff=-5.198574 abs_err=5.198574
INFO | TOP_ERR | split=test epoch=3 rank=5/10 b=61 t=2 var_idx=1 tp=0.784000 y_true=5.128757 y_pred=-0.021973 diff=-5.150731 abs_err=5.150731
INFO | TOP_ERR | split=test epoch=3 rank=6/10 b=133 t=0 var_idx=1 tp=0.771000 y_true=4.778309 y_pred=-0.117876 diff=-4.896185 abs_err=4.896184
INFO | TOP_ERR | split=test epoch=3 rank=7/10 b=176 t=0 var_idx=0 tp=0.667000 y_true=4.283935 y_pred=-0.091810 diff=-4.375745 abs_err=4.375744
INFO | TOP_ERR | split=test epoch=3 rank=8/10 b=152 t=3 var_idx=0 tp=0.677000 y_true=4.385177 y_pred=0.041642 diff=-4.343534 abs_err=4.343534
INFO | TOP_ERR | split=test epoch=3 rank=9/10 b=156 t=5 var_idx=0 tp=0.757000 y_true=3.912714 y_pred=-0.051150 diff=-3.963864 abs_err=3.963864
INFO | TOP_ERR | split=test epoch=3 rank=10/10 b=168 t=5 var_idx=1 tp=0.517500 y_true=3.376515 y_pred=0.006563 diff=-3.369952 abs_err=3.369952
INFO | TOP_BEST | split=test epoch=3 rank=1/3 b=224 t=6 var_idx=2 tp=0.678000 y_true=-0.173762 y_pred=-0.173688 diff=0.000074 abs_err=0.000074
INFO | TOP_BEST | split=test epoch=3 rank=2/3 b=56 t=6 var_idx=1 tp=0.685000 y_true=-0.127970 y_pred=-0.127656 diff=0.000314 abs_err=0.000314
INFO | TOP_BEST | split=test epoch=3 rank=3/3 b=201 t=2 var_idx=2 tp=0.705000 y_true=-0.173762 y_pred=-0.173386 diff=0.000376 abs_err=0.000376
INFO | TOP_OK | split=test epoch=3 rank=1/3 b=5 t=3 var_idx=4 tp=0.616000 y_true=1.345147 y_pred=1.301772
INFO | TOP_OK | split=test epoch=3 rank=2/3 b=7 t=7 var_idx=4 tp=0.654500 y_true=1.449497 y_pred=1.472818
INFO | TOP_OK | split=test epoch=3 rank=3/3 b=7 t=14 var_idx=4 tp=0.666500 y_true=1.501672 y_pred=1.476583
INFO | TOP_ERR | split=test epoch=4 rank=1/10 b=171 t=4 var_idx=1 tp=0.568000 y_true=8.633243 y_pred=0.029501 diff=-8.603741 abs_err=8.603742
INFO | TOP_ERR | split=test epoch=4 rank=2/10 b=198 t=2 var_idx=0 tp=0.632000 y_true=6.679994 y_pred=0.007044 diff=-6.672950 abs_err=6.672950
INFO | TOP_ERR | split=test epoch=4 rank=3/10 b=116 t=2 var_idx=0 tp=0.926000 y_true=6.106289 y_pred=0.023583 diff=-6.082706 abs_err=6.082706
INFO | TOP_ERR | split=test epoch=4 rank=4/10 b=183 t=3 var_idx=1 tp=0.825000 y_true=5.128757 y_pred=-0.007370 diff=-5.136128 abs_err=5.136128
INFO | TOP_ERR | split=test epoch=4 rank=5/10 b=61 t=2 var_idx=1 tp=0.784000 y_true=5.128757 y_pred=0.005692 diff=-5.123065 abs_err=5.123065
INFO | TOP_ERR | split=test epoch=4 rank=6/10 b=133 t=0 var_idx=1 tp=0.771000 y_true=4.778309 y_pred=-0.082930 diff=-4.861239 abs_err=4.861238
INFO | TOP_ERR | split=test epoch=4 rank=7/10 b=176 t=0 var_idx=0 tp=0.667000 y_true=4.283935 y_pred=-0.054416 diff=-4.338351 abs_err=4.338350
INFO | TOP_ERR | split=test epoch=4 rank=8/10 b=152 t=3 var_idx=0 tp=0.677000 y_true=4.385177 y_pred=0.080780 diff=-4.304397 abs_err=4.304397
INFO | TOP_ERR | split=test epoch=4 rank=9/10 b=156 t=5 var_idx=0 tp=0.757000 y_true=3.912714 y_pred=-0.020816 diff=-3.933530 abs_err=3.933530
INFO | TOP_ERR | split=test epoch=4 rank=10/10 b=157 t=0 var_idx=1 tp=0.772500 y_true=3.376515 y_pred=0.060676 diff=-3.315839 abs_err=3.315839
INFO | TOP_BEST | split=test epoch=4 rank=1/3 b=148 t=5 var_idx=2 tp=0.596500 y_true=-0.173762 y_pred=-0.173579 diff=0.000183 abs_err=0.000183
INFO | TOP_BEST | split=test epoch=4 rank=2/3 b=108 t=3 var_idx=3 tp=0.764000 y_true=-1.638358 y_pred=-1.637223 diff=0.001136 abs_err=0.001136
INFO | TOP_BEST | split=test epoch=4 rank=3/3 b=161 t=1 var_idx=2 tp=0.855500 y_true=-0.173762 y_pred=-0.172588 diff=0.001174 abs_err=0.001174
INFO | TOP_OK | split=test epoch=4 rank=1/3 b=4 t=1 var_idx=4 tp=0.592500 y_true=0.823399 y_pred=0.854754
INFO | TOP_OK | split=test epoch=4 rank=2/3 b=5 t=3 var_idx=4 tp=0.616000 y_true=1.345147 y_pred=1.324148
INFO | TOP_OK | split=test epoch=4 rank=3/3 b=7 t=7 var_idx=4 tp=0.654500 y_true=1.449497 y_pred=1.472515
INFO | TOP_ERR | split=test epoch=5 rank=1/10 b=171 t=4 var_idx=1 tp=0.568000 y_true=8.633243 y_pred=-0.053989 diff=-8.687232 abs_err=8.687232
INFO | TOP_ERR | split=test epoch=5 rank=2/10 b=198 t=2 var_idx=0 tp=0.632000 y_true=6.679994 y_pred=0.035230 diff=-6.644763 abs_err=6.644763
INFO | TOP_ERR | split=test epoch=5 rank=3/10 b=116 t=2 var_idx=0 tp=0.926000 y_true=6.106289 y_pred=-0.031234 diff=-6.137524 abs_err=6.137524
INFO | TOP_ERR | split=test epoch=5 rank=4/10 b=183 t=3 var_idx=1 tp=0.825000 y_true=5.128757 y_pred=-0.029226 diff=-5.157983 abs_err=5.157983
INFO | TOP_ERR | split=test epoch=5 rank=5/10 b=61 t=2 var_idx=1 tp=0.784000 y_true=5.128757 y_pred=0.016450 diff=-5.112308 abs_err=5.112308
INFO | TOP_ERR | split=test epoch=5 rank=6/10 b=133 t=0 var_idx=1 tp=0.771000 y_true=4.778309 y_pred=-0.133560 diff=-4.911869 abs_err=4.911869
INFO | TOP_ERR | split=test epoch=5 rank=7/10 b=176 t=0 var_idx=0 tp=0.667000 y_true=4.283935 y_pred=-0.053948 diff=-4.337883 abs_err=4.337883
INFO | TOP_ERR | split=test epoch=5 rank=8/10 b=152 t=3 var_idx=0 tp=0.677000 y_true=4.385177 y_pred=0.094024 diff=-4.291153 abs_err=4.291153
INFO | TOP_ERR | split=test epoch=5 rank=9/10 b=156 t=5 var_idx=0 tp=0.757000 y_true=3.912714 y_pred=-0.028111 diff=-3.940825 abs_err=3.940825
INFO | TOP_ERR | split=test epoch=5 rank=10/10 b=157 t=0 var_idx=1 tp=0.772500 y_true=3.376515 y_pred=0.086018 diff=-3.290497 abs_err=3.290497
INFO | TOP_BEST | split=test epoch=5 rank=1/3 b=36 t=0 var_idx=2 tp=0.753000 y_true=-0.173762 y_pred=-0.173924 diff=-0.000162 abs_err=0.000162
INFO | TOP_BEST | split=test epoch=5 rank=2/3 b=24 t=4 var_idx=2 tp=0.511000 y_true=-0.173762 y_pred=-0.174121 diff=-0.000358 abs_err=0.000358
INFO | TOP_BEST | split=test epoch=5 rank=3/3 b=66 t=0 var_idx=1 tp=0.877000 y_true=-0.127970 y_pred=-0.128353 diff=-0.000383 abs_err=0.000383
INFO | TOP_OK | split=test epoch=5 rank=1/3 b=2 t=0 var_idx=3 tp=0.544500 y_true=-0.635826 y_pred=-0.642490
INFO | TOP_OK | split=test epoch=5 rank=2/3 b=5 t=2 var_idx=2 tp=0.613000 y_true=-0.173762 y_pred=-0.171051
INFO | TOP_OK | split=test epoch=5 rank=3/3 b=5 t=3 var_idx=4 tp=0.616000 y_true=1.345147 y_pred=1.360394
INFO | TOP_ERR | split=test epoch=8 rank=1/10 b=171 t=4 var_idx=1 tp=0.568000 y_true=8.633243 y_pred=0.188168 diff=-8.445075 abs_err=8.445075
INFO | TOP_ERR | split=test epoch=8 rank=2/10 b=198 t=2 var_idx=0 tp=0.632000 y_true=6.679994 y_pred=0.124650 diff=-6.555344 abs_err=6.555344
INFO | TOP_ERR | split=test epoch=8 rank=3/10 b=116 t=2 var_idx=0 tp=0.926000 y_true=6.106289 y_pred=-0.094577 diff=-6.200867 abs_err=6.200867
INFO | TOP_ERR | split=test epoch=8 rank=4/10 b=183 t=3 var_idx=1 tp=0.825000 y_true=5.128757 y_pred=0.107264 diff=-5.021493 abs_err=5.021493
INFO | TOP_ERR | split=test epoch=8 rank=5/10 b=61 t=2 var_idx=1 tp=0.784000 y_true=5.128757 y_pred=0.120003 diff=-5.008755 abs_err=5.008755
INFO | TOP_ERR | split=test epoch=8 rank=6/10 b=133 t=0 var_idx=1 tp=0.771000 y_true=4.778309 y_pred=-0.028158 diff=-4.806467 abs_err=4.806467
INFO | TOP_ERR | split=test epoch=8 rank=7/10 b=152 t=3 var_idx=0 tp=0.677000 y_true=4.385177 y_pred=0.057913 diff=-4.327263 abs_err=4.327263
INFO | TOP_ERR | split=test epoch=8 rank=8/10 b=176 t=0 var_idx=0 tp=0.667000 y_true=4.283935 y_pred=-0.035355 diff=-4.319290 abs_err=4.319290
INFO | TOP_ERR | split=test epoch=8 rank=9/10 b=156 t=5 var_idx=0 tp=0.757000 y_true=3.912714 y_pred=-0.055943 diff=-3.968657 abs_err=3.968657
INFO | TOP_ERR | split=test epoch=8 rank=10/10 b=2 t=4 var_idx=2 tp=0.558500 y_true=3.178822 y_pred=-0.074190 diff=-3.253011 abs_err=3.253011
INFO | TOP_BEST | split=test epoch=8 rank=1/3 b=163 t=5 var_idx=4 tp=0.909500 y_true=0.719049 y_pred=0.719064 diff=0.000015 abs_err=0.000015
INFO | TOP_BEST | split=test epoch=8 rank=2/3 b=41 t=2 var_idx=3 tp=0.869000 y_true=0.844102 y_pred=0.844169 diff=0.000067 abs_err=0.000067
INFO | TOP_BEST | split=test epoch=8 rank=3/3 b=238 t=0 var_idx=2 tp=0.964500 y_true=-0.173762 y_pred=-0.173693 diff=0.000069 abs_err=0.000069
INFO | TOP_OK | split=test epoch=8 rank=1/3 b=1 t=0 var_idx=4 tp=0.527000 y_true=-0.585323 y_pred=-0.607794
INFO | TOP_OK | split=test epoch=8 rank=2/3 b=7 t=7 var_idx=4 tp=0.654500 y_true=1.449497 y_pred=1.464153
INFO | TOP_OK | split=test epoch=8 rank=3/3 b=7 t=14 var_idx=4 tp=0.666500 y_true=1.501672 y_pred=1.468852
INFO | TOP_ERR | split=test epoch=9 rank=1/10 b=171 t=4 var_idx=1 tp=0.568000 y_true=8.633243 y_pred=0.282736 diff=-8.350507 abs_err=8.350507
INFO | TOP_ERR | split=test epoch=9 rank=2/10 b=198 t=2 var_idx=0 tp=0.632000 y_true=6.679994 y_pred=0.101593 diff=-6.578401 abs_err=6.578401
INFO | TOP_ERR | split=test epoch=9 rank=3/10 b=116 t=2 var_idx=0 tp=0.926000 y_true=6.106289 y_pred=-0.133222 diff=-6.239512 abs_err=6.239511
INFO | TOP_ERR | split=test epoch=9 rank=4/10 b=183 t=3 var_idx=1 tp=0.825000 y_true=5.128757 y_pred=0.070016 diff=-5.058742 abs_err=5.058742
INFO | TOP_ERR | split=test epoch=9 rank=5/10 b=61 t=2 var_idx=1 tp=0.784000 y_true=5.128757 y_pred=0.114165 diff=-5.014592 abs_err=5.014592
INFO | TOP_ERR | split=test epoch=9 rank=6/10 b=133 t=0 var_idx=1 tp=0.771000 y_true=4.778309 y_pred=-0.061957 diff=-4.840266 abs_err=4.840266
INFO | TOP_ERR | split=test epoch=9 rank=7/10 b=152 t=3 var_idx=0 tp=0.677000 y_true=4.385177 y_pred=0.029189 diff=-4.355987 abs_err=4.355988
INFO | TOP_ERR | split=test epoch=9 rank=8/10 b=176 t=0 var_idx=0 tp=0.667000 y_true=4.283935 y_pred=-0.051599 diff=-4.335534 abs_err=4.335534
INFO | TOP_ERR | split=test epoch=9 rank=9/10 b=156 t=5 var_idx=0 tp=0.757000 y_true=3.912714 y_pred=-0.057222 diff=-3.969936 abs_err=3.969936
INFO | TOP_ERR | split=test epoch=9 rank=10/10 b=2 t=4 var_idx=2 tp=0.558500 y_true=3.178822 y_pred=-0.074478 diff=-3.253300 abs_err=3.253300
INFO | TOP_BEST | split=test epoch=9 rank=1/3 b=56 t=2 var_idx=1 tp=0.672500 y_true=-0.127970 y_pred=-0.128416 diff=-0.000446 abs_err=0.000446
INFO | TOP_BEST | split=test epoch=9 rank=2/3 b=56 t=4 var_idx=1 tp=0.677000 y_true=-0.127970 y_pred=-0.127517 diff=0.000453 abs_err=0.000453
INFO | TOP_BEST | split=test epoch=9 rank=3/3 b=235 t=2 var_idx=2 tp=0.910000 y_true=-0.173762 y_pred=-0.173205 diff=0.000557 abs_err=0.000557
INFO | TOP_OK | split=test epoch=9 rank=1/3 b=4 t=1 var_idx=4 tp=0.592500 y_true=0.823399 y_pred=0.799683
INFO | TOP_OK | split=test epoch=9 rank=2/3 b=5 t=3 var_idx=4 tp=0.616000 y_true=1.345147 y_pred=1.285868
INFO | TOP_OK | split=test epoch=9 rank=3/3 b=7 t=7 var_idx=4 tp=0.654500 y_true=1.449497 y_pred=1.469758
INFO | TOP_ERR | split=test epoch=11 rank=1/10 b=171 t=4 var_idx=1 tp=0.568000 y_true=8.633243 y_pred=0.284079 diff=-8.349164 abs_err=8.349164
INFO | TOP_ERR | split=test epoch=11 rank=2/10 b=198 t=2 var_idx=0 tp=0.632000 y_true=6.679994 y_pred=0.161993 diff=-6.518001 abs_err=6.518001
INFO | TOP_ERR | split=test epoch=11 rank=3/10 b=116 t=2 var_idx=0 tp=0.926000 y_true=6.106289 y_pred=-0.072880 diff=-6.179169 abs_err=6.179169
INFO | TOP_ERR | split=test epoch=11 rank=4/10 b=61 t=2 var_idx=1 tp=0.784000 y_true=5.128757 y_pred=0.230713 diff=-4.898045 abs_err=4.898045
INFO | TOP_ERR | split=test epoch=11 rank=5/10 b=183 t=3 var_idx=1 tp=0.825000 y_true=5.128757 y_pred=0.248930 diff=-4.879828 abs_err=4.879827
INFO | TOP_ERR | split=test epoch=11 rank=6/10 b=133 t=0 var_idx=1 tp=0.771000 y_true=4.778309 y_pred=0.024444 diff=-4.753864 abs_err=4.753864
INFO | TOP_ERR | split=test epoch=11 rank=7/10 b=176 t=0 var_idx=0 tp=0.667000 y_true=4.283935 y_pred=-0.023266 diff=-4.307201 abs_err=4.307201
INFO | TOP_ERR | split=test epoch=11 rank=8/10 b=152 t=3 var_idx=0 tp=0.677000 y_true=4.385177 y_pred=0.114979 diff=-4.270198 abs_err=4.270198
INFO | TOP_ERR | split=test epoch=11 rank=9/10 b=156 t=5 var_idx=0 tp=0.757000 y_true=3.912714 y_pred=-0.061723 diff=-3.974437 abs_err=3.974437
INFO | TOP_ERR | split=test epoch=11 rank=10/10 b=181 t=11 var_idx=2 tp=0.790000 y_true=0.599911 y_pred=4.079791 diff=3.479880 abs_err=3.479880
INFO | TOP_BEST | split=test epoch=11 rank=1/3 b=174 t=2 var_idx=4 tp=0.628000 y_true=0.927749 y_pred=0.927581 diff=-0.000168 abs_err=0.000168
INFO | TOP_BEST | split=test epoch=11 rank=2/3 b=246 t=0 var_idx=2 tp=0.633500 y_true=-0.173762 y_pred=-0.174150 diff=-0.000388 abs_err=0.000388
INFO | TOP_BEST | split=test epoch=11 rank=3/3 b=245 t=4 var_idx=2 tp=0.619000 y_true=-0.173762 y_pred=-0.173272 diff=0.000490 abs_err=0.000490
INFO | TOP_OK | split=test epoch=11 rank=1/3 b=5 t=3 var_idx=4 tp=0.616000 y_true=1.345147 y_pred=1.303571
INFO | TOP_OK | split=test epoch=11 rank=2/3 b=7 t=14 var_idx=4 tp=0.666500 y_true=1.501672 y_pred=1.554886
INFO | TOP_OK | split=test epoch=11 rank=3/3 b=11 t=5 var_idx=4 tp=0.738500 y_true=-0.689673 y_pred=-0.717385
INFO | TOP_ERR | split=test epoch=17 rank=1/10 b=171 t=4 var_idx=1 tp=0.568000 y_true=8.633243 y_pred=0.166178 diff=-8.467065 abs_err=8.467065
INFO | TOP_ERR | split=test epoch=17 rank=2/10 b=198 t=2 var_idx=0 tp=0.632000 y_true=6.679994 y_pred=0.153985 diff=-6.526009 abs_err=6.526009
INFO | TOP_ERR | split=test epoch=17 rank=3/10 b=116 t=2 var_idx=0 tp=0.926000 y_true=6.106289 y_pred=-0.121917 diff=-6.228206 abs_err=6.228206
INFO | TOP_ERR | split=test epoch=17 rank=4/10 b=183 t=3 var_idx=1 tp=0.825000 y_true=5.128757 y_pred=0.149054 diff=-4.979704 abs_err=4.979704
INFO | TOP_ERR | split=test epoch=17 rank=5/10 b=61 t=2 var_idx=1 tp=0.784000 y_true=5.128757 y_pred=0.182078 diff=-4.946680 abs_err=4.946680
INFO | TOP_ERR | split=test epoch=17 rank=6/10 b=133 t=0 var_idx=1 tp=0.771000 y_true=4.778309 y_pred=0.010809 diff=-4.767500 abs_err=4.767499
INFO | TOP_ERR | split=test epoch=17 rank=7/10 b=176 t=0 var_idx=0 tp=0.667000 y_true=4.283935 y_pred=-0.082916 diff=-4.366850 abs_err=4.366850
INFO | TOP_ERR | split=test epoch=17 rank=8/10 b=152 t=3 var_idx=0 tp=0.677000 y_true=4.385177 y_pred=0.025759 diff=-4.359417 abs_err=4.359417
INFO | TOP_ERR | split=test epoch=17 rank=9/10 b=156 t=5 var_idx=0 tp=0.757000 y_true=3.912714 y_pred=-0.097227 diff=-4.009941 abs_err=4.009941
INFO | TOP_ERR | split=test epoch=17 rank=10/10 b=2 t=4 var_idx=2 tp=0.558500 y_true=3.178822 y_pred=-0.068471 diff=-3.247293 abs_err=3.247293
INFO | TOP_BEST | split=test epoch=17 rank=1/3 b=233 t=0 var_idx=1 tp=0.863000 y_true=-0.127970 y_pred=-0.128230 diff=-0.000260 abs_err=0.000260
INFO | TOP_BEST | split=test epoch=17 rank=2/3 b=127 t=4 var_idx=4 tp=0.664500 y_true=1.032098 y_pred=1.032419 diff=0.000321 abs_err=0.000321
INFO | TOP_BEST | split=test epoch=17 rank=3/3 b=19 t=2 var_idx=1 tp=0.902500 y_true=-0.127970 y_pred=-0.128483 diff=-0.000513 abs_err=0.000513
INFO | TOP_OK | split=test epoch=17 rank=1/3 b=7 t=7 var_idx=4 tp=0.654500 y_true=1.449497 y_pred=1.434955
INFO | TOP_OK | split=test epoch=17 rank=2/3 b=7 t=12 var_idx=4 tp=0.662500 y_true=1.397322 y_pred=1.439039
INFO | TOP_OK | split=test epoch=17 rank=3/3 b=7 t=14 var_idx=4 tp=0.666500 y_true=1.501672 y_pred=1.441081
INFO | TOP_ERR | split=test epoch=22 rank=1/10 b=171 t=4 var_idx=1 tp=0.568000 y_true=8.633243 y_pred=0.149278 diff=-8.483965 abs_err=8.483965
INFO | TOP_ERR | split=test epoch=22 rank=2/10 b=198 t=2 var_idx=0 tp=0.632000 y_true=6.679994 y_pred=0.300525 diff=-6.379469 abs_err=6.379469
INFO | TOP_ERR | split=test epoch=22 rank=3/10 b=116 t=2 var_idx=0 tp=0.926000 y_true=6.106289 y_pred=-0.093190 diff=-6.199479 abs_err=6.199479
INFO | TOP_ERR | split=test epoch=22 rank=4/10 b=183 t=3 var_idx=1 tp=0.825000 y_true=5.128757 y_pred=0.269119 diff=-4.859639 abs_err=4.859639
INFO | TOP_ERR | split=test epoch=22 rank=5/10 b=61 t=2 var_idx=1 tp=0.784000 y_true=5.128757 y_pred=0.328060 diff=-4.800698 abs_err=4.800697
INFO | TOP_ERR | split=test epoch=22 rank=6/10 b=133 t=0 var_idx=1 tp=0.771000 y_true=4.778309 y_pred=0.068337 diff=-4.709972 abs_err=4.709972
INFO | TOP_ERR | split=test epoch=22 rank=7/10 b=152 t=3 var_idx=0 tp=0.677000 y_true=4.385177 y_pred=0.060751 diff=-4.324426 abs_err=4.324426
INFO | TOP_ERR | split=test epoch=22 rank=8/10 b=176 t=0 var_idx=0 tp=0.667000 y_true=4.283935 y_pred=-0.015607 diff=-4.299541 abs_err=4.299541
INFO | TOP_ERR | split=test epoch=22 rank=9/10 b=156 t=5 var_idx=0 tp=0.757000 y_true=3.912714 y_pred=-0.063521 diff=-3.976235 abs_err=3.976235
INFO | TOP_ERR | split=test epoch=22 rank=10/10 b=2 t=4 var_idx=2 tp=0.558500 y_true=3.178822 y_pred=-0.096554 diff=-3.275376 abs_err=3.275376
INFO | TOP_BEST | split=test epoch=22 rank=1/3 b=33 t=7 var_idx=1 tp=0.705500 y_true=-0.127970 y_pred=-0.127941 diff=0.000029 abs_err=0.000029
INFO | TOP_BEST | split=test epoch=22 rank=2/3 b=65 t=0 var_idx=1 tp=0.855500 y_true=-0.127970 y_pred=-0.127822 diff=0.000148 abs_err=0.000148
INFO | TOP_BEST | split=test epoch=22 rank=3/3 b=18 t=6 var_idx=1 tp=0.894000 y_true=-0.127970 y_pred=-0.128289 diff=-0.000318 abs_err=0.000318
INFO | TOP_OK | split=test epoch=22 rank=1/3 b=7 t=7 var_idx=4 tp=0.654500 y_true=1.449497 y_pred=1.445009
INFO | TOP_OK | split=test epoch=22 rank=2/3 b=7 t=12 var_idx=4 tp=0.662500 y_true=1.397322 y_pred=1.449318
INFO | TOP_OK | split=test epoch=22 rank=3/3 b=7 t=14 var_idx=4 tp=0.666500 y_true=1.501672 y_pred=1.451471
INFO | TOP_ERR | split=test epoch=0 rank=1/10 b=171 t=4 var_idx=1 tp=0.568000 y_true=8.633243 y_pred=-0.144220 diff=-8.777463 abs_err=8.777463
INFO | TOP_ERR | split=test epoch=0 rank=2/10 b=198 t=2 var_idx=0 tp=0.632000 y_true=6.679994 y_pred=0.053908 diff=-6.626085 abs_err=6.626085
INFO | TOP_ERR | split=test epoch=0 rank=3/10 b=116 t=2 var_idx=0 tp=0.926000 y_true=6.106289 y_pred=-0.061185 diff=-6.167474 abs_err=6.167474
INFO | TOP_ERR | split=test epoch=0 rank=4/10 b=61 t=2 var_idx=1 tp=0.784000 y_true=5.128757 y_pred=0.000474 diff=-5.128283 abs_err=5.128284
INFO | TOP_ERR | split=test epoch=0 rank=5/10 b=183 t=3 var_idx=1 tp=0.825000 y_true=5.128757 y_pred=0.007673 diff=-5.121085 abs_err=5.121085
INFO | TOP_ERR | split=test epoch=0 rank=6/10 b=133 t=0 var_idx=1 tp=0.771000 y_true=4.778309 y_pred=0.130762 diff=-4.647547 abs_err=4.647547
INFO | TOP_ERR | split=test epoch=0 rank=7/10 b=176 t=0 var_idx=0 tp=0.667000 y_true=4.283935 y_pred=-0.102103 diff=-4.386037 abs_err=4.386037
INFO | TOP_ERR | split=test epoch=0 rank=8/10 b=152 t=3 var_idx=0 tp=0.677000 y_true=4.385177 y_pred=0.212745 diff=-4.172432 abs_err=4.172432
INFO | TOP_ERR | split=test epoch=0 rank=9/10 b=156 t=5 var_idx=0 tp=0.757000 y_true=3.912714 y_pred=-0.054987 diff=-3.967701 abs_err=3.967701
INFO | TOP_ERR | split=test epoch=0 rank=10/10 b=2 t=4 var_idx=2 tp=0.558500 y_true=3.178822 y_pred=-0.532017 diff=-3.710838 abs_err=3.710838
INFO | TOP_BEST | split=test epoch=0 rank=1/3 b=19 t=5 var_idx=2 tp=0.906500 y_true=-0.173762 y_pred=-0.173717 diff=0.000045 abs_err=0.000045
INFO | TOP_BEST | split=test epoch=0 rank=2/3 b=82 t=6 var_idx=1 tp=0.725500 y_true=-0.127970 y_pred=-0.127924 diff=0.000047 abs_err=0.000047
INFO | TOP_BEST | split=test epoch=0 rank=3/3 b=19 t=7 var_idx=2 tp=0.909000 y_true=-0.173762 y_pred=-0.173862 diff=-0.000100 abs_err=0.000100
INFO | TOP_OK | split=test epoch=0 rank=1/3 b=5 t=5 var_idx=4 tp=0.624000 y_true=1.188623 y_pred=1.131606
INFO | TOP_OK | split=test epoch=0 rank=2/3 b=7 t=7 var_idx=4 tp=0.654500 y_true=1.449497 y_pred=1.456276
INFO | TOP_OK | split=test epoch=0 rank=3/3 b=7 t=12 var_idx=4 tp=0.662500 y_true=1.397322 y_pred=1.455866
INFO | TOP_ERR | split=test epoch=1 rank=1/10 b=171 t=4 var_idx=1 tp=0.568000 y_true=8.633243 y_pred=0.122116 diff=-8.511127 abs_err=8.511127
INFO | TOP_ERR | split=test epoch=1 rank=2/10 b=198 t=2 var_idx=0 tp=0.632000 y_true=6.679994 y_pred=-0.033503 diff=-6.713496 abs_err=6.713496
INFO | TOP_ERR | split=test epoch=1 rank=3/10 b=116 t=2 var_idx=0 tp=0.926000 y_true=6.106289 y_pred=-0.105662 diff=-6.211952 abs_err=6.211952
INFO | TOP_ERR | split=test epoch=1 rank=4/10 b=61 t=2 var_idx=1 tp=0.784000 y_true=5.128757 y_pred=-0.028351 diff=-5.157108 abs_err=5.157108
INFO | TOP_ERR | split=test epoch=1 rank=5/10 b=183 t=3 var_idx=1 tp=0.825000 y_true=5.128757 y_pred=0.077226 diff=-5.051532 abs_err=5.051532
INFO | TOP_ERR | split=test epoch=1 rank=6/10 b=133 t=0 var_idx=1 tp=0.771000 y_true=4.778309 y_pred=-0.083746 diff=-4.862054 abs_err=4.862054
INFO | TOP_ERR | split=test epoch=1 rank=7/10 b=176 t=0 var_idx=0 tp=0.667000 y_true=4.283935 y_pred=-0.093009 diff=-4.376944 abs_err=4.376944
INFO | TOP_ERR | split=test epoch=1 rank=8/10 b=152 t=3 var_idx=0 tp=0.677000 y_true=4.385177 y_pred=0.119949 diff=-4.265228 abs_err=4.265228
INFO | TOP_ERR | split=test epoch=1 rank=9/10 b=156 t=5 var_idx=0 tp=0.757000 y_true=3.912714 y_pred=-0.039610 diff=-3.952324 abs_err=3.952324
INFO | TOP_ERR | split=test epoch=1 rank=10/10 b=2 t=4 var_idx=2 tp=0.558500 y_true=3.178822 y_pred=-0.178647 diff=-3.357468 abs_err=3.357468
INFO | TOP_BEST | split=test epoch=1 rank=1/3 b=229 t=5 var_idx=2 tp=0.788000 y_true=-0.173762 y_pred=-0.173594 diff=0.000168 abs_err=0.000168
INFO | TOP_BEST | split=test epoch=1 rank=2/3 b=50 t=2 var_idx=1 tp=0.546500 y_true=-0.127970 y_pred=-0.127602 diff=0.000368 abs_err=0.000368
INFO | TOP_BEST | split=test epoch=1 rank=3/3 b=154 t=3 var_idx=4 tp=0.722000 y_true=-0.637498 y_pred=-0.637045 diff=0.000453 abs_err=0.000453
INFO | TOP_OK | split=test epoch=1 rank=1/3 b=7 t=13 var_idx=4 tp=0.665000 y_true=1.240798 y_pred=1.220645
INFO | TOP_OK | split=test epoch=1 rank=2/3 b=11 t=0 var_idx=1 tp=0.729500 y_true=-0.127970 y_pred=-0.133166
INFO | TOP_OK | split=test epoch=1 rank=3/3 b=24 t=3 var_idx=1 tp=0.509000 y_true=-0.127970 y_pred=-0.134186
INFO | TOP_ERR | split=test epoch=2 rank=1/10 b=171 t=4 var_idx=1 tp=0.568000 y_true=8.633243 y_pred=0.338763 diff=-8.294479 abs_err=8.294479
INFO | TOP_ERR | split=test epoch=2 rank=2/10 b=198 t=2 var_idx=0 tp=0.632000 y_true=6.679994 y_pred=0.087129 diff=-6.592864 abs_err=6.592865
INFO | TOP_ERR | split=test epoch=2 rank=3/10 b=116 t=2 var_idx=0 tp=0.926000 y_true=6.106289 y_pred=-0.049816 diff=-6.156106 abs_err=6.156106
INFO | TOP_ERR | split=test epoch=2 rank=4/10 b=61 t=2 var_idx=1 tp=0.784000 y_true=5.128757 y_pred=0.129701 diff=-4.999057 abs_err=4.999057
INFO | TOP_ERR | split=test epoch=2 rank=5/10 b=183 t=3 var_idx=1 tp=0.825000 y_true=5.128757 y_pred=0.229385 diff=-4.899373 abs_err=4.899373
INFO | TOP_ERR | split=test epoch=2 rank=6/10 b=133 t=0 var_idx=1 tp=0.771000 y_true=4.778309 y_pred=0.000670 diff=-4.777639 abs_err=4.777639
INFO | TOP_ERR | split=test epoch=2 rank=7/10 b=176 t=0 var_idx=0 tp=0.667000 y_true=4.283935 y_pred=-0.040886 diff=-4.324821 abs_err=4.324821
INFO | TOP_ERR | split=test epoch=2 rank=8/10 b=152 t=3 var_idx=0 tp=0.677000 y_true=4.385177 y_pred=0.223428 diff=-4.161748 abs_err=4.161748
INFO | TOP_ERR | split=test epoch=2 rank=9/10 b=156 t=5 var_idx=0 tp=0.757000 y_true=3.912714 y_pred=0.096452 diff=-3.816262 abs_err=3.816262
INFO | TOP_ERR | split=test epoch=2 rank=10/10 b=168 t=0 var_idx=2 tp=0.502000 y_true=0.342020 y_pred=3.556068 diff=3.214048 abs_err=3.214048
INFO | TOP_BEST | split=test epoch=2 rank=1/3 b=220 t=0 var_idx=1 tp=0.593500 y_true=-0.127970 y_pred=-0.127635 diff=0.000335 abs_err=0.000335
INFO | TOP_BEST | split=test epoch=2 rank=2/3 b=147 t=5 var_idx=2 tp=0.578000 y_true=-0.173762 y_pred=-0.174274 diff=-0.000512 abs_err=0.000512
INFO | TOP_BEST | split=test epoch=2 rank=3/3 b=31 t=2 var_idx=1 tp=0.651500 y_true=-0.127970 y_pred=-0.127388 diff=0.000583 abs_err=0.000583
INFO | TOP_OK | split=test epoch=2 rank=1/3 b=4 t=1 var_idx=4 tp=0.592500 y_true=0.823399 y_pred=0.843418
INFO | TOP_OK | split=test epoch=2 rank=2/3 b=7 t=0 var_idx=3 tp=0.646500 y_true=1.655676 y_pred=1.694370
INFO | TOP_OK | split=test epoch=2 rank=3/3 b=7 t=2 var_idx=3 tp=0.647500 y_true=1.751155 y_pred=1.693964
INFO | TOP_ERR | split=test epoch=3 rank=1/10 b=171 t=4 var_idx=1 tp=0.568000 y_true=8.633243 y_pred=0.237318 diff=-8.395925 abs_err=8.395925
INFO | TOP_ERR | split=test epoch=3 rank=2/10 b=198 t=2 var_idx=0 tp=0.632000 y_true=6.679994 y_pred=0.035963 diff=-6.644031 abs_err=6.644031
INFO | TOP_ERR | split=test epoch=3 rank=3/10 b=116 t=2 var_idx=0 tp=0.926000 y_true=6.106289 y_pred=-0.092515 diff=-6.198804 abs_err=6.198804
INFO | TOP_ERR | split=test epoch=3 rank=4/10 b=61 t=2 var_idx=1 tp=0.784000 y_true=5.128757 y_pred=0.094407 diff=-5.034351 abs_err=5.034351
INFO | TOP_ERR | split=test epoch=3 rank=5/10 b=183 t=3 var_idx=1 tp=0.825000 y_true=5.128757 y_pred=0.168344 diff=-4.960414 abs_err=4.960413
INFO | TOP_ERR | split=test epoch=3 rank=6/10 b=133 t=0 var_idx=1 tp=0.771000 y_true=4.778309 y_pred=-0.009983 diff=-4.788292 abs_err=4.788291
INFO | TOP_ERR | split=test epoch=3 rank=7/10 b=176 t=0 var_idx=0 tp=0.667000 y_true=4.283935 y_pred=-0.073542 diff=-4.357476 abs_err=4.357476
INFO | TOP_ERR | split=test epoch=3 rank=8/10 b=152 t=3 var_idx=0 tp=0.677000 y_true=4.385177 y_pred=0.077206 diff=-4.307970 abs_err=4.307971
INFO | TOP_ERR | split=test epoch=3 rank=9/10 b=156 t=5 var_idx=0 tp=0.757000 y_true=3.912714 y_pred=0.016354 diff=-3.896360 abs_err=3.896360
INFO | TOP_ERR | split=test epoch=3 rank=10/10 b=168 t=0 var_idx=2 tp=0.502000 y_true=0.342020 y_pred=4.125565 diff=3.783545 abs_err=3.783545
INFO | TOP_BEST | split=test epoch=3 rank=1/3 b=150 t=1 var_idx=3 tp=0.627000 y_true=0.939581 y_pred=0.939013 diff=-0.000568 abs_err=0.000568
INFO | TOP_BEST | split=test epoch=3 rank=2/3 b=208 t=5 var_idx=2 tp=0.849000 y_true=-0.173762 y_pred=-0.174642 diff=-0.000880 abs_err=0.000880
INFO | TOP_BEST | split=test epoch=3 rank=3/3 b=199 t=10 var_idx=1 tp=0.664500 y_true=-0.127970 y_pred=-0.127032 diff=0.000938 abs_err=0.000938
INFO | TOP_OK | split=test epoch=3 rank=1/3 b=18 t=3 var_idx=3 tp=0.880500 y_true=1.512457 y_pred=1.443451
INFO | TOP_OK | split=test epoch=3 rank=2/3 b=19 t=6 var_idx=4 tp=0.907500 y_true=1.658197 y_pred=1.644628
INFO | TOP_OK | split=test epoch=3 rank=3/3 b=21 t=7 var_idx=3 tp=0.955000 y_true=0.557664 y_pred=0.565477
INFO | TOP_ERR | split=test epoch=4 rank=1/10 b=171 t=4 var_idx=1 tp=0.568000 y_true=8.633243 y_pred=0.298605 diff=-8.334638 abs_err=8.334638
INFO | TOP_ERR | split=test epoch=4 rank=2/10 b=198 t=2 var_idx=0 tp=0.632000 y_true=6.679994 y_pred=-0.019626 diff=-6.699620 abs_err=6.699620
INFO | TOP_ERR | split=test epoch=4 rank=3/10 b=116 t=2 var_idx=0 tp=0.926000 y_true=6.106289 y_pred=-0.145252 diff=-6.251541 abs_err=6.251541
INFO | TOP_ERR | split=test epoch=4 rank=4/10 b=61 t=2 var_idx=1 tp=0.784000 y_true=5.128757 y_pred=0.043964 diff=-5.084793 abs_err=5.084794
INFO | TOP_ERR | split=test epoch=4 rank=5/10 b=183 t=3 var_idx=1 tp=0.825000 y_true=5.128757 y_pred=0.151139 diff=-4.977619 abs_err=4.977619
INFO | TOP_ERR | split=test epoch=4 rank=6/10 b=133 t=0 var_idx=1 tp=0.771000 y_true=4.778309 y_pred=-0.066589 diff=-4.844898 abs_err=4.844898
INFO | TOP_ERR | split=test epoch=4 rank=7/10 b=176 t=0 var_idx=0 tp=0.667000 y_true=4.283935 y_pred=-0.106801 diff=-4.390736 abs_err=4.390736
INFO | TOP_ERR | split=test epoch=4 rank=8/10 b=152 t=3 var_idx=0 tp=0.677000 y_true=4.385177 y_pred=0.026189 diff=-4.358987 abs_err=4.358987
INFO | TOP_ERR | split=test epoch=4 rank=9/10 b=156 t=5 var_idx=0 tp=0.757000 y_true=3.912714 y_pred=-0.035756 diff=-3.948470 abs_err=3.948470
INFO | TOP_ERR | split=test epoch=4 rank=10/10 b=168 t=0 var_idx=2 tp=0.502000 y_true=0.342020 y_pred=4.231220 diff=3.889200 abs_err=3.889200
INFO | TOP_BEST | split=test epoch=4 rank=1/3 b=84 t=3 var_idx=2 tp=0.760000 y_true=-0.173762 y_pred=-0.173812 diff=-0.000050 abs_err=0.000050
INFO | TOP_BEST | split=test epoch=4 rank=2/3 b=194 t=3 var_idx=2 tp=0.554500 y_true=-0.173762 y_pred=-0.173925 diff=-0.000163 abs_err=0.000163
INFO | TOP_BEST | split=test epoch=4 rank=3/3 b=84 t=2 var_idx=2 tp=0.759000 y_true=-0.173762 y_pred=-0.173448 diff=0.000314 abs_err=0.000314
INFO | TOP_OK | split=test epoch=4 rank=1/3 b=4 t=2 var_idx=4 tp=0.593500 y_true=0.562524 y_pred=0.587846
INFO | TOP_OK | split=test epoch=4 rank=2/3 b=5 t=5 var_idx=4 tp=0.624000 y_true=1.188623 y_pred=1.232594
INFO | TOP_OK | split=test epoch=4 rank=3/3 b=7 t=1 var_idx=4 tp=0.647000 y_true=1.710372 y_pred=1.786948
INFO | TOP_ERR | split=test epoch=8 rank=1/10 b=171 t=4 var_idx=1 tp=0.568000 y_true=8.633243 y_pred=0.279686 diff=-8.353557 abs_err=8.353557
INFO | TOP_ERR | split=test epoch=8 rank=2/10 b=198 t=2 var_idx=0 tp=0.632000 y_true=6.679994 y_pred=0.046200 diff=-6.633793 abs_err=6.633793
INFO | TOP_ERR | split=test epoch=8 rank=3/10 b=116 t=2 var_idx=0 tp=0.926000 y_true=6.106289 y_pred=-0.055947 diff=-6.162237 abs_err=6.162237
INFO | TOP_ERR | split=test epoch=8 rank=4/10 b=183 t=3 var_idx=1 tp=0.825000 y_true=5.128757 y_pred=0.079840 diff=-5.048917 abs_err=5.048917
INFO | TOP_ERR | split=test epoch=8 rank=5/10 b=61 t=2 var_idx=1 tp=0.784000 y_true=5.128757 y_pred=0.098250 diff=-5.030508 abs_err=5.030508
INFO | TOP_ERR | split=test epoch=8 rank=6/10 b=133 t=0 var_idx=1 tp=0.771000 y_true=4.778309 y_pred=0.015567 diff=-4.762742 abs_err=4.762742
INFO | TOP_ERR | split=test epoch=8 rank=7/10 b=176 t=0 var_idx=0 tp=0.667000 y_true=4.283935 y_pred=-0.081655 diff=-4.365590 abs_err=4.365590
INFO | TOP_ERR | split=test epoch=8 rank=8/10 b=152 t=3 var_idx=0 tp=0.677000 y_true=4.385177 y_pred=0.043319 diff=-4.341858 abs_err=4.341857
INFO | TOP_ERR | split=test epoch=8 rank=9/10 b=168 t=0 var_idx=2 tp=0.502000 y_true=0.342020 y_pred=4.546441 diff=4.204421 abs_err=4.204421
INFO | TOP_ERR | split=test epoch=8 rank=10/10 b=217 t=2 var_idx=1 tp=0.524000 y_true=-0.127970 y_pred=3.945763 diff=4.073733 abs_err=4.073733
INFO | TOP_BEST | split=test epoch=8 rank=1/3 b=41 t=0 var_idx=1 tp=0.855500 y_true=-0.127970 y_pred=-0.127993 diff=-0.000022 abs_err=0.000022
INFO | TOP_BEST | split=test epoch=8 rank=2/3 b=247 t=8 var_idx=2 tp=0.662500 y_true=-0.173762 y_pred=-0.173525 diff=0.000237 abs_err=0.000237
INFO | TOP_BEST | split=test epoch=8 rank=3/3 b=64 t=3 var_idx=2 tp=0.844500 y_true=-0.173762 y_pred=-0.174067 diff=-0.000305 abs_err=0.000305
INFO | TOP_OK | split=test epoch=8 rank=1/3 b=2 t=3 var_idx=4 tp=0.553000 y_true=-0.585323 y_pred=-0.611399
INFO | TOP_OK | split=test epoch=8 rank=2/3 b=7 t=1 var_idx=4 tp=0.647000 y_true=1.710372 y_pred=1.681348
INFO | TOP_OK | split=test epoch=8 rank=3/3 b=13 t=3 var_idx=3 tp=0.785000 y_true=-0.683566 y_pred=-0.663870
INFO | TOP_ERR | split=test epoch=15 rank=1/10 b=171 t=4 var_idx=1 tp=0.568000 y_true=8.633243 y_pred=0.484428 diff=-8.148814 abs_err=8.148814
INFO | TOP_ERR | split=test epoch=15 rank=2/10 b=198 t=2 var_idx=0 tp=0.632000 y_true=6.679994 y_pred=0.095402 diff=-6.584592 abs_err=6.584592
INFO | TOP_ERR | split=test epoch=15 rank=3/10 b=116 t=2 var_idx=0 tp=0.926000 y_true=6.106289 y_pred=-0.085359 diff=-6.191648 abs_err=6.191648
INFO | TOP_ERR | split=test epoch=15 rank=4/10 b=183 t=3 var_idx=1 tp=0.825000 y_true=5.128757 y_pred=0.184120 diff=-4.944638 abs_err=4.944638
INFO | TOP_ERR | split=test epoch=15 rank=5/10 b=61 t=2 var_idx=1 tp=0.784000 y_true=5.128757 y_pred=0.293925 diff=-4.834833 abs_err=4.834833
INFO | TOP_ERR | split=test epoch=15 rank=6/10 b=133 t=0 var_idx=1 tp=0.771000 y_true=4.778309 y_pred=0.022304 diff=-4.756005 abs_err=4.756005
INFO | TOP_ERR | split=test epoch=15 rank=7/10 b=176 t=0 var_idx=0 tp=0.667000 y_true=4.283935 y_pred=-0.101119 diff=-4.385054 abs_err=4.385054
INFO | TOP_ERR | split=test epoch=15 rank=8/10 b=152 t=3 var_idx=0 tp=0.677000 y_true=4.385177 y_pred=0.062358 diff=-4.322819 abs_err=4.322819
INFO | TOP_ERR | split=test epoch=15 rank=9/10 b=156 t=5 var_idx=0 tp=0.757000 y_true=3.912714 y_pred=0.000769 diff=-3.911945 abs_err=3.911945
INFO | TOP_ERR | split=test epoch=15 rank=10/10 b=2 t=4 var_idx=2 tp=0.558500 y_true=3.178822 y_pred=-0.139440 diff=-3.318261 abs_err=3.318261
INFO | TOP_BEST | split=test epoch=15 rank=1/3 b=116 t=2 var_idx=2 tp=0.926000 y_true=-0.173762 y_pred=-0.174041 diff=-0.000279 abs_err=0.000279
INFO | TOP_BEST | split=test epoch=15 rank=2/3 b=91 t=7 var_idx=1 tp=0.907500 y_true=-0.127970 y_pred=-0.127641 diff=0.000329 abs_err=0.000329
INFO | TOP_BEST | split=test epoch=15 rank=3/3 b=18 t=6 var_idx=1 tp=0.894000 y_true=-0.127970 y_pred=-0.127626 diff=0.000344 abs_err=0.000344
INFO | TOP_OK | split=test epoch=15 rank=1/3 b=4 t=2 var_idx=4 tp=0.593500 y_true=0.562524 y_pred=0.590449
INFO | TOP_OK | split=test epoch=15 rank=2/3 b=6 t=3 var_idx=1 tp=0.643500 y_true=-0.127970 y_pred=-0.129462
INFO | TOP_OK | split=test epoch=15 rank=3/3 b=7 t=7 var_idx=4 tp=0.654500 y_true=1.449497 y_pred=1.430886
INFO | TOP_ERR | split=test epoch=16 rank=1/10 b=171 t=4 var_idx=1 tp=0.568000 y_true=8.633243 y_pred=0.475411 diff=-8.157832 abs_err=8.157832
INFO | TOP_ERR | split=test epoch=16 rank=2/10 b=198 t=2 var_idx=0 tp=0.632000 y_true=6.679994 y_pred=0.134538 diff=-6.545456 abs_err=6.545456
INFO | TOP_ERR | split=test epoch=16 rank=3/10 b=116 t=2 var_idx=0 tp=0.926000 y_true=6.106289 y_pred=-0.051706 diff=-6.157995 abs_err=6.157995
INFO | TOP_ERR | split=test epoch=16 rank=4/10 b=183 t=3 var_idx=1 tp=0.825000 y_true=5.128757 y_pred=0.169335 diff=-4.959423 abs_err=4.959423
INFO | TOP_ERR | split=test epoch=16 rank=5/10 b=61 t=2 var_idx=1 tp=0.784000 y_true=5.128757 y_pred=0.313310 diff=-4.815448 abs_err=4.815448
INFO | TOP_ERR | split=test epoch=16 rank=6/10 b=133 t=0 var_idx=1 tp=0.771000 y_true=4.778309 y_pred=0.070429 diff=-4.707879 abs_err=4.707880
INFO | TOP_ERR | split=test epoch=16 rank=7/10 b=176 t=0 var_idx=0 tp=0.667000 y_true=4.283935 y_pred=-0.094360 diff=-4.378295 abs_err=4.378294
INFO | TOP_ERR | split=test epoch=16 rank=8/10 b=152 t=3 var_idx=0 tp=0.677000 y_true=4.385177 y_pred=0.109538 diff=-4.275639 abs_err=4.275639
INFO | TOP_ERR | split=test epoch=16 rank=9/10 b=156 t=5 var_idx=0 tp=0.757000 y_true=3.912714 y_pred=0.092283 diff=-3.820431 abs_err=3.820431
INFO | TOP_ERR | split=test epoch=16 rank=10/10 b=2 t=4 var_idx=2 tp=0.558500 y_true=3.178822 y_pred=-0.029363 diff=-3.208185 abs_err=3.208185
INFO | TOP_BEST | split=test epoch=16 rank=1/3 b=21 t=6 var_idx=1 tp=0.953500 y_true=-0.127970 y_pred=-0.127987 diff=-0.000017 abs_err=0.000017
INFO | TOP_BEST | split=test epoch=16 rank=2/3 b=116 t=2 var_idx=2 tp=0.926000 y_true=-0.173762 y_pred=-0.173946 diff=-0.000183 abs_err=0.000183
INFO | TOP_BEST | split=test epoch=16 rank=3/3 b=7 t=14 var_idx=4 tp=0.666500 y_true=1.501672 y_pred=1.501878 diff=0.000206 abs_err=0.000206
INFO | TOP_OK | split=test epoch=16 rank=1/3 b=5 t=5 var_idx=4 tp=0.624000 y_true=1.188623 y_pred=1.242861
INFO | TOP_OK | split=test epoch=16 rank=2/3 b=7 t=7 var_idx=4 tp=0.654500 y_true=1.449497 y_pred=1.509158
INFO | TOP_OK | split=test epoch=16 rank=3/3 b=7 t=14 var_idx=4 tp=0.666500 y_true=1.501672 y_pred=1.501878
INFO | TOP_ERR | split=test epoch=22 rank=1/10 b=171 t=4 var_idx=1 tp=0.568000 y_true=8.633243 y_pred=0.445925 diff=-8.187318 abs_err=8.187318
INFO | TOP_ERR | split=test epoch=22 rank=2/10 b=198 t=2 var_idx=0 tp=0.632000 y_true=6.679994 y_pred=0.079755 diff=-6.600238 abs_err=6.600238
INFO | TOP_ERR | split=test epoch=22 rank=3/10 b=116 t=2 var_idx=0 tp=0.926000 y_true=6.106289 y_pred=-0.149843 diff=-6.256132 abs_err=6.256133
INFO | TOP_ERR | split=test epoch=22 rank=4/10 b=61 t=2 var_idx=1 tp=0.784000 y_true=5.128757 y_pred=0.339729 diff=-4.789028 abs_err=4.789029
INFO | TOP_ERR | split=test epoch=22 rank=5/10 b=133 t=0 var_idx=1 tp=0.771000 y_true=4.778309 y_pred=0.030581 diff=-4.747728 abs_err=4.747727
INFO | TOP_ERR | split=test epoch=22 rank=6/10 b=183 t=3 var_idx=1 tp=0.825000 y_true=5.128757 y_pred=0.387121 diff=-4.741636 abs_err=4.741636
INFO | TOP_ERR | split=test epoch=22 rank=7/10 b=217 t=2 var_idx=1 tp=0.524000 y_true=-0.127970 y_pred=4.352591 diff=4.480561 abs_err=4.480561
INFO | TOP_ERR | split=test epoch=22 rank=8/10 b=217 t=4 var_idx=1 tp=0.539000 y_true=-0.127970 y_pred=4.345739 diff=4.473709 abs_err=4.473709
INFO | TOP_ERR | split=test epoch=22 rank=9/10 b=176 t=0 var_idx=0 tp=0.667000 y_true=4.283935 y_pred=-0.132480 diff=-4.416414 abs_err=4.416414
INFO | TOP_ERR | split=test epoch=22 rank=10/10 b=152 t=3 var_idx=0 tp=0.677000 y_true=4.385177 y_pred=0.009099 diff=-4.376077 abs_err=4.376077
INFO | TOP_BEST | split=test epoch=22 rank=1/3 b=31 t=4 var_idx=2 tp=0.660000 y_true=-0.173762 y_pred=-0.173700 diff=0.000062 abs_err=0.000062
INFO | TOP_BEST | split=test epoch=22 rank=2/3 b=224 t=2 var_idx=1 tp=0.671000 y_true=-0.127970 y_pred=-0.128032 diff=-0.000062 abs_err=0.000062
INFO | TOP_BEST | split=test epoch=22 rank=3/3 b=153 t=2 var_idx=1 tp=0.702000 y_true=-0.127970 y_pred=-0.127806 diff=0.000164 abs_err=0.000164
INFO | TOP_OK | split=test epoch=22 rank=1/3 b=2 t=3 var_idx=4 tp=0.553000 y_true=-0.585323 y_pred=-0.557438
INFO | TOP_OK | split=test epoch=22 rank=2/3 b=5 t=1 var_idx=1 tp=0.609000 y_true=-0.127970 y_pred=-0.122723
INFO | TOP_OK | split=test epoch=22 rank=3/3 b=5 t=5 var_idx=4 tp=0.624000 y_true=1.188623 y_pred=1.140126
INFO | TOP_ERR | split=test epoch=0 rank=1/10 b=171 t=4 var_idx=1 tp=0.568000 y_true=8.633243 y_pred=0.015574 diff=-8.617668 abs_err=8.617668
INFO | TOP_ERR | split=test epoch=0 rank=2/10 b=198 t=2 var_idx=0 tp=0.632000 y_true=6.679994 y_pred=-0.040527 diff=-6.720521 abs_err=6.720520
INFO | TOP_ERR | split=test epoch=0 rank=3/10 b=116 t=2 var_idx=0 tp=0.926000 y_true=6.106289 y_pred=-0.087757 diff=-6.194047 abs_err=6.194047
INFO | TOP_ERR | split=test epoch=0 rank=4/10 b=133 t=0 var_idx=1 tp=0.771000 y_true=4.778309 y_pred=-0.537200 diff=-5.315508 abs_err=5.315508
INFO | TOP_ERR | split=test epoch=0 rank=5/10 b=183 t=3 var_idx=1 tp=0.825000 y_true=5.128757 y_pred=0.056789 diff=-5.071969 abs_err=5.071969
INFO | TOP_ERR | split=test epoch=0 rank=6/10 b=61 t=2 var_idx=1 tp=0.784000 y_true=5.128757 y_pred=0.124160 diff=-5.004597 abs_err=5.004597
INFO | TOP_ERR | split=test epoch=0 rank=7/10 b=152 t=3 var_idx=0 tp=0.677000 y_true=4.385177 y_pred=0.166019 diff=-4.219158 abs_err=4.219158
INFO | TOP_ERR | split=test epoch=0 rank=8/10 b=176 t=0 var_idx=0 tp=0.667000 y_true=4.283935 y_pred=0.072305 diff=-4.211629 abs_err=4.211629
INFO | TOP_ERR | split=test epoch=0 rank=9/10 b=156 t=5 var_idx=0 tp=0.757000 y_true=3.912714 y_pred=0.022473 diff=-3.890241 abs_err=3.890241
INFO | TOP_ERR | split=test epoch=0 rank=10/10 b=168 t=5 var_idx=1 tp=0.517500 y_true=3.376515 y_pred=0.130511 diff=-3.246004 abs_err=3.246004
INFO | TOP_BEST | split=test epoch=0 rank=1/3 b=234 t=1 var_idx=1 tp=0.884000 y_true=-0.127970 y_pred=-0.127896 diff=0.000074 abs_err=0.000074
INFO | TOP_BEST | split=test epoch=0 rank=2/3 b=43 t=1 var_idx=1 tp=0.900500 y_true=-0.127970 y_pred=-0.127876 diff=0.000094 abs_err=0.000094
INFO | TOP_BEST | split=test epoch=0 rank=3/3 b=234 t=0 var_idx=1 tp=0.881000 y_true=-0.127970 y_pred=-0.128293 diff=-0.000323 abs_err=0.000323
INFO | TOP_OK | split=test epoch=0 rank=1/3 b=8 t=0 var_idx=4 tp=0.671000 y_true=1.606022 y_pred=1.587548
INFO | TOP_OK | split=test epoch=0 rank=2/3 b=13 t=1 var_idx=3 tp=0.777000 y_true=-1.065483 y_pred=-1.072079
INFO | TOP_OK | split=test epoch=0 rank=3/3 b=18 t=4 var_idx=4 tp=0.883000 y_true=1.814721 y_pred=1.806405
INFO | TOP_ERR | split=test epoch=1 rank=1/10 b=171 t=4 var_idx=1 tp=0.568000 y_true=8.633243 y_pred=-0.061874 diff=-8.695117 abs_err=8.695117
INFO | TOP_ERR | split=test epoch=1 rank=2/10 b=198 t=2 var_idx=0 tp=0.632000 y_true=6.679994 y_pred=-0.000686 diff=-6.680679 abs_err=6.680679
INFO | TOP_ERR | split=test epoch=1 rank=3/10 b=116 t=2 var_idx=0 tp=0.926000 y_true=6.106289 y_pred=-0.060123 diff=-6.166412 abs_err=6.166412
INFO | TOP_ERR | split=test epoch=1 rank=4/10 b=183 t=3 var_idx=1 tp=0.825000 y_true=5.128757 y_pred=-0.037347 diff=-5.166104 abs_err=5.166104
INFO | TOP_ERR | split=test epoch=1 rank=5/10 b=61 t=2 var_idx=1 tp=0.784000 y_true=5.128757 y_pred=0.031839 diff=-5.096919 abs_err=5.096919
INFO | TOP_ERR | split=test epoch=1 rank=6/10 b=133 t=0 var_idx=1 tp=0.771000 y_true=4.778309 y_pred=-0.244736 diff=-5.023045 abs_err=5.023045
INFO | TOP_ERR | split=test epoch=1 rank=7/10 b=176 t=0 var_idx=0 tp=0.667000 y_true=4.283935 y_pred=-0.023688 diff=-4.307623 abs_err=4.307623
INFO | TOP_ERR | split=test epoch=1 rank=8/10 b=152 t=3 var_idx=0 tp=0.677000 y_true=4.385177 y_pred=0.096676 diff=-4.288501 abs_err=4.288501
INFO | TOP_ERR | split=test epoch=1 rank=9/10 b=156 t=5 var_idx=0 tp=0.757000 y_true=3.912714 y_pred=-0.037663 diff=-3.950377 abs_err=3.950377
INFO | TOP_ERR | split=test epoch=1 rank=10/10 b=168 t=5 var_idx=1 tp=0.517500 y_true=3.376515 y_pred=0.109945 diff=-3.266570 abs_err=3.266570
INFO | TOP_BEST | split=test epoch=1 rank=1/3 b=202 t=8 var_idx=2 tp=0.723000 y_true=-0.173762 y_pred=-0.173763 diff=-0.000001 abs_err=0.000001
INFO | TOP_BEST | split=test epoch=1 rank=2/3 b=130 t=6 var_idx=4 tp=0.719500 y_true=-0.428798 y_pred=-0.428642 diff=0.000156 abs_err=0.000156
INFO | TOP_BEST | split=test epoch=1 rank=3/3 b=187 t=6 var_idx=2 tp=0.915500 y_true=-0.173762 y_pred=-0.173921 diff=-0.000159 abs_err=0.000159
INFO | TOP_OK | split=test epoch=1 rank=1/3 b=5 t=1 var_idx=1 tp=0.609000 y_true=-0.127970 y_pred=-0.131398
INFO | TOP_OK | split=test epoch=1 rank=2/3 b=5 t=5 var_idx=4 tp=0.624000 y_true=1.188623 y_pred=1.141340
INFO | TOP_OK | split=test epoch=1 rank=3/3 b=6 t=0 var_idx=4 tp=0.627500 y_true=1.292973 y_pred=1.248032
INFO | TOP_ERR | split=test epoch=2 rank=1/10 b=171 t=4 var_idx=1 tp=0.568000 y_true=8.633243 y_pred=0.037840 diff=-8.595403 abs_err=8.595403
INFO | TOP_ERR | split=test epoch=2 rank=2/10 b=198 t=2 var_idx=0 tp=0.632000 y_true=6.679994 y_pred=0.026407 diff=-6.653587 abs_err=6.653587
INFO | TOP_ERR | split=test epoch=2 rank=3/10 b=116 t=2 var_idx=0 tp=0.926000 y_true=6.106289 y_pred=-0.071985 diff=-6.178275 abs_err=6.178275
INFO | TOP_ERR | split=test epoch=2 rank=4/10 b=133 t=0 var_idx=1 tp=0.771000 y_true=4.778309 y_pred=-0.449707 diff=-5.228015 abs_err=5.228015
INFO | TOP_ERR | split=test epoch=2 rank=5/10 b=183 t=3 var_idx=1 tp=0.825000 y_true=5.128757 y_pred=-0.004303 diff=-5.133061 abs_err=5.133061
INFO | TOP_ERR | split=test epoch=2 rank=6/10 b=61 t=2 var_idx=1 tp=0.784000 y_true=5.128757 y_pred=0.141761 diff=-4.986997 abs_err=4.986997
INFO | TOP_ERR | split=test epoch=2 rank=7/10 b=176 t=0 var_idx=0 tp=0.667000 y_true=4.283935 y_pred=-0.074039 diff=-4.357974 abs_err=4.357974
INFO | TOP_ERR | split=test epoch=2 rank=8/10 b=152 t=3 var_idx=0 tp=0.677000 y_true=4.385177 y_pred=0.031645 diff=-4.353531 abs_err=4.353531
INFO | TOP_ERR | split=test epoch=2 rank=9/10 b=156 t=5 var_idx=0 tp=0.757000 y_true=3.912714 y_pred=0.052268 diff=-3.860446 abs_err=3.860446
INFO | TOP_ERR | split=test epoch=2 rank=10/10 b=190 t=4 var_idx=1 tp=0.972000 y_true=3.376515 y_pred=0.046257 diff=-3.330258 abs_err=3.330258
INFO | TOP_BEST | split=test epoch=2 rank=1/3 b=2 t=0 var_idx=3 tp=0.544500 y_true=-0.635826 y_pred=-0.636296 diff=-0.000470 abs_err=0.000470
INFO | TOP_BEST | split=test epoch=2 rank=2/3 b=148 t=3 var_idx=1 tp=0.590500 y_true=-0.127970 y_pred=-0.128641 diff=-0.000671 abs_err=0.000671
INFO | TOP_BEST | split=test epoch=2 rank=3/3 b=23 t=2 var_idx=3 tp=0.983000 y_true=-0.922264 y_pred=-0.921476 diff=0.000788 abs_err=0.000788
INFO | TOP_OK | split=test epoch=2 rank=1/3 b=2 t=0 var_idx=3 tp=0.544500 y_true=-0.635826 y_pred=-0.636296
INFO | TOP_OK | split=test epoch=2 rank=2/3 b=5 t=5 var_idx=4 tp=0.624000 y_true=1.188623 y_pred=1.130809
INFO | TOP_OK | split=test epoch=2 rank=3/3 b=7 t=12 var_idx=4 tp=0.662500 y_true=1.397322 y_pred=1.369545
INFO | TOP_ERR | split=test epoch=3 rank=1/10 b=171 t=4 var_idx=1 tp=0.568000 y_true=8.633243 y_pred=0.009924 diff=-8.623318 abs_err=8.623319
INFO | TOP_ERR | split=test epoch=3 rank=2/10 b=198 t=2 var_idx=0 tp=0.632000 y_true=6.679994 y_pred=0.067649 diff=-6.612345 abs_err=6.612345
INFO | TOP_ERR | split=test epoch=3 rank=3/10 b=116 t=2 var_idx=0 tp=0.926000 y_true=6.106289 y_pred=-0.062036 diff=-6.168326 abs_err=6.168325
INFO | TOP_ERR | split=test epoch=3 rank=4/10 b=183 t=3 var_idx=1 tp=0.825000 y_true=5.128757 y_pred=0.017285 diff=-5.111472 abs_err=5.111472
INFO | TOP_ERR | split=test epoch=3 rank=5/10 b=61 t=2 var_idx=1 tp=0.784000 y_true=5.128757 y_pred=0.023247 diff=-5.105510 abs_err=5.105510
INFO | TOP_ERR | split=test epoch=3 rank=6/10 b=133 t=0 var_idx=1 tp=0.771000 y_true=4.778309 y_pred=-0.159788 diff=-4.938096 abs_err=4.938097
INFO | TOP_ERR | split=test epoch=3 rank=7/10 b=176 t=0 var_idx=0 tp=0.667000 y_true=4.283935 y_pred=-0.127484 diff=-4.411419 abs_err=4.411419
INFO | TOP_ERR | split=test epoch=3 rank=8/10 b=152 t=3 var_idx=0 tp=0.677000 y_true=4.385177 y_pred=0.095555 diff=-4.289622 abs_err=4.289622
INFO | TOP_ERR | split=test epoch=3 rank=9/10 b=156 t=5 var_idx=0 tp=0.757000 y_true=3.912714 y_pred=0.014815 diff=-3.897899 abs_err=3.897899
INFO | TOP_ERR | split=test epoch=3 rank=10/10 b=190 t=4 var_idx=1 tp=0.972000 y_true=3.376515 y_pred=0.125924 diff=-3.250591 abs_err=3.250591
INFO | TOP_BEST | split=test epoch=3 rank=1/3 b=248 t=0 var_idx=2 tp=0.667000 y_true=-0.173762 y_pred=-0.173767 diff=-0.000005 abs_err=0.000005
INFO | TOP_BEST | split=test epoch=3 rank=2/3 b=246 t=2 var_idx=4 tp=0.640500 y_true=0.666874 y_pred=0.666960 diff=0.000086 abs_err=0.000086
INFO | TOP_BEST | split=test epoch=3 rank=3/3 b=68 t=7 var_idx=1 tp=0.935000 y_true=-0.127970 y_pred=-0.128149 diff=-0.000179 abs_err=0.000179
INFO | TOP_OK | split=test epoch=3 rank=1/3 b=4 t=1 var_idx=4 tp=0.592500 y_true=0.823399 y_pred=0.796477
INFO | TOP_OK | split=test epoch=3 rank=2/3 b=5 t=2 var_idx=2 tp=0.613000 y_true=-0.173762 y_pred=-0.179090
INFO | TOP_OK | split=test epoch=3 rank=3/3 b=5 t=3 var_idx=4 tp=0.616000 y_true=1.345147 y_pred=1.321388
INFO | TOP_ERR | split=test epoch=4 rank=1/10 b=171 t=4 var_idx=1 tp=0.568000 y_true=8.633243 y_pred=0.180391 diff=-8.452852 abs_err=8.452851
INFO | TOP_ERR | split=test epoch=4 rank=2/10 b=198 t=2 var_idx=0 tp=0.632000 y_true=6.679994 y_pred=0.101627 diff=-6.578366 abs_err=6.578366
INFO | TOP_ERR | split=test epoch=4 rank=3/10 b=116 t=2 var_idx=0 tp=0.926000 y_true=6.106289 y_pred=-0.041612 diff=-6.147901 abs_err=6.147901
INFO | TOP_ERR | split=test epoch=4 rank=4/10 b=61 t=2 var_idx=1 tp=0.784000 y_true=5.128757 y_pred=0.166781 diff=-4.961976 abs_err=4.961977
INFO | TOP_ERR | split=test epoch=4 rank=5/10 b=183 t=3 var_idx=1 tp=0.825000 y_true=5.128757 y_pred=0.234261 diff=-4.894496 abs_err=4.894496
INFO | TOP_ERR | split=test epoch=4 rank=6/10 b=133 t=0 var_idx=1 tp=0.771000 y_true=4.778309 y_pred=-0.081424 diff=-4.859733 abs_err=4.859733
INFO | TOP_ERR | split=test epoch=4 rank=7/10 b=176 t=0 var_idx=0 tp=0.667000 y_true=4.283935 y_pred=-0.083784 diff=-4.367719 abs_err=4.367719
INFO | TOP_ERR | split=test epoch=4 rank=8/10 b=152 t=3 var_idx=0 tp=0.677000 y_true=4.385177 y_pred=0.108677 diff=-4.276500 abs_err=4.276500
INFO | TOP_ERR | split=test epoch=4 rank=9/10 b=156 t=5 var_idx=0 tp=0.757000 y_true=3.912714 y_pred=0.083326 diff=-3.829388 abs_err=3.829388
INFO | TOP_ERR | split=test epoch=4 rank=10/10 b=2 t=4 var_idx=2 tp=0.558500 y_true=3.178822 y_pred=0.085144 diff=-3.093677 abs_err=3.093677
INFO | TOP_BEST | split=test epoch=4 rank=1/3 b=53 t=3 var_idx=2 tp=0.614000 y_true=-0.173762 y_pred=-0.173866 diff=-0.000104 abs_err=0.000104
INFO | TOP_BEST | split=test epoch=4 rank=2/3 b=53 t=5 var_idx=2 tp=0.616000 y_true=-0.173762 y_pred=-0.173456 diff=0.000307 abs_err=0.000307
INFO | TOP_BEST | split=test epoch=4 rank=3/3 b=53 t=2 var_idx=2 tp=0.613000 y_true=-0.173762 y_pred=-0.174071 diff=-0.000309 abs_err=0.000309
INFO | TOP_OK | split=test epoch=4 rank=1/3 b=4 t=1 var_idx=4 tp=0.592500 y_true=0.823399 y_pred=0.808578
INFO | TOP_OK | split=test epoch=4 rank=2/3 b=5 t=5 var_idx=4 tp=0.624000 y_true=1.188623 y_pred=1.216156
INFO | TOP_OK | split=test epoch=4 rank=3/3 b=6 t=1 var_idx=2 tp=0.628000 y_true=-0.173762 y_pred=-0.179202
INFO | TOP_ERR | split=test epoch=7 rank=1/10 b=171 t=4 var_idx=1 tp=0.568000 y_true=8.633243 y_pred=0.191007 diff=-8.442236 abs_err=8.442236
INFO | TOP_ERR | split=test epoch=7 rank=2/10 b=198 t=2 var_idx=0 tp=0.632000 y_true=6.679994 y_pred=0.101461 diff=-6.578533 abs_err=6.578533
INFO | TOP_ERR | split=test epoch=7 rank=3/10 b=116 t=2 var_idx=0 tp=0.926000 y_true=6.106289 y_pred=-0.002191 diff=-6.108480 abs_err=6.108480
INFO | TOP_ERR | split=test epoch=7 rank=4/10 b=183 t=3 var_idx=1 tp=0.825000 y_true=5.128757 y_pred=0.096882 diff=-5.031875 abs_err=5.031875
INFO | TOP_ERR | split=test epoch=7 rank=5/10 b=61 t=2 var_idx=1 tp=0.784000 y_true=5.128757 y_pred=0.116509 diff=-5.012248 abs_err=5.012248
INFO | TOP_ERR | split=test epoch=7 rank=6/10 b=133 t=0 var_idx=1 tp=0.771000 y_true=4.778309 y_pred=0.027788 diff=-4.750521 abs_err=4.750521
INFO | TOP_ERR | split=test epoch=7 rank=7/10 b=176 t=0 var_idx=0 tp=0.667000 y_true=4.283935 y_pred=-0.069618 diff=-4.353553 abs_err=4.353553
INFO | TOP_ERR | split=test epoch=7 rank=8/10 b=152 t=3 var_idx=0 tp=0.677000 y_true=4.385177 y_pred=0.090833 diff=-4.294344 abs_err=4.294344
INFO | TOP_ERR | split=test epoch=7 rank=9/10 b=156 t=5 var_idx=0 tp=0.757000 y_true=3.912714 y_pred=0.047204 diff=-3.865510 abs_err=3.865510
INFO | TOP_ERR | split=test epoch=7 rank=10/10 b=2 t=4 var_idx=2 tp=0.558500 y_true=3.178822 y_pred=0.010804 diff=-3.168018 abs_err=3.168018
INFO | TOP_BEST | split=test epoch=7 rank=1/3 b=226 t=3 var_idx=2 tp=0.720000 y_true=-0.173762 y_pred=-0.173868 diff=-0.000105 abs_err=0.000105
INFO | TOP_BEST | split=test epoch=7 rank=2/3 b=226 t=4 var_idx=2 tp=0.721500 y_true=-0.173762 y_pred=-0.173630 diff=0.000132 abs_err=0.000132
INFO | TOP_BEST | split=test epoch=7 rank=3/3 b=141 t=3 var_idx=3 tp=0.951000 y_true=0.032528 y_pred=0.031465 diff=-0.001063 abs_err=0.001063
INFO | TOP_OK | split=test epoch=7 rank=1/3 b=1 t=0 var_idx=4 tp=0.527000 y_true=-0.585323 y_pred=-0.599894
INFO | TOP_OK | split=test epoch=7 rank=2/3 b=7 t=14 var_idx=4 tp=0.666500 y_true=1.501672 y_pred=1.538994
INFO | TOP_OK | split=test epoch=7 rank=3/3 b=16 t=5 var_idx=4 tp=0.849500 y_true=0.875574 y_pred=0.888805
INFO | TOP_ERR | split=test epoch=8 rank=1/10 b=171 t=4 var_idx=1 tp=0.568000 y_true=8.633243 y_pred=0.281022 diff=-8.352221 abs_err=8.352221
INFO | TOP_ERR | split=test epoch=8 rank=2/10 b=198 t=2 var_idx=0 tp=0.632000 y_true=6.679994 y_pred=0.039370 diff=-6.640624 abs_err=6.640624
INFO | TOP_ERR | split=test epoch=8 rank=3/10 b=116 t=2 var_idx=0 tp=0.926000 y_true=6.106289 y_pred=-0.175213 diff=-6.281503 abs_err=6.281503
INFO | TOP_ERR | split=test epoch=8 rank=4/10 b=61 t=2 var_idx=1 tp=0.784000 y_true=5.128757 y_pred=0.219563 diff=-4.909194 abs_err=4.909194
INFO | TOP_ERR | split=test epoch=8 rank=5/10 b=183 t=3 var_idx=1 tp=0.825000 y_true=5.128757 y_pred=0.232762 diff=-4.895995 abs_err=4.895995
INFO | TOP_ERR | split=test epoch=8 rank=6/10 b=133 t=0 var_idx=1 tp=0.771000 y_true=4.778309 y_pred=0.016436 diff=-4.761873 abs_err=4.761873
INFO | TOP_ERR | split=test epoch=8 rank=7/10 b=176 t=0 var_idx=0 tp=0.667000 y_true=4.283935 y_pred=-0.196446 diff=-4.480381 abs_err=4.480381
INFO | TOP_ERR | split=test epoch=8 rank=8/10 b=152 t=3 var_idx=0 tp=0.677000 y_true=4.385177 y_pred=-0.049024 diff=-4.434201 abs_err=4.434201
INFO | TOP_ERR | split=test epoch=8 rank=9/10 b=156 t=5 var_idx=0 tp=0.757000 y_true=3.912714 y_pred=-0.055205 diff=-3.967919 abs_err=3.967919
INFO | TOP_ERR | split=test epoch=8 rank=10/10 b=2 t=4 var_idx=2 tp=0.558500 y_true=3.178822 y_pred=-0.086391 diff=-3.265213 abs_err=3.265213
INFO | TOP_BEST | split=test epoch=8 rank=1/3 b=198 t=7 var_idx=1 tp=0.637500 y_true=-0.127970 y_pred=-0.127855 diff=0.000115 abs_err=0.000115
INFO | TOP_BEST | split=test epoch=8 rank=2/3 b=174 t=0 var_idx=1 tp=0.625000 y_true=-0.127970 y_pred=-0.127834 diff=0.000136 abs_err=0.000136
INFO | TOP_BEST | split=test epoch=8 rank=3/3 b=250 t=4 var_idx=2 tp=0.726000 y_true=-0.173762 y_pred=-0.173218 diff=0.000545 abs_err=0.000545
INFO | TOP_OK | split=test epoch=8 rank=1/3 b=5 t=5 var_idx=4 tp=0.624000 y_true=1.188623 y_pred=1.199905
INFO | TOP_OK | split=test epoch=8 rank=2/3 b=13 t=1 var_idx=3 tp=0.777000 y_true=-1.065483 y_pred=-1.060627
INFO | TOP_OK | split=test epoch=8 rank=3/3 b=23 t=2 var_idx=3 tp=0.983000 y_true=-0.922264 y_pred=-0.949491
INFO | TOP_ERR | split=test epoch=9 rank=1/10 b=171 t=4 var_idx=1 tp=0.568000 y_true=8.633243 y_pred=0.208037 diff=-8.425205 abs_err=8.425205
INFO | TOP_ERR | split=test epoch=9 rank=2/10 b=198 t=2 var_idx=0 tp=0.632000 y_true=6.679994 y_pred=0.034542 diff=-6.645451 abs_err=6.645451
INFO | TOP_ERR | split=test epoch=9 rank=3/10 b=116 t=2 var_idx=0 tp=0.926000 y_true=6.106289 y_pred=-0.074681 diff=-6.180971 abs_err=6.180971
INFO | TOP_ERR | split=test epoch=9 rank=4/10 b=183 t=3 var_idx=1 tp=0.825000 y_true=5.128757 y_pred=0.026480 diff=-5.102278 abs_err=5.102278
INFO | TOP_ERR | split=test epoch=9 rank=5/10 b=61 t=2 var_idx=1 tp=0.784000 y_true=5.128757 y_pred=0.037753 diff=-5.091004 abs_err=5.091004
INFO | TOP_ERR | split=test epoch=9 rank=6/10 b=133 t=0 var_idx=1 tp=0.771000 y_true=4.778309 y_pred=-0.034408 diff=-4.812717 abs_err=4.812717
INFO | TOP_ERR | split=test epoch=9 rank=7/10 b=152 t=3 var_idx=0 tp=0.677000 y_true=4.385177 y_pred=-0.017617 diff=-4.402794 abs_err=4.402794
INFO | TOP_ERR | split=test epoch=9 rank=8/10 b=176 t=0 var_idx=0 tp=0.667000 y_true=4.283935 y_pred=-0.089286 diff=-4.373221 abs_err=4.373221
INFO | TOP_ERR | split=test epoch=9 rank=9/10 b=156 t=5 var_idx=0 tp=0.757000 y_true=3.912714 y_pred=-0.033024 diff=-3.945738 abs_err=3.945738
INFO | TOP_ERR | split=test epoch=9 rank=10/10 b=157 t=0 var_idx=1 tp=0.772500 y_true=3.376515 y_pred=0.115964 diff=-3.260551 abs_err=3.260551
INFO | TOP_BEST | split=test epoch=9 rank=1/3 b=57 t=5 var_idx=3 tp=0.706000 y_true=-0.062951 y_pred=-0.062098 diff=0.000853 abs_err=0.000853
INFO | TOP_BEST | split=test epoch=9 rank=2/3 b=108 t=7 var_idx=0 tp=0.770000 y_true=-0.069469 y_pred=-0.070538 diff=-0.001069 abs_err=0.001069
INFO | TOP_BEST | split=test epoch=9 rank=3/3 b=147 t=9 var_idx=0 tp=0.583000 y_true=-0.035722 y_pred=-0.037007 diff=-0.001285 abs_err=0.001285
INFO | TOP_OK | split=test epoch=9 rank=1/3 b=1 t=0 var_idx=4 tp=0.527000 y_true=-0.585323 y_pred=-0.583999
INFO | TOP_OK | split=test epoch=9 rank=2/3 b=5 t=1 var_idx=1 tp=0.609000 y_true=-0.127970 y_pred=-0.122620
INFO | TOP_OK | split=test epoch=9 rank=3/3 b=6 t=0 var_idx=4 tp=0.627500 y_true=1.292973 y_pred=1.290385
