/home/ouass/Test/MSP-IMTS/tPatchGNN/run_models.py
2025-11-02 13:46:06
run_models.py --dataset ushcn --state def --history 24 --patience 10 --batch_size 192 --lr 1e-3 --patch_size 2 --stride 2 --nhead 1 --tf_layer 1 --nlayer 1 --te_dim 10 --node_dim 10 --hid_dim 32 --outlayer Linear --seed 1 --gpu 0
Namespace(multi_scales='', multi_strides='', fusion='concat', state='def', n=100000000, hop=1, nhead=1, tf_layer=1, nlayer=1, epoch=1000, patience=10, history=24, patch_size=2.0, stride=2.0, logmode='a', lr=0.001, w_decay=0.0, batch_size=192, save='experiments/', load=None, seed=1, dataset='ushcn', quantization=0.0, model='tPatchGNN', outlayer='Linear', hid_dim=32, te_dim=10, node_dim=10, gpu='0', npatch=12, device=device(type='cuda'), PID=1616602, n_months=48, pred_window=1, ndim=5)
- Epoch 000, ExpID 52597
Train - Loss (one batch): 0.62136
Val - Loss, MSE, RMSE, MAE, MAPE: 0.85158, 0.85158, 0.92281, 0.34760, -49.09%
Test - Best epoch, Loss, MSE, RMSE, MAE, MAPE: 0, 0.53120, 0.53120, 0.72883, 0.32051, -47.03%
Time spent: 16.84s
- Epoch 001, ExpID 52597
Train - Loss (one batch): 0.24257
Val - Loss, MSE, RMSE, MAE, MAPE: 0.77603, 0.77603, 0.88093, 0.34316, -60.63%
Test - Best epoch, Loss, MSE, RMSE, MAE, MAPE: 1, 0.51694, 0.51694, 0.71899, 0.31688, -58.29%
Time spent: 11.48s
- Epoch 002, ExpID 52597
Train - Loss (one batch): 0.31230
Val - Loss, MSE, RMSE, MAE, MAPE: 0.76050, 0.76050, 0.87207, 0.33254, -46.38%
Test - Best epoch, Loss, MSE, RMSE, MAE, MAPE: 2, 0.52728, 0.52728, 0.72614, 0.30849, -45.13%
Time spent: 11.36s
- Epoch 003, ExpID 52597
Train - Loss (one batch): 0.41816
Val - Loss, MSE, RMSE, MAE, MAPE: 0.75269, 0.75269, 0.86758, 0.32709, -51.62%
Test - Best epoch, Loss, MSE, RMSE, MAE, MAPE: 3, 0.51043, 0.51043, 0.71444, 0.30149, -49.31%
Time spent: 11.39s
- Epoch 004, ExpID 52597
Train - Loss (one batch): 0.35526
Val - Loss, MSE, RMSE, MAE, MAPE: 0.72351, 0.72351, 0.85059, 0.32789, -51.86%
Test - Best epoch, Loss, MSE, RMSE, MAE, MAPE: 4, 0.51284, 0.51284, 0.71613, 0.30429, -50.16%
Time spent: 11.73s
- Epoch 005, ExpID 52597
Train - Loss (one batch): 0.39354
Val - Loss, MSE, RMSE, MAE, MAPE: 0.72181, 0.72181, 0.84959, 0.32783, -54.44%
Test - Best epoch, Loss, MSE, RMSE, MAE, MAPE: 5, 0.50538, 0.50538, 0.71090, 0.30367, -52.54%
Time spent: 11.37s
- Epoch 006, ExpID 52597
Train - Loss (one batch): 0.32953
Val - Loss, MSE, RMSE, MAE, MAPE: 0.68927, 0.68927, 0.83022, 0.33093, -57.55%
Test - Best epoch, Loss, MSE, RMSE, MAE, MAPE: 6, 0.50815, 0.50815, 0.71285, 0.30765, -56.13%
Time spent: 11.36s
- Epoch 007, ExpID 52597
Train - Loss (one batch): 0.40576
Val - Loss, MSE, RMSE, MAE, MAPE: 0.71859, 0.71859, 0.84770, 0.34721, -66.43%
Test - Best epoch, Loss, MSE, RMSE, MAE, MAPE: 6, 0.50815, 0.50815, 0.71285, 0.30765, -56.13%
Time spent: 9.49s
- Epoch 008, ExpID 52597
Train - Loss (one batch): 0.32925
Val - Loss, MSE, RMSE, MAE, MAPE: 0.70980, 0.70980, 0.84250, 0.32479, -53.52%
Test - Best epoch, Loss, MSE, RMSE, MAE, MAPE: 6, 0.50815, 0.50815, 0.71285, 0.30765, -56.13%
Time spent: 9.45s
- Epoch 009, ExpID 52597
Train - Loss (one batch): 0.70593
Val - Loss, MSE, RMSE, MAE, MAPE: 0.73291, 0.73291, 0.85610, 0.33234, -59.07%
Test - Best epoch, Loss, MSE, RMSE, MAE, MAPE: 6, 0.50815, 0.50815, 0.71285, 0.30765, -56.13%
Time spent: 9.43s
- Epoch 010, ExpID 52597
Train - Loss (one batch): 0.45308
Val - Loss, MSE, RMSE, MAE, MAPE: 0.71312, 0.71312, 0.84446, 0.32711, -54.78%
Test - Best epoch, Loss, MSE, RMSE, MAE, MAPE: 6, 0.50815, 0.50815, 0.71285, 0.30765, -56.13%
Time spent: 9.44s
- Epoch 011, ExpID 52597
Train - Loss (one batch): 0.48850
Val - Loss, MSE, RMSE, MAE, MAPE: 0.68360, 0.68360, 0.82680, 0.33667, -60.99%
Test - Best epoch, Loss, MSE, RMSE, MAE, MAPE: 11, 0.50028, 0.50028, 0.70730, 0.31344, -58.55%
Time spent: 11.33s
- Epoch 012, ExpID 52597
Train - Loss (one batch): 0.43341
Val - Loss, MSE, RMSE, MAE, MAPE: 0.70294, 0.70294, 0.83842, 0.32915, -57.70%
Test - Best epoch, Loss, MSE, RMSE, MAE, MAPE: 11, 0.50028, 0.50028, 0.70730, 0.31344, -58.55%
Time spent: 9.43s
- Epoch 013, ExpID 52597
Train - Loss (one batch): 0.48118
Val - Loss, MSE, RMSE, MAE, MAPE: 0.69226, 0.69226, 0.83202, 0.32519, -55.91%
Test - Best epoch, Loss, MSE, RMSE, MAE, MAPE: 11, 0.50028, 0.50028, 0.70730, 0.31344, -58.55%
Time spent: 9.45s
- Epoch 014, ExpID 52597
Train - Loss (one batch): 0.44883
Val - Loss, MSE, RMSE, MAE, MAPE: 0.66927, 0.66927, 0.81809, 0.33920, -64.76%
Test - Best epoch, Loss, MSE, RMSE, MAE, MAPE: 14, 0.50345, 0.50345, 0.70954, 0.31804, -62.62%
Time spent: 11.44s
- Epoch 015, ExpID 52597
Train - Loss (one batch): 0.29179
Val - Loss, MSE, RMSE, MAE, MAPE: 0.66994, 0.66994, 0.81850, 0.32633, -56.82%
Test - Best epoch, Loss, MSE, RMSE, MAE, MAPE: 14, 0.50345, 0.50345, 0.70954, 0.31804, -62.62%
Time spent: 9.53s
- Epoch 016, ExpID 52597
Train - Loss (one batch): 0.37002
Val - Loss, MSE, RMSE, MAE, MAPE: 0.68503, 0.68503, 0.82767, 0.32448, -52.29%
Test - Best epoch, Loss, MSE, RMSE, MAE, MAPE: 14, 0.50345, 0.50345, 0.70954, 0.31804, -62.62%
Time spent: 9.51s
- Epoch 017, ExpID 52597
Train - Loss (one batch): 0.32910
Val - Loss, MSE, RMSE, MAE, MAPE: 0.67822, 0.67822, 0.82354, 0.31903, -49.38%
Test - Best epoch, Loss, MSE, RMSE, MAE, MAPE: 14, 0.50345, 0.50345, 0.70954, 0.31804, -62.62%
Time spent: 9.59s
- Epoch 018, ExpID 52597
Train - Loss (one batch): 0.61449
Val - Loss, MSE, RMSE, MAE, MAPE: 0.71115, 0.71115, 0.84330, 0.33876, -63.12%
Test - Best epoch, Loss, MSE, RMSE, MAE, MAPE: 14, 0.50345, 0.50345, 0.70954, 0.31804, -62.62%
Time spent: 9.92s
- Epoch 019, ExpID 52597
Train - Loss (one batch): 0.69637
Val - Loss, MSE, RMSE, MAE, MAPE: 0.70557, 0.70557, 0.83998, 0.34678, -69.58%
Test - Best epoch, Loss, MSE, RMSE, MAE, MAPE: 14, 0.50345, 0.50345, 0.70954, 0.31804, -62.62%
Time spent: 9.61s
- Epoch 020, ExpID 52597
Train - Loss (one batch): 0.58339
Val - Loss, MSE, RMSE, MAE, MAPE: 0.68916, 0.68916, 0.83016, 0.34230, -59.93%
Test - Best epoch, Loss, MSE, RMSE, MAE, MAPE: 14, 0.50345, 0.50345, 0.70954, 0.31804, -62.62%
Time spent: 9.63s
- Epoch 021, ExpID 52597
Train - Loss (one batch): 0.43468
Val - Loss, MSE, RMSE, MAE, MAPE: 0.67807, 0.67807, 0.82345, 0.31128, -46.98%
Test - Best epoch, Loss, MSE, RMSE, MAE, MAPE: 14, 0.50345, 0.50345, 0.70954, 0.31804, -62.62%
Time spent: 9.51s
- Epoch 022, ExpID 52597
Train - Loss (one batch): 2.98834
Val - Loss, MSE, RMSE, MAE, MAPE: 0.66816, 0.66816, 0.81741, 0.33242, -62.85%
Test - Best epoch, Loss, MSE, RMSE, MAE, MAPE: 22, 0.49427, 0.49427, 0.70305, 0.30989, -59.34%
Time spent: 11.41s
- Epoch 023, ExpID 52597
Train - Loss (one batch): 0.25290
Val - Loss, MSE, RMSE, MAE, MAPE: 0.68717, 0.68717, 0.82895, 0.32533, -54.69%
Test - Best epoch, Loss, MSE, RMSE, MAE, MAPE: 22, 0.49427, 0.49427, 0.70305, 0.30989, -59.34%
Time spent: 9.50s
- Epoch 024, ExpID 52597
Train - Loss (one batch): 0.78304
Val - Loss, MSE, RMSE, MAE, MAPE: 0.70936, 0.70936, 0.84224, 0.34337, -64.18%
Test - Best epoch, Loss, MSE, RMSE, MAE, MAPE: 22, 0.49427, 0.49427, 0.70305, 0.30989, -59.34%
Time spent: 9.51s
- Epoch 025, ExpID 52597
Train - Loss (one batch): 0.98484
Val - Loss, MSE, RMSE, MAE, MAPE: 0.68809, 0.68809, 0.82951, 0.33712, -63.38%
Test - Best epoch, Loss, MSE, RMSE, MAE, MAPE: 22, 0.49427, 0.49427, 0.70305, 0.30989, -59.34%
Time spent: 9.51s
- Epoch 026, ExpID 52597
Train - Loss (one batch): 0.45953
Val - Loss, MSE, RMSE, MAE, MAPE: 0.66375, 0.66375, 0.81471, 0.32254, -57.99%
Test - Best epoch, Loss, MSE, RMSE, MAE, MAPE: 26, 0.49665, 0.49665, 0.70473, 0.29921, -54.73%
Time spent: 11.43s
- Epoch 027, ExpID 52597
Train - Loss (one batch): 0.79717
Val - Loss, MSE, RMSE, MAE, MAPE: 0.68797, 0.68797, 0.82944, 0.35278, -73.76%
Test - Best epoch, Loss, MSE, RMSE, MAE, MAPE: 26, 0.49665, 0.49665, 0.70473, 0.29921, -54.73%
Time spent: 9.51s
- Epoch 028, ExpID 52597
Train - Loss (one batch): 0.18660
Val - Loss, MSE, RMSE, MAE, MAPE: 0.66133, 0.66133, 0.81322, 0.32601, -54.08%
Test - Best epoch, Loss, MSE, RMSE, MAE, MAPE: 28, 0.49807, 0.49807, 0.70574, 0.30406, -51.20%
Time spent: 11.41s
- Epoch 029, ExpID 52597
Train - Loss (one batch): 0.24764
Val - Loss, MSE, RMSE, MAE, MAPE: 0.68678, 0.68678, 0.82872, 0.34443, -69.01%
Test - Best epoch, Loss, MSE, RMSE, MAE, MAPE: 28, 0.49807, 0.49807, 0.70574, 0.30406, -51.20%
Time spent: 9.51s
- Epoch 030, ExpID 52597
Train - Loss (one batch): 0.30890
Val - Loss, MSE, RMSE, MAE, MAPE: 0.68157, 0.68157, 0.82557, 0.35859, -77.77%
Test - Best epoch, Loss, MSE, RMSE, MAE, MAPE: 28, 0.49807, 0.49807, 0.70574, 0.30406, -51.20%
Time spent: 9.56s
- Epoch 031, ExpID 52597
Train - Loss (one batch): 0.51358
Val - Loss, MSE, RMSE, MAE, MAPE: 0.68199, 0.68199, 0.82583, 0.32193, -55.61%
Test - Best epoch, Loss, MSE, RMSE, MAE, MAPE: 28, 0.49807, 0.49807, 0.70574, 0.30406, -51.20%
Time spent: 9.53s
- Epoch 032, ExpID 52597
Train - Loss (one batch): 0.27410
Val - Loss, MSE, RMSE, MAE, MAPE: 0.69106, 0.69106, 0.83130, 0.32388, -56.47%
Test - Best epoch, Loss, MSE, RMSE, MAE, MAPE: 28, 0.49807, 0.49807, 0.70574, 0.30406, -51.20%
Time spent: 9.53s
- Epoch 033, ExpID 52597
Train - Loss (one batch): 0.59890
Val - Loss, MSE, RMSE, MAE, MAPE: 0.65144, 0.65144, 0.80712, 0.32129, -55.28%
Test - Best epoch, Loss, MSE, RMSE, MAE, MAPE: 33, 0.49555, 0.49555, 0.70396, 0.29940, -52.12%
Time spent: 11.47s
- Epoch 034, ExpID 52597
Train - Loss (one batch): 0.34890
Val - Loss, MSE, RMSE, MAE, MAPE: 0.67730, 0.67730, 0.82298, 0.32165, -56.99%
Test - Best epoch, Loss, MSE, RMSE, MAE, MAPE: 33, 0.49555, 0.49555, 0.70396, 0.29940, -52.12%
Time spent: 9.51s
- Epoch 035, ExpID 52597
Train - Loss (one batch): 0.38083
Val - Loss, MSE, RMSE, MAE, MAPE: 0.67431, 0.67431, 0.82116, 0.32324, -55.10%
Test - Best epoch, Loss, MSE, RMSE, MAE, MAPE: 33, 0.49555, 0.49555, 0.70396, 0.29940, -52.12%
Time spent: 9.60s
- Epoch 036, ExpID 52597
Train - Loss (one batch): 0.38345
Val - Loss, MSE, RMSE, MAE, MAPE: 0.68091, 0.68091, 0.82517, 0.32519, -55.01%
Test - Best epoch, Loss, MSE, RMSE, MAE, MAPE: 33, 0.49555, 0.49555, 0.70396, 0.29940, -52.12%
Time spent: 9.52s
- Epoch 037, ExpID 52597
Train - Loss (one batch): 0.51086
Val - Loss, MSE, RMSE, MAE, MAPE: 0.65839, 0.65839, 0.81141, 0.33701, -65.89%
Test - Best epoch, Loss, MSE, RMSE, MAE, MAPE: 33, 0.49555, 0.49555, 0.70396, 0.29940, -52.12%
Time spent: 9.55s
- Epoch 038, ExpID 52597
Train - Loss (one batch): 0.63490
Val - Loss, MSE, RMSE, MAE, MAPE: 0.73056, 0.73056, 0.85473, 0.31645, -51.49%
Test - Best epoch, Loss, MSE, RMSE, MAE, MAPE: 33, 0.49555, 0.49555, 0.70396, 0.29940, -52.12%
Time spent: 9.58s
- Epoch 039, ExpID 52597
Train - Loss (one batch): 0.34418
Val - Loss, MSE, RMSE, MAE, MAPE: 0.70054, 0.70054, 0.83698, 0.33030, -62.20%
Test - Best epoch, Loss, MSE, RMSE, MAE, MAPE: 33, 0.49555, 0.49555, 0.70396, 0.29940, -52.12%
Time spent: 9.60s
- Epoch 040, ExpID 52597
Train - Loss (one batch): 2.07028
Val - Loss, MSE, RMSE, MAE, MAPE: 0.69846, 0.69846, 0.83574, 0.32860, -55.12%
Test - Best epoch, Loss, MSE, RMSE, MAE, MAPE: 33, 0.49555, 0.49555, 0.70396, 0.29940, -52.12%
Time spent: 9.62s
- Epoch 041, ExpID 52597
Train - Loss (one batch): 0.35537
Val - Loss, MSE, RMSE, MAE, MAPE: 0.67332, 0.67332, 0.82056, 0.34000, -65.61%
Test - Best epoch, Loss, MSE, RMSE, MAE, MAPE: 33, 0.49555, 0.49555, 0.70396, 0.29940, -52.12%
Time spent: 9.60s
- Epoch 042, ExpID 52597
Train - Loss (one batch): 0.41399
Val - Loss, MSE, RMSE, MAE, MAPE: 0.69614, 0.69614, 0.83435, 0.32438, -57.16%
Test - Best epoch, Loss, MSE, RMSE, MAE, MAPE: 33, 0.49555, 0.49555, 0.70396, 0.29940, -52.12%
Time spent: 9.62s
- Epoch 043, ExpID 52597
Train - Loss (one batch): 0.27152
Val - Loss, MSE, RMSE, MAE, MAPE: 0.67713, 0.67713, 0.82288, 0.32408, -56.71%
Test - Best epoch, Loss, MSE, RMSE, MAE, MAPE: 33, 0.49555, 0.49555, 0.70396, 0.29940, -52.12%
Time spent: 9.58s
/home/ouass/Test/MSP-IMTS/tPatchGNN/run_models.py
2025-11-02 13:53:47
run_models.py --dataset ushcn --state def --history 24 --patience 10 --batch_size 192 --lr 1e-3 --patch_size 2 --stride 2 --nhead 1 --tf_layer 1 --nlayer 1 --te_dim 10 --node_dim 10 --hid_dim 32 --outlayer Linear --seed 2 --gpu 0
Namespace(multi_scales='', multi_strides='', fusion='concat', state='def', n=100000000, hop=1, nhead=1, tf_layer=1, nlayer=1, epoch=1000, patience=10, history=24, patch_size=2.0, stride=2.0, logmode='a', lr=0.001, w_decay=0.0, batch_size=192, save='experiments/', load=None, seed=2, dataset='ushcn', quantization=0.0, model='tPatchGNN', outlayer='Linear', hid_dim=32, te_dim=10, node_dim=10, gpu='0', npatch=12, device=device(type='cuda'), PID=1616675, n_months=48, pred_window=1, ndim=5)
- Epoch 000, ExpID 86891
Train - Loss (one batch): 0.40459
Val - Loss, MSE, RMSE, MAE, MAPE: 0.83464, 0.83464, 0.91359, 0.36244, -73.45%
Test - Best epoch, Loss, MSE, RMSE, MAE, MAPE: 0, 0.52863, 0.52863, 0.72707, 0.33753, -70.39%
Time spent: 12.20s
- Epoch 001, ExpID 86891
Train - Loss (one batch): 0.39275
Val - Loss, MSE, RMSE, MAE, MAPE: 0.77252, 0.77252, 0.87893, 0.33866, -56.25%
Test - Best epoch, Loss, MSE, RMSE, MAE, MAPE: 1, 0.51081, 0.51081, 0.71471, 0.31301, -53.98%
Time spent: 11.63s
- Epoch 002, ExpID 86891
Train - Loss (one batch): 0.35137
Val - Loss, MSE, RMSE, MAE, MAPE: 0.75627, 0.75627, 0.86964, 0.34907, -66.40%
Test - Best epoch, Loss, MSE, RMSE, MAE, MAPE: 2, 0.51128, 0.51128, 0.71504, 0.32537, -63.54%
Time spent: 11.57s
- Epoch 003, ExpID 86891
Train - Loss (one batch): 1.09574
Val - Loss, MSE, RMSE, MAE, MAPE: 0.73823, 0.73823, 0.85920, 0.34292, -60.38%
Test - Best epoch, Loss, MSE, RMSE, MAE, MAPE: 3, 0.51015, 0.51015, 0.71425, 0.31916, -57.70%
Time spent: 11.57s
- Epoch 004, ExpID 86891
Train - Loss (one batch): 0.34542
Val - Loss, MSE, RMSE, MAE, MAPE: 0.72683, 0.72683, 0.85254, 0.35601, -68.54%
Test - Best epoch, Loss, MSE, RMSE, MAE, MAPE: 4, 0.51666, 0.51666, 0.71879, 0.33066, -64.69%
Time spent: 11.60s
- Epoch 005, ExpID 86891
Train - Loss (one batch): 0.73579
Val - Loss, MSE, RMSE, MAE, MAPE: 0.74893, 0.74893, 0.86541, 0.33401, -56.84%
Test - Best epoch, Loss, MSE, RMSE, MAE, MAPE: 4, 0.51666, 0.51666, 0.71879, 0.33066, -64.69%
Time spent: 9.82s
- Epoch 006, ExpID 86891
Train - Loss (one batch): 0.41326
Val - Loss, MSE, RMSE, MAE, MAPE: 0.71575, 0.71575, 0.84602, 0.33991, -62.24%
Test - Best epoch, Loss, MSE, RMSE, MAE, MAPE: 6, 0.50789, 0.50789, 0.71266, 0.31714, -60.27%
Time spent: 11.79s
- Epoch 007, ExpID 86891
Train - Loss (one batch): 0.98648
Val - Loss, MSE, RMSE, MAE, MAPE: 0.72438, 0.72438, 0.85110, 0.34601, -64.71%
Test - Best epoch, Loss, MSE, RMSE, MAE, MAPE: 6, 0.50789, 0.50789, 0.71266, 0.31714, -60.27%
Time spent: 9.70s
- Epoch 008, ExpID 86891
Train - Loss (one batch): 0.20002
Val - Loss, MSE, RMSE, MAE, MAPE: 0.71125, 0.71125, 0.84336, 0.33445, -59.72%
Test - Best epoch, Loss, MSE, RMSE, MAE, MAPE: 8, 0.50122, 0.50122, 0.70797, 0.31169, -57.32%
Time spent: 11.79s
- Epoch 009, ExpID 86891
Train - Loss (one batch): 0.93863
Val - Loss, MSE, RMSE, MAE, MAPE: 0.70315, 0.70315, 0.83854, 0.34416, -65.66%
Test - Best epoch, Loss, MSE, RMSE, MAE, MAPE: 9, 0.50374, 0.50374, 0.70974, 0.32309, -63.16%
Time spent: 11.65s
- Epoch 010, ExpID 86891
Train - Loss (one batch): 0.15416
Val - Loss, MSE, RMSE, MAE, MAPE: 0.71153, 0.71153, 0.84352, 0.35218, -69.16%
Test - Best epoch, Loss, MSE, RMSE, MAE, MAPE: 9, 0.50374, 0.50374, 0.70974, 0.32309, -63.16%
Time spent: 9.72s
- Epoch 011, ExpID 86891
Train - Loss (one batch): 0.63514
Val - Loss, MSE, RMSE, MAE, MAPE: 0.69732, 0.69732, 0.83505, 0.33307, -61.66%
Test - Best epoch, Loss, MSE, RMSE, MAE, MAPE: 11, 0.50153, 0.50153, 0.70819, 0.31087, -59.52%
Time spent: 11.49s
- Epoch 012, ExpID 86891
Train - Loss (one batch): 0.35492
Val - Loss, MSE, RMSE, MAE, MAPE: 0.69197, 0.69197, 0.83185, 0.32730, -57.34%
Test - Best epoch, Loss, MSE, RMSE, MAE, MAPE: 12, 0.50156, 0.50156, 0.70821, 0.30557, -55.66%
Time spent: 11.61s
- Epoch 013, ExpID 86891
Train - Loss (one batch): 0.28822
Val - Loss, MSE, RMSE, MAE, MAPE: 0.71865, 0.71865, 0.84773, 0.32553, -49.60%
Test - Best epoch, Loss, MSE, RMSE, MAE, MAPE: 12, 0.50156, 0.50156, 0.70821, 0.30557, -55.66%
Time spent: 9.66s
- Epoch 014, ExpID 86891
Train - Loss (one batch): 0.33338
Val - Loss, MSE, RMSE, MAE, MAPE: 0.68401, 0.68401, 0.82705, 0.33391, -59.63%
Test - Best epoch, Loss, MSE, RMSE, MAE, MAPE: 14, 0.49515, 0.49515, 0.70367, 0.31146, -57.41%
Time spent: 11.54s
- Epoch 015, ExpID 86891
Train - Loss (one batch): 0.31627
Val - Loss, MSE, RMSE, MAE, MAPE: 0.69906, 0.69906, 0.83610, 0.32191, -49.78%
Test - Best epoch, Loss, MSE, RMSE, MAE, MAPE: 14, 0.49515, 0.49515, 0.70367, 0.31146, -57.41%
Time spent: 9.71s
- Epoch 016, ExpID 86891
Train - Loss (one batch): 0.45574
Val - Loss, MSE, RMSE, MAE, MAPE: 0.72321, 0.72321, 0.85042, 0.33357, -58.22%
Test - Best epoch, Loss, MSE, RMSE, MAE, MAPE: 14, 0.49515, 0.49515, 0.70367, 0.31146, -57.41%
Time spent: 9.68s
- Epoch 017, ExpID 86891
Train - Loss (one batch): 0.45118
Val - Loss, MSE, RMSE, MAE, MAPE: 0.67799, 0.67799, 0.82340, 0.32931, -56.87%
Test - Best epoch, Loss, MSE, RMSE, MAE, MAPE: 17, 0.49698, 0.49698, 0.70497, 0.30825, -55.68%
Time spent: 11.67s
- Epoch 018, ExpID 86891
Train - Loss (one batch): 0.53037
Val - Loss, MSE, RMSE, MAE, MAPE: 0.72031, 0.72031, 0.84871, 0.32654, -54.24%
Test - Best epoch, Loss, MSE, RMSE, MAE, MAPE: 17, 0.49698, 0.49698, 0.70497, 0.30825, -55.68%
Time spent: 9.67s
- Epoch 019, ExpID 86891
Train - Loss (one batch): 0.50737
Val - Loss, MSE, RMSE, MAE, MAPE: 0.72341, 0.72341, 0.85053, 0.34268, -67.95%
Test - Best epoch, Loss, MSE, RMSE, MAE, MAPE: 17, 0.49698, 0.49698, 0.70497, 0.30825, -55.68%
Time spent: 9.72s
- Epoch 020, ExpID 86891
Train - Loss (one batch): 0.23702
Val - Loss, MSE, RMSE, MAE, MAPE: 0.72147, 0.72147, 0.84939, 0.33169, -58.39%
Test - Best epoch, Loss, MSE, RMSE, MAE, MAPE: 17, 0.49698, 0.49698, 0.70497, 0.30825, -55.68%
Time spent: 9.67s
- Epoch 021, ExpID 86891
Train - Loss (one batch): 0.74665
Val - Loss, MSE, RMSE, MAE, MAPE: 0.72613, 0.72613, 0.85213, 0.33356, -60.74%
Test - Best epoch, Loss, MSE, RMSE, MAE, MAPE: 17, 0.49698, 0.49698, 0.70497, 0.30825, -55.68%
Time spent: 9.64s
- Epoch 022, ExpID 86891
Train - Loss (one batch): 0.30680
Val - Loss, MSE, RMSE, MAE, MAPE: 0.70026, 0.70026, 0.83682, 0.34131, -64.15%
Test - Best epoch, Loss, MSE, RMSE, MAE, MAPE: 17, 0.49698, 0.49698, 0.70497, 0.30825, -55.68%
Time spent: 9.67s
- Epoch 023, ExpID 86891
Train - Loss (one batch): 0.38096
Val - Loss, MSE, RMSE, MAE, MAPE: 0.68447, 0.68447, 0.82733, 0.32813, -56.04%
Test - Best epoch, Loss, MSE, RMSE, MAE, MAPE: 17, 0.49698, 0.49698, 0.70497, 0.30825, -55.68%
Time spent: 9.62s
- Epoch 024, ExpID 86891
Train - Loss (one batch): 0.26889
Val - Loss, MSE, RMSE, MAE, MAPE: 0.68748, 0.68748, 0.82914, 0.32240, -53.22%
Test - Best epoch, Loss, MSE, RMSE, MAE, MAPE: 17, 0.49698, 0.49698, 0.70497, 0.30825, -55.68%
Time spent: 9.67s
- Epoch 025, ExpID 86891
Train - Loss (one batch): 0.49036
Val - Loss, MSE, RMSE, MAE, MAPE: 0.70311, 0.70311, 0.83852, 0.32445, -49.20%
Test - Best epoch, Loss, MSE, RMSE, MAE, MAPE: 17, 0.49698, 0.49698, 0.70497, 0.30825, -55.68%
Time spent: 9.66s
- Epoch 026, ExpID 86891
Train - Loss (one batch): 0.39818
Val - Loss, MSE, RMSE, MAE, MAPE: 0.68140, 0.68140, 0.82547, 0.33838, -64.97%
Test - Best epoch, Loss, MSE, RMSE, MAE, MAPE: 17, 0.49698, 0.49698, 0.70497, 0.30825, -55.68%
Time spent: 9.74s
- Epoch 027, ExpID 86891
Train - Loss (one batch): 0.19428
Val - Loss, MSE, RMSE, MAE, MAPE: 0.66869, 0.66869, 0.81773, 0.31877, -53.64%
Test - Best epoch, Loss, MSE, RMSE, MAE, MAPE: 27, 0.49396, 0.49396, 0.70282, 0.29719, -50.38%
Time spent: 11.81s
- Epoch 028, ExpID 86891
Train - Loss (one batch): 0.20841
Val - Loss, MSE, RMSE, MAE, MAPE: 0.68783, 0.68783, 0.82935, 0.32728, -57.97%
Test - Best epoch, Loss, MSE, RMSE, MAE, MAPE: 27, 0.49396, 0.49396, 0.70282, 0.29719, -50.38%
Time spent: 9.81s
- Epoch 029, ExpID 86891
Train - Loss (one batch): 0.45738
Val - Loss, MSE, RMSE, MAE, MAPE: 0.65965, 0.65965, 0.81219, 0.32474, -58.34%
Test - Best epoch, Loss, MSE, RMSE, MAE, MAPE: 29, 0.49501, 0.49501, 0.70357, 0.30203, -54.27%
Time spent: 11.64s
- Epoch 030, ExpID 86891
Train - Loss (one batch): 0.22940
Val - Loss, MSE, RMSE, MAE, MAPE: 0.66534, 0.66534, 0.81568, 0.32724, -59.27%
Test - Best epoch, Loss, MSE, RMSE, MAE, MAPE: 29, 0.49501, 0.49501, 0.70357, 0.30203, -54.27%
Time spent: 9.67s
- Epoch 031, ExpID 86891
Train - Loss (one batch): 0.28249
Val - Loss, MSE, RMSE, MAE, MAPE: 0.65834, 0.65834, 0.81138, 0.32858, -58.13%
Test - Best epoch, Loss, MSE, RMSE, MAE, MAPE: 31, 0.49524, 0.49524, 0.70373, 0.30611, -54.59%
Time spent: 11.63s
- Epoch 032, ExpID 86891
Train - Loss (one batch): 0.69229
Val - Loss, MSE, RMSE, MAE, MAPE: 0.66903, 0.66903, 0.81794, 0.33773, -62.75%
Test - Best epoch, Loss, MSE, RMSE, MAE, MAPE: 31, 0.49524, 0.49524, 0.70373, 0.30611, -54.59%
Time spent: 9.68s
- Epoch 033, ExpID 86891
Train - Loss (one batch): 0.62290
Val - Loss, MSE, RMSE, MAE, MAPE: 0.67570, 0.67570, 0.82201, 0.32652, -59.97%
Test - Best epoch, Loss, MSE, RMSE, MAE, MAPE: 31, 0.49524, 0.49524, 0.70373, 0.30611, -54.59%
Time spent: 9.70s
- Epoch 034, ExpID 86891
Train - Loss (one batch): 0.65213
Val - Loss, MSE, RMSE, MAE, MAPE: 0.67175, 0.67175, 0.81961, 0.33249, -64.36%
Test - Best epoch, Loss, MSE, RMSE, MAE, MAPE: 31, 0.49524, 0.49524, 0.70373, 0.30611, -54.59%
Time spent: 9.72s
- Epoch 035, ExpID 86891
Train - Loss (one batch): 0.22824
Val - Loss, MSE, RMSE, MAE, MAPE: 0.67014, 0.67014, 0.81862, 0.33034, -62.44%
Test - Best epoch, Loss, MSE, RMSE, MAE, MAPE: 31, 0.49524, 0.49524, 0.70373, 0.30611, -54.59%
Time spent: 9.84s
- Epoch 036, ExpID 86891
Train - Loss (one batch): 0.52320
Val - Loss, MSE, RMSE, MAE, MAPE: 0.66769, 0.66769, 0.81712, 0.32929, -58.02%
Test - Best epoch, Loss, MSE, RMSE, MAE, MAPE: 31, 0.49524, 0.49524, 0.70373, 0.30611, -54.59%
Time spent: 9.65s
- Epoch 037, ExpID 86891
Train - Loss (one batch): 0.23844
Val - Loss, MSE, RMSE, MAE, MAPE: 0.66999, 0.66999, 0.81853, 0.32937, -57.79%
Test - Best epoch, Loss, MSE, RMSE, MAE, MAPE: 31, 0.49524, 0.49524, 0.70373, 0.30611, -54.59%
Time spent: 9.60s
- Epoch 038, ExpID 86891
Train - Loss (one batch): 0.67152
Val - Loss, MSE, RMSE, MAE, MAPE: 0.66952, 0.66952, 0.81824, 0.34081, -68.78%
Test - Best epoch, Loss, MSE, RMSE, MAE, MAPE: 31, 0.49524, 0.49524, 0.70373, 0.30611, -54.59%
Time spent: 9.50s
- Epoch 039, ExpID 86891
Train - Loss (one batch): 0.45484
Val - Loss, MSE, RMSE, MAE, MAPE: 0.68636, 0.68636, 0.82847, 0.32236, -52.61%
Test - Best epoch, Loss, MSE, RMSE, MAE, MAPE: 31, 0.49524, 0.49524, 0.70373, 0.30611, -54.59%
Time spent: 9.64s
- Epoch 040, ExpID 86891
Train - Loss (one batch): 0.50020
Val - Loss, MSE, RMSE, MAE, MAPE: 0.66646, 0.66646, 0.81637, 0.31846, -53.38%
Test - Best epoch, Loss, MSE, RMSE, MAE, MAPE: 31, 0.49524, 0.49524, 0.70373, 0.30611, -54.59%
Time spent: 9.56s
- Epoch 041, ExpID 86891
Train - Loss (one batch): 0.46212
Val - Loss, MSE, RMSE, MAE, MAPE: 0.66453, 0.66453, 0.81519, 0.31581, -51.74%
Test - Best epoch, Loss, MSE, RMSE, MAE, MAPE: 31, 0.49524, 0.49524, 0.70373, 0.30611, -54.59%
Time spent: 9.60s
/home/ouass/Test/MSP-IMTS/tPatchGNN/run_models.py
2025-11-02 14:01:13
run_models.py --dataset ushcn --state def --history 24 --patience 10 --batch_size 192 --lr 1e-3 --patch_size 2 --stride 2 --nhead 1 --tf_layer 1 --nlayer 1 --te_dim 10 --node_dim 10 --hid_dim 32 --outlayer Linear --seed 3 --gpu 0
Namespace(multi_scales='', multi_strides='', fusion='concat', state='def', n=100000000, hop=1, nhead=1, tf_layer=1, nlayer=1, epoch=1000, patience=10, history=24, patch_size=2.0, stride=2.0, logmode='a', lr=0.001, w_decay=0.0, batch_size=192, save='experiments/', load=None, seed=3, dataset='ushcn', quantization=0.0, model='tPatchGNN', outlayer='Linear', hid_dim=32, te_dim=10, node_dim=10, gpu='0', npatch=12, device=device(type='cuda'), PID=1616764, n_months=48, pred_window=1, ndim=5)
- Epoch 000, ExpID 47035
Train - Loss (one batch): 0.36330
Val - Loss, MSE, RMSE, MAE, MAPE: 0.84806, 0.84806, 0.92090, 0.39735, -86.02%
Test - Best epoch, Loss, MSE, RMSE, MAE, MAPE: 0, 0.54590, 0.54590, 0.73885, 0.37154, -83.83%
Time spent: 12.02s
- Epoch 001, ExpID 47035
Train - Loss (one batch): 1.42689
Val - Loss, MSE, RMSE, MAE, MAPE: 0.79962, 0.79962, 0.89422, 0.34353, -54.47%
Test - Best epoch, Loss, MSE, RMSE, MAE, MAPE: 1, 0.52387, 0.52387, 0.72379, 0.31921, -52.61%
Time spent: 11.77s
- Epoch 002, ExpID 47035
Train - Loss (one batch): 0.41559
Val - Loss, MSE, RMSE, MAE, MAPE: 0.76662, 0.76662, 0.87557, 0.35996, -69.38%
Test - Best epoch, Loss, MSE, RMSE, MAE, MAPE: 2, 0.52181, 0.52181, 0.72236, 0.33702, -67.29%
Time spent: 11.78s
- Epoch 003, ExpID 47035
Train - Loss (one batch): 0.29023
Val - Loss, MSE, RMSE, MAE, MAPE: 0.73571, 0.73571, 0.85773, 0.33941, -57.64%
Test - Best epoch, Loss, MSE, RMSE, MAE, MAPE: 3, 0.51686, 0.51686, 0.71893, 0.31585, -54.48%
Time spent: 11.88s
- Epoch 004, ExpID 47035
Train - Loss (one batch): 0.70791
Val - Loss, MSE, RMSE, MAE, MAPE: 0.74851, 0.74851, 0.86517, 0.34194, -59.52%
Test - Best epoch, Loss, MSE, RMSE, MAE, MAPE: 3, 0.51686, 0.51686, 0.71893, 0.31585, -54.48%
Time spent: 9.65s
- Epoch 005, ExpID 47035
Train - Loss (one batch): 0.86380
Val - Loss, MSE, RMSE, MAE, MAPE: 0.72876, 0.72876, 0.85367, 0.35945, -71.58%
Test - Best epoch, Loss, MSE, RMSE, MAE, MAPE: 5, 0.51454, 0.51454, 0.71732, 0.33725, -69.32%
Time spent: 11.80s
- Epoch 006, ExpID 47035
Train - Loss (one batch): 0.28737
Val - Loss, MSE, RMSE, MAE, MAPE: 0.72750, 0.72750, 0.85294, 0.34252, -62.12%
Test - Best epoch, Loss, MSE, RMSE, MAE, MAPE: 6, 0.50880, 0.50880, 0.71330, 0.31766, -58.49%
Time spent: 11.98s
- Epoch 007, ExpID 47035
Train - Loss (one batch): 0.21413
Val - Loss, MSE, RMSE, MAE, MAPE: 0.71948, 0.71948, 0.84822, 0.34557, -64.70%
Test - Best epoch, Loss, MSE, RMSE, MAE, MAPE: 7, 0.50965, 0.50965, 0.71390, 0.32192, -61.24%
Time spent: 11.69s
- Epoch 008, ExpID 47035
Train - Loss (one batch): 0.37790
Val - Loss, MSE, RMSE, MAE, MAPE: 0.72972, 0.72972, 0.85423, 0.33427, -58.68%
Test - Best epoch, Loss, MSE, RMSE, MAE, MAPE: 7, 0.50965, 0.50965, 0.71390, 0.32192, -61.24%
Time spent: 9.73s
- Epoch 009, ExpID 47035
Train - Loss (one batch): 0.57214
Val - Loss, MSE, RMSE, MAE, MAPE: 0.71885, 0.71885, 0.84785, 0.33436, -59.25%
Test - Best epoch, Loss, MSE, RMSE, MAE, MAPE: 9, 0.50886, 0.50886, 0.71335, 0.31091, -56.49%
Time spent: 11.65s
- Epoch 010, ExpID 47035
Train - Loss (one batch): 0.85900
Val - Loss, MSE, RMSE, MAE, MAPE: 0.70116, 0.70116, 0.83735, 0.33441, -58.82%
Test - Best epoch, Loss, MSE, RMSE, MAE, MAPE: 10, 0.50334, 0.50334, 0.70946, 0.31123, -55.75%
Time spent: 11.62s
- Epoch 011, ExpID 47035
Train - Loss (one batch): 0.58639
Val - Loss, MSE, RMSE, MAE, MAPE: 0.65769, 0.65769, 0.81098, 0.33564, -59.80%
Test - Best epoch, Loss, MSE, RMSE, MAE, MAPE: 11, 0.50872, 0.50872, 0.71325, 0.31346, -57.17%
Time spent: 11.62s
- Epoch 012, ExpID 47035
Train - Loss (one batch): 0.53726
Val - Loss, MSE, RMSE, MAE, MAPE: 0.68080, 0.68080, 0.82510, 0.34207, -60.44%
Test - Best epoch, Loss, MSE, RMSE, MAE, MAPE: 11, 0.50872, 0.50872, 0.71325, 0.31346, -57.17%
Time spent: 9.72s
- Epoch 013, ExpID 47035
Train - Loss (one batch): 0.21453
Val - Loss, MSE, RMSE, MAE, MAPE: 0.69037, 0.69037, 0.83088, 0.33181, -57.37%
Test - Best epoch, Loss, MSE, RMSE, MAE, MAPE: 11, 0.50872, 0.50872, 0.71325, 0.31346, -57.17%
Time spent: 9.81s
- Epoch 014, ExpID 47035
Train - Loss (one batch): 0.81012
Val - Loss, MSE, RMSE, MAE, MAPE: 0.74144, 0.74144, 0.86107, 0.33956, -61.26%
Test - Best epoch, Loss, MSE, RMSE, MAE, MAPE: 11, 0.50872, 0.50872, 0.71325, 0.31346, -57.17%
Time spent: 9.73s
- Epoch 015, ExpID 47035
Train - Loss (one batch): 0.81402
Val - Loss, MSE, RMSE, MAE, MAPE: 0.70372, 0.70372, 0.83888, 0.33462, -59.31%
Test - Best epoch, Loss, MSE, RMSE, MAE, MAPE: 11, 0.50872, 0.50872, 0.71325, 0.31346, -57.17%
Time spent: 9.72s
- Epoch 016, ExpID 47035
Train - Loss (one batch): 0.79269
Val - Loss, MSE, RMSE, MAE, MAPE: 0.70649, 0.70649, 0.84053, 0.32971, -50.50%
Test - Best epoch, Loss, MSE, RMSE, MAE, MAPE: 11, 0.50872, 0.50872, 0.71325, 0.31346, -57.17%
Time spent: 9.67s
- Epoch 017, ExpID 47035
Train - Loss (one batch): 0.46011
Val - Loss, MSE, RMSE, MAE, MAPE: 0.68095, 0.68095, 0.82520, 0.33199, -56.98%
Test - Best epoch, Loss, MSE, RMSE, MAE, MAPE: 11, 0.50872, 0.50872, 0.71325, 0.31346, -57.17%
Time spent: 9.71s
- Epoch 018, ExpID 47035
Train - Loss (one batch): 0.56380
Val - Loss, MSE, RMSE, MAE, MAPE: 0.73725, 0.73725, 0.85863, 0.33705, -60.28%
Test - Best epoch, Loss, MSE, RMSE, MAE, MAPE: 11, 0.50872, 0.50872, 0.71325, 0.31346, -57.17%
Time spent: 9.67s
- Epoch 019, ExpID 47035
Train - Loss (one batch): 0.25469
Val - Loss, MSE, RMSE, MAE, MAPE: 0.70333, 0.70333, 0.83865, 0.33079, -58.44%
Test - Best epoch, Loss, MSE, RMSE, MAE, MAPE: 11, 0.50872, 0.50872, 0.71325, 0.31346, -57.17%
Time spent: 9.64s
- Epoch 020, ExpID 47035
Train - Loss (one batch): 0.39021
Val - Loss, MSE, RMSE, MAE, MAPE: 0.66684, 0.66684, 0.81660, 0.33706, -62.48%
Test - Best epoch, Loss, MSE, RMSE, MAE, MAPE: 11, 0.50872, 0.50872, 0.71325, 0.31346, -57.17%
Time spent: 10.16s
- Epoch 021, ExpID 47035
Train - Loss (one batch): 0.60653
Val - Loss, MSE, RMSE, MAE, MAPE: 0.67541, 0.67541, 0.82183, 0.32964, -57.29%
Test - Best epoch, Loss, MSE, RMSE, MAE, MAPE: 11, 0.50872, 0.50872, 0.71325, 0.31346, -57.17%
Time spent: 9.63s
/home/ouass/Test/MSP-IMTS/tPatchGNN/run_models.py
2025-11-02 14:05:18
run_models.py --dataset ushcn --state def --history 24 --patience 10 --batch_size 192 --lr 1e-3 --patch_size 2 --stride 2 --nhead 1 --tf_layer 1 --nlayer 1 --te_dim 10 --node_dim 10 --hid_dim 32 --outlayer Linear --seed 4 --gpu 0
Namespace(multi_scales='', multi_strides='', fusion='concat', state='def', n=100000000, hop=1, nhead=1, tf_layer=1, nlayer=1, epoch=1000, patience=10, history=24, patch_size=2.0, stride=2.0, logmode='a', lr=0.001, w_decay=0.0, batch_size=192, save='experiments/', load=None, seed=4, dataset='ushcn', quantization=0.0, model='tPatchGNN', outlayer='Linear', hid_dim=32, te_dim=10, node_dim=10, gpu='0', npatch=12, device=device(type='cuda'), PID=1616805, n_months=48, pred_window=1, ndim=5)
- Epoch 000, ExpID 18748
Train - Loss (one batch): 0.48433
Val - Loss, MSE, RMSE, MAE, MAPE: 0.86346, 0.86346, 0.92923, 0.36779, -74.38%
Test - Best epoch, Loss, MSE, RMSE, MAE, MAPE: 0, 0.53301, 0.53301, 0.73007, 0.33862, -68.49%
Time spent: 12.52s
- Epoch 001, ExpID 18748
Train - Loss (one batch): 0.33435
Val - Loss, MSE, RMSE, MAE, MAPE: 0.81912, 0.81912, 0.90505, 0.36443, -71.30%
Test - Best epoch, Loss, MSE, RMSE, MAE, MAPE: 1, 0.53296, 0.53296, 0.73004, 0.33826, -66.26%
Time spent: 11.81s
- Epoch 002, ExpID 18748
Train - Loss (one batch): 0.53371
Val - Loss, MSE, RMSE, MAE, MAPE: 0.78319, 0.78319, 0.88498, 0.36303, -73.11%
Test - Best epoch, Loss, MSE, RMSE, MAE, MAPE: 2, 0.51956, 0.51956, 0.72081, 0.33772, -69.76%
Time spent: 11.72s
- Epoch 003, ExpID 18748
Train - Loss (one batch): 0.59767
Val - Loss, MSE, RMSE, MAE, MAPE: 0.77692, 0.77692, 0.88143, 0.35877, -72.20%
Test - Best epoch, Loss, MSE, RMSE, MAE, MAPE: 3, 0.51510, 0.51510, 0.71770, 0.33276, -67.74%
Time spent: 11.85s
- Epoch 004, ExpID 18748
Train - Loss (one batch): 0.34665
Val - Loss, MSE, RMSE, MAE, MAPE: 0.78222, 0.78222, 0.88443, 0.34085, -58.41%
Test - Best epoch, Loss, MSE, RMSE, MAE, MAPE: 3, 0.51510, 0.51510, 0.71770, 0.33276, -67.74%
Time spent: 9.81s
- Epoch 005, ExpID 18748
Train - Loss (one batch): 0.33400
Val - Loss, MSE, RMSE, MAE, MAPE: 0.74087, 0.74087, 0.86074, 0.34122, -61.25%
Test - Best epoch, Loss, MSE, RMSE, MAE, MAPE: 5, 0.51093, 0.51093, 0.71479, 0.31575, -57.07%
Time spent: 11.84s
- Epoch 006, ExpID 18748
Train - Loss (one batch): 0.35428
Val - Loss, MSE, RMSE, MAE, MAPE: 0.75041, 0.75041, 0.86626, 0.33933, -53.85%
Test - Best epoch, Loss, MSE, RMSE, MAE, MAPE: 5, 0.51093, 0.51093, 0.71479, 0.31575, -57.07%
Time spent: 10.01s
- Epoch 007, ExpID 18748
Train - Loss (one batch): 0.62940
Val - Loss, MSE, RMSE, MAE, MAPE: 0.73600, 0.73600, 0.85791, 0.35368, -67.24%
Test - Best epoch, Loss, MSE, RMSE, MAE, MAPE: 7, 0.50896, 0.50896, 0.71342, 0.32919, -64.09%
Time spent: 11.86s
- Epoch 008, ExpID 18748
Train - Loss (one batch): 0.27358
Val - Loss, MSE, RMSE, MAE, MAPE: 0.76367, 0.76367, 0.87388, 0.34909, -61.14%
Test - Best epoch, Loss, MSE, RMSE, MAE, MAPE: 7, 0.50896, 0.50896, 0.71342, 0.32919, -64.09%
Time spent: 9.80s
- Epoch 009, ExpID 18748
Train - Loss (one batch): 0.41026
Val - Loss, MSE, RMSE, MAE, MAPE: 0.74036, 0.74036, 0.86044, 0.35024, -64.94%
Test - Best epoch, Loss, MSE, RMSE, MAE, MAPE: 7, 0.50896, 0.50896, 0.71342, 0.32919, -64.09%
Time spent: 10.05s
- Epoch 010, ExpID 18748
Train - Loss (one batch): 0.38121
Val - Loss, MSE, RMSE, MAE, MAPE: 0.74347, 0.74347, 0.86225, 0.33591, -53.29%
Test - Best epoch, Loss, MSE, RMSE, MAE, MAPE: 7, 0.50896, 0.50896, 0.71342, 0.32919, -64.09%
Time spent: 9.88s
- Epoch 011, ExpID 18748
Train - Loss (one batch): 0.41229
Val - Loss, MSE, RMSE, MAE, MAPE: 0.72205, 0.72205, 0.84974, 0.34528, -63.39%
Test - Best epoch, Loss, MSE, RMSE, MAE, MAPE: 11, 0.51935, 0.51935, 0.72066, 0.32087, -60.63%
Time spent: 11.98s
- Epoch 012, ExpID 18748
Train - Loss (one batch): 0.58901
Val - Loss, MSE, RMSE, MAE, MAPE: 0.71337, 0.71337, 0.84461, 0.34674, -66.13%
Test - Best epoch, Loss, MSE, RMSE, MAE, MAPE: 12, 0.51242, 0.51242, 0.71583, 0.32202, -62.33%
Time spent: 11.96s
- Epoch 013, ExpID 18748
Train - Loss (one batch): 0.48654
Val - Loss, MSE, RMSE, MAE, MAPE: 0.71568, 0.71568, 0.84598, 0.34397, -64.48%
Test - Best epoch, Loss, MSE, RMSE, MAE, MAPE: 12, 0.51242, 0.51242, 0.71583, 0.32202, -62.33%
Time spent: 10.21s
- Epoch 014, ExpID 18748
Train - Loss (one batch): 0.35009
Val - Loss, MSE, RMSE, MAE, MAPE: 0.73546, 0.73546, 0.85759, 0.33141, -50.66%
Test - Best epoch, Loss, MSE, RMSE, MAE, MAPE: 12, 0.51242, 0.51242, 0.71583, 0.32202, -62.33%
Time spent: 9.80s
- Epoch 015, ExpID 18748
Train - Loss (one batch): 0.42061
Val - Loss, MSE, RMSE, MAE, MAPE: 0.72357, 0.72357, 0.85063, 0.35296, -65.23%
Test - Best epoch, Loss, MSE, RMSE, MAE, MAPE: 12, 0.51242, 0.51242, 0.71583, 0.32202, -62.33%
Time spent: 9.83s
- Epoch 016, ExpID 18748
Train - Loss (one batch): 0.56042
Val - Loss, MSE, RMSE, MAE, MAPE: 0.72358, 0.72358, 0.85064, 0.33872, -61.51%
Test - Best epoch, Loss, MSE, RMSE, MAE, MAPE: 12, 0.51242, 0.51242, 0.71583, 0.32202, -62.33%
Time spent: 9.83s
- Epoch 017, ExpID 18748
Train - Loss (one batch): 0.23666
Val - Loss, MSE, RMSE, MAE, MAPE: 0.73401, 0.73401, 0.85675, 0.33337, -58.00%
Test - Best epoch, Loss, MSE, RMSE, MAE, MAPE: 12, 0.51242, 0.51242, 0.71583, 0.32202, -62.33%
Time spent: 9.79s
- Epoch 018, ExpID 18748
Train - Loss (one batch): 0.23988
Val - Loss, MSE, RMSE, MAE, MAPE: 0.74876, 0.74876, 0.86531, 0.32965, -54.50%
Test - Best epoch, Loss, MSE, RMSE, MAE, MAPE: 12, 0.51242, 0.51242, 0.71583, 0.32202, -62.33%
Time spent: 9.78s
- Epoch 019, ExpID 18748
Train - Loss (one batch): 0.43943
Val - Loss, MSE, RMSE, MAE, MAPE: 0.72188, 0.72188, 0.84963, 0.33325, -59.77%
Test - Best epoch, Loss, MSE, RMSE, MAE, MAPE: 12, 0.51242, 0.51242, 0.71583, 0.32202, -62.33%
Time spent: 9.81s
- Epoch 020, ExpID 18748
Train - Loss (one batch): 0.63653
Val - Loss, MSE, RMSE, MAE, MAPE: 0.71569, 0.71569, 0.84598, 0.33625, -57.92%
Test - Best epoch, Loss, MSE, RMSE, MAE, MAPE: 12, 0.51242, 0.51242, 0.71583, 0.32202, -62.33%
Time spent: 10.20s
- Epoch 021, ExpID 18748
Train - Loss (one batch): 0.22881
Val - Loss, MSE, RMSE, MAE, MAPE: 0.74105, 0.74105, 0.86085, 0.32199, -49.17%
Test - Best epoch, Loss, MSE, RMSE, MAE, MAPE: 12, 0.51242, 0.51242, 0.71583, 0.32202, -62.33%
Time spent: 9.95s
- Epoch 022, ExpID 18748
Train - Loss (one batch): 0.67121
Val - Loss, MSE, RMSE, MAE, MAPE: 0.74709, 0.74709, 0.86434, 0.38106, -88.48%
Test - Best epoch, Loss, MSE, RMSE, MAE, MAPE: 12, 0.51242, 0.51242, 0.71583, 0.32202, -62.33%
Time spent: 9.98s
/home/ouass/Test/MSP-IMTS/tPatchGNN/run_models.py
2025-11-02 14:09:32
run_models.py --dataset ushcn --state def --history 24 --patience 10 --batch_size 192 --lr 1e-3 --patch_size 2 --stride 2 --nhead 1 --tf_layer 1 --nlayer 1 --te_dim 10 --node_dim 10 --hid_dim 32 --outlayer Linear --seed 5 --gpu 0
Namespace(multi_scales='', multi_strides='', fusion='concat', state='def', n=100000000, hop=1, nhead=1, tf_layer=1, nlayer=1, epoch=1000, patience=10, history=24, patch_size=2.0, stride=2.0, logmode='a', lr=0.001, w_decay=0.0, batch_size=192, save='experiments/', load=None, seed=5, dataset='ushcn', quantization=0.0, model='tPatchGNN', outlayer='Linear', hid_dim=32, te_dim=10, node_dim=10, gpu='0', npatch=12, device=device(type='cuda'), PID=1616865, n_months=48, pred_window=1, ndim=5)
- Epoch 000, ExpID 98598
Train - Loss (one batch): 0.36305
Val - Loss, MSE, RMSE, MAE, MAPE: 0.82159, 0.82159, 0.90642, 0.35233, -61.57%
Test - Best epoch, Loss, MSE, RMSE, MAE, MAPE: 0, 0.53419, 0.53419, 0.73089, 0.32663, -59.33%
Time spent: 12.70s
- Epoch 001, ExpID 98598
Train - Loss (one batch): 0.64212
Val - Loss, MSE, RMSE, MAE, MAPE: 0.77883, 0.77883, 0.88251, 0.36897, -73.40%
Test - Best epoch, Loss, MSE, RMSE, MAE, MAPE: 1, 0.53786, 0.53786, 0.73339, 0.34313, -69.97%
Time spent: 11.99s
- Epoch 002, ExpID 98598
Train - Loss (one batch): 0.28148
Val - Loss, MSE, RMSE, MAE, MAPE: 0.75365, 0.75365, 0.86813, 0.34025, -53.11%
Test - Best epoch, Loss, MSE, RMSE, MAE, MAPE: 2, 0.52158, 0.52158, 0.72220, 0.31558, -51.11%
Time spent: 12.09s
- Epoch 003, ExpID 98598
Train - Loss (one batch): 0.87213
Val - Loss, MSE, RMSE, MAE, MAPE: 0.74516, 0.74516, 0.86323, 0.36599, -77.67%
Test - Best epoch, Loss, MSE, RMSE, MAE, MAPE: 3, 0.52328, 0.52328, 0.72338, 0.34285, -73.58%
Time spent: 11.97s
- Epoch 004, ExpID 98598
Train - Loss (one batch): 0.35762
Val - Loss, MSE, RMSE, MAE, MAPE: 0.71998, 0.71998, 0.84852, 0.36575, -78.17%
Test - Best epoch, Loss, MSE, RMSE, MAE, MAPE: 4, 0.51809, 0.51809, 0.71978, 0.34295, -75.03%
Time spent: 11.98s
- Epoch 005, ExpID 98598
Train - Loss (one batch): 0.36823
Val - Loss, MSE, RMSE, MAE, MAPE: 0.73130, 0.73130, 0.85516, 0.33420, -55.75%
Test - Best epoch, Loss, MSE, RMSE, MAE, MAPE: 4, 0.51809, 0.51809, 0.71978, 0.34295, -75.03%
Time spent: 9.98s
- Epoch 006, ExpID 98598
Train - Loss (one batch): 0.40538
Val - Loss, MSE, RMSE, MAE, MAPE: 0.73402, 0.73402, 0.85675, 0.33648, -62.63%
Test - Best epoch, Loss, MSE, RMSE, MAE, MAPE: 4, 0.51809, 0.51809, 0.71978, 0.34295, -75.03%
Time spent: 9.95s
- Epoch 007, ExpID 98598
Train - Loss (one batch): 0.54515
Val - Loss, MSE, RMSE, MAE, MAPE: 0.72894, 0.72894, 0.85378, 0.33785, -62.42%
Test - Best epoch, Loss, MSE, RMSE, MAE, MAPE: 4, 0.51809, 0.51809, 0.71978, 0.34295, -75.03%
Time spent: 9.93s
- Epoch 008, ExpID 98598
Train - Loss (one batch): 0.27723
Val - Loss, MSE, RMSE, MAE, MAPE: 0.71549, 0.71549, 0.84587, 0.33144, -57.14%
Test - Best epoch, Loss, MSE, RMSE, MAE, MAPE: 8, 0.50395, 0.50395, 0.70990, 0.30857, -54.51%
Time spent: 12.11s
- Epoch 009, ExpID 98598
Train - Loss (one batch): 0.49814
Val - Loss, MSE, RMSE, MAE, MAPE: 0.71299, 0.71299, 0.84438, 0.35502, -71.17%
Test - Best epoch, Loss, MSE, RMSE, MAE, MAPE: 9, 0.51326, 0.51326, 0.71642, 0.33256, -67.46%
Time spent: 12.02s
- Epoch 010, ExpID 98598
Train - Loss (one batch): 0.96936
Val - Loss, MSE, RMSE, MAE, MAPE: 0.70599, 0.70599, 0.84023, 0.34464, -64.61%
Test - Best epoch, Loss, MSE, RMSE, MAE, MAPE: 10, 0.50359, 0.50359, 0.70964, 0.32177, -61.67%
Time spent: 12.03s
- Epoch 011, ExpID 98598
Train - Loss (one batch): 0.33907
Val - Loss, MSE, RMSE, MAE, MAPE: 0.73780, 0.73780, 0.85896, 0.33545, -59.31%
Test - Best epoch, Loss, MSE, RMSE, MAE, MAPE: 10, 0.50359, 0.50359, 0.70964, 0.32177, -61.67%
Time spent: 9.79s
- Epoch 012, ExpID 98598
Train - Loss (one batch): 0.34785
Val - Loss, MSE, RMSE, MAE, MAPE: 0.71611, 0.71611, 0.84623, 0.32554, -55.17%
Test - Best epoch, Loss, MSE, RMSE, MAE, MAPE: 10, 0.50359, 0.50359, 0.70964, 0.32177, -61.67%
Time spent: 9.77s
- Epoch 013, ExpID 98598
Train - Loss (one batch): 0.96176
Val - Loss, MSE, RMSE, MAE, MAPE: 0.70203, 0.70203, 0.83787, 0.34750, -67.90%
Test - Best epoch, Loss, MSE, RMSE, MAE, MAPE: 13, 0.51175, 0.51175, 0.71537, 0.32672, -64.76%
Time spent: 11.78s
- Epoch 014, ExpID 98598
Train - Loss (one batch): 0.30017
Val - Loss, MSE, RMSE, MAE, MAPE: 0.70286, 0.70286, 0.83836, 0.32264, -51.85%
Test - Best epoch, Loss, MSE, RMSE, MAE, MAPE: 13, 0.51175, 0.51175, 0.71537, 0.32672, -64.76%
Time spent: 10.08s
- Epoch 015, ExpID 98598
Train - Loss (one batch): 0.40443
Val - Loss, MSE, RMSE, MAE, MAPE: 0.69557, 0.69557, 0.83401, 0.32899, -56.49%
Test - Best epoch, Loss, MSE, RMSE, MAE, MAPE: 15, 0.49920, 0.49920, 0.70654, 0.30535, -53.99%
Time spent: 11.93s
- Epoch 016, ExpID 98598
Train - Loss (one batch): 0.42649
Val - Loss, MSE, RMSE, MAE, MAPE: 0.73975, 0.73975, 0.86008, 0.34045, -64.75%
Test - Best epoch, Loss, MSE, RMSE, MAE, MAPE: 15, 0.49920, 0.49920, 0.70654, 0.30535, -53.99%
Time spent: 9.96s
- Epoch 017, ExpID 98598
Train - Loss (one batch): 0.52293
Val - Loss, MSE, RMSE, MAE, MAPE: 0.72038, 0.72038, 0.84875, 0.34951, -69.94%
Test - Best epoch, Loss, MSE, RMSE, MAE, MAPE: 15, 0.49920, 0.49920, 0.70654, 0.30535, -53.99%
Time spent: 9.95s
- Epoch 018, ExpID 98598
Train - Loss (one batch): 0.87711
Val - Loss, MSE, RMSE, MAE, MAPE: 0.69975, 0.69975, 0.83651, 0.33528, -62.14%
Test - Best epoch, Loss, MSE, RMSE, MAE, MAPE: 15, 0.49920, 0.49920, 0.70654, 0.30535, -53.99%
Time spent: 9.94s
- Epoch 019, ExpID 98598
Train - Loss (one batch): 0.71521
Val - Loss, MSE, RMSE, MAE, MAPE: 0.68267, 0.68267, 0.82624, 0.33705, -62.52%
Test - Best epoch, Loss, MSE, RMSE, MAE, MAPE: 19, 0.50705, 0.50705, 0.71207, 0.31518, -59.23%
Time spent: 12.06s
- Epoch 020, ExpID 98598
Train - Loss (one batch): 0.25436
Val - Loss, MSE, RMSE, MAE, MAPE: 0.69699, 0.69699, 0.83486, 0.33655, -62.89%
Test - Best epoch, Loss, MSE, RMSE, MAE, MAPE: 19, 0.50705, 0.50705, 0.71207, 0.31518, -59.23%
Time spent: 10.14s
- Epoch 021, ExpID 98598
Train - Loss (one batch): 0.50562
Val - Loss, MSE, RMSE, MAE, MAPE: 0.68303, 0.68303, 0.82645, 0.32474, -54.12%
Test - Best epoch, Loss, MSE, RMSE, MAE, MAPE: 19, 0.50705, 0.50705, 0.71207, 0.31518, -59.23%
Time spent: 9.99s
- Epoch 022, ExpID 98598
Train - Loss (one batch): 0.22825
Val - Loss, MSE, RMSE, MAE, MAPE: 0.69582, 0.69582, 0.83416, 0.32461, -49.96%
Test - Best epoch, Loss, MSE, RMSE, MAE, MAPE: 19, 0.50705, 0.50705, 0.71207, 0.31518, -59.23%
Time spent: 9.99s
- Epoch 023, ExpID 98598
Train - Loss (one batch): 0.25172
Val - Loss, MSE, RMSE, MAE, MAPE: 0.67109, 0.67109, 0.81920, 0.32267, -54.24%
Test - Best epoch, Loss, MSE, RMSE, MAE, MAPE: 23, 0.49735, 0.49735, 0.70523, 0.29926, -50.51%
Time spent: 11.99s
- Epoch 024, ExpID 98598
Train - Loss (one batch): 0.49333
Val - Loss, MSE, RMSE, MAE, MAPE: 0.66917, 0.66917, 0.81803, 0.32739, -54.70%
Test - Best epoch, Loss, MSE, RMSE, MAE, MAPE: 24, 0.50435, 0.50435, 0.71018, 0.30569, -52.69%
Time spent: 12.14s
- Epoch 025, ExpID 98598
Train - Loss (one batch): 0.26044
Val - Loss, MSE, RMSE, MAE, MAPE: 0.67974, 0.67974, 0.82447, 0.33509, -60.88%
Test - Best epoch, Loss, MSE, RMSE, MAE, MAPE: 24, 0.50435, 0.50435, 0.71018, 0.30569, -52.69%
Time spent: 9.95s
- Epoch 026, ExpID 98598
Train - Loss (one batch): 0.32280
Val - Loss, MSE, RMSE, MAE, MAPE: 0.69758, 0.69758, 0.83521, 0.36775, -83.05%
Test - Best epoch, Loss, MSE, RMSE, MAE, MAPE: 24, 0.50435, 0.50435, 0.71018, 0.30569, -52.69%
Time spent: 10.08s
- Epoch 027, ExpID 98598
Train - Loss (one batch): 0.35950
Val - Loss, MSE, RMSE, MAE, MAPE: 0.66671, 0.66671, 0.81652, 0.32626, -56.77%
Test - Best epoch, Loss, MSE, RMSE, MAE, MAPE: 27, 0.49606, 0.49606, 0.70432, 0.30424, -54.01%
Time spent: 12.09s
- Epoch 028, ExpID 98598
Train - Loss (one batch): 0.53025
Val - Loss, MSE, RMSE, MAE, MAPE: 0.69161, 0.69161, 0.83163, 0.34139, -64.91%
Test - Best epoch, Loss, MSE, RMSE, MAE, MAPE: 27, 0.49606, 0.49606, 0.70432, 0.30424, -54.01%
Time spent: 10.18s
- Epoch 029, ExpID 98598
Train - Loss (one batch): 0.33954
Val - Loss, MSE, RMSE, MAE, MAPE: 0.67324, 0.67324, 0.82051, 0.32632, -51.54%
Test - Best epoch, Loss, MSE, RMSE, MAE, MAPE: 27, 0.49606, 0.49606, 0.70432, 0.30424, -54.01%
Time spent: 9.96s
- Epoch 030, ExpID 98598
Train - Loss (one batch): 0.38260
Val - Loss, MSE, RMSE, MAE, MAPE: 0.68885, 0.68885, 0.82997, 0.34587, -68.41%
Test - Best epoch, Loss, MSE, RMSE, MAE, MAPE: 27, 0.49606, 0.49606, 0.70432, 0.30424, -54.01%
Time spent: 9.94s
- Epoch 031, ExpID 98598
Train - Loss (one batch): 0.46382
Val - Loss, MSE, RMSE, MAE, MAPE: 0.66566, 0.66566, 0.81588, 0.32521, -54.03%
Test - Best epoch, Loss, MSE, RMSE, MAE, MAPE: 31, 0.49931, 0.49931, 0.70662, 0.30135, -50.19%
Time spent: 11.92s
- Epoch 032, ExpID 98598
Train - Loss (one batch): 0.44639
Val - Loss, MSE, RMSE, MAE, MAPE: 0.69478, 0.69478, 0.83353, 0.32988, -55.92%
Test - Best epoch, Loss, MSE, RMSE, MAE, MAPE: 31, 0.49931, 0.49931, 0.70662, 0.30135, -50.19%
Time spent: 9.89s
- Epoch 033, ExpID 98598
Train - Loss (one batch): 0.24248
Val - Loss, MSE, RMSE, MAE, MAPE: 0.69395, 0.69395, 0.83304, 0.31739, -46.43%
Test - Best epoch, Loss, MSE, RMSE, MAE, MAPE: 31, 0.49931, 0.49931, 0.70662, 0.30135, -50.19%
Time spent: 9.99s
- Epoch 034, ExpID 98598
Train - Loss (one batch): 0.51674
Val - Loss, MSE, RMSE, MAE, MAPE: 0.69209, 0.69209, 0.83192, 0.31889, -48.84%
Test - Best epoch, Loss, MSE, RMSE, MAE, MAPE: 31, 0.49931, 0.49931, 0.70662, 0.30135, -50.19%
Time spent: 10.65s
- Epoch 035, ExpID 98598
Train - Loss (one batch): 0.48352
Val - Loss, MSE, RMSE, MAE, MAPE: 0.69610, 0.69610, 0.83433, 0.32872, -58.58%
Test - Best epoch, Loss, MSE, RMSE, MAE, MAPE: 31, 0.49931, 0.49931, 0.70662, 0.30135, -50.19%
Time spent: 10.11s
- Epoch 036, ExpID 98598
Train - Loss (one batch): 0.19539
Val - Loss, MSE, RMSE, MAE, MAPE: 0.68515, 0.68515, 0.82774, 0.33569, -60.13%
Test - Best epoch, Loss, MSE, RMSE, MAE, MAPE: 31, 0.49931, 0.49931, 0.70662, 0.30135, -50.19%
Time spent: 9.97s
- Epoch 037, ExpID 98598
Train - Loss (one batch): 0.59881
Val - Loss, MSE, RMSE, MAE, MAPE: 0.70166, 0.70166, 0.83765, 0.34744, -66.66%
Test - Best epoch, Loss, MSE, RMSE, MAE, MAPE: 31, 0.49931, 0.49931, 0.70662, 0.30135, -50.19%
Time spent: 9.92s
- Epoch 038, ExpID 98598
Train - Loss (one batch): 0.54836
Val - Loss, MSE, RMSE, MAE, MAPE: 0.67597, 0.67597, 0.82217, 0.32881, -55.89%
Test - Best epoch, Loss, MSE, RMSE, MAE, MAPE: 31, 0.49931, 0.49931, 0.70662, 0.30135, -50.19%
Time spent: 9.94s
- Epoch 039, ExpID 98598
Train - Loss (one batch): 0.50431
Val - Loss, MSE, RMSE, MAE, MAPE: 0.70086, 0.70086, 0.83718, 0.32785, -54.47%
Test - Best epoch, Loss, MSE, RMSE, MAE, MAPE: 31, 0.49931, 0.49931, 0.70662, 0.30135, -50.19%
Time spent: 9.98s
- Epoch 040, ExpID 98598
Train - Loss (one batch): 0.24252
Val - Loss, MSE, RMSE, MAE, MAPE: 0.69780, 0.69780, 0.83534, 0.32619, -53.08%
Test - Best epoch, Loss, MSE, RMSE, MAE, MAPE: 31, 0.49931, 0.49931, 0.70662, 0.30135, -50.19%
Time spent: 10.22s
- Epoch 041, ExpID 98598
Train - Loss (one batch): 0.33737
Val - Loss, MSE, RMSE, MAE, MAPE: 0.69100, 0.69100, 0.83126, 0.33120, -59.05%
Test - Best epoch, Loss, MSE, RMSE, MAE, MAPE: 31, 0.49931, 0.49931, 0.70662, 0.30135, -50.19%
Time spent: 9.98s
