/home/ouass/Test/MSP-IMTS/tPatchGNN/run_models.py
2026-03-09 05:56:38
run_models.py --dataset physionet --history 24 --quantization 1.0 --hid_dim 64 --te_dim 10 --node_dim 10 --nlayer 1 --tf_layer 1 --nhead 1 --batch_size 32 --lr 1e-3 --patience 25 --epoch 600 --seed 1 --gpu 0 --metric per_dim --multi_scales 1,2,4 --multi_strides 1,2,4 --fusion gated
Namespace(multi_scales='1,2,4', multi_strides='1,2,4', fusion='gated', state='def', n=100000000, hop=1, nhead=1, tf_layer=1, nlayer=1, epoch=600, patience=25, history=24, patch_size=24, stride=24, logmode='a', lr=0.001, w_decay=0.0, batch_size=32, save='experiments/', load=None, seed=1, dataset='physionet', quantization=1.0, model='tPatchGNN', outlayer='Linear', hid_dim=64, te_dim=10, node_dim=10, gpu='0', metric='per_dim', npatch=1, device=device(type='cuda'), PID=1967596, ndim=41)
- Epoch 000, ExpID 94797
Train - Loss (one batch): 0.00628
Val - Loss, MSE, RMSE, MAE, MAPE: 0.00788, 0.00788, 0.08877, 0.05415, 139.91%
Test - Best epoch, Loss, MSE, RMSE, MAE, MAPE: 0, 0.00944, 0.00944, 0.09717, 0.05379, 124.95%
Time spent: 15.05s
- Epoch 001, ExpID 94797
Train - Loss (one batch): 0.00377
Val - Loss, MSE, RMSE, MAE, MAPE: 0.00653, 0.00653, 0.08082, 0.04647, 95.70%
Test - Best epoch, Loss, MSE, RMSE, MAE, MAPE: 1, 0.00811, 0.00811, 0.09007, 0.04772, 89.95%
Time spent: 15.00s
- Epoch 002, ExpID 94797
Train - Loss (one batch): 0.00867
Val - Loss, MSE, RMSE, MAE, MAPE: 0.00657, 0.00657, 0.08105, 0.04630, 125.77%
Test - Best epoch, Loss, MSE, RMSE, MAE, MAPE: 1, 0.00811, 0.00811, 0.09007, 0.04772, 89.95%
Time spent: 13.34s
- Epoch 003, ExpID 94797
Train - Loss (one batch): 0.00832
Val - Loss, MSE, RMSE, MAE, MAPE: 0.00635, 0.00635, 0.07968, 0.04630, 70.11%
Test - Best epoch, Loss, MSE, RMSE, MAE, MAPE: 3, 0.00766, 0.00766, 0.08753, 0.04683, 64.15%
Time spent: 15.00s
- Epoch 004, ExpID 94797
Train - Loss (one batch): 0.00476
Val - Loss, MSE, RMSE, MAE, MAPE: 0.00585, 0.00585, 0.07647, 0.04215, 122.89%
Test - Best epoch, Loss, MSE, RMSE, MAE, MAPE: 4, 0.00714, 0.00714, 0.08450, 0.04239, 111.39%
Time spent: 15.00s
- Epoch 005, ExpID 94797
Train - Loss (one batch): 0.00499
Val - Loss, MSE, RMSE, MAE, MAPE: 0.00615, 0.00615, 0.07840, 0.04417, 88.41%
Test - Best epoch, Loss, MSE, RMSE, MAE, MAPE: 4, 0.00714, 0.00714, 0.08450, 0.04239, 111.39%
Time spent: 13.33s
- Epoch 006, ExpID 94797
Train - Loss (one batch): 0.00541
Val - Loss, MSE, RMSE, MAE, MAPE: 0.00714, 0.00714, 0.08451, 0.05021, 74.40%
Test - Best epoch, Loss, MSE, RMSE, MAE, MAPE: 4, 0.00714, 0.00714, 0.08450, 0.04239, 111.39%
Time spent: 13.34s
- Epoch 007, ExpID 94797
Train - Loss (one batch): 0.00535
Val - Loss, MSE, RMSE, MAE, MAPE: 0.00621, 0.00621, 0.07883, 0.04464, 100.69%
Test - Best epoch, Loss, MSE, RMSE, MAE, MAPE: 4, 0.00714, 0.00714, 0.08450, 0.04239, 111.39%
Time spent: 13.34s
- Epoch 008, ExpID 94797
Train - Loss (one batch): 0.00338
Val - Loss, MSE, RMSE, MAE, MAPE: 0.00602, 0.00602, 0.07761, 0.04429, 76.21%
Test - Best epoch, Loss, MSE, RMSE, MAE, MAPE: 4, 0.00714, 0.00714, 0.08450, 0.04239, 111.39%
Time spent: 13.34s
- Epoch 009, ExpID 94797
Train - Loss (one batch): 0.00325
Val - Loss, MSE, RMSE, MAE, MAPE: 0.00548, 0.00548, 0.07400, 0.04163, 130.94%
Test - Best epoch, Loss, MSE, RMSE, MAE, MAPE: 9, 0.00665, 0.00665, 0.08154, 0.04128, 115.69%
Time spent: 15.00s
- Epoch 010, ExpID 94797
Train - Loss (one batch): 0.00247
Val - Loss, MSE, RMSE, MAE, MAPE: 0.00620, 0.00620, 0.07872, 0.04333, 80.63%
Test - Best epoch, Loss, MSE, RMSE, MAE, MAPE: 9, 0.00665, 0.00665, 0.08154, 0.04128, 115.69%
Time spent: 13.33s
- Epoch 011, ExpID 94797
Train - Loss (one batch): 0.00458
Val - Loss, MSE, RMSE, MAE, MAPE: 0.00598, 0.00598, 0.07735, 0.04269, 64.48%
Test - Best epoch, Loss, MSE, RMSE, MAE, MAPE: 9, 0.00665, 0.00665, 0.08154, 0.04128, 115.69%
Time spent: 13.33s
- Epoch 012, ExpID 94797
Train - Loss (one batch): 0.00421
Val - Loss, MSE, RMSE, MAE, MAPE: 0.00582, 0.00582, 0.07630, 0.04367, 66.55%
Test - Best epoch, Loss, MSE, RMSE, MAE, MAPE: 9, 0.00665, 0.00665, 0.08154, 0.04128, 115.69%
Time spent: 13.33s
- Epoch 013, ExpID 94797
Train - Loss (one batch): 0.00393
Val - Loss, MSE, RMSE, MAE, MAPE: 0.00562, 0.00562, 0.07495, 0.04180, 74.68%
Test - Best epoch, Loss, MSE, RMSE, MAE, MAPE: 9, 0.00665, 0.00665, 0.08154, 0.04128, 115.69%
Time spent: 13.33s
- Epoch 014, ExpID 94797
Train - Loss (one batch): 0.00469
Val - Loss, MSE, RMSE, MAE, MAPE: 0.00601, 0.00601, 0.07752, 0.04475, 94.50%
Test - Best epoch, Loss, MSE, RMSE, MAE, MAPE: 9, 0.00665, 0.00665, 0.08154, 0.04128, 115.69%
Time spent: 13.34s
- Epoch 015, ExpID 94797
Train - Loss (one batch): 0.00921
Val - Loss, MSE, RMSE, MAE, MAPE: 0.00574, 0.00574, 0.07573, 0.04259, 73.86%
Test - Best epoch, Loss, MSE, RMSE, MAE, MAPE: 9, 0.00665, 0.00665, 0.08154, 0.04128, 115.69%
Time spent: 13.34s
- Epoch 016, ExpID 94797
Train - Loss (one batch): 0.01447
Val - Loss, MSE, RMSE, MAE, MAPE: 0.00572, 0.00572, 0.07565, 0.04360, 81.74%
Test - Best epoch, Loss, MSE, RMSE, MAE, MAPE: 9, 0.00665, 0.00665, 0.08154, 0.04128, 115.69%
Time spent: 13.33s
- Epoch 017, ExpID 94797
Train - Loss (one batch): 0.00457
Val - Loss, MSE, RMSE, MAE, MAPE: 0.00603, 0.00603, 0.07766, 0.04346, 72.51%
Test - Best epoch, Loss, MSE, RMSE, MAE, MAPE: 9, 0.00665, 0.00665, 0.08154, 0.04128, 115.69%
Time spent: 13.33s
- Epoch 018, ExpID 94797
Train - Loss (one batch): 0.00364
Val - Loss, MSE, RMSE, MAE, MAPE: 0.00540, 0.00540, 0.07350, 0.03960, 86.18%
Test - Best epoch, Loss, MSE, RMSE, MAE, MAPE: 18, 0.00667, 0.00667, 0.08166, 0.03923, 72.82%
Time spent: 15.00s
- Epoch 019, ExpID 94797
Train - Loss (one batch): 0.00563
Val - Loss, MSE, RMSE, MAE, MAPE: 0.00557, 0.00557, 0.07461, 0.04048, 60.96%
Test - Best epoch, Loss, MSE, RMSE, MAE, MAPE: 18, 0.00667, 0.00667, 0.08166, 0.03923, 72.82%
Time spent: 13.33s
- Epoch 020, ExpID 94797
Train - Loss (one batch): 0.00336
Val - Loss, MSE, RMSE, MAE, MAPE: 0.00576, 0.00576, 0.07588, 0.04180, 60.77%
Test - Best epoch, Loss, MSE, RMSE, MAE, MAPE: 18, 0.00667, 0.00667, 0.08166, 0.03923, 72.82%
Time spent: 13.33s
- Epoch 021, ExpID 94797
Train - Loss (one batch): 0.00326
Val - Loss, MSE, RMSE, MAE, MAPE: 0.00581, 0.00581, 0.07624, 0.04143, 64.57%
Test - Best epoch, Loss, MSE, RMSE, MAE, MAPE: 18, 0.00667, 0.00667, 0.08166, 0.03923, 72.82%
Time spent: 13.33s
- Epoch 022, ExpID 94797
Train - Loss (one batch): 0.00530
Val - Loss, MSE, RMSE, MAE, MAPE: 0.00557, 0.00557, 0.07462, 0.04100, 82.92%
Test - Best epoch, Loss, MSE, RMSE, MAE, MAPE: 18, 0.00667, 0.00667, 0.08166, 0.03923, 72.82%
Time spent: 13.34s
- Epoch 023, ExpID 94797
Train - Loss (one batch): 0.00723
Val - Loss, MSE, RMSE, MAE, MAPE: 0.00553, 0.00553, 0.07438, 0.04083, 106.88%
Test - Best epoch, Loss, MSE, RMSE, MAE, MAPE: 18, 0.00667, 0.00667, 0.08166, 0.03923, 72.82%
Time spent: 13.33s
- Epoch 024, ExpID 94797
Train - Loss (one batch): 0.00493
Val - Loss, MSE, RMSE, MAE, MAPE: 0.00545, 0.00545, 0.07382, 0.04176, 85.83%
Test - Best epoch, Loss, MSE, RMSE, MAE, MAPE: 18, 0.00667, 0.00667, 0.08166, 0.03923, 72.82%
Time spent: 13.33s
- Epoch 025, ExpID 94797
Train - Loss (one batch): 0.00842
Val - Loss, MSE, RMSE, MAE, MAPE: 0.00592, 0.00592, 0.07697, 0.04268, 94.40%
Test - Best epoch, Loss, MSE, RMSE, MAE, MAPE: 18, 0.00667, 0.00667, 0.08166, 0.03923, 72.82%
Time spent: 13.34s
- Epoch 026, ExpID 94797
Train - Loss (one batch): 0.00680
Val - Loss, MSE, RMSE, MAE, MAPE: 0.00553, 0.00553, 0.07436, 0.04232, 121.17%
Test - Best epoch, Loss, MSE, RMSE, MAE, MAPE: 18, 0.00667, 0.00667, 0.08166, 0.03923, 72.82%
Time spent: 13.34s
- Epoch 027, ExpID 94797
Train - Loss (one batch): 0.00515
Val - Loss, MSE, RMSE, MAE, MAPE: 0.00546, 0.00546, 0.07390, 0.04061, 128.59%
Test - Best epoch, Loss, MSE, RMSE, MAE, MAPE: 18, 0.00667, 0.00667, 0.08166, 0.03923, 72.82%
Time spent: 13.34s
- Epoch 028, ExpID 94797
Train - Loss (one batch): 0.00412
Val - Loss, MSE, RMSE, MAE, MAPE: 0.00581, 0.00581, 0.07621, 0.04419, 134.55%
Test - Best epoch, Loss, MSE, RMSE, MAE, MAPE: 18, 0.00667, 0.00667, 0.08166, 0.03923, 72.82%
Time spent: 13.34s
- Epoch 029, ExpID 94797
Train - Loss (one batch): 0.00499
Val - Loss, MSE, RMSE, MAE, MAPE: 0.00541, 0.00541, 0.07359, 0.04005, 65.38%
Test - Best epoch, Loss, MSE, RMSE, MAE, MAPE: 18, 0.00667, 0.00667, 0.08166, 0.03923, 72.82%
Time spent: 13.34s
- Epoch 030, ExpID 94797
Train - Loss (one batch): 0.00360
Val - Loss, MSE, RMSE, MAE, MAPE: 0.00529, 0.00529, 0.07273, 0.03872, 105.97%
Test - Best epoch, Loss, MSE, RMSE, MAE, MAPE: 30, 0.00667, 0.00667, 0.08165, 0.03824, 91.57%
Time spent: 15.00s
- Epoch 031, ExpID 94797
Train - Loss (one batch): 0.00376
Val - Loss, MSE, RMSE, MAE, MAPE: 0.00548, 0.00548, 0.07403, 0.04002, 70.03%
Test - Best epoch, Loss, MSE, RMSE, MAE, MAPE: 30, 0.00667, 0.00667, 0.08165, 0.03824, 91.57%
Time spent: 13.34s
- Epoch 032, ExpID 94797
Train - Loss (one batch): 0.00351
Val - Loss, MSE, RMSE, MAE, MAPE: 0.00550, 0.00550, 0.07419, 0.04102, 69.24%
Test - Best epoch, Loss, MSE, RMSE, MAE, MAPE: 30, 0.00667, 0.00667, 0.08165, 0.03824, 91.57%
Time spent: 13.34s
- Epoch 033, ExpID 94797
Train - Loss (one batch): 0.00395
Val - Loss, MSE, RMSE, MAE, MAPE: 0.00541, 0.00541, 0.07356, 0.04057, 119.00%
Test - Best epoch, Loss, MSE, RMSE, MAE, MAPE: 30, 0.00667, 0.00667, 0.08165, 0.03824, 91.57%
Time spent: 13.33s
- Epoch 034, ExpID 94797
Train - Loss (one batch): 0.00363
Val - Loss, MSE, RMSE, MAE, MAPE: 0.00534, 0.00534, 0.07310, 0.03936, 89.01%
Test - Best epoch, Loss, MSE, RMSE, MAE, MAPE: 30, 0.00667, 0.00667, 0.08165, 0.03824, 91.57%
Time spent: 13.34s
- Epoch 035, ExpID 94797
Train - Loss (one batch): 0.00422
Val - Loss, MSE, RMSE, MAE, MAPE: 0.00569, 0.00569, 0.07544, 0.04209, 116.17%
Test - Best epoch, Loss, MSE, RMSE, MAE, MAPE: 30, 0.00667, 0.00667, 0.08165, 0.03824, 91.57%
Time spent: 13.33s
- Epoch 036, ExpID 94797
Train - Loss (one batch): 0.00359
Val - Loss, MSE, RMSE, MAE, MAPE: 0.00541, 0.00541, 0.07355, 0.03978, 91.61%
Test - Best epoch, Loss, MSE, RMSE, MAE, MAPE: 30, 0.00667, 0.00667, 0.08165, 0.03824, 91.57%
Time spent: 13.34s
- Epoch 037, ExpID 94797
Train - Loss (one batch): 0.00313
Val - Loss, MSE, RMSE, MAE, MAPE: 0.00560, 0.00560, 0.07481, 0.04140, 53.82%
Test - Best epoch, Loss, MSE, RMSE, MAE, MAPE: 30, 0.00667, 0.00667, 0.08165, 0.03824, 91.57%
Time spent: 13.33s
- Epoch 038, ExpID 94797
Train - Loss (one batch): 0.00475
Val - Loss, MSE, RMSE, MAE, MAPE: 0.00531, 0.00531, 0.07286, 0.03802, 53.56%
Test - Best epoch, Loss, MSE, RMSE, MAE, MAPE: 30, 0.00667, 0.00667, 0.08165, 0.03824, 91.57%
Time spent: 13.34s
- Epoch 039, ExpID 94797
Train - Loss (one batch): 0.00459
Val - Loss, MSE, RMSE, MAE, MAPE: 0.00522, 0.00522, 0.07227, 0.03831, 70.54%
Test - Best epoch, Loss, MSE, RMSE, MAE, MAPE: 39, 0.00669, 0.00669, 0.08179, 0.03809, 60.29%
Time spent: 14.99s
- Epoch 040, ExpID 94797
Train - Loss (one batch): 0.00437
Val - Loss, MSE, RMSE, MAE, MAPE: 0.00566, 0.00566, 0.07526, 0.04390, 93.99%
Test - Best epoch, Loss, MSE, RMSE, MAE, MAPE: 39, 0.00669, 0.00669, 0.08179, 0.03809, 60.29%
Time spent: 13.33s
- Epoch 041, ExpID 94797
Train - Loss (one batch): 0.00323
Val - Loss, MSE, RMSE, MAE, MAPE: 0.00550, 0.00550, 0.07416, 0.04204, 108.42%
Test - Best epoch, Loss, MSE, RMSE, MAE, MAPE: 39, 0.00669, 0.00669, 0.08179, 0.03809, 60.29%
Time spent: 13.34s
- Epoch 042, ExpID 94797
Train - Loss (one batch): 0.00401
Val - Loss, MSE, RMSE, MAE, MAPE: 0.00598, 0.00598, 0.07732, 0.04529, 103.71%
Test - Best epoch, Loss, MSE, RMSE, MAE, MAPE: 39, 0.00669, 0.00669, 0.08179, 0.03809, 60.29%
Time spent: 13.33s
- Epoch 043, ExpID 94797
Train - Loss (one batch): 0.00426
Val - Loss, MSE, RMSE, MAE, MAPE: 0.00520, 0.00520, 0.07209, 0.03897, 109.11%
Test - Best epoch, Loss, MSE, RMSE, MAE, MAPE: 43, 0.00667, 0.00667, 0.08166, 0.03880, 93.28%
Time spent: 15.00s
- Epoch 044, ExpID 94797
Train - Loss (one batch): 0.00535
Val - Loss, MSE, RMSE, MAE, MAPE: 0.00551, 0.00551, 0.07424, 0.04095, 84.98%
Test - Best epoch, Loss, MSE, RMSE, MAE, MAPE: 43, 0.00667, 0.00667, 0.08166, 0.03880, 93.28%
Time spent: 13.34s
- Epoch 045, ExpID 94797
Train - Loss (one batch): 0.00819
Val - Loss, MSE, RMSE, MAE, MAPE: 0.00545, 0.00545, 0.07385, 0.04093, 52.21%
Test - Best epoch, Loss, MSE, RMSE, MAE, MAPE: 43, 0.00667, 0.00667, 0.08166, 0.03880, 93.28%
Time spent: 13.34s
- Epoch 046, ExpID 94797
Train - Loss (one batch): 0.00362
Val - Loss, MSE, RMSE, MAE, MAPE: 0.00548, 0.00548, 0.07400, 0.04116, 91.36%
Test - Best epoch, Loss, MSE, RMSE, MAE, MAPE: 43, 0.00667, 0.00667, 0.08166, 0.03880, 93.28%
Time spent: 13.34s
- Epoch 047, ExpID 94797
Train - Loss (one batch): 0.00379
Val - Loss, MSE, RMSE, MAE, MAPE: 0.00565, 0.00565, 0.07514, 0.04152, 65.91%
Test - Best epoch, Loss, MSE, RMSE, MAE, MAPE: 43, 0.00667, 0.00667, 0.08166, 0.03880, 93.28%
Time spent: 13.34s
- Epoch 048, ExpID 94797
Train - Loss (one batch): 0.00387
Val - Loss, MSE, RMSE, MAE, MAPE: 0.00532, 0.00532, 0.07291, 0.03813, 79.75%
Test - Best epoch, Loss, MSE, RMSE, MAE, MAPE: 43, 0.00667, 0.00667, 0.08166, 0.03880, 93.28%
Time spent: 13.34s
- Epoch 049, ExpID 94797
Train - Loss (one batch): 0.00558
Val - Loss, MSE, RMSE, MAE, MAPE: 0.00531, 0.00531, 0.07285, 0.03931, 118.94%
Test - Best epoch, Loss, MSE, RMSE, MAE, MAPE: 43, 0.00667, 0.00667, 0.08166, 0.03880, 93.28%
Time spent: 13.34s
- Epoch 050, ExpID 94797
Train - Loss (one batch): 0.00338
Val - Loss, MSE, RMSE, MAE, MAPE: 0.00565, 0.00565, 0.07516, 0.04164, 91.83%
Test - Best epoch, Loss, MSE, RMSE, MAE, MAPE: 43, 0.00667, 0.00667, 0.08166, 0.03880, 93.28%
Time spent: 13.34s
- Epoch 051, ExpID 94797
Train - Loss (one batch): 0.01071
Val - Loss, MSE, RMSE, MAE, MAPE: 0.00573, 0.00573, 0.07572, 0.04316, 90.15%
Test - Best epoch, Loss, MSE, RMSE, MAE, MAPE: 43, 0.00667, 0.00667, 0.08166, 0.03880, 93.28%
Time spent: 13.34s
- Epoch 052, ExpID 94797
Train - Loss (one batch): 0.00486
Val - Loss, MSE, RMSE, MAE, MAPE: 0.00543, 0.00543, 0.07369, 0.04062, 45.32%
Test - Best epoch, Loss, MSE, RMSE, MAE, MAPE: 43, 0.00667, 0.00667, 0.08166, 0.03880, 93.28%
Time spent: 13.34s
- Epoch 053, ExpID 94797
Train - Loss (one batch): 0.00437
Val - Loss, MSE, RMSE, MAE, MAPE: 0.00548, 0.00548, 0.07401, 0.03925, 85.47%
Test - Best epoch, Loss, MSE, RMSE, MAE, MAPE: 43, 0.00667, 0.00667, 0.08166, 0.03880, 93.28%
Time spent: 13.34s
- Epoch 054, ExpID 94797
Train - Loss (one batch): 0.00443
Val - Loss, MSE, RMSE, MAE, MAPE: 0.00554, 0.00554, 0.07440, 0.04027, 60.70%
Test - Best epoch, Loss, MSE, RMSE, MAE, MAPE: 43, 0.00667, 0.00667, 0.08166, 0.03880, 93.28%
Time spent: 13.34s
- Epoch 055, ExpID 94797
Train - Loss (one batch): 0.00368
Val - Loss, MSE, RMSE, MAE, MAPE: 0.00516, 0.00516, 0.07187, 0.03842, 93.13%
Test - Best epoch, Loss, MSE, RMSE, MAE, MAPE: 55, 0.00650, 0.00650, 0.08060, 0.03823, 78.66%
Time spent: 15.01s
- Epoch 056, ExpID 94797
Train - Loss (one batch): 0.00458
Val - Loss, MSE, RMSE, MAE, MAPE: 0.00566, 0.00566, 0.07523, 0.04012, 87.10%
Test - Best epoch, Loss, MSE, RMSE, MAE, MAPE: 55, 0.00650, 0.00650, 0.08060, 0.03823, 78.66%
Time spent: 13.34s
- Epoch 057, ExpID 94797
Train - Loss (one batch): 0.00362
Val - Loss, MSE, RMSE, MAE, MAPE: 0.00508, 0.00508, 0.07124, 0.03723, 67.76%
Test - Best epoch, Loss, MSE, RMSE, MAE, MAPE: 57, 0.00634, 0.00634, 0.07961, 0.03687, 57.04%
Time spent: 15.00s
- Epoch 058, ExpID 94797
Train - Loss (one batch): 0.00288
Val - Loss, MSE, RMSE, MAE, MAPE: 0.00557, 0.00557, 0.07463, 0.04039, 70.93%
Test - Best epoch, Loss, MSE, RMSE, MAE, MAPE: 57, 0.00634, 0.00634, 0.07961, 0.03687, 57.04%
Time spent: 13.33s
- Epoch 059, ExpID 94797
Train - Loss (one batch): 0.00358
Val - Loss, MSE, RMSE, MAE, MAPE: 0.00538, 0.00538, 0.07335, 0.03892, 63.82%
Test - Best epoch, Loss, MSE, RMSE, MAE, MAPE: 57, 0.00634, 0.00634, 0.07961, 0.03687, 57.04%
Time spent: 13.33s
- Epoch 060, ExpID 94797
Train - Loss (one batch): 0.00334
Val - Loss, MSE, RMSE, MAE, MAPE: 0.00537, 0.00537, 0.07331, 0.03896, 66.13%
Test - Best epoch, Loss, MSE, RMSE, MAE, MAPE: 57, 0.00634, 0.00634, 0.07961, 0.03687, 57.04%
Time spent: 13.33s
- Epoch 061, ExpID 94797
Train - Loss (one batch): 0.00392
Val - Loss, MSE, RMSE, MAE, MAPE: 0.00525, 0.00525, 0.07245, 0.03722, 65.94%
Test - Best epoch, Loss, MSE, RMSE, MAE, MAPE: 57, 0.00634, 0.00634, 0.07961, 0.03687, 57.04%
Time spent: 13.33s
- Epoch 062, ExpID 94797
Train - Loss (one batch): 0.00633
Val - Loss, MSE, RMSE, MAE, MAPE: 0.00526, 0.00526, 0.07250, 0.03800, 93.78%
Test - Best epoch, Loss, MSE, RMSE, MAE, MAPE: 57, 0.00634, 0.00634, 0.07961, 0.03687, 57.04%
Time spent: 13.34s
- Epoch 063, ExpID 94797
Train - Loss (one batch): 0.00480
Val - Loss, MSE, RMSE, MAE, MAPE: 0.00529, 0.00529, 0.07271, 0.03760, 64.75%
Test - Best epoch, Loss, MSE, RMSE, MAE, MAPE: 57, 0.00634, 0.00634, 0.07961, 0.03687, 57.04%
Time spent: 13.34s
- Epoch 064, ExpID 94797
Train - Loss (one batch): 0.00347
Val - Loss, MSE, RMSE, MAE, MAPE: 0.00523, 0.00523, 0.07228, 0.03917, 135.41%
Test - Best epoch, Loss, MSE, RMSE, MAE, MAPE: 57, 0.00634, 0.00634, 0.07961, 0.03687, 57.04%
Time spent: 13.33s
- Epoch 065, ExpID 94797
Train - Loss (one batch): 0.00390
Val - Loss, MSE, RMSE, MAE, MAPE: 0.00546, 0.00546, 0.07390, 0.03986, 100.44%
Test - Best epoch, Loss, MSE, RMSE, MAE, MAPE: 57, 0.00634, 0.00634, 0.07961, 0.03687, 57.04%
Time spent: 13.33s
- Epoch 066, ExpID 94797
Train - Loss (one batch): 0.00443
Val - Loss, MSE, RMSE, MAE, MAPE: 0.00546, 0.00546, 0.07390, 0.03872, 112.60%
Test - Best epoch, Loss, MSE, RMSE, MAE, MAPE: 57, 0.00634, 0.00634, 0.07961, 0.03687, 57.04%
Time spent: 13.33s
- Epoch 067, ExpID 94797
Train - Loss (one batch): 0.00493
Val - Loss, MSE, RMSE, MAE, MAPE: 0.00578, 0.00578, 0.07603, 0.04077, 90.19%
Test - Best epoch, Loss, MSE, RMSE, MAE, MAPE: 57, 0.00634, 0.00634, 0.07961, 0.03687, 57.04%
Time spent: 13.33s
- Epoch 068, ExpID 94797
Train - Loss (one batch): 0.00400
Val - Loss, MSE, RMSE, MAE, MAPE: 0.00536, 0.00536, 0.07324, 0.03764, 77.46%
Test - Best epoch, Loss, MSE, RMSE, MAE, MAPE: 57, 0.00634, 0.00634, 0.07961, 0.03687, 57.04%
Time spent: 13.33s
- Epoch 069, ExpID 94797
Train - Loss (one batch): 0.00301
Val - Loss, MSE, RMSE, MAE, MAPE: 0.00607, 0.00607, 0.07789, 0.04118, 77.83%
Test - Best epoch, Loss, MSE, RMSE, MAE, MAPE: 57, 0.00634, 0.00634, 0.07961, 0.03687, 57.04%
Time spent: 13.33s
- Epoch 070, ExpID 94797
Train - Loss (one batch): 0.00410
Val - Loss, MSE, RMSE, MAE, MAPE: 0.00546, 0.00546, 0.07386, 0.03826, 71.53%
Test - Best epoch, Loss, MSE, RMSE, MAE, MAPE: 57, 0.00634, 0.00634, 0.07961, 0.03687, 57.04%
Time spent: 13.34s
- Epoch 071, ExpID 94797
Train - Loss (one batch): 0.00334
Val - Loss, MSE, RMSE, MAE, MAPE: 0.00531, 0.00531, 0.07289, 0.03847, 122.95%
Test - Best epoch, Loss, MSE, RMSE, MAE, MAPE: 57, 0.00634, 0.00634, 0.07961, 0.03687, 57.04%
Time spent: 13.33s
- Epoch 072, ExpID 94797
Train - Loss (one batch): 0.00439
Val - Loss, MSE, RMSE, MAE, MAPE: 0.00550, 0.00550, 0.07414, 0.03851, 49.97%
Test - Best epoch, Loss, MSE, RMSE, MAE, MAPE: 57, 0.00634, 0.00634, 0.07961, 0.03687, 57.04%
Time spent: 13.34s
- Epoch 073, ExpID 94797
Train - Loss (one batch): 0.00376
Val - Loss, MSE, RMSE, MAE, MAPE: 0.00511, 0.00511, 0.07147, 0.03689, 54.87%
Test - Best epoch, Loss, MSE, RMSE, MAE, MAPE: 57, 0.00634, 0.00634, 0.07961, 0.03687, 57.04%
Time spent: 13.33s
- Epoch 074, ExpID 94797
Train - Loss (one batch): 0.00324
Val - Loss, MSE, RMSE, MAE, MAPE: 0.00528, 0.00528, 0.07266, 0.03894, 63.58%
Test - Best epoch, Loss, MSE, RMSE, MAE, MAPE: 57, 0.00634, 0.00634, 0.07961, 0.03687, 57.04%
Time spent: 13.33s
- Epoch 075, ExpID 94797
Train - Loss (one batch): 0.00325
Val - Loss, MSE, RMSE, MAE, MAPE: 0.00518, 0.00518, 0.07199, 0.03779, 57.24%
Test - Best epoch, Loss, MSE, RMSE, MAE, MAPE: 57, 0.00634, 0.00634, 0.07961, 0.03687, 57.04%
Time spent: 13.33s
- Epoch 076, ExpID 94797
Train - Loss (one batch): 0.00314
Val - Loss, MSE, RMSE, MAE, MAPE: 0.00542, 0.00542, 0.07362, 0.03936, 98.48%
Test - Best epoch, Loss, MSE, RMSE, MAE, MAPE: 57, 0.00634, 0.00634, 0.07961, 0.03687, 57.04%
Time spent: 13.33s
- Epoch 077, ExpID 94797
Train - Loss (one batch): 0.00491
Val - Loss, MSE, RMSE, MAE, MAPE: 0.00534, 0.00534, 0.07310, 0.03940, 90.45%
Test - Best epoch, Loss, MSE, RMSE, MAE, MAPE: 57, 0.00634, 0.00634, 0.07961, 0.03687, 57.04%
Time spent: 13.33s
- Epoch 078, ExpID 94797
Train - Loss (one batch): 0.00309
Val - Loss, MSE, RMSE, MAE, MAPE: 0.00519, 0.00519, 0.07207, 0.03764, 69.06%
Test - Best epoch, Loss, MSE, RMSE, MAE, MAPE: 57, 0.00634, 0.00634, 0.07961, 0.03687, 57.04%
Time spent: 13.33s
- Epoch 079, ExpID 94797
Train - Loss (one batch): 0.00428
Val - Loss, MSE, RMSE, MAE, MAPE: 0.00551, 0.00551, 0.07421, 0.04113, 62.06%
Test - Best epoch, Loss, MSE, RMSE, MAE, MAPE: 57, 0.00634, 0.00634, 0.07961, 0.03687, 57.04%
Time spent: 13.33s
- Epoch 080, ExpID 94797
Train - Loss (one batch): 0.00370
Val - Loss, MSE, RMSE, MAE, MAPE: 0.00555, 0.00555, 0.07453, 0.03914, 83.68%
Test - Best epoch, Loss, MSE, RMSE, MAE, MAPE: 57, 0.00634, 0.00634, 0.07961, 0.03687, 57.04%
Time spent: 13.33s
- Epoch 081, ExpID 94797
Train - Loss (one batch): 0.00381
Val - Loss, MSE, RMSE, MAE, MAPE: 0.00532, 0.00532, 0.07293, 0.03992, 146.27%
Test - Best epoch, Loss, MSE, RMSE, MAE, MAPE: 57, 0.00634, 0.00634, 0.07961, 0.03687, 57.04%
Time spent: 13.33s
- Epoch 082, ExpID 94797
Train - Loss (one batch): 0.00501
Val - Loss, MSE, RMSE, MAE, MAPE: 0.00534, 0.00534, 0.07309, 0.03802, 61.20%
Test - Best epoch, Loss, MSE, RMSE, MAE, MAPE: 57, 0.00634, 0.00634, 0.07961, 0.03687, 57.04%
Time spent: 13.33s
/home/ouass/Test/MSP-IMTS/tPatchGNN/run_models.py
2026-03-09 06:15:47
run_models.py --dataset physionet --history 24 --quantization 1.0 --hid_dim 64 --te_dim 10 --node_dim 10 --nlayer 1 --tf_layer 1 --nhead 1 --batch_size 32 --lr 1e-3 --patience 25 --epoch 600 --seed 2 --gpu 0 --metric per_dim --multi_scales 1,2,4 --multi_strides 1,2,4 --fusion gated
Namespace(multi_scales='1,2,4', multi_strides='1,2,4', fusion='gated', state='def', n=100000000, hop=1, nhead=1, tf_layer=1, nlayer=1, epoch=600, patience=25, history=24, patch_size=24, stride=24, logmode='a', lr=0.001, w_decay=0.0, batch_size=32, save='experiments/', load=None, seed=2, dataset='physionet', quantization=1.0, model='tPatchGNN', outlayer='Linear', hid_dim=64, te_dim=10, node_dim=10, gpu='0', metric='per_dim', npatch=1, device=device(type='cuda'), PID=1967927, ndim=41)
- Epoch 000, ExpID 32742
Train - Loss (one batch): 0.00745
Val - Loss, MSE, RMSE, MAE, MAPE: 0.00723, 0.00723, 0.08502, 0.05131, 103.58%
Test - Best epoch, Loss, MSE, RMSE, MAE, MAPE: 0, 0.00835, 0.00835, 0.09137, 0.05056, 92.22%
Time spent: 14.77s
- Epoch 001, ExpID 32742
Train - Loss (one batch): 0.00574
Val - Loss, MSE, RMSE, MAE, MAPE: 0.00570, 0.00570, 0.07552, 0.04259, 61.73%
Test - Best epoch, Loss, MSE, RMSE, MAE, MAPE: 1, 0.00710, 0.00710, 0.08427, 0.04251, 57.66%
Time spent: 14.72s
- Epoch 002, ExpID 32742
Train - Loss (one batch): 0.00776
Val - Loss, MSE, RMSE, MAE, MAPE: 0.00604, 0.00604, 0.07772, 0.04396, 55.61%
Test - Best epoch, Loss, MSE, RMSE, MAE, MAPE: 1, 0.00710, 0.00710, 0.08427, 0.04251, 57.66%
Time spent: 13.12s
- Epoch 003, ExpID 32742
Train - Loss (one batch): 0.00488
Val - Loss, MSE, RMSE, MAE, MAPE: 0.00567, 0.00567, 0.07527, 0.04133, 104.24%
Test - Best epoch, Loss, MSE, RMSE, MAE, MAPE: 3, 0.00714, 0.00714, 0.08451, 0.04270, 92.53%
Time spent: 14.72s
- Epoch 004, ExpID 32742
Train - Loss (one batch): 0.00688
Val - Loss, MSE, RMSE, MAE, MAPE: 0.00626, 0.00626, 0.07913, 0.04612, 76.91%
Test - Best epoch, Loss, MSE, RMSE, MAE, MAPE: 3, 0.00714, 0.00714, 0.08451, 0.04270, 92.53%
Time spent: 13.12s
- Epoch 005, ExpID 32742
Train - Loss (one batch): 0.00737
Val - Loss, MSE, RMSE, MAE, MAPE: 0.00655, 0.00655, 0.08095, 0.05133, 160.11%
Test - Best epoch, Loss, MSE, RMSE, MAE, MAPE: 3, 0.00714, 0.00714, 0.08451, 0.04270, 92.53%
Time spent: 13.12s
- Epoch 006, ExpID 32742
Train - Loss (one batch): 0.00734
Val - Loss, MSE, RMSE, MAE, MAPE: 0.00590, 0.00590, 0.07683, 0.04367, 131.13%
Test - Best epoch, Loss, MSE, RMSE, MAE, MAPE: 3, 0.00714, 0.00714, 0.08451, 0.04270, 92.53%
Time spent: 13.12s
- Epoch 007, ExpID 32742
Train - Loss (one batch): 0.00481
Val - Loss, MSE, RMSE, MAE, MAPE: 0.00586, 0.00586, 0.07653, 0.04413, 73.24%
Test - Best epoch, Loss, MSE, RMSE, MAE, MAPE: 3, 0.00714, 0.00714, 0.08451, 0.04270, 92.53%
Time spent: 13.12s
- Epoch 008, ExpID 32742
Train - Loss (one batch): 0.00560
Val - Loss, MSE, RMSE, MAE, MAPE: 0.00603, 0.00603, 0.07766, 0.04501, 71.88%
Test - Best epoch, Loss, MSE, RMSE, MAE, MAPE: 3, 0.00714, 0.00714, 0.08451, 0.04270, 92.53%
Time spent: 13.12s
- Epoch 009, ExpID 32742
Train - Loss (one batch): 0.00652
Val - Loss, MSE, RMSE, MAE, MAPE: 0.00669, 0.00669, 0.08179, 0.04739, 81.99%
Test - Best epoch, Loss, MSE, RMSE, MAE, MAPE: 3, 0.00714, 0.00714, 0.08451, 0.04270, 92.53%
Time spent: 13.12s
- Epoch 010, ExpID 32742
Train - Loss (one batch): 0.00608
Val - Loss, MSE, RMSE, MAE, MAPE: 0.00550, 0.00550, 0.07418, 0.04014, 91.50%
Test - Best epoch, Loss, MSE, RMSE, MAE, MAPE: 10, 0.00671, 0.00671, 0.08192, 0.04053, 80.80%
Time spent: 14.72s
- Epoch 011, ExpID 32742
Train - Loss (one batch): 0.00635
Val - Loss, MSE, RMSE, MAE, MAPE: 0.00541, 0.00541, 0.07354, 0.03906, 72.49%
Test - Best epoch, Loss, MSE, RMSE, MAE, MAPE: 11, 0.00667, 0.00667, 0.08165, 0.03915, 62.82%
Time spent: 14.72s
- Epoch 012, ExpID 32742
Train - Loss (one batch): 0.00799
Val - Loss, MSE, RMSE, MAE, MAPE: 0.00624, 0.00624, 0.07898, 0.04507, 95.87%
Test - Best epoch, Loss, MSE, RMSE, MAE, MAPE: 11, 0.00667, 0.00667, 0.08165, 0.03915, 62.82%
Time spent: 13.12s
- Epoch 013, ExpID 32742
Train - Loss (one batch): 0.00698
Val - Loss, MSE, RMSE, MAE, MAPE: 0.00544, 0.00544, 0.07374, 0.03991, 86.41%
Test - Best epoch, Loss, MSE, RMSE, MAE, MAPE: 11, 0.00667, 0.00667, 0.08165, 0.03915, 62.82%
Time spent: 13.12s
- Epoch 014, ExpID 32742
Train - Loss (one batch): 0.00499
Val - Loss, MSE, RMSE, MAE, MAPE: 0.00532, 0.00532, 0.07293, 0.03891, 113.33%
Test - Best epoch, Loss, MSE, RMSE, MAE, MAPE: 14, 0.00653, 0.00653, 0.08082, 0.03906, 101.53%
Time spent: 14.72s
- Epoch 015, ExpID 32742
Train - Loss (one batch): 0.00549
Val - Loss, MSE, RMSE, MAE, MAPE: 0.00552, 0.00552, 0.07427, 0.04152, 155.65%
Test - Best epoch, Loss, MSE, RMSE, MAE, MAPE: 14, 0.00653, 0.00653, 0.08082, 0.03906, 101.53%
Time spent: 13.12s
- Epoch 016, ExpID 32742
Train - Loss (one batch): 0.00471
Val - Loss, MSE, RMSE, MAE, MAPE: 0.00520, 0.00520, 0.07209, 0.03892, 67.78%
Test - Best epoch, Loss, MSE, RMSE, MAE, MAPE: 16, 0.00652, 0.00652, 0.08076, 0.03912, 63.74%
Time spent: 14.72s
- Epoch 017, ExpID 32742
Train - Loss (one batch): 0.00323
Val - Loss, MSE, RMSE, MAE, MAPE: 0.00557, 0.00557, 0.07466, 0.04127, 90.77%
Test - Best epoch, Loss, MSE, RMSE, MAE, MAPE: 16, 0.00652, 0.00652, 0.08076, 0.03912, 63.74%
Time spent: 13.12s
- Epoch 018, ExpID 32742
Train - Loss (one batch): 0.00692
Val - Loss, MSE, RMSE, MAE, MAPE: 0.00641, 0.00641, 0.08009, 0.04885, 147.78%
Test - Best epoch, Loss, MSE, RMSE, MAE, MAPE: 16, 0.00652, 0.00652, 0.08076, 0.03912, 63.74%
Time spent: 13.12s
- Epoch 019, ExpID 32742
Train - Loss (one batch): 0.00354
Val - Loss, MSE, RMSE, MAE, MAPE: 0.00556, 0.00556, 0.07455, 0.04555, 131.44%
Test - Best epoch, Loss, MSE, RMSE, MAE, MAPE: 16, 0.00652, 0.00652, 0.08076, 0.03912, 63.74%
Time spent: 13.12s
- Epoch 020, ExpID 32742
Train - Loss (one batch): 0.00388
Val - Loss, MSE, RMSE, MAE, MAPE: 0.00567, 0.00567, 0.07532, 0.04097, 63.23%
Test - Best epoch, Loss, MSE, RMSE, MAE, MAPE: 16, 0.00652, 0.00652, 0.08076, 0.03912, 63.74%
Time spent: 13.12s
- Epoch 021, ExpID 32742
Train - Loss (one batch): 0.00609
Val - Loss, MSE, RMSE, MAE, MAPE: 0.00543, 0.00543, 0.07369, 0.04032, 102.30%
Test - Best epoch, Loss, MSE, RMSE, MAE, MAPE: 16, 0.00652, 0.00652, 0.08076, 0.03912, 63.74%
Time spent: 13.12s
- Epoch 022, ExpID 32742
Train - Loss (one batch): 0.00468
Val - Loss, MSE, RMSE, MAE, MAPE: 0.00552, 0.00552, 0.07431, 0.04194, 135.71%
Test - Best epoch, Loss, MSE, RMSE, MAE, MAPE: 16, 0.00652, 0.00652, 0.08076, 0.03912, 63.74%
Time spent: 13.12s
- Epoch 023, ExpID 32742
Train - Loss (one batch): 0.00402
Val - Loss, MSE, RMSE, MAE, MAPE: 0.00536, 0.00536, 0.07320, 0.04026, 121.88%
Test - Best epoch, Loss, MSE, RMSE, MAE, MAPE: 16, 0.00652, 0.00652, 0.08076, 0.03912, 63.74%
Time spent: 13.12s
- Epoch 024, ExpID 32742
Train - Loss (one batch): 0.00527
Val - Loss, MSE, RMSE, MAE, MAPE: 0.00526, 0.00526, 0.07256, 0.03856, 70.78%
Test - Best epoch, Loss, MSE, RMSE, MAE, MAPE: 16, 0.00652, 0.00652, 0.08076, 0.03912, 63.74%
Time spent: 13.12s
- Epoch 025, ExpID 32742
Train - Loss (one batch): 0.00375
Val - Loss, MSE, RMSE, MAE, MAPE: 0.00571, 0.00571, 0.07554, 0.04333, 92.22%
Test - Best epoch, Loss, MSE, RMSE, MAE, MAPE: 16, 0.00652, 0.00652, 0.08076, 0.03912, 63.74%
Time spent: 13.12s
- Epoch 026, ExpID 32742
Train - Loss (one batch): 0.00544
Val - Loss, MSE, RMSE, MAE, MAPE: 0.00524, 0.00524, 0.07242, 0.04151, 141.49%
Test - Best epoch, Loss, MSE, RMSE, MAE, MAPE: 16, 0.00652, 0.00652, 0.08076, 0.03912, 63.74%
Time spent: 13.12s
- Epoch 027, ExpID 32742
Train - Loss (one batch): 0.00435
Val - Loss, MSE, RMSE, MAE, MAPE: 0.00532, 0.00532, 0.07291, 0.03991, 72.79%
Test - Best epoch, Loss, MSE, RMSE, MAE, MAPE: 16, 0.00652, 0.00652, 0.08076, 0.03912, 63.74%
Time spent: 13.12s
- Epoch 028, ExpID 32742
Train - Loss (one batch): 0.00538
Val - Loss, MSE, RMSE, MAE, MAPE: 0.00530, 0.00530, 0.07281, 0.03830, 95.13%
Test - Best epoch, Loss, MSE, RMSE, MAE, MAPE: 16, 0.00652, 0.00652, 0.08076, 0.03912, 63.74%
Time spent: 13.12s
- Epoch 029, ExpID 32742
Train - Loss (one batch): 0.00510
Val - Loss, MSE, RMSE, MAE, MAPE: 0.00600, 0.00600, 0.07743, 0.04739, 99.54%
Test - Best epoch, Loss, MSE, RMSE, MAE, MAPE: 16, 0.00652, 0.00652, 0.08076, 0.03912, 63.74%
Time spent: 13.12s
- Epoch 030, ExpID 32742
Train - Loss (one batch): 0.00329
Val - Loss, MSE, RMSE, MAE, MAPE: 0.00528, 0.00528, 0.07265, 0.03873, 109.67%
Test - Best epoch, Loss, MSE, RMSE, MAE, MAPE: 16, 0.00652, 0.00652, 0.08076, 0.03912, 63.74%
Time spent: 13.12s
- Epoch 031, ExpID 32742
Train - Loss (one batch): 0.00335
Val - Loss, MSE, RMSE, MAE, MAPE: 0.00521, 0.00521, 0.07216, 0.03782, 64.20%
Test - Best epoch, Loss, MSE, RMSE, MAE, MAPE: 16, 0.00652, 0.00652, 0.08076, 0.03912, 63.74%
Time spent: 13.12s
- Epoch 032, ExpID 32742
Train - Loss (one batch): 0.00397
Val - Loss, MSE, RMSE, MAE, MAPE: 0.00539, 0.00539, 0.07339, 0.03975, 91.09%
Test - Best epoch, Loss, MSE, RMSE, MAE, MAPE: 16, 0.00652, 0.00652, 0.08076, 0.03912, 63.74%
Time spent: 13.12s
- Epoch 033, ExpID 32742
Train - Loss (one batch): 0.00466
Val - Loss, MSE, RMSE, MAE, MAPE: 0.00515, 0.00515, 0.07174, 0.03819, 68.88%
Test - Best epoch, Loss, MSE, RMSE, MAE, MAPE: 33, 0.00633, 0.00633, 0.07954, 0.03808, 59.65%
Time spent: 14.72s
- Epoch 034, ExpID 32742
Train - Loss (one batch): 0.00639
Val - Loss, MSE, RMSE, MAE, MAPE: 0.00530, 0.00530, 0.07278, 0.03925, 119.80%
Test - Best epoch, Loss, MSE, RMSE, MAE, MAPE: 33, 0.00633, 0.00633, 0.07954, 0.03808, 59.65%
Time spent: 13.12s
- Epoch 035, ExpID 32742
Train - Loss (one batch): 0.00522
Val - Loss, MSE, RMSE, MAE, MAPE: 0.00535, 0.00535, 0.07314, 0.03871, 96.08%
Test - Best epoch, Loss, MSE, RMSE, MAE, MAPE: 33, 0.00633, 0.00633, 0.07954, 0.03808, 59.65%
Time spent: 13.13s
- Epoch 036, ExpID 32742
Train - Loss (one batch): 0.00381
Val - Loss, MSE, RMSE, MAE, MAPE: 0.00515, 0.00515, 0.07174, 0.03849, 112.93%
Test - Best epoch, Loss, MSE, RMSE, MAE, MAPE: 33, 0.00633, 0.00633, 0.07954, 0.03808, 59.65%
Time spent: 13.12s
- Epoch 037, ExpID 32742
Train - Loss (one batch): 0.00632
Val - Loss, MSE, RMSE, MAE, MAPE: 0.00558, 0.00558, 0.07468, 0.04233, 115.71%
Test - Best epoch, Loss, MSE, RMSE, MAE, MAPE: 33, 0.00633, 0.00633, 0.07954, 0.03808, 59.65%
Time spent: 13.12s
- Epoch 038, ExpID 32742
Train - Loss (one batch): 0.00317
Val - Loss, MSE, RMSE, MAE, MAPE: 0.00528, 0.00528, 0.07268, 0.03949, 50.95%
Test - Best epoch, Loss, MSE, RMSE, MAE, MAPE: 33, 0.00633, 0.00633, 0.07954, 0.03808, 59.65%
Time spent: 13.12s
- Epoch 039, ExpID 32742
Train - Loss (one batch): 0.00360
Val - Loss, MSE, RMSE, MAE, MAPE: 0.00514, 0.00514, 0.07168, 0.03812, 90.87%
Test - Best epoch, Loss, MSE, RMSE, MAE, MAPE: 39, 0.00635, 0.00635, 0.07966, 0.03789, 76.69%
Time spent: 14.72s
- Epoch 040, ExpID 32742
Train - Loss (one batch): 0.00414
Val - Loss, MSE, RMSE, MAE, MAPE: 0.00548, 0.00548, 0.07405, 0.04059, 81.26%
Test - Best epoch, Loss, MSE, RMSE, MAE, MAPE: 39, 0.00635, 0.00635, 0.07966, 0.03789, 76.69%
Time spent: 13.12s
- Epoch 041, ExpID 32742
Train - Loss (one batch): 0.00409
Val - Loss, MSE, RMSE, MAE, MAPE: 0.00520, 0.00520, 0.07210, 0.03764, 68.95%
Test - Best epoch, Loss, MSE, RMSE, MAE, MAPE: 39, 0.00635, 0.00635, 0.07966, 0.03789, 76.69%
Time spent: 13.12s
- Epoch 042, ExpID 32742
Train - Loss (one batch): 0.00454
Val - Loss, MSE, RMSE, MAE, MAPE: 0.00528, 0.00528, 0.07267, 0.03986, 66.75%
Test - Best epoch, Loss, MSE, RMSE, MAE, MAPE: 39, 0.00635, 0.00635, 0.07966, 0.03789, 76.69%
Time spent: 13.12s
- Epoch 043, ExpID 32742
Train - Loss (one batch): 0.00576
Val - Loss, MSE, RMSE, MAE, MAPE: 0.00527, 0.00527, 0.07257, 0.03897, 86.08%
Test - Best epoch, Loss, MSE, RMSE, MAE, MAPE: 39, 0.00635, 0.00635, 0.07966, 0.03789, 76.69%
Time spent: 13.12s
- Epoch 044, ExpID 32742
Train - Loss (one batch): 0.00510
Val - Loss, MSE, RMSE, MAE, MAPE: 0.00505, 0.00505, 0.07104, 0.03775, 79.54%
Test - Best epoch, Loss, MSE, RMSE, MAE, MAPE: 44, 0.00646, 0.00646, 0.08036, 0.03800, 70.83%
Time spent: 14.72s
- Epoch 045, ExpID 32742
Train - Loss (one batch): 0.00490
Val - Loss, MSE, RMSE, MAE, MAPE: 0.00530, 0.00530, 0.07280, 0.03924, 84.26%
Test - Best epoch, Loss, MSE, RMSE, MAE, MAPE: 44, 0.00646, 0.00646, 0.08036, 0.03800, 70.83%
Time spent: 13.12s
- Epoch 046, ExpID 32742
Train - Loss (one batch): 0.00242
Val - Loss, MSE, RMSE, MAE, MAPE: 0.00526, 0.00526, 0.07254, 0.03816, 82.31%
Test - Best epoch, Loss, MSE, RMSE, MAE, MAPE: 44, 0.00646, 0.00646, 0.08036, 0.03800, 70.83%
Time spent: 13.12s
- Epoch 047, ExpID 32742
Train - Loss (one batch): 0.00464
Val - Loss, MSE, RMSE, MAE, MAPE: 0.00520, 0.00520, 0.07208, 0.03721, 87.20%
Test - Best epoch, Loss, MSE, RMSE, MAE, MAPE: 44, 0.00646, 0.00646, 0.08036, 0.03800, 70.83%
Time spent: 13.13s
- Epoch 048, ExpID 32742
Train - Loss (one batch): 0.00414
Val - Loss, MSE, RMSE, MAE, MAPE: 0.00554, 0.00554, 0.07445, 0.04036, 80.70%
Test - Best epoch, Loss, MSE, RMSE, MAE, MAPE: 44, 0.00646, 0.00646, 0.08036, 0.03800, 70.83%
Time spent: 13.12s
- Epoch 049, ExpID 32742
Train - Loss (one batch): 0.00375
Val - Loss, MSE, RMSE, MAE, MAPE: 0.00559, 0.00559, 0.07473, 0.04181, 85.08%
Test - Best epoch, Loss, MSE, RMSE, MAE, MAPE: 44, 0.00646, 0.00646, 0.08036, 0.03800, 70.83%
Time spent: 13.13s
- Epoch 050, ExpID 32742
Train - Loss (one batch): 0.00282
Val - Loss, MSE, RMSE, MAE, MAPE: 0.00523, 0.00523, 0.07234, 0.03965, 115.74%
Test - Best epoch, Loss, MSE, RMSE, MAE, MAPE: 44, 0.00646, 0.00646, 0.08036, 0.03800, 70.83%
Time spent: 13.12s
- Epoch 051, ExpID 32742
Train - Loss (one batch): 0.00908
Val - Loss, MSE, RMSE, MAE, MAPE: 0.00522, 0.00522, 0.07225, 0.03793, 78.76%
Test - Best epoch, Loss, MSE, RMSE, MAE, MAPE: 44, 0.00646, 0.00646, 0.08036, 0.03800, 70.83%
Time spent: 13.12s
- Epoch 052, ExpID 32742
Train - Loss (one batch): 0.00426
Val - Loss, MSE, RMSE, MAE, MAPE: 0.00553, 0.00553, 0.07436, 0.03885, 88.28%
Test - Best epoch, Loss, MSE, RMSE, MAE, MAPE: 44, 0.00646, 0.00646, 0.08036, 0.03800, 70.83%
Time spent: 13.12s
- Epoch 053, ExpID 32742
Train - Loss (one batch): 0.00472
Val - Loss, MSE, RMSE, MAE, MAPE: 0.00510, 0.00510, 0.07141, 0.03925, 121.71%
Test - Best epoch, Loss, MSE, RMSE, MAE, MAPE: 44, 0.00646, 0.00646, 0.08036, 0.03800, 70.83%
Time spent: 13.12s
- Epoch 054, ExpID 32742
Train - Loss (one batch): 0.00461
Val - Loss, MSE, RMSE, MAE, MAPE: 0.00524, 0.00524, 0.07235, 0.03868, 89.72%
Test - Best epoch, Loss, MSE, RMSE, MAE, MAPE: 44, 0.00646, 0.00646, 0.08036, 0.03800, 70.83%
Time spent: 13.12s
- Epoch 055, ExpID 32742
Train - Loss (one batch): 0.00945
Val - Loss, MSE, RMSE, MAE, MAPE: 0.00543, 0.00543, 0.07368, 0.03841, 91.32%
Test - Best epoch, Loss, MSE, RMSE, MAE, MAPE: 44, 0.00646, 0.00646, 0.08036, 0.03800, 70.83%
Time spent: 13.12s
- Epoch 056, ExpID 32742
Train - Loss (one batch): 0.00341
Val - Loss, MSE, RMSE, MAE, MAPE: 0.00529, 0.00529, 0.07276, 0.03779, 90.97%
Test - Best epoch, Loss, MSE, RMSE, MAE, MAPE: 44, 0.00646, 0.00646, 0.08036, 0.03800, 70.83%
Time spent: 13.12s
- Epoch 057, ExpID 32742
Train - Loss (one batch): 0.00372
Val - Loss, MSE, RMSE, MAE, MAPE: 0.00540, 0.00540, 0.07345, 0.03979, 112.18%
Test - Best epoch, Loss, MSE, RMSE, MAE, MAPE: 44, 0.00646, 0.00646, 0.08036, 0.03800, 70.83%
Time spent: 13.13s
- Epoch 058, ExpID 32742
Train - Loss (one batch): 0.00365
Val - Loss, MSE, RMSE, MAE, MAPE: 0.00559, 0.00559, 0.07479, 0.03933, 114.50%
Test - Best epoch, Loss, MSE, RMSE, MAE, MAPE: 44, 0.00646, 0.00646, 0.08036, 0.03800, 70.83%
Time spent: 13.12s
- Epoch 059, ExpID 32742
Train - Loss (one batch): 0.00370
Val - Loss, MSE, RMSE, MAE, MAPE: 0.00531, 0.00531, 0.07286, 0.04005, 105.44%
Test - Best epoch, Loss, MSE, RMSE, MAE, MAPE: 44, 0.00646, 0.00646, 0.08036, 0.03800, 70.83%
Time spent: 13.12s
- Epoch 060, ExpID 32742
Train - Loss (one batch): 0.00470
Val - Loss, MSE, RMSE, MAE, MAPE: 0.00536, 0.00536, 0.07319, 0.03888, 80.85%
Test - Best epoch, Loss, MSE, RMSE, MAE, MAPE: 44, 0.00646, 0.00646, 0.08036, 0.03800, 70.83%
Time spent: 13.12s
- Epoch 061, ExpID 32742
Train - Loss (one batch): 0.00460
Val - Loss, MSE, RMSE, MAE, MAPE: 0.00554, 0.00554, 0.07440, 0.04084, 101.79%
Test - Best epoch, Loss, MSE, RMSE, MAE, MAPE: 44, 0.00646, 0.00646, 0.08036, 0.03800, 70.83%
Time spent: 13.12s
- Epoch 062, ExpID 32742
Train - Loss (one batch): 0.00405
Val - Loss, MSE, RMSE, MAE, MAPE: 0.00572, 0.00572, 0.07565, 0.03924, 84.85%
Test - Best epoch, Loss, MSE, RMSE, MAE, MAPE: 44, 0.00646, 0.00646, 0.08036, 0.03800, 70.83%
Time spent: 13.12s
- Epoch 063, ExpID 32742
Train - Loss (one batch): 0.00343
Val - Loss, MSE, RMSE, MAE, MAPE: 0.00560, 0.00560, 0.07482, 0.03925, 103.46%
Test - Best epoch, Loss, MSE, RMSE, MAE, MAPE: 44, 0.00646, 0.00646, 0.08036, 0.03800, 70.83%
Time spent: 13.13s
- Epoch 064, ExpID 32742
Train - Loss (one batch): 0.00560
Val - Loss, MSE, RMSE, MAE, MAPE: 0.00554, 0.00554, 0.07442, 0.03874, 74.04%
Test - Best epoch, Loss, MSE, RMSE, MAE, MAPE: 44, 0.00646, 0.00646, 0.08036, 0.03800, 70.83%
Time spent: 13.13s
- Epoch 065, ExpID 32742
Train - Loss (one batch): 0.00228
Val - Loss, MSE, RMSE, MAE, MAPE: 0.00570, 0.00570, 0.07549, 0.03909, 69.25%
Test - Best epoch, Loss, MSE, RMSE, MAE, MAPE: 44, 0.00646, 0.00646, 0.08036, 0.03800, 70.83%
Time spent: 13.13s
- Epoch 066, ExpID 32742
Train - Loss (one batch): 0.00385
Val - Loss, MSE, RMSE, MAE, MAPE: 0.00524, 0.00524, 0.07239, 0.03793, 67.66%
Test - Best epoch, Loss, MSE, RMSE, MAE, MAPE: 44, 0.00646, 0.00646, 0.08036, 0.03800, 70.83%
Time spent: 13.12s
- Epoch 067, ExpID 32742
Train - Loss (one batch): 0.00532
Val - Loss, MSE, RMSE, MAE, MAPE: 0.00528, 0.00528, 0.07266, 0.03857, 69.34%
Test - Best epoch, Loss, MSE, RMSE, MAE, MAPE: 44, 0.00646, 0.00646, 0.08036, 0.03800, 70.83%
Time spent: 13.12s
- Epoch 068, ExpID 32742
Train - Loss (one batch): 0.00357
Val - Loss, MSE, RMSE, MAE, MAPE: 0.00535, 0.00535, 0.07313, 0.03817, 82.47%
Test - Best epoch, Loss, MSE, RMSE, MAE, MAPE: 44, 0.00646, 0.00646, 0.08036, 0.03800, 70.83%
Time spent: 13.12s
- Epoch 069, ExpID 32742
Train - Loss (one batch): 0.00294
Val - Loss, MSE, RMSE, MAE, MAPE: 0.00524, 0.00524, 0.07241, 0.03790, 94.91%
Test - Best epoch, Loss, MSE, RMSE, MAE, MAPE: 44, 0.00646, 0.00646, 0.08036, 0.03800, 70.83%
Time spent: 13.12s
/home/ouass/Test/MSP-IMTS/tPatchGNN/run_models.py
2026-03-09 06:31:46
run_models.py --dataset physionet --history 24 --quantization 1.0 --hid_dim 64 --te_dim 10 --node_dim 10 --nlayer 1 --tf_layer 1 --nhead 1 --batch_size 32 --lr 1e-3 --patience 25 --epoch 600 --seed 3 --gpu 0 --metric per_dim --multi_scales 1,2,4 --multi_strides 1,2,4 --fusion gated
Namespace(multi_scales='1,2,4', multi_strides='1,2,4', fusion='gated', state='def', n=100000000, hop=1, nhead=1, tf_layer=1, nlayer=1, epoch=600, patience=25, history=24, patch_size=24, stride=24, logmode='a', lr=0.001, w_decay=0.0, batch_size=32, save='experiments/', load=None, seed=3, dataset='physionet', quantization=1.0, model='tPatchGNN', outlayer='Linear', hid_dim=64, te_dim=10, node_dim=10, gpu='0', metric='per_dim', npatch=1, device=device(type='cuda'), PID=1968327, ndim=41)
- Epoch 000, ExpID 71244
Train - Loss (one batch): 0.00602
Val - Loss, MSE, RMSE, MAE, MAPE: 0.00885, 0.00885, 0.09407, 0.06020, 142.62%
Test - Best epoch, Loss, MSE, RMSE, MAE, MAPE: 0, 0.01050, 0.01050, 0.10246, 0.06191, 139.18%
Time spent: 14.94s
- Epoch 001, ExpID 71244
Train - Loss (one batch): 0.00826
Val - Loss, MSE, RMSE, MAE, MAPE: 0.00652, 0.00652, 0.08075, 0.04610, 92.30%
Test - Best epoch, Loss, MSE, RMSE, MAE, MAPE: 1, 0.00805, 0.00805, 0.08971, 0.04724, 83.94%
Time spent: 14.88s
- Epoch 002, ExpID 71244
Train - Loss (one batch): 0.00628
Val - Loss, MSE, RMSE, MAE, MAPE: 0.00644, 0.00644, 0.08025, 0.04631, 74.17%
Test - Best epoch, Loss, MSE, RMSE, MAE, MAPE: 2, 0.00772, 0.00772, 0.08786, 0.04624, 63.60%
Time spent: 14.88s
- Epoch 003, ExpID 71244
Train - Loss (one batch): 0.00390
Val - Loss, MSE, RMSE, MAE, MAPE: 0.00570, 0.00570, 0.07550, 0.04296, 94.66%
Test - Best epoch, Loss, MSE, RMSE, MAE, MAPE: 3, 0.00700, 0.00700, 0.08364, 0.04231, 78.30%
Time spent: 14.88s
- Epoch 004, ExpID 71244
Train - Loss (one batch): 0.00548
Val - Loss, MSE, RMSE, MAE, MAPE: 0.00598, 0.00598, 0.07735, 0.04550, 84.78%
Test - Best epoch, Loss, MSE, RMSE, MAE, MAPE: 3, 0.00700, 0.00700, 0.08364, 0.04231, 78.30%
Time spent: 13.25s
- Epoch 005, ExpID 71244
Train - Loss (one batch): 0.00548
Val - Loss, MSE, RMSE, MAE, MAPE: 0.00550, 0.00550, 0.07416, 0.04225, 122.49%
Test - Best epoch, Loss, MSE, RMSE, MAE, MAPE: 5, 0.00682, 0.00682, 0.08258, 0.04193, 108.16%
Time spent: 14.88s
- Epoch 006, ExpID 71244
Train - Loss (one batch): 0.00379
Val - Loss, MSE, RMSE, MAE, MAPE: 0.00633, 0.00633, 0.07954, 0.04575, 96.70%
Test - Best epoch, Loss, MSE, RMSE, MAE, MAPE: 5, 0.00682, 0.00682, 0.08258, 0.04193, 108.16%
Time spent: 13.25s
- Epoch 007, ExpID 71244
Train - Loss (one batch): 0.00489
Val - Loss, MSE, RMSE, MAE, MAPE: 0.00565, 0.00565, 0.07514, 0.04230, 77.06%
Test - Best epoch, Loss, MSE, RMSE, MAE, MAPE: 5, 0.00682, 0.00682, 0.08258, 0.04193, 108.16%
Time spent: 13.25s
- Epoch 008, ExpID 71244
Train - Loss (one batch): 0.00492
Val - Loss, MSE, RMSE, MAE, MAPE: 0.00526, 0.00526, 0.07253, 0.03890, 102.48%
Test - Best epoch, Loss, MSE, RMSE, MAE, MAPE: 8, 0.00656, 0.00656, 0.08100, 0.03925, 89.10%
Time spent: 14.88s
- Epoch 009, ExpID 71244
Train - Loss (one batch): 0.00404
Val - Loss, MSE, RMSE, MAE, MAPE: 0.00542, 0.00542, 0.07361, 0.04097, 69.73%
Test - Best epoch, Loss, MSE, RMSE, MAE, MAPE: 8, 0.00656, 0.00656, 0.08100, 0.03925, 89.10%
Time spent: 13.24s
- Epoch 010, ExpID 71244
Train - Loss (one batch): 0.00499
Val - Loss, MSE, RMSE, MAE, MAPE: 0.00521, 0.00521, 0.07220, 0.03892, 75.19%
Test - Best epoch, Loss, MSE, RMSE, MAE, MAPE: 10, 0.00654, 0.00654, 0.08087, 0.03916, 65.41%
Time spent: 14.87s
- Epoch 011, ExpID 71244
Train - Loss (one batch): 0.00523
Val - Loss, MSE, RMSE, MAE, MAPE: 0.00556, 0.00556, 0.07456, 0.04090, 66.99%
Test - Best epoch, Loss, MSE, RMSE, MAE, MAPE: 10, 0.00654, 0.00654, 0.08087, 0.03916, 65.41%
Time spent: 13.24s
- Epoch 012, ExpID 71244
Train - Loss (one batch): 0.00362
Val - Loss, MSE, RMSE, MAE, MAPE: 0.00523, 0.00523, 0.07231, 0.03893, 80.35%
Test - Best epoch, Loss, MSE, RMSE, MAE, MAPE: 10, 0.00654, 0.00654, 0.08087, 0.03916, 65.41%
Time spent: 13.24s
- Epoch 013, ExpID 71244
Train - Loss (one batch): 0.00417
Val - Loss, MSE, RMSE, MAE, MAPE: 0.00555, 0.00555, 0.07447, 0.04084, 78.64%
Test - Best epoch, Loss, MSE, RMSE, MAE, MAPE: 10, 0.00654, 0.00654, 0.08087, 0.03916, 65.41%
Time spent: 13.25s
- Epoch 014, ExpID 71244
Train - Loss (one batch): 0.00571
Val - Loss, MSE, RMSE, MAE, MAPE: 0.00558, 0.00558, 0.07472, 0.04185, 124.53%
Test - Best epoch, Loss, MSE, RMSE, MAE, MAPE: 10, 0.00654, 0.00654, 0.08087, 0.03916, 65.41%
Time spent: 13.25s
- Epoch 015, ExpID 71244
Train - Loss (one batch): 0.00574
Val - Loss, MSE, RMSE, MAE, MAPE: 0.00573, 0.00573, 0.07571, 0.04179, 71.38%
Test - Best epoch, Loss, MSE, RMSE, MAE, MAPE: 10, 0.00654, 0.00654, 0.08087, 0.03916, 65.41%
Time spent: 13.24s
- Epoch 016, ExpID 71244
Train - Loss (one batch): 0.00668
Val - Loss, MSE, RMSE, MAE, MAPE: 0.00558, 0.00558, 0.07468, 0.04277, 96.53%
Test - Best epoch, Loss, MSE, RMSE, MAE, MAPE: 10, 0.00654, 0.00654, 0.08087, 0.03916, 65.41%
Time spent: 13.25s
- Epoch 017, ExpID 71244
Train - Loss (one batch): 0.00308
Val - Loss, MSE, RMSE, MAE, MAPE: 0.00545, 0.00545, 0.07381, 0.04180, 107.20%
Test - Best epoch, Loss, MSE, RMSE, MAE, MAPE: 10, 0.00654, 0.00654, 0.08087, 0.03916, 65.41%
Time spent: 13.24s
- Epoch 018, ExpID 71244
Train - Loss (one batch): 0.01420
Val - Loss, MSE, RMSE, MAE, MAPE: 0.00606, 0.00606, 0.07783, 0.04695, 189.41%
Test - Best epoch, Loss, MSE, RMSE, MAE, MAPE: 10, 0.00654, 0.00654, 0.08087, 0.03916, 65.41%
Time spent: 13.24s
- Epoch 019, ExpID 71244
Train - Loss (one batch): 0.00564
Val - Loss, MSE, RMSE, MAE, MAPE: 0.00525, 0.00525, 0.07248, 0.03979, 113.99%
Test - Best epoch, Loss, MSE, RMSE, MAE, MAPE: 10, 0.00654, 0.00654, 0.08087, 0.03916, 65.41%
Time spent: 13.25s
- Epoch 020, ExpID 71244
Train - Loss (one batch): 0.00397
Val - Loss, MSE, RMSE, MAE, MAPE: 0.00534, 0.00534, 0.07308, 0.03917, 73.47%
Test - Best epoch, Loss, MSE, RMSE, MAE, MAPE: 10, 0.00654, 0.00654, 0.08087, 0.03916, 65.41%
Time spent: 13.24s
- Epoch 021, ExpID 71244
Train - Loss (one batch): 0.00294
Val - Loss, MSE, RMSE, MAE, MAPE: 0.00506, 0.00506, 0.07115, 0.03812, 68.92%
Test - Best epoch, Loss, MSE, RMSE, MAE, MAPE: 21, 0.00653, 0.00653, 0.08078, 0.03875, 58.58%
Time spent: 14.88s
- Epoch 022, ExpID 71244
Train - Loss (one batch): 0.00433
Val - Loss, MSE, RMSE, MAE, MAPE: 0.00556, 0.00556, 0.07458, 0.04097, 126.75%
Test - Best epoch, Loss, MSE, RMSE, MAE, MAPE: 21, 0.00653, 0.00653, 0.08078, 0.03875, 58.58%
Time spent: 13.25s
- Epoch 023, ExpID 71244
Train - Loss (one batch): 0.00299
Val - Loss, MSE, RMSE, MAE, MAPE: 0.00526, 0.00526, 0.07250, 0.03934, 103.42%
Test - Best epoch, Loss, MSE, RMSE, MAE, MAPE: 21, 0.00653, 0.00653, 0.08078, 0.03875, 58.58%
Time spent: 13.25s
- Epoch 024, ExpID 71244
Train - Loss (one batch): 0.00344
Val - Loss, MSE, RMSE, MAE, MAPE: 0.00515, 0.00515, 0.07177, 0.03882, 139.70%
Test - Best epoch, Loss, MSE, RMSE, MAE, MAPE: 21, 0.00653, 0.00653, 0.08078, 0.03875, 58.58%
Time spent: 13.25s
- Epoch 025, ExpID 71244
Train - Loss (one batch): 0.01222
Val - Loss, MSE, RMSE, MAE, MAPE: 0.00520, 0.00520, 0.07208, 0.03814, 78.70%
Test - Best epoch, Loss, MSE, RMSE, MAE, MAPE: 21, 0.00653, 0.00653, 0.08078, 0.03875, 58.58%
Time spent: 13.25s
- Epoch 026, ExpID 71244
Train - Loss (one batch): 0.00512
Val - Loss, MSE, RMSE, MAE, MAPE: 0.00513, 0.00513, 0.07161, 0.03876, 119.11%
Test - Best epoch, Loss, MSE, RMSE, MAE, MAPE: 21, 0.00653, 0.00653, 0.08078, 0.03875, 58.58%
Time spent: 13.25s
- Epoch 027, ExpID 71244
Train - Loss (one batch): 0.00424
Val - Loss, MSE, RMSE, MAE, MAPE: 0.00521, 0.00521, 0.07218, 0.03921, 100.66%
Test - Best epoch, Loss, MSE, RMSE, MAE, MAPE: 21, 0.00653, 0.00653, 0.08078, 0.03875, 58.58%
Time spent: 13.25s
- Epoch 028, ExpID 71244
Train - Loss (one batch): 0.00502
Val - Loss, MSE, RMSE, MAE, MAPE: 0.00532, 0.00532, 0.07297, 0.03970, 95.76%
Test - Best epoch, Loss, MSE, RMSE, MAE, MAPE: 21, 0.00653, 0.00653, 0.08078, 0.03875, 58.58%
Time spent: 13.25s
- Epoch 029, ExpID 71244
Train - Loss (one batch): 0.00532
Val - Loss, MSE, RMSE, MAE, MAPE: 0.00565, 0.00565, 0.07518, 0.04110, 84.45%
Test - Best epoch, Loss, MSE, RMSE, MAE, MAPE: 21, 0.00653, 0.00653, 0.08078, 0.03875, 58.58%
Time spent: 13.25s
- Epoch 030, ExpID 71244
Train - Loss (one batch): 0.00492
Val - Loss, MSE, RMSE, MAE, MAPE: 0.00531, 0.00531, 0.07286, 0.03803, 82.94%
Test - Best epoch, Loss, MSE, RMSE, MAE, MAPE: 21, 0.00653, 0.00653, 0.08078, 0.03875, 58.58%
Time spent: 13.25s
- Epoch 031, ExpID 71244
Train - Loss (one batch): 0.00541
Val - Loss, MSE, RMSE, MAE, MAPE: 0.00587, 0.00587, 0.07663, 0.04088, 93.53%
Test - Best epoch, Loss, MSE, RMSE, MAE, MAPE: 21, 0.00653, 0.00653, 0.08078, 0.03875, 58.58%
Time spent: 13.25s
- Epoch 032, ExpID 71244
Train - Loss (one batch): 0.00396
Val - Loss, MSE, RMSE, MAE, MAPE: 0.00526, 0.00526, 0.07251, 0.03875, 104.99%
Test - Best epoch, Loss, MSE, RMSE, MAE, MAPE: 21, 0.00653, 0.00653, 0.08078, 0.03875, 58.58%
Time spent: 13.25s
- Epoch 033, ExpID 71244
Train - Loss (one batch): 0.00713
Val - Loss, MSE, RMSE, MAE, MAPE: 0.00548, 0.00548, 0.07402, 0.03824, 69.87%
Test - Best epoch, Loss, MSE, RMSE, MAE, MAPE: 21, 0.00653, 0.00653, 0.08078, 0.03875, 58.58%
Time spent: 13.25s
- Epoch 034, ExpID 71244
Train - Loss (one batch): 0.00499
Val - Loss, MSE, RMSE, MAE, MAPE: 0.00550, 0.00550, 0.07414, 0.04235, 141.11%
Test - Best epoch, Loss, MSE, RMSE, MAE, MAPE: 21, 0.00653, 0.00653, 0.08078, 0.03875, 58.58%
Time spent: 13.24s
- Epoch 035, ExpID 71244
Train - Loss (one batch): 0.00546
Val - Loss, MSE, RMSE, MAE, MAPE: 0.00520, 0.00520, 0.07208, 0.03780, 72.63%
Test - Best epoch, Loss, MSE, RMSE, MAE, MAPE: 21, 0.00653, 0.00653, 0.08078, 0.03875, 58.58%
Time spent: 13.24s
- Epoch 036, ExpID 71244
Train - Loss (one batch): 0.00503
Val - Loss, MSE, RMSE, MAE, MAPE: 0.00553, 0.00553, 0.07438, 0.03896, 75.74%
Test - Best epoch, Loss, MSE, RMSE, MAE, MAPE: 21, 0.00653, 0.00653, 0.08078, 0.03875, 58.58%
Time spent: 13.25s
- Epoch 037, ExpID 71244
Train - Loss (one batch): 0.00470
Val - Loss, MSE, RMSE, MAE, MAPE: 0.00542, 0.00542, 0.07362, 0.03933, 68.76%
Test - Best epoch, Loss, MSE, RMSE, MAE, MAPE: 21, 0.00653, 0.00653, 0.08078, 0.03875, 58.58%
Time spent: 13.25s
- Epoch 038, ExpID 71244
Train - Loss (one batch): 0.00474
Val - Loss, MSE, RMSE, MAE, MAPE: 0.00536, 0.00536, 0.07325, 0.03915, 94.73%
Test - Best epoch, Loss, MSE, RMSE, MAE, MAPE: 21, 0.00653, 0.00653, 0.08078, 0.03875, 58.58%
Time spent: 13.25s
- Epoch 039, ExpID 71244
Train - Loss (one batch): 0.00461
Val - Loss, MSE, RMSE, MAE, MAPE: 0.00539, 0.00539, 0.07341, 0.03920, 91.37%
Test - Best epoch, Loss, MSE, RMSE, MAE, MAPE: 21, 0.00653, 0.00653, 0.08078, 0.03875, 58.58%
Time spent: 13.25s
- Epoch 040, ExpID 71244
Train - Loss (one batch): 0.00503
Val - Loss, MSE, RMSE, MAE, MAPE: 0.00511, 0.00511, 0.07146, 0.03748, 78.40%
Test - Best epoch, Loss, MSE, RMSE, MAE, MAPE: 21, 0.00653, 0.00653, 0.08078, 0.03875, 58.58%
Time spent: 13.25s
- Epoch 041, ExpID 71244
Train - Loss (one batch): 0.00437
Val - Loss, MSE, RMSE, MAE, MAPE: 0.00541, 0.00541, 0.07355, 0.04039, 71.56%
Test - Best epoch, Loss, MSE, RMSE, MAE, MAPE: 21, 0.00653, 0.00653, 0.08078, 0.03875, 58.58%
Time spent: 13.25s
- Epoch 042, ExpID 71244
Train - Loss (one batch): 0.00342
Val - Loss, MSE, RMSE, MAE, MAPE: 0.00519, 0.00519, 0.07203, 0.03728, 71.45%
Test - Best epoch, Loss, MSE, RMSE, MAE, MAPE: 21, 0.00653, 0.00653, 0.08078, 0.03875, 58.58%
Time spent: 13.25s
- Epoch 043, ExpID 71244
Train - Loss (one batch): 0.00438
Val - Loss, MSE, RMSE, MAE, MAPE: 0.00526, 0.00526, 0.07255, 0.03872, 60.89%
Test - Best epoch, Loss, MSE, RMSE, MAE, MAPE: 21, 0.00653, 0.00653, 0.08078, 0.03875, 58.58%
Time spent: 13.25s
- Epoch 044, ExpID 71244
Train - Loss (one batch): 0.00381
Val - Loss, MSE, RMSE, MAE, MAPE: 0.00527, 0.00527, 0.07260, 0.03933, 123.91%
Test - Best epoch, Loss, MSE, RMSE, MAE, MAPE: 21, 0.00653, 0.00653, 0.08078, 0.03875, 58.58%
Time spent: 13.25s
- Epoch 045, ExpID 71244
Train - Loss (one batch): 0.00388
Val - Loss, MSE, RMSE, MAE, MAPE: 0.00526, 0.00526, 0.07254, 0.03701, 63.55%
Test - Best epoch, Loss, MSE, RMSE, MAE, MAPE: 21, 0.00653, 0.00653, 0.08078, 0.03875, 58.58%
Time spent: 13.25s
- Epoch 046, ExpID 71244
Train - Loss (one batch): 0.00314
Val - Loss, MSE, RMSE, MAE, MAPE: 0.00537, 0.00537, 0.07325, 0.03855, 88.52%
Test - Best epoch, Loss, MSE, RMSE, MAE, MAPE: 21, 0.00653, 0.00653, 0.08078, 0.03875, 58.58%
Time spent: 13.25s
/home/ouass/Test/MSP-IMTS/tPatchGNN/run_models.py
2026-03-09 06:42:46
run_models.py --dataset physionet --history 24 --quantization 1.0 --hid_dim 64 --te_dim 10 --node_dim 10 --nlayer 1 --tf_layer 1 --nhead 1 --batch_size 32 --lr 1e-3 --patience 25 --epoch 600 --seed 4 --gpu 0 --metric per_dim --multi_scales 1,2,4 --multi_strides 1,2,4 --fusion gated
Namespace(multi_scales='1,2,4', multi_strides='1,2,4', fusion='gated', state='def', n=100000000, hop=1, nhead=1, tf_layer=1, nlayer=1, epoch=600, patience=25, history=24, patch_size=24, stride=24, logmode='a', lr=0.001, w_decay=0.0, batch_size=32, save='experiments/', load=None, seed=4, dataset='physionet', quantization=1.0, model='tPatchGNN', outlayer='Linear', hid_dim=64, te_dim=10, node_dim=10, gpu='0', metric='per_dim', npatch=1, device=device(type='cuda'), PID=1968564, ndim=41)
- Epoch 000, ExpID 13559
Train - Loss (one batch): 0.00794
Val - Loss, MSE, RMSE, MAE, MAPE: 0.00952, 0.00952, 0.09758, 0.05844, 153.17%
Test - Best epoch, Loss, MSE, RMSE, MAE, MAPE: 0, 0.01093, 0.01093, 0.10457, 0.05814, 135.82%
Time spent: 15.00s
- Epoch 001, ExpID 13559
Train - Loss (one batch): 0.01028
Val - Loss, MSE, RMSE, MAE, MAPE: 0.00622, 0.00622, 0.07884, 0.04503, 87.26%
Test - Best epoch, Loss, MSE, RMSE, MAE, MAPE: 1, 0.00773, 0.00773, 0.08790, 0.04525, 77.63%
Time spent: 14.93s
- Epoch 002, ExpID 13559
Train - Loss (one batch): 0.00575
Val - Loss, MSE, RMSE, MAE, MAPE: 0.00616, 0.00616, 0.07848, 0.04427, 93.15%
Test - Best epoch, Loss, MSE, RMSE, MAE, MAPE: 2, 0.00771, 0.00771, 0.08781, 0.04463, 85.06%
Time spent: 14.93s
- Epoch 003, ExpID 13559
Train - Loss (one batch): 0.00452
Val - Loss, MSE, RMSE, MAE, MAPE: 0.00573, 0.00573, 0.07571, 0.04301, 100.52%
Test - Best epoch, Loss, MSE, RMSE, MAE, MAPE: 3, 0.00726, 0.00726, 0.08522, 0.04336, 87.45%
Time spent: 14.94s
- Epoch 004, ExpID 13559
Train - Loss (one batch): 0.00738
Val - Loss, MSE, RMSE, MAE, MAPE: 0.00634, 0.00634, 0.07961, 0.04584, 114.84%
Test - Best epoch, Loss, MSE, RMSE, MAE, MAPE: 3, 0.00726, 0.00726, 0.08522, 0.04336, 87.45%
Time spent: 13.29s
- Epoch 005, ExpID 13559
Train - Loss (one batch): 0.00506
Val - Loss, MSE, RMSE, MAE, MAPE: 0.00569, 0.00569, 0.07542, 0.04217, 98.17%
Test - Best epoch, Loss, MSE, RMSE, MAE, MAPE: 5, 0.00721, 0.00721, 0.08489, 0.04254, 89.79%
Time spent: 14.93s
- Epoch 006, ExpID 13559
Train - Loss (one batch): 0.00488
Val - Loss, MSE, RMSE, MAE, MAPE: 0.00655, 0.00655, 0.08096, 0.04827, 113.17%
Test - Best epoch, Loss, MSE, RMSE, MAE, MAPE: 5, 0.00721, 0.00721, 0.08489, 0.04254, 89.79%
Time spent: 13.28s
- Epoch 007, ExpID 13559
Train - Loss (one batch): 0.00583
Val - Loss, MSE, RMSE, MAE, MAPE: 0.00532, 0.00532, 0.07296, 0.03926, 80.67%
Test - Best epoch, Loss, MSE, RMSE, MAE, MAPE: 7, 0.00694, 0.00694, 0.08333, 0.04019, 71.51%
Time spent: 14.93s
- Epoch 008, ExpID 13559
Train - Loss (one batch): 0.00358
Val - Loss, MSE, RMSE, MAE, MAPE: 0.00559, 0.00559, 0.07477, 0.04333, 159.80%
Test - Best epoch, Loss, MSE, RMSE, MAE, MAPE: 7, 0.00694, 0.00694, 0.08333, 0.04019, 71.51%
Time spent: 13.29s
- Epoch 009, ExpID 13559
Train - Loss (one batch): 0.00428
Val - Loss, MSE, RMSE, MAE, MAPE: 0.00547, 0.00547, 0.07397, 0.04153, 96.76%
Test - Best epoch, Loss, MSE, RMSE, MAE, MAPE: 7, 0.00694, 0.00694, 0.08333, 0.04019, 71.51%
Time spent: 13.28s
- Epoch 010, ExpID 13559
Train - Loss (one batch): 0.00357
Val - Loss, MSE, RMSE, MAE, MAPE: 0.00596, 0.00596, 0.07719, 0.04424, 108.74%
Test - Best epoch, Loss, MSE, RMSE, MAE, MAPE: 7, 0.00694, 0.00694, 0.08333, 0.04019, 71.51%
Time spent: 13.29s
- Epoch 011, ExpID 13559
Train - Loss (one batch): 0.00366
Val - Loss, MSE, RMSE, MAE, MAPE: 0.00524, 0.00524, 0.07237, 0.03945, 139.30%
Test - Best epoch, Loss, MSE, RMSE, MAE, MAPE: 11, 0.00660, 0.00660, 0.08122, 0.03953, 120.91%
Time spent: 14.94s
- Epoch 012, ExpID 13559
Train - Loss (one batch): 0.00346
Val - Loss, MSE, RMSE, MAE, MAPE: 0.00594, 0.00594, 0.07706, 0.04503, 72.60%
Test - Best epoch, Loss, MSE, RMSE, MAE, MAPE: 11, 0.00660, 0.00660, 0.08122, 0.03953, 120.91%
Time spent: 13.29s
- Epoch 013, ExpID 13559
Train - Loss (one batch): 0.00395
Val - Loss, MSE, RMSE, MAE, MAPE: 0.00577, 0.00577, 0.07595, 0.04482, 165.48%
Test - Best epoch, Loss, MSE, RMSE, MAE, MAPE: 11, 0.00660, 0.00660, 0.08122, 0.03953, 120.91%
Time spent: 13.28s
- Epoch 014, ExpID 13559
Train - Loss (one batch): 0.00485
Val - Loss, MSE, RMSE, MAE, MAPE: 0.00543, 0.00543, 0.07371, 0.04155, 95.51%
Test - Best epoch, Loss, MSE, RMSE, MAE, MAPE: 11, 0.00660, 0.00660, 0.08122, 0.03953, 120.91%
Time spent: 13.28s
- Epoch 015, ExpID 13559
Train - Loss (one batch): 0.00790
Val - Loss, MSE, RMSE, MAE, MAPE: 0.00535, 0.00535, 0.07318, 0.04105, 85.07%
Test - Best epoch, Loss, MSE, RMSE, MAE, MAPE: 11, 0.00660, 0.00660, 0.08122, 0.03953, 120.91%
Time spent: 13.28s
- Epoch 016, ExpID 13559
Train - Loss (one batch): 0.00523
Val - Loss, MSE, RMSE, MAE, MAPE: 0.00527, 0.00527, 0.07260, 0.03924, 93.78%
Test - Best epoch, Loss, MSE, RMSE, MAE, MAPE: 11, 0.00660, 0.00660, 0.08122, 0.03953, 120.91%
Time spent: 13.28s
- Epoch 017, ExpID 13559
Train - Loss (one batch): 0.00430
Val - Loss, MSE, RMSE, MAE, MAPE: 0.00542, 0.00542, 0.07365, 0.04078, 103.97%
Test - Best epoch, Loss, MSE, RMSE, MAE, MAPE: 11, 0.00660, 0.00660, 0.08122, 0.03953, 120.91%
Time spent: 13.28s
- Epoch 018, ExpID 13559
Train - Loss (one batch): 0.00406
Val - Loss, MSE, RMSE, MAE, MAPE: 0.00525, 0.00525, 0.07247, 0.03996, 109.88%
Test - Best epoch, Loss, MSE, RMSE, MAE, MAPE: 11, 0.00660, 0.00660, 0.08122, 0.03953, 120.91%
Time spent: 13.28s
- Epoch 019, ExpID 13559
Train - Loss (one batch): 0.00384
Val - Loss, MSE, RMSE, MAE, MAPE: 0.00582, 0.00582, 0.07628, 0.04439, 122.01%
Test - Best epoch, Loss, MSE, RMSE, MAE, MAPE: 11, 0.00660, 0.00660, 0.08122, 0.03953, 120.91%
Time spent: 13.28s
- Epoch 020, ExpID 13559
Train - Loss (one batch): 0.00446
Val - Loss, MSE, RMSE, MAE, MAPE: 0.00559, 0.00559, 0.07477, 0.04067, 92.10%
Test - Best epoch, Loss, MSE, RMSE, MAE, MAPE: 11, 0.00660, 0.00660, 0.08122, 0.03953, 120.91%
Time spent: 13.28s
- Epoch 021, ExpID 13559
Train - Loss (one batch): 0.00293
Val - Loss, MSE, RMSE, MAE, MAPE: 0.00526, 0.00526, 0.07254, 0.03964, 73.08%
Test - Best epoch, Loss, MSE, RMSE, MAE, MAPE: 11, 0.00660, 0.00660, 0.08122, 0.03953, 120.91%
Time spent: 13.28s
- Epoch 022, ExpID 13559
Train - Loss (one batch): 0.00396
Val - Loss, MSE, RMSE, MAE, MAPE: 0.00565, 0.00565, 0.07518, 0.04201, 78.40%
Test - Best epoch, Loss, MSE, RMSE, MAE, MAPE: 11, 0.00660, 0.00660, 0.08122, 0.03953, 120.91%
Time spent: 13.28s
- Epoch 023, ExpID 13559
Train - Loss (one batch): 0.01041
Val - Loss, MSE, RMSE, MAE, MAPE: 0.00547, 0.00547, 0.07395, 0.04124, 117.08%
Test - Best epoch, Loss, MSE, RMSE, MAE, MAPE: 11, 0.00660, 0.00660, 0.08122, 0.03953, 120.91%
Time spent: 13.28s
- Epoch 024, ExpID 13559
Train - Loss (one batch): 0.00531
Val - Loss, MSE, RMSE, MAE, MAPE: 0.00590, 0.00590, 0.07683, 0.04710, 226.11%
Test - Best epoch, Loss, MSE, RMSE, MAE, MAPE: 11, 0.00660, 0.00660, 0.08122, 0.03953, 120.91%
Time spent: 13.28s
- Epoch 025, ExpID 13559
Train - Loss (one batch): 0.00406
Val - Loss, MSE, RMSE, MAE, MAPE: 0.00558, 0.00558, 0.07471, 0.04021, 93.03%
Test - Best epoch, Loss, MSE, RMSE, MAE, MAPE: 11, 0.00660, 0.00660, 0.08122, 0.03953, 120.91%
Time spent: 13.28s
- Epoch 026, ExpID 13559
Train - Loss (one batch): 0.00544
Val - Loss, MSE, RMSE, MAE, MAPE: 0.00514, 0.00514, 0.07172, 0.03822, 77.08%
Test - Best epoch, Loss, MSE, RMSE, MAE, MAPE: 26, 0.00636, 0.00636, 0.07977, 0.03829, 66.26%
Time spent: 14.93s
- Epoch 027, ExpID 13559
Train - Loss (one batch): 0.00423
Val - Loss, MSE, RMSE, MAE, MAPE: 0.00541, 0.00541, 0.07352, 0.04297, 211.58%
Test - Best epoch, Loss, MSE, RMSE, MAE, MAPE: 26, 0.00636, 0.00636, 0.07977, 0.03829, 66.26%
Time spent: 13.28s
- Epoch 028, ExpID 13559
Train - Loss (one batch): 0.00382
Val - Loss, MSE, RMSE, MAE, MAPE: 0.00539, 0.00539, 0.07340, 0.04064, 54.37%
Test - Best epoch, Loss, MSE, RMSE, MAE, MAPE: 26, 0.00636, 0.00636, 0.07977, 0.03829, 66.26%
Time spent: 13.28s
- Epoch 029, ExpID 13559
Train - Loss (one batch): 0.00413
Val - Loss, MSE, RMSE, MAE, MAPE: 0.00550, 0.00550, 0.07415, 0.04058, 100.76%
Test - Best epoch, Loss, MSE, RMSE, MAE, MAPE: 26, 0.00636, 0.00636, 0.07977, 0.03829, 66.26%
Time spent: 13.28s
- Epoch 030, ExpID 13559
Train - Loss (one batch): 0.00362
Val - Loss, MSE, RMSE, MAE, MAPE: 0.00567, 0.00567, 0.07531, 0.04102, 139.52%
Test - Best epoch, Loss, MSE, RMSE, MAE, MAPE: 26, 0.00636, 0.00636, 0.07977, 0.03829, 66.26%
Time spent: 13.28s
- Epoch 031, ExpID 13559
Train - Loss (one batch): 0.00644
Val - Loss, MSE, RMSE, MAE, MAPE: 0.00520, 0.00520, 0.07211, 0.04069, 88.03%
Test - Best epoch, Loss, MSE, RMSE, MAE, MAPE: 26, 0.00636, 0.00636, 0.07977, 0.03829, 66.26%
Time spent: 13.28s
- Epoch 032, ExpID 13559
Train - Loss (one batch): 0.00515
Val - Loss, MSE, RMSE, MAE, MAPE: 0.00534, 0.00534, 0.07311, 0.04074, 75.58%
Test - Best epoch, Loss, MSE, RMSE, MAE, MAPE: 26, 0.00636, 0.00636, 0.07977, 0.03829, 66.26%
Time spent: 13.28s
- Epoch 033, ExpID 13559
Train - Loss (one batch): 0.00467
Val - Loss, MSE, RMSE, MAE, MAPE: 0.00614, 0.00614, 0.07834, 0.04682, 262.78%
Test - Best epoch, Loss, MSE, RMSE, MAE, MAPE: 26, 0.00636, 0.00636, 0.07977, 0.03829, 66.26%
Time spent: 13.28s
- Epoch 034, ExpID 13559
Train - Loss (one batch): 0.00277
Val - Loss, MSE, RMSE, MAE, MAPE: 0.00541, 0.00541, 0.07357, 0.03839, 90.80%
Test - Best epoch, Loss, MSE, RMSE, MAE, MAPE: 26, 0.00636, 0.00636, 0.07977, 0.03829, 66.26%
Time spent: 13.28s
- Epoch 035, ExpID 13559
Train - Loss (one batch): 0.00344
Val - Loss, MSE, RMSE, MAE, MAPE: 0.00534, 0.00534, 0.07306, 0.03916, 103.65%
Test - Best epoch, Loss, MSE, RMSE, MAE, MAPE: 26, 0.00636, 0.00636, 0.07977, 0.03829, 66.26%
Time spent: 13.28s
- Epoch 036, ExpID 13559
Train - Loss (one batch): 0.00450
Val - Loss, MSE, RMSE, MAE, MAPE: 0.00533, 0.00533, 0.07301, 0.04106, 98.60%
Test - Best epoch, Loss, MSE, RMSE, MAE, MAPE: 26, 0.00636, 0.00636, 0.07977, 0.03829, 66.26%
Time spent: 13.28s
- Epoch 037, ExpID 13559
Train - Loss (one batch): 0.00411
Val - Loss, MSE, RMSE, MAE, MAPE: 0.00550, 0.00550, 0.07413, 0.03990, 97.94%
Test - Best epoch, Loss, MSE, RMSE, MAE, MAPE: 26, 0.00636, 0.00636, 0.07977, 0.03829, 66.26%
Time spent: 13.28s
- Epoch 038, ExpID 13559
Train - Loss (one batch): 0.00412
Val - Loss, MSE, RMSE, MAE, MAPE: 0.00542, 0.00542, 0.07363, 0.03901, 84.34%
Test - Best epoch, Loss, MSE, RMSE, MAE, MAPE: 26, 0.00636, 0.00636, 0.07977, 0.03829, 66.26%
Time spent: 13.27s
- Epoch 039, ExpID 13559
Train - Loss (one batch): 0.00406
Val - Loss, MSE, RMSE, MAE, MAPE: 0.00532, 0.00532, 0.07293, 0.03984, 73.15%
Test - Best epoch, Loss, MSE, RMSE, MAE, MAPE: 26, 0.00636, 0.00636, 0.07977, 0.03829, 66.26%
Time spent: 13.27s
- Epoch 040, ExpID 13559
Train - Loss (one batch): 0.00675
Val - Loss, MSE, RMSE, MAE, MAPE: 0.00528, 0.00528, 0.07264, 0.03800, 82.64%
Test - Best epoch, Loss, MSE, RMSE, MAE, MAPE: 26, 0.00636, 0.00636, 0.07977, 0.03829, 66.26%
Time spent: 13.27s
- Epoch 041, ExpID 13559
Train - Loss (one batch): 0.00472
Val - Loss, MSE, RMSE, MAE, MAPE: 0.00537, 0.00537, 0.07328, 0.03957, 101.56%
Test - Best epoch, Loss, MSE, RMSE, MAE, MAPE: 26, 0.00636, 0.00636, 0.07977, 0.03829, 66.26%
Time spent: 13.28s
- Epoch 042, ExpID 13559
Train - Loss (one batch): 0.00290
Val - Loss, MSE, RMSE, MAE, MAPE: 0.00530, 0.00530, 0.07278, 0.03954, 82.63%
Test - Best epoch, Loss, MSE, RMSE, MAE, MAPE: 26, 0.00636, 0.00636, 0.07977, 0.03829, 66.26%
Time spent: 13.28s
- Epoch 043, ExpID 13559
Train - Loss (one batch): 0.00386
Val - Loss, MSE, RMSE, MAE, MAPE: 0.00527, 0.00527, 0.07262, 0.04030, 117.91%
Test - Best epoch, Loss, MSE, RMSE, MAE, MAPE: 26, 0.00636, 0.00636, 0.07977, 0.03829, 66.26%
Time spent: 13.27s
- Epoch 044, ExpID 13559
Train - Loss (one batch): 0.00414
Val - Loss, MSE, RMSE, MAE, MAPE: 0.00554, 0.00554, 0.07442, 0.03933, 73.92%
Test - Best epoch, Loss, MSE, RMSE, MAE, MAPE: 26, 0.00636, 0.00636, 0.07977, 0.03829, 66.26%
Time spent: 13.27s
- Epoch 045, ExpID 13559
Train - Loss (one batch): 0.00325
Val - Loss, MSE, RMSE, MAE, MAPE: 0.00576, 0.00576, 0.07589, 0.04291, 136.27%
Test - Best epoch, Loss, MSE, RMSE, MAE, MAPE: 26, 0.00636, 0.00636, 0.07977, 0.03829, 66.26%
Time spent: 13.27s
- Epoch 046, ExpID 13559
Train - Loss (one batch): 0.00361
Val - Loss, MSE, RMSE, MAE, MAPE: 0.00522, 0.00522, 0.07225, 0.03811, 57.95%
Test - Best epoch, Loss, MSE, RMSE, MAE, MAPE: 26, 0.00636, 0.00636, 0.07977, 0.03829, 66.26%
Time spent: 13.28s
- Epoch 047, ExpID 13559
Train - Loss (one batch): 0.00382
Val - Loss, MSE, RMSE, MAE, MAPE: 0.00534, 0.00534, 0.07304, 0.03873, 76.12%
Test - Best epoch, Loss, MSE, RMSE, MAE, MAPE: 26, 0.00636, 0.00636, 0.07977, 0.03829, 66.26%
Time spent: 13.27s
- Epoch 048, ExpID 13559
Train - Loss (one batch): 0.00339
Val - Loss, MSE, RMSE, MAE, MAPE: 0.00528, 0.00528, 0.07268, 0.03788, 74.83%
Test - Best epoch, Loss, MSE, RMSE, MAE, MAPE: 26, 0.00636, 0.00636, 0.07977, 0.03829, 66.26%
Time spent: 13.28s
- Epoch 049, ExpID 13559
Train - Loss (one batch): 0.00313
Val - Loss, MSE, RMSE, MAE, MAPE: 0.00537, 0.00537, 0.07326, 0.03942, 104.31%
Test - Best epoch, Loss, MSE, RMSE, MAE, MAPE: 26, 0.00636, 0.00636, 0.07977, 0.03829, 66.26%
Time spent: 13.27s
- Epoch 050, ExpID 13559
Train - Loss (one batch): 0.00426
Val - Loss, MSE, RMSE, MAE, MAPE: 0.00548, 0.00548, 0.07400, 0.04058, 84.15%
Test - Best epoch, Loss, MSE, RMSE, MAE, MAPE: 26, 0.00636, 0.00636, 0.07977, 0.03829, 66.26%
Time spent: 13.28s
- Epoch 051, ExpID 13559
Train - Loss (one batch): 0.00337
Val - Loss, MSE, RMSE, MAE, MAPE: 0.00530, 0.00530, 0.07280, 0.03898, 69.69%
Test - Best epoch, Loss, MSE, RMSE, MAE, MAPE: 26, 0.00636, 0.00636, 0.07977, 0.03829, 66.26%
Time spent: 13.28s
/home/ouass/Test/MSP-IMTS/tPatchGNN/run_models.py
2026-03-09 06:54:54
run_models.py --dataset physionet --history 24 --quantization 1.0 --hid_dim 64 --te_dim 10 --node_dim 10 --nlayer 1 --tf_layer 1 --nhead 1 --batch_size 32 --lr 1e-3 --patience 25 --epoch 600 --seed 5 --gpu 0 --metric per_dim --multi_scales 1,2,4 --multi_strides 1,2,4 --fusion gated
Namespace(multi_scales='1,2,4', multi_strides='1,2,4', fusion='gated', state='def', n=100000000, hop=1, nhead=1, tf_layer=1, nlayer=1, epoch=600, patience=25, history=24, patch_size=24, stride=24, logmode='a', lr=0.001, w_decay=0.0, batch_size=32, save='experiments/', load=None, seed=5, dataset='physionet', quantization=1.0, model='tPatchGNN', outlayer='Linear', hid_dim=64, te_dim=10, node_dim=10, gpu='0', metric='per_dim', npatch=1, device=device(type='cuda'), PID=1968827, ndim=41)
- Epoch 000, ExpID 35762
Train - Loss (one batch): 0.00477
Val - Loss, MSE, RMSE, MAE, MAPE: 0.00941, 0.00941, 0.09702, 0.06050, 184.20%
Test - Best epoch, Loss, MSE, RMSE, MAE, MAPE: 0, 0.01080, 0.01080, 0.10394, 0.06015, 164.60%
Time spent: 14.91s
- Epoch 001, ExpID 35762
Train - Loss (one batch): 0.00693
Val - Loss, MSE, RMSE, MAE, MAPE: 0.00653, 0.00653, 0.08078, 0.04844, 109.59%
Test - Best epoch, Loss, MSE, RMSE, MAE, MAPE: 1, 0.00790, 0.00790, 0.08890, 0.04822, 100.43%
Time spent: 14.85s
- Epoch 002, ExpID 35762
Train - Loss (one batch): 0.00360
Val - Loss, MSE, RMSE, MAE, MAPE: 0.00596, 0.00596, 0.07717, 0.04364, 83.39%
Test - Best epoch, Loss, MSE, RMSE, MAE, MAPE: 2, 0.00747, 0.00747, 0.08644, 0.04392, 76.10%
Time spent: 14.85s
- Epoch 003, ExpID 35762
Train - Loss (one batch): 0.00381
Val - Loss, MSE, RMSE, MAE, MAPE: 0.00565, 0.00565, 0.07520, 0.04317, 100.61%
Test - Best epoch, Loss, MSE, RMSE, MAE, MAPE: 3, 0.00712, 0.00712, 0.08437, 0.04319, 89.66%
Time spent: 14.85s
- Epoch 004, ExpID 35762
Train - Loss (one batch): 0.00510
Val - Loss, MSE, RMSE, MAE, MAPE: 0.00563, 0.00563, 0.07504, 0.04111, 106.26%
Test - Best epoch, Loss, MSE, RMSE, MAE, MAPE: 4, 0.00691, 0.00691, 0.08312, 0.04138, 90.56%
Time spent: 14.85s
- Epoch 005, ExpID 35762
Train - Loss (one batch): 0.00500
Val - Loss, MSE, RMSE, MAE, MAPE: 0.00584, 0.00584, 0.07642, 0.04338, 118.79%
Test - Best epoch, Loss, MSE, RMSE, MAE, MAPE: 4, 0.00691, 0.00691, 0.08312, 0.04138, 90.56%
Time spent: 13.22s
- Epoch 006, ExpID 35762
Train - Loss (one batch): 0.00853
Val - Loss, MSE, RMSE, MAE, MAPE: 0.00566, 0.00566, 0.07523, 0.04157, 95.56%
Test - Best epoch, Loss, MSE, RMSE, MAE, MAPE: 4, 0.00691, 0.00691, 0.08312, 0.04138, 90.56%
Time spent: 13.22s
- Epoch 007, ExpID 35762
Train - Loss (one batch): 0.00428
Val - Loss, MSE, RMSE, MAE, MAPE: 0.00587, 0.00587, 0.07663, 0.04238, 108.68%
Test - Best epoch, Loss, MSE, RMSE, MAE, MAPE: 4, 0.00691, 0.00691, 0.08312, 0.04138, 90.56%
Time spent: 13.22s
- Epoch 008, ExpID 35762
Train - Loss (one batch): 0.00485
Val - Loss, MSE, RMSE, MAE, MAPE: 0.00577, 0.00577, 0.07593, 0.04223, 102.39%
Test - Best epoch, Loss, MSE, RMSE, MAE, MAPE: 4, 0.00691, 0.00691, 0.08312, 0.04138, 90.56%
Time spent: 13.21s
- Epoch 009, ExpID 35762
Train - Loss (one batch): 0.00385
Val - Loss, MSE, RMSE, MAE, MAPE: 0.00547, 0.00547, 0.07398, 0.04041, 96.13%
Test - Best epoch, Loss, MSE, RMSE, MAE, MAPE: 9, 0.00683, 0.00683, 0.08267, 0.04073, 80.58%
Time spent: 14.85s
- Epoch 010, ExpID 35762
Train - Loss (one batch): 0.00427
Val - Loss, MSE, RMSE, MAE, MAPE: 0.00603, 0.00603, 0.07767, 0.04320, 60.85%
Test - Best epoch, Loss, MSE, RMSE, MAE, MAPE: 9, 0.00683, 0.00683, 0.08267, 0.04073, 80.58%
Time spent: 13.21s
- Epoch 011, ExpID 35762
Train - Loss (one batch): 0.00414
Val - Loss, MSE, RMSE, MAE, MAPE: 0.00582, 0.00582, 0.07628, 0.04365, 69.98%
Test - Best epoch, Loss, MSE, RMSE, MAE, MAPE: 9, 0.00683, 0.00683, 0.08267, 0.04073, 80.58%
Time spent: 13.21s
- Epoch 012, ExpID 35762
Train - Loss (one batch): 0.00404
Val - Loss, MSE, RMSE, MAE, MAPE: 0.00635, 0.00635, 0.07968, 0.04689, 124.79%
Test - Best epoch, Loss, MSE, RMSE, MAE, MAPE: 9, 0.00683, 0.00683, 0.08267, 0.04073, 80.58%
Time spent: 13.21s
- Epoch 013, ExpID 35762
Train - Loss (one batch): 0.00431
Val - Loss, MSE, RMSE, MAE, MAPE: 0.00611, 0.00611, 0.07817, 0.04419, 94.04%
Test - Best epoch, Loss, MSE, RMSE, MAE, MAPE: 9, 0.00683, 0.00683, 0.08267, 0.04073, 80.58%
Time spent: 13.22s
- Epoch 014, ExpID 35762
Train - Loss (one batch): 0.00375
Val - Loss, MSE, RMSE, MAE, MAPE: 0.00545, 0.00545, 0.07379, 0.03942, 54.59%
Test - Best epoch, Loss, MSE, RMSE, MAE, MAPE: 14, 0.00673, 0.00673, 0.08206, 0.03965, 47.08%
Time spent: 14.85s
- Epoch 015, ExpID 35762
Train - Loss (one batch): 0.00341
Val - Loss, MSE, RMSE, MAE, MAPE: 0.00557, 0.00557, 0.07463, 0.04002, 69.52%
Test - Best epoch, Loss, MSE, RMSE, MAE, MAPE: 14, 0.00673, 0.00673, 0.08206, 0.03965, 47.08%
Time spent: 13.22s
- Epoch 016, ExpID 35762
Train - Loss (one batch): 0.00703
Val - Loss, MSE, RMSE, MAE, MAPE: 0.00536, 0.00536, 0.07320, 0.03792, 57.40%
Test - Best epoch, Loss, MSE, RMSE, MAE, MAPE: 16, 0.00668, 0.00668, 0.08170, 0.03850, 50.48%
Time spent: 14.85s
- Epoch 017, ExpID 35762
Train - Loss (one batch): 0.00368
Val - Loss, MSE, RMSE, MAE, MAPE: 0.00577, 0.00577, 0.07598, 0.04042, 153.89%
Test - Best epoch, Loss, MSE, RMSE, MAE, MAPE: 16, 0.00668, 0.00668, 0.08170, 0.03850, 50.48%
Time spent: 13.22s
- Epoch 018, ExpID 35762
Train - Loss (one batch): 0.00745
Val - Loss, MSE, RMSE, MAE, MAPE: 0.00533, 0.00533, 0.07299, 0.03931, 83.38%
Test - Best epoch, Loss, MSE, RMSE, MAE, MAPE: 18, 0.00668, 0.00668, 0.08176, 0.03960, 68.90%
Time spent: 14.84s
- Epoch 019, ExpID 35762
Train - Loss (one batch): 0.00249
Val - Loss, MSE, RMSE, MAE, MAPE: 0.00556, 0.00556, 0.07454, 0.04053, 74.22%
Test - Best epoch, Loss, MSE, RMSE, MAE, MAPE: 18, 0.00668, 0.00668, 0.08176, 0.03960, 68.90%
Time spent: 13.22s
- Epoch 020, ExpID 35762
Train - Loss (one batch): 0.00322
Val - Loss, MSE, RMSE, MAE, MAPE: 0.00537, 0.00537, 0.07326, 0.03959, 62.35%
Test - Best epoch, Loss, MSE, RMSE, MAE, MAPE: 18, 0.00668, 0.00668, 0.08176, 0.03960, 68.90%
Time spent: 13.22s
- Epoch 021, ExpID 35762
Train - Loss (one batch): 0.00323
Val - Loss, MSE, RMSE, MAE, MAPE: 0.00616, 0.00616, 0.07850, 0.04364, 106.30%
Test - Best epoch, Loss, MSE, RMSE, MAE, MAPE: 18, 0.00668, 0.00668, 0.08176, 0.03960, 68.90%
Time spent: 13.22s
- Epoch 022, ExpID 35762
Train - Loss (one batch): 0.00484
Val - Loss, MSE, RMSE, MAE, MAPE: 0.00526, 0.00526, 0.07250, 0.03893, 129.17%
Test - Best epoch, Loss, MSE, RMSE, MAE, MAPE: 22, 0.00666, 0.00666, 0.08164, 0.03959, 112.27%
Time spent: 14.85s
- Epoch 023, ExpID 35762
Train - Loss (one batch): 0.00402
Val - Loss, MSE, RMSE, MAE, MAPE: 0.00590, 0.00590, 0.07684, 0.04139, 75.32%
Test - Best epoch, Loss, MSE, RMSE, MAE, MAPE: 22, 0.00666, 0.00666, 0.08164, 0.03959, 112.27%
Time spent: 13.22s
- Epoch 024, ExpID 35762
Train - Loss (one batch): 0.00953
Val - Loss, MSE, RMSE, MAE, MAPE: 0.00542, 0.00542, 0.07362, 0.03776, 84.71%
Test - Best epoch, Loss, MSE, RMSE, MAE, MAPE: 22, 0.00666, 0.00666, 0.08164, 0.03959, 112.27%
Time spent: 13.22s
- Epoch 025, ExpID 35762
Train - Loss (one batch): 0.00340
Val - Loss, MSE, RMSE, MAE, MAPE: 0.00539, 0.00539, 0.07342, 0.03826, 52.11%
Test - Best epoch, Loss, MSE, RMSE, MAE, MAPE: 22, 0.00666, 0.00666, 0.08164, 0.03959, 112.27%
Time spent: 13.22s
- Epoch 026, ExpID 35762
Train - Loss (one batch): 0.00365
Val - Loss, MSE, RMSE, MAE, MAPE: 0.00588, 0.00588, 0.07669, 0.04139, 85.00%
Test - Best epoch, Loss, MSE, RMSE, MAE, MAPE: 22, 0.00666, 0.00666, 0.08164, 0.03959, 112.27%
Time spent: 13.22s
- Epoch 027, ExpID 35762
Train - Loss (one batch): 0.00348
Val - Loss, MSE, RMSE, MAE, MAPE: 0.00583, 0.00583, 0.07636, 0.04064, 97.00%
Test - Best epoch, Loss, MSE, RMSE, MAE, MAPE: 22, 0.00666, 0.00666, 0.08164, 0.03959, 112.27%
Time spent: 13.22s
- Epoch 028, ExpID 35762
Train - Loss (one batch): 0.00293
Val - Loss, MSE, RMSE, MAE, MAPE: 0.00570, 0.00570, 0.07547, 0.04468, 206.42%
Test - Best epoch, Loss, MSE, RMSE, MAE, MAPE: 22, 0.00666, 0.00666, 0.08164, 0.03959, 112.27%
Time spent: 13.22s
- Epoch 029, ExpID 35762
Train - Loss (one batch): 0.00580
Val - Loss, MSE, RMSE, MAE, MAPE: 0.00573, 0.00573, 0.07568, 0.04435, 112.58%
Test - Best epoch, Loss, MSE, RMSE, MAE, MAPE: 22, 0.00666, 0.00666, 0.08164, 0.03959, 112.27%
Time spent: 13.22s
- Epoch 030, ExpID 35762
Train - Loss (one batch): 0.00491
Val - Loss, MSE, RMSE, MAE, MAPE: 0.00557, 0.00557, 0.07464, 0.04059, 103.32%
Test - Best epoch, Loss, MSE, RMSE, MAE, MAPE: 22, 0.00666, 0.00666, 0.08164, 0.03959, 112.27%
Time spent: 13.22s
- Epoch 031, ExpID 35762
Train - Loss (one batch): 0.00380
Val - Loss, MSE, RMSE, MAE, MAPE: 0.00521, 0.00521, 0.07220, 0.03821, 77.29%
Test - Best epoch, Loss, MSE, RMSE, MAE, MAPE: 31, 0.00675, 0.00675, 0.08219, 0.03851, 65.21%
Time spent: 14.85s
- Epoch 032, ExpID 35762
Train - Loss (one batch): 0.00440
Val - Loss, MSE, RMSE, MAE, MAPE: 0.00529, 0.00529, 0.07270, 0.03840, 74.98%
Test - Best epoch, Loss, MSE, RMSE, MAE, MAPE: 31, 0.00675, 0.00675, 0.08219, 0.03851, 65.21%
Time spent: 13.22s
- Epoch 033, ExpID 35762
Train - Loss (one batch): 0.00419
Val - Loss, MSE, RMSE, MAE, MAPE: 0.00574, 0.00574, 0.07577, 0.04105, 82.23%
Test - Best epoch, Loss, MSE, RMSE, MAE, MAPE: 31, 0.00675, 0.00675, 0.08219, 0.03851, 65.21%
Time spent: 13.22s
- Epoch 034, ExpID 35762
Train - Loss (one batch): 0.00287
Val - Loss, MSE, RMSE, MAE, MAPE: 0.00557, 0.00557, 0.07465, 0.03930, 84.69%
Test - Best epoch, Loss, MSE, RMSE, MAE, MAPE: 31, 0.00675, 0.00675, 0.08219, 0.03851, 65.21%
Time spent: 13.22s
- Epoch 035, ExpID 35762
Train - Loss (one batch): 0.00508
Val - Loss, MSE, RMSE, MAE, MAPE: 0.00531, 0.00531, 0.07286, 0.03866, 65.00%
Test - Best epoch, Loss, MSE, RMSE, MAE, MAPE: 31, 0.00675, 0.00675, 0.08219, 0.03851, 65.21%
Time spent: 13.22s
- Epoch 036, ExpID 35762
Train - Loss (one batch): 0.00605
Val - Loss, MSE, RMSE, MAE, MAPE: 0.00536, 0.00536, 0.07318, 0.03820, 102.20%
Test - Best epoch, Loss, MSE, RMSE, MAE, MAPE: 31, 0.00675, 0.00675, 0.08219, 0.03851, 65.21%
Time spent: 13.22s
- Epoch 037, ExpID 35762
Train - Loss (one batch): 0.00424
Val - Loss, MSE, RMSE, MAE, MAPE: 0.00570, 0.00570, 0.07553, 0.04067, 75.73%
Test - Best epoch, Loss, MSE, RMSE, MAE, MAPE: 31, 0.00675, 0.00675, 0.08219, 0.03851, 65.21%
Time spent: 13.22s
- Epoch 038, ExpID 35762
Train - Loss (one batch): 0.00341
Val - Loss, MSE, RMSE, MAE, MAPE: 0.00535, 0.00535, 0.07317, 0.04052, 78.82%
Test - Best epoch, Loss, MSE, RMSE, MAE, MAPE: 31, 0.00675, 0.00675, 0.08219, 0.03851, 65.21%
Time spent: 13.22s
- Epoch 039, ExpID 35762
Train - Loss (one batch): 0.00458
Val - Loss, MSE, RMSE, MAE, MAPE: 0.00525, 0.00525, 0.07248, 0.03912, 91.72%
Test - Best epoch, Loss, MSE, RMSE, MAE, MAPE: 31, 0.00675, 0.00675, 0.08219, 0.03851, 65.21%
Time spent: 13.22s
- Epoch 040, ExpID 35762
Train - Loss (one batch): 0.00298
Val - Loss, MSE, RMSE, MAE, MAPE: 0.00534, 0.00534, 0.07307, 0.03832, 60.56%
Test - Best epoch, Loss, MSE, RMSE, MAE, MAPE: 31, 0.00675, 0.00675, 0.08219, 0.03851, 65.21%
Time spent: 13.22s
- Epoch 041, ExpID 35762
Train - Loss (one batch): 0.00395
Val - Loss, MSE, RMSE, MAE, MAPE: 0.00527, 0.00527, 0.07258, 0.03970, 94.59%
Test - Best epoch, Loss, MSE, RMSE, MAE, MAPE: 31, 0.00675, 0.00675, 0.08219, 0.03851, 65.21%
Time spent: 13.22s
- Epoch 042, ExpID 35762
Train - Loss (one batch): 0.00374
Val - Loss, MSE, RMSE, MAE, MAPE: 0.00553, 0.00553, 0.07439, 0.04110, 92.86%
Test - Best epoch, Loss, MSE, RMSE, MAE, MAPE: 31, 0.00675, 0.00675, 0.08219, 0.03851, 65.21%
Time spent: 13.22s
- Epoch 043, ExpID 35762
Train - Loss (one batch): 0.00406
Val - Loss, MSE, RMSE, MAE, MAPE: 0.00542, 0.00542, 0.07360, 0.03773, 102.33%
Test - Best epoch, Loss, MSE, RMSE, MAE, MAPE: 31, 0.00675, 0.00675, 0.08219, 0.03851, 65.21%
Time spent: 13.22s
- Epoch 044, ExpID 35762
Train - Loss (one batch): 0.00451
Val - Loss, MSE, RMSE, MAE, MAPE: 0.00546, 0.00546, 0.07391, 0.04023, 121.07%
Test - Best epoch, Loss, MSE, RMSE, MAE, MAPE: 31, 0.00675, 0.00675, 0.08219, 0.03851, 65.21%
Time spent: 13.22s
- Epoch 045, ExpID 35762
Train - Loss (one batch): 0.00798
Val - Loss, MSE, RMSE, MAE, MAPE: 0.00558, 0.00558, 0.07471, 0.03954, 79.93%
Test - Best epoch, Loss, MSE, RMSE, MAE, MAPE: 31, 0.00675, 0.00675, 0.08219, 0.03851, 65.21%
Time spent: 13.22s
- Epoch 046, ExpID 35762
Train - Loss (one batch): 0.00289
Val - Loss, MSE, RMSE, MAE, MAPE: 0.00545, 0.00545, 0.07380, 0.03936, 80.72%
Test - Best epoch, Loss, MSE, RMSE, MAE, MAPE: 31, 0.00675, 0.00675, 0.08219, 0.03851, 65.21%
Time spent: 13.22s
- Epoch 047, ExpID 35762
Train - Loss (one batch): 0.00660
Val - Loss, MSE, RMSE, MAE, MAPE: 0.00578, 0.00578, 0.07605, 0.04129, 113.27%
Test - Best epoch, Loss, MSE, RMSE, MAE, MAPE: 31, 0.00675, 0.00675, 0.08219, 0.03851, 65.21%
Time spent: 13.23s
- Epoch 048, ExpID 35762
Train - Loss (one batch): 0.00355
Val - Loss, MSE, RMSE, MAE, MAPE: 0.00548, 0.00548, 0.07400, 0.03983, 141.16%
Test - Best epoch, Loss, MSE, RMSE, MAE, MAPE: 31, 0.00675, 0.00675, 0.08219, 0.03851, 65.21%
Time spent: 13.22s
- Epoch 049, ExpID 35762
Train - Loss (one batch): 0.00351
Val - Loss, MSE, RMSE, MAE, MAPE: 0.00505, 0.00505, 0.07108, 0.03741, 91.07%
Test - Best epoch, Loss, MSE, RMSE, MAE, MAPE: 49, 0.00651, 0.00651, 0.08066, 0.03792, 78.73%
Time spent: 14.85s
- Epoch 050, ExpID 35762
Train - Loss (one batch): 0.00371
Val - Loss, MSE, RMSE, MAE, MAPE: 0.00523, 0.00523, 0.07230, 0.03802, 99.07%
Test - Best epoch, Loss, MSE, RMSE, MAE, MAPE: 49, 0.00651, 0.00651, 0.08066, 0.03792, 78.73%
Time spent: 13.23s
- Epoch 051, ExpID 35762
Train - Loss (one batch): 0.00477
Val - Loss, MSE, RMSE, MAE, MAPE: 0.00590, 0.00590, 0.07683, 0.04277, 176.14%
Test - Best epoch, Loss, MSE, RMSE, MAE, MAPE: 49, 0.00651, 0.00651, 0.08066, 0.03792, 78.73%
Time spent: 13.23s
- Epoch 052, ExpID 35762
Train - Loss (one batch): 0.00456
Val - Loss, MSE, RMSE, MAE, MAPE: 0.00548, 0.00548, 0.07402, 0.03837, 86.72%
Test - Best epoch, Loss, MSE, RMSE, MAE, MAPE: 49, 0.00651, 0.00651, 0.08066, 0.03792, 78.73%
Time spent: 13.22s
- Epoch 053, ExpID 35762
Train - Loss (one batch): 0.00464
Val - Loss, MSE, RMSE, MAE, MAPE: 0.00536, 0.00536, 0.07323, 0.03773, 82.91%
Test - Best epoch, Loss, MSE, RMSE, MAE, MAPE: 49, 0.00651, 0.00651, 0.08066, 0.03792, 78.73%
Time spent: 13.23s
- Epoch 054, ExpID 35762
Train - Loss (one batch): 0.00617
Val - Loss, MSE, RMSE, MAE, MAPE: 0.00525, 0.00525, 0.07248, 0.03796, 101.67%
Test - Best epoch, Loss, MSE, RMSE, MAE, MAPE: 49, 0.00651, 0.00651, 0.08066, 0.03792, 78.73%
Time spent: 13.23s
- Epoch 055, ExpID 35762
Train - Loss (one batch): 0.00365
Val - Loss, MSE, RMSE, MAE, MAPE: 0.00578, 0.00578, 0.07603, 0.03791, 86.82%
Test - Best epoch, Loss, MSE, RMSE, MAE, MAPE: 49, 0.00651, 0.00651, 0.08066, 0.03792, 78.73%
Time spent: 13.22s
- Epoch 056, ExpID 35762
Train - Loss (one batch): 0.00378
Val - Loss, MSE, RMSE, MAE, MAPE: 0.00536, 0.00536, 0.07318, 0.03805, 84.19%
Test - Best epoch, Loss, MSE, RMSE, MAE, MAPE: 49, 0.00651, 0.00651, 0.08066, 0.03792, 78.73%
Time spent: 13.23s
- Epoch 057, ExpID 35762
Train - Loss (one batch): 0.00392
Val - Loss, MSE, RMSE, MAE, MAPE: 0.00514, 0.00514, 0.07169, 0.03933, 112.75%
Test - Best epoch, Loss, MSE, RMSE, MAE, MAPE: 49, 0.00651, 0.00651, 0.08066, 0.03792, 78.73%
Time spent: 13.22s
- Epoch 058, ExpID 35762
Train - Loss (one batch): 0.00434
Val - Loss, MSE, RMSE, MAE, MAPE: 0.00519, 0.00519, 0.07207, 0.03759, 72.37%
Test - Best epoch, Loss, MSE, RMSE, MAE, MAPE: 49, 0.00651, 0.00651, 0.08066, 0.03792, 78.73%
Time spent: 13.23s
- Epoch 059, ExpID 35762
Train - Loss (one batch): 0.00353
Val - Loss, MSE, RMSE, MAE, MAPE: 0.00527, 0.00527, 0.07257, 0.03845, 79.90%
Test - Best epoch, Loss, MSE, RMSE, MAE, MAPE: 49, 0.00651, 0.00651, 0.08066, 0.03792, 78.73%
Time spent: 13.23s
- Epoch 060, ExpID 35762
Train - Loss (one batch): 0.00438
Val - Loss, MSE, RMSE, MAE, MAPE: 0.00571, 0.00571, 0.07559, 0.04087, 142.37%
Test - Best epoch, Loss, MSE, RMSE, MAE, MAPE: 49, 0.00651, 0.00651, 0.08066, 0.03792, 78.73%
Time spent: 13.23s
- Epoch 061, ExpID 35762
Train - Loss (one batch): 0.00336
Val - Loss, MSE, RMSE, MAE, MAPE: 0.00552, 0.00552, 0.07429, 0.04170, 95.02%
Test - Best epoch, Loss, MSE, RMSE, MAE, MAPE: 49, 0.00651, 0.00651, 0.08066, 0.03792, 78.73%
Time spent: 13.23s
- Epoch 062, ExpID 35762
Train - Loss (one batch): 0.00713
Val - Loss, MSE, RMSE, MAE, MAPE: 0.00545, 0.00545, 0.07381, 0.04148, 140.29%
Test - Best epoch, Loss, MSE, RMSE, MAE, MAPE: 49, 0.00651, 0.00651, 0.08066, 0.03792, 78.73%
Time spent: 13.22s
- Epoch 063, ExpID 35762
Train - Loss (one batch): 0.00280
Val - Loss, MSE, RMSE, MAE, MAPE: 0.00534, 0.00534, 0.07305, 0.03834, 101.98%
Test - Best epoch, Loss, MSE, RMSE, MAE, MAPE: 49, 0.00651, 0.00651, 0.08066, 0.03792, 78.73%
Time spent: 13.23s
- Epoch 064, ExpID 35762
Train - Loss (one batch): 0.00412
Val - Loss, MSE, RMSE, MAE, MAPE: 0.00565, 0.00565, 0.07515, 0.03983, 90.45%
Test - Best epoch, Loss, MSE, RMSE, MAE, MAPE: 49, 0.00651, 0.00651, 0.08066, 0.03792, 78.73%
Time spent: 13.23s
- Epoch 065, ExpID 35762
Train - Loss (one batch): 0.01266
Val - Loss, MSE, RMSE, MAE, MAPE: 0.00669, 0.00669, 0.08180, 0.04276, 131.72%
Test - Best epoch, Loss, MSE, RMSE, MAE, MAPE: 49, 0.00651, 0.00651, 0.08066, 0.03792, 78.73%
Time spent: 13.23s
- Epoch 066, ExpID 35762
Train - Loss (one batch): 0.00337
Val - Loss, MSE, RMSE, MAE, MAPE: 0.00591, 0.00591, 0.07690, 0.04147, 112.72%
Test - Best epoch, Loss, MSE, RMSE, MAE, MAPE: 49, 0.00651, 0.00651, 0.08066, 0.03792, 78.73%
Time spent: 13.23s
- Epoch 067, ExpID 35762
Train - Loss (one batch): 0.00350
Val - Loss, MSE, RMSE, MAE, MAPE: 0.00547, 0.00547, 0.07394, 0.03748, 71.73%
Test - Best epoch, Loss, MSE, RMSE, MAE, MAPE: 49, 0.00651, 0.00651, 0.08066, 0.03792, 78.73%
Time spent: 13.23s
- Epoch 068, ExpID 35762
Train - Loss (one batch): 0.00428
Val - Loss, MSE, RMSE, MAE, MAPE: 0.00534, 0.00534, 0.07310, 0.03796, 102.46%
Test - Best epoch, Loss, MSE, RMSE, MAE, MAPE: 49, 0.00651, 0.00651, 0.08066, 0.03792, 78.73%
Time spent: 13.23s
- Epoch 069, ExpID 35762
Train - Loss (one batch): 0.00328
Val - Loss, MSE, RMSE, MAE, MAPE: 0.00563, 0.00563, 0.07500, 0.03890, 118.11%
Test - Best epoch, Loss, MSE, RMSE, MAE, MAPE: 49, 0.00651, 0.00651, 0.08066, 0.03792, 78.73%
Time spent: 13.23s
- Epoch 070, ExpID 35762
Train - Loss (one batch): 0.00289
Val - Loss, MSE, RMSE, MAE, MAPE: 0.00526, 0.00526, 0.07256, 0.03749, 85.49%
Test - Best epoch, Loss, MSE, RMSE, MAE, MAPE: 49, 0.00651, 0.00651, 0.08066, 0.03792, 78.73%
Time spent: 13.23s
- Epoch 071, ExpID 35762
Train - Loss (one batch): 0.00558
Val - Loss, MSE, RMSE, MAE, MAPE: 0.00555, 0.00555, 0.07449, 0.03920, 109.87%
Test - Best epoch, Loss, MSE, RMSE, MAE, MAPE: 49, 0.00651, 0.00651, 0.08066, 0.03792, 78.73%
Time spent: 13.23s
- Epoch 072, ExpID 35762
Train - Loss (one batch): 0.00650
Val - Loss, MSE, RMSE, MAE, MAPE: 0.00562, 0.00562, 0.07496, 0.03888, 86.52%
Test - Best epoch, Loss, MSE, RMSE, MAE, MAPE: 49, 0.00651, 0.00651, 0.08066, 0.03792, 78.73%
Time spent: 13.23s
- Epoch 073, ExpID 35762
Train - Loss (one batch): 0.00392
Val - Loss, MSE, RMSE, MAE, MAPE: 0.00545, 0.00545, 0.07383, 0.03931, 115.23%
Test - Best epoch, Loss, MSE, RMSE, MAE, MAPE: 49, 0.00651, 0.00651, 0.08066, 0.03792, 78.73%
Time spent: 13.23s
- Epoch 074, ExpID 35762
Train - Loss (one batch): 0.00297
Val - Loss, MSE, RMSE, MAE, MAPE: 0.00521, 0.00521, 0.07220, 0.03857, 92.22%
Test - Best epoch, Loss, MSE, RMSE, MAE, MAPE: 49, 0.00651, 0.00651, 0.08066, 0.03792, 78.73%
Time spent: 13.23s
