/home/ouass/Test/MSP-IMTS/tPatchGNN/run_models.py
2026-03-09 00:09:19
run_models.py --dataset physionet --history 24 --quantization 1.0 --hid_dim 64 --te_dim 10 --node_dim 10 --nlayer 1 --tf_layer 1 --nhead 1 --batch_size 32 --lr 1e-3 --patience 25 --epoch 600 --seed 1 --gpu 0 --metric per_dim --multi_scales 2,4,8 --multi_strides 2,4,8 --fusion attn
Namespace(multi_scales='2,4,8', multi_strides='2,4,8', fusion='attn', state='def', n=100000000, hop=1, nhead=1, tf_layer=1, nlayer=1, epoch=600, patience=25, history=24, patch_size=24, stride=24, logmode='a', lr=0.001, w_decay=0.0, batch_size=32, save='experiments/', load=None, seed=1, dataset='physionet', quantization=1.0, model='tPatchGNN', outlayer='Linear', hid_dim=64, te_dim=10, node_dim=10, gpu='0', metric='per_dim', npatch=1, device=device(type='cuda'), PID=1962377, ndim=41)
- Epoch 000, ExpID 76717
Train - Loss (one batch): 0.00752
Val - Loss, MSE, RMSE, MAE, MAPE: 0.00806, 0.00806, 0.08977, 0.05685, 314.99%
Test - Best epoch, Loss, MSE, RMSE, MAE, MAPE: 0, 0.00941, 0.00941, 0.09701, 0.05576, 276.35%
Time spent: 11.44s
- Epoch 001, ExpID 76717
Train - Loss (one batch): 0.00646
Val - Loss, MSE, RMSE, MAE, MAPE: 0.00660, 0.00660, 0.08123, 0.04913, 224.21%
Test - Best epoch, Loss, MSE, RMSE, MAE, MAPE: 1, 0.00799, 0.00799, 0.08940, 0.04864, 195.65%
Time spent: 11.38s
- Epoch 002, ExpID 76717
Train - Loss (one batch): 0.00590
Val - Loss, MSE, RMSE, MAE, MAPE: 0.00685, 0.00685, 0.08276, 0.05102, 195.77%
Test - Best epoch, Loss, MSE, RMSE, MAE, MAPE: 1, 0.00799, 0.00799, 0.08940, 0.04864, 195.65%
Time spent: 10.07s
- Epoch 003, ExpID 76717
Train - Loss (one batch): 0.00436
Val - Loss, MSE, RMSE, MAE, MAPE: 0.00562, 0.00562, 0.07496, 0.04185, 90.77%
Test - Best epoch, Loss, MSE, RMSE, MAE, MAPE: 3, 0.00698, 0.00698, 0.08355, 0.04207, 82.76%
Time spent: 11.38s
- Epoch 004, ExpID 76717
Train - Loss (one batch): 0.00521
Val - Loss, MSE, RMSE, MAE, MAPE: 0.00588, 0.00588, 0.07671, 0.04470, 64.20%
Test - Best epoch, Loss, MSE, RMSE, MAE, MAPE: 3, 0.00698, 0.00698, 0.08355, 0.04207, 82.76%
Time spent: 10.07s
- Epoch 005, ExpID 76717
Train - Loss (one batch): 0.00325
Val - Loss, MSE, RMSE, MAE, MAPE: 0.00657, 0.00657, 0.08104, 0.04907, 136.60%
Test - Best epoch, Loss, MSE, RMSE, MAE, MAPE: 3, 0.00698, 0.00698, 0.08355, 0.04207, 82.76%
Time spent: 10.07s
- Epoch 006, ExpID 76717
Train - Loss (one batch): 0.00607
Val - Loss, MSE, RMSE, MAE, MAPE: 0.00589, 0.00589, 0.07676, 0.04513, 122.83%
Test - Best epoch, Loss, MSE, RMSE, MAE, MAPE: 3, 0.00698, 0.00698, 0.08355, 0.04207, 82.76%
Time spent: 10.07s
- Epoch 007, ExpID 76717
Train - Loss (one batch): 0.00555
Val - Loss, MSE, RMSE, MAE, MAPE: 0.00537, 0.00537, 0.07325, 0.03888, 83.71%
Test - Best epoch, Loss, MSE, RMSE, MAE, MAPE: 7, 0.00671, 0.00671, 0.08194, 0.03935, 73.59%
Time spent: 11.39s
- Epoch 008, ExpID 76717
Train - Loss (one batch): 0.00500
Val - Loss, MSE, RMSE, MAE, MAPE: 0.00544, 0.00544, 0.07375, 0.04059, 85.76%
Test - Best epoch, Loss, MSE, RMSE, MAE, MAPE: 7, 0.00671, 0.00671, 0.08194, 0.03935, 73.59%
Time spent: 10.07s
- Epoch 009, ExpID 76717
Train - Loss (one batch): 0.00342
Val - Loss, MSE, RMSE, MAE, MAPE: 0.00547, 0.00547, 0.07399, 0.04240, 98.97%
Test - Best epoch, Loss, MSE, RMSE, MAE, MAPE: 7, 0.00671, 0.00671, 0.08194, 0.03935, 73.59%
Time spent: 10.07s
- Epoch 010, ExpID 76717
Train - Loss (one batch): 0.00421
Val - Loss, MSE, RMSE, MAE, MAPE: 0.00511, 0.00511, 0.07151, 0.03816, 75.70%
Test - Best epoch, Loss, MSE, RMSE, MAE, MAPE: 10, 0.00657, 0.00657, 0.08104, 0.03867, 66.47%
Time spent: 11.38s
- Epoch 011, ExpID 76717
Train - Loss (one batch): 0.00705
Val - Loss, MSE, RMSE, MAE, MAPE: 0.00570, 0.00570, 0.07551, 0.04160, 105.37%
Test - Best epoch, Loss, MSE, RMSE, MAE, MAPE: 10, 0.00657, 0.00657, 0.08104, 0.03867, 66.47%
Time spent: 10.07s
- Epoch 012, ExpID 76717
Train - Loss (one batch): 0.00569
Val - Loss, MSE, RMSE, MAE, MAPE: 0.00565, 0.00565, 0.07514, 0.04451, 111.19%
Test - Best epoch, Loss, MSE, RMSE, MAE, MAPE: 10, 0.00657, 0.00657, 0.08104, 0.03867, 66.47%
Time spent: 10.07s
- Epoch 013, ExpID 76717
Train - Loss (one batch): 0.00349
Val - Loss, MSE, RMSE, MAE, MAPE: 0.00545, 0.00545, 0.07381, 0.04149, 139.24%
Test - Best epoch, Loss, MSE, RMSE, MAE, MAPE: 10, 0.00657, 0.00657, 0.08104, 0.03867, 66.47%
Time spent: 10.07s
- Epoch 014, ExpID 76717
Train - Loss (one batch): 0.00721
Val - Loss, MSE, RMSE, MAE, MAPE: 0.00528, 0.00528, 0.07264, 0.03902, 99.43%
Test - Best epoch, Loss, MSE, RMSE, MAE, MAPE: 10, 0.00657, 0.00657, 0.08104, 0.03867, 66.47%
Time spent: 10.07s
- Epoch 015, ExpID 76717
Train - Loss (one batch): 0.00376
Val - Loss, MSE, RMSE, MAE, MAPE: 0.00557, 0.00557, 0.07461, 0.04238, 80.68%
Test - Best epoch, Loss, MSE, RMSE, MAE, MAPE: 10, 0.00657, 0.00657, 0.08104, 0.03867, 66.47%
Time spent: 10.07s
- Epoch 016, ExpID 76717
Train - Loss (one batch): 0.00638
Val - Loss, MSE, RMSE, MAE, MAPE: 0.00532, 0.00532, 0.07295, 0.03909, 67.54%
Test - Best epoch, Loss, MSE, RMSE, MAE, MAPE: 10, 0.00657, 0.00657, 0.08104, 0.03867, 66.47%
Time spent: 10.07s
- Epoch 017, ExpID 76717
Train - Loss (one batch): 0.00319
Val - Loss, MSE, RMSE, MAE, MAPE: 0.00560, 0.00560, 0.07486, 0.04504, 125.82%
Test - Best epoch, Loss, MSE, RMSE, MAE, MAPE: 10, 0.00657, 0.00657, 0.08104, 0.03867, 66.47%
Time spent: 10.07s
- Epoch 018, ExpID 76717
Train - Loss (one batch): 0.00431
Val - Loss, MSE, RMSE, MAE, MAPE: 0.00586, 0.00586, 0.07654, 0.04533, 154.08%
Test - Best epoch, Loss, MSE, RMSE, MAE, MAPE: 10, 0.00657, 0.00657, 0.08104, 0.03867, 66.47%
Time spent: 10.07s
- Epoch 019, ExpID 76717
Train - Loss (one batch): 0.00369
Val - Loss, MSE, RMSE, MAE, MAPE: 0.00509, 0.00509, 0.07136, 0.03802, 78.84%
Test - Best epoch, Loss, MSE, RMSE, MAE, MAPE: 19, 0.00648, 0.00648, 0.08047, 0.03813, 67.03%
Time spent: 11.38s
- Epoch 020, ExpID 76717
Train - Loss (one batch): 0.00365
Val - Loss, MSE, RMSE, MAE, MAPE: 0.00560, 0.00560, 0.07483, 0.04228, 75.55%
Test - Best epoch, Loss, MSE, RMSE, MAE, MAPE: 19, 0.00648, 0.00648, 0.08047, 0.03813, 67.03%
Time spent: 10.07s
- Epoch 021, ExpID 76717
Train - Loss (one batch): 0.00378
Val - Loss, MSE, RMSE, MAE, MAPE: 0.00527, 0.00527, 0.07257, 0.04001, 75.68%
Test - Best epoch, Loss, MSE, RMSE, MAE, MAPE: 19, 0.00648, 0.00648, 0.08047, 0.03813, 67.03%
Time spent: 10.07s
- Epoch 022, ExpID 76717
Train - Loss (one batch): 0.00386
Val - Loss, MSE, RMSE, MAE, MAPE: 0.00522, 0.00522, 0.07224, 0.03766, 65.13%
Test - Best epoch, Loss, MSE, RMSE, MAE, MAPE: 19, 0.00648, 0.00648, 0.08047, 0.03813, 67.03%
Time spent: 10.06s
- Epoch 023, ExpID 76717
Train - Loss (one batch): 0.00458
Val - Loss, MSE, RMSE, MAE, MAPE: 0.00510, 0.00510, 0.07144, 0.03801, 95.17%
Test - Best epoch, Loss, MSE, RMSE, MAE, MAPE: 19, 0.00648, 0.00648, 0.08047, 0.03813, 67.03%
Time spent: 10.06s
- Epoch 024, ExpID 76717
Train - Loss (one batch): 0.00472
Val - Loss, MSE, RMSE, MAE, MAPE: 0.00519, 0.00519, 0.07201, 0.04000, 108.05%
Test - Best epoch, Loss, MSE, RMSE, MAE, MAPE: 19, 0.00648, 0.00648, 0.08047, 0.03813, 67.03%
Time spent: 10.07s
- Epoch 025, ExpID 76717
Train - Loss (one batch): 0.00366
Val - Loss, MSE, RMSE, MAE, MAPE: 0.00521, 0.00521, 0.07218, 0.03854, 111.28%
Test - Best epoch, Loss, MSE, RMSE, MAE, MAPE: 19, 0.00648, 0.00648, 0.08047, 0.03813, 67.03%
Time spent: 10.07s
- Epoch 026, ExpID 76717
Train - Loss (one batch): 0.00434
Val - Loss, MSE, RMSE, MAE, MAPE: 0.00513, 0.00513, 0.07161, 0.03859, 88.20%
Test - Best epoch, Loss, MSE, RMSE, MAE, MAPE: 19, 0.00648, 0.00648, 0.08047, 0.03813, 67.03%
Time spent: 10.07s
- Epoch 027, ExpID 76717
Train - Loss (one batch): 0.00382
Val - Loss, MSE, RMSE, MAE, MAPE: 0.00512, 0.00512, 0.07155, 0.03758, 90.39%
Test - Best epoch, Loss, MSE, RMSE, MAE, MAPE: 19, 0.00648, 0.00648, 0.08047, 0.03813, 67.03%
Time spent: 10.07s
- Epoch 028, ExpID 76717
Train - Loss (one batch): 0.00403
Val - Loss, MSE, RMSE, MAE, MAPE: 0.00525, 0.00525, 0.07246, 0.03755, 91.53%
Test - Best epoch, Loss, MSE, RMSE, MAE, MAPE: 19, 0.00648, 0.00648, 0.08047, 0.03813, 67.03%
Time spent: 10.07s
- Epoch 029, ExpID 76717
Train - Loss (one batch): 0.00529
Val - Loss, MSE, RMSE, MAE, MAPE: 0.00540, 0.00540, 0.07348, 0.04030, 124.13%
Test - Best epoch, Loss, MSE, RMSE, MAE, MAPE: 19, 0.00648, 0.00648, 0.08047, 0.03813, 67.03%
Time spent: 10.07s
- Epoch 030, ExpID 76717
Train - Loss (one batch): 0.00516
Val - Loss, MSE, RMSE, MAE, MAPE: 0.00516, 0.00516, 0.07181, 0.04001, 108.28%
Test - Best epoch, Loss, MSE, RMSE, MAE, MAPE: 19, 0.00648, 0.00648, 0.08047, 0.03813, 67.03%
Time spent: 10.07s
- Epoch 031, ExpID 76717
Train - Loss (one batch): 0.00439
Val - Loss, MSE, RMSE, MAE, MAPE: 0.00507, 0.00507, 0.07123, 0.03923, 100.84%
Test - Best epoch, Loss, MSE, RMSE, MAE, MAPE: 31, 0.00642, 0.00642, 0.08014, 0.03951, 90.38%
Time spent: 11.39s
- Epoch 032, ExpID 76717
Train - Loss (one batch): 0.00433
Val - Loss, MSE, RMSE, MAE, MAPE: 0.00529, 0.00529, 0.07276, 0.04253, 113.07%
Test - Best epoch, Loss, MSE, RMSE, MAE, MAPE: 31, 0.00642, 0.00642, 0.08014, 0.03951, 90.38%
Time spent: 10.07s
- Epoch 033, ExpID 76717
Train - Loss (one batch): 0.00371
Val - Loss, MSE, RMSE, MAE, MAPE: 0.00510, 0.00510, 0.07140, 0.03777, 76.32%
Test - Best epoch, Loss, MSE, RMSE, MAE, MAPE: 31, 0.00642, 0.00642, 0.08014, 0.03951, 90.38%
Time spent: 10.08s
- Epoch 034, ExpID 76717
Train - Loss (one batch): 0.00603
Val - Loss, MSE, RMSE, MAE, MAPE: 0.00484, 0.00484, 0.06959, 0.03685, 66.58%
Test - Best epoch, Loss, MSE, RMSE, MAE, MAPE: 34, 0.00630, 0.00630, 0.07935, 0.03753, 61.26%
Time spent: 11.39s
- Epoch 035, ExpID 76717
Train - Loss (one batch): 0.00369
Val - Loss, MSE, RMSE, MAE, MAPE: 0.00570, 0.00570, 0.07548, 0.04488, 122.47%
Test - Best epoch, Loss, MSE, RMSE, MAE, MAPE: 34, 0.00630, 0.00630, 0.07935, 0.03753, 61.26%
Time spent: 10.08s
- Epoch 036, ExpID 76717
Train - Loss (one batch): 0.00334
Val - Loss, MSE, RMSE, MAE, MAPE: 0.00522, 0.00522, 0.07222, 0.03968, 75.00%
Test - Best epoch, Loss, MSE, RMSE, MAE, MAPE: 34, 0.00630, 0.00630, 0.07935, 0.03753, 61.26%
Time spent: 10.07s
- Epoch 037, ExpID 76717
Train - Loss (one batch): 0.01136
Val - Loss, MSE, RMSE, MAE, MAPE: 0.00520, 0.00520, 0.07214, 0.03972, 105.77%
Test - Best epoch, Loss, MSE, RMSE, MAE, MAPE: 34, 0.00630, 0.00630, 0.07935, 0.03753, 61.26%
Time spent: 10.08s
- Epoch 038, ExpID 76717
Train - Loss (one batch): 0.00475
Val - Loss, MSE, RMSE, MAE, MAPE: 0.00512, 0.00512, 0.07158, 0.03945, 64.78%
Test - Best epoch, Loss, MSE, RMSE, MAE, MAPE: 34, 0.00630, 0.00630, 0.07935, 0.03753, 61.26%
Time spent: 10.07s
- Epoch 039, ExpID 76717
Train - Loss (one batch): 0.00519
Val - Loss, MSE, RMSE, MAE, MAPE: 0.00497, 0.00497, 0.07049, 0.03723, 108.97%
Test - Best epoch, Loss, MSE, RMSE, MAE, MAPE: 34, 0.00630, 0.00630, 0.07935, 0.03753, 61.26%
Time spent: 10.07s
- Epoch 040, ExpID 76717
Train - Loss (one batch): 0.00487
Val - Loss, MSE, RMSE, MAE, MAPE: 0.00510, 0.00510, 0.07142, 0.04019, 125.17%
Test - Best epoch, Loss, MSE, RMSE, MAE, MAPE: 34, 0.00630, 0.00630, 0.07935, 0.03753, 61.26%
Time spent: 10.07s
- Epoch 041, ExpID 76717
Train - Loss (one batch): 0.00436
Val - Loss, MSE, RMSE, MAE, MAPE: 0.00509, 0.00509, 0.07135, 0.03941, 119.48%
Test - Best epoch, Loss, MSE, RMSE, MAE, MAPE: 34, 0.00630, 0.00630, 0.07935, 0.03753, 61.26%
Time spent: 10.07s
- Epoch 042, ExpID 76717
Train - Loss (one batch): 0.00406
Val - Loss, MSE, RMSE, MAE, MAPE: 0.00515, 0.00515, 0.07179, 0.04072, 155.86%
Test - Best epoch, Loss, MSE, RMSE, MAE, MAPE: 34, 0.00630, 0.00630, 0.07935, 0.03753, 61.26%
Time spent: 10.07s
- Epoch 043, ExpID 76717
Train - Loss (one batch): 0.00738
Val - Loss, MSE, RMSE, MAE, MAPE: 0.00550, 0.00550, 0.07414, 0.04155, 162.29%
Test - Best epoch, Loss, MSE, RMSE, MAE, MAPE: 34, 0.00630, 0.00630, 0.07935, 0.03753, 61.26%
Time spent: 10.07s
- Epoch 044, ExpID 76717
Train - Loss (one batch): 0.00571
Val - Loss, MSE, RMSE, MAE, MAPE: 0.00513, 0.00513, 0.07165, 0.03812, 90.95%
Test - Best epoch, Loss, MSE, RMSE, MAE, MAPE: 34, 0.00630, 0.00630, 0.07935, 0.03753, 61.26%
Time spent: 10.07s
- Epoch 045, ExpID 76717
Train - Loss (one batch): 0.00398
Val - Loss, MSE, RMSE, MAE, MAPE: 0.00508, 0.00508, 0.07126, 0.03857, 118.49%
Test - Best epoch, Loss, MSE, RMSE, MAE, MAPE: 34, 0.00630, 0.00630, 0.07935, 0.03753, 61.26%
Time spent: 10.08s
- Epoch 046, ExpID 76717
Train - Loss (one batch): 0.00490
Val - Loss, MSE, RMSE, MAE, MAPE: 0.00518, 0.00518, 0.07195, 0.04035, 181.32%
Test - Best epoch, Loss, MSE, RMSE, MAE, MAPE: 34, 0.00630, 0.00630, 0.07935, 0.03753, 61.26%
Time spent: 10.07s
- Epoch 047, ExpID 76717
Train - Loss (one batch): 0.00510
Val - Loss, MSE, RMSE, MAE, MAPE: 0.00510, 0.00510, 0.07138, 0.03736, 81.37%
Test - Best epoch, Loss, MSE, RMSE, MAE, MAPE: 34, 0.00630, 0.00630, 0.07935, 0.03753, 61.26%
Time spent: 10.07s
- Epoch 048, ExpID 76717
Train - Loss (one batch): 0.00338
Val - Loss, MSE, RMSE, MAE, MAPE: 0.00530, 0.00530, 0.07278, 0.03837, 82.25%
Test - Best epoch, Loss, MSE, RMSE, MAE, MAPE: 34, 0.00630, 0.00630, 0.07935, 0.03753, 61.26%
Time spent: 10.07s
- Epoch 049, ExpID 76717
Train - Loss (one batch): 0.00369
Val - Loss, MSE, RMSE, MAE, MAPE: 0.00499, 0.00499, 0.07065, 0.03864, 98.60%
Test - Best epoch, Loss, MSE, RMSE, MAE, MAPE: 34, 0.00630, 0.00630, 0.07935, 0.03753, 61.26%
Time spent: 10.07s
- Epoch 050, ExpID 76717
Train - Loss (one batch): 0.00367
Val - Loss, MSE, RMSE, MAE, MAPE: 0.00532, 0.00532, 0.07291, 0.03859, 83.30%
Test - Best epoch, Loss, MSE, RMSE, MAE, MAPE: 34, 0.00630, 0.00630, 0.07935, 0.03753, 61.26%
Time spent: 10.07s
- Epoch 051, ExpID 76717
Train - Loss (one batch): 0.00419
Val - Loss, MSE, RMSE, MAE, MAPE: 0.00548, 0.00548, 0.07403, 0.04082, 139.66%
Test - Best epoch, Loss, MSE, RMSE, MAE, MAPE: 34, 0.00630, 0.00630, 0.07935, 0.03753, 61.26%
Time spent: 10.07s
- Epoch 052, ExpID 76717
Train - Loss (one batch): 0.00509
Val - Loss, MSE, RMSE, MAE, MAPE: 0.00566, 0.00566, 0.07526, 0.03919, 71.00%
Test - Best epoch, Loss, MSE, RMSE, MAE, MAPE: 34, 0.00630, 0.00630, 0.07935, 0.03753, 61.26%
Time spent: 10.07s
- Epoch 053, ExpID 76717
Train - Loss (one batch): 0.00502
Val - Loss, MSE, RMSE, MAE, MAPE: 0.00509, 0.00509, 0.07135, 0.03928, 109.60%
Test - Best epoch, Loss, MSE, RMSE, MAE, MAPE: 34, 0.00630, 0.00630, 0.07935, 0.03753, 61.26%
Time spent: 10.08s
- Epoch 054, ExpID 76717
Train - Loss (one batch): 0.01112
Val - Loss, MSE, RMSE, MAE, MAPE: 0.00550, 0.00550, 0.07419, 0.04009, 115.58%
Test - Best epoch, Loss, MSE, RMSE, MAE, MAPE: 34, 0.00630, 0.00630, 0.07935, 0.03753, 61.26%
Time spent: 10.08s
- Epoch 055, ExpID 76717
Train - Loss (one batch): 0.00655
Val - Loss, MSE, RMSE, MAE, MAPE: 0.00517, 0.00517, 0.07190, 0.03827, 120.59%
Test - Best epoch, Loss, MSE, RMSE, MAE, MAPE: 34, 0.00630, 0.00630, 0.07935, 0.03753, 61.26%
Time spent: 10.07s
- Epoch 056, ExpID 76717
Train - Loss (one batch): 0.00346
Val - Loss, MSE, RMSE, MAE, MAPE: 0.00529, 0.00529, 0.07272, 0.03774, 83.89%
Test - Best epoch, Loss, MSE, RMSE, MAE, MAPE: 34, 0.00630, 0.00630, 0.07935, 0.03753, 61.26%
Time spent: 10.07s
- Epoch 057, ExpID 76717
Train - Loss (one batch): 0.00283
Val - Loss, MSE, RMSE, MAE, MAPE: 0.00534, 0.00534, 0.07305, 0.03978, 84.86%
Test - Best epoch, Loss, MSE, RMSE, MAE, MAPE: 34, 0.00630, 0.00630, 0.07935, 0.03753, 61.26%
Time spent: 10.08s
- Epoch 058, ExpID 76717
Train - Loss (one batch): 0.00323
Val - Loss, MSE, RMSE, MAE, MAPE: 0.00547, 0.00547, 0.07399, 0.04028, 76.65%
Test - Best epoch, Loss, MSE, RMSE, MAE, MAPE: 34, 0.00630, 0.00630, 0.07935, 0.03753, 61.26%
Time spent: 10.08s
- Epoch 059, ExpID 76717
Train - Loss (one batch): 0.00435
Val - Loss, MSE, RMSE, MAE, MAPE: 0.00497, 0.00497, 0.07053, 0.03790, 101.16%
Test - Best epoch, Loss, MSE, RMSE, MAE, MAPE: 34, 0.00630, 0.00630, 0.07935, 0.03753, 61.26%
Time spent: 10.08s
/home/ouass/Test/MSP-IMTS/tPatchGNN/run_models.py
2026-03-09 00:19:58
run_models.py --dataset physionet --history 24 --quantization 1.0 --hid_dim 64 --te_dim 10 --node_dim 10 --nlayer 1 --tf_layer 1 --nhead 1 --batch_size 32 --lr 1e-3 --patience 25 --epoch 600 --seed 2 --gpu 0 --metric per_dim --multi_scales 2,4,8 --multi_strides 2,4,8 --fusion attn
Namespace(multi_scales='2,4,8', multi_strides='2,4,8', fusion='attn', state='def', n=100000000, hop=1, nhead=1, tf_layer=1, nlayer=1, epoch=600, patience=25, history=24, patch_size=24, stride=24, logmode='a', lr=0.001, w_decay=0.0, batch_size=32, save='experiments/', load=None, seed=2, dataset='physionet', quantization=1.0, model='tPatchGNN', outlayer='Linear', hid_dim=64, te_dim=10, node_dim=10, gpu='0', metric='per_dim', npatch=1, device=device(type='cuda'), PID=1962584, ndim=41)
- Epoch 000, ExpID 40742
Train - Loss (one batch): 0.00706
Val - Loss, MSE, RMSE, MAE, MAPE: 0.00977, 0.00977, 0.09886, 0.05994, 207.71%
Test - Best epoch, Loss, MSE, RMSE, MAE, MAPE: 0, 0.01065, 0.01065, 0.10320, 0.05881, 177.29%
Time spent: 11.43s
- Epoch 001, ExpID 40742
Train - Loss (one batch): 0.00578
Val - Loss, MSE, RMSE, MAE, MAPE: 0.00625, 0.00625, 0.07907, 0.04604, 74.39%
Test - Best epoch, Loss, MSE, RMSE, MAE, MAPE: 1, 0.00754, 0.00754, 0.08686, 0.04553, 66.74%
Time spent: 11.38s
- Epoch 002, ExpID 40742
Train - Loss (one batch): 0.01192
Val - Loss, MSE, RMSE, MAE, MAPE: 0.00557, 0.00557, 0.07464, 0.04130, 107.28%
Test - Best epoch, Loss, MSE, RMSE, MAE, MAPE: 2, 0.00711, 0.00711, 0.08431, 0.04238, 94.78%
Time spent: 11.38s
- Epoch 003, ExpID 40742
Train - Loss (one batch): 0.00473
Val - Loss, MSE, RMSE, MAE, MAPE: 0.00614, 0.00614, 0.07834, 0.04637, 94.88%
Test - Best epoch, Loss, MSE, RMSE, MAE, MAPE: 2, 0.00711, 0.00711, 0.08431, 0.04238, 94.78%
Time spent: 10.07s
- Epoch 004, ExpID 40742
Train - Loss (one batch): 0.00794
Val - Loss, MSE, RMSE, MAE, MAPE: 0.00550, 0.00550, 0.07413, 0.04169, 100.75%
Test - Best epoch, Loss, MSE, RMSE, MAE, MAPE: 4, 0.00671, 0.00671, 0.08190, 0.04131, 85.93%
Time spent: 11.38s
- Epoch 005, ExpID 40742
Train - Loss (one batch): 0.00465
Val - Loss, MSE, RMSE, MAE, MAPE: 0.00569, 0.00569, 0.07544, 0.04277, 91.70%
Test - Best epoch, Loss, MSE, RMSE, MAE, MAPE: 4, 0.00671, 0.00671, 0.08190, 0.04131, 85.93%
Time spent: 10.07s
- Epoch 006, ExpID 40742
Train - Loss (one batch): 0.00546
Val - Loss, MSE, RMSE, MAE, MAPE: 0.00586, 0.00586, 0.07655, 0.04335, 103.71%
Test - Best epoch, Loss, MSE, RMSE, MAE, MAPE: 4, 0.00671, 0.00671, 0.08190, 0.04131, 85.93%
Time spent: 10.07s
- Epoch 007, ExpID 40742
Train - Loss (one batch): 0.00970
Val - Loss, MSE, RMSE, MAE, MAPE: 0.00634, 0.00634, 0.07961, 0.04658, 65.59%
Test - Best epoch, Loss, MSE, RMSE, MAE, MAPE: 4, 0.00671, 0.00671, 0.08190, 0.04131, 85.93%
Time spent: 10.07s
- Epoch 008, ExpID 40742
Train - Loss (one batch): 0.00536
Val - Loss, MSE, RMSE, MAE, MAPE: 0.00563, 0.00563, 0.07504, 0.04183, 96.15%
Test - Best epoch, Loss, MSE, RMSE, MAE, MAPE: 4, 0.00671, 0.00671, 0.08190, 0.04131, 85.93%
Time spent: 10.07s
- Epoch 009, ExpID 40742
Train - Loss (one batch): 0.00423
Val - Loss, MSE, RMSE, MAE, MAPE: 0.00601, 0.00601, 0.07754, 0.04718, 97.74%
Test - Best epoch, Loss, MSE, RMSE, MAE, MAPE: 4, 0.00671, 0.00671, 0.08190, 0.04131, 85.93%
Time spent: 10.07s
- Epoch 010, ExpID 40742
Train - Loss (one batch): 0.00397
Val - Loss, MSE, RMSE, MAE, MAPE: 0.00558, 0.00558, 0.07467, 0.04186, 66.83%
Test - Best epoch, Loss, MSE, RMSE, MAE, MAPE: 4, 0.00671, 0.00671, 0.08190, 0.04131, 85.93%
Time spent: 10.07s
- Epoch 011, ExpID 40742
Train - Loss (one batch): 0.00373
Val - Loss, MSE, RMSE, MAE, MAPE: 0.00529, 0.00529, 0.07276, 0.04034, 95.08%
Test - Best epoch, Loss, MSE, RMSE, MAE, MAPE: 11, 0.00650, 0.00650, 0.08061, 0.04020, 79.25%
Time spent: 11.38s
- Epoch 012, ExpID 40742
Train - Loss (one batch): 0.00460
Val - Loss, MSE, RMSE, MAE, MAPE: 0.00551, 0.00551, 0.07420, 0.04175, 138.17%
Test - Best epoch, Loss, MSE, RMSE, MAE, MAPE: 11, 0.00650, 0.00650, 0.08061, 0.04020, 79.25%
Time spent: 10.07s
- Epoch 013, ExpID 40742
Train - Loss (one batch): 0.00441
Val - Loss, MSE, RMSE, MAE, MAPE: 0.00529, 0.00529, 0.07271, 0.03958, 77.59%
Test - Best epoch, Loss, MSE, RMSE, MAE, MAPE: 13, 0.00658, 0.00658, 0.08111, 0.03988, 68.20%
Time spent: 11.38s
- Epoch 014, ExpID 40742
Train - Loss (one batch): 0.00611
Val - Loss, MSE, RMSE, MAE, MAPE: 0.00577, 0.00577, 0.07598, 0.04407, 66.35%
Test - Best epoch, Loss, MSE, RMSE, MAE, MAPE: 13, 0.00658, 0.00658, 0.08111, 0.03988, 68.20%
Time spent: 10.07s
- Epoch 015, ExpID 40742
Train - Loss (one batch): 0.00352
Val - Loss, MSE, RMSE, MAE, MAPE: 0.00543, 0.00543, 0.07372, 0.04093, 85.58%
Test - Best epoch, Loss, MSE, RMSE, MAE, MAPE: 13, 0.00658, 0.00658, 0.08111, 0.03988, 68.20%
Time spent: 10.07s
- Epoch 016, ExpID 40742
Train - Loss (one batch): 0.00301
Val - Loss, MSE, RMSE, MAE, MAPE: 0.00596, 0.00596, 0.07722, 0.04273, 75.23%
Test - Best epoch, Loss, MSE, RMSE, MAE, MAPE: 13, 0.00658, 0.00658, 0.08111, 0.03988, 68.20%
Time spent: 10.07s
- Epoch 017, ExpID 40742
Train - Loss (one batch): 0.00463
Val - Loss, MSE, RMSE, MAE, MAPE: 0.00605, 0.00605, 0.07778, 0.04426, 127.37%
Test - Best epoch, Loss, MSE, RMSE, MAE, MAPE: 13, 0.00658, 0.00658, 0.08111, 0.03988, 68.20%
Time spent: 10.07s
- Epoch 018, ExpID 40742
Train - Loss (one batch): 0.00492
Val - Loss, MSE, RMSE, MAE, MAPE: 0.00518, 0.00518, 0.07194, 0.03874, 74.16%
Test - Best epoch, Loss, MSE, RMSE, MAE, MAPE: 18, 0.00640, 0.00640, 0.07998, 0.03862, 61.05%
Time spent: 11.38s
- Epoch 019, ExpID 40742
Train - Loss (one batch): 0.00508
Val - Loss, MSE, RMSE, MAE, MAPE: 0.00527, 0.00527, 0.07263, 0.03858, 125.19%
Test - Best epoch, Loss, MSE, RMSE, MAE, MAPE: 18, 0.00640, 0.00640, 0.07998, 0.03862, 61.05%
Time spent: 10.07s
- Epoch 020, ExpID 40742
Train - Loss (one batch): 0.00616
Val - Loss, MSE, RMSE, MAE, MAPE: 0.00543, 0.00543, 0.07372, 0.04057, 82.83%
Test - Best epoch, Loss, MSE, RMSE, MAE, MAPE: 18, 0.00640, 0.00640, 0.07998, 0.03862, 61.05%
Time spent: 10.07s
- Epoch 021, ExpID 40742
Train - Loss (one batch): 0.00412
Val - Loss, MSE, RMSE, MAE, MAPE: 0.00531, 0.00531, 0.07290, 0.03997, 79.82%
Test - Best epoch, Loss, MSE, RMSE, MAE, MAPE: 18, 0.00640, 0.00640, 0.07998, 0.03862, 61.05%
Time spent: 10.07s
- Epoch 022, ExpID 40742
Train - Loss (one batch): 0.00587
Val - Loss, MSE, RMSE, MAE, MAPE: 0.00506, 0.00506, 0.07111, 0.03880, 81.95%
Test - Best epoch, Loss, MSE, RMSE, MAE, MAPE: 22, 0.00626, 0.00626, 0.07914, 0.03852, 70.84%
Time spent: 11.38s
- Epoch 023, ExpID 40742
Train - Loss (one batch): 0.00561
Val - Loss, MSE, RMSE, MAE, MAPE: 0.00560, 0.00560, 0.07480, 0.04108, 66.98%
Test - Best epoch, Loss, MSE, RMSE, MAE, MAPE: 22, 0.00626, 0.00626, 0.07914, 0.03852, 70.84%
Time spent: 10.07s
- Epoch 024, ExpID 40742
Train - Loss (one batch): 0.00867
Val - Loss, MSE, RMSE, MAE, MAPE: 0.00528, 0.00528, 0.07268, 0.03919, 80.41%
Test - Best epoch, Loss, MSE, RMSE, MAE, MAPE: 22, 0.00626, 0.00626, 0.07914, 0.03852, 70.84%
Time spent: 10.07s
- Epoch 025, ExpID 40742
Train - Loss (one batch): 0.00425
Val - Loss, MSE, RMSE, MAE, MAPE: 0.00515, 0.00515, 0.07175, 0.04006, 143.31%
Test - Best epoch, Loss, MSE, RMSE, MAE, MAPE: 22, 0.00626, 0.00626, 0.07914, 0.03852, 70.84%
Time spent: 10.07s
- Epoch 026, ExpID 40742
Train - Loss (one batch): 0.00602
Val - Loss, MSE, RMSE, MAE, MAPE: 0.00518, 0.00518, 0.07197, 0.04114, 171.52%
Test - Best epoch, Loss, MSE, RMSE, MAE, MAPE: 22, 0.00626, 0.00626, 0.07914, 0.03852, 70.84%
Time spent: 10.07s
- Epoch 027, ExpID 40742
Train - Loss (one batch): 0.00438
Val - Loss, MSE, RMSE, MAE, MAPE: 0.00539, 0.00539, 0.07342, 0.04118, 134.54%
Test - Best epoch, Loss, MSE, RMSE, MAE, MAPE: 22, 0.00626, 0.00626, 0.07914, 0.03852, 70.84%
Time spent: 10.07s
- Epoch 028, ExpID 40742
Train - Loss (one batch): 0.00466
Val - Loss, MSE, RMSE, MAE, MAPE: 0.00542, 0.00542, 0.07359, 0.04039, 93.03%
Test - Best epoch, Loss, MSE, RMSE, MAE, MAPE: 22, 0.00626, 0.00626, 0.07914, 0.03852, 70.84%
Time spent: 10.07s
- Epoch 029, ExpID 40742
Train - Loss (one batch): 0.00520
Val - Loss, MSE, RMSE, MAE, MAPE: 0.00528, 0.00528, 0.07265, 0.03942, 68.56%
Test - Best epoch, Loss, MSE, RMSE, MAE, MAPE: 22, 0.00626, 0.00626, 0.07914, 0.03852, 70.84%
Time spent: 10.07s
- Epoch 030, ExpID 40742
Train - Loss (one batch): 0.00610
Val - Loss, MSE, RMSE, MAE, MAPE: 0.00523, 0.00523, 0.07231, 0.03981, 80.34%
Test - Best epoch, Loss, MSE, RMSE, MAE, MAPE: 22, 0.00626, 0.00626, 0.07914, 0.03852, 70.84%
Time spent: 10.07s
- Epoch 031, ExpID 40742
Train - Loss (one batch): 0.00387
Val - Loss, MSE, RMSE, MAE, MAPE: 0.00533, 0.00533, 0.07304, 0.04094, 101.95%
Test - Best epoch, Loss, MSE, RMSE, MAE, MAPE: 22, 0.00626, 0.00626, 0.07914, 0.03852, 70.84%
Time spent: 10.08s
- Epoch 032, ExpID 40742
Train - Loss (one batch): 0.00476
Val - Loss, MSE, RMSE, MAE, MAPE: 0.00531, 0.00531, 0.07287, 0.04044, 75.37%
Test - Best epoch, Loss, MSE, RMSE, MAE, MAPE: 22, 0.00626, 0.00626, 0.07914, 0.03852, 70.84%
Time spent: 10.07s
- Epoch 033, ExpID 40742
Train - Loss (one batch): 0.00562
Val - Loss, MSE, RMSE, MAE, MAPE: 0.00503, 0.00503, 0.07094, 0.03794, 101.48%
Test - Best epoch, Loss, MSE, RMSE, MAE, MAPE: 33, 0.00630, 0.00630, 0.07937, 0.03795, 92.25%
Time spent: 11.39s
- Epoch 034, ExpID 40742
Train - Loss (one batch): 0.00468
Val - Loss, MSE, RMSE, MAE, MAPE: 0.00508, 0.00508, 0.07125, 0.03750, 82.10%
Test - Best epoch, Loss, MSE, RMSE, MAE, MAPE: 33, 0.00630, 0.00630, 0.07937, 0.03795, 92.25%
Time spent: 10.08s
- Epoch 035, ExpID 40742
Train - Loss (one batch): 0.00483
Val - Loss, MSE, RMSE, MAE, MAPE: 0.00590, 0.00590, 0.07684, 0.04549, 131.58%
Test - Best epoch, Loss, MSE, RMSE, MAE, MAPE: 33, 0.00630, 0.00630, 0.07937, 0.03795, 92.25%
Time spent: 10.07s
- Epoch 036, ExpID 40742
Train - Loss (one batch): 0.00394
Val - Loss, MSE, RMSE, MAE, MAPE: 0.00502, 0.00502, 0.07085, 0.03759, 69.36%
Test - Best epoch, Loss, MSE, RMSE, MAE, MAPE: 36, 0.00624, 0.00624, 0.07900, 0.03771, 59.75%
Time spent: 11.39s
- Epoch 037, ExpID 40742
Train - Loss (one batch): 0.00394
Val - Loss, MSE, RMSE, MAE, MAPE: 0.00522, 0.00522, 0.07222, 0.03991, 73.26%
Test - Best epoch, Loss, MSE, RMSE, MAE, MAPE: 36, 0.00624, 0.00624, 0.07900, 0.03771, 59.75%
Time spent: 10.07s
- Epoch 038, ExpID 40742
Train - Loss (one batch): 0.00801
Val - Loss, MSE, RMSE, MAE, MAPE: 0.00533, 0.00533, 0.07298, 0.04125, 100.15%
Test - Best epoch, Loss, MSE, RMSE, MAE, MAPE: 36, 0.00624, 0.00624, 0.07900, 0.03771, 59.75%
Time spent: 10.07s
- Epoch 039, ExpID 40742
Train - Loss (one batch): 0.00563
Val - Loss, MSE, RMSE, MAE, MAPE: 0.00546, 0.00546, 0.07387, 0.04055, 77.60%
Test - Best epoch, Loss, MSE, RMSE, MAE, MAPE: 36, 0.00624, 0.00624, 0.07900, 0.03771, 59.75%
Time spent: 10.07s
- Epoch 040, ExpID 40742
Train - Loss (one batch): 0.00419
Val - Loss, MSE, RMSE, MAE, MAPE: 0.00534, 0.00534, 0.07308, 0.04187, 140.24%
Test - Best epoch, Loss, MSE, RMSE, MAE, MAPE: 36, 0.00624, 0.00624, 0.07900, 0.03771, 59.75%
Time spent: 10.07s
- Epoch 041, ExpID 40742
Train - Loss (one batch): 0.00357
Val - Loss, MSE, RMSE, MAE, MAPE: 0.00506, 0.00506, 0.07112, 0.03812, 69.81%
Test - Best epoch, Loss, MSE, RMSE, MAE, MAPE: 36, 0.00624, 0.00624, 0.07900, 0.03771, 59.75%
Time spent: 10.07s
- Epoch 042, ExpID 40742
Train - Loss (one batch): 0.00358
Val - Loss, MSE, RMSE, MAE, MAPE: 0.00519, 0.00519, 0.07208, 0.04003, 110.73%
Test - Best epoch, Loss, MSE, RMSE, MAE, MAPE: 36, 0.00624, 0.00624, 0.07900, 0.03771, 59.75%
Time spent: 10.07s
- Epoch 043, ExpID 40742
Train - Loss (one batch): 0.00565
Val - Loss, MSE, RMSE, MAE, MAPE: 0.00541, 0.00541, 0.07355, 0.04068, 112.94%
Test - Best epoch, Loss, MSE, RMSE, MAE, MAPE: 36, 0.00624, 0.00624, 0.07900, 0.03771, 59.75%
Time spent: 10.07s
- Epoch 044, ExpID 40742
Train - Loss (one batch): 0.00460
Val - Loss, MSE, RMSE, MAE, MAPE: 0.00552, 0.00552, 0.07427, 0.04236, 99.06%
Test - Best epoch, Loss, MSE, RMSE, MAE, MAPE: 36, 0.00624, 0.00624, 0.07900, 0.03771, 59.75%
Time spent: 10.07s
- Epoch 045, ExpID 40742
Train - Loss (one batch): 0.00536
Val - Loss, MSE, RMSE, MAE, MAPE: 0.00496, 0.00496, 0.07046, 0.03795, 82.93%
Test - Best epoch, Loss, MSE, RMSE, MAE, MAPE: 45, 0.00637, 0.00637, 0.07984, 0.03840, 74.18%
Time spent: 11.39s
- Epoch 046, ExpID 40742
Train - Loss (one batch): 0.00456
Val - Loss, MSE, RMSE, MAE, MAPE: 0.00506, 0.00506, 0.07115, 0.03781, 80.46%
Test - Best epoch, Loss, MSE, RMSE, MAE, MAPE: 45, 0.00637, 0.00637, 0.07984, 0.03840, 74.18%
Time spent: 10.07s
- Epoch 047, ExpID 40742
Train - Loss (one batch): 0.00600
Val - Loss, MSE, RMSE, MAE, MAPE: 0.00537, 0.00537, 0.07326, 0.03943, 108.61%
Test - Best epoch, Loss, MSE, RMSE, MAE, MAPE: 45, 0.00637, 0.00637, 0.07984, 0.03840, 74.18%
Time spent: 10.08s
- Epoch 048, ExpID 40742
Train - Loss (one batch): 0.00257
Val - Loss, MSE, RMSE, MAE, MAPE: 0.00515, 0.00515, 0.07175, 0.03956, 120.17%
Test - Best epoch, Loss, MSE, RMSE, MAE, MAPE: 45, 0.00637, 0.00637, 0.07984, 0.03840, 74.18%
Time spent: 10.08s
- Epoch 049, ExpID 40742
Train - Loss (one batch): 0.00364
Val - Loss, MSE, RMSE, MAE, MAPE: 0.00578, 0.00578, 0.07606, 0.04313, 70.73%
Test - Best epoch, Loss, MSE, RMSE, MAE, MAPE: 45, 0.00637, 0.00637, 0.07984, 0.03840, 74.18%
Time spent: 10.08s
- Epoch 050, ExpID 40742
Train - Loss (one batch): 0.00753
Val - Loss, MSE, RMSE, MAE, MAPE: 0.00536, 0.00536, 0.07324, 0.03958, 119.89%
Test - Best epoch, Loss, MSE, RMSE, MAE, MAPE: 45, 0.00637, 0.00637, 0.07984, 0.03840, 74.18%
Time spent: 10.08s
- Epoch 051, ExpID 40742
Train - Loss (one batch): 0.00356
Val - Loss, MSE, RMSE, MAE, MAPE: 0.00531, 0.00531, 0.07286, 0.04007, 71.45%
Test - Best epoch, Loss, MSE, RMSE, MAE, MAPE: 45, 0.00637, 0.00637, 0.07984, 0.03840, 74.18%
Time spent: 10.08s
- Epoch 052, ExpID 40742
Train - Loss (one batch): 0.00367
Val - Loss, MSE, RMSE, MAE, MAPE: 0.00552, 0.00552, 0.07428, 0.04102, 96.46%
Test - Best epoch, Loss, MSE, RMSE, MAE, MAPE: 45, 0.00637, 0.00637, 0.07984, 0.03840, 74.18%
Time spent: 10.08s
- Epoch 053, ExpID 40742
Train - Loss (one batch): 0.00722
Val - Loss, MSE, RMSE, MAE, MAPE: 0.00532, 0.00532, 0.07292, 0.03925, 74.55%
Test - Best epoch, Loss, MSE, RMSE, MAE, MAPE: 45, 0.00637, 0.00637, 0.07984, 0.03840, 74.18%
Time spent: 10.08s
- Epoch 054, ExpID 40742
Train - Loss (one batch): 0.00476
Val - Loss, MSE, RMSE, MAE, MAPE: 0.00558, 0.00558, 0.07467, 0.03952, 84.05%
Test - Best epoch, Loss, MSE, RMSE, MAE, MAPE: 45, 0.00637, 0.00637, 0.07984, 0.03840, 74.18%
Time spent: 10.07s
- Epoch 055, ExpID 40742
Train - Loss (one batch): 0.00415
Val - Loss, MSE, RMSE, MAE, MAPE: 0.00522, 0.00522, 0.07223, 0.03934, 119.37%
Test - Best epoch, Loss, MSE, RMSE, MAE, MAPE: 45, 0.00637, 0.00637, 0.07984, 0.03840, 74.18%
Time spent: 10.08s
- Epoch 056, ExpID 40742
Train - Loss (one batch): 0.00347
Val - Loss, MSE, RMSE, MAE, MAPE: 0.00531, 0.00531, 0.07286, 0.04222, 131.07%
Test - Best epoch, Loss, MSE, RMSE, MAE, MAPE: 45, 0.00637, 0.00637, 0.07984, 0.03840, 74.18%
Time spent: 10.07s
- Epoch 057, ExpID 40742
Train - Loss (one batch): 0.00342
Val - Loss, MSE, RMSE, MAE, MAPE: 0.00511, 0.00511, 0.07145, 0.03858, 131.85%
Test - Best epoch, Loss, MSE, RMSE, MAE, MAPE: 45, 0.00637, 0.00637, 0.07984, 0.03840, 74.18%
Time spent: 10.07s
- Epoch 058, ExpID 40742
Train - Loss (one batch): 0.00443
Val - Loss, MSE, RMSE, MAE, MAPE: 0.00551, 0.00551, 0.07424, 0.04124, 135.46%
Test - Best epoch, Loss, MSE, RMSE, MAE, MAPE: 45, 0.00637, 0.00637, 0.07984, 0.03840, 74.18%
Time spent: 10.08s
- Epoch 059, ExpID 40742
Train - Loss (one batch): 0.00310
Val - Loss, MSE, RMSE, MAE, MAPE: 0.00568, 0.00568, 0.07536, 0.04112, 83.41%
Test - Best epoch, Loss, MSE, RMSE, MAE, MAPE: 45, 0.00637, 0.00637, 0.07984, 0.03840, 74.18%
Time spent: 10.08s
- Epoch 060, ExpID 40742
Train - Loss (one batch): 0.00428
Val - Loss, MSE, RMSE, MAE, MAPE: 0.00561, 0.00561, 0.07488, 0.04186, 81.07%
Test - Best epoch, Loss, MSE, RMSE, MAE, MAPE: 45, 0.00637, 0.00637, 0.07984, 0.03840, 74.18%
Time spent: 10.08s
- Epoch 061, ExpID 40742
Train - Loss (one batch): 0.00321
Val - Loss, MSE, RMSE, MAE, MAPE: 0.00514, 0.00514, 0.07166, 0.03838, 67.46%
Test - Best epoch, Loss, MSE, RMSE, MAE, MAPE: 45, 0.00637, 0.00637, 0.07984, 0.03840, 74.18%
Time spent: 10.08s
- Epoch 062, ExpID 40742
Train - Loss (one batch): 0.00308
Val - Loss, MSE, RMSE, MAE, MAPE: 0.00540, 0.00540, 0.07352, 0.04121, 80.98%
Test - Best epoch, Loss, MSE, RMSE, MAE, MAPE: 45, 0.00637, 0.00637, 0.07984, 0.03840, 74.18%
Time spent: 10.07s
- Epoch 063, ExpID 40742
Train - Loss (one batch): 0.00951
Val - Loss, MSE, RMSE, MAE, MAPE: 0.00516, 0.00516, 0.07186, 0.04050, 93.99%
Test - Best epoch, Loss, MSE, RMSE, MAE, MAPE: 45, 0.00637, 0.00637, 0.07984, 0.03840, 74.18%
Time spent: 10.07s
- Epoch 064, ExpID 40742
Train - Loss (one batch): 0.00397
Val - Loss, MSE, RMSE, MAE, MAPE: 0.00540, 0.00540, 0.07348, 0.03964, 136.18%
Test - Best epoch, Loss, MSE, RMSE, MAE, MAPE: 45, 0.00637, 0.00637, 0.07984, 0.03840, 74.18%
Time spent: 10.07s
- Epoch 065, ExpID 40742
Train - Loss (one batch): 0.00544
Val - Loss, MSE, RMSE, MAE, MAPE: 0.00531, 0.00531, 0.07288, 0.03856, 84.19%
Test - Best epoch, Loss, MSE, RMSE, MAE, MAPE: 45, 0.00637, 0.00637, 0.07984, 0.03840, 74.18%
Time spent: 10.07s
- Epoch 066, ExpID 40742
Train - Loss (one batch): 0.00421
Val - Loss, MSE, RMSE, MAE, MAPE: 0.00504, 0.00504, 0.07101, 0.03788, 105.76%
Test - Best epoch, Loss, MSE, RMSE, MAE, MAPE: 45, 0.00637, 0.00637, 0.07984, 0.03840, 74.18%
Time spent: 10.07s
- Epoch 067, ExpID 40742
Train - Loss (one batch): 0.00574
Val - Loss, MSE, RMSE, MAE, MAPE: 0.00536, 0.00536, 0.07323, 0.04181, 68.75%
Test - Best epoch, Loss, MSE, RMSE, MAE, MAPE: 45, 0.00637, 0.00637, 0.07984, 0.03840, 74.18%
Time spent: 10.07s
- Epoch 068, ExpID 40742
Train - Loss (one batch): 0.00420
Val - Loss, MSE, RMSE, MAE, MAPE: 0.00577, 0.00577, 0.07596, 0.04288, 105.62%
Test - Best epoch, Loss, MSE, RMSE, MAE, MAPE: 45, 0.00637, 0.00637, 0.07984, 0.03840, 74.18%
Time spent: 10.07s
- Epoch 069, ExpID 40742
Train - Loss (one batch): 0.00536
Val - Loss, MSE, RMSE, MAE, MAPE: 0.00551, 0.00551, 0.07420, 0.04160, 110.66%
Test - Best epoch, Loss, MSE, RMSE, MAE, MAPE: 45, 0.00637, 0.00637, 0.07984, 0.03840, 74.18%
Time spent: 10.07s
- Epoch 070, ExpID 40742
Train - Loss (one batch): 0.00327
Val - Loss, MSE, RMSE, MAE, MAPE: 0.00555, 0.00555, 0.07453, 0.03875, 116.06%
Test - Best epoch, Loss, MSE, RMSE, MAE, MAPE: 45, 0.00637, 0.00637, 0.07984, 0.03840, 74.18%
Time spent: 10.07s
/home/ouass/Test/MSP-IMTS/tPatchGNN/run_models.py
2026-03-09 00:32:32
run_models.py --dataset physionet --history 24 --quantization 1.0 --hid_dim 64 --te_dim 10 --node_dim 10 --nlayer 1 --tf_layer 1 --nhead 1 --batch_size 32 --lr 1e-3 --patience 25 --epoch 600 --seed 3 --gpu 0 --metric per_dim --multi_scales 2,4,8 --multi_strides 2,4,8 --fusion attn
Namespace(multi_scales='2,4,8', multi_strides='2,4,8', fusion='attn', state='def', n=100000000, hop=1, nhead=1, tf_layer=1, nlayer=1, epoch=600, patience=25, history=24, patch_size=24, stride=24, logmode='a', lr=0.001, w_decay=0.0, batch_size=32, save='experiments/', load=None, seed=3, dataset='physionet', quantization=1.0, model='tPatchGNN', outlayer='Linear', hid_dim=64, te_dim=10, node_dim=10, gpu='0', metric='per_dim', npatch=1, device=device(type='cuda'), PID=1962755, ndim=41)
- Epoch 000, ExpID 3266
Train - Loss (one batch): 0.01936
Val - Loss, MSE, RMSE, MAE, MAPE: 0.00895, 0.00895, 0.09461, 0.06045, 193.38%
Test - Best epoch, Loss, MSE, RMSE, MAE, MAPE: 0, 0.01049, 0.01049, 0.10241, 0.06156, 168.87%
Time spent: 11.52s
- Epoch 001, ExpID 3266
Train - Loss (one batch): 0.00877
Val - Loss, MSE, RMSE, MAE, MAPE: 0.00604, 0.00604, 0.07772, 0.04436, 86.70%
Test - Best epoch, Loss, MSE, RMSE, MAE, MAPE: 1, 0.00752, 0.00752, 0.08669, 0.04458, 76.41%
Time spent: 11.46s
- Epoch 002, ExpID 3266
Train - Loss (one batch): 0.00506
Val - Loss, MSE, RMSE, MAE, MAPE: 0.00657, 0.00657, 0.08103, 0.04943, 135.34%
Test - Best epoch, Loss, MSE, RMSE, MAE, MAPE: 1, 0.00752, 0.00752, 0.08669, 0.04458, 76.41%
Time spent: 10.13s
- Epoch 003, ExpID 3266
Train - Loss (one batch): 0.00515
Val - Loss, MSE, RMSE, MAE, MAPE: 0.00640, 0.00640, 0.08003, 0.04757, 269.23%
Test - Best epoch, Loss, MSE, RMSE, MAE, MAPE: 1, 0.00752, 0.00752, 0.08669, 0.04458, 76.41%
Time spent: 10.13s
- Epoch 004, ExpID 3266
Train - Loss (one batch): 0.00520
Val - Loss, MSE, RMSE, MAE, MAPE: 0.00623, 0.00623, 0.07895, 0.04765, 147.55%
Test - Best epoch, Loss, MSE, RMSE, MAE, MAPE: 1, 0.00752, 0.00752, 0.08669, 0.04458, 76.41%
Time spent: 10.13s
- Epoch 005, ExpID 3266
Train - Loss (one batch): 0.00470
Val - Loss, MSE, RMSE, MAE, MAPE: 0.00722, 0.00722, 0.08498, 0.05231, 238.18%
Test - Best epoch, Loss, MSE, RMSE, MAE, MAPE: 1, 0.00752, 0.00752, 0.08669, 0.04458, 76.41%
Time spent: 10.13s
- Epoch 006, ExpID 3266
Train - Loss (one batch): 0.00357
Val - Loss, MSE, RMSE, MAE, MAPE: 0.00561, 0.00561, 0.07488, 0.04234, 64.91%
Test - Best epoch, Loss, MSE, RMSE, MAE, MAPE: 6, 0.00712, 0.00712, 0.08436, 0.04279, 59.89%
Time spent: 11.47s
- Epoch 007, ExpID 3266
Train - Loss (one batch): 0.00536
Val - Loss, MSE, RMSE, MAE, MAPE: 0.00552, 0.00552, 0.07432, 0.04219, 52.15%
Test - Best epoch, Loss, MSE, RMSE, MAE, MAPE: 7, 0.00704, 0.00704, 0.08393, 0.04261, 47.42%
Time spent: 11.47s
- Epoch 008, ExpID 3266
Train - Loss (one batch): 0.00381
Val - Loss, MSE, RMSE, MAE, MAPE: 0.00565, 0.00565, 0.07519, 0.04318, 117.68%
Test - Best epoch, Loss, MSE, RMSE, MAE, MAPE: 7, 0.00704, 0.00704, 0.08393, 0.04261, 47.42%
Time spent: 10.13s
- Epoch 009, ExpID 3266
Train - Loss (one batch): 0.00488
Val - Loss, MSE, RMSE, MAE, MAPE: 0.00579, 0.00579, 0.07607, 0.04554, 158.86%
Test - Best epoch, Loss, MSE, RMSE, MAE, MAPE: 7, 0.00704, 0.00704, 0.08393, 0.04261, 47.42%
Time spent: 10.14s
- Epoch 010, ExpID 3266
Train - Loss (one batch): 0.00572
Val - Loss, MSE, RMSE, MAE, MAPE: 0.00733, 0.00733, 0.08560, 0.05179, 167.32%
Test - Best epoch, Loss, MSE, RMSE, MAE, MAPE: 7, 0.00704, 0.00704, 0.08393, 0.04261, 47.42%
Time spent: 10.13s
- Epoch 011, ExpID 3266
Train - Loss (one batch): 0.00600
Val - Loss, MSE, RMSE, MAE, MAPE: 0.00533, 0.00533, 0.07302, 0.04110, 136.54%
Test - Best epoch, Loss, MSE, RMSE, MAE, MAPE: 11, 0.00672, 0.00672, 0.08197, 0.04145, 122.31%
Time spent: 11.47s
- Epoch 012, ExpID 3266
Train - Loss (one batch): 0.00563
Val - Loss, MSE, RMSE, MAE, MAPE: 0.00511, 0.00511, 0.07147, 0.03981, 134.39%
Test - Best epoch, Loss, MSE, RMSE, MAE, MAPE: 12, 0.00660, 0.00660, 0.08121, 0.03989, 120.26%
Time spent: 11.47s
- Epoch 013, ExpID 3266
Train - Loss (one batch): 0.01066
Val - Loss, MSE, RMSE, MAE, MAPE: 0.00559, 0.00559, 0.07479, 0.04272, 77.08%
Test - Best epoch, Loss, MSE, RMSE, MAE, MAPE: 12, 0.00660, 0.00660, 0.08121, 0.03989, 120.26%
Time spent: 10.13s
- Epoch 014, ExpID 3266
Train - Loss (one batch): 0.00342
Val - Loss, MSE, RMSE, MAE, MAPE: 0.00514, 0.00514, 0.07173, 0.03899, 105.20%
Test - Best epoch, Loss, MSE, RMSE, MAE, MAPE: 12, 0.00660, 0.00660, 0.08121, 0.03989, 120.26%
Time spent: 10.13s
- Epoch 015, ExpID 3266
Train - Loss (one batch): 0.00458
Val - Loss, MSE, RMSE, MAE, MAPE: 0.00557, 0.00557, 0.07464, 0.04227, 116.18%
Test - Best epoch, Loss, MSE, RMSE, MAE, MAPE: 12, 0.00660, 0.00660, 0.08121, 0.03989, 120.26%
Time spent: 10.13s
- Epoch 016, ExpID 3266
Train - Loss (one batch): 0.00383
Val - Loss, MSE, RMSE, MAE, MAPE: 0.00546, 0.00546, 0.07390, 0.04089, 99.69%
Test - Best epoch, Loss, MSE, RMSE, MAE, MAPE: 12, 0.00660, 0.00660, 0.08121, 0.03989, 120.26%
Time spent: 10.13s
- Epoch 017, ExpID 3266
Train - Loss (one batch): 0.00397
Val - Loss, MSE, RMSE, MAE, MAPE: 0.00521, 0.00521, 0.07215, 0.03876, 91.96%
Test - Best epoch, Loss, MSE, RMSE, MAE, MAPE: 12, 0.00660, 0.00660, 0.08121, 0.03989, 120.26%
Time spent: 10.14s
- Epoch 018, ExpID 3266
Train - Loss (one batch): 0.00560
Val - Loss, MSE, RMSE, MAE, MAPE: 0.00510, 0.00510, 0.07140, 0.03870, 63.35%
Test - Best epoch, Loss, MSE, RMSE, MAE, MAPE: 18, 0.00652, 0.00652, 0.08075, 0.03912, 53.28%
Time spent: 11.47s
- Epoch 019, ExpID 3266
Train - Loss (one batch): 0.00435
Val - Loss, MSE, RMSE, MAE, MAPE: 0.00540, 0.00540, 0.07347, 0.04043, 66.38%
Test - Best epoch, Loss, MSE, RMSE, MAE, MAPE: 18, 0.00652, 0.00652, 0.08075, 0.03912, 53.28%
Time spent: 10.13s
- Epoch 020, ExpID 3266
Train - Loss (one batch): 0.00448
Val - Loss, MSE, RMSE, MAE, MAPE: 0.00542, 0.00542, 0.07364, 0.04237, 138.08%
Test - Best epoch, Loss, MSE, RMSE, MAE, MAPE: 18, 0.00652, 0.00652, 0.08075, 0.03912, 53.28%
Time spent: 10.14s
- Epoch 021, ExpID 3266
Train - Loss (one batch): 0.00404
Val - Loss, MSE, RMSE, MAE, MAPE: 0.00531, 0.00531, 0.07287, 0.04018, 88.88%
Test - Best epoch, Loss, MSE, RMSE, MAE, MAPE: 18, 0.00652, 0.00652, 0.08075, 0.03912, 53.28%
Time spent: 10.13s
- Epoch 022, ExpID 3266
Train - Loss (one batch): 0.00249
Val - Loss, MSE, RMSE, MAE, MAPE: 0.00546, 0.00546, 0.07386, 0.03919, 79.08%
Test - Best epoch, Loss, MSE, RMSE, MAE, MAPE: 18, 0.00652, 0.00652, 0.08075, 0.03912, 53.28%
Time spent: 10.14s
- Epoch 023, ExpID 3266
Train - Loss (one batch): 0.00405
Val - Loss, MSE, RMSE, MAE, MAPE: 0.00536, 0.00536, 0.07320, 0.03963, 83.18%
Test - Best epoch, Loss, MSE, RMSE, MAE, MAPE: 18, 0.00652, 0.00652, 0.08075, 0.03912, 53.28%
Time spent: 10.13s
- Epoch 024, ExpID 3266
Train - Loss (one batch): 0.00305
Val - Loss, MSE, RMSE, MAE, MAPE: 0.00550, 0.00550, 0.07415, 0.04173, 83.26%
Test - Best epoch, Loss, MSE, RMSE, MAE, MAPE: 18, 0.00652, 0.00652, 0.08075, 0.03912, 53.28%
Time spent: 10.13s
- Epoch 025, ExpID 3266
Train - Loss (one batch): 0.00604
Val - Loss, MSE, RMSE, MAE, MAPE: 0.00541, 0.00541, 0.07356, 0.04030, 87.34%
Test - Best epoch, Loss, MSE, RMSE, MAE, MAPE: 18, 0.00652, 0.00652, 0.08075, 0.03912, 53.28%
Time spent: 10.13s
- Epoch 026, ExpID 3266
Train - Loss (one batch): 0.00421
Val - Loss, MSE, RMSE, MAE, MAPE: 0.00524, 0.00524, 0.07241, 0.03973, 150.74%
Test - Best epoch, Loss, MSE, RMSE, MAE, MAPE: 18, 0.00652, 0.00652, 0.08075, 0.03912, 53.28%
Time spent: 10.13s
- Epoch 027, ExpID 3266
Train - Loss (one batch): 0.01559
Val - Loss, MSE, RMSE, MAE, MAPE: 0.00500, 0.00500, 0.07074, 0.03792, 104.24%
Test - Best epoch, Loss, MSE, RMSE, MAE, MAPE: 27, 0.00643, 0.00643, 0.08016, 0.03808, 87.50%
Time spent: 11.47s
- Epoch 028, ExpID 3266
Train - Loss (one batch): 0.00900
Val - Loss, MSE, RMSE, MAE, MAPE: 0.00517, 0.00517, 0.07190, 0.03851, 87.99%
Test - Best epoch, Loss, MSE, RMSE, MAE, MAPE: 27, 0.00643, 0.00643, 0.08016, 0.03808, 87.50%
Time spent: 10.13s
- Epoch 029, ExpID 3266
Train - Loss (one batch): 0.00314
Val - Loss, MSE, RMSE, MAE, MAPE: 0.00525, 0.00525, 0.07246, 0.03965, 88.88%
Test - Best epoch, Loss, MSE, RMSE, MAE, MAPE: 27, 0.00643, 0.00643, 0.08016, 0.03808, 87.50%
Time spent: 10.13s
- Epoch 030, ExpID 3266
Train - Loss (one batch): 0.00527
Val - Loss, MSE, RMSE, MAE, MAPE: 0.00522, 0.00522, 0.07224, 0.03871, 92.85%
Test - Best epoch, Loss, MSE, RMSE, MAE, MAPE: 27, 0.00643, 0.00643, 0.08016, 0.03808, 87.50%
Time spent: 10.13s
- Epoch 031, ExpID 3266
Train - Loss (one batch): 0.00516
Val - Loss, MSE, RMSE, MAE, MAPE: 0.00501, 0.00501, 0.07079, 0.03771, 87.03%
Test - Best epoch, Loss, MSE, RMSE, MAE, MAPE: 27, 0.00643, 0.00643, 0.08016, 0.03808, 87.50%
Time spent: 10.14s
- Epoch 032, ExpID 3266
Train - Loss (one batch): 0.00529
Val - Loss, MSE, RMSE, MAE, MAPE: 0.00531, 0.00531, 0.07287, 0.04024, 99.41%
Test - Best epoch, Loss, MSE, RMSE, MAE, MAPE: 27, 0.00643, 0.00643, 0.08016, 0.03808, 87.50%
Time spent: 10.14s
- Epoch 033, ExpID 3266
Train - Loss (one batch): 0.00390
Val - Loss, MSE, RMSE, MAE, MAPE: 0.00527, 0.00527, 0.07258, 0.03884, 104.32%
Test - Best epoch, Loss, MSE, RMSE, MAE, MAPE: 27, 0.00643, 0.00643, 0.08016, 0.03808, 87.50%
Time spent: 10.14s
- Epoch 034, ExpID 3266
Train - Loss (one batch): 0.00425
Val - Loss, MSE, RMSE, MAE, MAPE: 0.00520, 0.00520, 0.07208, 0.03783, 82.02%
Test - Best epoch, Loss, MSE, RMSE, MAE, MAPE: 27, 0.00643, 0.00643, 0.08016, 0.03808, 87.50%
Time spent: 10.14s
- Epoch 035, ExpID 3266
Train - Loss (one batch): 0.00462
Val - Loss, MSE, RMSE, MAE, MAPE: 0.00514, 0.00514, 0.07170, 0.03802, 75.73%
Test - Best epoch, Loss, MSE, RMSE, MAE, MAPE: 27, 0.00643, 0.00643, 0.08016, 0.03808, 87.50%
Time spent: 10.14s
- Epoch 036, ExpID 3266
Train - Loss (one batch): 0.00490
Val - Loss, MSE, RMSE, MAE, MAPE: 0.00516, 0.00516, 0.07184, 0.03747, 57.48%
Test - Best epoch, Loss, MSE, RMSE, MAE, MAPE: 27, 0.00643, 0.00643, 0.08016, 0.03808, 87.50%
Time spent: 10.14s
- Epoch 037, ExpID 3266
Train - Loss (one batch): 0.00425
Val - Loss, MSE, RMSE, MAE, MAPE: 0.00517, 0.00517, 0.07193, 0.03882, 104.04%
Test - Best epoch, Loss, MSE, RMSE, MAE, MAPE: 27, 0.00643, 0.00643, 0.08016, 0.03808, 87.50%
Time spent: 10.14s
- Epoch 038, ExpID 3266
Train - Loss (one batch): 0.00369
Val - Loss, MSE, RMSE, MAE, MAPE: 0.00531, 0.00531, 0.07289, 0.03965, 69.02%
Test - Best epoch, Loss, MSE, RMSE, MAE, MAPE: 27, 0.00643, 0.00643, 0.08016, 0.03808, 87.50%
Time spent: 10.14s
- Epoch 039, ExpID 3266
Train - Loss (one batch): 0.00438
Val - Loss, MSE, RMSE, MAE, MAPE: 0.00559, 0.00559, 0.07478, 0.03990, 111.45%
Test - Best epoch, Loss, MSE, RMSE, MAE, MAPE: 27, 0.00643, 0.00643, 0.08016, 0.03808, 87.50%
Time spent: 10.14s
- Epoch 040, ExpID 3266
Train - Loss (one batch): 0.00353
Val - Loss, MSE, RMSE, MAE, MAPE: 0.00519, 0.00519, 0.07204, 0.03869, 80.30%
Test - Best epoch, Loss, MSE, RMSE, MAE, MAPE: 27, 0.00643, 0.00643, 0.08016, 0.03808, 87.50%
Time spent: 10.14s
- Epoch 041, ExpID 3266
Train - Loss (one batch): 0.00448
Val - Loss, MSE, RMSE, MAE, MAPE: 0.00527, 0.00527, 0.07258, 0.03896, 58.52%
Test - Best epoch, Loss, MSE, RMSE, MAE, MAPE: 27, 0.00643, 0.00643, 0.08016, 0.03808, 87.50%
Time spent: 10.14s
- Epoch 042, ExpID 3266
Train - Loss (one batch): 0.00376
Val - Loss, MSE, RMSE, MAE, MAPE: 0.00578, 0.00578, 0.07605, 0.04179, 94.70%
Test - Best epoch, Loss, MSE, RMSE, MAE, MAPE: 27, 0.00643, 0.00643, 0.08016, 0.03808, 87.50%
Time spent: 10.14s
- Epoch 043, ExpID 3266
Train - Loss (one batch): 0.00464
Val - Loss, MSE, RMSE, MAE, MAPE: 0.00517, 0.00517, 0.07190, 0.03873, 95.49%
Test - Best epoch, Loss, MSE, RMSE, MAE, MAPE: 27, 0.00643, 0.00643, 0.08016, 0.03808, 87.50%
Time spent: 10.14s
- Epoch 044, ExpID 3266
Train - Loss (one batch): 0.00329
Val - Loss, MSE, RMSE, MAE, MAPE: 0.00515, 0.00515, 0.07179, 0.03782, 90.23%
Test - Best epoch, Loss, MSE, RMSE, MAE, MAPE: 27, 0.00643, 0.00643, 0.08016, 0.03808, 87.50%
Time spent: 10.14s
- Epoch 045, ExpID 3266
Train - Loss (one batch): 0.00368
Val - Loss, MSE, RMSE, MAE, MAPE: 0.00520, 0.00520, 0.07211, 0.03869, 70.69%
Test - Best epoch, Loss, MSE, RMSE, MAE, MAPE: 27, 0.00643, 0.00643, 0.08016, 0.03808, 87.50%
Time spent: 10.14s
- Epoch 046, ExpID 3266
Train - Loss (one batch): 0.00707
Val - Loss, MSE, RMSE, MAE, MAPE: 0.00594, 0.00594, 0.07708, 0.04258, 101.00%
Test - Best epoch, Loss, MSE, RMSE, MAE, MAPE: 27, 0.00643, 0.00643, 0.08016, 0.03808, 87.50%
Time spent: 10.14s
- Epoch 047, ExpID 3266
Train - Loss (one batch): 0.00328
Val - Loss, MSE, RMSE, MAE, MAPE: 0.00512, 0.00512, 0.07155, 0.03829, 49.75%
Test - Best epoch, Loss, MSE, RMSE, MAE, MAPE: 27, 0.00643, 0.00643, 0.08016, 0.03808, 87.50%
Time spent: 10.14s
- Epoch 048, ExpID 3266
Train - Loss (one batch): 0.00390
Val - Loss, MSE, RMSE, MAE, MAPE: 0.00504, 0.00504, 0.07097, 0.03749, 79.42%
Test - Best epoch, Loss, MSE, RMSE, MAE, MAPE: 27, 0.00643, 0.00643, 0.08016, 0.03808, 87.50%
Time spent: 10.14s
- Epoch 049, ExpID 3266
Train - Loss (one batch): 0.00269
Val - Loss, MSE, RMSE, MAE, MAPE: 0.00547, 0.00547, 0.07395, 0.04115, 63.41%
Test - Best epoch, Loss, MSE, RMSE, MAE, MAPE: 27, 0.00643, 0.00643, 0.08016, 0.03808, 87.50%
Time spent: 10.14s
- Epoch 050, ExpID 3266
Train - Loss (one batch): 0.00525
Val - Loss, MSE, RMSE, MAE, MAPE: 0.00522, 0.00522, 0.07222, 0.03790, 55.66%
Test - Best epoch, Loss, MSE, RMSE, MAE, MAPE: 27, 0.00643, 0.00643, 0.08016, 0.03808, 87.50%
Time spent: 10.14s
- Epoch 051, ExpID 3266
Train - Loss (one batch): 0.00874
Val - Loss, MSE, RMSE, MAE, MAPE: 0.00560, 0.00560, 0.07485, 0.04282, 99.33%
Test - Best epoch, Loss, MSE, RMSE, MAE, MAPE: 27, 0.00643, 0.00643, 0.08016, 0.03808, 87.50%
Time spent: 10.14s
- Epoch 052, ExpID 3266
Train - Loss (one batch): 0.00410
Val - Loss, MSE, RMSE, MAE, MAPE: 0.00530, 0.00530, 0.07278, 0.04015, 109.95%
Test - Best epoch, Loss, MSE, RMSE, MAE, MAPE: 27, 0.00643, 0.00643, 0.08016, 0.03808, 87.50%
Time spent: 10.14s
/home/ouass/Test/MSP-IMTS/tPatchGNN/run_models.py
2026-03-09 00:42:04
run_models.py --dataset physionet --history 24 --quantization 1.0 --hid_dim 64 --te_dim 10 --node_dim 10 --nlayer 1 --tf_layer 1 --nhead 1 --batch_size 32 --lr 1e-3 --patience 25 --epoch 600 --seed 4 --gpu 0 --metric per_dim --multi_scales 2,4,8 --multi_strides 2,4,8 --fusion attn
Namespace(multi_scales='2,4,8', multi_strides='2,4,8', fusion='attn', state='def', n=100000000, hop=1, nhead=1, tf_layer=1, nlayer=1, epoch=600, patience=25, history=24, patch_size=24, stride=24, logmode='a', lr=0.001, w_decay=0.0, batch_size=32, save='experiments/', load=None, seed=4, dataset='physionet', quantization=1.0, model='tPatchGNN', outlayer='Linear', hid_dim=64, te_dim=10, node_dim=10, gpu='0', metric='per_dim', npatch=1, device=device(type='cuda'), PID=1962926, ndim=41)
- Epoch 000, ExpID 28236
Train - Loss (one batch): 0.01270
Val - Loss, MSE, RMSE, MAE, MAPE: 0.00791, 0.00791, 0.08894, 0.05563, 195.57%
Test - Best epoch, Loss, MSE, RMSE, MAE, MAPE: 0, 0.00924, 0.00924, 0.09611, 0.05539, 176.42%
Time spent: 11.47s
- Epoch 001, ExpID 28236
Train - Loss (one batch): 0.00598
Val - Loss, MSE, RMSE, MAE, MAPE: 0.00650, 0.00650, 0.08063, 0.04820, 147.31%
Test - Best epoch, Loss, MSE, RMSE, MAE, MAPE: 1, 0.00797, 0.00797, 0.08925, 0.04811, 132.63%
Time spent: 11.41s
- Epoch 002, ExpID 28236
Train - Loss (one batch): 0.00611
Val - Loss, MSE, RMSE, MAE, MAPE: 0.00636, 0.00636, 0.07978, 0.04812, 201.50%
Test - Best epoch, Loss, MSE, RMSE, MAE, MAPE: 2, 0.00771, 0.00771, 0.08781, 0.04750, 182.27%
Time spent: 11.42s
- Epoch 003, ExpID 28236
Train - Loss (one batch): 0.00581
Val - Loss, MSE, RMSE, MAE, MAPE: 0.00679, 0.00679, 0.08243, 0.04938, 80.84%
Test - Best epoch, Loss, MSE, RMSE, MAE, MAPE: 2, 0.00771, 0.00771, 0.08781, 0.04750, 182.27%
Time spent: 10.10s
- Epoch 004, ExpID 28236
Train - Loss (one batch): 0.00395
Val - Loss, MSE, RMSE, MAE, MAPE: 0.00772, 0.00772, 0.08785, 0.05436, 85.91%
Test - Best epoch, Loss, MSE, RMSE, MAE, MAPE: 2, 0.00771, 0.00771, 0.08781, 0.04750, 182.27%
Time spent: 10.10s
- Epoch 005, ExpID 28236
Train - Loss (one batch): 0.01366
Val - Loss, MSE, RMSE, MAE, MAPE: 0.00656, 0.00656, 0.08097, 0.05047, 226.94%
Test - Best epoch, Loss, MSE, RMSE, MAE, MAPE: 2, 0.00771, 0.00771, 0.08781, 0.04750, 182.27%
Time spent: 10.09s
- Epoch 006, ExpID 28236
Train - Loss (one batch): 0.00599
Val - Loss, MSE, RMSE, MAE, MAPE: 0.00749, 0.00749, 0.08654, 0.05280, 265.17%
Test - Best epoch, Loss, MSE, RMSE, MAE, MAPE: 2, 0.00771, 0.00771, 0.08781, 0.04750, 182.27%
Time spent: 10.09s
- Epoch 007, ExpID 28236
Train - Loss (one batch): 0.00470
Val - Loss, MSE, RMSE, MAE, MAPE: 0.00602, 0.00602, 0.07761, 0.04476, 76.69%
Test - Best epoch, Loss, MSE, RMSE, MAE, MAPE: 7, 0.00759, 0.00759, 0.08714, 0.04561, 68.13%
Time spent: 11.42s
- Epoch 008, ExpID 28236
Train - Loss (one batch): 0.00376
Val - Loss, MSE, RMSE, MAE, MAPE: 0.00614, 0.00614, 0.07834, 0.04520, 111.55%
Test - Best epoch, Loss, MSE, RMSE, MAE, MAPE: 7, 0.00759, 0.00759, 0.08714, 0.04561, 68.13%
Time spent: 10.10s
- Epoch 009, ExpID 28236
Train - Loss (one batch): 0.00510
Val - Loss, MSE, RMSE, MAE, MAPE: 0.00637, 0.00637, 0.07980, 0.04744, 134.50%
Test - Best epoch, Loss, MSE, RMSE, MAE, MAPE: 7, 0.00759, 0.00759, 0.08714, 0.04561, 68.13%
Time spent: 10.10s
- Epoch 010, ExpID 28236
Train - Loss (one batch): 0.00936
Val - Loss, MSE, RMSE, MAE, MAPE: 0.00815, 0.00815, 0.09030, 0.05636, 112.68%
Test - Best epoch, Loss, MSE, RMSE, MAE, MAPE: 7, 0.00759, 0.00759, 0.08714, 0.04561, 68.13%
Time spent: 10.10s
- Epoch 011, ExpID 28236
Train - Loss (one batch): 0.00576
Val - Loss, MSE, RMSE, MAE, MAPE: 0.00680, 0.00680, 0.08246, 0.04852, 88.28%
Test - Best epoch, Loss, MSE, RMSE, MAE, MAPE: 7, 0.00759, 0.00759, 0.08714, 0.04561, 68.13%
Time spent: 10.10s
- Epoch 012, ExpID 28236
Train - Loss (one batch): 0.00437
Val - Loss, MSE, RMSE, MAE, MAPE: 0.00563, 0.00563, 0.07504, 0.04493, 203.06%
Test - Best epoch, Loss, MSE, RMSE, MAE, MAPE: 12, 0.00715, 0.00715, 0.08456, 0.04521, 188.69%
Time spent: 11.42s
- Epoch 013, ExpID 28236
Train - Loss (one batch): 0.00482
Val - Loss, MSE, RMSE, MAE, MAPE: 0.00575, 0.00575, 0.07582, 0.04420, 162.94%
Test - Best epoch, Loss, MSE, RMSE, MAE, MAPE: 12, 0.00715, 0.00715, 0.08456, 0.04521, 188.69%
Time spent: 10.10s
- Epoch 014, ExpID 28236
Train - Loss (one batch): 0.00383
Val - Loss, MSE, RMSE, MAE, MAPE: 0.00739, 0.00739, 0.08599, 0.05026, 258.75%
Test - Best epoch, Loss, MSE, RMSE, MAE, MAPE: 12, 0.00715, 0.00715, 0.08456, 0.04521, 188.69%
Time spent: 10.10s
- Epoch 015, ExpID 28236
Train - Loss (one batch): 0.00599
Val - Loss, MSE, RMSE, MAE, MAPE: 0.00682, 0.00682, 0.08256, 0.04961, 99.35%
Test - Best epoch, Loss, MSE, RMSE, MAE, MAPE: 12, 0.00715, 0.00715, 0.08456, 0.04521, 188.69%
Time spent: 10.10s
- Epoch 016, ExpID 28236
Train - Loss (one batch): 0.00463
Val - Loss, MSE, RMSE, MAE, MAPE: 0.00563, 0.00563, 0.07502, 0.04266, 89.95%
Test - Best epoch, Loss, MSE, RMSE, MAE, MAPE: 16, 0.00700, 0.00700, 0.08368, 0.04297, 80.74%
Time spent: 11.42s
- Epoch 017, ExpID 28236
Train - Loss (one batch): 0.00407
Val - Loss, MSE, RMSE, MAE, MAPE: 0.00602, 0.00602, 0.07760, 0.04553, 74.37%
Test - Best epoch, Loss, MSE, RMSE, MAE, MAPE: 16, 0.00700, 0.00700, 0.08368, 0.04297, 80.74%
Time spent: 10.10s
- Epoch 018, ExpID 28236
Train - Loss (one batch): 0.00393
Val - Loss, MSE, RMSE, MAE, MAPE: 0.00585, 0.00585, 0.07647, 0.04374, 110.66%
Test - Best epoch, Loss, MSE, RMSE, MAE, MAPE: 16, 0.00700, 0.00700, 0.08368, 0.04297, 80.74%
Time spent: 10.10s
- Epoch 019, ExpID 28236
Train - Loss (one batch): 0.00479
Val - Loss, MSE, RMSE, MAE, MAPE: 0.00719, 0.00719, 0.08477, 0.05046, 185.92%
Test - Best epoch, Loss, MSE, RMSE, MAE, MAPE: 16, 0.00700, 0.00700, 0.08368, 0.04297, 80.74%
Time spent: 10.09s
- Epoch 020, ExpID 28236
Train - Loss (one batch): 0.00541
Val - Loss, MSE, RMSE, MAE, MAPE: 0.00541, 0.00541, 0.07353, 0.04149, 107.75%
Test - Best epoch, Loss, MSE, RMSE, MAE, MAPE: 20, 0.00679, 0.00679, 0.08241, 0.04150, 95.35%
Time spent: 11.42s
- Epoch 021, ExpID 28236
Train - Loss (one batch): 0.00512
Val - Loss, MSE, RMSE, MAE, MAPE: 0.00572, 0.00572, 0.07563, 0.04589, 255.83%
Test - Best epoch, Loss, MSE, RMSE, MAE, MAPE: 20, 0.00679, 0.00679, 0.08241, 0.04150, 95.35%
Time spent: 10.09s
- Epoch 022, ExpID 28236
Train - Loss (one batch): 0.00345
Val - Loss, MSE, RMSE, MAE, MAPE: 0.00570, 0.00570, 0.07547, 0.04303, 94.89%
Test - Best epoch, Loss, MSE, RMSE, MAE, MAPE: 20, 0.00679, 0.00679, 0.08241, 0.04150, 95.35%
Time spent: 10.09s
- Epoch 023, ExpID 28236
Train - Loss (one batch): 0.00955
Val - Loss, MSE, RMSE, MAE, MAPE: 0.00594, 0.00594, 0.07706, 0.04451, 100.12%
Test - Best epoch, Loss, MSE, RMSE, MAE, MAPE: 20, 0.00679, 0.00679, 0.08241, 0.04150, 95.35%
Time spent: 10.10s
- Epoch 024, ExpID 28236
Train - Loss (one batch): 0.00471
Val - Loss, MSE, RMSE, MAE, MAPE: 0.00559, 0.00559, 0.07478, 0.04185, 135.86%
Test - Best epoch, Loss, MSE, RMSE, MAE, MAPE: 20, 0.00679, 0.00679, 0.08241, 0.04150, 95.35%
Time spent: 10.10s
- Epoch 025, ExpID 28236
Train - Loss (one batch): 0.00375
Val - Loss, MSE, RMSE, MAE, MAPE: 0.00528, 0.00528, 0.07269, 0.04103, 113.17%
Test - Best epoch, Loss, MSE, RMSE, MAE, MAPE: 25, 0.00674, 0.00674, 0.08211, 0.04139, 100.39%
Time spent: 11.42s
- Epoch 026, ExpID 28236
Train - Loss (one batch): 0.00332
Val - Loss, MSE, RMSE, MAE, MAPE: 0.00544, 0.00544, 0.07376, 0.04095, 131.53%
Test - Best epoch, Loss, MSE, RMSE, MAE, MAPE: 25, 0.00674, 0.00674, 0.08211, 0.04139, 100.39%
Time spent: 10.10s
- Epoch 027, ExpID 28236
Train - Loss (one batch): 0.00433
Val - Loss, MSE, RMSE, MAE, MAPE: 0.00610, 0.00610, 0.07809, 0.04708, 186.06%
Test - Best epoch, Loss, MSE, RMSE, MAE, MAPE: 25, 0.00674, 0.00674, 0.08211, 0.04139, 100.39%
Time spent: 10.10s
- Epoch 028, ExpID 28236
Train - Loss (one batch): 0.00643
Val - Loss, MSE, RMSE, MAE, MAPE: 0.00615, 0.00615, 0.07842, 0.04542, 71.56%
Test - Best epoch, Loss, MSE, RMSE, MAE, MAPE: 25, 0.00674, 0.00674, 0.08211, 0.04139, 100.39%
Time spent: 10.10s
- Epoch 029, ExpID 28236
Train - Loss (one batch): 0.00528
Val - Loss, MSE, RMSE, MAE, MAPE: 0.00531, 0.00531, 0.07285, 0.04065, 112.11%
Test - Best epoch, Loss, MSE, RMSE, MAE, MAPE: 25, 0.00674, 0.00674, 0.08211, 0.04139, 100.39%
Time spent: 10.10s
- Epoch 030, ExpID 28236
Train - Loss (one batch): 0.00523
Val - Loss, MSE, RMSE, MAE, MAPE: 0.00557, 0.00557, 0.07461, 0.04209, 120.70%
Test - Best epoch, Loss, MSE, RMSE, MAE, MAPE: 25, 0.00674, 0.00674, 0.08211, 0.04139, 100.39%
Time spent: 10.10s
- Epoch 031, ExpID 28236
Train - Loss (one batch): 0.00446
Val - Loss, MSE, RMSE, MAE, MAPE: 0.00570, 0.00570, 0.07552, 0.04190, 96.71%
Test - Best epoch, Loss, MSE, RMSE, MAE, MAPE: 25, 0.00674, 0.00674, 0.08211, 0.04139, 100.39%
Time spent: 10.10s
- Epoch 032, ExpID 28236
Train - Loss (one batch): 0.00395
Val - Loss, MSE, RMSE, MAE, MAPE: 0.00542, 0.00542, 0.07359, 0.04204, 127.20%
Test - Best epoch, Loss, MSE, RMSE, MAE, MAPE: 25, 0.00674, 0.00674, 0.08211, 0.04139, 100.39%
Time spent: 10.10s
- Epoch 033, ExpID 28236
Train - Loss (one batch): 0.00323
Val - Loss, MSE, RMSE, MAE, MAPE: 0.00581, 0.00581, 0.07623, 0.04440, 181.00%
Test - Best epoch, Loss, MSE, RMSE, MAE, MAPE: 25, 0.00674, 0.00674, 0.08211, 0.04139, 100.39%
Time spent: 10.10s
- Epoch 034, ExpID 28236
Train - Loss (one batch): 0.00421
Val - Loss, MSE, RMSE, MAE, MAPE: 0.00544, 0.00544, 0.07379, 0.04319, 141.67%
Test - Best epoch, Loss, MSE, RMSE, MAE, MAPE: 25, 0.00674, 0.00674, 0.08211, 0.04139, 100.39%
Time spent: 10.10s
- Epoch 035, ExpID 28236
Train - Loss (one batch): 0.00483
Val - Loss, MSE, RMSE, MAE, MAPE: 0.00617, 0.00617, 0.07853, 0.04759, 182.22%
Test - Best epoch, Loss, MSE, RMSE, MAE, MAPE: 25, 0.00674, 0.00674, 0.08211, 0.04139, 100.39%
Time spent: 10.10s
- Epoch 036, ExpID 28236
Train - Loss (one batch): 0.00394
Val - Loss, MSE, RMSE, MAE, MAPE: 0.00572, 0.00572, 0.07564, 0.04290, 121.59%
Test - Best epoch, Loss, MSE, RMSE, MAE, MAPE: 25, 0.00674, 0.00674, 0.08211, 0.04139, 100.39%
Time spent: 10.10s
- Epoch 037, ExpID 28236
Train - Loss (one batch): 0.00323
Val - Loss, MSE, RMSE, MAE, MAPE: 0.00517, 0.00517, 0.07194, 0.03883, 82.17%
Test - Best epoch, Loss, MSE, RMSE, MAE, MAPE: 37, 0.00657, 0.00657, 0.08107, 0.03938, 72.57%
Time spent: 11.42s
- Epoch 038, ExpID 28236
Train - Loss (one batch): 0.00481
Val - Loss, MSE, RMSE, MAE, MAPE: 0.00538, 0.00538, 0.07335, 0.03975, 90.55%
Test - Best epoch, Loss, MSE, RMSE, MAE, MAPE: 37, 0.00657, 0.00657, 0.08107, 0.03938, 72.57%
Time spent: 10.09s
- Epoch 039, ExpID 28236
Train - Loss (one batch): 0.00555
Val - Loss, MSE, RMSE, MAE, MAPE: 0.00553, 0.00553, 0.07436, 0.04211, 88.47%
Test - Best epoch, Loss, MSE, RMSE, MAE, MAPE: 37, 0.00657, 0.00657, 0.08107, 0.03938, 72.57%
Time spent: 10.09s
- Epoch 040, ExpID 28236
Train - Loss (one batch): 0.00399
Val - Loss, MSE, RMSE, MAE, MAPE: 0.00576, 0.00576, 0.07588, 0.04262, 139.96%
Test - Best epoch, Loss, MSE, RMSE, MAE, MAPE: 37, 0.00657, 0.00657, 0.08107, 0.03938, 72.57%
Time spent: 10.09s
- Epoch 041, ExpID 28236
Train - Loss (one batch): 0.00472
Val - Loss, MSE, RMSE, MAE, MAPE: 0.00543, 0.00543, 0.07367, 0.04084, 113.01%
Test - Best epoch, Loss, MSE, RMSE, MAE, MAPE: 37, 0.00657, 0.00657, 0.08107, 0.03938, 72.57%
Time spent: 10.09s
- Epoch 042, ExpID 28236
Train - Loss (one batch): 0.00478
Val - Loss, MSE, RMSE, MAE, MAPE: 0.00566, 0.00566, 0.07521, 0.04499, 157.80%
Test - Best epoch, Loss, MSE, RMSE, MAE, MAPE: 37, 0.00657, 0.00657, 0.08107, 0.03938, 72.57%
Time spent: 10.09s
- Epoch 043, ExpID 28236
Train - Loss (one batch): 0.00873
Val - Loss, MSE, RMSE, MAE, MAPE: 0.00528, 0.00528, 0.07269, 0.03979, 81.34%
Test - Best epoch, Loss, MSE, RMSE, MAE, MAPE: 37, 0.00657, 0.00657, 0.08107, 0.03938, 72.57%
Time spent: 10.09s
- Epoch 044, ExpID 28236
Train - Loss (one batch): 0.00530
Val - Loss, MSE, RMSE, MAE, MAPE: 0.00524, 0.00524, 0.07236, 0.04074, 113.85%
Test - Best epoch, Loss, MSE, RMSE, MAE, MAPE: 37, 0.00657, 0.00657, 0.08107, 0.03938, 72.57%
Time spent: 10.09s
- Epoch 045, ExpID 28236
Train - Loss (one batch): 0.00373
Val - Loss, MSE, RMSE, MAE, MAPE: 0.00527, 0.00527, 0.07257, 0.03976, 88.66%
Test - Best epoch, Loss, MSE, RMSE, MAE, MAPE: 37, 0.00657, 0.00657, 0.08107, 0.03938, 72.57%
Time spent: 10.09s
- Epoch 046, ExpID 28236
Train - Loss (one batch): 0.00391
Val - Loss, MSE, RMSE, MAE, MAPE: 0.00523, 0.00523, 0.07230, 0.03926, 89.66%
Test - Best epoch, Loss, MSE, RMSE, MAE, MAPE: 37, 0.00657, 0.00657, 0.08107, 0.03938, 72.57%
Time spent: 10.09s
- Epoch 047, ExpID 28236
Train - Loss (one batch): 0.00420
Val - Loss, MSE, RMSE, MAE, MAPE: 0.00553, 0.00553, 0.07434, 0.04184, 117.03%
Test - Best epoch, Loss, MSE, RMSE, MAE, MAPE: 37, 0.00657, 0.00657, 0.08107, 0.03938, 72.57%
Time spent: 10.09s
- Epoch 048, ExpID 28236
Train - Loss (one batch): 0.00391
Val - Loss, MSE, RMSE, MAE, MAPE: 0.00556, 0.00556, 0.07458, 0.04086, 60.44%
Test - Best epoch, Loss, MSE, RMSE, MAE, MAPE: 37, 0.00657, 0.00657, 0.08107, 0.03938, 72.57%
Time spent: 10.09s
- Epoch 049, ExpID 28236
Train - Loss (one batch): 0.00476
Val - Loss, MSE, RMSE, MAE, MAPE: 0.00540, 0.00540, 0.07347, 0.04098, 56.21%
Test - Best epoch, Loss, MSE, RMSE, MAE, MAPE: 37, 0.00657, 0.00657, 0.08107, 0.03938, 72.57%
Time spent: 10.09s
- Epoch 050, ExpID 28236
Train - Loss (one batch): 0.00431
Val - Loss, MSE, RMSE, MAE, MAPE: 0.00523, 0.00523, 0.07231, 0.03935, 84.88%
Test - Best epoch, Loss, MSE, RMSE, MAE, MAPE: 37, 0.00657, 0.00657, 0.08107, 0.03938, 72.57%
Time spent: 10.09s
- Epoch 051, ExpID 28236
Train - Loss (one batch): 0.00319
Val - Loss, MSE, RMSE, MAE, MAPE: 0.00509, 0.00509, 0.07137, 0.03796, 61.34%
Test - Best epoch, Loss, MSE, RMSE, MAE, MAPE: 51, 0.00675, 0.00675, 0.08213, 0.03871, 55.56%
Time spent: 11.42s
- Epoch 052, ExpID 28236
Train - Loss (one batch): 0.00492
Val - Loss, MSE, RMSE, MAE, MAPE: 0.00519, 0.00519, 0.07201, 0.03891, 85.95%
Test - Best epoch, Loss, MSE, RMSE, MAE, MAPE: 51, 0.00675, 0.00675, 0.08213, 0.03871, 55.56%
Time spent: 10.09s
- Epoch 053, ExpID 28236
Train - Loss (one batch): 0.00420
Val - Loss, MSE, RMSE, MAE, MAPE: 0.00548, 0.00548, 0.07405, 0.04158, 144.09%
Test - Best epoch, Loss, MSE, RMSE, MAE, MAPE: 51, 0.00675, 0.00675, 0.08213, 0.03871, 55.56%
Time spent: 10.09s
- Epoch 054, ExpID 28236
Train - Loss (one batch): 0.00643
Val - Loss, MSE, RMSE, MAE, MAPE: 0.00567, 0.00567, 0.07533, 0.04192, 95.15%
Test - Best epoch, Loss, MSE, RMSE, MAE, MAPE: 51, 0.00675, 0.00675, 0.08213, 0.03871, 55.56%
Time spent: 10.09s
- Epoch 055, ExpID 28236
Train - Loss (one batch): 0.00379
Val - Loss, MSE, RMSE, MAE, MAPE: 0.00555, 0.00555, 0.07449, 0.04318, 133.81%
Test - Best epoch, Loss, MSE, RMSE, MAE, MAPE: 51, 0.00675, 0.00675, 0.08213, 0.03871, 55.56%
Time spent: 10.09s
- Epoch 056, ExpID 28236
Train - Loss (one batch): 0.00485
Val - Loss, MSE, RMSE, MAE, MAPE: 0.00545, 0.00545, 0.07382, 0.04149, 117.22%
Test - Best epoch, Loss, MSE, RMSE, MAE, MAPE: 51, 0.00675, 0.00675, 0.08213, 0.03871, 55.56%
Time spent: 10.09s
- Epoch 057, ExpID 28236
Train - Loss (one batch): 0.00450
Val - Loss, MSE, RMSE, MAE, MAPE: 0.00557, 0.00557, 0.07467, 0.04348, 153.70%
Test - Best epoch, Loss, MSE, RMSE, MAE, MAPE: 51, 0.00675, 0.00675, 0.08213, 0.03871, 55.56%
Time spent: 10.09s
- Epoch 058, ExpID 28236
Train - Loss (one batch): 0.00437
Val - Loss, MSE, RMSE, MAE, MAPE: 0.00578, 0.00578, 0.07605, 0.04338, 124.61%
Test - Best epoch, Loss, MSE, RMSE, MAE, MAPE: 51, 0.00675, 0.00675, 0.08213, 0.03871, 55.56%
Time spent: 10.09s
- Epoch 059, ExpID 28236
Train - Loss (one batch): 0.00390
Val - Loss, MSE, RMSE, MAE, MAPE: 0.00564, 0.00564, 0.07512, 0.04283, 110.69%
Test - Best epoch, Loss, MSE, RMSE, MAE, MAPE: 51, 0.00675, 0.00675, 0.08213, 0.03871, 55.56%
Time spent: 10.09s
- Epoch 060, ExpID 28236
Train - Loss (one batch): 0.00568
Val - Loss, MSE, RMSE, MAE, MAPE: 0.00546, 0.00546, 0.07390, 0.04286, 123.77%
Test - Best epoch, Loss, MSE, RMSE, MAE, MAPE: 51, 0.00675, 0.00675, 0.08213, 0.03871, 55.56%
Time spent: 10.09s
- Epoch 061, ExpID 28236
Train - Loss (one batch): 0.00598
Val - Loss, MSE, RMSE, MAE, MAPE: 0.00557, 0.00557, 0.07461, 0.04049, 91.91%
Test - Best epoch, Loss, MSE, RMSE, MAE, MAPE: 51, 0.00675, 0.00675, 0.08213, 0.03871, 55.56%
Time spent: 10.09s
- Epoch 062, ExpID 28236
Train - Loss (one batch): 0.00549
Val - Loss, MSE, RMSE, MAE, MAPE: 0.00565, 0.00565, 0.07516, 0.04338, 136.44%
Test - Best epoch, Loss, MSE, RMSE, MAE, MAPE: 51, 0.00675, 0.00675, 0.08213, 0.03871, 55.56%
Time spent: 10.09s
- Epoch 063, ExpID 28236
Train - Loss (one batch): 0.00319
Val - Loss, MSE, RMSE, MAE, MAPE: 0.00543, 0.00543, 0.07372, 0.04239, 144.18%
Test - Best epoch, Loss, MSE, RMSE, MAE, MAPE: 51, 0.00675, 0.00675, 0.08213, 0.03871, 55.56%
Time spent: 10.09s
- Epoch 064, ExpID 28236
Train - Loss (one batch): 0.00324
Val - Loss, MSE, RMSE, MAE, MAPE: 0.00535, 0.00535, 0.07316, 0.03887, 81.45%
Test - Best epoch, Loss, MSE, RMSE, MAE, MAPE: 51, 0.00675, 0.00675, 0.08213, 0.03871, 55.56%
Time spent: 10.10s
- Epoch 065, ExpID 28236
Train - Loss (one batch): 0.00303
Val - Loss, MSE, RMSE, MAE, MAPE: 0.00548, 0.00548, 0.07403, 0.04000, 91.68%
Test - Best epoch, Loss, MSE, RMSE, MAE, MAPE: 51, 0.00675, 0.00675, 0.08213, 0.03871, 55.56%
Time spent: 10.10s
- Epoch 066, ExpID 28236
Train - Loss (one batch): 0.00544
Val - Loss, MSE, RMSE, MAE, MAPE: 0.00521, 0.00521, 0.07220, 0.04204, 169.21%
Test - Best epoch, Loss, MSE, RMSE, MAE, MAPE: 51, 0.00675, 0.00675, 0.08213, 0.03871, 55.56%
Time spent: 10.10s
- Epoch 067, ExpID 28236
Train - Loss (one batch): 0.00407
Val - Loss, MSE, RMSE, MAE, MAPE: 0.00602, 0.00602, 0.07759, 0.04217, 100.11%
Test - Best epoch, Loss, MSE, RMSE, MAE, MAPE: 51, 0.00675, 0.00675, 0.08213, 0.03871, 55.56%
Time spent: 10.09s
- Epoch 068, ExpID 28236
Train - Loss (one batch): 0.00397
Val - Loss, MSE, RMSE, MAE, MAPE: 0.00556, 0.00556, 0.07459, 0.04137, 80.87%
Test - Best epoch, Loss, MSE, RMSE, MAE, MAPE: 51, 0.00675, 0.00675, 0.08213, 0.03871, 55.56%
Time spent: 10.09s
- Epoch 069, ExpID 28236
Train - Loss (one batch): 0.00827
Val - Loss, MSE, RMSE, MAE, MAPE: 0.00525, 0.00525, 0.07245, 0.03983, 88.97%
Test - Best epoch, Loss, MSE, RMSE, MAE, MAPE: 51, 0.00675, 0.00675, 0.08213, 0.03871, 55.56%
Time spent: 10.09s
- Epoch 070, ExpID 28236
Train - Loss (one batch): 0.00602
Val - Loss, MSE, RMSE, MAE, MAPE: 0.00546, 0.00546, 0.07391, 0.04241, 196.82%
Test - Best epoch, Loss, MSE, RMSE, MAE, MAPE: 51, 0.00675, 0.00675, 0.08213, 0.03871, 55.56%
Time spent: 10.10s
- Epoch 071, ExpID 28236
Train - Loss (one batch): 0.00470
Val - Loss, MSE, RMSE, MAE, MAPE: 0.00518, 0.00518, 0.07198, 0.03943, 71.82%
Test - Best epoch, Loss, MSE, RMSE, MAE, MAPE: 51, 0.00675, 0.00675, 0.08213, 0.03871, 55.56%
Time spent: 10.10s
- Epoch 072, ExpID 28236
Train - Loss (one batch): 0.00488
Val - Loss, MSE, RMSE, MAE, MAPE: 0.00558, 0.00558, 0.07467, 0.04067, 107.68%
Test - Best epoch, Loss, MSE, RMSE, MAE, MAPE: 51, 0.00675, 0.00675, 0.08213, 0.03871, 55.56%
Time spent: 10.09s
- Epoch 073, ExpID 28236
Train - Loss (one batch): 0.00302
Val - Loss, MSE, RMSE, MAE, MAPE: 0.00539, 0.00539, 0.07344, 0.04089, 93.70%
Test - Best epoch, Loss, MSE, RMSE, MAE, MAPE: 51, 0.00675, 0.00675, 0.08213, 0.03871, 55.56%
Time spent: 10.10s
- Epoch 074, ExpID 28236
Train - Loss (one batch): 0.00362
Val - Loss, MSE, RMSE, MAE, MAPE: 0.00567, 0.00567, 0.07533, 0.04187, 87.86%
Test - Best epoch, Loss, MSE, RMSE, MAE, MAPE: 51, 0.00675, 0.00675, 0.08213, 0.03871, 55.56%
Time spent: 10.10s
- Epoch 075, ExpID 28236
Train - Loss (one batch): 0.00425
Val - Loss, MSE, RMSE, MAE, MAPE: 0.00533, 0.00533, 0.07303, 0.03894, 80.78%
Test - Best epoch, Loss, MSE, RMSE, MAE, MAPE: 51, 0.00675, 0.00675, 0.08213, 0.03871, 55.56%
Time spent: 10.10s
- Epoch 076, ExpID 28236
Train - Loss (one batch): 0.00485
Val - Loss, MSE, RMSE, MAE, MAPE: 0.00551, 0.00551, 0.07425, 0.03937, 92.51%
Test - Best epoch, Loss, MSE, RMSE, MAE, MAPE: 51, 0.00675, 0.00675, 0.08213, 0.03871, 55.56%
Time spent: 10.10s
/home/ouass/Test/MSP-IMTS/tPatchGNN/run_models.py
2026-03-09 00:55:39
run_models.py --dataset physionet --history 24 --quantization 1.0 --hid_dim 64 --te_dim 10 --node_dim 10 --nlayer 1 --tf_layer 1 --nhead 1 --batch_size 32 --lr 1e-3 --patience 25 --epoch 600 --seed 5 --gpu 0 --metric per_dim --multi_scales 2,4,8 --multi_strides 2,4,8 --fusion attn
Namespace(multi_scales='2,4,8', multi_strides='2,4,8', fusion='attn', state='def', n=100000000, hop=1, nhead=1, tf_layer=1, nlayer=1, epoch=600, patience=25, history=24, patch_size=24, stride=24, logmode='a', lr=0.001, w_decay=0.0, batch_size=32, save='experiments/', load=None, seed=5, dataset='physionet', quantization=1.0, model='tPatchGNN', outlayer='Linear', hid_dim=64, te_dim=10, node_dim=10, gpu='0', metric='per_dim', npatch=1, device=device(type='cuda'), PID=1963117, ndim=41)
- Epoch 000, ExpID 93591
Train - Loss (one batch): 0.00924
Val - Loss, MSE, RMSE, MAE, MAPE: 0.00942, 0.00942, 0.09706, 0.06436, 264.15%
Test - Best epoch, Loss, MSE, RMSE, MAE, MAPE: 0, 0.01125, 0.01125, 0.10606, 0.06604, 239.65%
Time spent: 11.45s
- Epoch 001, ExpID 93591
Train - Loss (one batch): 0.00790
Val - Loss, MSE, RMSE, MAE, MAPE: 0.00689, 0.00689, 0.08304, 0.04984, 165.45%
Test - Best epoch, Loss, MSE, RMSE, MAE, MAPE: 1, 0.00842, 0.00842, 0.09175, 0.05109, 154.50%
Time spent: 11.39s
- Epoch 002, ExpID 93591
Train - Loss (one batch): 0.00602
Val - Loss, MSE, RMSE, MAE, MAPE: 0.00615, 0.00615, 0.07842, 0.04477, 103.42%
Test - Best epoch, Loss, MSE, RMSE, MAE, MAPE: 2, 0.00764, 0.00764, 0.08743, 0.04522, 97.99%
Time spent: 11.39s
- Epoch 003, ExpID 93591
Train - Loss (one batch): 0.00527
Val - Loss, MSE, RMSE, MAE, MAPE: 0.00654, 0.00654, 0.08090, 0.04888, 158.65%
Test - Best epoch, Loss, MSE, RMSE, MAE, MAPE: 2, 0.00764, 0.00764, 0.08743, 0.04522, 97.99%
Time spent: 10.07s
- Epoch 004, ExpID 93591
Train - Loss (one batch): 0.00341
Val - Loss, MSE, RMSE, MAE, MAPE: 0.00569, 0.00569, 0.07543, 0.04229, 86.71%
Test - Best epoch, Loss, MSE, RMSE, MAE, MAPE: 4, 0.00725, 0.00725, 0.08516, 0.04288, 80.67%
Time spent: 11.39s
- Epoch 005, ExpID 93591
Train - Loss (one batch): 0.00720
Val - Loss, MSE, RMSE, MAE, MAPE: 0.00654, 0.00654, 0.08088, 0.04614, 158.14%
Test - Best epoch, Loss, MSE, RMSE, MAE, MAPE: 4, 0.00725, 0.00725, 0.08516, 0.04288, 80.67%
Time spent: 10.08s
- Epoch 006, ExpID 93591
Train - Loss (one batch): 0.00662
Val - Loss, MSE, RMSE, MAE, MAPE: 0.00578, 0.00578, 0.07603, 0.04339, 132.01%
Test - Best epoch, Loss, MSE, RMSE, MAE, MAPE: 4, 0.00725, 0.00725, 0.08516, 0.04288, 80.67%
Time spent: 10.07s
- Epoch 007, ExpID 93591
Train - Loss (one batch): 0.00510
Val - Loss, MSE, RMSE, MAE, MAPE: 0.00549, 0.00549, 0.07408, 0.04064, 92.64%
Test - Best epoch, Loss, MSE, RMSE, MAE, MAPE: 7, 0.00690, 0.00690, 0.08305, 0.04087, 84.36%
Time spent: 11.39s
- Epoch 008, ExpID 93591
Train - Loss (one batch): 0.00678
Val - Loss, MSE, RMSE, MAE, MAPE: 0.00582, 0.00582, 0.07628, 0.04450, 73.19%
Test - Best epoch, Loss, MSE, RMSE, MAE, MAPE: 7, 0.00690, 0.00690, 0.08305, 0.04087, 84.36%
Time spent: 10.07s
- Epoch 009, ExpID 93591
Train - Loss (one batch): 0.00567
Val - Loss, MSE, RMSE, MAE, MAPE: 0.00576, 0.00576, 0.07592, 0.04269, 94.07%
Test - Best epoch, Loss, MSE, RMSE, MAE, MAPE: 7, 0.00690, 0.00690, 0.08305, 0.04087, 84.36%
Time spent: 10.08s
- Epoch 010, ExpID 93591
Train - Loss (one batch): 0.00478
Val - Loss, MSE, RMSE, MAE, MAPE: 0.00566, 0.00566, 0.07520, 0.04265, 93.74%
Test - Best epoch, Loss, MSE, RMSE, MAE, MAPE: 7, 0.00690, 0.00690, 0.08305, 0.04087, 84.36%
Time spent: 10.07s
- Epoch 011, ExpID 93591
Train - Loss (one batch): 0.00582
Val - Loss, MSE, RMSE, MAE, MAPE: 0.00534, 0.00534, 0.07310, 0.04242, 136.25%
Test - Best epoch, Loss, MSE, RMSE, MAE, MAPE: 11, 0.00684, 0.00684, 0.08269, 0.04276, 125.33%
Time spent: 11.39s
- Epoch 012, ExpID 93591
Train - Loss (one batch): 0.00523
Val - Loss, MSE, RMSE, MAE, MAPE: 0.00556, 0.00556, 0.07456, 0.04208, 115.36%
Test - Best epoch, Loss, MSE, RMSE, MAE, MAPE: 11, 0.00684, 0.00684, 0.08269, 0.04276, 125.33%
Time spent: 10.08s
- Epoch 013, ExpID 93591
Train - Loss (one batch): 0.00407
Val - Loss, MSE, RMSE, MAE, MAPE: 0.00529, 0.00529, 0.07274, 0.04016, 73.21%
Test - Best epoch, Loss, MSE, RMSE, MAE, MAPE: 13, 0.00680, 0.00680, 0.08245, 0.04058, 67.68%
Time spent: 11.39s
- Epoch 014, ExpID 93591
Train - Loss (one batch): 0.00388
Val - Loss, MSE, RMSE, MAE, MAPE: 0.00542, 0.00542, 0.07360, 0.04301, 197.88%
Test - Best epoch, Loss, MSE, RMSE, MAE, MAPE: 13, 0.00680, 0.00680, 0.08245, 0.04058, 67.68%
Time spent: 10.08s
- Epoch 015, ExpID 93591
Train - Loss (one batch): 0.00496
Val - Loss, MSE, RMSE, MAE, MAPE: 0.00558, 0.00558, 0.07471, 0.04197, 70.37%
Test - Best epoch, Loss, MSE, RMSE, MAE, MAPE: 13, 0.00680, 0.00680, 0.08245, 0.04058, 67.68%
Time spent: 10.08s
- Epoch 016, ExpID 93591
Train - Loss (one batch): 0.00576
Val - Loss, MSE, RMSE, MAE, MAPE: 0.00557, 0.00557, 0.07465, 0.04149, 53.72%
Test - Best epoch, Loss, MSE, RMSE, MAE, MAPE: 13, 0.00680, 0.00680, 0.08245, 0.04058, 67.68%
Time spent: 10.07s
- Epoch 017, ExpID 93591
Train - Loss (one batch): 0.00429
Val - Loss, MSE, RMSE, MAE, MAPE: 0.00532, 0.00532, 0.07296, 0.04084, 87.15%
Test - Best epoch, Loss, MSE, RMSE, MAE, MAPE: 13, 0.00680, 0.00680, 0.08245, 0.04058, 67.68%
Time spent: 10.07s
- Epoch 018, ExpID 93591
Train - Loss (one batch): 0.00398
Val - Loss, MSE, RMSE, MAE, MAPE: 0.00543, 0.00543, 0.07369, 0.04118, 143.09%
Test - Best epoch, Loss, MSE, RMSE, MAE, MAPE: 13, 0.00680, 0.00680, 0.08245, 0.04058, 67.68%
Time spent: 10.08s
- Epoch 019, ExpID 93591
Train - Loss (one batch): 0.00394
Val - Loss, MSE, RMSE, MAE, MAPE: 0.00540, 0.00540, 0.07350, 0.04066, 112.26%
Test - Best epoch, Loss, MSE, RMSE, MAE, MAPE: 13, 0.00680, 0.00680, 0.08245, 0.04058, 67.68%
Time spent: 10.07s
- Epoch 020, ExpID 93591
Train - Loss (one batch): 0.00526
Val - Loss, MSE, RMSE, MAE, MAPE: 0.00547, 0.00547, 0.07397, 0.04082, 107.77%
Test - Best epoch, Loss, MSE, RMSE, MAE, MAPE: 13, 0.00680, 0.00680, 0.08245, 0.04058, 67.68%
Time spent: 10.07s
- Epoch 021, ExpID 93591
Train - Loss (one batch): 0.00466
Val - Loss, MSE, RMSE, MAE, MAPE: 0.00528, 0.00528, 0.07269, 0.03941, 96.95%
Test - Best epoch, Loss, MSE, RMSE, MAE, MAPE: 21, 0.00676, 0.00676, 0.08220, 0.03970, 87.77%
Time spent: 11.40s
- Epoch 022, ExpID 93591
Train - Loss (one batch): 0.00572
Val - Loss, MSE, RMSE, MAE, MAPE: 0.00547, 0.00547, 0.07393, 0.04137, 124.33%
Test - Best epoch, Loss, MSE, RMSE, MAE, MAPE: 21, 0.00676, 0.00676, 0.08220, 0.03970, 87.77%
Time spent: 10.07s
- Epoch 023, ExpID 93591
Train - Loss (one batch): 0.00389
Val - Loss, MSE, RMSE, MAE, MAPE: 0.00518, 0.00518, 0.07194, 0.03928, 107.70%
Test - Best epoch, Loss, MSE, RMSE, MAE, MAPE: 23, 0.00653, 0.00653, 0.08079, 0.03906, 93.50%
Time spent: 11.39s
- Epoch 024, ExpID 93591
Train - Loss (one batch): 0.00554
Val - Loss, MSE, RMSE, MAE, MAPE: 0.00540, 0.00540, 0.07346, 0.03966, 54.57%
Test - Best epoch, Loss, MSE, RMSE, MAE, MAPE: 23, 0.00653, 0.00653, 0.08079, 0.03906, 93.50%
Time spent: 10.07s
- Epoch 025, ExpID 93591
Train - Loss (one batch): 0.00451
Val - Loss, MSE, RMSE, MAE, MAPE: 0.00534, 0.00534, 0.07309, 0.03889, 83.52%
Test - Best epoch, Loss, MSE, RMSE, MAE, MAPE: 23, 0.00653, 0.00653, 0.08079, 0.03906, 93.50%
Time spent: 10.07s
- Epoch 026, ExpID 93591
Train - Loss (one batch): 0.00588
Val - Loss, MSE, RMSE, MAE, MAPE: 0.00537, 0.00537, 0.07327, 0.04102, 94.59%
Test - Best epoch, Loss, MSE, RMSE, MAE, MAPE: 23, 0.00653, 0.00653, 0.08079, 0.03906, 93.50%
Time spent: 10.07s
- Epoch 027, ExpID 93591
Train - Loss (one batch): 0.00604
Val - Loss, MSE, RMSE, MAE, MAPE: 0.00528, 0.00528, 0.07265, 0.03982, 129.97%
Test - Best epoch, Loss, MSE, RMSE, MAE, MAPE: 23, 0.00653, 0.00653, 0.08079, 0.03906, 93.50%
Time spent: 10.07s
- Epoch 028, ExpID 93591
Train - Loss (one batch): 0.00744
Val - Loss, MSE, RMSE, MAE, MAPE: 0.00529, 0.00529, 0.07274, 0.03879, 54.79%
Test - Best epoch, Loss, MSE, RMSE, MAE, MAPE: 23, 0.00653, 0.00653, 0.08079, 0.03906, 93.50%
Time spent: 10.07s
- Epoch 029, ExpID 93591
Train - Loss (one batch): 0.00680
Val - Loss, MSE, RMSE, MAE, MAPE: 0.00542, 0.00542, 0.07364, 0.04151, 109.51%
Test - Best epoch, Loss, MSE, RMSE, MAE, MAPE: 23, 0.00653, 0.00653, 0.08079, 0.03906, 93.50%
Time spent: 10.07s
- Epoch 030, ExpID 93591
Train - Loss (one batch): 0.00331
Val - Loss, MSE, RMSE, MAE, MAPE: 0.00531, 0.00531, 0.07284, 0.03991, 111.49%
Test - Best epoch, Loss, MSE, RMSE, MAE, MAPE: 23, 0.00653, 0.00653, 0.08079, 0.03906, 93.50%
Time spent: 10.07s
- Epoch 031, ExpID 93591
Train - Loss (one batch): 0.00444
Val - Loss, MSE, RMSE, MAE, MAPE: 0.00515, 0.00515, 0.07179, 0.03937, 71.24%
Test - Best epoch, Loss, MSE, RMSE, MAE, MAPE: 31, 0.00649, 0.00649, 0.08059, 0.03916, 64.86%
Time spent: 11.40s
- Epoch 032, ExpID 93591
Train - Loss (one batch): 0.00491
Val - Loss, MSE, RMSE, MAE, MAPE: 0.00504, 0.00504, 0.07100, 0.03829, 101.27%
Test - Best epoch, Loss, MSE, RMSE, MAE, MAPE: 32, 0.00652, 0.00652, 0.08078, 0.03832, 91.43%
Time spent: 11.39s
- Epoch 033, ExpID 93591
Train - Loss (one batch): 0.00812
Val - Loss, MSE, RMSE, MAE, MAPE: 0.00595, 0.00595, 0.07714, 0.04697, 250.90%
Test - Best epoch, Loss, MSE, RMSE, MAE, MAPE: 32, 0.00652, 0.00652, 0.08078, 0.03832, 91.43%
Time spent: 10.08s
- Epoch 034, ExpID 93591
Train - Loss (one batch): 0.00337
Val - Loss, MSE, RMSE, MAE, MAPE: 0.00511, 0.00511, 0.07147, 0.03846, 112.50%
Test - Best epoch, Loss, MSE, RMSE, MAE, MAPE: 32, 0.00652, 0.00652, 0.08078, 0.03832, 91.43%
Time spent: 10.08s
- Epoch 035, ExpID 93591
Train - Loss (one batch): 0.00363
Val - Loss, MSE, RMSE, MAE, MAPE: 0.00513, 0.00513, 0.07160, 0.03811, 96.55%
Test - Best epoch, Loss, MSE, RMSE, MAE, MAPE: 32, 0.00652, 0.00652, 0.08078, 0.03832, 91.43%
Time spent: 10.08s
- Epoch 036, ExpID 93591
Train - Loss (one batch): 0.00300
Val - Loss, MSE, RMSE, MAE, MAPE: 0.00516, 0.00516, 0.07185, 0.03732, 57.45%
Test - Best epoch, Loss, MSE, RMSE, MAE, MAPE: 32, 0.00652, 0.00652, 0.08078, 0.03832, 91.43%
Time spent: 10.08s
- Epoch 037, ExpID 93591
Train - Loss (one batch): 0.00540
Val - Loss, MSE, RMSE, MAE, MAPE: 0.00512, 0.00512, 0.07156, 0.03761, 80.44%
Test - Best epoch, Loss, MSE, RMSE, MAE, MAPE: 32, 0.00652, 0.00652, 0.08078, 0.03832, 91.43%
Time spent: 10.08s
- Epoch 038, ExpID 93591
Train - Loss (one batch): 0.00554
Val - Loss, MSE, RMSE, MAE, MAPE: 0.00754, 0.00754, 0.08682, 0.05563, 393.28%
Test - Best epoch, Loss, MSE, RMSE, MAE, MAPE: 32, 0.00652, 0.00652, 0.08078, 0.03832, 91.43%
Time spent: 10.08s
- Epoch 039, ExpID 93591
Train - Loss (one batch): 0.00592
Val - Loss, MSE, RMSE, MAE, MAPE: 0.00505, 0.00505, 0.07105, 0.03862, 62.26%
Test - Best epoch, Loss, MSE, RMSE, MAE, MAPE: 32, 0.00652, 0.00652, 0.08078, 0.03832, 91.43%
Time spent: 10.08s
- Epoch 040, ExpID 93591
Train - Loss (one batch): 0.00719
Val - Loss, MSE, RMSE, MAE, MAPE: 0.00557, 0.00557, 0.07464, 0.03993, 65.16%
Test - Best epoch, Loss, MSE, RMSE, MAE, MAPE: 32, 0.00652, 0.00652, 0.08078, 0.03832, 91.43%
Time spent: 10.08s
- Epoch 041, ExpID 93591
Train - Loss (one batch): 0.00533
Val - Loss, MSE, RMSE, MAE, MAPE: 0.00541, 0.00541, 0.07357, 0.04095, 103.61%
Test - Best epoch, Loss, MSE, RMSE, MAE, MAPE: 32, 0.00652, 0.00652, 0.08078, 0.03832, 91.43%
Time spent: 10.08s
- Epoch 042, ExpID 93591
Train - Loss (one batch): 0.00460
Val - Loss, MSE, RMSE, MAE, MAPE: 0.00516, 0.00516, 0.07182, 0.03837, 93.74%
Test - Best epoch, Loss, MSE, RMSE, MAE, MAPE: 32, 0.00652, 0.00652, 0.08078, 0.03832, 91.43%
Time spent: 10.08s
- Epoch 043, ExpID 93591
Train - Loss (one batch): 0.00640
Val - Loss, MSE, RMSE, MAE, MAPE: 0.00528, 0.00528, 0.07269, 0.03995, 84.48%
Test - Best epoch, Loss, MSE, RMSE, MAE, MAPE: 32, 0.00652, 0.00652, 0.08078, 0.03832, 91.43%
Time spent: 10.08s
- Epoch 044, ExpID 93591
Train - Loss (one batch): 0.00482
Val - Loss, MSE, RMSE, MAE, MAPE: 0.00541, 0.00541, 0.07353, 0.04128, 80.99%
Test - Best epoch, Loss, MSE, RMSE, MAE, MAPE: 32, 0.00652, 0.00652, 0.08078, 0.03832, 91.43%
Time spent: 10.08s
- Epoch 045, ExpID 93591
Train - Loss (one batch): 0.00309
Val - Loss, MSE, RMSE, MAE, MAPE: 0.00532, 0.00532, 0.07294, 0.03870, 81.00%
Test - Best epoch, Loss, MSE, RMSE, MAE, MAPE: 32, 0.00652, 0.00652, 0.08078, 0.03832, 91.43%
Time spent: 10.08s
- Epoch 046, ExpID 93591
Train - Loss (one batch): 0.00445
Val - Loss, MSE, RMSE, MAE, MAPE: 0.00533, 0.00533, 0.07298, 0.03881, 53.83%
Test - Best epoch, Loss, MSE, RMSE, MAE, MAPE: 32, 0.00652, 0.00652, 0.08078, 0.03832, 91.43%
Time spent: 10.08s
- Epoch 047, ExpID 93591
Train - Loss (one batch): 0.00615
Val - Loss, MSE, RMSE, MAE, MAPE: 0.00515, 0.00515, 0.07179, 0.03941, 121.93%
Test - Best epoch, Loss, MSE, RMSE, MAE, MAPE: 32, 0.00652, 0.00652, 0.08078, 0.03832, 91.43%
Time spent: 10.08s
- Epoch 048, ExpID 93591
Train - Loss (one batch): 0.00367
Val - Loss, MSE, RMSE, MAE, MAPE: 0.00504, 0.00504, 0.07098, 0.03883, 90.15%
Test - Best epoch, Loss, MSE, RMSE, MAE, MAPE: 48, 0.00651, 0.00651, 0.08069, 0.03915, 85.29%
Time spent: 11.40s
- Epoch 049, ExpID 93591
Train - Loss (one batch): 0.00309
Val - Loss, MSE, RMSE, MAE, MAPE: 0.00611, 0.00611, 0.07816, 0.04454, 115.48%
Test - Best epoch, Loss, MSE, RMSE, MAE, MAPE: 48, 0.00651, 0.00651, 0.08069, 0.03915, 85.29%
Time spent: 10.08s
- Epoch 050, ExpID 93591
Train - Loss (one batch): 0.00434
Val - Loss, MSE, RMSE, MAE, MAPE: 0.00536, 0.00536, 0.07321, 0.04091, 122.04%
Test - Best epoch, Loss, MSE, RMSE, MAE, MAPE: 48, 0.00651, 0.00651, 0.08069, 0.03915, 85.29%
Time spent: 10.08s
- Epoch 051, ExpID 93591
Train - Loss (one batch): 0.00602
Val - Loss, MSE, RMSE, MAE, MAPE: 0.00546, 0.00546, 0.07388, 0.04164, 166.91%
Test - Best epoch, Loss, MSE, RMSE, MAE, MAPE: 48, 0.00651, 0.00651, 0.08069, 0.03915, 85.29%
Time spent: 10.08s
- Epoch 052, ExpID 93591
Train - Loss (one batch): 0.00357
Val - Loss, MSE, RMSE, MAE, MAPE: 0.00518, 0.00518, 0.07195, 0.03745, 68.81%
Test - Best epoch, Loss, MSE, RMSE, MAE, MAPE: 48, 0.00651, 0.00651, 0.08069, 0.03915, 85.29%
Time spent: 10.08s
- Epoch 053, ExpID 93591
Train - Loss (one batch): 0.00522
Val - Loss, MSE, RMSE, MAE, MAPE: 0.00517, 0.00517, 0.07188, 0.03867, 104.53%
Test - Best epoch, Loss, MSE, RMSE, MAE, MAPE: 48, 0.00651, 0.00651, 0.08069, 0.03915, 85.29%
Time spent: 10.08s
- Epoch 054, ExpID 93591
Train - Loss (one batch): 0.00371
Val - Loss, MSE, RMSE, MAE, MAPE: 0.00501, 0.00501, 0.07077, 0.03728, 86.72%
Test - Best epoch, Loss, MSE, RMSE, MAE, MAPE: 54, 0.00639, 0.00639, 0.07996, 0.03739, 78.46%
Time spent: 11.40s
- Epoch 055, ExpID 93591
Train - Loss (one batch): 0.00397
Val - Loss, MSE, RMSE, MAE, MAPE: 0.00539, 0.00539, 0.07344, 0.03864, 77.08%
Test - Best epoch, Loss, MSE, RMSE, MAE, MAPE: 54, 0.00639, 0.00639, 0.07996, 0.03739, 78.46%
Time spent: 10.08s
- Epoch 056, ExpID 93591
Train - Loss (one batch): 0.00537
Val - Loss, MSE, RMSE, MAE, MAPE: 0.00521, 0.00521, 0.07218, 0.03821, 57.81%
Test - Best epoch, Loss, MSE, RMSE, MAE, MAPE: 54, 0.00639, 0.00639, 0.07996, 0.03739, 78.46%
Time spent: 10.07s
- Epoch 057, ExpID 93591
Train - Loss (one batch): 0.00477
Val - Loss, MSE, RMSE, MAE, MAPE: 0.00531, 0.00531, 0.07284, 0.04070, 74.84%
Test - Best epoch, Loss, MSE, RMSE, MAE, MAPE: 54, 0.00639, 0.00639, 0.07996, 0.03739, 78.46%
Time spent: 10.08s
- Epoch 058, ExpID 93591
Train - Loss (one batch): 0.00421
Val - Loss, MSE, RMSE, MAE, MAPE: 0.00513, 0.00513, 0.07161, 0.03920, 131.28%
Test - Best epoch, Loss, MSE, RMSE, MAE, MAPE: 54, 0.00639, 0.00639, 0.07996, 0.03739, 78.46%
Time spent: 10.08s
- Epoch 059, ExpID 93591
Train - Loss (one batch): 0.00440
Val - Loss, MSE, RMSE, MAE, MAPE: 0.00525, 0.00525, 0.07245, 0.03850, 96.20%
Test - Best epoch, Loss, MSE, RMSE, MAE, MAPE: 54, 0.00639, 0.00639, 0.07996, 0.03739, 78.46%
Time spent: 10.08s
- Epoch 060, ExpID 93591
Train - Loss (one batch): 0.00356
Val - Loss, MSE, RMSE, MAE, MAPE: 0.00536, 0.00536, 0.07324, 0.04125, 130.65%
Test - Best epoch, Loss, MSE, RMSE, MAE, MAPE: 54, 0.00639, 0.00639, 0.07996, 0.03739, 78.46%
Time spent: 10.08s
- Epoch 061, ExpID 93591
Train - Loss (one batch): 0.00301
Val - Loss, MSE, RMSE, MAE, MAPE: 0.00524, 0.00524, 0.07239, 0.03678, 49.24%
Test - Best epoch, Loss, MSE, RMSE, MAE, MAPE: 54, 0.00639, 0.00639, 0.07996, 0.03739, 78.46%
Time spent: 10.08s
- Epoch 062, ExpID 93591
Train - Loss (one batch): 0.00407
Val - Loss, MSE, RMSE, MAE, MAPE: 0.00513, 0.00513, 0.07160, 0.03767, 80.82%
Test - Best epoch, Loss, MSE, RMSE, MAE, MAPE: 54, 0.00639, 0.00639, 0.07996, 0.03739, 78.46%
Time spent: 10.08s
- Epoch 063, ExpID 93591
Train - Loss (one batch): 0.00441
Val - Loss, MSE, RMSE, MAE, MAPE: 0.00539, 0.00539, 0.07344, 0.04016, 68.98%
Test - Best epoch, Loss, MSE, RMSE, MAE, MAPE: 54, 0.00639, 0.00639, 0.07996, 0.03739, 78.46%
Time spent: 10.08s
- Epoch 064, ExpID 93591
Train - Loss (one batch): 0.00416
Val - Loss, MSE, RMSE, MAE, MAPE: 0.00507, 0.00507, 0.07118, 0.03845, 83.12%
Test - Best epoch, Loss, MSE, RMSE, MAE, MAPE: 54, 0.00639, 0.00639, 0.07996, 0.03739, 78.46%
Time spent: 10.08s
- Epoch 065, ExpID 93591
Train - Loss (one batch): 0.00472
Val - Loss, MSE, RMSE, MAE, MAPE: 0.00525, 0.00525, 0.07249, 0.03937, 109.39%
Test - Best epoch, Loss, MSE, RMSE, MAE, MAPE: 54, 0.00639, 0.00639, 0.07996, 0.03739, 78.46%
Time spent: 10.08s
- Epoch 066, ExpID 93591
Train - Loss (one batch): 0.00476
Val - Loss, MSE, RMSE, MAE, MAPE: 0.00508, 0.00508, 0.07127, 0.03822, 72.03%
Test - Best epoch, Loss, MSE, RMSE, MAE, MAPE: 54, 0.00639, 0.00639, 0.07996, 0.03739, 78.46%
Time spent: 10.08s
- Epoch 067, ExpID 93591
Train - Loss (one batch): 0.00546
Val - Loss, MSE, RMSE, MAE, MAPE: 0.00513, 0.00513, 0.07165, 0.03866, 128.68%
Test - Best epoch, Loss, MSE, RMSE, MAE, MAPE: 54, 0.00639, 0.00639, 0.07996, 0.03739, 78.46%
Time spent: 10.07s
- Epoch 068, ExpID 93591
Train - Loss (one batch): 0.00297
Val - Loss, MSE, RMSE, MAE, MAPE: 0.00542, 0.00542, 0.07360, 0.03971, 85.10%
Test - Best epoch, Loss, MSE, RMSE, MAE, MAPE: 54, 0.00639, 0.00639, 0.07996, 0.03739, 78.46%
Time spent: 10.08s
- Epoch 069, ExpID 93591
Train - Loss (one batch): 0.01008
Val - Loss, MSE, RMSE, MAE, MAPE: 0.00519, 0.00519, 0.07203, 0.04169, 148.41%
Test - Best epoch, Loss, MSE, RMSE, MAE, MAPE: 54, 0.00639, 0.00639, 0.07996, 0.03739, 78.46%
Time spent: 10.07s
- Epoch 070, ExpID 93591
Train - Loss (one batch): 0.00389
Val - Loss, MSE, RMSE, MAE, MAPE: 0.00513, 0.00513, 0.07161, 0.03761, 65.57%
Test - Best epoch, Loss, MSE, RMSE, MAE, MAPE: 54, 0.00639, 0.00639, 0.07996, 0.03739, 78.46%
Time spent: 10.08s
- Epoch 071, ExpID 93591
Train - Loss (one batch): 0.00332
Val - Loss, MSE, RMSE, MAE, MAPE: 0.00514, 0.00514, 0.07167, 0.03720, 59.21%
Test - Best epoch, Loss, MSE, RMSE, MAE, MAPE: 54, 0.00639, 0.00639, 0.07996, 0.03739, 78.46%
Time spent: 10.08s
- Epoch 072, ExpID 93591
Train - Loss (one batch): 0.00517
Val - Loss, MSE, RMSE, MAE, MAPE: 0.00527, 0.00527, 0.07261, 0.03849, 76.66%
Test - Best epoch, Loss, MSE, RMSE, MAE, MAPE: 54, 0.00639, 0.00639, 0.07996, 0.03739, 78.46%
Time spent: 10.08s
- Epoch 073, ExpID 93591
Train - Loss (one batch): 0.00474
Val - Loss, MSE, RMSE, MAE, MAPE: 0.00521, 0.00521, 0.07219, 0.03744, 50.60%
Test - Best epoch, Loss, MSE, RMSE, MAE, MAPE: 54, 0.00639, 0.00639, 0.07996, 0.03739, 78.46%
Time spent: 10.07s
- Epoch 074, ExpID 93591
Train - Loss (one batch): 0.00269
Val - Loss, MSE, RMSE, MAE, MAPE: 0.00497, 0.00497, 0.07053, 0.03769, 56.66%
Test - Best epoch, Loss, MSE, RMSE, MAE, MAPE: 74, 0.00642, 0.00642, 0.08016, 0.03793, 57.17%
Time spent: 11.40s
- Epoch 075, ExpID 93591
Train - Loss (one batch): 0.00466
Val - Loss, MSE, RMSE, MAE, MAPE: 0.00538, 0.00538, 0.07334, 0.04635, 218.84%
Test - Best epoch, Loss, MSE, RMSE, MAE, MAPE: 74, 0.00642, 0.00642, 0.08016, 0.03793, 57.17%
Time spent: 10.08s
- Epoch 076, ExpID 93591
Train - Loss (one batch): 0.00316
Val - Loss, MSE, RMSE, MAE, MAPE: 0.00541, 0.00541, 0.07355, 0.03830, 58.50%
Test - Best epoch, Loss, MSE, RMSE, MAE, MAPE: 74, 0.00642, 0.00642, 0.08016, 0.03793, 57.17%
Time spent: 10.08s
- Epoch 077, ExpID 93591
Train - Loss (one batch): 0.00361
Val - Loss, MSE, RMSE, MAE, MAPE: 0.00608, 0.00608, 0.07798, 0.04392, 146.86%
Test - Best epoch, Loss, MSE, RMSE, MAE, MAPE: 74, 0.00642, 0.00642, 0.08016, 0.03793, 57.17%
Time spent: 10.08s
- Epoch 078, ExpID 93591
Train - Loss (one batch): 0.00598
Val - Loss, MSE, RMSE, MAE, MAPE: 0.00531, 0.00531, 0.07289, 0.03869, 57.12%
Test - Best epoch, Loss, MSE, RMSE, MAE, MAPE: 74, 0.00642, 0.00642, 0.08016, 0.03793, 57.17%
Time spent: 10.08s
- Epoch 079, ExpID 93591
Train - Loss (one batch): 0.00316
Val - Loss, MSE, RMSE, MAE, MAPE: 0.00519, 0.00519, 0.07202, 0.03890, 101.40%
Test - Best epoch, Loss, MSE, RMSE, MAE, MAPE: 74, 0.00642, 0.00642, 0.08016, 0.03793, 57.17%
Time spent: 10.08s
- Epoch 080, ExpID 93591
Train - Loss (one batch): 0.00466
Val - Loss, MSE, RMSE, MAE, MAPE: 0.00562, 0.00562, 0.07495, 0.04273, 84.75%
Test - Best epoch, Loss, MSE, RMSE, MAE, MAPE: 74, 0.00642, 0.00642, 0.08016, 0.03793, 57.17%
Time spent: 10.08s
- Epoch 081, ExpID 93591
Train - Loss (one batch): 0.00395
Val - Loss, MSE, RMSE, MAE, MAPE: 0.00521, 0.00521, 0.07218, 0.03905, 77.54%
Test - Best epoch, Loss, MSE, RMSE, MAE, MAPE: 74, 0.00642, 0.00642, 0.08016, 0.03793, 57.17%
Time spent: 10.08s
- Epoch 082, ExpID 93591
Train - Loss (one batch): 0.00524
Val - Loss, MSE, RMSE, MAE, MAPE: 0.00506, 0.00506, 0.07113, 0.03806, 57.01%
Test - Best epoch, Loss, MSE, RMSE, MAE, MAPE: 74, 0.00642, 0.00642, 0.08016, 0.03793, 57.17%
Time spent: 10.08s
- Epoch 083, ExpID 93591
Train - Loss (one batch): 0.00522
Val - Loss, MSE, RMSE, MAE, MAPE: 0.00555, 0.00555, 0.07449, 0.03893, 95.56%
Test - Best epoch, Loss, MSE, RMSE, MAE, MAPE: 74, 0.00642, 0.00642, 0.08016, 0.03793, 57.17%
Time spent: 10.08s
- Epoch 084, ExpID 93591
Train - Loss (one batch): 0.00378
Val - Loss, MSE, RMSE, MAE, MAPE: 0.00512, 0.00512, 0.07157, 0.03873, 92.13%
Test - Best epoch, Loss, MSE, RMSE, MAE, MAPE: 74, 0.00642, 0.00642, 0.08016, 0.03793, 57.17%
Time spent: 10.08s
- Epoch 085, ExpID 93591
Train - Loss (one batch): 0.00354
Val - Loss, MSE, RMSE, MAE, MAPE: 0.00524, 0.00524, 0.07242, 0.03771, 69.09%
Test - Best epoch, Loss, MSE, RMSE, MAE, MAPE: 74, 0.00642, 0.00642, 0.08016, 0.03793, 57.17%
Time spent: 10.08s
- Epoch 086, ExpID 93591
Train - Loss (one batch): 0.00403
Val - Loss, MSE, RMSE, MAE, MAPE: 0.00525, 0.00525, 0.07247, 0.03784, 65.91%
Test - Best epoch, Loss, MSE, RMSE, MAE, MAPE: 74, 0.00642, 0.00642, 0.08016, 0.03793, 57.17%
Time spent: 10.08s
- Epoch 087, ExpID 93591
Train - Loss (one batch): 0.00707
Val - Loss, MSE, RMSE, MAE, MAPE: 0.00579, 0.00579, 0.07608, 0.04110, 84.66%
Test - Best epoch, Loss, MSE, RMSE, MAE, MAPE: 74, 0.00642, 0.00642, 0.08016, 0.03793, 57.17%
Time spent: 10.08s
- Epoch 088, ExpID 93591
Train - Loss (one batch): 0.00544
Val - Loss, MSE, RMSE, MAE, MAPE: 0.00521, 0.00521, 0.07220, 0.03953, 150.45%
Test - Best epoch, Loss, MSE, RMSE, MAE, MAPE: 74, 0.00642, 0.00642, 0.08016, 0.03793, 57.17%
Time spent: 10.08s
- Epoch 089, ExpID 93591
Train - Loss (one batch): 0.00297
Val - Loss, MSE, RMSE, MAE, MAPE: 0.00523, 0.00523, 0.07235, 0.03954, 80.42%
Test - Best epoch, Loss, MSE, RMSE, MAE, MAPE: 74, 0.00642, 0.00642, 0.08016, 0.03793, 57.17%
Time spent: 10.08s
- Epoch 090, ExpID 93591
Train - Loss (one batch): 0.00261
Val - Loss, MSE, RMSE, MAE, MAPE: 0.00518, 0.00518, 0.07194, 0.03767, 87.54%
Test - Best epoch, Loss, MSE, RMSE, MAE, MAPE: 74, 0.00642, 0.00642, 0.08016, 0.03793, 57.17%
Time spent: 10.08s
- Epoch 091, ExpID 93591
Train - Loss (one batch): 0.00398
Val - Loss, MSE, RMSE, MAE, MAPE: 0.00565, 0.00565, 0.07516, 0.03980, 110.75%
Test - Best epoch, Loss, MSE, RMSE, MAE, MAPE: 74, 0.00642, 0.00642, 0.08016, 0.03793, 57.17%
Time spent: 10.08s
- Epoch 092, ExpID 93591
Train - Loss (one batch): 0.00382
Val - Loss, MSE, RMSE, MAE, MAPE: 0.00521, 0.00521, 0.07218, 0.03761, 83.06%
Test - Best epoch, Loss, MSE, RMSE, MAE, MAPE: 74, 0.00642, 0.00642, 0.08016, 0.03793, 57.17%
Time spent: 10.08s
- Epoch 093, ExpID 93591
Train - Loss (one batch): 0.00305
Val - Loss, MSE, RMSE, MAE, MAPE: 0.00505, 0.00505, 0.07107, 0.03715, 98.78%
Test - Best epoch, Loss, MSE, RMSE, MAE, MAPE: 74, 0.00642, 0.00642, 0.08016, 0.03793, 57.17%
Time spent: 10.08s
- Epoch 094, ExpID 93591
Train - Loss (one batch): 0.00454
Val - Loss, MSE, RMSE, MAE, MAPE: 0.00520, 0.00520, 0.07208, 0.03885, 112.60%
Test - Best epoch, Loss, MSE, RMSE, MAE, MAPE: 74, 0.00642, 0.00642, 0.08016, 0.03793, 57.17%
Time spent: 10.08s
- Epoch 095, ExpID 93591
Train - Loss (one batch): 0.00441
Val - Loss, MSE, RMSE, MAE, MAPE: 0.00530, 0.00530, 0.07279, 0.03752, 78.36%
Test - Best epoch, Loss, MSE, RMSE, MAE, MAPE: 74, 0.00642, 0.00642, 0.08016, 0.03793, 57.17%
Time spent: 10.08s
- Epoch 096, ExpID 93591
Train - Loss (one batch): 0.00355
Val - Loss, MSE, RMSE, MAE, MAPE: 0.00523, 0.00523, 0.07233, 0.03831, 77.32%
Test - Best epoch, Loss, MSE, RMSE, MAE, MAPE: 74, 0.00642, 0.00642, 0.08016, 0.03793, 57.17%
Time spent: 10.08s
- Epoch 097, ExpID 93591
Train - Loss (one batch): 0.00294
Val - Loss, MSE, RMSE, MAE, MAPE: 0.00539, 0.00539, 0.07339, 0.03900, 68.28%
Test - Best epoch, Loss, MSE, RMSE, MAE, MAPE: 74, 0.00642, 0.00642, 0.08016, 0.03793, 57.17%
Time spent: 10.08s
- Epoch 098, ExpID 93591
Train - Loss (one batch): 0.00454
Val - Loss, MSE, RMSE, MAE, MAPE: 0.00531, 0.00531, 0.07287, 0.03875, 124.66%
Test - Best epoch, Loss, MSE, RMSE, MAE, MAPE: 74, 0.00642, 0.00642, 0.08016, 0.03793, 57.17%
Time spent: 10.08s
- Epoch 099, ExpID 93591
Train - Loss (one batch): 0.00462
Val - Loss, MSE, RMSE, MAE, MAPE: 0.00554, 0.00554, 0.07443, 0.04084, 134.12%
Test - Best epoch, Loss, MSE, RMSE, MAE, MAPE: 74, 0.00642, 0.00642, 0.08016, 0.03793, 57.17%
Time spent: 10.08s
