=== Activity | seed 1 ===
PID, device: 1890751 cuda
Total records: 25
Dataset n_samples: 25 15 5 5
data_max: tensor([5.6217, 3.9067, 2.4465, 5.3456, 3.9414, 2.2163, 5.7582, 3.9781, 2.6061,
        5.3913, 3.9654, 2.6011], device='cuda:0')
data_min: tensor([ 0.1852, -0.1228, -1.4615,  0.1606, -0.4760, -2.5436, -0.2787, -0.4944,
        -2.0269,  0.0198, -0.4789, -1.9588], device='cuda:0')
time_max: tensor(304861., device='cuda:0')
time_max (raw ms): tensor(304861., device='cuda:0')
[ACT-MS-full] batch keys: ['X_list', 'tt_list', 'mk_list', 'npatches', 'tp_to_predict', 'data_to_predict', 'mask_predicted_data']
[ACT-MS-full] #scales: 3
[ACT-MS-full] per-scale shapes: [(5, 10, 28, 12), (5, 4, 28, 12), (5, 1, 28, 12)]
[ACT-MS-full] data_to_predict: (5, 6395, 12)
[ACT-MS-full] mask_predicted_data sum: 90453.0
[MS] use_ms=True fusion=concat scales=300,900,3000 strides=300,900,3000 npatches_per_scale=[10, 4, 1]
n_train_batches: 1
Exp has been early stopped!
=== Activity | seed 2 ===
PID, device: 1890853 cuda
Total records: 25
Dataset n_samples: 25 15 5 5
data_max: tensor([5.6217, 3.9067, 2.4465, 5.3456, 3.9414, 2.2163, 5.7582, 3.9781, 2.6061,
        5.3913, 3.9654, 2.6011], device='cuda:0')
data_min: tensor([ 0.1852, -0.1228, -1.4615,  0.1606, -0.4760, -2.5436, -0.2787, -0.4944,
        -2.0269,  0.0198, -0.4789, -1.9588], device='cuda:0')
time_max: tensor(304861., device='cuda:0')
time_max (raw ms): tensor(304861., device='cuda:0')
[ACT-MS-full] batch keys: ['X_list', 'tt_list', 'mk_list', 'npatches', 'tp_to_predict', 'data_to_predict', 'mask_predicted_data']
[ACT-MS-full] #scales: 3
[ACT-MS-full] per-scale shapes: [(5, 10, 28, 12), (5, 4, 28, 12), (5, 1, 28, 12)]
[ACT-MS-full] data_to_predict: (5, 6395, 12)
[ACT-MS-full] mask_predicted_data sum: 90453.0
[MS] use_ms=True fusion=concat scales=300,900,3000 strides=300,900,3000 npatches_per_scale=[10, 4, 1]
n_train_batches: 1
Exp has been early stopped!
=== Activity | seed 3 ===
PID, device: 1890951 cuda
Total records: 25
Dataset n_samples: 25 15 5 5
data_max: tensor([5.6217, 3.9067, 2.4465, 5.3456, 3.9414, 2.2163, 5.7582, 3.9781, 2.6061,
        5.3913, 3.9654, 2.6011], device='cuda:0')
data_min: tensor([ 0.1852, -0.1228, -1.4615,  0.1606, -0.4760, -2.5436, -0.2787, -0.4944,
        -2.0269,  0.0198, -0.4789, -1.9588], device='cuda:0')
time_max: tensor(304861., device='cuda:0')
time_max (raw ms): tensor(304861., device='cuda:0')
[ACT-MS-full] batch keys: ['X_list', 'tt_list', 'mk_list', 'npatches', 'tp_to_predict', 'data_to_predict', 'mask_predicted_data']
[ACT-MS-full] #scales: 3
[ACT-MS-full] per-scale shapes: [(5, 10, 28, 12), (5, 4, 28, 12), (5, 1, 28, 12)]
[ACT-MS-full] data_to_predict: (5, 6395, 12)
[ACT-MS-full] mask_predicted_data sum: 90453.0
[MS] use_ms=True fusion=concat scales=300,900,3000 strides=300,900,3000 npatches_per_scale=[10, 4, 1]
n_train_batches: 1
Exp has been early stopped!
=== Activity | seed 4 ===
PID, device: 1891067 cuda
Total records: 25
Dataset n_samples: 25 15 5 5
data_max: tensor([5.6217, 3.9067, 2.4465, 5.3456, 3.9414, 2.2163, 5.7582, 3.9781, 2.6061,
        5.3913, 3.9654, 2.6011], device='cuda:0')
data_min: tensor([ 0.1852, -0.1228, -1.4615,  0.1606, -0.4760, -2.5436, -0.2787, -0.4944,
        -2.0269,  0.0198, -0.4789, -1.9588], device='cuda:0')
time_max: tensor(304861., device='cuda:0')
time_max (raw ms): tensor(304861., device='cuda:0')
[ACT-MS-full] batch keys: ['X_list', 'tt_list', 'mk_list', 'npatches', 'tp_to_predict', 'data_to_predict', 'mask_predicted_data']
[ACT-MS-full] #scales: 3
[ACT-MS-full] per-scale shapes: [(5, 10, 28, 12), (5, 4, 28, 12), (5, 1, 28, 12)]
[ACT-MS-full] data_to_predict: (5, 6395, 12)
[ACT-MS-full] mask_predicted_data sum: 90453.0
[MS] use_ms=True fusion=concat scales=300,900,3000 strides=300,900,3000 npatches_per_scale=[10, 4, 1]
n_train_batches: 1
Exp has been early stopped!
=== Activity | seed 5 ===
PID, device: 1891172 cuda
Total records: 25
Dataset n_samples: 25 15 5 5
data_max: tensor([5.6217, 3.9067, 2.4465, 5.3456, 3.9414, 2.2163, 5.7582, 3.9781, 2.6061,
        5.3913, 3.9654, 2.6011], device='cuda:0')
data_min: tensor([ 0.1852, -0.1228, -1.4615,  0.1606, -0.4760, -2.5436, -0.2787, -0.4944,
        -2.0269,  0.0198, -0.4789, -1.9588], device='cuda:0')
time_max: tensor(304861., device='cuda:0')
time_max (raw ms): tensor(304861., device='cuda:0')
[ACT-MS-full] batch keys: ['X_list', 'tt_list', 'mk_list', 'npatches', 'tp_to_predict', 'data_to_predict', 'mask_predicted_data']
[ACT-MS-full] #scales: 3
[ACT-MS-full] per-scale shapes: [(5, 10, 28, 12), (5, 4, 28, 12), (5, 1, 28, 12)]
[ACT-MS-full] data_to_predict: (5, 6395, 12)
[ACT-MS-full] mask_predicted_data sum: 90453.0
[MS] use_ms=True fusion=concat scales=300,900,3000 strides=300,900,3000 npatches_per_scale=[10, 4, 1]
n_train_batches: 1
Exp has been early stopped!
