/home/ouass/Test/MSP-IMTS/tPatchGNN/run_models.py
2025-11-17 15:36:01
run_models.py --dataset activity --state def --history 3000 --patience 10 --batch_size 32 --lr 1e-3 --patch_size 300 --stride 300 --nhead 1 --tf_layer 1 --nlayer 1 --te_dim 10 --node_dim 10 --hid_dim 32 --outlayer Linear --seed 1 --gpu 0 --save experiments/activity_SS_ps300_s300_seed1
Namespace(multi_scales='', multi_strides='', fusion='concat', state='def', n=100000000, hop=1, nhead=1, tf_layer=1, nlayer=1, epoch=1000, patience=10, history=3000, patch_size=300.0, stride=300.0, logmode='a', lr=0.001, w_decay=0.0, batch_size=32, save='experiments/activity_SS_ps300_s300_seed1', load=None, seed=1, dataset='activity', quantization=0.0, model='tPatchGNN', outlayer='Linear', hid_dim=32, te_dim=10, node_dim=10, gpu='0', npatch=10, device=device(type='cuda'), PID=1888935, pred_window=1000, ndim=12)
- Epoch 000, ExpID 98946
Train - Loss (one batch): 0.00916
Val - Loss, MSE, RMSE, MAE, MAPE: 0.00999, 0.00999, 0.09997, 0.07730, 21.01%
Test - Best epoch, Loss, MSE, RMSE, MAE, MAPE: 0, 0.00899, 0.00899, 0.09484, 0.07326, 18.12%
Time spent: 8.62s
- Epoch 001, ExpID 98946
Train - Loss (one batch): 0.00324
Val - Loss, MSE, RMSE, MAE, MAPE: 0.00404, 0.00404, 0.06356, 0.04287, 10.99%
Test - Best epoch, Loss, MSE, RMSE, MAE, MAPE: 1, 0.00381, 0.00381, 0.06175, 0.04183, 9.70%
Time spent: 3.92s
- Epoch 002, ExpID 98946
Train - Loss (one batch): 0.00310
Val - Loss, MSE, RMSE, MAE, MAPE: 0.00332, 0.00332, 0.05765, 0.03559, 9.19%
Test - Best epoch, Loss, MSE, RMSE, MAE, MAPE: 2, 0.00312, 0.00312, 0.05589, 0.03478, 8.07%
Time spent: 3.90s
- Epoch 003, ExpID 98946
Train - Loss (one batch): 0.00336
Val - Loss, MSE, RMSE, MAE, MAPE: 0.00344, 0.00344, 0.05869, 0.03826, 9.30%
Test - Best epoch, Loss, MSE, RMSE, MAE, MAPE: 2, 0.00312, 0.00312, 0.05589, 0.03478, 8.07%
Time spent: 3.14s
- Epoch 004, ExpID 98946
Train - Loss (one batch): 0.00223
Val - Loss, MSE, RMSE, MAE, MAPE: 0.00342, 0.00342, 0.05847, 0.03800, 9.24%
Test - Best epoch, Loss, MSE, RMSE, MAE, MAPE: 2, 0.00312, 0.00312, 0.05589, 0.03478, 8.07%
Time spent: 3.61s
- Epoch 005, ExpID 98946
Train - Loss (one batch): 0.00250
Val - Loss, MSE, RMSE, MAE, MAPE: 0.00319, 0.00319, 0.05648, 0.03450, 8.94%
Test - Best epoch, Loss, MSE, RMSE, MAE, MAPE: 5, 0.00300, 0.00300, 0.05473, 0.03376, 7.83%
Time spent: 4.10s
- Epoch 006, ExpID 98946
Train - Loss (one batch): 0.00296
Val - Loss, MSE, RMSE, MAE, MAPE: 0.00336, 0.00336, 0.05793, 0.03663, 9.37%
Test - Best epoch, Loss, MSE, RMSE, MAE, MAPE: 5, 0.00300, 0.00300, 0.05473, 0.03376, 7.83%
Time spent: 3.49s
- Epoch 007, ExpID 98946
Train - Loss (one batch): 0.00350
Val - Loss, MSE, RMSE, MAE, MAPE: 0.00319, 0.00319, 0.05644, 0.03480, 9.09%
Test - Best epoch, Loss, MSE, RMSE, MAE, MAPE: 7, 0.00299, 0.00299, 0.05468, 0.03404, 7.95%
Time spent: 4.08s
- Epoch 008, ExpID 98946
Train - Loss (one batch): 0.00283
Val - Loss, MSE, RMSE, MAE, MAPE: 0.00348, 0.00348, 0.05897, 0.03893, 10.16%
Test - Best epoch, Loss, MSE, RMSE, MAE, MAPE: 7, 0.00299, 0.00299, 0.05468, 0.03404, 7.95%
Time spent: 3.47s
- Epoch 009, ExpID 98946
Train - Loss (one batch): 0.00360
Val - Loss, MSE, RMSE, MAE, MAPE: 0.00316, 0.00316, 0.05620, 0.03403, 8.63%
Test - Best epoch, Loss, MSE, RMSE, MAE, MAPE: 9, 0.00297, 0.00297, 0.05453, 0.03345, 7.59%
Time spent: 4.12s
- Epoch 010, ExpID 98946
Train - Loss (one batch): 0.00232
Val - Loss, MSE, RMSE, MAE, MAPE: 0.00314, 0.00314, 0.05606, 0.03404, 8.64%
Test - Best epoch, Loss, MSE, RMSE, MAE, MAPE: 10, 0.00296, 0.00296, 0.05438, 0.03341, 7.58%
Time spent: 4.08s
- Epoch 011, ExpID 98946
Train - Loss (one batch): 0.00359
Val - Loss, MSE, RMSE, MAE, MAPE: 0.00312, 0.00312, 0.05589, 0.03372, 8.64%
Test - Best epoch, Loss, MSE, RMSE, MAE, MAPE: 11, 0.00294, 0.00294, 0.05422, 0.03310, 7.57%
Time spent: 3.91s
- Epoch 012, ExpID 98946
Train - Loss (one batch): 0.00473
Val - Loss, MSE, RMSE, MAE, MAPE: 0.00316, 0.00316, 0.05619, 0.03458, 8.66%
Test - Best epoch, Loss, MSE, RMSE, MAE, MAPE: 11, 0.00294, 0.00294, 0.05422, 0.03310, 7.57%
Time spent: 3.49s
- Epoch 013, ExpID 98946
Train - Loss (one batch): 0.00432
Val - Loss, MSE, RMSE, MAE, MAPE: 0.00311, 0.00311, 0.05581, 0.03384, 8.54%
Test - Best epoch, Loss, MSE, RMSE, MAE, MAPE: 13, 0.00294, 0.00294, 0.05420, 0.03333, 7.54%
Time spent: 4.10s
- Epoch 014, ExpID 98946
Train - Loss (one batch): 0.00339
Val - Loss, MSE, RMSE, MAE, MAPE: 0.00308, 0.00308, 0.05546, 0.03375, 8.60%
Test - Best epoch, Loss, MSE, RMSE, MAE, MAPE: 14, 0.00291, 0.00291, 0.05395, 0.03331, 7.58%
Time spent: 3.86s
- Epoch 015, ExpID 98946
Train - Loss (one batch): 0.00262
Val - Loss, MSE, RMSE, MAE, MAPE: 0.00306, 0.00306, 0.05534, 0.03340, 8.56%
Test - Best epoch, Loss, MSE, RMSE, MAE, MAPE: 15, 0.00289, 0.00289, 0.05379, 0.03287, 7.55%
Time spent: 3.97s
- Epoch 016, ExpID 98946
Train - Loss (one batch): 0.00279
Val - Loss, MSE, RMSE, MAE, MAPE: 0.00310, 0.00310, 0.05568, 0.03413, 8.91%
Test - Best epoch, Loss, MSE, RMSE, MAE, MAPE: 15, 0.00289, 0.00289, 0.05379, 0.03287, 7.55%
Time spent: 3.48s
- Epoch 017, ExpID 98946
Train - Loss (one batch): 0.00225
Val - Loss, MSE, RMSE, MAE, MAPE: 0.00330, 0.00330, 0.05749, 0.03713, 9.75%
Test - Best epoch, Loss, MSE, RMSE, MAE, MAPE: 15, 0.00289, 0.00289, 0.05379, 0.03287, 7.55%
Time spent: 3.55s
- Epoch 018, ExpID 98946
Train - Loss (one batch): 0.00225
Val - Loss, MSE, RMSE, MAE, MAPE: 0.00325, 0.00325, 0.05704, 0.03642, 9.47%
Test - Best epoch, Loss, MSE, RMSE, MAE, MAPE: 15, 0.00289, 0.00289, 0.05379, 0.03287, 7.55%
Time spent: 3.48s
- Epoch 019, ExpID 98946
Train - Loss (one batch): 0.00483
Val - Loss, MSE, RMSE, MAE, MAPE: 0.00387, 0.00387, 0.06223, 0.04378, 10.87%
Test - Best epoch, Loss, MSE, RMSE, MAE, MAPE: 15, 0.00289, 0.00289, 0.05379, 0.03287, 7.55%
Time spent: 3.51s
- Epoch 020, ExpID 98946
Train - Loss (one batch): 0.00302
Val - Loss, MSE, RMSE, MAE, MAPE: 0.00322, 0.00322, 0.05672, 0.03581, 9.20%
Test - Best epoch, Loss, MSE, RMSE, MAE, MAPE: 15, 0.00289, 0.00289, 0.05379, 0.03287, 7.55%
Time spent: 3.60s
- Epoch 021, ExpID 98946
Train - Loss (one batch): 0.00238
Val - Loss, MSE, RMSE, MAE, MAPE: 0.00304, 0.00304, 0.05512, 0.03331, 8.53%
Test - Best epoch, Loss, MSE, RMSE, MAE, MAPE: 21, 0.00286, 0.00286, 0.05350, 0.03276, 7.53%
Time spent: 4.11s
- Epoch 022, ExpID 98946
Train - Loss (one batch): 0.00256
Val - Loss, MSE, RMSE, MAE, MAPE: 0.00310, 0.00310, 0.05569, 0.03414, 8.78%
Test - Best epoch, Loss, MSE, RMSE, MAE, MAPE: 21, 0.00286, 0.00286, 0.05350, 0.03276, 7.53%
Time spent: 3.55s
- Epoch 023, ExpID 98946
Train - Loss (one batch): 0.00349
Val - Loss, MSE, RMSE, MAE, MAPE: 0.00303, 0.00303, 0.05506, 0.03345, 8.43%
Test - Best epoch, Loss, MSE, RMSE, MAE, MAPE: 23, 0.00286, 0.00286, 0.05349, 0.03293, 7.46%
Time spent: 3.99s
- Epoch 024, ExpID 98946
Train - Loss (one batch): 0.00254
Val - Loss, MSE, RMSE, MAE, MAPE: 0.00327, 0.00327, 0.05714, 0.03701, 9.60%
Test - Best epoch, Loss, MSE, RMSE, MAE, MAPE: 23, 0.00286, 0.00286, 0.05349, 0.03293, 7.46%
Time spent: 3.37s
- Epoch 025, ExpID 98946
Train - Loss (one batch): 0.00313
Val - Loss, MSE, RMSE, MAE, MAPE: 0.00343, 0.00343, 0.05858, 0.03942, 10.14%
Test - Best epoch, Loss, MSE, RMSE, MAE, MAPE: 23, 0.00286, 0.00286, 0.05349, 0.03293, 7.46%
Time spent: 3.44s
- Epoch 026, ExpID 98946
Train - Loss (one batch): 0.00344
Val - Loss, MSE, RMSE, MAE, MAPE: 0.00307, 0.00307, 0.05543, 0.03472, 8.64%
Test - Best epoch, Loss, MSE, RMSE, MAE, MAPE: 23, 0.00286, 0.00286, 0.05349, 0.03293, 7.46%
Time spent: 3.44s
- Epoch 027, ExpID 98946
Train - Loss (one batch): 0.00189
Val - Loss, MSE, RMSE, MAE, MAPE: 0.00303, 0.00303, 0.05505, 0.03384, 8.80%
Test - Best epoch, Loss, MSE, RMSE, MAE, MAPE: 27, 0.00286, 0.00286, 0.05353, 0.03324, 7.75%
Time spent: 3.92s
- Epoch 028, ExpID 98946
Train - Loss (one batch): 0.00223
Val - Loss, MSE, RMSE, MAE, MAPE: 0.00299, 0.00299, 0.05472, 0.03346, 8.47%
Test - Best epoch, Loss, MSE, RMSE, MAE, MAPE: 28, 0.00284, 0.00284, 0.05327, 0.03297, 7.48%
Time spent: 3.84s
- Epoch 029, ExpID 98946
Train - Loss (one batch): 0.00233
Val - Loss, MSE, RMSE, MAE, MAPE: 0.00319, 0.00319, 0.05652, 0.03654, 9.61%
Test - Best epoch, Loss, MSE, RMSE, MAE, MAPE: 28, 0.00284, 0.00284, 0.05327, 0.03297, 7.48%
Time spent: 3.28s
- Epoch 030, ExpID 98946
Train - Loss (one batch): 0.00350
Val - Loss, MSE, RMSE, MAE, MAPE: 0.00316, 0.00316, 0.05618, 0.03601, 8.77%
Test - Best epoch, Loss, MSE, RMSE, MAE, MAPE: 28, 0.00284, 0.00284, 0.05327, 0.03297, 7.48%
Time spent: 3.42s
- Epoch 031, ExpID 98946
Train - Loss (one batch): 0.00228
Val - Loss, MSE, RMSE, MAE, MAPE: 0.00295, 0.00295, 0.05429, 0.03298, 8.39%
Test - Best epoch, Loss, MSE, RMSE, MAE, MAPE: 31, 0.00280, 0.00280, 0.05288, 0.03260, 7.43%
Time spent: 3.92s
- Epoch 032, ExpID 98946
Train - Loss (one batch): 0.00335
Val - Loss, MSE, RMSE, MAE, MAPE: 0.00303, 0.00303, 0.05507, 0.03479, 8.68%
Test - Best epoch, Loss, MSE, RMSE, MAE, MAPE: 31, 0.00280, 0.00280, 0.05288, 0.03260, 7.43%
Time spent: 3.38s
- Epoch 033, ExpID 98946
Train - Loss (one batch): 0.00202
Val - Loss, MSE, RMSE, MAE, MAPE: 0.00293, 0.00293, 0.05413, 0.03300, 8.43%
Test - Best epoch, Loss, MSE, RMSE, MAE, MAPE: 33, 0.00280, 0.00280, 0.05288, 0.03272, 7.48%
Time spent: 3.91s
- Epoch 034, ExpID 98946
Train - Loss (one batch): 0.00206
Val - Loss, MSE, RMSE, MAE, MAPE: 0.00294, 0.00294, 0.05422, 0.03322, 8.40%
Test - Best epoch, Loss, MSE, RMSE, MAE, MAPE: 33, 0.00280, 0.00280, 0.05288, 0.03272, 7.48%
Time spent: 3.29s
- Epoch 035, ExpID 98946
Train - Loss (one batch): 0.00289
Val - Loss, MSE, RMSE, MAE, MAPE: 0.00293, 0.00293, 0.05417, 0.03273, 8.37%
Test - Best epoch, Loss, MSE, RMSE, MAE, MAPE: 33, 0.00280, 0.00280, 0.05288, 0.03272, 7.48%
Time spent: 3.38s
- Epoch 036, ExpID 98946
Train - Loss (one batch): 0.00174
Val - Loss, MSE, RMSE, MAE, MAPE: 0.00295, 0.00295, 0.05434, 0.03316, 8.44%
Test - Best epoch, Loss, MSE, RMSE, MAE, MAPE: 33, 0.00280, 0.00280, 0.05288, 0.03272, 7.48%
Time spent: 3.44s
- Epoch 037, ExpID 98946
Train - Loss (one batch): 0.00285
Val - Loss, MSE, RMSE, MAE, MAPE: 0.00297, 0.00297, 0.05448, 0.03315, 8.43%
Test - Best epoch, Loss, MSE, RMSE, MAE, MAPE: 33, 0.00280, 0.00280, 0.05288, 0.03272, 7.48%
Time spent: 3.51s
- Epoch 038, ExpID 98946
Train - Loss (one batch): 0.00302
Val - Loss, MSE, RMSE, MAE, MAPE: 0.00295, 0.00295, 0.05431, 0.03327, 8.41%
Test - Best epoch, Loss, MSE, RMSE, MAE, MAPE: 33, 0.00280, 0.00280, 0.05288, 0.03272, 7.48%
Time spent: 3.45s
- Epoch 039, ExpID 98946
Train - Loss (one batch): 0.00355
Val - Loss, MSE, RMSE, MAE, MAPE: 0.00299, 0.00299, 0.05468, 0.03443, 8.57%
Test - Best epoch, Loss, MSE, RMSE, MAE, MAPE: 33, 0.00280, 0.00280, 0.05288, 0.03272, 7.48%
Time spent: 3.60s
- Epoch 040, ExpID 98946
Train - Loss (one batch): 0.00151
Val - Loss, MSE, RMSE, MAE, MAPE: 0.00297, 0.00297, 0.05451, 0.03342, 8.56%
Test - Best epoch, Loss, MSE, RMSE, MAE, MAPE: 33, 0.00280, 0.00280, 0.05288, 0.03272, 7.48%
Time spent: 3.47s
- Epoch 041, ExpID 98946
Train - Loss (one batch): 0.00204
Val - Loss, MSE, RMSE, MAE, MAPE: 0.00304, 0.00304, 0.05515, 0.03501, 8.61%
Test - Best epoch, Loss, MSE, RMSE, MAE, MAPE: 33, 0.00280, 0.00280, 0.05288, 0.03272, 7.48%
Time spent: 3.45s
- Epoch 042, ExpID 98946
Train - Loss (one batch): 0.00247
Val - Loss, MSE, RMSE, MAE, MAPE: 0.00303, 0.00303, 0.05504, 0.03464, 9.00%
Test - Best epoch, Loss, MSE, RMSE, MAE, MAPE: 33, 0.00280, 0.00280, 0.05288, 0.03272, 7.48%
Time spent: 3.43s
- Epoch 043, ExpID 98946
Train - Loss (one batch): 0.00198
Val - Loss, MSE, RMSE, MAE, MAPE: 0.00294, 0.00294, 0.05426, 0.03301, 8.42%
Test - Best epoch, Loss, MSE, RMSE, MAE, MAPE: 33, 0.00280, 0.00280, 0.05288, 0.03272, 7.48%
Time spent: 3.45s
/home/ouass/Test/MSP-IMTS/tPatchGNN/run_models.py
2025-11-17 15:38:52
run_models.py --dataset activity --state def --history 3000 --patience 10 --batch_size 32 --lr 1e-3 --patch_size 300 --stride 300 --nhead 1 --tf_layer 1 --nlayer 1 --te_dim 10 --node_dim 10 --hid_dim 32 --outlayer Linear --seed 2 --gpu 0 --save experiments/activity_SS_ps300_s300_seed2
Namespace(multi_scales='', multi_strides='', fusion='concat', state='def', n=100000000, hop=1, nhead=1, tf_layer=1, nlayer=1, epoch=1000, patience=10, history=3000, patch_size=300.0, stride=300.0, logmode='a', lr=0.001, w_decay=0.0, batch_size=32, save='experiments/activity_SS_ps300_s300_seed2', load=None, seed=2, dataset='activity', quantization=0.0, model='tPatchGNN', outlayer='Linear', hid_dim=32, te_dim=10, node_dim=10, gpu='0', npatch=10, device=device(type='cuda'), PID=1888975, pred_window=1000, ndim=12)
- Epoch 000, ExpID 18187
Train - Loss (one batch): 0.00350
Val - Loss, MSE, RMSE, MAE, MAPE: 0.00391, 0.00391, 0.06250, 0.04224, 10.52%
Test - Best epoch, Loss, MSE, RMSE, MAE, MAPE: 0, 0.00371, 0.00371, 0.06087, 0.04123, 9.26%
Time spent: 4.37s
- Epoch 001, ExpID 18187
Train - Loss (one batch): 0.00371
Val - Loss, MSE, RMSE, MAE, MAPE: 0.00353, 0.00353, 0.05942, 0.03869, 9.44%
Test - Best epoch, Loss, MSE, RMSE, MAE, MAPE: 1, 0.00337, 0.00337, 0.05808, 0.03808, 8.40%
Time spent: 3.78s
- Epoch 002, ExpID 18187
Train - Loss (one batch): 0.00406
Val - Loss, MSE, RMSE, MAE, MAPE: 0.00318, 0.00318, 0.05641, 0.03405, 8.84%
Test - Best epoch, Loss, MSE, RMSE, MAE, MAPE: 2, 0.00303, 0.00303, 0.05504, 0.03345, 7.76%
Time spent: 3.86s
- Epoch 003, ExpID 18187
Train - Loss (one batch): 0.00336
Val - Loss, MSE, RMSE, MAE, MAPE: 0.00369, 0.00369, 0.06076, 0.04095, 9.89%
Test - Best epoch, Loss, MSE, RMSE, MAE, MAPE: 2, 0.00303, 0.00303, 0.05504, 0.03345, 7.76%
Time spent: 3.36s
- Epoch 004, ExpID 18187
Train - Loss (one batch): 0.00512
Val - Loss, MSE, RMSE, MAE, MAPE: 0.00327, 0.00327, 0.05719, 0.03656, 9.71%
Test - Best epoch, Loss, MSE, RMSE, MAE, MAPE: 2, 0.00303, 0.00303, 0.05504, 0.03345, 7.76%
Time spent: 3.23s
- Epoch 005, ExpID 18187
Train - Loss (one batch): 0.00327
Val - Loss, MSE, RMSE, MAE, MAPE: 0.00319, 0.00319, 0.05649, 0.03514, 8.75%
Test - Best epoch, Loss, MSE, RMSE, MAE, MAPE: 2, 0.00303, 0.00303, 0.05504, 0.03345, 7.76%
Time spent: 3.43s
- Epoch 006, ExpID 18187
Train - Loss (one batch): 0.00203
Val - Loss, MSE, RMSE, MAE, MAPE: 0.00323, 0.00323, 0.05688, 0.03618, 9.67%
Test - Best epoch, Loss, MSE, RMSE, MAE, MAPE: 2, 0.00303, 0.00303, 0.05504, 0.03345, 7.76%
Time spent: 3.29s
- Epoch 007, ExpID 18187
Train - Loss (one batch): 0.00319
Val - Loss, MSE, RMSE, MAE, MAPE: 0.00319, 0.00319, 0.05650, 0.03426, 8.69%
Test - Best epoch, Loss, MSE, RMSE, MAE, MAPE: 2, 0.00303, 0.00303, 0.05504, 0.03345, 7.76%
Time spent: 3.43s
- Epoch 008, ExpID 18187
Train - Loss (one batch): 0.00231
Val - Loss, MSE, RMSE, MAE, MAPE: 0.00337, 0.00337, 0.05808, 0.03804, 9.77%
Test - Best epoch, Loss, MSE, RMSE, MAE, MAPE: 2, 0.00303, 0.00303, 0.05504, 0.03345, 7.76%
Time spent: 3.43s
- Epoch 009, ExpID 18187
Train - Loss (one batch): 0.00278
Val - Loss, MSE, RMSE, MAE, MAPE: 0.00307, 0.00307, 0.05540, 0.03303, 8.50%
Test - Best epoch, Loss, MSE, RMSE, MAE, MAPE: 9, 0.00294, 0.00294, 0.05420, 0.03265, 7.53%
Time spent: 4.08s
- Epoch 010, ExpID 18187
Train - Loss (one batch): 0.00359
Val - Loss, MSE, RMSE, MAE, MAPE: 0.00305, 0.00305, 0.05522, 0.03355, 8.82%
Test - Best epoch, Loss, MSE, RMSE, MAE, MAPE: 10, 0.00292, 0.00292, 0.05408, 0.03317, 7.81%
Time spent: 3.94s
- Epoch 011, ExpID 18187
Train - Loss (one batch): 0.00238
Val - Loss, MSE, RMSE, MAE, MAPE: 0.00308, 0.00308, 0.05546, 0.03398, 8.56%
Test - Best epoch, Loss, MSE, RMSE, MAE, MAPE: 10, 0.00292, 0.00292, 0.05408, 0.03317, 7.81%
Time spent: 3.65s
- Epoch 012, ExpID 18187
Train - Loss (one batch): 0.00192
Val - Loss, MSE, RMSE, MAE, MAPE: 0.00323, 0.00323, 0.05685, 0.03603, 9.23%
Test - Best epoch, Loss, MSE, RMSE, MAE, MAPE: 10, 0.00292, 0.00292, 0.05408, 0.03317, 7.81%
Time spent: 3.64s
- Epoch 013, ExpID 18187
Train - Loss (one batch): 0.00205
Val - Loss, MSE, RMSE, MAE, MAPE: 0.00319, 0.00319, 0.05652, 0.03594, 8.81%
Test - Best epoch, Loss, MSE, RMSE, MAE, MAPE: 10, 0.00292, 0.00292, 0.05408, 0.03317, 7.81%
Time spent: 3.49s
- Epoch 014, ExpID 18187
Train - Loss (one batch): 0.00217
Val - Loss, MSE, RMSE, MAE, MAPE: 0.00310, 0.00310, 0.05567, 0.03363, 8.52%
Test - Best epoch, Loss, MSE, RMSE, MAE, MAPE: 10, 0.00292, 0.00292, 0.05408, 0.03317, 7.81%
Time spent: 3.62s
- Epoch 015, ExpID 18187
Train - Loss (one batch): 0.00435
Val - Loss, MSE, RMSE, MAE, MAPE: 0.00302, 0.00302, 0.05498, 0.03282, 8.33%
Test - Best epoch, Loss, MSE, RMSE, MAE, MAPE: 15, 0.00289, 0.00289, 0.05373, 0.03238, 7.40%
Time spent: 4.17s
- Epoch 016, ExpID 18187
Train - Loss (one batch): 0.00240
Val - Loss, MSE, RMSE, MAE, MAPE: 0.00317, 0.00317, 0.05631, 0.03507, 8.76%
Test - Best epoch, Loss, MSE, RMSE, MAE, MAPE: 15, 0.00289, 0.00289, 0.05373, 0.03238, 7.40%
Time spent: 3.52s
- Epoch 017, ExpID 18187
Train - Loss (one batch): 0.00280
Val - Loss, MSE, RMSE, MAE, MAPE: 0.00299, 0.00299, 0.05467, 0.03256, 8.36%
Test - Best epoch, Loss, MSE, RMSE, MAE, MAPE: 17, 0.00286, 0.00286, 0.05352, 0.03220, 7.45%
Time spent: 4.15s
- Epoch 018, ExpID 18187
Train - Loss (one batch): 0.00277
Val - Loss, MSE, RMSE, MAE, MAPE: 0.00318, 0.00318, 0.05639, 0.03628, 9.55%
Test - Best epoch, Loss, MSE, RMSE, MAE, MAPE: 17, 0.00286, 0.00286, 0.05352, 0.03220, 7.45%
Time spent: 3.56s
- Epoch 019, ExpID 18187
Train - Loss (one batch): 0.00309
Val - Loss, MSE, RMSE, MAE, MAPE: 0.00318, 0.00318, 0.05641, 0.03520, 8.85%
Test - Best epoch, Loss, MSE, RMSE, MAE, MAPE: 17, 0.00286, 0.00286, 0.05352, 0.03220, 7.45%
Time spent: 3.65s
- Epoch 020, ExpID 18187
Train - Loss (one batch): 0.00325
Val - Loss, MSE, RMSE, MAE, MAPE: 0.00307, 0.00307, 0.05537, 0.03401, 8.55%
Test - Best epoch, Loss, MSE, RMSE, MAE, MAPE: 17, 0.00286, 0.00286, 0.05352, 0.03220, 7.45%
Time spent: 3.67s
- Epoch 021, ExpID 18187
Train - Loss (one batch): 0.00309
Val - Loss, MSE, RMSE, MAE, MAPE: 0.00309, 0.00309, 0.05560, 0.03441, 8.56%
Test - Best epoch, Loss, MSE, RMSE, MAE, MAPE: 17, 0.00286, 0.00286, 0.05352, 0.03220, 7.45%
Time spent: 3.66s
- Epoch 022, ExpID 18187
Train - Loss (one batch): 0.00269
Val - Loss, MSE, RMSE, MAE, MAPE: 0.00312, 0.00312, 0.05583, 0.03482, 8.85%
Test - Best epoch, Loss, MSE, RMSE, MAE, MAPE: 17, 0.00286, 0.00286, 0.05352, 0.03220, 7.45%
Time spent: 3.57s
- Epoch 023, ExpID 18187
Train - Loss (one batch): 0.00352
Val - Loss, MSE, RMSE, MAE, MAPE: 0.00302, 0.00302, 0.05493, 0.03319, 8.44%
Test - Best epoch, Loss, MSE, RMSE, MAE, MAPE: 17, 0.00286, 0.00286, 0.05352, 0.03220, 7.45%
Time spent: 3.65s
- Epoch 024, ExpID 18187
Train - Loss (one batch): 0.00275
Val - Loss, MSE, RMSE, MAE, MAPE: 0.00299, 0.00299, 0.05469, 0.03304, 8.44%
Test - Best epoch, Loss, MSE, RMSE, MAE, MAPE: 17, 0.00286, 0.00286, 0.05352, 0.03220, 7.45%
Time spent: 3.55s
- Epoch 025, ExpID 18187
Train - Loss (one batch): 0.00186
Val - Loss, MSE, RMSE, MAE, MAPE: 0.00312, 0.00312, 0.05583, 0.03513, 8.94%
Test - Best epoch, Loss, MSE, RMSE, MAE, MAPE: 17, 0.00286, 0.00286, 0.05352, 0.03220, 7.45%
Time spent: 3.52s
- Epoch 026, ExpID 18187
Train - Loss (one batch): 0.00346
Val - Loss, MSE, RMSE, MAE, MAPE: 0.00299, 0.00299, 0.05467, 0.03315, 8.55%
Test - Best epoch, Loss, MSE, RMSE, MAE, MAPE: 17, 0.00286, 0.00286, 0.05352, 0.03220, 7.45%
Time spent: 3.50s
- Epoch 027, ExpID 18187
Train - Loss (one batch): 0.00276
Val - Loss, MSE, RMSE, MAE, MAPE: 0.00298, 0.00298, 0.05461, 0.03282, 8.37%
Test - Best epoch, Loss, MSE, RMSE, MAE, MAPE: 27, 0.00287, 0.00287, 0.05361, 0.03248, 7.47%
Time spent: 4.04s
- Epoch 028, ExpID 18187
Train - Loss (one batch): 0.00275
Val - Loss, MSE, RMSE, MAE, MAPE: 0.00296, 0.00296, 0.05443, 0.03287, 8.39%
Test - Best epoch, Loss, MSE, RMSE, MAE, MAPE: 28, 0.00286, 0.00286, 0.05346, 0.03244, 7.45%
Time spent: 4.01s
- Epoch 029, ExpID 18187
Train - Loss (one batch): 0.00255
Val - Loss, MSE, RMSE, MAE, MAPE: 0.00304, 0.00304, 0.05514, 0.03358, 8.47%
Test - Best epoch, Loss, MSE, RMSE, MAE, MAPE: 28, 0.00286, 0.00286, 0.05346, 0.03244, 7.45%
Time spent: 3.32s
- Epoch 030, ExpID 18187
Train - Loss (one batch): 0.00326
Val - Loss, MSE, RMSE, MAE, MAPE: 0.00293, 0.00293, 0.05415, 0.03274, 8.41%
Test - Best epoch, Loss, MSE, RMSE, MAE, MAPE: 30, 0.00284, 0.00284, 0.05330, 0.03235, 7.50%
Time spent: 3.79s
- Epoch 031, ExpID 18187
Train - Loss (one batch): 0.00197
Val - Loss, MSE, RMSE, MAE, MAPE: 0.00301, 0.00301, 0.05490, 0.03386, 8.44%
Test - Best epoch, Loss, MSE, RMSE, MAE, MAPE: 30, 0.00284, 0.00284, 0.05330, 0.03235, 7.50%
Time spent: 3.33s
- Epoch 032, ExpID 18187
Train - Loss (one batch): 0.00225
Val - Loss, MSE, RMSE, MAE, MAPE: 0.00302, 0.00302, 0.05493, 0.03384, 8.65%
Test - Best epoch, Loss, MSE, RMSE, MAE, MAPE: 30, 0.00284, 0.00284, 0.05330, 0.03235, 7.50%
Time spent: 3.66s
- Epoch 033, ExpID 18187
Train - Loss (one batch): 0.00221
Val - Loss, MSE, RMSE, MAE, MAPE: 0.00293, 0.00293, 0.05412, 0.03243, 8.35%
Test - Best epoch, Loss, MSE, RMSE, MAE, MAPE: 33, 0.00283, 0.00283, 0.05322, 0.03221, 7.45%
Time spent: 4.03s
- Epoch 034, ExpID 18187
Train - Loss (one batch): 0.00228
Val - Loss, MSE, RMSE, MAE, MAPE: 0.00292, 0.00292, 0.05404, 0.03313, 8.45%
Test - Best epoch, Loss, MSE, RMSE, MAE, MAPE: 34, 0.00284, 0.00284, 0.05332, 0.03304, 7.56%
Time spent: 3.78s
- Epoch 035, ExpID 18187
Train - Loss (one batch): 0.00411
Val - Loss, MSE, RMSE, MAE, MAPE: 0.00309, 0.00309, 0.05563, 0.03517, 8.70%
Test - Best epoch, Loss, MSE, RMSE, MAE, MAPE: 34, 0.00284, 0.00284, 0.05332, 0.03304, 7.56%
Time spent: 3.37s
- Epoch 036, ExpID 18187
Train - Loss (one batch): 0.00321
Val - Loss, MSE, RMSE, MAE, MAPE: 0.00292, 0.00292, 0.05405, 0.03238, 8.29%
Test - Best epoch, Loss, MSE, RMSE, MAE, MAPE: 34, 0.00284, 0.00284, 0.05332, 0.03304, 7.56%
Time spent: 3.44s
- Epoch 037, ExpID 18187
Train - Loss (one batch): 0.00261
Val - Loss, MSE, RMSE, MAE, MAPE: 0.00296, 0.00296, 0.05439, 0.03290, 8.33%
Test - Best epoch, Loss, MSE, RMSE, MAE, MAPE: 34, 0.00284, 0.00284, 0.05332, 0.03304, 7.56%
Time spent: 3.44s
- Epoch 038, ExpID 18187
Train - Loss (one batch): 0.00206
Val - Loss, MSE, RMSE, MAE, MAPE: 0.00316, 0.00316, 0.05625, 0.03596, 9.05%
Test - Best epoch, Loss, MSE, RMSE, MAE, MAPE: 34, 0.00284, 0.00284, 0.05332, 0.03304, 7.56%
Time spent: 3.44s
- Epoch 039, ExpID 18187
Train - Loss (one batch): 0.00195
Val - Loss, MSE, RMSE, MAE, MAPE: 0.00290, 0.00290, 0.05386, 0.03260, 8.44%
Test - Best epoch, Loss, MSE, RMSE, MAE, MAPE: 39, 0.00283, 0.00283, 0.05317, 0.03251, 7.58%
Time spent: 3.91s
- Epoch 040, ExpID 18187
Train - Loss (one batch): 0.00128
Val - Loss, MSE, RMSE, MAE, MAPE: 0.00293, 0.00293, 0.05418, 0.03296, 8.35%
Test - Best epoch, Loss, MSE, RMSE, MAE, MAPE: 39, 0.00283, 0.00283, 0.05317, 0.03251, 7.58%
Time spent: 3.36s
- Epoch 041, ExpID 18187
Train - Loss (one batch): 0.00344
Val - Loss, MSE, RMSE, MAE, MAPE: 0.00290, 0.00290, 0.05385, 0.03241, 8.30%
Test - Best epoch, Loss, MSE, RMSE, MAE, MAPE: 41, 0.00281, 0.00281, 0.05304, 0.03225, 7.42%
Time spent: 3.94s
- Epoch 042, ExpID 18187
Train - Loss (one batch): 0.00201
Val - Loss, MSE, RMSE, MAE, MAPE: 0.00286, 0.00286, 0.05348, 0.03227, 8.35%
Test - Best epoch, Loss, MSE, RMSE, MAE, MAPE: 42, 0.00278, 0.00278, 0.05271, 0.03213, 7.47%
Time spent: 3.89s
- Epoch 043, ExpID 18187
Train - Loss (one batch): 0.00219
Val - Loss, MSE, RMSE, MAE, MAPE: 0.00301, 0.00301, 0.05487, 0.03346, 8.48%
Test - Best epoch, Loss, MSE, RMSE, MAE, MAPE: 42, 0.00278, 0.00278, 0.05271, 0.03213, 7.47%
Time spent: 3.38s
- Epoch 044, ExpID 18187
Train - Loss (one batch): 0.00215
Val - Loss, MSE, RMSE, MAE, MAPE: 0.00288, 0.00288, 0.05363, 0.03201, 8.21%
Test - Best epoch, Loss, MSE, RMSE, MAE, MAPE: 42, 0.00278, 0.00278, 0.05271, 0.03213, 7.47%
Time spent: 3.41s
- Epoch 045, ExpID 18187
Train - Loss (one batch): 0.00229
Val - Loss, MSE, RMSE, MAE, MAPE: 0.00301, 0.00301, 0.05486, 0.03411, 8.67%
Test - Best epoch, Loss, MSE, RMSE, MAE, MAPE: 42, 0.00278, 0.00278, 0.05271, 0.03213, 7.47%
Time spent: 3.45s
- Epoch 046, ExpID 18187
Train - Loss (one batch): 0.00273
Val - Loss, MSE, RMSE, MAE, MAPE: 0.00289, 0.00289, 0.05374, 0.03242, 8.35%
Test - Best epoch, Loss, MSE, RMSE, MAE, MAPE: 42, 0.00278, 0.00278, 0.05271, 0.03213, 7.47%
Time spent: 3.65s
- Epoch 047, ExpID 18187
Train - Loss (one batch): 0.00219
Val - Loss, MSE, RMSE, MAE, MAPE: 0.00287, 0.00287, 0.05355, 0.03242, 8.50%
Test - Best epoch, Loss, MSE, RMSE, MAE, MAPE: 42, 0.00278, 0.00278, 0.05271, 0.03213, 7.47%
Time spent: 3.52s
- Epoch 048, ExpID 18187
Train - Loss (one batch): 0.00271
Val - Loss, MSE, RMSE, MAE, MAPE: 0.00287, 0.00287, 0.05354, 0.03241, 8.49%
Test - Best epoch, Loss, MSE, RMSE, MAE, MAPE: 42, 0.00278, 0.00278, 0.05271, 0.03213, 7.47%
Time spent: 3.57s
- Epoch 049, ExpID 18187
Train - Loss (one batch): 0.00262
Val - Loss, MSE, RMSE, MAE, MAPE: 0.00290, 0.00290, 0.05388, 0.03277, 8.44%
Test - Best epoch, Loss, MSE, RMSE, MAE, MAPE: 42, 0.00278, 0.00278, 0.05271, 0.03213, 7.47%
Time spent: 3.46s
- Epoch 050, ExpID 18187
Train - Loss (one batch): 0.00215
Val - Loss, MSE, RMSE, MAE, MAPE: 0.00317, 0.00317, 0.05630, 0.03693, 9.35%
Test - Best epoch, Loss, MSE, RMSE, MAE, MAPE: 42, 0.00278, 0.00278, 0.05271, 0.03213, 7.47%
Time spent: 3.51s
- Epoch 051, ExpID 18187
Train - Loss (one batch): 0.00268
Val - Loss, MSE, RMSE, MAE, MAPE: 0.00286, 0.00286, 0.05347, 0.03226, 8.24%
Test - Best epoch, Loss, MSE, RMSE, MAE, MAPE: 51, 0.00280, 0.00280, 0.05287, 0.03229, 7.37%
Time spent: 4.03s
- Epoch 052, ExpID 18187
Train - Loss (one batch): 0.00389
Val - Loss, MSE, RMSE, MAE, MAPE: 0.00285, 0.00285, 0.05340, 0.03221, 8.27%
Test - Best epoch, Loss, MSE, RMSE, MAE, MAPE: 52, 0.00276, 0.00276, 0.05257, 0.03200, 7.37%
Time spent: 3.99s
- Epoch 053, ExpID 18187
Train - Loss (one batch): 0.00148
Val - Loss, MSE, RMSE, MAE, MAPE: 0.00287, 0.00287, 0.05355, 0.03249, 8.43%
Test - Best epoch, Loss, MSE, RMSE, MAE, MAPE: 52, 0.00276, 0.00276, 0.05257, 0.03200, 7.37%
Time spent: 3.45s
- Epoch 054, ExpID 18187
Train - Loss (one batch): 0.00292
Val - Loss, MSE, RMSE, MAE, MAPE: 0.00286, 0.00286, 0.05345, 0.03199, 8.14%
Test - Best epoch, Loss, MSE, RMSE, MAE, MAPE: 52, 0.00276, 0.00276, 0.05257, 0.03200, 7.37%
Time spent: 3.51s
- Epoch 055, ExpID 18187
Train - Loss (one batch): 0.00269
Val - Loss, MSE, RMSE, MAE, MAPE: 0.00288, 0.00288, 0.05370, 0.03261, 8.34%
Test - Best epoch, Loss, MSE, RMSE, MAE, MAPE: 52, 0.00276, 0.00276, 0.05257, 0.03200, 7.37%
Time spent: 3.58s
- Epoch 056, ExpID 18187
Train - Loss (one batch): 0.00281
Val - Loss, MSE, RMSE, MAE, MAPE: 0.00284, 0.00284, 0.05333, 0.03231, 8.18%
Test - Best epoch, Loss, MSE, RMSE, MAE, MAPE: 56, 0.00277, 0.00277, 0.05262, 0.03222, 7.34%
Time spent: 4.06s
- Epoch 057, ExpID 18187
Train - Loss (one batch): 0.00246
Val - Loss, MSE, RMSE, MAE, MAPE: 0.00295, 0.00295, 0.05432, 0.03381, 8.63%
Test - Best epoch, Loss, MSE, RMSE, MAE, MAPE: 56, 0.00277, 0.00277, 0.05262, 0.03222, 7.34%
Time spent: 3.47s
- Epoch 058, ExpID 18187
Train - Loss (one batch): 0.00225
Val - Loss, MSE, RMSE, MAE, MAPE: 0.00293, 0.00293, 0.05411, 0.03340, 8.43%
Test - Best epoch, Loss, MSE, RMSE, MAE, MAPE: 56, 0.00277, 0.00277, 0.05262, 0.03222, 7.34%
Time spent: 3.51s
- Epoch 059, ExpID 18187
Train - Loss (one batch): 0.00245
Val - Loss, MSE, RMSE, MAE, MAPE: 0.00284, 0.00284, 0.05332, 0.03207, 8.15%
Test - Best epoch, Loss, MSE, RMSE, MAE, MAPE: 59, 0.00275, 0.00275, 0.05246, 0.03187, 7.27%
Time spent: 4.01s
- Epoch 060, ExpID 18187
Train - Loss (one batch): 0.00234
Val - Loss, MSE, RMSE, MAE, MAPE: 0.00283, 0.00283, 0.05317, 0.03232, 8.36%
Test - Best epoch, Loss, MSE, RMSE, MAE, MAPE: 60, 0.00277, 0.00277, 0.05259, 0.03231, 7.49%
Time spent: 4.01s
- Epoch 061, ExpID 18187
Train - Loss (one batch): 0.00223
Val - Loss, MSE, RMSE, MAE, MAPE: 0.00283, 0.00283, 0.05323, 0.03289, 8.40%
Test - Best epoch, Loss, MSE, RMSE, MAE, MAPE: 60, 0.00277, 0.00277, 0.05259, 0.03231, 7.49%
Time spent: 3.46s
- Epoch 062, ExpID 18187
Train - Loss (one batch): 0.00482
Val - Loss, MSE, RMSE, MAE, MAPE: 0.00279, 0.00279, 0.05279, 0.03160, 8.16%
Test - Best epoch, Loss, MSE, RMSE, MAE, MAPE: 62, 0.00272, 0.00272, 0.05213, 0.03159, 7.31%
Time spent: 4.01s
- Epoch 063, ExpID 18187
Train - Loss (one batch): 0.00237
Val - Loss, MSE, RMSE, MAE, MAPE: 0.00279, 0.00279, 0.05284, 0.03181, 8.16%
Test - Best epoch, Loss, MSE, RMSE, MAE, MAPE: 62, 0.00272, 0.00272, 0.05213, 0.03159, 7.31%
Time spent: 3.46s
- Epoch 064, ExpID 18187
Train - Loss (one batch): 0.00254
Val - Loss, MSE, RMSE, MAE, MAPE: 0.00279, 0.00279, 0.05278, 0.03206, 8.44%
Test - Best epoch, Loss, MSE, RMSE, MAE, MAPE: 64, 0.00273, 0.00273, 0.05224, 0.03215, 7.56%
Time spent: 4.03s
- Epoch 065, ExpID 18187
Train - Loss (one batch): 0.00295
Val - Loss, MSE, RMSE, MAE, MAPE: 0.00284, 0.00284, 0.05330, 0.03259, 8.40%
Test - Best epoch, Loss, MSE, RMSE, MAE, MAPE: 64, 0.00273, 0.00273, 0.05224, 0.03215, 7.56%
Time spent: 3.50s
- Epoch 066, ExpID 18187
Train - Loss (one batch): 0.00228
Val - Loss, MSE, RMSE, MAE, MAPE: 0.00288, 0.00288, 0.05370, 0.03329, 8.59%
Test - Best epoch, Loss, MSE, RMSE, MAE, MAPE: 64, 0.00273, 0.00273, 0.05224, 0.03215, 7.56%
Time spent: 3.45s
- Epoch 067, ExpID 18187
Train - Loss (one batch): 0.00220
Val - Loss, MSE, RMSE, MAE, MAPE: 0.00286, 0.00286, 0.05349, 0.03246, 8.23%
Test - Best epoch, Loss, MSE, RMSE, MAE, MAPE: 64, 0.00273, 0.00273, 0.05224, 0.03215, 7.56%
Time spent: 3.49s
- Epoch 068, ExpID 18187
Train - Loss (one batch): 0.00338
Val - Loss, MSE, RMSE, MAE, MAPE: 0.00281, 0.00281, 0.05304, 0.03230, 8.45%
Test - Best epoch, Loss, MSE, RMSE, MAE, MAPE: 64, 0.00273, 0.00273, 0.05224, 0.03215, 7.56%
Time spent: 3.48s
- Epoch 069, ExpID 18187
Train - Loss (one batch): 0.00297
Val - Loss, MSE, RMSE, MAE, MAPE: 0.00282, 0.00282, 0.05309, 0.03224, 8.24%
Test - Best epoch, Loss, MSE, RMSE, MAE, MAPE: 64, 0.00273, 0.00273, 0.05224, 0.03215, 7.56%
Time spent: 3.56s
- Epoch 070, ExpID 18187
Train - Loss (one batch): 0.00184
Val - Loss, MSE, RMSE, MAE, MAPE: 0.00283, 0.00283, 0.05322, 0.03241, 8.26%
Test - Best epoch, Loss, MSE, RMSE, MAE, MAPE: 64, 0.00273, 0.00273, 0.05224, 0.03215, 7.56%
Time spent: 3.56s
- Epoch 071, ExpID 18187
Train - Loss (one batch): 0.00219
Val - Loss, MSE, RMSE, MAE, MAPE: 0.00300, 0.00300, 0.05480, 0.03554, 9.14%
Test - Best epoch, Loss, MSE, RMSE, MAE, MAPE: 64, 0.00273, 0.00273, 0.05224, 0.03215, 7.56%
Time spent: 3.55s
- Epoch 072, ExpID 18187
Train - Loss (one batch): 0.00226
Val - Loss, MSE, RMSE, MAE, MAPE: 0.00280, 0.00280, 0.05291, 0.03215, 8.26%
Test - Best epoch, Loss, MSE, RMSE, MAE, MAPE: 64, 0.00273, 0.00273, 0.05224, 0.03215, 7.56%
Time spent: 3.48s
- Epoch 073, ExpID 18187
Train - Loss (one batch): 0.00332
Val - Loss, MSE, RMSE, MAE, MAPE: 0.00291, 0.00291, 0.05399, 0.03371, 8.42%
Test - Best epoch, Loss, MSE, RMSE, MAE, MAPE: 64, 0.00273, 0.00273, 0.05224, 0.03215, 7.56%
Time spent: 3.41s
- Epoch 074, ExpID 18187
Train - Loss (one batch): 0.00311
Val - Loss, MSE, RMSE, MAE, MAPE: 0.00278, 0.00278, 0.05276, 0.03183, 8.23%
Test - Best epoch, Loss, MSE, RMSE, MAE, MAPE: 74, 0.00272, 0.00272, 0.05211, 0.03179, 7.34%
Time spent: 4.02s
- Epoch 075, ExpID 18187
Train - Loss (one batch): 0.00279
Val - Loss, MSE, RMSE, MAE, MAPE: 0.00283, 0.00283, 0.05318, 0.03239, 8.20%
Test - Best epoch, Loss, MSE, RMSE, MAE, MAPE: 74, 0.00272, 0.00272, 0.05211, 0.03179, 7.34%
Time spent: 3.44s
- Epoch 076, ExpID 18187
Train - Loss (one batch): 0.00214
Val - Loss, MSE, RMSE, MAE, MAPE: 0.00285, 0.00285, 0.05339, 0.03316, 8.33%
Test - Best epoch, Loss, MSE, RMSE, MAE, MAPE: 74, 0.00272, 0.00272, 0.05211, 0.03179, 7.34%
Time spent: 3.52s
- Epoch 077, ExpID 18187
Train - Loss (one batch): 0.00198
Val - Loss, MSE, RMSE, MAE, MAPE: 0.00283, 0.00283, 0.05322, 0.03271, 8.12%
Test - Best epoch, Loss, MSE, RMSE, MAE, MAPE: 74, 0.00272, 0.00272, 0.05211, 0.03179, 7.34%
Time spent: 3.51s
- Epoch 078, ExpID 18187
Train - Loss (one batch): 0.00264
Val - Loss, MSE, RMSE, MAE, MAPE: 0.00274, 0.00274, 0.05231, 0.03122, 8.02%
Test - Best epoch, Loss, MSE, RMSE, MAE, MAPE: 78, 0.00267, 0.00267, 0.05168, 0.03115, 7.17%
Time spent: 4.01s
- Epoch 079, ExpID 18187
Train - Loss (one batch): 0.00189
Val - Loss, MSE, RMSE, MAE, MAPE: 0.00276, 0.00276, 0.05254, 0.03157, 8.14%
Test - Best epoch, Loss, MSE, RMSE, MAE, MAPE: 78, 0.00267, 0.00267, 0.05168, 0.03115, 7.17%
Time spent: 3.47s
- Epoch 080, ExpID 18187
Train - Loss (one batch): 0.00246
Val - Loss, MSE, RMSE, MAE, MAPE: 0.00280, 0.00280, 0.05294, 0.03240, 8.19%
Test - Best epoch, Loss, MSE, RMSE, MAE, MAPE: 78, 0.00267, 0.00267, 0.05168, 0.03115, 7.17%
Time spent: 3.51s
- Epoch 081, ExpID 18187
Train - Loss (one batch): 0.00311
Val - Loss, MSE, RMSE, MAE, MAPE: 0.00280, 0.00280, 0.05289, 0.03191, 8.08%
Test - Best epoch, Loss, MSE, RMSE, MAE, MAPE: 78, 0.00267, 0.00267, 0.05168, 0.03115, 7.17%
Time spent: 3.50s
- Epoch 082, ExpID 18187
Train - Loss (one batch): 0.00477
Val - Loss, MSE, RMSE, MAE, MAPE: 0.00273, 0.00273, 0.05229, 0.03129, 8.13%
Test - Best epoch, Loss, MSE, RMSE, MAE, MAPE: 82, 0.00266, 0.00266, 0.05158, 0.03132, 7.27%
Time spent: 3.95s
- Epoch 083, ExpID 18187
Train - Loss (one batch): 0.00170
Val - Loss, MSE, RMSE, MAE, MAPE: 0.00292, 0.00292, 0.05402, 0.03346, 8.39%
Test - Best epoch, Loss, MSE, RMSE, MAE, MAPE: 82, 0.00266, 0.00266, 0.05158, 0.03132, 7.27%
Time spent: 3.38s
- Epoch 084, ExpID 18187
Train - Loss (one batch): 0.00228
Val - Loss, MSE, RMSE, MAE, MAPE: 0.00278, 0.00278, 0.05274, 0.03193, 8.04%
Test - Best epoch, Loss, MSE, RMSE, MAE, MAPE: 82, 0.00266, 0.00266, 0.05158, 0.03132, 7.27%
Time spent: 3.43s
- Epoch 085, ExpID 18187
Train - Loss (one batch): 0.00229
Val - Loss, MSE, RMSE, MAE, MAPE: 0.00288, 0.00288, 0.05365, 0.03357, 8.37%
Test - Best epoch, Loss, MSE, RMSE, MAE, MAPE: 82, 0.00266, 0.00266, 0.05158, 0.03132, 7.27%
Time spent: 3.45s
- Epoch 086, ExpID 18187
Train - Loss (one batch): 0.00249
Val - Loss, MSE, RMSE, MAE, MAPE: 0.00278, 0.00278, 0.05275, 0.03180, 8.09%
Test - Best epoch, Loss, MSE, RMSE, MAE, MAPE: 82, 0.00266, 0.00266, 0.05158, 0.03132, 7.27%
Time spent: 3.42s
- Epoch 087, ExpID 18187
Train - Loss (one batch): 0.00155
Val - Loss, MSE, RMSE, MAE, MAPE: 0.00280, 0.00280, 0.05294, 0.03231, 8.19%
Test - Best epoch, Loss, MSE, RMSE, MAE, MAPE: 82, 0.00266, 0.00266, 0.05158, 0.03132, 7.27%
Time spent: 3.43s
- Epoch 088, ExpID 18187
Train - Loss (one batch): 0.00168
Val - Loss, MSE, RMSE, MAE, MAPE: 0.00286, 0.00286, 0.05343, 0.03343, 8.24%
Test - Best epoch, Loss, MSE, RMSE, MAE, MAPE: 82, 0.00266, 0.00266, 0.05158, 0.03132, 7.27%
Time spent: 3.59s
- Epoch 089, ExpID 18187
Train - Loss (one batch): 0.00245
Val - Loss, MSE, RMSE, MAE, MAPE: 0.00276, 0.00276, 0.05250, 0.03155, 8.01%
Test - Best epoch, Loss, MSE, RMSE, MAE, MAPE: 82, 0.00266, 0.00266, 0.05158, 0.03132, 7.27%
Time spent: 3.70s
- Epoch 090, ExpID 18187
Train - Loss (one batch): 0.00208
Val - Loss, MSE, RMSE, MAE, MAPE: 0.00276, 0.00276, 0.05257, 0.03164, 8.06%
Test - Best epoch, Loss, MSE, RMSE, MAE, MAPE: 82, 0.00266, 0.00266, 0.05158, 0.03132, 7.27%
Time spent: 3.69s
- Epoch 091, ExpID 18187
Train - Loss (one batch): 0.00224
Val - Loss, MSE, RMSE, MAE, MAPE: 0.00277, 0.00277, 0.05261, 0.03198, 8.25%
Test - Best epoch, Loss, MSE, RMSE, MAE, MAPE: 82, 0.00266, 0.00266, 0.05158, 0.03132, 7.27%
Time spent: 3.46s
- Epoch 092, ExpID 18187
Train - Loss (one batch): 0.00280
Val - Loss, MSE, RMSE, MAE, MAPE: 0.00280, 0.00280, 0.05292, 0.03250, 8.22%
Test - Best epoch, Loss, MSE, RMSE, MAE, MAPE: 82, 0.00266, 0.00266, 0.05158, 0.03132, 7.27%
Time spent: 3.40s
/home/ouass/Test/MSP-IMTS/tPatchGNN/run_models.py
2025-11-17 15:44:35
run_models.py --dataset activity --state def --history 3000 --patience 10 --batch_size 32 --lr 1e-3 --patch_size 300 --stride 300 --nhead 1 --tf_layer 1 --nlayer 1 --te_dim 10 --node_dim 10 --hid_dim 32 --outlayer Linear --seed 3 --gpu 0 --save experiments/activity_SS_ps300_s300_seed3
Namespace(multi_scales='', multi_strides='', fusion='concat', state='def', n=100000000, hop=1, nhead=1, tf_layer=1, nlayer=1, epoch=1000, patience=10, history=3000, patch_size=300.0, stride=300.0, logmode='a', lr=0.001, w_decay=0.0, batch_size=32, save='experiments/activity_SS_ps300_s300_seed3', load=None, seed=3, dataset='activity', quantization=0.0, model='tPatchGNN', outlayer='Linear', hid_dim=32, te_dim=10, node_dim=10, gpu='0', npatch=10, device=device(type='cuda'), PID=1889041, pred_window=1000, ndim=12)
- Epoch 000, ExpID 47725
Train - Loss (one batch): 0.00276
Val - Loss, MSE, RMSE, MAE, MAPE: 0.00482, 0.00482, 0.06939, 0.04860, 12.43%
Test - Best epoch, Loss, MSE, RMSE, MAE, MAPE: 0, 0.00456, 0.00456, 0.06753, 0.04709, 10.88%
Time spent: 4.37s
- Epoch 001, ExpID 47725
Train - Loss (one batch): 0.00329
Val - Loss, MSE, RMSE, MAE, MAPE: 0.00435, 0.00435, 0.06598, 0.04802, 12.05%
Test - Best epoch, Loss, MSE, RMSE, MAE, MAPE: 1, 0.00417, 0.00417, 0.06455, 0.04697, 10.71%
Time spent: 3.77s
- Epoch 002, ExpID 47725
Train - Loss (one batch): 0.00210
Val - Loss, MSE, RMSE, MAE, MAPE: 0.00367, 0.00367, 0.06059, 0.04129, 10.49%
Test - Best epoch, Loss, MSE, RMSE, MAE, MAPE: 2, 0.00351, 0.00351, 0.05929, 0.04057, 9.34%
Time spent: 3.91s
- Epoch 003, ExpID 47725
Train - Loss (one batch): 0.00207
Val - Loss, MSE, RMSE, MAE, MAPE: 0.00353, 0.00353, 0.05944, 0.03956, 10.02%
Test - Best epoch, Loss, MSE, RMSE, MAE, MAPE: 3, 0.00339, 0.00339, 0.05826, 0.03906, 8.94%
Time spent: 3.75s
- Epoch 004, ExpID 47725
Train - Loss (one batch): 0.00238
Val - Loss, MSE, RMSE, MAE, MAPE: 0.00322, 0.00322, 0.05674, 0.03479, 8.78%
Test - Best epoch, Loss, MSE, RMSE, MAE, MAPE: 4, 0.00307, 0.00307, 0.05539, 0.03404, 7.72%
Time spent: 3.78s
- Epoch 005, ExpID 47725
Train - Loss (one batch): 0.00291
Val - Loss, MSE, RMSE, MAE, MAPE: 0.00309, 0.00309, 0.05559, 0.03379, 8.67%
Test - Best epoch, Loss, MSE, RMSE, MAE, MAPE: 5, 0.00295, 0.00295, 0.05429, 0.03319, 7.64%
Time spent: 3.67s
- Epoch 006, ExpID 47725
Train - Loss (one batch): 0.00362
Val - Loss, MSE, RMSE, MAE, MAPE: 0.00345, 0.00345, 0.05872, 0.03897, 9.86%
Test - Best epoch, Loss, MSE, RMSE, MAE, MAPE: 5, 0.00295, 0.00295, 0.05429, 0.03319, 7.64%
Time spent: 3.27s
- Epoch 007, ExpID 47725
Train - Loss (one batch): 0.00323
Val - Loss, MSE, RMSE, MAE, MAPE: 0.00333, 0.00333, 0.05774, 0.03739, 9.53%
Test - Best epoch, Loss, MSE, RMSE, MAE, MAPE: 5, 0.00295, 0.00295, 0.05429, 0.03319, 7.64%
Time spent: 3.42s
- Epoch 008, ExpID 47725
Train - Loss (one batch): 0.00421
Val - Loss, MSE, RMSE, MAE, MAPE: 0.00315, 0.00315, 0.05610, 0.03548, 9.51%
Test - Best epoch, Loss, MSE, RMSE, MAE, MAPE: 5, 0.00295, 0.00295, 0.05429, 0.03319, 7.64%
Time spent: 3.58s
- Epoch 009, ExpID 47725
Train - Loss (one batch): 0.00152
Val - Loss, MSE, RMSE, MAE, MAPE: 0.00344, 0.00344, 0.05868, 0.03944, 10.19%
Test - Best epoch, Loss, MSE, RMSE, MAE, MAPE: 5, 0.00295, 0.00295, 0.05429, 0.03319, 7.64%
Time spent: 3.59s
- Epoch 010, ExpID 47725
Train - Loss (one batch): 0.00343
Val - Loss, MSE, RMSE, MAE, MAPE: 0.00306, 0.00306, 0.05534, 0.03423, 8.93%
Test - Best epoch, Loss, MSE, RMSE, MAE, MAPE: 10, 0.00293, 0.00293, 0.05417, 0.03387, 7.90%
Time spent: 3.95s
- Epoch 011, ExpID 47725
Train - Loss (one batch): 0.00366
Val - Loss, MSE, RMSE, MAE, MAPE: 0.00309, 0.00309, 0.05563, 0.03446, 8.78%
Test - Best epoch, Loss, MSE, RMSE, MAE, MAPE: 10, 0.00293, 0.00293, 0.05417, 0.03387, 7.90%
Time spent: 3.29s
- Epoch 012, ExpID 47725
Train - Loss (one batch): 0.00235
Val - Loss, MSE, RMSE, MAE, MAPE: 0.00304, 0.00304, 0.05515, 0.03409, 8.78%
Test - Best epoch, Loss, MSE, RMSE, MAE, MAPE: 12, 0.00293, 0.00293, 0.05411, 0.03378, 7.82%
Time spent: 3.83s
- Epoch 013, ExpID 47725
Train - Loss (one batch): 0.00214
Val - Loss, MSE, RMSE, MAE, MAPE: 0.00347, 0.00347, 0.05895, 0.04053, 10.43%
Test - Best epoch, Loss, MSE, RMSE, MAE, MAPE: 12, 0.00293, 0.00293, 0.05411, 0.03378, 7.82%
Time spent: 3.22s
- Epoch 014, ExpID 47725
Train - Loss (one batch): 0.00153
Val - Loss, MSE, RMSE, MAE, MAPE: 0.00322, 0.00322, 0.05673, 0.03707, 9.59%
Test - Best epoch, Loss, MSE, RMSE, MAE, MAPE: 12, 0.00293, 0.00293, 0.05411, 0.03378, 7.82%
Time spent: 3.25s
- Epoch 015, ExpID 47725
Train - Loss (one batch): 0.00221
Val - Loss, MSE, RMSE, MAE, MAPE: 0.00300, 0.00300, 0.05479, 0.03338, 8.50%
Test - Best epoch, Loss, MSE, RMSE, MAE, MAPE: 15, 0.00290, 0.00290, 0.05387, 0.03310, 7.59%
Time spent: 3.82s
- Epoch 016, ExpID 47725
Train - Loss (one batch): 0.00241
Val - Loss, MSE, RMSE, MAE, MAPE: 0.00294, 0.00294, 0.05418, 0.03267, 8.47%
Test - Best epoch, Loss, MSE, RMSE, MAE, MAPE: 16, 0.00285, 0.00285, 0.05334, 0.03256, 7.56%
Time spent: 3.71s
- Epoch 017, ExpID 47725
Train - Loss (one batch): 0.00192
Val - Loss, MSE, RMSE, MAE, MAPE: 0.00356, 0.00356, 0.05965, 0.04157, 10.50%
Test - Best epoch, Loss, MSE, RMSE, MAE, MAPE: 16, 0.00285, 0.00285, 0.05334, 0.03256, 7.56%
Time spent: 3.20s
- Epoch 018, ExpID 47725
Train - Loss (one batch): 0.00262
Val - Loss, MSE, RMSE, MAE, MAPE: 0.00337, 0.00337, 0.05808, 0.03947, 10.22%
Test - Best epoch, Loss, MSE, RMSE, MAE, MAPE: 16, 0.00285, 0.00285, 0.05334, 0.03256, 7.56%
Time spent: 3.31s
- Epoch 019, ExpID 47725
Train - Loss (one batch): 0.00358
Val - Loss, MSE, RMSE, MAE, MAPE: 0.00294, 0.00294, 0.05418, 0.03319, 8.33%
Test - Best epoch, Loss, MSE, RMSE, MAE, MAPE: 16, 0.00285, 0.00285, 0.05334, 0.03256, 7.56%
Time spent: 3.65s
- Epoch 020, ExpID 47725
Train - Loss (one batch): 0.00266
Val - Loss, MSE, RMSE, MAE, MAPE: 0.00300, 0.00300, 0.05482, 0.03418, 8.85%
Test - Best epoch, Loss, MSE, RMSE, MAE, MAPE: 16, 0.00285, 0.00285, 0.05334, 0.03256, 7.56%
Time spent: 3.70s
- Epoch 021, ExpID 47725
Train - Loss (one batch): 0.00224
Val - Loss, MSE, RMSE, MAE, MAPE: 0.00301, 0.00301, 0.05483, 0.03431, 8.96%
Test - Best epoch, Loss, MSE, RMSE, MAE, MAPE: 16, 0.00285, 0.00285, 0.05334, 0.03256, 7.56%
Time spent: 3.53s
- Epoch 022, ExpID 47725
Train - Loss (one batch): 0.00360
Val - Loss, MSE, RMSE, MAE, MAPE: 0.00309, 0.00309, 0.05561, 0.03560, 9.16%
Test - Best epoch, Loss, MSE, RMSE, MAE, MAPE: 16, 0.00285, 0.00285, 0.05334, 0.03256, 7.56%
Time spent: 3.27s
- Epoch 023, ExpID 47725
Train - Loss (one batch): 0.00217
Val - Loss, MSE, RMSE, MAE, MAPE: 0.00329, 0.00329, 0.05736, 0.03862, 10.10%
Test - Best epoch, Loss, MSE, RMSE, MAE, MAPE: 16, 0.00285, 0.00285, 0.05334, 0.03256, 7.56%
Time spent: 3.26s
- Epoch 024, ExpID 47725
Train - Loss (one batch): 0.00273
Val - Loss, MSE, RMSE, MAE, MAPE: 0.00303, 0.00303, 0.05508, 0.03474, 8.93%
Test - Best epoch, Loss, MSE, RMSE, MAE, MAPE: 16, 0.00285, 0.00285, 0.05334, 0.03256, 7.56%
Time spent: 3.42s
- Epoch 025, ExpID 47725
Train - Loss (one batch): 0.00208
Val - Loss, MSE, RMSE, MAE, MAPE: 0.00296, 0.00296, 0.05443, 0.03410, 8.99%
Test - Best epoch, Loss, MSE, RMSE, MAE, MAPE: 16, 0.00285, 0.00285, 0.05334, 0.03256, 7.56%
Time spent: 3.47s
- Epoch 026, ExpID 47725
Train - Loss (one batch): 0.00291
Val - Loss, MSE, RMSE, MAE, MAPE: 0.00294, 0.00294, 0.05419, 0.03340, 8.39%
Test - Best epoch, Loss, MSE, RMSE, MAE, MAPE: 16, 0.00285, 0.00285, 0.05334, 0.03256, 7.56%
Time spent: 3.40s
/home/ouass/Test/MSP-IMTS/tPatchGNN/run_models.py
2025-11-17 15:46:16
run_models.py --dataset activity --state def --history 3000 --patience 10 --batch_size 32 --lr 1e-3 --patch_size 300 --stride 300 --nhead 1 --tf_layer 1 --nlayer 1 --te_dim 10 --node_dim 10 --hid_dim 32 --outlayer Linear --seed 4 --gpu 0 --save experiments/activity_SS_ps300_s300_seed4
Namespace(multi_scales='', multi_strides='', fusion='concat', state='def', n=100000000, hop=1, nhead=1, tf_layer=1, nlayer=1, epoch=1000, patience=10, history=3000, patch_size=300.0, stride=300.0, logmode='a', lr=0.001, w_decay=0.0, batch_size=32, save='experiments/activity_SS_ps300_s300_seed4', load=None, seed=4, dataset='activity', quantization=0.0, model='tPatchGNN', outlayer='Linear', hid_dim=32, te_dim=10, node_dim=10, gpu='0', npatch=10, device=device(type='cuda'), PID=1889074, pred_window=1000, ndim=12)
- Epoch 000, ExpID 57397
Train - Loss (one batch): 0.00608
Val - Loss, MSE, RMSE, MAE, MAPE: 0.00507, 0.00507, 0.07122, 0.04764, 11.49%
Test - Best epoch, Loss, MSE, RMSE, MAE, MAPE: 0, 0.00474, 0.00474, 0.06882, 0.04614, 10.21%
Time spent: 4.41s
- Epoch 001, ExpID 57397
Train - Loss (one batch): 0.00256
Val - Loss, MSE, RMSE, MAE, MAPE: 0.00367, 0.00367, 0.06058, 0.04027, 10.30%
Test - Best epoch, Loss, MSE, RMSE, MAE, MAPE: 1, 0.00355, 0.00355, 0.05956, 0.03975, 9.15%
Time spent: 3.91s
- Epoch 002, ExpID 57397
Train - Loss (one batch): 0.00312
Val - Loss, MSE, RMSE, MAE, MAPE: 0.00357, 0.00357, 0.05974, 0.03932, 9.94%
Test - Best epoch, Loss, MSE, RMSE, MAE, MAPE: 2, 0.00345, 0.00345, 0.05873, 0.03891, 8.84%
Time spent: 3.91s
- Epoch 003, ExpID 57397
Train - Loss (one batch): 0.00268
Val - Loss, MSE, RMSE, MAE, MAPE: 0.00343, 0.00343, 0.05853, 0.03854, 10.07%
Test - Best epoch, Loss, MSE, RMSE, MAE, MAPE: 3, 0.00328, 0.00328, 0.05729, 0.03788, 8.88%
Time spent: 3.97s
- Epoch 004, ExpID 57397
Train - Loss (one batch): 0.00229
Val - Loss, MSE, RMSE, MAE, MAPE: 0.00321, 0.00321, 0.05667, 0.03521, 9.11%
Test - Best epoch, Loss, MSE, RMSE, MAE, MAPE: 4, 0.00308, 0.00308, 0.05553, 0.03478, 8.04%
Time spent: 4.01s
- Epoch 005, ExpID 57397
Train - Loss (one batch): 0.00276
Val - Loss, MSE, RMSE, MAE, MAPE: 0.00354, 0.00354, 0.05950, 0.04037, 10.50%
Test - Best epoch, Loss, MSE, RMSE, MAE, MAPE: 4, 0.00308, 0.00308, 0.05553, 0.03478, 8.04%
Time spent: 3.39s
- Epoch 006, ExpID 57397
Train - Loss (one batch): 0.00334
Val - Loss, MSE, RMSE, MAE, MAPE: 0.00319, 0.00319, 0.05652, 0.03533, 9.12%
Test - Best epoch, Loss, MSE, RMSE, MAE, MAPE: 6, 0.00308, 0.00308, 0.05545, 0.03506, 8.09%
Time spent: 3.94s
- Epoch 007, ExpID 57397
Train - Loss (one batch): 0.00209
Val - Loss, MSE, RMSE, MAE, MAPE: 0.00322, 0.00322, 0.05674, 0.03611, 9.38%
Test - Best epoch, Loss, MSE, RMSE, MAE, MAPE: 6, 0.00308, 0.00308, 0.05545, 0.03506, 8.09%
Time spent: 3.39s
- Epoch 008, ExpID 57397
Train - Loss (one batch): 0.00322
Val - Loss, MSE, RMSE, MAE, MAPE: 0.00316, 0.00316, 0.05626, 0.03487, 8.88%
Test - Best epoch, Loss, MSE, RMSE, MAE, MAPE: 8, 0.00305, 0.00305, 0.05525, 0.03459, 7.88%
Time spent: 3.81s
- Epoch 009, ExpID 57397
Train - Loss (one batch): 0.00254
Val - Loss, MSE, RMSE, MAE, MAPE: 0.00344, 0.00344, 0.05868, 0.03939, 10.11%
Test - Best epoch, Loss, MSE, RMSE, MAE, MAPE: 8, 0.00305, 0.00305, 0.05525, 0.03459, 7.88%
Time spent: 3.41s
- Epoch 010, ExpID 57397
Train - Loss (one batch): 0.00401
Val - Loss, MSE, RMSE, MAE, MAPE: 0.00350, 0.00350, 0.05912, 0.04012, 10.25%
Test - Best epoch, Loss, MSE, RMSE, MAE, MAPE: 8, 0.00305, 0.00305, 0.05525, 0.03459, 7.88%
Time spent: 3.53s
- Epoch 011, ExpID 57397
Train - Loss (one batch): 0.00346
Val - Loss, MSE, RMSE, MAE, MAPE: 0.00336, 0.00336, 0.05796, 0.03776, 9.50%
Test - Best epoch, Loss, MSE, RMSE, MAE, MAPE: 8, 0.00305, 0.00305, 0.05525, 0.03459, 7.88%
Time spent: 3.52s
- Epoch 012, ExpID 57397
Train - Loss (one batch): 0.00376
Val - Loss, MSE, RMSE, MAE, MAPE: 0.00309, 0.00309, 0.05561, 0.03462, 9.00%
Test - Best epoch, Loss, MSE, RMSE, MAE, MAPE: 12, 0.00297, 0.00297, 0.05454, 0.03433, 8.00%
Time spent: 4.00s
- Epoch 013, ExpID 57397
Train - Loss (one batch): 0.00210
Val - Loss, MSE, RMSE, MAE, MAPE: 0.00393, 0.00393, 0.06269, 0.04528, 11.75%
Test - Best epoch, Loss, MSE, RMSE, MAE, MAPE: 12, 0.00297, 0.00297, 0.05454, 0.03433, 8.00%
Time spent: 3.46s
- Epoch 014, ExpID 57397
Train - Loss (one batch): 0.00303
Val - Loss, MSE, RMSE, MAE, MAPE: 0.00313, 0.00313, 0.05596, 0.03524, 9.13%
Test - Best epoch, Loss, MSE, RMSE, MAE, MAPE: 12, 0.00297, 0.00297, 0.05454, 0.03433, 8.00%
Time spent: 3.54s
- Epoch 015, ExpID 57397
Train - Loss (one batch): 0.00307
Val - Loss, MSE, RMSE, MAE, MAPE: 0.00314, 0.00314, 0.05599, 0.03559, 9.30%
Test - Best epoch, Loss, MSE, RMSE, MAE, MAPE: 12, 0.00297, 0.00297, 0.05454, 0.03433, 8.00%
Time spent: 3.50s
- Epoch 016, ExpID 57397
Train - Loss (one batch): 0.00377
Val - Loss, MSE, RMSE, MAE, MAPE: 0.00317, 0.00317, 0.05630, 0.03627, 9.51%
Test - Best epoch, Loss, MSE, RMSE, MAE, MAPE: 12, 0.00297, 0.00297, 0.05454, 0.03433, 8.00%
Time spent: 3.44s
- Epoch 017, ExpID 57397
Train - Loss (one batch): 0.00302
Val - Loss, MSE, RMSE, MAE, MAPE: 0.00315, 0.00315, 0.05614, 0.03615, 9.51%
Test - Best epoch, Loss, MSE, RMSE, MAE, MAPE: 12, 0.00297, 0.00297, 0.05454, 0.03433, 8.00%
Time spent: 3.52s
- Epoch 018, ExpID 57397
Train - Loss (one batch): 0.00240
Val - Loss, MSE, RMSE, MAE, MAPE: 0.00296, 0.00296, 0.05443, 0.03355, 8.73%
Test - Best epoch, Loss, MSE, RMSE, MAE, MAPE: 18, 0.00286, 0.00286, 0.05346, 0.03328, 7.70%
Time spent: 3.99s
- Epoch 019, ExpID 57397
Train - Loss (one batch): 0.00379
Val - Loss, MSE, RMSE, MAE, MAPE: 0.00291, 0.00291, 0.05396, 0.03264, 8.47%
Test - Best epoch, Loss, MSE, RMSE, MAE, MAPE: 19, 0.00282, 0.00282, 0.05309, 0.03244, 7.52%
Time spent: 3.88s
- Epoch 020, ExpID 57397
Train - Loss (one batch): 0.00340
Val - Loss, MSE, RMSE, MAE, MAPE: 0.00292, 0.00292, 0.05406, 0.03323, 8.67%
Test - Best epoch, Loss, MSE, RMSE, MAE, MAPE: 19, 0.00282, 0.00282, 0.05309, 0.03244, 7.52%
Time spent: 3.47s
- Epoch 021, ExpID 57397
Train - Loss (one batch): 0.00199
Val - Loss, MSE, RMSE, MAE, MAPE: 0.00300, 0.00300, 0.05481, 0.03413, 8.90%
Test - Best epoch, Loss, MSE, RMSE, MAE, MAPE: 19, 0.00282, 0.00282, 0.05309, 0.03244, 7.52%
Time spent: 3.62s
- Epoch 022, ExpID 57397
Train - Loss (one batch): 0.00354
Val - Loss, MSE, RMSE, MAE, MAPE: 0.00363, 0.00363, 0.06026, 0.04246, 10.66%
Test - Best epoch, Loss, MSE, RMSE, MAE, MAPE: 19, 0.00282, 0.00282, 0.05309, 0.03244, 7.52%
Time spent: 3.67s
- Epoch 023, ExpID 57397
Train - Loss (one batch): 0.00192
Val - Loss, MSE, RMSE, MAE, MAPE: 0.00291, 0.00291, 0.05392, 0.03269, 8.39%
Test - Best epoch, Loss, MSE, RMSE, MAE, MAPE: 23, 0.00282, 0.00282, 0.05311, 0.03245, 7.43%
Time spent: 4.05s
- Epoch 024, ExpID 57397
Train - Loss (one batch): 0.00232
Val - Loss, MSE, RMSE, MAE, MAPE: 0.00291, 0.00291, 0.05393, 0.03300, 8.58%
Test - Best epoch, Loss, MSE, RMSE, MAE, MAPE: 23, 0.00282, 0.00282, 0.05311, 0.03245, 7.43%
Time spent: 3.55s
- Epoch 025, ExpID 57397
Train - Loss (one batch): 0.00358
Val - Loss, MSE, RMSE, MAE, MAPE: 0.00309, 0.00309, 0.05560, 0.03591, 9.41%
Test - Best epoch, Loss, MSE, RMSE, MAE, MAPE: 23, 0.00282, 0.00282, 0.05311, 0.03245, 7.43%
Time spent: 3.69s
- Epoch 026, ExpID 57397
Train - Loss (one batch): 0.00305
Val - Loss, MSE, RMSE, MAE, MAPE: 0.00293, 0.00293, 0.05410, 0.03328, 8.57%
Test - Best epoch, Loss, MSE, RMSE, MAE, MAPE: 23, 0.00282, 0.00282, 0.05311, 0.03245, 7.43%
Time spent: 3.66s
- Epoch 027, ExpID 57397
Train - Loss (one batch): 0.00233
Val - Loss, MSE, RMSE, MAE, MAPE: 0.00316, 0.00316, 0.05617, 0.03675, 9.93%
Test - Best epoch, Loss, MSE, RMSE, MAE, MAPE: 23, 0.00282, 0.00282, 0.05311, 0.03245, 7.43%
Time spent: 3.59s
- Epoch 028, ExpID 57397
Train - Loss (one batch): 0.00301
Val - Loss, MSE, RMSE, MAE, MAPE: 0.00303, 0.00303, 0.05505, 0.03531, 9.37%
Test - Best epoch, Loss, MSE, RMSE, MAE, MAPE: 23, 0.00282, 0.00282, 0.05311, 0.03245, 7.43%
Time spent: 3.60s
- Epoch 029, ExpID 57397
Train - Loss (one batch): 0.00210
Val - Loss, MSE, RMSE, MAE, MAPE: 0.00319, 0.00319, 0.05649, 0.03751, 9.61%
Test - Best epoch, Loss, MSE, RMSE, MAE, MAPE: 23, 0.00282, 0.00282, 0.05311, 0.03245, 7.43%
Time spent: 3.64s
- Epoch 030, ExpID 57397
Train - Loss (one batch): 0.00210
Val - Loss, MSE, RMSE, MAE, MAPE: 0.00306, 0.00306, 0.05533, 0.03584, 9.29%
Test - Best epoch, Loss, MSE, RMSE, MAE, MAPE: 23, 0.00282, 0.00282, 0.05311, 0.03245, 7.43%
Time spent: 3.69s
- Epoch 031, ExpID 57397
Train - Loss (one batch): 0.00246
Val - Loss, MSE, RMSE, MAE, MAPE: 0.00291, 0.00291, 0.05391, 0.03357, 8.80%
Test - Best epoch, Loss, MSE, RMSE, MAE, MAPE: 31, 0.00282, 0.00282, 0.05311, 0.03336, 7.85%
Time spent: 4.15s
- Epoch 032, ExpID 57397
Train - Loss (one batch): 0.00329
Val - Loss, MSE, RMSE, MAE, MAPE: 0.00308, 0.00308, 0.05550, 0.03639, 9.53%
Test - Best epoch, Loss, MSE, RMSE, MAE, MAPE: 31, 0.00282, 0.00282, 0.05311, 0.03336, 7.85%
Time spent: 3.40s
- Epoch 033, ExpID 57397
Train - Loss (one batch): 0.00340
Val - Loss, MSE, RMSE, MAE, MAPE: 0.00290, 0.00290, 0.05387, 0.03358, 8.78%
Test - Best epoch, Loss, MSE, RMSE, MAE, MAPE: 33, 0.00282, 0.00282, 0.05311, 0.03340, 7.84%
Time spent: 4.08s
- Epoch 034, ExpID 57397
Train - Loss (one batch): 0.00325
Val - Loss, MSE, RMSE, MAE, MAPE: 0.00322, 0.00322, 0.05679, 0.03814, 9.63%
Test - Best epoch, Loss, MSE, RMSE, MAE, MAPE: 33, 0.00282, 0.00282, 0.05311, 0.03340, 7.84%
Time spent: 3.39s
- Epoch 035, ExpID 57397
Train - Loss (one batch): 0.00411
Val - Loss, MSE, RMSE, MAE, MAPE: 0.00369, 0.00369, 0.06072, 0.04383, 11.25%
Test - Best epoch, Loss, MSE, RMSE, MAE, MAPE: 33, 0.00282, 0.00282, 0.05311, 0.03340, 7.84%
Time spent: 3.56s
- Epoch 036, ExpID 57397
Train - Loss (one batch): 0.00189
Val - Loss, MSE, RMSE, MAE, MAPE: 0.00294, 0.00294, 0.05425, 0.03364, 8.46%
Test - Best epoch, Loss, MSE, RMSE, MAE, MAPE: 33, 0.00282, 0.00282, 0.05311, 0.03340, 7.84%
Time spent: 3.53s
- Epoch 037, ExpID 57397
Train - Loss (one batch): 0.00119
Val - Loss, MSE, RMSE, MAE, MAPE: 0.00288, 0.00288, 0.05370, 0.03332, 8.62%
Test - Best epoch, Loss, MSE, RMSE, MAE, MAPE: 37, 0.00281, 0.00281, 0.05302, 0.03316, 7.70%
Time spent: 4.08s
- Epoch 038, ExpID 57397
Train - Loss (one batch): 0.00247
Val - Loss, MSE, RMSE, MAE, MAPE: 0.00304, 0.00304, 0.05517, 0.03556, 9.16%
Test - Best epoch, Loss, MSE, RMSE, MAE, MAPE: 37, 0.00281, 0.00281, 0.05302, 0.03316, 7.70%
Time spent: 3.43s
- Epoch 039, ExpID 57397
Train - Loss (one batch): 0.00258
Val - Loss, MSE, RMSE, MAE, MAPE: 0.00289, 0.00289, 0.05371, 0.03298, 8.36%
Test - Best epoch, Loss, MSE, RMSE, MAE, MAPE: 37, 0.00281, 0.00281, 0.05302, 0.03316, 7.70%
Time spent: 3.64s
- Epoch 040, ExpID 57397
Train - Loss (one batch): 0.00208
Val - Loss, MSE, RMSE, MAE, MAPE: 0.00301, 0.00301, 0.05483, 0.03451, 8.53%
Test - Best epoch, Loss, MSE, RMSE, MAE, MAPE: 37, 0.00281, 0.00281, 0.05302, 0.03316, 7.70%
Time spent: 3.62s
- Epoch 041, ExpID 57397
Train - Loss (one batch): 0.00196
Val - Loss, MSE, RMSE, MAE, MAPE: 0.00320, 0.00320, 0.05658, 0.03841, 10.02%
Test - Best epoch, Loss, MSE, RMSE, MAE, MAPE: 37, 0.00281, 0.00281, 0.05302, 0.03316, 7.70%
Time spent: 3.65s
- Epoch 042, ExpID 57397
Train - Loss (one batch): 0.00263
Val - Loss, MSE, RMSE, MAE, MAPE: 0.00280, 0.00280, 0.05295, 0.03219, 8.22%
Test - Best epoch, Loss, MSE, RMSE, MAE, MAPE: 42, 0.00273, 0.00273, 0.05227, 0.03194, 7.27%
Time spent: 4.15s
- Epoch 043, ExpID 57397
Train - Loss (one batch): 0.00344
Val - Loss, MSE, RMSE, MAE, MAPE: 0.00284, 0.00284, 0.05332, 0.03291, 8.75%
Test - Best epoch, Loss, MSE, RMSE, MAE, MAPE: 42, 0.00273, 0.00273, 0.05227, 0.03194, 7.27%
Time spent: 3.44s
- Epoch 044, ExpID 57397
Train - Loss (one batch): 0.00201
Val - Loss, MSE, RMSE, MAE, MAPE: 0.00283, 0.00283, 0.05324, 0.03294, 8.36%
Test - Best epoch, Loss, MSE, RMSE, MAE, MAPE: 42, 0.00273, 0.00273, 0.05227, 0.03194, 7.27%
Time spent: 3.60s
- Epoch 045, ExpID 57397
Train - Loss (one batch): 0.00262
Val - Loss, MSE, RMSE, MAE, MAPE: 0.00312, 0.00312, 0.05589, 0.03681, 9.31%
Test - Best epoch, Loss, MSE, RMSE, MAE, MAPE: 42, 0.00273, 0.00273, 0.05227, 0.03194, 7.27%
Time spent: 3.64s
- Epoch 046, ExpID 57397
Train - Loss (one batch): 0.00237
Val - Loss, MSE, RMSE, MAE, MAPE: 0.00281, 0.00281, 0.05304, 0.03200, 8.11%
Test - Best epoch, Loss, MSE, RMSE, MAE, MAPE: 42, 0.00273, 0.00273, 0.05227, 0.03194, 7.27%
Time spent: 3.56s
- Epoch 047, ExpID 57397
Train - Loss (one batch): 0.00326
Val - Loss, MSE, RMSE, MAE, MAPE: 0.00277, 0.00277, 0.05261, 0.03169, 8.08%
Test - Best epoch, Loss, MSE, RMSE, MAE, MAPE: 47, 0.00270, 0.00270, 0.05197, 0.03161, 7.19%
Time spent: 4.07s
- Epoch 048, ExpID 57397
Train - Loss (one batch): 0.00186
Val - Loss, MSE, RMSE, MAE, MAPE: 0.00277, 0.00277, 0.05260, 0.03174, 8.15%
Test - Best epoch, Loss, MSE, RMSE, MAE, MAPE: 48, 0.00270, 0.00270, 0.05192, 0.03156, 7.22%
Time spent: 3.98s
- Epoch 049, ExpID 57397
Train - Loss (one batch): 0.00195
Val - Loss, MSE, RMSE, MAE, MAPE: 0.00278, 0.00278, 0.05269, 0.03217, 8.33%
Test - Best epoch, Loss, MSE, RMSE, MAE, MAPE: 48, 0.00270, 0.00270, 0.05192, 0.03156, 7.22%
Time spent: 3.46s
- Epoch 050, ExpID 57397
Train - Loss (one batch): 0.00274
Val - Loss, MSE, RMSE, MAE, MAPE: 0.00279, 0.00279, 0.05280, 0.03241, 8.50%
Test - Best epoch, Loss, MSE, RMSE, MAE, MAPE: 48, 0.00270, 0.00270, 0.05192, 0.03156, 7.22%
Time spent: 3.50s
- Epoch 051, ExpID 57397
Train - Loss (one batch): 0.00186
Val - Loss, MSE, RMSE, MAE, MAPE: 0.00280, 0.00280, 0.05292, 0.03274, 8.47%
Test - Best epoch, Loss, MSE, RMSE, MAE, MAPE: 48, 0.00270, 0.00270, 0.05192, 0.03156, 7.22%
Time spent: 3.46s
- Epoch 052, ExpID 57397
Train - Loss (one batch): 0.00269
Val - Loss, MSE, RMSE, MAE, MAPE: 0.00283, 0.00283, 0.05324, 0.03297, 8.48%
Test - Best epoch, Loss, MSE, RMSE, MAE, MAPE: 48, 0.00270, 0.00270, 0.05192, 0.03156, 7.22%
Time spent: 3.66s
- Epoch 053, ExpID 57397
Train - Loss (one batch): 0.00197
Val - Loss, MSE, RMSE, MAE, MAPE: 0.00278, 0.00278, 0.05272, 0.03231, 8.43%
Test - Best epoch, Loss, MSE, RMSE, MAE, MAPE: 48, 0.00270, 0.00270, 0.05192, 0.03156, 7.22%
Time spent: 3.69s
- Epoch 054, ExpID 57397
Train - Loss (one batch): 0.00207
Val - Loss, MSE, RMSE, MAE, MAPE: 0.00274, 0.00274, 0.05231, 0.03154, 8.15%
Test - Best epoch, Loss, MSE, RMSE, MAE, MAPE: 54, 0.00268, 0.00268, 0.05175, 0.03156, 7.27%
Time spent: 4.18s
- Epoch 055, ExpID 57397
Train - Loss (one batch): 0.00211
Val - Loss, MSE, RMSE, MAE, MAPE: 0.00287, 0.00287, 0.05354, 0.03357, 8.63%
Test - Best epoch, Loss, MSE, RMSE, MAE, MAPE: 54, 0.00268, 0.00268, 0.05175, 0.03156, 7.27%
Time spent: 3.54s
- Epoch 056, ExpID 57397
Train - Loss (one batch): 0.00252
Val - Loss, MSE, RMSE, MAE, MAPE: 0.00278, 0.00278, 0.05270, 0.03196, 8.18%
Test - Best epoch, Loss, MSE, RMSE, MAE, MAPE: 54, 0.00268, 0.00268, 0.05175, 0.03156, 7.27%
Time spent: 3.64s
- Epoch 057, ExpID 57397
Train - Loss (one batch): 0.00269
Val - Loss, MSE, RMSE, MAE, MAPE: 0.00292, 0.00292, 0.05402, 0.03444, 9.02%
Test - Best epoch, Loss, MSE, RMSE, MAE, MAPE: 54, 0.00268, 0.00268, 0.05175, 0.03156, 7.27%
Time spent: 3.45s
- Epoch 058, ExpID 57397
Train - Loss (one batch): 0.00162
Val - Loss, MSE, RMSE, MAE, MAPE: 0.00282, 0.00282, 0.05310, 0.03242, 8.25%
Test - Best epoch, Loss, MSE, RMSE, MAE, MAPE: 54, 0.00268, 0.00268, 0.05175, 0.03156, 7.27%
Time spent: 3.53s
- Epoch 059, ExpID 57397
Train - Loss (one batch): 0.00277
Val - Loss, MSE, RMSE, MAE, MAPE: 0.00284, 0.00284, 0.05330, 0.03300, 8.64%
Test - Best epoch, Loss, MSE, RMSE, MAE, MAPE: 54, 0.00268, 0.00268, 0.05175, 0.03156, 7.27%
Time spent: 3.67s
- Epoch 060, ExpID 57397
Train - Loss (one batch): 0.00272
Val - Loss, MSE, RMSE, MAE, MAPE: 0.00275, 0.00275, 0.05246, 0.03184, 8.20%
Test - Best epoch, Loss, MSE, RMSE, MAE, MAPE: 54, 0.00268, 0.00268, 0.05175, 0.03156, 7.27%
Time spent: 3.66s
- Epoch 061, ExpID 57397
Train - Loss (one batch): 0.00183
Val - Loss, MSE, RMSE, MAE, MAPE: 0.00278, 0.00278, 0.05273, 0.03203, 8.43%
Test - Best epoch, Loss, MSE, RMSE, MAE, MAPE: 54, 0.00268, 0.00268, 0.05175, 0.03156, 7.27%
Time spent: 3.64s
- Epoch 062, ExpID 57397
Train - Loss (one batch): 0.00250
Val - Loss, MSE, RMSE, MAE, MAPE: 0.00273, 0.00273, 0.05229, 0.03173, 8.09%
Test - Best epoch, Loss, MSE, RMSE, MAE, MAPE: 62, 0.00269, 0.00269, 0.05190, 0.03184, 7.26%
Time spent: 3.86s
- Epoch 063, ExpID 57397
Train - Loss (one batch): 0.00238
Val - Loss, MSE, RMSE, MAE, MAPE: 0.00276, 0.00276, 0.05258, 0.03190, 8.25%
Test - Best epoch, Loss, MSE, RMSE, MAE, MAPE: 62, 0.00269, 0.00269, 0.05190, 0.03184, 7.26%
Time spent: 3.41s
- Epoch 064, ExpID 57397
Train - Loss (one batch): 0.00232
Val - Loss, MSE, RMSE, MAE, MAPE: 0.00275, 0.00275, 0.05247, 0.03192, 8.23%
Test - Best epoch, Loss, MSE, RMSE, MAE, MAPE: 62, 0.00269, 0.00269, 0.05190, 0.03184, 7.26%
Time spent: 3.52s
- Epoch 065, ExpID 57397
Train - Loss (one batch): 0.00238
Val - Loss, MSE, RMSE, MAE, MAPE: 0.00288, 0.00288, 0.05369, 0.03403, 8.79%
Test - Best epoch, Loss, MSE, RMSE, MAE, MAPE: 62, 0.00269, 0.00269, 0.05190, 0.03184, 7.26%
Time spent: 3.44s
- Epoch 066, ExpID 57397
Train - Loss (one batch): 0.00204
Val - Loss, MSE, RMSE, MAE, MAPE: 0.00294, 0.00294, 0.05419, 0.03493, 9.18%
Test - Best epoch, Loss, MSE, RMSE, MAE, MAPE: 62, 0.00269, 0.00269, 0.05190, 0.03184, 7.26%
Time spent: 3.42s
- Epoch 067, ExpID 57397
Train - Loss (one batch): 0.00276
Val - Loss, MSE, RMSE, MAE, MAPE: 0.00278, 0.00278, 0.05274, 0.03252, 8.60%
Test - Best epoch, Loss, MSE, RMSE, MAE, MAPE: 62, 0.00269, 0.00269, 0.05190, 0.03184, 7.26%
Time spent: 3.44s
- Epoch 068, ExpID 57397
Train - Loss (one batch): 0.00179
Val - Loss, MSE, RMSE, MAE, MAPE: 0.00279, 0.00279, 0.05278, 0.03262, 8.50%
Test - Best epoch, Loss, MSE, RMSE, MAE, MAPE: 62, 0.00269, 0.00269, 0.05190, 0.03184, 7.26%
Time spent: 3.43s
- Epoch 069, ExpID 57397
Train - Loss (one batch): 0.00248
Val - Loss, MSE, RMSE, MAE, MAPE: 0.00317, 0.00317, 0.05629, 0.03774, 9.39%
Test - Best epoch, Loss, MSE, RMSE, MAE, MAPE: 62, 0.00269, 0.00269, 0.05190, 0.03184, 7.26%
Time spent: 3.43s
- Epoch 070, ExpID 57397
Train - Loss (one batch): 0.00296
Val - Loss, MSE, RMSE, MAE, MAPE: 0.00277, 0.00277, 0.05266, 0.03168, 8.12%
Test - Best epoch, Loss, MSE, RMSE, MAE, MAPE: 62, 0.00269, 0.00269, 0.05190, 0.03184, 7.26%
Time spent: 3.38s
- Epoch 071, ExpID 57397
Train - Loss (one batch): 0.00333
Val - Loss, MSE, RMSE, MAE, MAPE: 0.00277, 0.00277, 0.05262, 0.03206, 8.49%
Test - Best epoch, Loss, MSE, RMSE, MAE, MAPE: 62, 0.00269, 0.00269, 0.05190, 0.03184, 7.26%
Time spent: 3.42s
- Epoch 072, ExpID 57397
Train - Loss (one batch): 0.00354
Val - Loss, MSE, RMSE, MAE, MAPE: 0.00285, 0.00285, 0.05342, 0.03385, 8.84%
Test - Best epoch, Loss, MSE, RMSE, MAE, MAPE: 62, 0.00269, 0.00269, 0.05190, 0.03184, 7.26%
Time spent: 3.53s
/home/ouass/Test/MSP-IMTS/tPatchGNN/run_models.py
2025-11-17 15:50:48
run_models.py --dataset activity --state def --history 3000 --patience 10 --batch_size 32 --lr 1e-3 --patch_size 300 --stride 300 --nhead 1 --tf_layer 1 --nlayer 1 --te_dim 10 --node_dim 10 --hid_dim 32 --outlayer Linear --seed 5 --gpu 0 --save experiments/activity_SS_ps300_s300_seed5
Namespace(multi_scales='', multi_strides='', fusion='concat', state='def', n=100000000, hop=1, nhead=1, tf_layer=1, nlayer=1, epoch=1000, patience=10, history=3000, patch_size=300.0, stride=300.0, logmode='a', lr=0.001, w_decay=0.0, batch_size=32, save='experiments/activity_SS_ps300_s300_seed5', load=None, seed=5, dataset='activity', quantization=0.0, model='tPatchGNN', outlayer='Linear', hid_dim=32, te_dim=10, node_dim=10, gpu='0', npatch=10, device=device(type='cuda'), PID=1889135, pred_window=1000, ndim=12)
- Epoch 000, ExpID 44495
Train - Loss (one batch): 0.00665
Val - Loss, MSE, RMSE, MAE, MAPE: 0.00767, 0.00767, 0.08756, 0.06346, 16.43%
Test - Best epoch, Loss, MSE, RMSE, MAE, MAPE: 0, 0.00698, 0.00698, 0.08353, 0.06007, 14.11%
Time spent: 4.47s
- Epoch 001, ExpID 44495
Train - Loss (one batch): 0.00281
Val - Loss, MSE, RMSE, MAE, MAPE: 0.00403, 0.00403, 0.06346, 0.04318, 11.28%
Test - Best epoch, Loss, MSE, RMSE, MAE, MAPE: 1, 0.00381, 0.00381, 0.06173, 0.04195, 9.80%
Time spent: 3.90s
- Epoch 002, ExpID 44495
Train - Loss (one batch): 0.00355
Val - Loss, MSE, RMSE, MAE, MAPE: 0.00527, 0.00527, 0.07260, 0.05652, 14.17%
Test - Best epoch, Loss, MSE, RMSE, MAE, MAPE: 1, 0.00381, 0.00381, 0.06173, 0.04195, 9.80%
Time spent: 3.31s
- Epoch 003, ExpID 44495
Train - Loss (one batch): 0.00268
Val - Loss, MSE, RMSE, MAE, MAPE: 0.00398, 0.00398, 0.06309, 0.04449, 11.08%
Test - Best epoch, Loss, MSE, RMSE, MAE, MAPE: 3, 0.00381, 0.00381, 0.06174, 0.04373, 9.92%
Time spent: 3.85s
- Epoch 004, ExpID 44495
Train - Loss (one batch): 0.00291
Val - Loss, MSE, RMSE, MAE, MAPE: 0.00331, 0.00331, 0.05753, 0.03544, 8.87%
Test - Best epoch, Loss, MSE, RMSE, MAE, MAPE: 4, 0.00312, 0.00312, 0.05587, 0.03456, 7.80%
Time spent: 3.71s
- Epoch 005, ExpID 44495
Train - Loss (one batch): 0.00392
Val - Loss, MSE, RMSE, MAE, MAPE: 0.00318, 0.00318, 0.05642, 0.03448, 8.72%
Test - Best epoch, Loss, MSE, RMSE, MAE, MAPE: 5, 0.00300, 0.00300, 0.05481, 0.03374, 7.64%
Time spent: 3.65s
- Epoch 006, ExpID 44495
Train - Loss (one batch): 0.00250
Val - Loss, MSE, RMSE, MAE, MAPE: 0.00330, 0.00330, 0.05745, 0.03637, 9.30%
Test - Best epoch, Loss, MSE, RMSE, MAE, MAPE: 5, 0.00300, 0.00300, 0.05481, 0.03374, 7.64%
Time spent: 3.27s
- Epoch 007, ExpID 44495
Train - Loss (one batch): 0.00293
Val - Loss, MSE, RMSE, MAE, MAPE: 0.00346, 0.00346, 0.05881, 0.03879, 10.04%
Test - Best epoch, Loss, MSE, RMSE, MAE, MAPE: 5, 0.00300, 0.00300, 0.05481, 0.03374, 7.64%
Time spent: 3.36s
- Epoch 008, ExpID 44495
Train - Loss (one batch): 0.00294
Val - Loss, MSE, RMSE, MAE, MAPE: 0.00326, 0.00326, 0.05712, 0.03615, 9.34%
Test - Best epoch, Loss, MSE, RMSE, MAE, MAPE: 5, 0.00300, 0.00300, 0.05481, 0.03374, 7.64%
Time spent: 3.36s
- Epoch 009, ExpID 44495
Train - Loss (one batch): 0.00259
Val - Loss, MSE, RMSE, MAE, MAPE: 0.00318, 0.00318, 0.05640, 0.03459, 8.79%
Test - Best epoch, Loss, MSE, RMSE, MAE, MAPE: 9, 0.00299, 0.00299, 0.05472, 0.03389, 7.73%
Time spent: 3.88s
- Epoch 010, ExpID 44495
Train - Loss (one batch): 0.00230
Val - Loss, MSE, RMSE, MAE, MAPE: 0.00310, 0.00310, 0.05572, 0.03365, 8.56%
Test - Best epoch, Loss, MSE, RMSE, MAE, MAPE: 10, 0.00292, 0.00292, 0.05408, 0.03304, 7.52%
Time spent: 3.78s
- Epoch 011, ExpID 44495
Train - Loss (one batch): 0.00269
Val - Loss, MSE, RMSE, MAE, MAPE: 0.00309, 0.00309, 0.05556, 0.03371, 8.63%
Test - Best epoch, Loss, MSE, RMSE, MAE, MAPE: 11, 0.00290, 0.00290, 0.05390, 0.03317, 7.58%
Time spent: 3.76s
- Epoch 012, ExpID 44495
Train - Loss (one batch): 0.00285
Val - Loss, MSE, RMSE, MAE, MAPE: 0.00315, 0.00315, 0.05611, 0.03499, 8.75%
Test - Best epoch, Loss, MSE, RMSE, MAE, MAPE: 11, 0.00290, 0.00290, 0.05390, 0.03317, 7.58%
Time spent: 3.31s
- Epoch 013, ExpID 44495
Train - Loss (one batch): 0.00225
Val - Loss, MSE, RMSE, MAE, MAPE: 0.00339, 0.00339, 0.05820, 0.03799, 9.59%
Test - Best epoch, Loss, MSE, RMSE, MAE, MAPE: 11, 0.00290, 0.00290, 0.05390, 0.03317, 7.58%
Time spent: 3.60s
- Epoch 014, ExpID 44495
Train - Loss (one batch): 0.00253
Val - Loss, MSE, RMSE, MAE, MAPE: 0.00326, 0.00326, 0.05713, 0.03649, 9.27%
Test - Best epoch, Loss, MSE, RMSE, MAE, MAPE: 11, 0.00290, 0.00290, 0.05390, 0.03317, 7.58%
Time spent: 3.59s
- Epoch 015, ExpID 44495
Train - Loss (one batch): 0.00415
Val - Loss, MSE, RMSE, MAE, MAPE: 0.00322, 0.00322, 0.05675, 0.03570, 9.04%
Test - Best epoch, Loss, MSE, RMSE, MAE, MAPE: 11, 0.00290, 0.00290, 0.05390, 0.03317, 7.58%
Time spent: 3.56s
- Epoch 016, ExpID 44495
Train - Loss (one batch): 0.00206
Val - Loss, MSE, RMSE, MAE, MAPE: 0.00306, 0.00306, 0.05529, 0.03348, 8.64%
Test - Best epoch, Loss, MSE, RMSE, MAE, MAPE: 16, 0.00288, 0.00288, 0.05371, 0.03303, 7.62%
Time spent: 4.00s
- Epoch 017, ExpID 44495
Train - Loss (one batch): 0.00360
Val - Loss, MSE, RMSE, MAE, MAPE: 0.00331, 0.00331, 0.05754, 0.03705, 9.35%
Test - Best epoch, Loss, MSE, RMSE, MAE, MAPE: 16, 0.00288, 0.00288, 0.05371, 0.03303, 7.62%
Time spent: 3.31s
- Epoch 018, ExpID 44495
Train - Loss (one batch): 0.00240
Val - Loss, MSE, RMSE, MAE, MAPE: 0.00321, 0.00321, 0.05666, 0.03580, 9.11%
Test - Best epoch, Loss, MSE, RMSE, MAE, MAPE: 16, 0.00288, 0.00288, 0.05371, 0.03303, 7.62%
Time spent: 3.51s
- Epoch 019, ExpID 44495
Train - Loss (one batch): 0.00267
Val - Loss, MSE, RMSE, MAE, MAPE: 0.00303, 0.00303, 0.05504, 0.03341, 8.68%
Test - Best epoch, Loss, MSE, RMSE, MAE, MAPE: 19, 0.00286, 0.00286, 0.05349, 0.03293, 7.65%
Time spent: 4.10s
- Epoch 020, ExpID 44495
Train - Loss (one batch): 0.00351
Val - Loss, MSE, RMSE, MAE, MAPE: 0.00314, 0.00314, 0.05601, 0.03496, 8.71%
Test - Best epoch, Loss, MSE, RMSE, MAE, MAPE: 19, 0.00286, 0.00286, 0.05349, 0.03293, 7.65%
Time spent: 3.36s
- Epoch 021, ExpID 44495
Train - Loss (one batch): 0.00230
Val - Loss, MSE, RMSE, MAE, MAPE: 0.00307, 0.00307, 0.05540, 0.03430, 9.01%
Test - Best epoch, Loss, MSE, RMSE, MAE, MAPE: 19, 0.00286, 0.00286, 0.05349, 0.03293, 7.65%
Time spent: 3.36s
- Epoch 022, ExpID 44495
Train - Loss (one batch): 0.00325
Val - Loss, MSE, RMSE, MAE, MAPE: 0.00313, 0.00313, 0.05590, 0.03455, 8.76%
Test - Best epoch, Loss, MSE, RMSE, MAE, MAPE: 19, 0.00286, 0.00286, 0.05349, 0.03293, 7.65%
Time spent: 3.37s
- Epoch 023, ExpID 44495
Train - Loss (one batch): 0.00327
Val - Loss, MSE, RMSE, MAE, MAPE: 0.00303, 0.00303, 0.05507, 0.03329, 8.51%
Test - Best epoch, Loss, MSE, RMSE, MAE, MAPE: 19, 0.00286, 0.00286, 0.05349, 0.03293, 7.65%
Time spent: 3.44s
- Epoch 024, ExpID 44495
Train - Loss (one batch): 0.00286
Val - Loss, MSE, RMSE, MAE, MAPE: 0.00303, 0.00303, 0.05505, 0.03333, 8.54%
Test - Best epoch, Loss, MSE, RMSE, MAE, MAPE: 19, 0.00286, 0.00286, 0.05349, 0.03293, 7.65%
Time spent: 3.46s
- Epoch 025, ExpID 44495
Train - Loss (one batch): 0.00238
Val - Loss, MSE, RMSE, MAE, MAPE: 0.00325, 0.00325, 0.05701, 0.03646, 9.23%
Test - Best epoch, Loss, MSE, RMSE, MAE, MAPE: 19, 0.00286, 0.00286, 0.05349, 0.03293, 7.65%
Time spent: 3.46s
- Epoch 026, ExpID 44495
Train - Loss (one batch): 0.00216
Val - Loss, MSE, RMSE, MAE, MAPE: 0.00305, 0.00305, 0.05522, 0.03369, 8.52%
Test - Best epoch, Loss, MSE, RMSE, MAE, MAPE: 19, 0.00286, 0.00286, 0.05349, 0.03293, 7.65%
Time spent: 3.39s
- Epoch 027, ExpID 44495
Train - Loss (one batch): 0.00187
Val - Loss, MSE, RMSE, MAE, MAPE: 0.00304, 0.00304, 0.05509, 0.03373, 8.52%
Test - Best epoch, Loss, MSE, RMSE, MAE, MAPE: 19, 0.00286, 0.00286, 0.05349, 0.03293, 7.65%
Time spent: 3.33s
- Epoch 028, ExpID 44495
Train - Loss (one batch): 0.00352
Val - Loss, MSE, RMSE, MAE, MAPE: 0.00368, 0.00368, 0.06064, 0.04174, 10.50%
Test - Best epoch, Loss, MSE, RMSE, MAE, MAPE: 19, 0.00286, 0.00286, 0.05349, 0.03293, 7.65%
Time spent: 3.37s
- Epoch 029, ExpID 44495
Train - Loss (one batch): 0.00196
Val - Loss, MSE, RMSE, MAE, MAPE: 0.00298, 0.00298, 0.05460, 0.03320, 8.67%
Test - Best epoch, Loss, MSE, RMSE, MAE, MAPE: 29, 0.00282, 0.00282, 0.05310, 0.03271, 7.65%
Time spent: 3.89s
- Epoch 030, ExpID 44495
Train - Loss (one batch): 0.00233
Val - Loss, MSE, RMSE, MAE, MAPE: 0.00307, 0.00307, 0.05539, 0.03412, 8.49%
Test - Best epoch, Loss, MSE, RMSE, MAE, MAPE: 29, 0.00282, 0.00282, 0.05310, 0.03271, 7.65%
Time spent: 3.21s
- Epoch 031, ExpID 44495
Train - Loss (one batch): 0.00170
Val - Loss, MSE, RMSE, MAE, MAPE: 0.00321, 0.00321, 0.05666, 0.03657, 8.91%
Test - Best epoch, Loss, MSE, RMSE, MAE, MAPE: 29, 0.00282, 0.00282, 0.05310, 0.03271, 7.65%
Time spent: 3.29s
- Epoch 032, ExpID 44495
Train - Loss (one batch): 0.00184
Val - Loss, MSE, RMSE, MAE, MAPE: 0.00303, 0.00303, 0.05500, 0.03365, 8.58%
Test - Best epoch, Loss, MSE, RMSE, MAE, MAPE: 29, 0.00282, 0.00282, 0.05310, 0.03271, 7.65%
Time spent: 3.38s
- Epoch 033, ExpID 44495
Train - Loss (one batch): 0.00365
Val - Loss, MSE, RMSE, MAE, MAPE: 0.00298, 0.00298, 0.05462, 0.03360, 8.75%
Test - Best epoch, Loss, MSE, RMSE, MAE, MAPE: 29, 0.00282, 0.00282, 0.05310, 0.03271, 7.65%
Time spent: 3.40s
- Epoch 034, ExpID 44495
Train - Loss (one batch): 0.00385
Val - Loss, MSE, RMSE, MAE, MAPE: 0.00301, 0.00301, 0.05485, 0.03372, 8.74%
Test - Best epoch, Loss, MSE, RMSE, MAE, MAPE: 29, 0.00282, 0.00282, 0.05310, 0.03271, 7.65%
Time spent: 3.35s
- Epoch 035, ExpID 44495
Train - Loss (one batch): 0.00275
Val - Loss, MSE, RMSE, MAE, MAPE: 0.00326, 0.00326, 0.05711, 0.03712, 9.31%
Test - Best epoch, Loss, MSE, RMSE, MAE, MAPE: 29, 0.00282, 0.00282, 0.05310, 0.03271, 7.65%
Time spent: 3.34s
- Epoch 036, ExpID 44495
Train - Loss (one batch): 0.00311
Val - Loss, MSE, RMSE, MAE, MAPE: 0.00301, 0.00301, 0.05489, 0.03405, 8.86%
Test - Best epoch, Loss, MSE, RMSE, MAE, MAPE: 29, 0.00282, 0.00282, 0.05310, 0.03271, 7.65%
Time spent: 3.34s
- Epoch 037, ExpID 44495
Train - Loss (one batch): 0.00401
Val - Loss, MSE, RMSE, MAE, MAPE: 0.00300, 0.00300, 0.05481, 0.03390, 8.56%
Test - Best epoch, Loss, MSE, RMSE, MAE, MAPE: 29, 0.00282, 0.00282, 0.05310, 0.03271, 7.65%
Time spent: 3.38s
- Epoch 038, ExpID 44495
Train - Loss (one batch): 0.00230
Val - Loss, MSE, RMSE, MAE, MAPE: 0.00296, 0.00296, 0.05438, 0.03303, 8.51%
Test - Best epoch, Loss, MSE, RMSE, MAE, MAPE: 38, 0.00280, 0.00280, 0.05294, 0.03256, 7.53%
Time spent: 3.83s
- Epoch 039, ExpID 44495
Train - Loss (one batch): 0.00298
Val - Loss, MSE, RMSE, MAE, MAPE: 0.00298, 0.00298, 0.05463, 0.03320, 8.47%
Test - Best epoch, Loss, MSE, RMSE, MAE, MAPE: 38, 0.00280, 0.00280, 0.05294, 0.03256, 7.53%
Time spent: 3.30s
- Epoch 040, ExpID 44495
Train - Loss (one batch): 0.00307
Val - Loss, MSE, RMSE, MAE, MAPE: 0.00303, 0.00303, 0.05509, 0.03390, 8.52%
Test - Best epoch, Loss, MSE, RMSE, MAE, MAPE: 38, 0.00280, 0.00280, 0.05294, 0.03256, 7.53%
Time spent: 3.37s
- Epoch 041, ExpID 44495
Train - Loss (one batch): 0.00345
Val - Loss, MSE, RMSE, MAE, MAPE: 0.00299, 0.00299, 0.05467, 0.03317, 8.42%
Test - Best epoch, Loss, MSE, RMSE, MAE, MAPE: 38, 0.00280, 0.00280, 0.05294, 0.03256, 7.53%
Time spent: 3.39s
- Epoch 042, ExpID 44495
Train - Loss (one batch): 0.00191
Val - Loss, MSE, RMSE, MAE, MAPE: 0.00300, 0.00300, 0.05473, 0.03381, 8.70%
Test - Best epoch, Loss, MSE, RMSE, MAE, MAPE: 38, 0.00280, 0.00280, 0.05294, 0.03256, 7.53%
Time spent: 3.35s
- Epoch 043, ExpID 44495
Train - Loss (one batch): 0.00217
Val - Loss, MSE, RMSE, MAE, MAPE: 0.00304, 0.00304, 0.05512, 0.03409, 8.58%
Test - Best epoch, Loss, MSE, RMSE, MAE, MAPE: 38, 0.00280, 0.00280, 0.05294, 0.03256, 7.53%
Time spent: 3.39s
- Epoch 044, ExpID 44495
Train - Loss (one batch): 0.00188
Val - Loss, MSE, RMSE, MAE, MAPE: 0.00306, 0.00306, 0.05530, 0.03449, 8.77%
Test - Best epoch, Loss, MSE, RMSE, MAE, MAPE: 38, 0.00280, 0.00280, 0.05294, 0.03256, 7.53%
Time spent: 3.23s
- Epoch 045, ExpID 44495
Train - Loss (one batch): 0.00218
Val - Loss, MSE, RMSE, MAE, MAPE: 0.00300, 0.00300, 0.05476, 0.03329, 8.43%
Test - Best epoch, Loss, MSE, RMSE, MAE, MAPE: 38, 0.00280, 0.00280, 0.05294, 0.03256, 7.53%
Time spent: 3.35s
- Epoch 046, ExpID 44495
Train - Loss (one batch): 0.00259
Val - Loss, MSE, RMSE, MAE, MAPE: 0.00294, 0.00294, 0.05422, 0.03308, 8.41%
Test - Best epoch, Loss, MSE, RMSE, MAE, MAPE: 46, 0.00279, 0.00279, 0.05286, 0.03252, 7.44%
Time spent: 3.88s
- Epoch 047, ExpID 44495
Train - Loss (one batch): 0.00464
Val - Loss, MSE, RMSE, MAE, MAPE: 0.00296, 0.00296, 0.05440, 0.03360, 8.80%
Test - Best epoch, Loss, MSE, RMSE, MAE, MAPE: 46, 0.00279, 0.00279, 0.05286, 0.03252, 7.44%
Time spent: 3.45s
- Epoch 048, ExpID 44495
Train - Loss (one batch): 0.00164
Val - Loss, MSE, RMSE, MAE, MAPE: 0.00292, 0.00292, 0.05400, 0.03316, 8.62%
Test - Best epoch, Loss, MSE, RMSE, MAE, MAPE: 48, 0.00278, 0.00278, 0.05271, 0.03274, 7.64%
Time spent: 4.08s
- Epoch 049, ExpID 44495
Train - Loss (one batch): 0.00314
Val - Loss, MSE, RMSE, MAE, MAPE: 0.00300, 0.00300, 0.05482, 0.03382, 8.56%
Test - Best epoch, Loss, MSE, RMSE, MAE, MAPE: 48, 0.00278, 0.00278, 0.05271, 0.03274, 7.64%
Time spent: 3.51s
- Epoch 050, ExpID 44495
Train - Loss (one batch): 0.00217
Val - Loss, MSE, RMSE, MAE, MAPE: 0.00293, 0.00293, 0.05411, 0.03313, 8.52%
Test - Best epoch, Loss, MSE, RMSE, MAE, MAPE: 48, 0.00278, 0.00278, 0.05271, 0.03274, 7.64%
Time spent: 3.60s
- Epoch 051, ExpID 44495
Train - Loss (one batch): 0.00261
Val - Loss, MSE, RMSE, MAE, MAPE: 0.00308, 0.00308, 0.05551, 0.03570, 8.74%
Test - Best epoch, Loss, MSE, RMSE, MAE, MAPE: 48, 0.00278, 0.00278, 0.05271, 0.03274, 7.64%
Time spent: 3.53s
- Epoch 052, ExpID 44495
Train - Loss (one batch): 0.00220
Val - Loss, MSE, RMSE, MAE, MAPE: 0.00314, 0.00314, 0.05606, 0.03666, 9.57%
Test - Best epoch, Loss, MSE, RMSE, MAE, MAPE: 48, 0.00278, 0.00278, 0.05271, 0.03274, 7.64%
Time spent: 3.44s
- Epoch 053, ExpID 44495
Train - Loss (one batch): 0.00354
Val - Loss, MSE, RMSE, MAE, MAPE: 0.00304, 0.00304, 0.05516, 0.03517, 8.65%
Test - Best epoch, Loss, MSE, RMSE, MAE, MAPE: 48, 0.00278, 0.00278, 0.05271, 0.03274, 7.64%
Time spent: 3.39s
- Epoch 054, ExpID 44495
Train - Loss (one batch): 0.00209
Val - Loss, MSE, RMSE, MAE, MAPE: 0.00294, 0.00294, 0.05418, 0.03346, 8.43%
Test - Best epoch, Loss, MSE, RMSE, MAE, MAPE: 48, 0.00278, 0.00278, 0.05271, 0.03274, 7.64%
Time spent: 3.45s
- Epoch 055, ExpID 44495
Train - Loss (one batch): 0.00215
Val - Loss, MSE, RMSE, MAE, MAPE: 0.00294, 0.00294, 0.05421, 0.03411, 8.62%
Test - Best epoch, Loss, MSE, RMSE, MAE, MAPE: 48, 0.00278, 0.00278, 0.05271, 0.03274, 7.64%
Time spent: 3.45s
- Epoch 056, ExpID 44495
Train - Loss (one batch): 0.00289
Val - Loss, MSE, RMSE, MAE, MAPE: 0.00286, 0.00286, 0.05350, 0.03231, 8.34%
Test - Best epoch, Loss, MSE, RMSE, MAE, MAPE: 56, 0.00274, 0.00274, 0.05231, 0.03195, 7.40%
Time spent: 3.92s
- Epoch 057, ExpID 44495
Train - Loss (one batch): 0.00230
Val - Loss, MSE, RMSE, MAE, MAPE: 0.00299, 0.00299, 0.05467, 0.03482, 8.99%
Test - Best epoch, Loss, MSE, RMSE, MAE, MAPE: 56, 0.00274, 0.00274, 0.05231, 0.03195, 7.40%
Time spent: 3.38s
- Epoch 058, ExpID 44495
Train - Loss (one batch): 0.00207
Val - Loss, MSE, RMSE, MAE, MAPE: 0.00286, 0.00286, 0.05344, 0.03254, 8.30%
Test - Best epoch, Loss, MSE, RMSE, MAE, MAPE: 58, 0.00273, 0.00273, 0.05224, 0.03210, 7.35%
Time spent: 3.92s
- Epoch 059, ExpID 44495
Train - Loss (one batch): 0.00310
Val - Loss, MSE, RMSE, MAE, MAPE: 0.00291, 0.00291, 0.05399, 0.03362, 8.47%
Test - Best epoch, Loss, MSE, RMSE, MAE, MAPE: 58, 0.00273, 0.00273, 0.05224, 0.03210, 7.35%
Time spent: 3.27s
- Epoch 060, ExpID 44495
Train - Loss (one batch): 0.00218
Val - Loss, MSE, RMSE, MAE, MAPE: 0.00297, 0.00297, 0.05450, 0.03422, 9.03%
Test - Best epoch, Loss, MSE, RMSE, MAE, MAPE: 58, 0.00273, 0.00273, 0.05224, 0.03210, 7.35%
Time spent: 3.40s
- Epoch 061, ExpID 44495
Train - Loss (one batch): 0.00241
Val - Loss, MSE, RMSE, MAE, MAPE: 0.00287, 0.00287, 0.05356, 0.03245, 8.27%
Test - Best epoch, Loss, MSE, RMSE, MAE, MAPE: 58, 0.00273, 0.00273, 0.05224, 0.03210, 7.35%
Time spent: 3.37s
- Epoch 062, ExpID 44495
Train - Loss (one batch): 0.00253
Val - Loss, MSE, RMSE, MAE, MAPE: 0.00321, 0.00321, 0.05662, 0.03794, 9.07%
Test - Best epoch, Loss, MSE, RMSE, MAE, MAPE: 58, 0.00273, 0.00273, 0.05224, 0.03210, 7.35%
Time spent: 3.34s
- Epoch 063, ExpID 44495
Train - Loss (one batch): 0.00205
Val - Loss, MSE, RMSE, MAE, MAPE: 0.00288, 0.00288, 0.05367, 0.03319, 8.37%
Test - Best epoch, Loss, MSE, RMSE, MAE, MAPE: 58, 0.00273, 0.00273, 0.05224, 0.03210, 7.35%
Time spent: 3.35s
- Epoch 064, ExpID 44495
Train - Loss (one batch): 0.00208
Val - Loss, MSE, RMSE, MAE, MAPE: 0.00283, 0.00283, 0.05321, 0.03269, 8.33%
Test - Best epoch, Loss, MSE, RMSE, MAE, MAPE: 64, 0.00274, 0.00274, 0.05231, 0.03259, 7.42%
Time spent: 3.87s
- Epoch 065, ExpID 44495
Train - Loss (one batch): 0.00303
Val - Loss, MSE, RMSE, MAE, MAPE: 0.00289, 0.00289, 0.05380, 0.03359, 8.43%
Test - Best epoch, Loss, MSE, RMSE, MAE, MAPE: 64, 0.00274, 0.00274, 0.05231, 0.03259, 7.42%
Time spent: 3.40s
- Epoch 066, ExpID 44495
Train - Loss (one batch): 0.00189
Val - Loss, MSE, RMSE, MAE, MAPE: 0.00284, 0.00284, 0.05332, 0.03241, 8.32%
Test - Best epoch, Loss, MSE, RMSE, MAE, MAPE: 64, 0.00274, 0.00274, 0.05231, 0.03259, 7.42%
Time spent: 3.47s
- Epoch 067, ExpID 44495
Train - Loss (one batch): 0.00222
Val - Loss, MSE, RMSE, MAE, MAPE: 0.00300, 0.00300, 0.05480, 0.03562, 9.26%
Test - Best epoch, Loss, MSE, RMSE, MAE, MAPE: 64, 0.00274, 0.00274, 0.05231, 0.03259, 7.42%
Time spent: 3.44s
- Epoch 068, ExpID 44495
Train - Loss (one batch): 0.00279
Val - Loss, MSE, RMSE, MAE, MAPE: 0.00292, 0.00292, 0.05403, 0.03381, 8.49%
Test - Best epoch, Loss, MSE, RMSE, MAE, MAPE: 64, 0.00274, 0.00274, 0.05231, 0.03259, 7.42%
Time spent: 3.43s
- Epoch 069, ExpID 44495
Train - Loss (one batch): 0.00300
Val - Loss, MSE, RMSE, MAE, MAPE: 0.00282, 0.00282, 0.05311, 0.03286, 8.46%
Test - Best epoch, Loss, MSE, RMSE, MAE, MAPE: 69, 0.00273, 0.00273, 0.05228, 0.03274, 7.55%
Time spent: 3.90s
- Epoch 070, ExpID 44495
Train - Loss (one batch): 0.00256
Val - Loss, MSE, RMSE, MAE, MAPE: 0.00280, 0.00280, 0.05292, 0.03196, 8.26%
Test - Best epoch, Loss, MSE, RMSE, MAE, MAPE: 70, 0.00270, 0.00270, 0.05194, 0.03179, 7.33%
Time spent: 3.82s
- Epoch 071, ExpID 44495
Train - Loss (one batch): 0.00239
Val - Loss, MSE, RMSE, MAE, MAPE: 0.00282, 0.00282, 0.05313, 0.03277, 8.30%
Test - Best epoch, Loss, MSE, RMSE, MAE, MAPE: 70, 0.00270, 0.00270, 0.05194, 0.03179, 7.33%
Time spent: 3.34s
- Epoch 072, ExpID 44495
Train - Loss (one batch): 0.00199
Val - Loss, MSE, RMSE, MAE, MAPE: 0.00287, 0.00287, 0.05359, 0.03326, 8.41%
Test - Best epoch, Loss, MSE, RMSE, MAE, MAPE: 70, 0.00270, 0.00270, 0.05194, 0.03179, 7.33%
Time spent: 3.46s
- Epoch 073, ExpID 44495
Train - Loss (one batch): 0.00327
Val - Loss, MSE, RMSE, MAE, MAPE: 0.00277, 0.00277, 0.05262, 0.03188, 8.27%
Test - Best epoch, Loss, MSE, RMSE, MAE, MAPE: 73, 0.00265, 0.00265, 0.05150, 0.03153, 7.33%
Time spent: 3.90s
- Epoch 074, ExpID 44495
Train - Loss (one batch): 0.00380
Val - Loss, MSE, RMSE, MAE, MAPE: 0.00281, 0.00281, 0.05302, 0.03243, 8.24%
Test - Best epoch, Loss, MSE, RMSE, MAE, MAPE: 73, 0.00265, 0.00265, 0.05150, 0.03153, 7.33%
Time spent: 3.31s
- Epoch 075, ExpID 44495
Train - Loss (one batch): 0.00194
Val - Loss, MSE, RMSE, MAE, MAPE: 0.00280, 0.00280, 0.05289, 0.03241, 8.39%
Test - Best epoch, Loss, MSE, RMSE, MAE, MAPE: 73, 0.00265, 0.00265, 0.05150, 0.03153, 7.33%
Time spent: 3.40s
- Epoch 076, ExpID 44495
Train - Loss (one batch): 0.00214
Val - Loss, MSE, RMSE, MAE, MAPE: 0.00279, 0.00279, 0.05286, 0.03226, 8.22%
Test - Best epoch, Loss, MSE, RMSE, MAE, MAPE: 73, 0.00265, 0.00265, 0.05150, 0.03153, 7.33%
Time spent: 3.45s
- Epoch 077, ExpID 44495
Train - Loss (one batch): 0.00197
Val - Loss, MSE, RMSE, MAE, MAPE: 0.00284, 0.00284, 0.05331, 0.03266, 8.24%
Test - Best epoch, Loss, MSE, RMSE, MAE, MAPE: 73, 0.00265, 0.00265, 0.05150, 0.03153, 7.33%
Time spent: 3.47s
- Epoch 078, ExpID 44495
Train - Loss (one batch): 0.00186
Val - Loss, MSE, RMSE, MAE, MAPE: 0.00278, 0.00278, 0.05268, 0.03191, 8.32%
Test - Best epoch, Loss, MSE, RMSE, MAE, MAPE: 73, 0.00265, 0.00265, 0.05150, 0.03153, 7.33%
Time spent: 3.28s
- Epoch 079, ExpID 44495
Train - Loss (one batch): 0.00233
Val - Loss, MSE, RMSE, MAE, MAPE: 0.00280, 0.00280, 0.05289, 0.03198, 8.13%
Test - Best epoch, Loss, MSE, RMSE, MAE, MAPE: 73, 0.00265, 0.00265, 0.05150, 0.03153, 7.33%
Time spent: 3.41s
- Epoch 080, ExpID 44495
Train - Loss (one batch): 0.00251
Val - Loss, MSE, RMSE, MAE, MAPE: 0.00291, 0.00291, 0.05399, 0.03392, 8.42%
Test - Best epoch, Loss, MSE, RMSE, MAE, MAPE: 73, 0.00265, 0.00265, 0.05150, 0.03153, 7.33%
Time spent: 3.46s
- Epoch 081, ExpID 44495
Train - Loss (one batch): 0.00169
Val - Loss, MSE, RMSE, MAE, MAPE: 0.00278, 0.00278, 0.05275, 0.03183, 8.30%
Test - Best epoch, Loss, MSE, RMSE, MAE, MAPE: 73, 0.00265, 0.00265, 0.05150, 0.03153, 7.33%
Time spent: 3.43s
- Epoch 082, ExpID 44495
Train - Loss (one batch): 0.00257
Val - Loss, MSE, RMSE, MAE, MAPE: 0.00289, 0.00289, 0.05379, 0.03409, 8.45%
Test - Best epoch, Loss, MSE, RMSE, MAE, MAPE: 73, 0.00265, 0.00265, 0.05150, 0.03153, 7.33%
Time spent: 3.40s
- Epoch 083, ExpID 44495
Train - Loss (one batch): 0.00288
Val - Loss, MSE, RMSE, MAE, MAPE: 0.00291, 0.00291, 0.05399, 0.03412, 8.45%
Test - Best epoch, Loss, MSE, RMSE, MAE, MAPE: 73, 0.00265, 0.00265, 0.05150, 0.03153, 7.33%
Time spent: 3.47s
