INFO | - Epoch 000, ExpID 94054 best_epoch=0 improved=1
INFO | Train - Loss (last batch): 0.87211
INFO | Val - Loss, MSE, MAE: 1.31727, 1.31727, 0.50088
INFO | Test - Best epoch, Loss, MSE, MAE: 0, 0.81929, 0.81929, 0.46610
INFO | Test - Points (EXACT): total_masked=493218 correct=15283 right_rate=3.0986%
INFO | - Epoch 001, ExpID 94054 best_epoch=1 improved=1
INFO | Train - Loss (last batch): 0.80036
INFO | Val - Loss, MSE, MAE: 1.29570, 1.29570, 0.49749
INFO | Test - Best epoch, Loss, MSE, MAE: 1, 0.80364, 0.80364, 0.46263
INFO | Test - Points (EXACT): total_masked=493218 correct=8862 right_rate=1.7968%
INFO | - Epoch 002, ExpID 94054 best_epoch=2 improved=1
INFO | Train - Loss (last batch): 0.69172
INFO | Val - Loss, MSE, MAE: 1.28445, 1.28445, 0.48892
INFO | Test - Best epoch, Loss, MSE, MAE: 2, 0.79200, 0.79200, 0.45423
INFO | Test - Points (EXACT): total_masked=493218 correct=13797 right_rate=2.7973%
INFO | - Epoch 003, ExpID 94054 best_epoch=3 improved=1
INFO | Train - Loss (last batch): 0.98465
INFO | Val - Loss, MSE, MAE: 1.27087, 1.27087, 0.48799
INFO | Test - Best epoch, Loss, MSE, MAE: 3, 0.78546, 0.78546, 0.45367
INFO | Test - Points (EXACT): total_masked=493218 correct=11793 right_rate=2.3910%
INFO | - Epoch 004, ExpID 94054 best_epoch=4 improved=1
INFO | Train - Loss (last batch): 0.81527
INFO | Val - Loss, MSE, MAE: 1.26388, 1.26388, 0.49317
INFO | Test - Best epoch, Loss, MSE, MAE: 4, 0.78290, 0.78290, 0.45941
INFO | Test - Points (EXACT): total_masked=493218 correct=6963 right_rate=1.4117%
INFO | - Epoch 005, ExpID 94054 best_epoch=5 improved=1
INFO | Train - Loss (last batch): 0.85963
INFO | Val - Loss, MSE, MAE: 1.25094, 1.25094, 0.49400
INFO | Test - Best epoch, Loss, MSE, MAE: 5, 0.77589, 0.77589, 0.45941
INFO | Test - Points (EXACT): total_masked=493218 correct=7120 right_rate=1.4436%
INFO | - Epoch 006, ExpID 94054 best_epoch=6 improved=1
INFO | Train - Loss (last batch): 0.70177
INFO | Val - Loss, MSE, MAE: 1.24799, 1.24799, 0.48757
INFO | Test - Best epoch, Loss, MSE, MAE: 6, 0.77455, 0.77455, 0.45291
INFO | Test - Points (EXACT): total_masked=493218 correct=9138 right_rate=1.8527%
INFO | - Epoch 007, ExpID 94054 best_epoch=7 improved=1
INFO | Train - Loss (last batch): 0.75074
INFO | Val - Loss, MSE, MAE: 1.24039, 1.24039, 0.48881
INFO | Test - Best epoch, Loss, MSE, MAE: 7, 0.77181, 0.77181, 0.45339
INFO | Test - Points (EXACT): total_masked=493218 correct=10213 right_rate=2.0707%
INFO | - Epoch 008, ExpID 94054 best_epoch=7 improved=0
INFO | Train - Loss (last batch): 0.74628
INFO | Val - Loss, MSE, MAE: 1.24360, 1.24360, 0.47881
INFO | Test - Best epoch, Loss, MSE, MAE: 7, 0.77181, 0.77181, 0.45339
INFO | Test - Points (EXACT): total_masked=493218 correct=10213 right_rate=2.0707%
INFO | - Epoch 009, ExpID 94054 best_epoch=9 improved=1
INFO | Train - Loss (last batch): 0.86352
INFO | Val - Loss, MSE, MAE: 1.23323, 1.23323, 0.51315
INFO | Test - Best epoch, Loss, MSE, MAE: 9, 0.76871, 0.76871, 0.47654
INFO | Test - Points (EXACT): total_masked=493218 correct=6368 right_rate=1.2911%
INFO | - Epoch 010, ExpID 94054 best_epoch=10 improved=1
INFO | Train - Loss (last batch): 0.77566
INFO | Val - Loss, MSE, MAE: 1.23052, 1.23052, 0.49950
INFO | Test - Best epoch, Loss, MSE, MAE: 10, 0.76463, 0.76463, 0.46224
INFO | Test - Points (EXACT): total_masked=493218 correct=10398 right_rate=2.1082%
INFO | - Epoch 011, ExpID 94054 best_epoch=11 improved=1
INFO | Train - Loss (last batch): 0.79266
INFO | Val - Loss, MSE, MAE: 1.21962, 1.21962, 0.48837
INFO | Test - Best epoch, Loss, MSE, MAE: 11, 0.76172, 0.76172, 0.45204
INFO | Test - Points (EXACT): total_masked=493218 correct=13444 right_rate=2.7258%
INFO | - Epoch 012, ExpID 94054 best_epoch=12 improved=1
INFO | Train - Loss (last batch): 0.76116
INFO | Val - Loss, MSE, MAE: 1.21768, 1.21768, 0.49131
INFO | Test - Best epoch, Loss, MSE, MAE: 12, 0.75891, 0.75891, 0.45459
INFO | Test - Points (EXACT): total_masked=493218 correct=14026 right_rate=2.8438%
INFO | - Epoch 013, ExpID 94054 best_epoch=13 improved=1
INFO | Train - Loss (last batch): 0.78554
INFO | Val - Loss, MSE, MAE: 1.21621, 1.21621, 0.49360
INFO | Test - Best epoch, Loss, MSE, MAE: 13, 0.75710, 0.75710, 0.45756
INFO | Test - Points (EXACT): total_masked=493218 correct=14635 right_rate=2.9672%
INFO | - Epoch 014, ExpID 94054 best_epoch=14 improved=1
INFO | Train - Loss (last batch): 0.76279
INFO | Val - Loss, MSE, MAE: 1.20367, 1.20367, 0.48014
INFO | Test - Best epoch, Loss, MSE, MAE: 14, 0.75200, 0.75200, 0.44403
INFO | Test - Points (EXACT): total_masked=493218 correct=16046 right_rate=3.2533%
INFO | - Epoch 015, ExpID 94054 best_epoch=15 improved=1
INFO | Train - Loss (last batch): 0.91208
INFO | Val - Loss, MSE, MAE: 1.19778, 1.19778, 0.47640
INFO | Test - Best epoch, Loss, MSE, MAE: 15, 0.74747, 0.74747, 0.44010
INFO | Test - Points (EXACT): total_masked=493218 correct=16635 right_rate=3.3727%
INFO | - Epoch 016, ExpID 94054 best_epoch=16 improved=1
INFO | Train - Loss (last batch): 0.83070
INFO | Val - Loss, MSE, MAE: 1.18438, 1.18438, 0.47380
INFO | Test - Best epoch, Loss, MSE, MAE: 16, 0.74565, 0.74565, 0.43743
INFO | Test - Points (EXACT): total_masked=493218 correct=16640 right_rate=3.3738%
INFO | - Epoch 017, ExpID 94054 best_epoch=17 improved=1
INFO | Train - Loss (last batch): 0.73250
INFO | Val - Loss, MSE, MAE: 1.17992, 1.17992, 0.48144
INFO | Test - Best epoch, Loss, MSE, MAE: 17, 0.74113, 0.74113, 0.44498
INFO | Test - Points (EXACT): total_masked=493218 correct=16129 right_rate=3.2702%
INFO | - Epoch 018, ExpID 94054 best_epoch=18 improved=1
INFO | Train - Loss (last batch): 0.70120
INFO | Val - Loss, MSE, MAE: 1.16658, 1.16658, 0.47132
INFO | Test - Best epoch, Loss, MSE, MAE: 18, 0.73232, 0.73232, 0.43409
INFO | Test - Points (EXACT): total_masked=493218 correct=15831 right_rate=3.2097%
INFO | - Epoch 019, ExpID 94054 best_epoch=19 improved=1
INFO | Train - Loss (last batch): 0.72473
INFO | Val - Loss, MSE, MAE: 1.16402, 1.16402, 0.47835
INFO | Test - Best epoch, Loss, MSE, MAE: 19, 0.72984, 0.72984, 0.44004
INFO | Test - Points (EXACT): total_masked=493218 correct=15865 right_rate=3.2166%
INFO | - Epoch 020, ExpID 94054 best_epoch=20 improved=1
INFO | Train - Loss (last batch): 0.75267
INFO | Val - Loss, MSE, MAE: 1.15909, 1.15909, 0.45608
INFO | Test - Best epoch, Loss, MSE, MAE: 20, 0.72124, 0.72124, 0.41992
INFO | Test - Points (EXACT): total_masked=493218 correct=17365 right_rate=3.5208%
INFO | - Epoch 021, ExpID 94054 best_epoch=21 improved=1
INFO | Train - Loss (last batch): 0.75394
INFO | Val - Loss, MSE, MAE: 1.15221, 1.15221, 0.46976
INFO | Test - Best epoch, Loss, MSE, MAE: 21, 0.71635, 0.71635, 0.43267
INFO | Test - Points (EXACT): total_masked=493218 correct=13790 right_rate=2.7959%
INFO | - Epoch 022, ExpID 94054 best_epoch=21 improved=0
INFO | Train - Loss (last batch): 0.70015
INFO | Val - Loss, MSE, MAE: 1.15223, 1.15223, 0.44957
INFO | Test - Best epoch, Loss, MSE, MAE: 21, 0.71635, 0.71635, 0.43267
INFO | Test - Points (EXACT): total_masked=493218 correct=13790 right_rate=2.7959%
INFO | - Epoch 023, ExpID 94054 best_epoch=23 improved=1
INFO | Train - Loss (last batch): 0.57523
INFO | Val - Loss, MSE, MAE: 1.14117, 1.14117, 0.45964
INFO | Test - Best epoch, Loss, MSE, MAE: 23, 0.70674, 0.70674, 0.42285
INFO | Test - Points (EXACT): total_masked=493218 correct=17665 right_rate=3.5816%
INFO | - Epoch 024, ExpID 94054 best_epoch=24 improved=1
INFO | Train - Loss (last batch): 0.65075
INFO | Val - Loss, MSE, MAE: 1.13426, 1.13426, 0.44690
INFO | Test - Best epoch, Loss, MSE, MAE: 24, 0.70971, 0.70971, 0.41101
INFO | Test - Points (EXACT): total_masked=493218 correct=20632 right_rate=4.1831%
INFO | - Epoch 025, ExpID 94054 best_epoch=25 improved=1
INFO | Train - Loss (last batch): 0.71435
INFO | Val - Loss, MSE, MAE: 1.12164, 1.12164, 0.46733
INFO | Test - Best epoch, Loss, MSE, MAE: 25, 0.70322, 0.70322, 0.42926
INFO | Test - Points (EXACT): total_masked=493218 correct=16038 right_rate=3.2517%
INFO | - Epoch 026, ExpID 94054 best_epoch=26 improved=1
INFO | Train - Loss (last batch): 0.77130
INFO | Val - Loss, MSE, MAE: 1.11699, 1.11699, 0.44819
INFO | Test - Best epoch, Loss, MSE, MAE: 26, 0.69449, 0.69449, 0.41219
INFO | Test - Points (EXACT): total_masked=493218 correct=18959 right_rate=3.8439%
INFO | - Epoch 027, ExpID 94054 best_epoch=27 improved=1
INFO | Train - Loss (last batch): 0.62523
INFO | Val - Loss, MSE, MAE: 1.11338, 1.11338, 0.45575
INFO | Test - Best epoch, Loss, MSE, MAE: 27, 0.69296, 0.69296, 0.41905
INFO | Test - Points (EXACT): total_masked=493218 correct=17300 right_rate=3.5076%
INFO | - Epoch 028, ExpID 94054 best_epoch=27 improved=0
INFO | Train - Loss (last batch): 0.73733
INFO | Val - Loss, MSE, MAE: 1.11770, 1.11770, 0.44828
INFO | Test - Best epoch, Loss, MSE, MAE: 27, 0.69296, 0.69296, 0.41905
INFO | Test - Points (EXACT): total_masked=493218 correct=17300 right_rate=3.5076%
INFO | - Epoch 029, ExpID 94054 best_epoch=29 improved=1
INFO | Train - Loss (last batch): 0.65032
INFO | Val - Loss, MSE, MAE: 1.10793, 1.10793, 0.43539
INFO | Test - Best epoch, Loss, MSE, MAE: 29, 0.68223, 0.68223, 0.39982
INFO | Test - Points (EXACT): total_masked=493218 correct=20317 right_rate=4.1193%
INFO | - Epoch 030, ExpID 94054 best_epoch=30 improved=1
INFO | Train - Loss (last batch): 0.59059
INFO | Val - Loss, MSE, MAE: 1.10261, 1.10261, 0.44190
INFO | Test - Best epoch, Loss, MSE, MAE: 30, 0.67452, 0.67452, 0.40569
INFO | Test - Points (EXACT): total_masked=493218 correct=15519 right_rate=3.1465%
INFO | - Epoch 031, ExpID 94054 best_epoch=31 improved=1
INFO | Train - Loss (last batch): 0.77340
INFO | Val - Loss, MSE, MAE: 1.10164, 1.10164, 0.43583
INFO | Test - Best epoch, Loss, MSE, MAE: 31, 0.67414, 0.67414, 0.39967
INFO | Test - Points (EXACT): total_masked=493218 correct=17081 right_rate=3.4632%
INFO | - Epoch 032, ExpID 94054 best_epoch=32 improved=1
INFO | Train - Loss (last batch): 0.57060
INFO | Val - Loss, MSE, MAE: 1.09772, 1.09772, 0.43948
INFO | Test - Best epoch, Loss, MSE, MAE: 32, 0.67186, 0.67186, 0.40406
INFO | Test - Points (EXACT): total_masked=493218 correct=16560 right_rate=3.3575%
INFO | - Epoch 033, ExpID 94054 best_epoch=32 improved=0
INFO | Train - Loss (last batch): 0.61435
INFO | Val - Loss, MSE, MAE: 1.10409, 1.10409, 0.43419
INFO | Test - Best epoch, Loss, MSE, MAE: 32, 0.67186, 0.67186, 0.40406
INFO | Test - Points (EXACT): total_masked=493218 correct=16560 right_rate=3.3575%
INFO | - Epoch 034, ExpID 94054 best_epoch=32 improved=0
INFO | Train - Loss (last batch): 0.59369
INFO | Val - Loss, MSE, MAE: 1.09787, 1.09787, 0.42235
INFO | Test - Best epoch, Loss, MSE, MAE: 32, 0.67186, 0.67186, 0.40406
INFO | Test - Points (EXACT): total_masked=493218 correct=16560 right_rate=3.3575%
INFO | - Epoch 035, ExpID 94054 best_epoch=35 improved=1
INFO | Train - Loss (last batch): 0.62280
INFO | Val - Loss, MSE, MAE: 1.09405, 1.09405, 0.44430
INFO | Test - Best epoch, Loss, MSE, MAE: 35, 0.66580, 0.66580, 0.40749
INFO | Test - Points (EXACT): total_masked=493218 correct=15616 right_rate=3.1661%
INFO | - Epoch 036, ExpID 94054 best_epoch=35 improved=0
INFO | Train - Loss (last batch): 0.62325
INFO | Val - Loss, MSE, MAE: 1.10406, 1.10406, 0.41953
INFO | Test - Best epoch, Loss, MSE, MAE: 35, 0.66580, 0.66580, 0.40749
INFO | Test - Points (EXACT): total_masked=493218 correct=15616 right_rate=3.1661%
INFO | - Epoch 037, ExpID 94054 best_epoch=35 improved=0
INFO | Train - Loss (last batch): 0.65658
INFO | Val - Loss, MSE, MAE: 1.10096, 1.10096, 0.43745
INFO | Test - Best epoch, Loss, MSE, MAE: 35, 0.66580, 0.66580, 0.40749
INFO | Test - Points (EXACT): total_masked=493218 correct=15616 right_rate=3.1661%
INFO | - Epoch 038, ExpID 94054 best_epoch=35 improved=0
INFO | Train - Loss (last batch): 0.80491
INFO | Val - Loss, MSE, MAE: 1.10741, 1.10741, 0.41783
INFO | Test - Best epoch, Loss, MSE, MAE: 35, 0.66580, 0.66580, 0.40749
INFO | Test - Points (EXACT): total_masked=493218 correct=15616 right_rate=3.1661%
INFO | - Epoch 039, ExpID 94054 best_epoch=35 improved=0
INFO | Train - Loss (last batch): 0.54345
INFO | Val - Loss, MSE, MAE: 1.10917, 1.10917, 0.42402
INFO | Test - Best epoch, Loss, MSE, MAE: 35, 0.66580, 0.66580, 0.40749
INFO | Test - Points (EXACT): total_masked=493218 correct=15616 right_rate=3.1661%
INFO | - Epoch 040, ExpID 94054 best_epoch=35 improved=0
INFO | Train - Loss (last batch): 0.76772
INFO | Val - Loss, MSE, MAE: 1.10558, 1.10558, 0.42738
INFO | Test - Best epoch, Loss, MSE, MAE: 35, 0.66580, 0.66580, 0.40749
INFO | Test - Points (EXACT): total_masked=493218 correct=15616 right_rate=3.1661%
INFO | - Epoch 041, ExpID 94054 best_epoch=35 improved=0
INFO | Train - Loss (last batch): 0.73719
INFO | Val - Loss, MSE, MAE: 1.10915, 1.10915, 0.42069
INFO | Test - Best epoch, Loss, MSE, MAE: 35, 0.66580, 0.66580, 0.40749
INFO | Test - Points (EXACT): total_masked=493218 correct=15616 right_rate=3.1661%
INFO | - Epoch 042, ExpID 94054 best_epoch=35 improved=0
INFO | Train - Loss (last batch): 0.65052
INFO | Val - Loss, MSE, MAE: 1.10465, 1.10465, 0.41538
INFO | Test - Best epoch, Loss, MSE, MAE: 35, 0.66580, 0.66580, 0.40749
INFO | Test - Points (EXACT): total_masked=493218 correct=15616 right_rate=3.1661%
INFO | - Epoch 043, ExpID 94054 best_epoch=35 improved=0
INFO | Train - Loss (last batch): 0.65147
INFO | Val - Loss, MSE, MAE: 1.11199, 1.11199, 0.41486
INFO | Test - Best epoch, Loss, MSE, MAE: 35, 0.66580, 0.66580, 0.40749
INFO | Test - Points (EXACT): total_masked=493218 correct=15616 right_rate=3.1661%
INFO | - Epoch 044, ExpID 94054 best_epoch=35 improved=0
INFO | Train - Loss (last batch): 0.59625
INFO | Val - Loss, MSE, MAE: 1.10569, 1.10569, 0.42135
INFO | Test - Best epoch, Loss, MSE, MAE: 35, 0.66580, 0.66580, 0.40749
INFO | Test - Points (EXACT): total_masked=493218 correct=15616 right_rate=3.1661%
INFO | - Epoch 045, ExpID 94054 best_epoch=35 improved=0
INFO | Train - Loss (last batch): 0.60151
INFO | Val - Loss, MSE, MAE: 1.09624, 1.09624, 0.42074
INFO | Test - Best epoch, Loss, MSE, MAE: 35, 0.66580, 0.66580, 0.40749
INFO | Test - Points (EXACT): total_masked=493218 correct=15616 right_rate=3.1661%
INFO | - Epoch 046, ExpID 94054 best_epoch=35 improved=0
INFO | Train - Loss (last batch): 0.54082
INFO | Val - Loss, MSE, MAE: 1.10366, 1.10366, 0.41515
INFO | Test - Best epoch, Loss, MSE, MAE: 35, 0.66580, 0.66580, 0.40749
INFO | Test - Points (EXACT): total_masked=493218 correct=15616 right_rate=3.1661%
INFO | - Epoch 047, ExpID 94054 best_epoch=35 improved=0
INFO | Train - Loss (last batch): 0.63238
INFO | Val - Loss, MSE, MAE: 1.09983, 1.09983, 0.42605
INFO | Test - Best epoch, Loss, MSE, MAE: 35, 0.66580, 0.66580, 0.40749
INFO | Test - Points (EXACT): total_masked=493218 correct=15616 right_rate=3.1661%
INFO | - Epoch 048, ExpID 94054 best_epoch=35 improved=0
INFO | Train - Loss (last batch): 0.60555
INFO | Val - Loss, MSE, MAE: 1.09974, 1.09974, 0.41766
INFO | Test - Best epoch, Loss, MSE, MAE: 35, 0.66580, 0.66580, 0.40749
INFO | Test - Points (EXACT): total_masked=493218 correct=15616 right_rate=3.1661%
INFO | - Epoch 049, ExpID 94054 best_epoch=35 improved=0
INFO | Train - Loss (last batch): 0.55811
INFO | Val - Loss, MSE, MAE: 1.10537, 1.10537, 0.41560
INFO | Test - Best epoch, Loss, MSE, MAE: 35, 0.66580, 0.66580, 0.40749
INFO | Test - Points (EXACT): total_masked=493218 correct=15616 right_rate=3.1661%
INFO | - Epoch 050, ExpID 94054 best_epoch=35 improved=0
INFO | Train - Loss (last batch): 0.60127
INFO | Val - Loss, MSE, MAE: 1.10336, 1.10336, 0.40901
INFO | Test - Best epoch, Loss, MSE, MAE: 35, 0.66580, 0.66580, 0.40749
INFO | Test - Points (EXACT): total_masked=493218 correct=15616 right_rate=3.1661%
INFO | - Epoch 051, ExpID 94054 best_epoch=35 improved=0
INFO | Train - Loss (last batch): 0.60575
INFO | Val - Loss, MSE, MAE: 1.09647, 1.09647, 0.41759
INFO | Test - Best epoch, Loss, MSE, MAE: 35, 0.66580, 0.66580, 0.40749
INFO | Test - Points (EXACT): total_masked=493218 correct=15616 right_rate=3.1661%
INFO | - Epoch 052, ExpID 94054 best_epoch=35 improved=0
INFO | Train - Loss (last batch): 0.58447
INFO | Val - Loss, MSE, MAE: 1.10288, 1.10288, 0.40784
INFO | Test - Best epoch, Loss, MSE, MAE: 35, 0.66580, 0.66580, 0.40749
INFO | Test - Points (EXACT): total_masked=493218 correct=15616 right_rate=3.1661%
INFO | - Epoch 053, ExpID 94054 best_epoch=35 improved=0
INFO | Train - Loss (last batch): 0.59736
INFO | Val - Loss, MSE, MAE: 1.10296, 1.10296, 0.39955
INFO | Test - Best epoch, Loss, MSE, MAE: 35, 0.66580, 0.66580, 0.40749
INFO | Test - Points (EXACT): total_masked=493218 correct=15616 right_rate=3.1661%
INFO | - Epoch 054, ExpID 94054 best_epoch=35 improved=0
INFO | Train - Loss (last batch): 0.54033
INFO | Val - Loss, MSE, MAE: 1.10539, 1.10539, 0.40267
INFO | Test - Best epoch, Loss, MSE, MAE: 35, 0.66580, 0.66580, 0.40749
INFO | Test - Points (EXACT): total_masked=493218 correct=15616 right_rate=3.1661%
INFO | - Epoch 055, ExpID 94054 best_epoch=35 improved=0
INFO | Train - Loss (last batch): 0.65126
INFO | Val - Loss, MSE, MAE: 1.10066, 1.10066, 0.41237
INFO | Test - Best epoch, Loss, MSE, MAE: 35, 0.66580, 0.66580, 0.40749
INFO | Test - Points (EXACT): total_masked=493218 correct=15616 right_rate=3.1661%
INFO | - Epoch 056, ExpID 94054 best_epoch=35 improved=0
INFO | Train - Loss (last batch): 0.62587
INFO | Val - Loss, MSE, MAE: 1.10146, 1.10146, 0.40811
INFO | Test - Best epoch, Loss, MSE, MAE: 35, 0.66580, 0.66580, 0.40749
INFO | Test - Points (EXACT): total_masked=493218 correct=15616 right_rate=3.1661%
INFO | - Epoch 057, ExpID 94054 best_epoch=35 improved=0
INFO | Train - Loss (last batch): 0.69638
INFO | Val - Loss, MSE, MAE: 1.09932, 1.09932, 0.41274
INFO | Test - Best epoch, Loss, MSE, MAE: 35, 0.66580, 0.66580, 0.40749
INFO | Test - Points (EXACT): total_masked=493218 correct=15616 right_rate=3.1661%
INFO | - Epoch 058, ExpID 94054 best_epoch=35 improved=0
INFO | Train - Loss (last batch): 0.69320
INFO | Val - Loss, MSE, MAE: 1.09866, 1.09866, 0.41733
INFO | Test - Best epoch, Loss, MSE, MAE: 35, 0.66580, 0.66580, 0.40749
INFO | Test - Points (EXACT): total_masked=493218 correct=15616 right_rate=3.1661%
INFO | - Epoch 059, ExpID 94054 best_epoch=35 improved=0
INFO | Train - Loss (last batch): 0.54422
INFO | Val - Loss, MSE, MAE: 1.09716, 1.09716, 0.41077
INFO | Test - Best epoch, Loss, MSE, MAE: 35, 0.66580, 0.66580, 0.40749
INFO | Test - Points (EXACT): total_masked=493218 correct=15616 right_rate=3.1661%
INFO | - Epoch 060, ExpID 94054 best_epoch=35 improved=0
INFO | Train - Loss (last batch): 0.52791
INFO | Val - Loss, MSE, MAE: 1.09913, 1.09913, 0.40468
INFO | Test - Best epoch, Loss, MSE, MAE: 35, 0.66580, 0.66580, 0.40749
INFO | Test - Points (EXACT): total_masked=493218 correct=15616 right_rate=3.1661%
INFO | - Epoch 061, ExpID 94054 best_epoch=61 improved=1
INFO | Train - Loss (last batch): 0.62929
INFO | Val - Loss, MSE, MAE: 1.09165, 1.09165, 0.41551
INFO | Test - Best epoch, Loss, MSE, MAE: 61, 0.63770, 0.63770, 0.37948
INFO | Test - Points (EXACT): total_masked=493218 correct=18001 right_rate=3.6497%
INFO | - Epoch 062, ExpID 94054 best_epoch=61 improved=0
INFO | Train - Loss (last batch): 0.59852
INFO | Val - Loss, MSE, MAE: 1.09714, 1.09714, 0.40831
INFO | Test - Best epoch, Loss, MSE, MAE: 61, 0.63770, 0.63770, 0.37948
INFO | Test - Points (EXACT): total_masked=493218 correct=18001 right_rate=3.6497%
INFO | - Epoch 063, ExpID 94054 best_epoch=63 improved=1
INFO | Train - Loss (last batch): 0.59173
INFO | Val - Loss, MSE, MAE: 1.09074, 1.09074, 0.40751
INFO | Test - Best epoch, Loss, MSE, MAE: 63, 0.63464, 0.63464, 0.37176
INFO | Test - Points (EXACT): total_masked=493218 correct=20766 right_rate=4.2103%
INFO | - Epoch 064, ExpID 94054 best_epoch=63 improved=0
INFO | Train - Loss (last batch): 0.60945
INFO | Val - Loss, MSE, MAE: 1.09338, 1.09338, 0.40407
INFO | Test - Best epoch, Loss, MSE, MAE: 63, 0.63464, 0.63464, 0.37176
INFO | Test - Points (EXACT): total_masked=493218 correct=20766 right_rate=4.2103%
INFO | - Epoch 065, ExpID 94054 best_epoch=63 improved=0
INFO | Train - Loss (last batch): 0.54719
INFO | Val - Loss, MSE, MAE: 1.09508, 1.09508, 0.40716
INFO | Test - Best epoch, Loss, MSE, MAE: 63, 0.63464, 0.63464, 0.37176
INFO | Test - Points (EXACT): total_masked=493218 correct=20766 right_rate=4.2103%
INFO | - Epoch 066, ExpID 94054 best_epoch=63 improved=0
INFO | Train - Loss (last batch): 0.53663
INFO | Val - Loss, MSE, MAE: 1.09444, 1.09444, 0.40211
INFO | Test - Best epoch, Loss, MSE, MAE: 63, 0.63464, 0.63464, 0.37176
INFO | Test - Points (EXACT): total_masked=493218 correct=20766 right_rate=4.2103%
INFO | - Epoch 067, ExpID 94054 best_epoch=63 improved=0
INFO | Train - Loss (last batch): 0.61012
INFO | Val - Loss, MSE, MAE: 1.09257, 1.09257, 0.40792
INFO | Test - Best epoch, Loss, MSE, MAE: 63, 0.63464, 0.63464, 0.37176
INFO | Test - Points (EXACT): total_masked=493218 correct=20766 right_rate=4.2103%
INFO | - Epoch 068, ExpID 94054 best_epoch=68 improved=1
INFO | Train - Loss (last batch): 0.56631
INFO | Val - Loss, MSE, MAE: 1.08886, 1.08886, 0.41056
INFO | Test - Best epoch, Loss, MSE, MAE: 68, 0.63311, 0.63311, 0.37475
INFO | Test - Points (EXACT): total_masked=493218 correct=19764 right_rate=4.0072%
INFO | - Epoch 069, ExpID 94054 best_epoch=68 improved=0
INFO | Train - Loss (last batch): 0.53709
INFO | Val - Loss, MSE, MAE: 1.09128, 1.09128, 0.41581
INFO | Test - Best epoch, Loss, MSE, MAE: 68, 0.63311, 0.63311, 0.37475
INFO | Test - Points (EXACT): total_masked=493218 correct=19764 right_rate=4.0072%
INFO | - Epoch 070, ExpID 94054 best_epoch=68 improved=0
INFO | Train - Loss (last batch): 0.72076
INFO | Val - Loss, MSE, MAE: 1.09543, 1.09543, 0.40458
INFO | Test - Best epoch, Loss, MSE, MAE: 68, 0.63311, 0.63311, 0.37475
INFO | Test - Points (EXACT): total_masked=493218 correct=19764 right_rate=4.0072%
INFO | - Epoch 071, ExpID 94054 best_epoch=68 improved=0
INFO | Train - Loss (last batch): 0.58889
INFO | Val - Loss, MSE, MAE: 1.09306, 1.09306, 0.40199
INFO | Test - Best epoch, Loss, MSE, MAE: 68, 0.63311, 0.63311, 0.37475
INFO | Test - Points (EXACT): total_masked=493218 correct=19764 right_rate=4.0072%
INFO | - Epoch 072, ExpID 94054 best_epoch=68 improved=0
INFO | Train - Loss (last batch): 0.66216
INFO | Val - Loss, MSE, MAE: 1.09232, 1.09232, 0.40521
INFO | Test - Best epoch, Loss, MSE, MAE: 68, 0.63311, 0.63311, 0.37475
INFO | Test - Points (EXACT): total_masked=493218 correct=19764 right_rate=4.0072%
INFO | - Epoch 073, ExpID 94054 best_epoch=68 improved=0
INFO | Train - Loss (last batch): 0.56588
INFO | Val - Loss, MSE, MAE: 1.09104, 1.09104, 0.40819
INFO | Test - Best epoch, Loss, MSE, MAE: 68, 0.63311, 0.63311, 0.37475
INFO | Test - Points (EXACT): total_masked=493218 correct=19764 right_rate=4.0072%
INFO | - Epoch 074, ExpID 94054 best_epoch=68 improved=0
INFO | Train - Loss (last batch): 0.59724
INFO | Val - Loss, MSE, MAE: 1.09125, 1.09125, 0.39851
INFO | Test - Best epoch, Loss, MSE, MAE: 68, 0.63311, 0.63311, 0.37475
INFO | Test - Points (EXACT): total_masked=493218 correct=19764 right_rate=4.0072%
INFO | - Epoch 075, ExpID 94054 best_epoch=68 improved=0
INFO | Train - Loss (last batch): 0.51946
INFO | Val - Loss, MSE, MAE: 1.08982, 1.08982, 0.39769
INFO | Test - Best epoch, Loss, MSE, MAE: 68, 0.63311, 0.63311, 0.37475
INFO | Test - Points (EXACT): total_masked=493218 correct=19764 right_rate=4.0072%
INFO | - Epoch 076, ExpID 94054 best_epoch=68 improved=0
INFO | Train - Loss (last batch): 0.59606
INFO | Val - Loss, MSE, MAE: 1.09320, 1.09320, 0.40217
INFO | Test - Best epoch, Loss, MSE, MAE: 68, 0.63311, 0.63311, 0.37475
INFO | Test - Points (EXACT): total_masked=493218 correct=19764 right_rate=4.0072%
INFO | - Epoch 077, ExpID 94054 best_epoch=77 improved=1
INFO | Train - Loss (last batch): 0.61396
INFO | Val - Loss, MSE, MAE: 1.08827, 1.08827, 0.39935
INFO | Test - Best epoch, Loss, MSE, MAE: 77, 0.62622, 0.62622, 0.36323
INFO | Test - Points (EXACT): total_masked=493218 correct=22937 right_rate=4.6505%
INFO | - Epoch 078, ExpID 94054 best_epoch=78 improved=1
INFO | Train - Loss (last batch): 0.56661
INFO | Val - Loss, MSE, MAE: 1.08646, 1.08646, 0.40010
INFO | Test - Best epoch, Loss, MSE, MAE: 78, 0.62880, 0.62880, 0.36392
INFO | Test - Points (EXACT): total_masked=493218 correct=22011 right_rate=4.4627%
INFO | - Epoch 079, ExpID 94054 best_epoch=78 improved=0
INFO | Train - Loss (last batch): 0.51590
INFO | Val - Loss, MSE, MAE: 1.08769, 1.08769, 0.39382
INFO | Test - Best epoch, Loss, MSE, MAE: 78, 0.62880, 0.62880, 0.36392
INFO | Test - Points (EXACT): total_masked=493218 correct=22011 right_rate=4.4627%
INFO | - Epoch 080, ExpID 94054 best_epoch=78 improved=0
INFO | Train - Loss (last batch): 0.56148
INFO | Val - Loss, MSE, MAE: 1.08691, 1.08691, 0.40811
INFO | Test - Best epoch, Loss, MSE, MAE: 78, 0.62880, 0.62880, 0.36392
INFO | Test - Points (EXACT): total_masked=493218 correct=22011 right_rate=4.4627%
INFO | - Epoch 081, ExpID 94054 best_epoch=81 improved=1
INFO | Train - Loss (last batch): 0.56436
INFO | Val - Loss, MSE, MAE: 1.08520, 1.08520, 0.40427
INFO | Test - Best epoch, Loss, MSE, MAE: 81, 0.62757, 0.62757, 0.36831
INFO | Test - Points (EXACT): total_masked=493218 correct=21323 right_rate=4.3232%
INFO | - Epoch 082, ExpID 94054 best_epoch=81 improved=0
INFO | Train - Loss (last batch): 0.57414
INFO | Val - Loss, MSE, MAE: 1.09048, 1.09048, 0.40268
INFO | Test - Best epoch, Loss, MSE, MAE: 81, 0.62757, 0.62757, 0.36831
INFO | Test - Points (EXACT): total_masked=493218 correct=21323 right_rate=4.3232%
INFO | - Epoch 083, ExpID 94054 best_epoch=81 improved=0
INFO | Train - Loss (last batch): 0.57678
INFO | Val - Loss, MSE, MAE: 1.09139, 1.09139, 0.40135
INFO | Test - Best epoch, Loss, MSE, MAE: 81, 0.62757, 0.62757, 0.36831
INFO | Test - Points (EXACT): total_masked=493218 correct=21323 right_rate=4.3232%
INFO | - Epoch 084, ExpID 94054 best_epoch=81 improved=0
INFO | Train - Loss (last batch): 0.63782
INFO | Val - Loss, MSE, MAE: 1.08728, 1.08728, 0.39089
INFO | Test - Best epoch, Loss, MSE, MAE: 81, 0.62757, 0.62757, 0.36831
INFO | Test - Points (EXACT): total_masked=493218 correct=21323 right_rate=4.3232%
INFO | - Epoch 085, ExpID 94054 best_epoch=81 improved=0
INFO | Train - Loss (last batch): 0.53765
INFO | Val - Loss, MSE, MAE: 1.08560, 1.08560, 0.39851
INFO | Test - Best epoch, Loss, MSE, MAE: 81, 0.62757, 0.62757, 0.36831
INFO | Test - Points (EXACT): total_masked=493218 correct=21323 right_rate=4.3232%
INFO | - Epoch 086, ExpID 94054 best_epoch=81 improved=0
INFO | Train - Loss (last batch): 0.55997
INFO | Val - Loss, MSE, MAE: 1.08635, 1.08635, 0.40502
INFO | Test - Best epoch, Loss, MSE, MAE: 81, 0.62757, 0.62757, 0.36831
INFO | Test - Points (EXACT): total_masked=493218 correct=21323 right_rate=4.3232%
INFO | - Epoch 087, ExpID 94054 best_epoch=81 improved=0
INFO | Train - Loss (last batch): 0.60786
INFO | Val - Loss, MSE, MAE: 1.08575, 1.08575, 0.39349
INFO | Test - Best epoch, Loss, MSE, MAE: 81, 0.62757, 0.62757, 0.36831
INFO | Test - Points (EXACT): total_masked=493218 correct=21323 right_rate=4.3232%
INFO | - Epoch 088, ExpID 94054 best_epoch=81 improved=0
INFO | Train - Loss (last batch): 0.51375
INFO | Val - Loss, MSE, MAE: 1.08826, 1.08826, 0.39930
INFO | Test - Best epoch, Loss, MSE, MAE: 81, 0.62757, 0.62757, 0.36831
INFO | Test - Points (EXACT): total_masked=493218 correct=21323 right_rate=4.3232%
INFO | - Epoch 089, ExpID 94054 best_epoch=81 improved=0
INFO | Train - Loss (last batch): 0.56184
INFO | Val - Loss, MSE, MAE: 1.08562, 1.08562, 0.39862
INFO | Test - Best epoch, Loss, MSE, MAE: 81, 0.62757, 0.62757, 0.36831
INFO | Test - Points (EXACT): total_masked=493218 correct=21323 right_rate=4.3232%
INFO | - Epoch 090, ExpID 94054 best_epoch=81 improved=0
INFO | Train - Loss (last batch): 0.54454
INFO | Val - Loss, MSE, MAE: 1.08685, 1.08685, 0.40565
INFO | Test - Best epoch, Loss, MSE, MAE: 81, 0.62757, 0.62757, 0.36831
INFO | Test - Points (EXACT): total_masked=493218 correct=21323 right_rate=4.3232%
INFO | - Epoch 091, ExpID 94054 best_epoch=91 improved=1
INFO | Train - Loss (last batch): 0.61607
INFO | Val - Loss, MSE, MAE: 1.08373, 1.08373, 0.39905
INFO | Test - Best epoch, Loss, MSE, MAE: 91, 0.61850, 0.61850, 0.36191
INFO | Test - Points (EXACT): total_masked=493218 correct=21730 right_rate=4.4058%
INFO | - Epoch 092, ExpID 94054 best_epoch=91 improved=0
INFO | Train - Loss (last batch): 0.64430
INFO | Val - Loss, MSE, MAE: 1.08407, 1.08407, 0.39515
INFO | Test - Best epoch, Loss, MSE, MAE: 91, 0.61850, 0.61850, 0.36191
INFO | Test - Points (EXACT): total_masked=493218 correct=21730 right_rate=4.4058%
INFO | - Epoch 093, ExpID 94054 best_epoch=91 improved=0
INFO | Train - Loss (last batch): 0.64246
INFO | Val - Loss, MSE, MAE: 1.08795, 1.08795, 0.39957
INFO | Test - Best epoch, Loss, MSE, MAE: 91, 0.61850, 0.61850, 0.36191
INFO | Test - Points (EXACT): total_masked=493218 correct=21730 right_rate=4.4058%
INFO | - Epoch 094, ExpID 94054 best_epoch=91 improved=0
INFO | Train - Loss (last batch): 0.54683
INFO | Val - Loss, MSE, MAE: 1.08744, 1.08744, 0.39703
INFO | Test - Best epoch, Loss, MSE, MAE: 91, 0.61850, 0.61850, 0.36191
INFO | Test - Points (EXACT): total_masked=493218 correct=21730 right_rate=4.4058%
INFO | - Epoch 095, ExpID 94054 best_epoch=91 improved=0
INFO | Train - Loss (last batch): 0.48008
INFO | Val - Loss, MSE, MAE: 1.08630, 1.08630, 0.39351
INFO | Test - Best epoch, Loss, MSE, MAE: 91, 0.61850, 0.61850, 0.36191
INFO | Test - Points (EXACT): total_masked=493218 correct=21730 right_rate=4.4058%
INFO | - Epoch 096, ExpID 94054 best_epoch=91 improved=0
INFO | Train - Loss (last batch): 0.57174
INFO | Val - Loss, MSE, MAE: 1.08484, 1.08484, 0.39813
INFO | Test - Best epoch, Loss, MSE, MAE: 91, 0.61850, 0.61850, 0.36191
INFO | Test - Points (EXACT): total_masked=493218 correct=21730 right_rate=4.4058%
INFO | - Epoch 097, ExpID 94054 best_epoch=91 improved=0
INFO | Train - Loss (last batch): 0.54245
INFO | Val - Loss, MSE, MAE: 1.08580, 1.08580, 0.40092
INFO | Test - Best epoch, Loss, MSE, MAE: 91, 0.61850, 0.61850, 0.36191
INFO | Test - Points (EXACT): total_masked=493218 correct=21730 right_rate=4.4058%
INFO | - Epoch 098, ExpID 94054 best_epoch=91 improved=0
INFO | Train - Loss (last batch): 0.60834
INFO | Val - Loss, MSE, MAE: 1.08416, 1.08416, 0.39582
INFO | Test - Best epoch, Loss, MSE, MAE: 91, 0.61850, 0.61850, 0.36191
INFO | Test - Points (EXACT): total_masked=493218 correct=21730 right_rate=4.4058%
INFO | - Epoch 099, ExpID 94054 best_epoch=91 improved=0
INFO | Train - Loss (last batch): 0.63822
INFO | Val - Loss, MSE, MAE: 1.08538, 1.08538, 0.39965
INFO | Test - Best epoch, Loss, MSE, MAE: 91, 0.61850, 0.61850, 0.36191
INFO | Test - Points (EXACT): total_masked=493218 correct=21730 right_rate=4.4058%
INFO | - Epoch 100, ExpID 94054 best_epoch=91 improved=0
INFO | Train - Loss (last batch): 0.50589
INFO | Val - Loss, MSE, MAE: 1.08398, 1.08398, 0.39601
INFO | Test - Best epoch, Loss, MSE, MAE: 91, 0.61850, 0.61850, 0.36191
INFO | Test - Points (EXACT): total_masked=493218 correct=21730 right_rate=4.4058%
INFO | - Epoch 101, ExpID 94054 best_epoch=101 improved=1
INFO | Train - Loss (last batch): 0.62738
INFO | Val - Loss, MSE, MAE: 1.08232, 1.08232, 0.39361
INFO | Test - Best epoch, Loss, MSE, MAE: 101, 0.61818, 0.61818, 0.35727
INFO | Test - Points (EXACT): total_masked=493218 correct=23310 right_rate=4.7261%
INFO | - Epoch 102, ExpID 94054 best_epoch=101 improved=0
INFO | Train - Loss (last batch): 0.53051
INFO | Val - Loss, MSE, MAE: 1.08400, 1.08400, 0.40053
INFO | Test - Best epoch, Loss, MSE, MAE: 101, 0.61818, 0.61818, 0.35727
INFO | Test - Points (EXACT): total_masked=493218 correct=23310 right_rate=4.7261%
INFO | - Epoch 103, ExpID 94054 best_epoch=101 improved=0
INFO | Train - Loss (last batch): 0.56161
INFO | Val - Loss, MSE, MAE: 1.08301, 1.08301, 0.39326
INFO | Test - Best epoch, Loss, MSE, MAE: 101, 0.61818, 0.61818, 0.35727
INFO | Test - Points (EXACT): total_masked=493218 correct=23310 right_rate=4.7261%
INFO | - Epoch 104, ExpID 94054 best_epoch=101 improved=0
INFO | Train - Loss (last batch): 0.61830
INFO | Val - Loss, MSE, MAE: 1.08365, 1.08365, 0.39664
INFO | Test - Best epoch, Loss, MSE, MAE: 101, 0.61818, 0.61818, 0.35727
INFO | Test - Points (EXACT): total_masked=493218 correct=23310 right_rate=4.7261%
INFO | - Epoch 105, ExpID 94054 best_epoch=101 improved=0
INFO | Train - Loss (last batch): 0.54719
INFO | Val - Loss, MSE, MAE: 1.08270, 1.08270, 0.39764
INFO | Test - Best epoch, Loss, MSE, MAE: 101, 0.61818, 0.61818, 0.35727
INFO | Test - Points (EXACT): total_masked=493218 correct=23310 right_rate=4.7261%
INFO | - Epoch 106, ExpID 94054 best_epoch=101 improved=0
INFO | Train - Loss (last batch): 0.61060
INFO | Val - Loss, MSE, MAE: 1.08313, 1.08313, 0.39700
INFO | Test - Best epoch, Loss, MSE, MAE: 101, 0.61818, 0.61818, 0.35727
INFO | Test - Points (EXACT): total_masked=493218 correct=23310 right_rate=4.7261%
INFO | - Epoch 107, ExpID 94054 best_epoch=101 improved=0
INFO | Train - Loss (last batch): 0.50274
INFO | Val - Loss, MSE, MAE: 1.08472, 1.08472, 0.39575
INFO | Test - Best epoch, Loss, MSE, MAE: 101, 0.61818, 0.61818, 0.35727
INFO | Test - Points (EXACT): total_masked=493218 correct=23310 right_rate=4.7261%
INFO | - Epoch 108, ExpID 94054 best_epoch=101 improved=0
INFO | Train - Loss (last batch): 0.53021
INFO | Val - Loss, MSE, MAE: 1.08433, 1.08433, 0.39121
INFO | Test - Best epoch, Loss, MSE, MAE: 101, 0.61818, 0.61818, 0.35727
INFO | Test - Points (EXACT): total_masked=493218 correct=23310 right_rate=4.7261%
INFO | - Epoch 109, ExpID 94054 best_epoch=101 improved=0
INFO | Train - Loss (last batch): 0.43170
INFO | Val - Loss, MSE, MAE: 1.08315, 1.08315, 0.39821
INFO | Test - Best epoch, Loss, MSE, MAE: 101, 0.61818, 0.61818, 0.35727
INFO | Test - Points (EXACT): total_masked=493218 correct=23310 right_rate=4.7261%
INFO | - Epoch 110, ExpID 94054 best_epoch=101 improved=0
INFO | Train - Loss (last batch): 0.53740
INFO | Val - Loss, MSE, MAE: 1.08390, 1.08390, 0.39291
INFO | Test - Best epoch, Loss, MSE, MAE: 101, 0.61818, 0.61818, 0.35727
INFO | Test - Points (EXACT): total_masked=493218 correct=23310 right_rate=4.7261%
INFO | - Epoch 111, ExpID 94054 best_epoch=101 improved=0
INFO | Train - Loss (last batch): 0.60313
INFO | Val - Loss, MSE, MAE: 1.08398, 1.08398, 0.39594
INFO | Test - Best epoch, Loss, MSE, MAE: 101, 0.61818, 0.61818, 0.35727
INFO | Test - Points (EXACT): total_masked=493218 correct=23310 right_rate=4.7261%
INFO | - Epoch 112, ExpID 94054 best_epoch=101 improved=0
INFO | Train - Loss (last batch): 0.53025
INFO | Val - Loss, MSE, MAE: 1.08460, 1.08460, 0.39540
INFO | Test - Best epoch, Loss, MSE, MAE: 101, 0.61818, 0.61818, 0.35727
INFO | Test - Points (EXACT): total_masked=493218 correct=23310 right_rate=4.7261%
INFO | - Epoch 113, ExpID 94054 best_epoch=101 improved=0
INFO | Train - Loss (last batch): 0.66330
INFO | Val - Loss, MSE, MAE: 1.08268, 1.08268, 0.39414
INFO | Test - Best epoch, Loss, MSE, MAE: 101, 0.61818, 0.61818, 0.35727
INFO | Test - Points (EXACT): total_masked=493218 correct=23310 right_rate=4.7261%
INFO | - Epoch 114, ExpID 94054 best_epoch=101 improved=0
INFO | Train - Loss (last batch): 0.56899
INFO | Val - Loss, MSE, MAE: 1.08280, 1.08280, 0.39643
INFO | Test - Best epoch, Loss, MSE, MAE: 101, 0.61818, 0.61818, 0.35727
INFO | Test - Points (EXACT): total_masked=493218 correct=23310 right_rate=4.7261%
INFO | - Epoch 115, ExpID 94054 best_epoch=101 improved=0
INFO | Train - Loss (last batch): 0.58525
INFO | Val - Loss, MSE, MAE: 1.08243, 1.08243, 0.39512
INFO | Test - Best epoch, Loss, MSE, MAE: 101, 0.61818, 0.61818, 0.35727
INFO | Test - Points (EXACT): total_masked=493218 correct=23310 right_rate=4.7261%
INFO | - Epoch 116, ExpID 94054 best_epoch=116 improved=1
INFO | Train - Loss (last batch): 0.51867
INFO | Val - Loss, MSE, MAE: 1.08159, 1.08159, 0.39603
INFO | Test - Best epoch, Loss, MSE, MAE: 116, 0.61642, 0.61642, 0.35920
INFO | Test - Points (EXACT): total_masked=493218 correct=22010 right_rate=4.4625%
INFO | - Epoch 117, ExpID 94054 best_epoch=116 improved=0
INFO | Train - Loss (last batch): 0.53051
INFO | Val - Loss, MSE, MAE: 1.08192, 1.08192, 0.39384
INFO | Test - Best epoch, Loss, MSE, MAE: 116, 0.61642, 0.61642, 0.35920
INFO | Test - Points (EXACT): total_masked=493218 correct=22010 right_rate=4.4625%
INFO | - Epoch 118, ExpID 94054 best_epoch=116 improved=0
INFO | Train - Loss (last batch): 0.49568
INFO | Val - Loss, MSE, MAE: 1.08326, 1.08326, 0.39316
INFO | Test - Best epoch, Loss, MSE, MAE: 116, 0.61642, 0.61642, 0.35920
INFO | Test - Points (EXACT): total_masked=493218 correct=22010 right_rate=4.4625%
INFO | - Epoch 119, ExpID 94054 best_epoch=116 improved=0
INFO | Train - Loss (last batch): 0.50931
INFO | Val - Loss, MSE, MAE: 1.08268, 1.08268, 0.39412
INFO | Test - Best epoch, Loss, MSE, MAE: 116, 0.61642, 0.61642, 0.35920
INFO | Test - Points (EXACT): total_masked=493218 correct=22010 right_rate=4.4625%
INFO | - Epoch 120, ExpID 94054 best_epoch=116 improved=0
INFO | Train - Loss (last batch): 0.50078
INFO | Val - Loss, MSE, MAE: 1.08277, 1.08277, 0.39439
INFO | Test - Best epoch, Loss, MSE, MAE: 116, 0.61642, 0.61642, 0.35920
INFO | Test - Points (EXACT): total_masked=493218 correct=22010 right_rate=4.4625%
INFO | - Epoch 121, ExpID 94054 best_epoch=121 improved=1
INFO | Train - Loss (last batch): 0.50585
INFO | Val - Loss, MSE, MAE: 1.08155, 1.08155, 0.39428
INFO | Test - Best epoch, Loss, MSE, MAE: 121, 0.61540, 0.61540, 0.35732
INFO | Test - Points (EXACT): total_masked=493218 correct=22408 right_rate=4.5432%
INFO | - Epoch 122, ExpID 94054 best_epoch=121 improved=0
INFO | Train - Loss (last batch): 0.61442
INFO | Val - Loss, MSE, MAE: 1.08181, 1.08181, 0.39477
INFO | Test - Best epoch, Loss, MSE, MAE: 121, 0.61540, 0.61540, 0.35732
INFO | Test - Points (EXACT): total_masked=493218 correct=22408 right_rate=4.5432%
INFO | - Epoch 123, ExpID 94054 best_epoch=121 improved=0
INFO | Train - Loss (last batch): 0.59190
INFO | Val - Loss, MSE, MAE: 1.08301, 1.08301, 0.39445
INFO | Test - Best epoch, Loss, MSE, MAE: 121, 0.61540, 0.61540, 0.35732
INFO | Test - Points (EXACT): total_masked=493218 correct=22408 right_rate=4.5432%
INFO | - Epoch 124, ExpID 94054 best_epoch=124 improved=1
INFO | Train - Loss (last batch): 0.58012
INFO | Val - Loss, MSE, MAE: 1.08150, 1.08150, 0.39845
INFO | Test - Best epoch, Loss, MSE, MAE: 124, 0.61780, 0.61780, 0.36159
INFO | Test - Points (EXACT): total_masked=493218 correct=21592 right_rate=4.3778%
INFO | - Epoch 125, ExpID 94054 best_epoch=124 improved=0
INFO | Train - Loss (last batch): 0.56083
INFO | Val - Loss, MSE, MAE: 1.08230, 1.08230, 0.39293
INFO | Test - Best epoch, Loss, MSE, MAE: 124, 0.61780, 0.61780, 0.36159
INFO | Test - Points (EXACT): total_masked=493218 correct=21592 right_rate=4.3778%
INFO | - Epoch 126, ExpID 94054 best_epoch=124 improved=0
INFO | Train - Loss (last batch): 0.56930
INFO | Val - Loss, MSE, MAE: 1.08243, 1.08243, 0.39497
INFO | Test - Best epoch, Loss, MSE, MAE: 124, 0.61780, 0.61780, 0.36159
INFO | Test - Points (EXACT): total_masked=493218 correct=21592 right_rate=4.3778%
INFO | - Epoch 127, ExpID 94054 best_epoch=124 improved=0
INFO | Train - Loss (last batch): 0.53007
INFO | Val - Loss, MSE, MAE: 1.08262, 1.08262, 0.39501
INFO | Test - Best epoch, Loss, MSE, MAE: 124, 0.61780, 0.61780, 0.36159
INFO | Test - Points (EXACT): total_masked=493218 correct=21592 right_rate=4.3778%
INFO | - Epoch 128, ExpID 94054 best_epoch=124 improved=0
INFO | Train - Loss (last batch): 0.52371
INFO | Val - Loss, MSE, MAE: 1.08306, 1.08306, 0.39290
INFO | Test - Best epoch, Loss, MSE, MAE: 124, 0.61780, 0.61780, 0.36159
INFO | Test - Points (EXACT): total_masked=493218 correct=21592 right_rate=4.3778%
INFO | - Epoch 129, ExpID 94054 best_epoch=124 improved=0
INFO | Train - Loss (last batch): 0.50314
INFO | Val - Loss, MSE, MAE: 1.08290, 1.08290, 0.39589
INFO | Test - Best epoch, Loss, MSE, MAE: 124, 0.61780, 0.61780, 0.36159
INFO | Test - Points (EXACT): total_masked=493218 correct=21592 right_rate=4.3778%
INFO | - Epoch 130, ExpID 94054 best_epoch=124 improved=0
INFO | Train - Loss (last batch): 0.65558
INFO | Val - Loss, MSE, MAE: 1.08225, 1.08225, 0.39471
INFO | Test - Best epoch, Loss, MSE, MAE: 124, 0.61780, 0.61780, 0.36159
INFO | Test - Points (EXACT): total_masked=493218 correct=21592 right_rate=4.3778%
INFO | - Epoch 131, ExpID 94054 best_epoch=124 improved=0
INFO | Train - Loss (last batch): 0.51361
INFO | Val - Loss, MSE, MAE: 1.08255, 1.08255, 0.39227
INFO | Test - Best epoch, Loss, MSE, MAE: 124, 0.61780, 0.61780, 0.36159
INFO | Test - Points (EXACT): total_masked=493218 correct=21592 right_rate=4.3778%
INFO | - Epoch 132, ExpID 94054 best_epoch=124 improved=0
INFO | Train - Loss (last batch): 0.63536
INFO | Val - Loss, MSE, MAE: 1.08283, 1.08283, 0.39465
INFO | Test - Best epoch, Loss, MSE, MAE: 124, 0.61780, 0.61780, 0.36159
INFO | Test - Points (EXACT): total_masked=493218 correct=21592 right_rate=4.3778%
INFO | - Epoch 133, ExpID 94054 best_epoch=124 improved=0
INFO | Train - Loss (last batch): 0.53120
INFO | Val - Loss, MSE, MAE: 1.08247, 1.08247, 0.39458
INFO | Test - Best epoch, Loss, MSE, MAE: 124, 0.61780, 0.61780, 0.36159
INFO | Test - Points (EXACT): total_masked=493218 correct=21592 right_rate=4.3778%
INFO | - Epoch 134, ExpID 94054 best_epoch=124 improved=0
INFO | Train - Loss (last batch): 0.56570
INFO | Val - Loss, MSE, MAE: 1.08235, 1.08235, 0.39239
INFO | Test - Best epoch, Loss, MSE, MAE: 124, 0.61780, 0.61780, 0.36159
INFO | Test - Points (EXACT): total_masked=493218 correct=21592 right_rate=4.3778%
INFO | - Epoch 135, ExpID 94054 best_epoch=124 improved=0
INFO | Train - Loss (last batch): 0.51059
INFO | Val - Loss, MSE, MAE: 1.08281, 1.08281, 0.39510
INFO | Test - Best epoch, Loss, MSE, MAE: 124, 0.61780, 0.61780, 0.36159
INFO | Test - Points (EXACT): total_masked=493218 correct=21592 right_rate=4.3778%
INFO | - Epoch 136, ExpID 94054 best_epoch=124 improved=0
INFO | Train - Loss (last batch): 0.55910
INFO | Val - Loss, MSE, MAE: 1.08248, 1.08248, 0.39418
INFO | Test - Best epoch, Loss, MSE, MAE: 124, 0.61780, 0.61780, 0.36159
INFO | Test - Points (EXACT): total_masked=493218 correct=21592 right_rate=4.3778%
INFO | - Epoch 137, ExpID 94054 best_epoch=124 improved=0
INFO | Train - Loss (last batch): 0.51604
INFO | Val - Loss, MSE, MAE: 1.08271, 1.08271, 0.39425
INFO | Test - Best epoch, Loss, MSE, MAE: 124, 0.61780, 0.61780, 0.36159
INFO | Test - Points (EXACT): total_masked=493218 correct=21592 right_rate=4.3778%
INFO | - Epoch 138, ExpID 94054 best_epoch=124 improved=0
INFO | Train - Loss (last batch): 0.55649
INFO | Val - Loss, MSE, MAE: 1.08237, 1.08237, 0.39387
INFO | Test - Best epoch, Loss, MSE, MAE: 124, 0.61780, 0.61780, 0.36159
INFO | Test - Points (EXACT): total_masked=493218 correct=21592 right_rate=4.3778%
INFO | - Epoch 139, ExpID 94054 best_epoch=124 improved=0
INFO | Train - Loss (last batch): 0.50168
INFO | Val - Loss, MSE, MAE: 1.08238, 1.08238, 0.39476
INFO | Test - Best epoch, Loss, MSE, MAE: 124, 0.61780, 0.61780, 0.36159
INFO | Test - Points (EXACT): total_masked=493218 correct=21592 right_rate=4.3778%
INFO | - Epoch 140, ExpID 94054 best_epoch=124 improved=0
INFO | Train - Loss (last batch): 0.55719
INFO | Val - Loss, MSE, MAE: 1.08239, 1.08239, 0.39377
INFO | Test - Best epoch, Loss, MSE, MAE: 124, 0.61780, 0.61780, 0.36159
INFO | Test - Points (EXACT): total_masked=493218 correct=21592 right_rate=4.3778%
INFO | - Epoch 141, ExpID 94054 best_epoch=124 improved=0
INFO | Train - Loss (last batch): 0.51085
INFO | Val - Loss, MSE, MAE: 1.08203, 1.08203, 0.39537
INFO | Test - Best epoch, Loss, MSE, MAE: 124, 0.61780, 0.61780, 0.36159
INFO | Test - Points (EXACT): total_masked=493218 correct=21592 right_rate=4.3778%
INFO | - Epoch 142, ExpID 94054 best_epoch=124 improved=0
INFO | Train - Loss (last batch): 0.51523
INFO | Val - Loss, MSE, MAE: 1.08202, 1.08202, 0.39306
INFO | Test - Best epoch, Loss, MSE, MAE: 124, 0.61780, 0.61780, 0.36159
INFO | Test - Points (EXACT): total_masked=493218 correct=21592 right_rate=4.3778%
INFO | - Epoch 143, ExpID 94054 best_epoch=143 improved=1
INFO | Train - Loss (last batch): 0.61567
INFO | Val - Loss, MSE, MAE: 1.08135, 1.08135, 0.39512
INFO | Test - Best epoch, Loss, MSE, MAE: 143, 0.61598, 0.61598, 0.35831
INFO | Test - Points (EXACT): total_masked=493218 correct=22317 right_rate=4.5248%
INFO | - Epoch 144, ExpID 94054 best_epoch=143 improved=0
INFO | Train - Loss (last batch): 0.57012
INFO | Val - Loss, MSE, MAE: 1.08168, 1.08168, 0.39484
INFO | Test - Best epoch, Loss, MSE, MAE: 143, 0.61598, 0.61598, 0.35831
INFO | Test - Points (EXACT): total_masked=493218 correct=22317 right_rate=4.5248%
INFO | - Epoch 145, ExpID 94054 best_epoch=143 improved=0
INFO | Train - Loss (last batch): 0.55579
INFO | Val - Loss, MSE, MAE: 1.08140, 1.08140, 0.39607
INFO | Test - Best epoch, Loss, MSE, MAE: 143, 0.61598, 0.61598, 0.35831
INFO | Test - Points (EXACT): total_masked=493218 correct=22317 right_rate=4.5248%
INFO | - Epoch 146, ExpID 94054 best_epoch=143 improved=0
INFO | Train - Loss (last batch): 0.53727
INFO | Val - Loss, MSE, MAE: 1.08177, 1.08177, 0.39325
INFO | Test - Best epoch, Loss, MSE, MAE: 143, 0.61598, 0.61598, 0.35831
INFO | Test - Points (EXACT): total_masked=493218 correct=22317 right_rate=4.5248%
INFO | - Epoch 147, ExpID 94054 best_epoch=143 improved=0
INFO | Train - Loss (last batch): 0.53787
INFO | Val - Loss, MSE, MAE: 1.08164, 1.08164, 0.39366
INFO | Test - Best epoch, Loss, MSE, MAE: 143, 0.61598, 0.61598, 0.35831
INFO | Test - Points (EXACT): total_masked=493218 correct=22317 right_rate=4.5248%
INFO | - Epoch 148, ExpID 94054 best_epoch=143 improved=0
INFO | Train - Loss (last batch): 0.67188
INFO | Val - Loss, MSE, MAE: 1.08161, 1.08161, 0.39341
INFO | Test - Best epoch, Loss, MSE, MAE: 143, 0.61598, 0.61598, 0.35831
INFO | Test - Points (EXACT): total_masked=493218 correct=22317 right_rate=4.5248%
INFO | - Epoch 149, ExpID 94054 best_epoch=143 improved=0
INFO | Train - Loss (last batch): 0.49720
INFO | Val - Loss, MSE, MAE: 1.08195, 1.08195, 0.39340
INFO | Test - Best epoch, Loss, MSE, MAE: 143, 0.61598, 0.61598, 0.35831
INFO | Test - Points (EXACT): total_masked=493218 correct=22317 right_rate=4.5248%
INFO | - Epoch 150, ExpID 94054 best_epoch=143 improved=0
INFO | Train - Loss (last batch): 0.62545
INFO | Val - Loss, MSE, MAE: 1.08164, 1.08164, 0.39370
INFO | Test - Best epoch, Loss, MSE, MAE: 143, 0.61598, 0.61598, 0.35831
INFO | Test - Points (EXACT): total_masked=493218 correct=22317 right_rate=4.5248%
INFO | - Epoch 151, ExpID 94054 best_epoch=143 improved=0
INFO | Train - Loss (last batch): 0.54217
INFO | Val - Loss, MSE, MAE: 1.08150, 1.08150, 0.39335
INFO | Test - Best epoch, Loss, MSE, MAE: 143, 0.61598, 0.61598, 0.35831
INFO | Test - Points (EXACT): total_masked=493218 correct=22317 right_rate=4.5248%
INFO | - Epoch 152, ExpID 94054 best_epoch=143 improved=0
INFO | Train - Loss (last batch): 0.55231
INFO | Val - Loss, MSE, MAE: 1.08171, 1.08171, 0.39347
INFO | Test - Best epoch, Loss, MSE, MAE: 143, 0.61598, 0.61598, 0.35831
INFO | Test - Points (EXACT): total_masked=493218 correct=22317 right_rate=4.5248%
INFO | - Epoch 153, ExpID 94054 best_epoch=143 improved=0
INFO | Train - Loss (last batch): 0.52009
INFO | Val - Loss, MSE, MAE: 1.08150, 1.08150, 0.39315
INFO | Test - Best epoch, Loss, MSE, MAE: 143, 0.61598, 0.61598, 0.35831
INFO | Test - Points (EXACT): total_masked=493218 correct=22317 right_rate=4.5248%
INFO | - Epoch 154, ExpID 94054 best_epoch=154 improved=1
INFO | Train - Loss (last batch): 0.54781
INFO | Val - Loss, MSE, MAE: 1.08126, 1.08126, 0.39407
INFO | Test - Best epoch, Loss, MSE, MAE: 154, 0.61500, 0.61500, 0.35722
INFO | Test - Points (EXACT): total_masked=493218 correct=22343 right_rate=4.5300%
INFO | - Epoch 155, ExpID 94054 best_epoch=155 improved=1
INFO | Train - Loss (last batch): 0.60017
INFO | Val - Loss, MSE, MAE: 1.08086, 1.08086, 0.39421
INFO | Test - Best epoch, Loss, MSE, MAE: 155, 0.61537, 0.61537, 0.35747
INFO | Test - Points (EXACT): total_masked=493218 correct=22380 right_rate=4.5375%
INFO | - Epoch 156, ExpID 94054 best_epoch=155 improved=0
INFO | Train - Loss (last batch): 0.48073
INFO | Val - Loss, MSE, MAE: 1.08101, 1.08101, 0.39457
INFO | Test - Best epoch, Loss, MSE, MAE: 155, 0.61537, 0.61537, 0.35747
INFO | Test - Points (EXACT): total_masked=493218 correct=22380 right_rate=4.5375%
INFO | - Epoch 157, ExpID 94054 best_epoch=155 improved=0
INFO | Train - Loss (last batch): 0.48003
INFO | Val - Loss, MSE, MAE: 1.08103, 1.08103, 0.39441
INFO | Test - Best epoch, Loss, MSE, MAE: 155, 0.61537, 0.61537, 0.35747
INFO | Test - Points (EXACT): total_masked=493218 correct=22380 right_rate=4.5375%
INFO | - Epoch 158, ExpID 94054 best_epoch=155 improved=0
INFO | Train - Loss (last batch): 0.57719
INFO | Val - Loss, MSE, MAE: 1.08135, 1.08135, 0.39473
INFO | Test - Best epoch, Loss, MSE, MAE: 155, 0.61537, 0.61537, 0.35747
INFO | Test - Points (EXACT): total_masked=493218 correct=22380 right_rate=4.5375%
INFO | - Epoch 159, ExpID 94054 best_epoch=155 improved=0
INFO | Train - Loss (last batch): 0.52410
INFO | Val - Loss, MSE, MAE: 1.08154, 1.08154, 0.39408
INFO | Test - Best epoch, Loss, MSE, MAE: 155, 0.61537, 0.61537, 0.35747
INFO | Test - Points (EXACT): total_masked=493218 correct=22380 right_rate=4.5375%
INFO | - Epoch 160, ExpID 94054 best_epoch=155 improved=0
INFO | Train - Loss (last batch): 0.52371
INFO | Val - Loss, MSE, MAE: 1.08137, 1.08137, 0.39354
INFO | Test - Best epoch, Loss, MSE, MAE: 155, 0.61537, 0.61537, 0.35747
INFO | Test - Points (EXACT): total_masked=493218 correct=22380 right_rate=4.5375%
INFO | - Epoch 161, ExpID 94054 best_epoch=155 improved=0
INFO | Train - Loss (last batch): 0.56840
INFO | Val - Loss, MSE, MAE: 1.08161, 1.08161, 0.39381
INFO | Test - Best epoch, Loss, MSE, MAE: 155, 0.61537, 0.61537, 0.35747
INFO | Test - Points (EXACT): total_masked=493218 correct=22380 right_rate=4.5375%
INFO | - Epoch 162, ExpID 94054 best_epoch=155 improved=0
INFO | Train - Loss (last batch): 0.53478
INFO | Val - Loss, MSE, MAE: 1.08115, 1.08115, 0.39345
INFO | Test - Best epoch, Loss, MSE, MAE: 155, 0.61537, 0.61537, 0.35747
INFO | Test - Points (EXACT): total_masked=493218 correct=22380 right_rate=4.5375%
INFO | - Epoch 163, ExpID 94054 best_epoch=155 improved=0
INFO | Train - Loss (last batch): 0.55497
INFO | Val - Loss, MSE, MAE: 1.08135, 1.08135, 0.39283
INFO | Test - Best epoch, Loss, MSE, MAE: 155, 0.61537, 0.61537, 0.35747
INFO | Test - Points (EXACT): total_masked=493218 correct=22380 right_rate=4.5375%
INFO | - Epoch 164, ExpID 94054 best_epoch=155 improved=0
INFO | Train - Loss (last batch): 0.61428
INFO | Val - Loss, MSE, MAE: 1.08106, 1.08106, 0.39320
INFO | Test - Best epoch, Loss, MSE, MAE: 155, 0.61537, 0.61537, 0.35747
INFO | Test - Points (EXACT): total_masked=493218 correct=22380 right_rate=4.5375%
INFO | - Epoch 165, ExpID 94054 best_epoch=155 improved=0
INFO | Train - Loss (last batch): 0.61323
INFO | Val - Loss, MSE, MAE: 1.08147, 1.08147, 0.39552
INFO | Test - Best epoch, Loss, MSE, MAE: 155, 0.61537, 0.61537, 0.35747
INFO | Test - Points (EXACT): total_masked=493218 correct=22380 right_rate=4.5375%
INFO | - Epoch 166, ExpID 94054 best_epoch=155 improved=0
INFO | Train - Loss (last batch): 0.56039
INFO | Val - Loss, MSE, MAE: 1.08143, 1.08143, 0.39351
INFO | Test - Best epoch, Loss, MSE, MAE: 155, 0.61537, 0.61537, 0.35747
INFO | Test - Points (EXACT): total_masked=493218 correct=22380 right_rate=4.5375%
INFO | - Epoch 167, ExpID 94054 best_epoch=155 improved=0
INFO | Train - Loss (last batch): 0.62308
INFO | Val - Loss, MSE, MAE: 1.08119, 1.08119, 0.39389
INFO | Test - Best epoch, Loss, MSE, MAE: 155, 0.61537, 0.61537, 0.35747
INFO | Test - Points (EXACT): total_masked=493218 correct=22380 right_rate=4.5375%
INFO | - Epoch 168, ExpID 94054 best_epoch=155 improved=0
INFO | Train - Loss (last batch): 0.56050
INFO | Val - Loss, MSE, MAE: 1.08186, 1.08186, 0.39434
INFO | Test - Best epoch, Loss, MSE, MAE: 155, 0.61537, 0.61537, 0.35747
INFO | Test - Points (EXACT): total_masked=493218 correct=22380 right_rate=4.5375%
INFO | - Epoch 169, ExpID 94054 best_epoch=155 improved=0
INFO | Train - Loss (last batch): 0.54918
INFO | Val - Loss, MSE, MAE: 1.08161, 1.08161, 0.39428
INFO | Test - Best epoch, Loss, MSE, MAE: 155, 0.61537, 0.61537, 0.35747
INFO | Test - Points (EXACT): total_masked=493218 correct=22380 right_rate=4.5375%
INFO | - Epoch 170, ExpID 94054 best_epoch=155 improved=0
INFO | Train - Loss (last batch): 0.64066
INFO | Val - Loss, MSE, MAE: 1.08194, 1.08194, 0.39334
INFO | Test - Best epoch, Loss, MSE, MAE: 155, 0.61537, 0.61537, 0.35747
INFO | Test - Points (EXACT): total_masked=493218 correct=22380 right_rate=4.5375%
INFO | - Epoch 171, ExpID 94054 best_epoch=155 improved=0
INFO | Train - Loss (last batch): 0.57972
INFO | Val - Loss, MSE, MAE: 1.08164, 1.08164, 0.39448
INFO | Test - Best epoch, Loss, MSE, MAE: 155, 0.61537, 0.61537, 0.35747
INFO | Test - Points (EXACT): total_masked=493218 correct=22380 right_rate=4.5375%
INFO | - Epoch 172, ExpID 94054 best_epoch=155 improved=0
INFO | Train - Loss (last batch): 0.58938
INFO | Val - Loss, MSE, MAE: 1.08210, 1.08210, 0.39331
INFO | Test - Best epoch, Loss, MSE, MAE: 155, 0.61537, 0.61537, 0.35747
INFO | Test - Points (EXACT): total_masked=493218 correct=22380 right_rate=4.5375%
INFO | - Epoch 173, ExpID 94054 best_epoch=155 improved=0
INFO | Train - Loss (last batch): 0.55315
INFO | Val - Loss, MSE, MAE: 1.08124, 1.08124, 0.39336
INFO | Test - Best epoch, Loss, MSE, MAE: 155, 0.61537, 0.61537, 0.35747
INFO | Test - Points (EXACT): total_masked=493218 correct=22380 right_rate=4.5375%
INFO | - Epoch 174, ExpID 94054 best_epoch=155 improved=0
INFO | Train - Loss (last batch): 0.54547
INFO | Val - Loss, MSE, MAE: 1.08119, 1.08119, 0.39353
INFO | Test - Best epoch, Loss, MSE, MAE: 155, 0.61537, 0.61537, 0.35747
INFO | Test - Points (EXACT): total_masked=493218 correct=22380 right_rate=4.5375%
INFO | - Epoch 175, ExpID 94054 best_epoch=155 improved=0
INFO | Train - Loss (last batch): 0.48698
INFO | Val - Loss, MSE, MAE: 1.08131, 1.08131, 0.39416
INFO | Test - Best epoch, Loss, MSE, MAE: 155, 0.61537, 0.61537, 0.35747
INFO | Test - Points (EXACT): total_masked=493218 correct=22380 right_rate=4.5375%
INFO | - Epoch 176, ExpID 94054 best_epoch=155 improved=0
INFO | Train - Loss (last batch): 0.59921
INFO | Val - Loss, MSE, MAE: 1.08155, 1.08155, 0.39397
INFO | Test - Best epoch, Loss, MSE, MAE: 155, 0.61537, 0.61537, 0.35747
INFO | Test - Points (EXACT): total_masked=493218 correct=22380 right_rate=4.5375%
INFO | - Epoch 177, ExpID 94054 best_epoch=155 improved=0
INFO | Train - Loss (last batch): 0.56142
INFO | Val - Loss, MSE, MAE: 1.08131, 1.08131, 0.39203
INFO | Test - Best epoch, Loss, MSE, MAE: 155, 0.61537, 0.61537, 0.35747
INFO | Test - Points (EXACT): total_masked=493218 correct=22380 right_rate=4.5375%
INFO | - Epoch 178, ExpID 94054 best_epoch=178 improved=1
INFO | Train - Loss (last batch): 0.51093
INFO | Val - Loss, MSE, MAE: 1.08078, 1.08078, 0.39397
INFO | Test - Best epoch, Loss, MSE, MAE: 178, 0.61483, 0.61483, 0.35717
INFO | Test - Points (EXACT): total_masked=493218 correct=22288 right_rate=4.5189%
INFO | - Epoch 179, ExpID 94054 best_epoch=178 improved=0
INFO | Train - Loss (last batch): 0.63150
INFO | Val - Loss, MSE, MAE: 1.08102, 1.08102, 0.39378
INFO | Test - Best epoch, Loss, MSE, MAE: 178, 0.61483, 0.61483, 0.35717
INFO | Test - Points (EXACT): total_masked=493218 correct=22288 right_rate=4.5189%
INFO | - Epoch 180, ExpID 94054 best_epoch=178 improved=0
INFO | Train - Loss (last batch): 0.53329
INFO | Val - Loss, MSE, MAE: 1.08108, 1.08108, 0.39346
INFO | Test - Best epoch, Loss, MSE, MAE: 178, 0.61483, 0.61483, 0.35717
INFO | Test - Points (EXACT): total_masked=493218 correct=22288 right_rate=4.5189%
INFO | - Epoch 181, ExpID 94054 best_epoch=178 improved=0
INFO | Train - Loss (last batch): 0.59231
INFO | Val - Loss, MSE, MAE: 1.08167, 1.08167, 0.39354
INFO | Test - Best epoch, Loss, MSE, MAE: 178, 0.61483, 0.61483, 0.35717
INFO | Test - Points (EXACT): total_masked=493218 correct=22288 right_rate=4.5189%
INFO | - Epoch 182, ExpID 94054 best_epoch=178 improved=0
INFO | Train - Loss (last batch): 0.52983
INFO | Val - Loss, MSE, MAE: 1.08150, 1.08150, 0.39171
INFO | Test - Best epoch, Loss, MSE, MAE: 178, 0.61483, 0.61483, 0.35717
INFO | Test - Points (EXACT): total_masked=493218 correct=22288 right_rate=4.5189%
INFO | - Epoch 183, ExpID 94054 best_epoch=178 improved=0
INFO | Train - Loss (last batch): 0.53025
INFO | Val - Loss, MSE, MAE: 1.08093, 1.08093, 0.39383
INFO | Test - Best epoch, Loss, MSE, MAE: 178, 0.61483, 0.61483, 0.35717
INFO | Test - Points (EXACT): total_masked=493218 correct=22288 right_rate=4.5189%
INFO | - Epoch 184, ExpID 94054 best_epoch=178 improved=0
INFO | Train - Loss (last batch): 0.52566
INFO | Val - Loss, MSE, MAE: 1.08107, 1.08107, 0.39356
INFO | Test - Best epoch, Loss, MSE, MAE: 178, 0.61483, 0.61483, 0.35717
INFO | Test - Points (EXACT): total_masked=493218 correct=22288 right_rate=4.5189%
INFO | - Epoch 185, ExpID 94054 best_epoch=178 improved=0
INFO | Train - Loss (last batch): 0.56882
INFO | Val - Loss, MSE, MAE: 1.08114, 1.08114, 0.39237
INFO | Test - Best epoch, Loss, MSE, MAE: 178, 0.61483, 0.61483, 0.35717
INFO | Test - Points (EXACT): total_masked=493218 correct=22288 right_rate=4.5189%
INFO | - Epoch 186, ExpID 94054 best_epoch=186 improved=1
INFO | Train - Loss (last batch): 0.49706
INFO | Val - Loss, MSE, MAE: 1.08074, 1.08074, 0.39372
INFO | Test - Best epoch, Loss, MSE, MAE: 186, 0.61437, 0.61437, 0.35692
INFO | Test - Points (EXACT): total_masked=493218 correct=22297 right_rate=4.5207%
INFO | - Epoch 187, ExpID 94054 best_epoch=186 improved=0
INFO | Train - Loss (last batch): 0.54061
INFO | Val - Loss, MSE, MAE: 1.08126, 1.08126, 0.39298
INFO | Test - Best epoch, Loss, MSE, MAE: 186, 0.61437, 0.61437, 0.35692
INFO | Test - Points (EXACT): total_masked=493218 correct=22297 right_rate=4.5207%
INFO | - Epoch 188, ExpID 94054 best_epoch=186 improved=0
INFO | Train - Loss (last batch): 0.43961
INFO | Val - Loss, MSE, MAE: 1.08133, 1.08133, 0.39302
INFO | Test - Best epoch, Loss, MSE, MAE: 186, 0.61437, 0.61437, 0.35692
INFO | Test - Points (EXACT): total_masked=493218 correct=22297 right_rate=4.5207%
INFO | - Epoch 189, ExpID 94054 best_epoch=186 improved=0
INFO | Train - Loss (last batch): 0.52041
INFO | Val - Loss, MSE, MAE: 1.08132, 1.08132, 0.39362
INFO | Test - Best epoch, Loss, MSE, MAE: 186, 0.61437, 0.61437, 0.35692
INFO | Test - Points (EXACT): total_masked=493218 correct=22297 right_rate=4.5207%
INFO | - Epoch 190, ExpID 94054 best_epoch=186 improved=0
INFO | Train - Loss (last batch): 0.65965
INFO | Val - Loss, MSE, MAE: 1.08141, 1.08141, 0.39274
INFO | Test - Best epoch, Loss, MSE, MAE: 186, 0.61437, 0.61437, 0.35692
INFO | Test - Points (EXACT): total_masked=493218 correct=22297 right_rate=4.5207%
INFO | - Epoch 191, ExpID 94054 best_epoch=186 improved=0
INFO | Train - Loss (last batch): 0.49440
INFO | Val - Loss, MSE, MAE: 1.08122, 1.08122, 0.39378
INFO | Test - Best epoch, Loss, MSE, MAE: 186, 0.61437, 0.61437, 0.35692
INFO | Test - Points (EXACT): total_masked=493218 correct=22297 right_rate=4.5207%
INFO | - Epoch 192, ExpID 94054 best_epoch=186 improved=0
INFO | Train - Loss (last batch): 0.49627
INFO | Val - Loss, MSE, MAE: 1.08140, 1.08140, 0.39404
INFO | Test - Best epoch, Loss, MSE, MAE: 186, 0.61437, 0.61437, 0.35692
INFO | Test - Points (EXACT): total_masked=493218 correct=22297 right_rate=4.5207%
INFO | - Epoch 193, ExpID 94054 best_epoch=186 improved=0
INFO | Train - Loss (last batch): 0.49318
INFO | Val - Loss, MSE, MAE: 1.08117, 1.08117, 0.39282
INFO | Test - Best epoch, Loss, MSE, MAE: 186, 0.61437, 0.61437, 0.35692
INFO | Test - Points (EXACT): total_masked=493218 correct=22297 right_rate=4.5207%
INFO | - Epoch 194, ExpID 94054 best_epoch=186 improved=0
INFO | Train - Loss (last batch): 0.60351
INFO | Val - Loss, MSE, MAE: 1.08120, 1.08120, 0.39307
INFO | Test - Best epoch, Loss, MSE, MAE: 186, 0.61437, 0.61437, 0.35692
INFO | Test - Points (EXACT): total_masked=493218 correct=22297 right_rate=4.5207%
INFO | - Epoch 195, ExpID 94054 best_epoch=186 improved=0
INFO | Train - Loss (last batch): 0.60258
INFO | Val - Loss, MSE, MAE: 1.08131, 1.08131, 0.39319
INFO | Test - Best epoch, Loss, MSE, MAE: 186, 0.61437, 0.61437, 0.35692
INFO | Test - Points (EXACT): total_masked=493218 correct=22297 right_rate=4.5207%
INFO | - Epoch 196, ExpID 94054 best_epoch=186 improved=0
INFO | Train - Loss (last batch): 0.52951
INFO | Val - Loss, MSE, MAE: 1.08121, 1.08121, 0.39433
INFO | Test - Best epoch, Loss, MSE, MAE: 186, 0.61437, 0.61437, 0.35692
INFO | Test - Points (EXACT): total_masked=493218 correct=22297 right_rate=4.5207%
INFO | - Epoch 197, ExpID 94054 best_epoch=186 improved=0
INFO | Train - Loss (last batch): 0.45041
INFO | Val - Loss, MSE, MAE: 1.08158, 1.08158, 0.39207
INFO | Test - Best epoch, Loss, MSE, MAE: 186, 0.61437, 0.61437, 0.35692
INFO | Test - Points (EXACT): total_masked=493218 correct=22297 right_rate=4.5207%
INFO | - Epoch 198, ExpID 94054 best_epoch=186 improved=0
INFO | Train - Loss (last batch): 0.62504
INFO | Val - Loss, MSE, MAE: 1.08128, 1.08128, 0.39392
INFO | Test - Best epoch, Loss, MSE, MAE: 186, 0.61437, 0.61437, 0.35692
INFO | Test - Points (EXACT): total_masked=493218 correct=22297 right_rate=4.5207%
INFO | - Epoch 199, ExpID 94054 best_epoch=186 improved=0
INFO | Train - Loss (last batch): 0.52886
INFO | Val - Loss, MSE, MAE: 1.08126, 1.08126, 0.39257
INFO | Test - Best epoch, Loss, MSE, MAE: 186, 0.61437, 0.61437, 0.35692
INFO | Test - Points (EXACT): total_masked=493218 correct=22297 right_rate=4.5207%
INFO | - Epoch 200, ExpID 94054 best_epoch=186 improved=0
INFO | Train - Loss (last batch): 0.52122
INFO | Val - Loss, MSE, MAE: 1.08137, 1.08137, 0.39269
INFO | Test - Best epoch, Loss, MSE, MAE: 186, 0.61437, 0.61437, 0.35692
INFO | Test - Points (EXACT): total_masked=493218 correct=22297 right_rate=4.5207%
INFO | - Epoch 201, ExpID 94054 best_epoch=186 improved=0
INFO | Train - Loss (last batch): 0.52427
INFO | Val - Loss, MSE, MAE: 1.08112, 1.08112, 0.39366
INFO | Test - Best epoch, Loss, MSE, MAE: 186, 0.61437, 0.61437, 0.35692
INFO | Test - Points (EXACT): total_masked=493218 correct=22297 right_rate=4.5207%
INFO | - Epoch 202, ExpID 94054 best_epoch=186 improved=0
INFO | Train - Loss (last batch): 0.61948
INFO | Val - Loss, MSE, MAE: 1.08115, 1.08115, 0.39159
INFO | Test - Best epoch, Loss, MSE, MAE: 186, 0.61437, 0.61437, 0.35692
INFO | Test - Points (EXACT): total_masked=493218 correct=22297 right_rate=4.5207%
INFO | - Epoch 203, ExpID 94054 best_epoch=186 improved=0
INFO | Train - Loss (last batch): 0.58102
INFO | Val - Loss, MSE, MAE: 1.08127, 1.08127, 0.39287
INFO | Test - Best epoch, Loss, MSE, MAE: 186, 0.61437, 0.61437, 0.35692
INFO | Test - Points (EXACT): total_masked=493218 correct=22297 right_rate=4.5207%
INFO | - Epoch 204, ExpID 94054 best_epoch=186 improved=0
INFO | Train - Loss (last batch): 0.50021
INFO | Val - Loss, MSE, MAE: 1.08080, 1.08080, 0.39242
INFO | Test - Best epoch, Loss, MSE, MAE: 186, 0.61437, 0.61437, 0.35692
INFO | Test - Points (EXACT): total_masked=493218 correct=22297 right_rate=4.5207%
INFO | - Epoch 205, ExpID 94054 best_epoch=186 improved=0
INFO | Train - Loss (last batch): 0.52646
INFO | Val - Loss, MSE, MAE: 1.08111, 1.08111, 0.39222
INFO | Test - Best epoch, Loss, MSE, MAE: 186, 0.61437, 0.61437, 0.35692
INFO | Test - Points (EXACT): total_masked=493218 correct=22297 right_rate=4.5207%
INFO | - Epoch 206, ExpID 94054 best_epoch=186 improved=0
INFO | Train - Loss (last batch): 0.65435
INFO | Val - Loss, MSE, MAE: 1.08088, 1.08088, 0.39246
INFO | Test - Best epoch, Loss, MSE, MAE: 186, 0.61437, 0.61437, 0.35692
INFO | Test - Points (EXACT): total_masked=493218 correct=22297 right_rate=4.5207%
INFO | - Epoch 207, ExpID 94054 best_epoch=186 improved=0
INFO | Train - Loss (last batch): 0.56331
INFO | Val - Loss, MSE, MAE: 1.08097, 1.08097, 0.39307
INFO | Test - Best epoch, Loss, MSE, MAE: 186, 0.61437, 0.61437, 0.35692
INFO | Test - Points (EXACT): total_masked=493218 correct=22297 right_rate=4.5207%
INFO | - Epoch 208, ExpID 94054 best_epoch=186 improved=0
INFO | Train - Loss (last batch): 0.58009
INFO | Val - Loss, MSE, MAE: 1.08142, 1.08142, 0.39251
INFO | Test - Best epoch, Loss, MSE, MAE: 186, 0.61437, 0.61437, 0.35692
INFO | Test - Points (EXACT): total_masked=493218 correct=22297 right_rate=4.5207%
INFO | - Epoch 209, ExpID 94054 best_epoch=186 improved=0
INFO | Train - Loss (last batch): 0.68610
INFO | Val - Loss, MSE, MAE: 1.08138, 1.08138, 0.39310
INFO | Test - Best epoch, Loss, MSE, MAE: 186, 0.61437, 0.61437, 0.35692
INFO | Test - Points (EXACT): total_masked=493218 correct=22297 right_rate=4.5207%
INFO | - Epoch 210, ExpID 94054 best_epoch=186 improved=0
INFO | Train - Loss (last batch): 0.51306
INFO | Val - Loss, MSE, MAE: 1.08150, 1.08150, 0.39209
INFO | Test - Best epoch, Loss, MSE, MAE: 186, 0.61437, 0.61437, 0.35692
INFO | Test - Points (EXACT): total_masked=493218 correct=22297 right_rate=4.5207%
INFO | - Epoch 211, ExpID 94054 best_epoch=186 improved=0
INFO | Train - Loss (last batch): 0.69080
INFO | Val - Loss, MSE, MAE: 1.08104, 1.08104, 0.39438
INFO | Test - Best epoch, Loss, MSE, MAE: 186, 0.61437, 0.61437, 0.35692
INFO | Test - Points (EXACT): total_masked=493218 correct=22297 right_rate=4.5207%
INFO | - Epoch 212, ExpID 94054 best_epoch=186 improved=0
INFO | Train - Loss (last batch): 0.50307
INFO | Val - Loss, MSE, MAE: 1.08137, 1.08137, 0.39245
INFO | Test - Best epoch, Loss, MSE, MAE: 186, 0.61437, 0.61437, 0.35692
INFO | Test - Points (EXACT): total_masked=493218 correct=22297 right_rate=4.5207%
INFO | - Epoch 213, ExpID 94054 best_epoch=186 improved=0
INFO | Train - Loss (last batch): 0.58306
INFO | Val - Loss, MSE, MAE: 1.08088, 1.08088, 0.39296
INFO | Test - Best epoch, Loss, MSE, MAE: 186, 0.61437, 0.61437, 0.35692
INFO | Test - Points (EXACT): total_masked=493218 correct=22297 right_rate=4.5207%
INFO | - Epoch 214, ExpID 94054 best_epoch=186 improved=0
INFO | Train - Loss (last batch): 0.49048
INFO | Val - Loss, MSE, MAE: 1.08101, 1.08101, 0.39160
INFO | Test - Best epoch, Loss, MSE, MAE: 186, 0.61437, 0.61437, 0.35692
INFO | Test - Points (EXACT): total_masked=493218 correct=22297 right_rate=4.5207%
INFO | - Epoch 215, ExpID 94054 best_epoch=215 improved=1
INFO | Train - Loss (last batch): 0.46716
INFO | Val - Loss, MSE, MAE: 1.08042, 1.08042, 0.39241
INFO | Test - Best epoch, Loss, MSE, MAE: 215, 0.61408, 0.61408, 0.35572
INFO | Test - Points (EXACT): total_masked=493218 correct=22648 right_rate=4.5919%
INFO | - Epoch 216, ExpID 94054 best_epoch=215 improved=0
INFO | Train - Loss (last batch): 0.58802
INFO | Val - Loss, MSE, MAE: 1.08066, 1.08066, 0.39368
INFO | Test - Best epoch, Loss, MSE, MAE: 215, 0.61408, 0.61408, 0.35572
INFO | Test - Points (EXACT): total_masked=493218 correct=22648 right_rate=4.5919%
INFO | - Epoch 217, ExpID 94054 best_epoch=215 improved=0
INFO | Train - Loss (last batch): 0.49436
INFO | Val - Loss, MSE, MAE: 1.08129, 1.08129, 0.39216
INFO | Test - Best epoch, Loss, MSE, MAE: 215, 0.61408, 0.61408, 0.35572
INFO | Test - Points (EXACT): total_masked=493218 correct=22648 right_rate=4.5919%
INFO | - Epoch 218, ExpID 94054 best_epoch=215 improved=0
INFO | Train - Loss (last batch): 0.58884
INFO | Val - Loss, MSE, MAE: 1.08108, 1.08108, 0.39186
INFO | Test - Best epoch, Loss, MSE, MAE: 215, 0.61408, 0.61408, 0.35572
INFO | Test - Points (EXACT): total_masked=493218 correct=22648 right_rate=4.5919%
INFO | - Epoch 219, ExpID 94054 best_epoch=215 improved=0
INFO | Train - Loss (last batch): 0.51393
INFO | Val - Loss, MSE, MAE: 1.08109, 1.08109, 0.39202
INFO | Test - Best epoch, Loss, MSE, MAE: 215, 0.61408, 0.61408, 0.35572
INFO | Test - Points (EXACT): total_masked=493218 correct=22648 right_rate=4.5919%
INFO | - Epoch 220, ExpID 94054 best_epoch=215 improved=0
INFO | Train - Loss (last batch): 0.51380
INFO | Val - Loss, MSE, MAE: 1.08101, 1.08101, 0.39276
INFO | Test - Best epoch, Loss, MSE, MAE: 215, 0.61408, 0.61408, 0.35572
INFO | Test - Points (EXACT): total_masked=493218 correct=22648 right_rate=4.5919%
INFO | - Epoch 221, ExpID 94054 best_epoch=215 improved=0
INFO | Train - Loss (last batch): 0.67382
INFO | Val - Loss, MSE, MAE: 1.08074, 1.08074, 0.39370
INFO | Test - Best epoch, Loss, MSE, MAE: 215, 0.61408, 0.61408, 0.35572
INFO | Test - Points (EXACT): total_masked=493218 correct=22648 right_rate=4.5919%
INFO | - Epoch 222, ExpID 94054 best_epoch=215 improved=0
INFO | Train - Loss (last batch): 0.56969
INFO | Val - Loss, MSE, MAE: 1.08075, 1.08075, 0.39264
INFO | Test - Best epoch, Loss, MSE, MAE: 215, 0.61408, 0.61408, 0.35572
INFO | Test - Points (EXACT): total_masked=493218 correct=22648 right_rate=4.5919%
INFO | - Epoch 223, ExpID 94054 best_epoch=215 improved=0
INFO | Train - Loss (last batch): 0.52538
INFO | Val - Loss, MSE, MAE: 1.08107, 1.08107, 0.39329
INFO | Test - Best epoch, Loss, MSE, MAE: 215, 0.61408, 0.61408, 0.35572
INFO | Test - Points (EXACT): total_masked=493218 correct=22648 right_rate=4.5919%
INFO | - Epoch 224, ExpID 94054 best_epoch=215 improved=0
INFO | Train - Loss (last batch): 0.55339
INFO | Val - Loss, MSE, MAE: 1.08113, 1.08113, 0.39337
INFO | Test - Best epoch, Loss, MSE, MAE: 215, 0.61408, 0.61408, 0.35572
INFO | Test - Points (EXACT): total_masked=493218 correct=22648 right_rate=4.5919%
INFO | - Epoch 225, ExpID 94054 best_epoch=215 improved=0
INFO | Train - Loss (last batch): 0.47884
INFO | Val - Loss, MSE, MAE: 1.08086, 1.08086, 0.39310
INFO | Test - Best epoch, Loss, MSE, MAE: 215, 0.61408, 0.61408, 0.35572
INFO | Test - Points (EXACT): total_masked=493218 correct=22648 right_rate=4.5919%
INFO | - Epoch 226, ExpID 94054 best_epoch=215 improved=0
INFO | Train - Loss (last batch): 0.54532
INFO | Val - Loss, MSE, MAE: 1.08071, 1.08071, 0.39159
INFO | Test - Best epoch, Loss, MSE, MAE: 215, 0.61408, 0.61408, 0.35572
INFO | Test - Points (EXACT): total_masked=493218 correct=22648 right_rate=4.5919%
INFO | - Epoch 227, ExpID 94054 best_epoch=227 improved=1
INFO | Train - Loss (last batch): 0.57361
INFO | Val - Loss, MSE, MAE: 1.08011, 1.08011, 0.39197
INFO | Test - Best epoch, Loss, MSE, MAE: 227, 0.61354, 0.61354, 0.35526
INFO | Test - Points (EXACT): total_masked=493218 correct=22683 right_rate=4.5990%
INFO | - Epoch 228, ExpID 94054 best_epoch=228 improved=1
INFO | Train - Loss (last batch): 0.58526
INFO | Val - Loss, MSE, MAE: 1.07990, 1.07990, 0.39246
INFO | Test - Best epoch, Loss, MSE, MAE: 228, 0.61417, 0.61417, 0.35584
INFO | Test - Points (EXACT): total_masked=493218 correct=22611 right_rate=4.5844%
INFO | - Epoch 229, ExpID 94054 best_epoch=228 improved=0
INFO | Train - Loss (last batch): 0.72883
INFO | Val - Loss, MSE, MAE: 1.08012, 1.08012, 0.39158
INFO | Test - Best epoch, Loss, MSE, MAE: 228, 0.61417, 0.61417, 0.35584
INFO | Test - Points (EXACT): total_masked=493218 correct=22611 right_rate=4.5844%
INFO | - Epoch 230, ExpID 94054 best_epoch=228 improved=0
INFO | Train - Loss (last batch): 0.61691
INFO | Val - Loss, MSE, MAE: 1.08035, 1.08035, 0.39272
INFO | Test - Best epoch, Loss, MSE, MAE: 228, 0.61417, 0.61417, 0.35584
INFO | Test - Points (EXACT): total_masked=493218 correct=22611 right_rate=4.5844%
INFO | - Epoch 231, ExpID 94054 best_epoch=228 improved=0
INFO | Train - Loss (last batch): 0.59219
INFO | Val - Loss, MSE, MAE: 1.08049, 1.08049, 0.39117
INFO | Test - Best epoch, Loss, MSE, MAE: 228, 0.61417, 0.61417, 0.35584
INFO | Test - Points (EXACT): total_masked=493218 correct=22611 right_rate=4.5844%
INFO | - Epoch 232, ExpID 94054 best_epoch=228 improved=0
INFO | Train - Loss (last batch): 0.59748
INFO | Val - Loss, MSE, MAE: 1.08014, 1.08014, 0.39210
INFO | Test - Best epoch, Loss, MSE, MAE: 228, 0.61417, 0.61417, 0.35584
INFO | Test - Points (EXACT): total_masked=493218 correct=22611 right_rate=4.5844%
INFO | - Epoch 233, ExpID 94054 best_epoch=228 improved=0
INFO | Train - Loss (last batch): 0.57846
INFO | Val - Loss, MSE, MAE: 1.08040, 1.08040, 0.39291
INFO | Test - Best epoch, Loss, MSE, MAE: 228, 0.61417, 0.61417, 0.35584
INFO | Test - Points (EXACT): total_masked=493218 correct=22611 right_rate=4.5844%
INFO | - Epoch 234, ExpID 94054 best_epoch=228 improved=0
INFO | Train - Loss (last batch): 0.50865
INFO | Val - Loss, MSE, MAE: 1.08033, 1.08033, 0.39201
INFO | Test - Best epoch, Loss, MSE, MAE: 228, 0.61417, 0.61417, 0.35584
INFO | Test - Points (EXACT): total_masked=493218 correct=22611 right_rate=4.5844%
INFO | - Epoch 235, ExpID 94054 best_epoch=228 improved=0
INFO | Train - Loss (last batch): 0.50462
INFO | Val - Loss, MSE, MAE: 1.07994, 1.07994, 0.39212
INFO | Test - Best epoch, Loss, MSE, MAE: 228, 0.61417, 0.61417, 0.35584
INFO | Test - Points (EXACT): total_masked=493218 correct=22611 right_rate=4.5844%
INFO | - Epoch 236, ExpID 94054 best_epoch=228 improved=0
INFO | Train - Loss (last batch): 0.49892
INFO | Val - Loss, MSE, MAE: 1.08000, 1.08000, 0.39295
INFO | Test - Best epoch, Loss, MSE, MAE: 228, 0.61417, 0.61417, 0.35584
INFO | Test - Points (EXACT): total_masked=493218 correct=22611 right_rate=4.5844%
INFO | - Epoch 237, ExpID 94054 best_epoch=228 improved=0
INFO | Train - Loss (last batch): 0.55958
INFO | Val - Loss, MSE, MAE: 1.08003, 1.08003, 0.39358
INFO | Test - Best epoch, Loss, MSE, MAE: 228, 0.61417, 0.61417, 0.35584
INFO | Test - Points (EXACT): total_masked=493218 correct=22611 right_rate=4.5844%
INFO | - Epoch 238, ExpID 94054 best_epoch=228 improved=0
INFO | Train - Loss (last batch): 0.55439
INFO | Val - Loss, MSE, MAE: 1.08002, 1.08002, 0.39247
INFO | Test - Best epoch, Loss, MSE, MAE: 228, 0.61417, 0.61417, 0.35584
INFO | Test - Points (EXACT): total_masked=493218 correct=22611 right_rate=4.5844%
INFO | - Epoch 239, ExpID 94054 best_epoch=228 improved=0
INFO | Train - Loss (last batch): 0.50761
INFO | Val - Loss, MSE, MAE: 1.07992, 1.07992, 0.39274
INFO | Test - Best epoch, Loss, MSE, MAE: 228, 0.61417, 0.61417, 0.35584
INFO | Test - Points (EXACT): total_masked=493218 correct=22611 right_rate=4.5844%
INFO | - Epoch 240, ExpID 94054 best_epoch=228 improved=0
INFO | Train - Loss (last batch): 0.57707
INFO | Val - Loss, MSE, MAE: 1.08015, 1.08015, 0.39272
INFO | Test - Best epoch, Loss, MSE, MAE: 228, 0.61417, 0.61417, 0.35584
INFO | Test - Points (EXACT): total_masked=493218 correct=22611 right_rate=4.5844%
INFO | - Epoch 241, ExpID 94054 best_epoch=228 improved=0
INFO | Train - Loss (last batch): 0.48681
INFO | Val - Loss, MSE, MAE: 1.08000, 1.08000, 0.39208
INFO | Test - Best epoch, Loss, MSE, MAE: 228, 0.61417, 0.61417, 0.35584
INFO | Test - Points (EXACT): total_masked=493218 correct=22611 right_rate=4.5844%
INFO | - Epoch 242, ExpID 94054 best_epoch=242 improved=1
INFO | Train - Loss (last batch): 0.65898
INFO | Val - Loss, MSE, MAE: 1.07977, 1.07977, 0.39281
INFO | Test - Best epoch, Loss, MSE, MAE: 242, 0.61379, 0.61379, 0.35614
INFO | Test - Points (EXACT): total_masked=493218 correct=22552 right_rate=4.5724%
INFO | - Epoch 243, ExpID 94054 best_epoch=242 improved=0
INFO | Train - Loss (last batch): 0.61751
INFO | Val - Loss, MSE, MAE: 1.07978, 1.07978, 0.39149
INFO | Test - Best epoch, Loss, MSE, MAE: 242, 0.61379, 0.61379, 0.35614
INFO | Test - Points (EXACT): total_masked=493218 correct=22552 right_rate=4.5724%
INFO | - Epoch 244, ExpID 94054 best_epoch=242 improved=0
INFO | Train - Loss (last batch): 0.54458
INFO | Val - Loss, MSE, MAE: 1.07990, 1.07990, 0.39379
INFO | Test - Best epoch, Loss, MSE, MAE: 242, 0.61379, 0.61379, 0.35614
INFO | Test - Points (EXACT): total_masked=493218 correct=22552 right_rate=4.5724%
INFO | - Epoch 245, ExpID 94054 best_epoch=242 improved=0
INFO | Train - Loss (last batch): 0.56313
INFO | Val - Loss, MSE, MAE: 1.08025, 1.08025, 0.39091
INFO | Test - Best epoch, Loss, MSE, MAE: 242, 0.61379, 0.61379, 0.35614
INFO | Test - Points (EXACT): total_masked=493218 correct=22552 right_rate=4.5724%
INFO | - Epoch 246, ExpID 94054 best_epoch=242 improved=0
INFO | Train - Loss (last batch): 0.64281
INFO | Val - Loss, MSE, MAE: 1.08018, 1.08018, 0.39271
INFO | Test - Best epoch, Loss, MSE, MAE: 242, 0.61379, 0.61379, 0.35614
INFO | Test - Points (EXACT): total_masked=493218 correct=22552 right_rate=4.5724%
INFO | - Epoch 247, ExpID 94054 best_epoch=242 improved=0
INFO | Train - Loss (last batch): 0.48715
INFO | Val - Loss, MSE, MAE: 1.08028, 1.08028, 0.39239
INFO | Test - Best epoch, Loss, MSE, MAE: 242, 0.61379, 0.61379, 0.35614
INFO | Test - Points (EXACT): total_masked=493218 correct=22552 right_rate=4.5724%
INFO | - Epoch 248, ExpID 94054 best_epoch=242 improved=0
INFO | Train - Loss (last batch): 0.49568
INFO | Val - Loss, MSE, MAE: 1.07988, 1.07988, 0.39223
INFO | Test - Best epoch, Loss, MSE, MAE: 242, 0.61379, 0.61379, 0.35614
INFO | Test - Points (EXACT): total_masked=493218 correct=22552 right_rate=4.5724%
INFO | - Epoch 249, ExpID 94054 best_epoch=249 improved=1
INFO | Train - Loss (last batch): 0.50835
INFO | Val - Loss, MSE, MAE: 1.07974, 1.07974, 0.39164
INFO | Test - Best epoch, Loss, MSE, MAE: 249, 0.61317, 0.61317, 0.35503
INFO | Test - Points (EXACT): total_masked=493218 correct=22656 right_rate=4.5935%
INFO | - Epoch 250, ExpID 94054 best_epoch=250 improved=1
INFO | Train - Loss (last batch): 0.57956
INFO | Val - Loss, MSE, MAE: 1.07947, 1.07947, 0.39216
INFO | Test - Best epoch, Loss, MSE, MAE: 250, 0.61359, 0.61359, 0.35548
INFO | Test - Points (EXACT): total_masked=493218 correct=22588 right_rate=4.5797%
INFO | - Epoch 251, ExpID 94054 best_epoch=251 improved=1
INFO | Train - Loss (last batch): 0.57358
INFO | Val - Loss, MSE, MAE: 1.07934, 1.07934, 0.39280
INFO | Test - Best epoch, Loss, MSE, MAE: 251, 0.61351, 0.61351, 0.35610
INFO | Test - Points (EXACT): total_masked=493218 correct=22439 right_rate=4.5495%
INFO | - Epoch 252, ExpID 94054 best_epoch=252 improved=1
INFO | Train - Loss (last batch): 0.53613
INFO | Val - Loss, MSE, MAE: 1.07925, 1.07925, 0.39298
INFO | Test - Best epoch, Loss, MSE, MAE: 252, 0.61380, 0.61380, 0.35632
INFO | Test - Points (EXACT): total_masked=493218 correct=22454 right_rate=4.5526%
INFO | - Epoch 253, ExpID 94054 best_epoch=252 improved=0
INFO | Train - Loss (last batch): 0.61983
INFO | Val - Loss, MSE, MAE: 1.07935, 1.07935, 0.39183
INFO | Test - Best epoch, Loss, MSE, MAE: 252, 0.61380, 0.61380, 0.35632
INFO | Test - Points (EXACT): total_masked=493218 correct=22454 right_rate=4.5526%
INFO | - Epoch 254, ExpID 94054 best_epoch=252 improved=0
INFO | Train - Loss (last batch): 0.51762
INFO | Val - Loss, MSE, MAE: 1.08025, 1.08025, 0.39168
INFO | Test - Best epoch, Loss, MSE, MAE: 252, 0.61380, 0.61380, 0.35632
INFO | Test - Points (EXACT): total_masked=493218 correct=22454 right_rate=4.5526%
INFO | - Epoch 255, ExpID 94054 best_epoch=252 improved=0
INFO | Train - Loss (last batch): 0.53134
INFO | Val - Loss, MSE, MAE: 1.08029, 1.08029, 0.39025
INFO | Test - Best epoch, Loss, MSE, MAE: 252, 0.61380, 0.61380, 0.35632
INFO | Test - Points (EXACT): total_masked=493218 correct=22454 right_rate=4.5526%
INFO | - Epoch 256, ExpID 94054 best_epoch=252 improved=0
INFO | Train - Loss (last batch): 0.49829
INFO | Val - Loss, MSE, MAE: 1.07992, 1.07992, 0.39207
INFO | Test - Best epoch, Loss, MSE, MAE: 252, 0.61380, 0.61380, 0.35632
INFO | Test - Points (EXACT): total_masked=493218 correct=22454 right_rate=4.5526%
