2025-12-23 06:32:28,462 | INFO | - Epoch 000, ExpID 89997 best_epoch=0 improved=1
2025-12-23 06:32:28,462 | INFO | Train - Loss (last batch): 0.80784
2025-12-23 06:32:28,462 | INFO | Val - Loss, MSE, MAE: 1.24007, 1.24007, 0.52363
2025-12-23 06:32:28,462 | INFO | Test - Best epoch, Loss, MSE, MAE: 0, 0.85575, 0.85575, 0.49460
2025-12-23 06:32:28,462 | INFO | Test - Points (EXACT): total_masked=633328 correct=995 right_rate=0.1571%
2025-12-23 06:32:41,588 | INFO | - Epoch 001, ExpID 89997 best_epoch=1 improved=1
2025-12-23 06:32:41,588 | INFO | Train - Loss (last batch): 0.94290
2025-12-23 06:32:41,588 | INFO | Val - Loss, MSE, MAE: 1.23321, 1.23321, 0.51602
2025-12-23 06:32:41,588 | INFO | Test - Best epoch, Loss, MSE, MAE: 1, 0.85455, 0.85455, 0.48691
2025-12-23 06:32:41,588 | INFO | Test - Points (EXACT): total_masked=633328 correct=2589 right_rate=0.4088%
2025-12-23 06:32:54,871 | INFO | - Epoch 002, ExpID 89997 best_epoch=2 improved=1
2025-12-23 06:32:54,871 | INFO | Train - Loss (last batch): 0.93304
2025-12-23 06:32:54,871 | INFO | Val - Loss, MSE, MAE: 1.23266, 1.23266, 0.49686
2025-12-23 06:32:54,871 | INFO | Test - Best epoch, Loss, MSE, MAE: 2, 0.85631, 0.85631, 0.46690
2025-12-23 06:32:54,871 | INFO | Test - Points (EXACT): total_masked=633328 correct=1975 right_rate=0.3118%
2025-12-23 06:33:08,221 | INFO | - Epoch 003, ExpID 89997 best_epoch=3 improved=1
2025-12-23 06:33:08,221 | INFO | Train - Loss (last batch): 0.66504
2025-12-23 06:33:08,221 | INFO | Val - Loss, MSE, MAE: 1.22852, 1.22852, 0.50515
2025-12-23 06:33:08,221 | INFO | Test - Best epoch, Loss, MSE, MAE: 3, 0.85391, 0.85391, 0.47586
2025-12-23 06:33:08,221 | INFO | Test - Points (EXACT): total_masked=633328 correct=2250 right_rate=0.3553%
2025-12-23 06:33:21,391 | INFO | - Epoch 004, ExpID 89997 best_epoch=4 improved=1
2025-12-23 06:33:21,391 | INFO | Train - Loss (last batch): 0.73575
2025-12-23 06:33:21,391 | INFO | Val - Loss, MSE, MAE: 1.22395, 1.22395, 0.50942
2025-12-23 06:33:21,391 | INFO | Test - Best epoch, Loss, MSE, MAE: 4, 0.85324, 0.85324, 0.48124
2025-12-23 06:33:21,391 | INFO | Test - Points (EXACT): total_masked=633328 correct=1902 right_rate=0.3003%
2025-12-23 06:33:32,837 | INFO | - Epoch 005, ExpID 89997 best_epoch=4 improved=0
2025-12-23 06:33:32,837 | INFO | Train - Loss (last batch): 0.78541
2025-12-23 06:33:32,837 | INFO | Val - Loss, MSE, MAE: 1.22550, 1.22550, 0.50697
2025-12-23 06:33:32,837 | INFO | Test - Best epoch, Loss, MSE, MAE: 4, 0.85324, 0.85324, 0.48124
2025-12-23 06:33:32,837 | INFO | Test - Points (EXACT): total_masked=633328 correct=1902 right_rate=0.3003%
2025-12-23 06:33:46,247 | INFO | - Epoch 006, ExpID 89997 best_epoch=6 improved=1
2025-12-23 06:33:46,247 | INFO | Train - Loss (last batch): 0.91148
2025-12-23 06:33:46,247 | INFO | Val - Loss, MSE, MAE: 1.22185, 1.22185, 0.50966
2025-12-23 06:33:46,247 | INFO | Test - Best epoch, Loss, MSE, MAE: 6, 0.85403, 0.85403, 0.48064
2025-12-23 06:33:46,247 | INFO | Test - Points (EXACT): total_masked=633328 correct=3531 right_rate=0.5575%
2025-12-23 06:33:59,470 | INFO | - Epoch 007, ExpID 89997 best_epoch=7 improved=1
2025-12-23 06:33:59,470 | INFO | Train - Loss (last batch): 0.82783
2025-12-23 06:33:59,470 | INFO | Val - Loss, MSE, MAE: 1.22120, 1.22120, 0.50045
2025-12-23 06:33:59,470 | INFO | Test - Best epoch, Loss, MSE, MAE: 7, 0.85351, 0.85351, 0.47068
2025-12-23 06:33:59,470 | INFO | Test - Points (EXACT): total_masked=633328 correct=4732 right_rate=0.7472%
2025-12-23 06:34:12,834 | INFO | - Epoch 008, ExpID 89997 best_epoch=8 improved=1
2025-12-23 06:34:12,834 | INFO | Train - Loss (last batch): 0.84476
2025-12-23 06:34:12,834 | INFO | Val - Loss, MSE, MAE: 1.22067, 1.22067, 0.51594
2025-12-23 06:34:12,834 | INFO | Test - Best epoch, Loss, MSE, MAE: 8, 0.85215, 0.85215, 0.48711
2025-12-23 06:34:12,835 | INFO | Test - Points (EXACT): total_masked=633328 correct=2541 right_rate=0.4012%
2025-12-23 06:34:26,197 | INFO | - Epoch 009, ExpID 89997 best_epoch=9 improved=1
2025-12-23 06:34:26,197 | INFO | Train - Loss (last batch): 0.76565
2025-12-23 06:34:26,197 | INFO | Val - Loss, MSE, MAE: 1.21840, 1.21840, 0.51177
2025-12-23 06:34:26,197 | INFO | Test - Best epoch, Loss, MSE, MAE: 9, 0.85301, 0.85301, 0.48199
2025-12-23 06:34:26,197 | INFO | Test - Points (EXACT): total_masked=633328 correct=2777 right_rate=0.4385%
2025-12-23 06:34:39,659 | INFO | - Epoch 010, ExpID 89997 best_epoch=10 improved=1
2025-12-23 06:34:39,659 | INFO | Train - Loss (last batch): 0.85554
2025-12-23 06:34:39,659 | INFO | Val - Loss, MSE, MAE: 1.21773, 1.21773, 0.51449
2025-12-23 06:34:39,659 | INFO | Test - Best epoch, Loss, MSE, MAE: 10, 0.85265, 0.85265, 0.48520
2025-12-23 06:34:39,659 | INFO | Test - Points (EXACT): total_masked=633328 correct=3921 right_rate=0.6191%
2025-12-23 06:34:51,146 | INFO | - Epoch 011, ExpID 89997 best_epoch=10 improved=0
2025-12-23 06:34:51,146 | INFO | Train - Loss (last batch): 0.82983
2025-12-23 06:34:51,146 | INFO | Val - Loss, MSE, MAE: 1.22036, 1.22036, 0.51644
2025-12-23 06:34:51,146 | INFO | Test - Best epoch, Loss, MSE, MAE: 10, 0.85265, 0.85265, 0.48520
2025-12-23 06:34:51,146 | INFO | Test - Points (EXACT): total_masked=633328 correct=3921 right_rate=0.6191%
2025-12-23 06:35:02,644 | INFO | - Epoch 012, ExpID 89997 best_epoch=10 improved=0
2025-12-23 06:35:02,645 | INFO | Train - Loss (last batch): 0.90696
2025-12-23 06:35:02,645 | INFO | Val - Loss, MSE, MAE: 1.21878, 1.21878, 0.50877
2025-12-23 06:35:02,645 | INFO | Test - Best epoch, Loss, MSE, MAE: 10, 0.85265, 0.85265, 0.48520
2025-12-23 06:35:02,645 | INFO | Test - Points (EXACT): total_masked=633328 correct=3921 right_rate=0.6191%
2025-12-23 06:35:14,176 | INFO | - Epoch 013, ExpID 89997 best_epoch=10 improved=0
2025-12-23 06:35:14,176 | INFO | Train - Loss (last batch): 0.73104
2025-12-23 06:35:14,176 | INFO | Val - Loss, MSE, MAE: 1.22051, 1.22051, 0.51005
2025-12-23 06:35:14,176 | INFO | Test - Best epoch, Loss, MSE, MAE: 10, 0.85265, 0.85265, 0.48520
2025-12-23 06:35:14,176 | INFO | Test - Points (EXACT): total_masked=633328 correct=3921 right_rate=0.6191%
2025-12-23 06:35:27,521 | INFO | - Epoch 014, ExpID 89997 best_epoch=14 improved=1
2025-12-23 06:35:27,521 | INFO | Train - Loss (last batch): 0.98576
2025-12-23 06:35:27,521 | INFO | Val - Loss, MSE, MAE: 1.21652, 1.21652, 0.50903
2025-12-23 06:35:27,521 | INFO | Test - Best epoch, Loss, MSE, MAE: 14, 0.85259, 0.85259, 0.47995
2025-12-23 06:35:27,521 | INFO | Test - Points (EXACT): total_masked=633328 correct=3849 right_rate=0.6077%
2025-12-23 06:35:39,157 | INFO | - Epoch 015, ExpID 89997 best_epoch=14 improved=0
2025-12-23 06:35:39,158 | INFO | Train - Loss (last batch): 0.75320
2025-12-23 06:35:39,158 | INFO | Val - Loss, MSE, MAE: 1.22231, 1.22231, 0.51853
2025-12-23 06:35:39,158 | INFO | Test - Best epoch, Loss, MSE, MAE: 14, 0.85259, 0.85259, 0.47995
2025-12-23 06:35:39,158 | INFO | Test - Points (EXACT): total_masked=633328 correct=3849 right_rate=0.6077%
2025-12-23 06:35:50,678 | INFO | - Epoch 016, ExpID 89997 best_epoch=14 improved=0
2025-12-23 06:35:50,678 | INFO | Train - Loss (last batch): 0.75916
2025-12-23 06:35:50,678 | INFO | Val - Loss, MSE, MAE: 1.21690, 1.21690, 0.51146
2025-12-23 06:35:50,678 | INFO | Test - Best epoch, Loss, MSE, MAE: 14, 0.85259, 0.85259, 0.47995
2025-12-23 06:35:50,678 | INFO | Test - Points (EXACT): total_masked=633328 correct=3849 right_rate=0.6077%
2025-12-23 06:36:02,220 | INFO | - Epoch 017, ExpID 89997 best_epoch=14 improved=0
2025-12-23 06:36:02,220 | INFO | Train - Loss (last batch): 0.88220
2025-12-23 06:36:02,220 | INFO | Val - Loss, MSE, MAE: 1.21855, 1.21855, 0.50999
2025-12-23 06:36:02,220 | INFO | Test - Best epoch, Loss, MSE, MAE: 14, 0.85259, 0.85259, 0.47995
2025-12-23 06:36:02,220 | INFO | Test - Points (EXACT): total_masked=633328 correct=3849 right_rate=0.6077%
2025-12-23 06:36:13,834 | INFO | - Epoch 018, ExpID 89997 best_epoch=14 improved=0
2025-12-23 06:36:13,834 | INFO | Train - Loss (last batch): 0.70558
2025-12-23 06:36:13,834 | INFO | Val - Loss, MSE, MAE: 1.21746, 1.21746, 0.50796
2025-12-23 06:36:13,834 | INFO | Test - Best epoch, Loss, MSE, MAE: 14, 0.85259, 0.85259, 0.47995
2025-12-23 06:36:13,834 | INFO | Test - Points (EXACT): total_masked=633328 correct=3849 right_rate=0.6077%
2025-12-23 06:36:27,396 | INFO | - Epoch 019, ExpID 89997 best_epoch=19 improved=1
2025-12-23 06:36:27,396 | INFO | Train - Loss (last batch): 0.86130
2025-12-23 06:36:27,396 | INFO | Val - Loss, MSE, MAE: 1.21591, 1.21591, 0.51158
2025-12-23 06:36:27,396 | INFO | Test - Best epoch, Loss, MSE, MAE: 19, 0.85379, 0.85379, 0.48266
2025-12-23 06:36:27,396 | INFO | Test - Points (EXACT): total_masked=633328 correct=4137 right_rate=0.6532%
2025-12-23 06:36:40,889 | INFO | - Epoch 020, ExpID 89997 best_epoch=20 improved=1
2025-12-23 06:36:40,889 | INFO | Train - Loss (last batch): 0.77282
2025-12-23 06:36:40,889 | INFO | Val - Loss, MSE, MAE: 1.21388, 1.21388, 0.51275
2025-12-23 06:36:40,889 | INFO | Test - Best epoch, Loss, MSE, MAE: 20, 0.85393, 0.85393, 0.48372
2025-12-23 06:36:40,889 | INFO | Test - Points (EXACT): total_masked=633328 correct=4587 right_rate=0.7243%
2025-12-23 06:36:52,426 | INFO | - Epoch 021, ExpID 89997 best_epoch=20 improved=0
2025-12-23 06:36:52,427 | INFO | Train - Loss (last batch): 0.87636
2025-12-23 06:36:52,427 | INFO | Val - Loss, MSE, MAE: 1.21540, 1.21540, 0.51107
2025-12-23 06:36:52,427 | INFO | Test - Best epoch, Loss, MSE, MAE: 20, 0.85393, 0.85393, 0.48372
2025-12-23 06:36:52,427 | INFO | Test - Points (EXACT): total_masked=633328 correct=4587 right_rate=0.7243%
2025-12-23 06:37:04,474 | INFO | - Epoch 022, ExpID 89997 best_epoch=20 improved=0
2025-12-23 06:37:04,474 | INFO | Train - Loss (last batch): 0.68398
2025-12-23 06:37:04,474 | INFO | Val - Loss, MSE, MAE: 1.21808, 1.21808, 0.50617
2025-12-23 06:37:04,474 | INFO | Test - Best epoch, Loss, MSE, MAE: 20, 0.85393, 0.85393, 0.48372
2025-12-23 06:37:04,474 | INFO | Test - Points (EXACT): total_masked=633328 correct=4587 right_rate=0.7243%
2025-12-23 06:37:15,994 | INFO | - Epoch 023, ExpID 89997 best_epoch=20 improved=0
2025-12-23 06:37:15,994 | INFO | Train - Loss (last batch): 0.74796
2025-12-23 06:37:15,994 | INFO | Val - Loss, MSE, MAE: 1.21437, 1.21437, 0.51172
2025-12-23 06:37:15,994 | INFO | Test - Best epoch, Loss, MSE, MAE: 20, 0.85393, 0.85393, 0.48372
2025-12-23 06:37:15,994 | INFO | Test - Points (EXACT): total_masked=633328 correct=4587 right_rate=0.7243%
2025-12-23 06:37:27,505 | INFO | - Epoch 024, ExpID 89997 best_epoch=20 improved=0
2025-12-23 06:37:27,505 | INFO | Train - Loss (last batch): 0.89476
2025-12-23 06:37:27,506 | INFO | Val - Loss, MSE, MAE: 1.21500, 1.21500, 0.51420
2025-12-23 06:37:27,506 | INFO | Test - Best epoch, Loss, MSE, MAE: 20, 0.85393, 0.85393, 0.48372
2025-12-23 06:37:27,506 | INFO | Test - Points (EXACT): total_masked=633328 correct=4587 right_rate=0.7243%
2025-12-23 06:37:40,810 | INFO | - Epoch 025, ExpID 89997 best_epoch=25 improved=1
2025-12-23 06:37:40,810 | INFO | Train - Loss (last batch): 0.84369
2025-12-23 06:37:40,810 | INFO | Val - Loss, MSE, MAE: 1.20886, 1.20886, 0.51320
2025-12-23 06:37:40,810 | INFO | Test - Best epoch, Loss, MSE, MAE: 25, 0.85347, 0.85347, 0.48466
2025-12-23 06:37:40,810 | INFO | Test - Points (EXACT): total_masked=633328 correct=4925 right_rate=0.7776%
2025-12-23 06:37:52,503 | INFO | - Epoch 026, ExpID 89997 best_epoch=25 improved=0
2025-12-23 06:37:52,503 | INFO | Train - Loss (last batch): 0.74110
2025-12-23 06:37:52,503 | INFO | Val - Loss, MSE, MAE: 1.21509, 1.21509, 0.51225
2025-12-23 06:37:52,503 | INFO | Test - Best epoch, Loss, MSE, MAE: 25, 0.85347, 0.85347, 0.48466
2025-12-23 06:37:52,503 | INFO | Test - Points (EXACT): total_masked=633328 correct=4925 right_rate=0.7776%
2025-12-23 06:38:04,438 | INFO | - Epoch 027, ExpID 89997 best_epoch=25 improved=0
2025-12-23 06:38:04,438 | INFO | Train - Loss (last batch): 0.84504
2025-12-23 06:38:04,438 | INFO | Val - Loss, MSE, MAE: 1.21187, 1.21187, 0.51092
2025-12-23 06:38:04,438 | INFO | Test - Best epoch, Loss, MSE, MAE: 25, 0.85347, 0.85347, 0.48466
2025-12-23 06:38:04,438 | INFO | Test - Points (EXACT): total_masked=633328 correct=4925 right_rate=0.7776%
2025-12-23 06:38:15,988 | INFO | - Epoch 028, ExpID 89997 best_epoch=25 improved=0
2025-12-23 06:38:15,988 | INFO | Train - Loss (last batch): 0.90181
2025-12-23 06:38:15,988 | INFO | Val - Loss, MSE, MAE: 1.21327, 1.21327, 0.50815
2025-12-23 06:38:15,988 | INFO | Test - Best epoch, Loss, MSE, MAE: 25, 0.85347, 0.85347, 0.48466
2025-12-23 06:38:15,988 | INFO | Test - Points (EXACT): total_masked=633328 correct=4925 right_rate=0.7776%
2025-12-23 06:38:27,514 | INFO | - Epoch 029, ExpID 89997 best_epoch=25 improved=0
2025-12-23 06:38:27,514 | INFO | Train - Loss (last batch): 0.87237
2025-12-23 06:38:27,514 | INFO | Val - Loss, MSE, MAE: 1.20970, 1.20970, 0.50727
2025-12-23 06:38:27,514 | INFO | Test - Best epoch, Loss, MSE, MAE: 25, 0.85347, 0.85347, 0.48466
2025-12-23 06:38:27,514 | INFO | Test - Points (EXACT): total_masked=633328 correct=4925 right_rate=0.7776%
2025-12-23 06:38:39,264 | INFO | - Epoch 030, ExpID 89997 best_epoch=25 improved=0
2025-12-23 06:38:39,264 | INFO | Train - Loss (last batch): 0.84019
2025-12-23 06:38:39,264 | INFO | Val - Loss, MSE, MAE: 1.21329, 1.21329, 0.51679
2025-12-23 06:38:39,264 | INFO | Test - Best epoch, Loss, MSE, MAE: 25, 0.85347, 0.85347, 0.48466
2025-12-23 06:38:39,264 | INFO | Test - Points (EXACT): total_masked=633328 correct=4925 right_rate=0.7776%
2025-12-23 06:38:50,788 | INFO | - Epoch 031, ExpID 89997 best_epoch=25 improved=0
2025-12-23 06:38:50,788 | INFO | Train - Loss (last batch): 0.99530
2025-12-23 06:38:50,788 | INFO | Val - Loss, MSE, MAE: 1.21648, 1.21648, 0.50801
2025-12-23 06:38:50,788 | INFO | Test - Best epoch, Loss, MSE, MAE: 25, 0.85347, 0.85347, 0.48466
2025-12-23 06:38:50,788 | INFO | Test - Points (EXACT): total_masked=633328 correct=4925 right_rate=0.7776%
2025-12-23 06:39:02,302 | INFO | - Epoch 032, ExpID 89997 best_epoch=25 improved=0
2025-12-23 06:39:02,302 | INFO | Train - Loss (last batch): 0.68175
2025-12-23 06:39:02,302 | INFO | Val - Loss, MSE, MAE: 1.21090, 1.21090, 0.51212
2025-12-23 06:39:02,302 | INFO | Test - Best epoch, Loss, MSE, MAE: 25, 0.85347, 0.85347, 0.48466
2025-12-23 06:39:02,302 | INFO | Test - Points (EXACT): total_masked=633328 correct=4925 right_rate=0.7776%
2025-12-23 06:39:13,843 | INFO | - Epoch 033, ExpID 89997 best_epoch=25 improved=0
2025-12-23 06:39:13,843 | INFO | Train - Loss (last batch): 0.81883
2025-12-23 06:39:13,843 | INFO | Val - Loss, MSE, MAE: 1.21199, 1.21199, 0.51710
2025-12-23 06:39:13,843 | INFO | Test - Best epoch, Loss, MSE, MAE: 25, 0.85347, 0.85347, 0.48466
2025-12-23 06:39:13,843 | INFO | Test - Points (EXACT): total_masked=633328 correct=4925 right_rate=0.7776%
2025-12-23 06:39:25,347 | INFO | - Epoch 034, ExpID 89997 best_epoch=25 improved=0
2025-12-23 06:39:25,347 | INFO | Train - Loss (last batch): 0.78290
2025-12-23 06:39:25,347 | INFO | Val - Loss, MSE, MAE: 1.21908, 1.21908, 0.51274
2025-12-23 06:39:25,347 | INFO | Test - Best epoch, Loss, MSE, MAE: 25, 0.85347, 0.85347, 0.48466
2025-12-23 06:39:25,347 | INFO | Test - Points (EXACT): total_masked=633328 correct=4925 right_rate=0.7776%
2025-12-23 06:39:37,063 | INFO | - Epoch 035, ExpID 89997 best_epoch=25 improved=0
2025-12-23 06:39:37,063 | INFO | Train - Loss (last batch): 1.09174
2025-12-23 06:39:37,063 | INFO | Val - Loss, MSE, MAE: 1.21422, 1.21422, 0.51031
2025-12-23 06:39:37,063 | INFO | Test - Best epoch, Loss, MSE, MAE: 25, 0.85347, 0.85347, 0.48466
2025-12-23 06:39:37,063 | INFO | Test - Points (EXACT): total_masked=633328 correct=4925 right_rate=0.7776%
2025-12-23 06:39:48,540 | INFO | - Epoch 036, ExpID 89997 best_epoch=25 improved=0
2025-12-23 06:39:48,540 | INFO | Train - Loss (last batch): 0.79859
2025-12-23 06:39:48,540 | INFO | Val - Loss, MSE, MAE: 1.21251, 1.21251, 0.51077
2025-12-23 06:39:48,540 | INFO | Test - Best epoch, Loss, MSE, MAE: 25, 0.85347, 0.85347, 0.48466
2025-12-23 06:39:48,540 | INFO | Test - Points (EXACT): total_masked=633328 correct=4925 right_rate=0.7776%
2025-12-23 06:39:59,868 | INFO | - Epoch 037, ExpID 89997 best_epoch=25 improved=0
2025-12-23 06:39:59,868 | INFO | Train - Loss (last batch): 0.93590
2025-12-23 06:39:59,868 | INFO | Val - Loss, MSE, MAE: 1.21583, 1.21583, 0.51426
2025-12-23 06:39:59,868 | INFO | Test - Best epoch, Loss, MSE, MAE: 25, 0.85347, 0.85347, 0.48466
2025-12-23 06:39:59,868 | INFO | Test - Points (EXACT): total_masked=633328 correct=4925 right_rate=0.7776%
2025-12-23 06:40:11,417 | INFO | - Epoch 038, ExpID 89997 best_epoch=25 improved=0
2025-12-23 06:40:11,417 | INFO | Train - Loss (last batch): 0.67617
2025-12-23 06:40:11,417 | INFO | Val - Loss, MSE, MAE: 1.21575, 1.21575, 0.50556
2025-12-23 06:40:11,417 | INFO | Test - Best epoch, Loss, MSE, MAE: 25, 0.85347, 0.85347, 0.48466
2025-12-23 06:40:11,417 | INFO | Test - Points (EXACT): total_masked=633328 correct=4925 right_rate=0.7776%
2025-12-23 06:40:22,748 | INFO | - Epoch 039, ExpID 89997 best_epoch=25 improved=0
2025-12-23 06:40:22,749 | INFO | Train - Loss (last batch): 0.80752
2025-12-23 06:40:22,749 | INFO | Val - Loss, MSE, MAE: 1.21767, 1.21767, 0.50412
2025-12-23 06:40:22,749 | INFO | Test - Best epoch, Loss, MSE, MAE: 25, 0.85347, 0.85347, 0.48466
2025-12-23 06:40:22,749 | INFO | Test - Points (EXACT): total_masked=633328 correct=4925 right_rate=0.7776%
2025-12-23 06:40:34,035 | INFO | - Epoch 040, ExpID 89997 best_epoch=25 improved=0
2025-12-23 06:40:34,035 | INFO | Train - Loss (last batch): 0.73989
2025-12-23 06:40:34,035 | INFO | Val - Loss, MSE, MAE: 1.21587, 1.21587, 0.50846
2025-12-23 06:40:34,035 | INFO | Test - Best epoch, Loss, MSE, MAE: 25, 0.85347, 0.85347, 0.48466
2025-12-23 06:40:34,036 | INFO | Test - Points (EXACT): total_masked=633328 correct=4925 right_rate=0.7776%
2025-12-23 06:40:45,343 | INFO | - Epoch 041, ExpID 89997 best_epoch=25 improved=0
2025-12-23 06:40:45,343 | INFO | Train - Loss (last batch): 0.82976
2025-12-23 06:40:45,343 | INFO | Val - Loss, MSE, MAE: 1.21643, 1.21643, 0.50591
2025-12-23 06:40:45,343 | INFO | Test - Best epoch, Loss, MSE, MAE: 25, 0.85347, 0.85347, 0.48466
2025-12-23 06:40:45,343 | INFO | Test - Points (EXACT): total_masked=633328 correct=4925 right_rate=0.7776%
2025-12-23 06:40:57,016 | INFO | - Epoch 042, ExpID 89997 best_epoch=25 improved=0
2025-12-23 06:40:57,016 | INFO | Train - Loss (last batch): 0.84099
2025-12-23 06:40:57,016 | INFO | Val - Loss, MSE, MAE: 1.21753, 1.21753, 0.51065
2025-12-23 06:40:57,016 | INFO | Test - Best epoch, Loss, MSE, MAE: 25, 0.85347, 0.85347, 0.48466
2025-12-23 06:40:57,016 | INFO | Test - Points (EXACT): total_masked=633328 correct=4925 right_rate=0.7776%
2025-12-23 06:41:08,454 | INFO | - Epoch 043, ExpID 89997 best_epoch=25 improved=0
2025-12-23 06:41:08,454 | INFO | Train - Loss (last batch): 0.77171
2025-12-23 06:41:08,455 | INFO | Val - Loss, MSE, MAE: 1.21935, 1.21935, 0.50788
2025-12-23 06:41:08,455 | INFO | Test - Best epoch, Loss, MSE, MAE: 25, 0.85347, 0.85347, 0.48466
2025-12-23 06:41:08,455 | INFO | Test - Points (EXACT): total_masked=633328 correct=4925 right_rate=0.7776%
2025-12-23 06:41:19,940 | INFO | - Epoch 044, ExpID 89997 best_epoch=25 improved=0
2025-12-23 06:41:19,940 | INFO | Train - Loss (last batch): 0.76335
2025-12-23 06:41:19,940 | INFO | Val - Loss, MSE, MAE: 1.21956, 1.21956, 0.50939
2025-12-23 06:41:19,940 | INFO | Test - Best epoch, Loss, MSE, MAE: 25, 0.85347, 0.85347, 0.48466
2025-12-23 06:41:19,940 | INFO | Test - Points (EXACT): total_masked=633328 correct=4925 right_rate=0.7776%
2025-12-23 06:41:31,345 | INFO | - Epoch 045, ExpID 89997 best_epoch=25 improved=0
2025-12-23 06:41:31,345 | INFO | Train - Loss (last batch): 0.80203
2025-12-23 06:41:31,345 | INFO | Val - Loss, MSE, MAE: 1.21963, 1.21963, 0.51033
2025-12-23 06:41:31,345 | INFO | Test - Best epoch, Loss, MSE, MAE: 25, 0.85347, 0.85347, 0.48466
2025-12-23 06:41:31,345 | INFO | Test - Points (EXACT): total_masked=633328 correct=4925 right_rate=0.7776%
2025-12-23 06:41:42,647 | INFO | - Epoch 046, ExpID 89997 best_epoch=25 improved=0
2025-12-23 06:41:42,647 | INFO | Train - Loss (last batch): 0.73286
2025-12-23 06:41:42,647 | INFO | Val - Loss, MSE, MAE: 1.21780, 1.21780, 0.51211
2025-12-23 06:41:42,647 | INFO | Test - Best epoch, Loss, MSE, MAE: 25, 0.85347, 0.85347, 0.48466
2025-12-23 06:41:42,647 | INFO | Test - Points (EXACT): total_masked=633328 correct=4925 right_rate=0.7776%
2025-12-23 06:41:53,921 | INFO | - Epoch 047, ExpID 89997 best_epoch=25 improved=0
2025-12-23 06:41:53,921 | INFO | Train - Loss (last batch): 0.73265
2025-12-23 06:41:53,921 | INFO | Val - Loss, MSE, MAE: 1.21869, 1.21869, 0.51357
2025-12-23 06:41:53,921 | INFO | Test - Best epoch, Loss, MSE, MAE: 25, 0.85347, 0.85347, 0.48466
2025-12-23 06:41:53,921 | INFO | Test - Points (EXACT): total_masked=633328 correct=4925 right_rate=0.7776%
2025-12-23 06:42:05,380 | INFO | - Epoch 048, ExpID 89997 best_epoch=25 improved=0
2025-12-23 06:42:05,381 | INFO | Train - Loss (last batch): 0.76333
2025-12-23 06:42:05,381 | INFO | Val - Loss, MSE, MAE: 1.21525, 1.21525, 0.50923
2025-12-23 06:42:05,381 | INFO | Test - Best epoch, Loss, MSE, MAE: 25, 0.85347, 0.85347, 0.48466
2025-12-23 06:42:05,381 | INFO | Test - Points (EXACT): total_masked=633328 correct=4925 right_rate=0.7776%
2025-12-23 06:42:16,769 | INFO | - Epoch 049, ExpID 89997 best_epoch=25 improved=0
2025-12-23 06:42:16,769 | INFO | Train - Loss (last batch): 0.82131
2025-12-23 06:42:16,769 | INFO | Val - Loss, MSE, MAE: 1.21599, 1.21599, 0.51479
2025-12-23 06:42:16,769 | INFO | Test - Best epoch, Loss, MSE, MAE: 25, 0.85347, 0.85347, 0.48466
2025-12-23 06:42:16,769 | INFO | Test - Points (EXACT): total_masked=633328 correct=4925 right_rate=0.7776%
2025-12-23 06:42:28,276 | INFO | - Epoch 050, ExpID 89997 best_epoch=25 improved=0
2025-12-23 06:42:28,276 | INFO | Train - Loss (last batch): 0.94286
2025-12-23 06:42:28,276 | INFO | Val - Loss, MSE, MAE: 1.21572, 1.21572, 0.51150
2025-12-23 06:42:28,276 | INFO | Test - Best epoch, Loss, MSE, MAE: 25, 0.85347, 0.85347, 0.48466
2025-12-23 06:42:28,276 | INFO | Test - Points (EXACT): total_masked=633328 correct=4925 right_rate=0.7776%
