INFO | - Epoch 000, ExpID 97862 best_epoch=0 improved=1
INFO | Train - Loss (last batch): 0.76239
INFO | Val - Loss, MSE, MAE: 1.19278, 1.19278, 0.49595
INFO | Test - Best epoch, Loss, MSE, MAE: 0, 0.81008, 0.81008, 0.46716
INFO | Test - Points (EXACT): total_masked=633328 correct=4300 right_rate=0.6790%
INFO | - Epoch 001, ExpID 97862 best_epoch=1 improved=1
INFO | Train - Loss (last batch): 0.72444
INFO | Val - Loss, MSE, MAE: 1.04068, 1.04068, 0.41511
INFO | Test - Best epoch, Loss, MSE, MAE: 1, 0.66628, 0.66628, 0.38917
INFO | Test - Points (EXACT): total_masked=633328 correct=10994 right_rate=1.7359%
INFO | - Epoch 002, ExpID 97862 best_epoch=1 improved=0
INFO | Train - Loss (last batch): 0.54348
INFO | Val - Loss, MSE, MAE: 1.05124, 1.05124, 0.43170
INFO | Test - Best epoch, Loss, MSE, MAE: 1, 0.66628, 0.66628, 0.38917
INFO | Test - Points (EXACT): total_masked=633328 correct=10994 right_rate=1.7359%
INFO | - Epoch 003, ExpID 97862 best_epoch=1 improved=0
INFO | Train - Loss (last batch): 0.61430
INFO | Val - Loss, MSE, MAE: 1.04746, 1.04746, 0.42390
INFO | Test - Best epoch, Loss, MSE, MAE: 1, 0.66628, 0.66628, 0.38917
INFO | Test - Points (EXACT): total_masked=633328 correct=10994 right_rate=1.7359%
INFO | - Epoch 004, ExpID 97862 best_epoch=4 improved=1
INFO | Train - Loss (last batch): 0.64973
INFO | Val - Loss, MSE, MAE: 1.03886, 1.03886, 0.39770
INFO | Test - Best epoch, Loss, MSE, MAE: 4, 0.66390, 0.66390, 0.37089
INFO | Test - Points (EXACT): total_masked=633328 correct=13696 right_rate=2.1625%
INFO | - Epoch 005, ExpID 97862 best_epoch=4 improved=0
INFO | Train - Loss (last batch): 0.53039
INFO | Val - Loss, MSE, MAE: 1.04177, 1.04177, 0.39041
INFO | Test - Best epoch, Loss, MSE, MAE: 4, 0.66390, 0.66390, 0.37089
INFO | Test - Points (EXACT): total_masked=633328 correct=13696 right_rate=2.1625%
INFO | - Epoch 006, ExpID 97862 best_epoch=4 improved=0
INFO | Train - Loss (last batch): 0.56441
INFO | Val - Loss, MSE, MAE: 1.05323, 1.05323, 0.41262
INFO | Test - Best epoch, Loss, MSE, MAE: 4, 0.66390, 0.66390, 0.37089
INFO | Test - Points (EXACT): total_masked=633328 correct=13696 right_rate=2.1625%
INFO | - Epoch 007, ExpID 97862 best_epoch=7 improved=1
INFO | Train - Loss (last batch): 0.57809
INFO | Val - Loss, MSE, MAE: 1.03724, 1.03724, 0.38950
INFO | Test - Best epoch, Loss, MSE, MAE: 7, 0.66491, 0.66491, 0.36446
INFO | Test - Points (EXACT): total_masked=633328 correct=22206 right_rate=3.5062%
INFO | - Epoch 008, ExpID 97862 best_epoch=7 improved=0
INFO | Train - Loss (last batch): 0.63809
INFO | Val - Loss, MSE, MAE: 1.08389, 1.08389, 0.42283
INFO | Test - Best epoch, Loss, MSE, MAE: 7, 0.66491, 0.66491, 0.36446
INFO | Test - Points (EXACT): total_masked=633328 correct=22206 right_rate=3.5062%
INFO | - Epoch 009, ExpID 97862 best_epoch=7 improved=0
INFO | Train - Loss (last batch): 0.69882
INFO | Val - Loss, MSE, MAE: 1.04870, 1.04870, 0.40209
INFO | Test - Best epoch, Loss, MSE, MAE: 7, 0.66491, 0.66491, 0.36446
INFO | Test - Points (EXACT): total_masked=633328 correct=22206 right_rate=3.5062%
INFO | - Epoch 010, ExpID 97862 best_epoch=7 improved=0
INFO | Train - Loss (last batch): 0.88894
INFO | Val - Loss, MSE, MAE: 1.26149, 1.26149, 0.54206
INFO | Test - Best epoch, Loss, MSE, MAE: 7, 0.66491, 0.66491, 0.36446
INFO | Test - Points (EXACT): total_masked=633328 correct=22206 right_rate=3.5062%
INFO | - Epoch 011, ExpID 97862 best_epoch=7 improved=0
INFO | Train - Loss (last batch): 0.85916
INFO | Val - Loss, MSE, MAE: 1.26195, 1.26195, 0.52931
INFO | Test - Best epoch, Loss, MSE, MAE: 7, 0.66491, 0.66491, 0.36446
INFO | Test - Points (EXACT): total_masked=633328 correct=22206 right_rate=3.5062%
INFO | - Epoch 012, ExpID 97862 best_epoch=7 improved=0
INFO | Train - Loss (last batch): 0.84793
INFO | Val - Loss, MSE, MAE: 1.26234, 1.26234, 0.52299
INFO | Test - Best epoch, Loss, MSE, MAE: 7, 0.66491, 0.66491, 0.36446
INFO | Test - Points (EXACT): total_masked=633328 correct=22206 right_rate=3.5062%
INFO | - Epoch 013, ExpID 97862 best_epoch=7 improved=0
INFO | Train - Loss (last batch): 0.78722
INFO | Val - Loss, MSE, MAE: 1.26391, 1.26391, 0.51399
INFO | Test - Best epoch, Loss, MSE, MAE: 7, 0.66491, 0.66491, 0.36446
INFO | Test - Points (EXACT): total_masked=633328 correct=22206 right_rate=3.5062%
INFO | - Epoch 014, ExpID 97862 best_epoch=7 improved=0
INFO | Train - Loss (last batch): 0.89698
INFO | Val - Loss, MSE, MAE: 1.26252, 1.26252, 0.52492
INFO | Test - Best epoch, Loss, MSE, MAE: 7, 0.66491, 0.66491, 0.36446
INFO | Test - Points (EXACT): total_masked=633328 correct=22206 right_rate=3.5062%
INFO | - Epoch 015, ExpID 97862 best_epoch=7 improved=0
INFO | Train - Loss (last batch): 0.91897
INFO | Val - Loss, MSE, MAE: 1.26359, 1.26359, 0.51620
INFO | Test - Best epoch, Loss, MSE, MAE: 7, 0.66491, 0.66491, 0.36446
INFO | Test - Points (EXACT): total_masked=633328 correct=22206 right_rate=3.5062%
INFO | - Epoch 016, ExpID 97862 best_epoch=7 improved=0
INFO | Train - Loss (last batch): 0.87643
INFO | Val - Loss, MSE, MAE: 1.26423, 1.26423, 0.51251
INFO | Test - Best epoch, Loss, MSE, MAE: 7, 0.66491, 0.66491, 0.36446
INFO | Test - Points (EXACT): total_masked=633328 correct=22206 right_rate=3.5062%
INFO | - Epoch 017, ExpID 97862 best_epoch=7 improved=0
INFO | Train - Loss (last batch): 0.85159
INFO | Val - Loss, MSE, MAE: 1.26232, 1.26232, 0.52390
INFO | Test - Best epoch, Loss, MSE, MAE: 7, 0.66491, 0.66491, 0.36446
INFO | Test - Points (EXACT): total_masked=633328 correct=22206 right_rate=3.5062%
INFO | - Epoch 018, ExpID 97862 best_epoch=7 improved=0
INFO | Train - Loss (last batch): 0.89826
INFO | Val - Loss, MSE, MAE: 1.26195, 1.26195, 0.53242
INFO | Test - Best epoch, Loss, MSE, MAE: 7, 0.66491, 0.66491, 0.36446
INFO | Test - Points (EXACT): total_masked=633328 correct=22206 right_rate=3.5062%
INFO | - Epoch 019, ExpID 97862 best_epoch=7 improved=0
INFO | Train - Loss (last batch): 0.84224
INFO | Val - Loss, MSE, MAE: 1.26273, 1.26273, 0.52056
INFO | Test - Best epoch, Loss, MSE, MAE: 7, 0.66491, 0.66491, 0.36446
INFO | Test - Points (EXACT): total_masked=633328 correct=22206 right_rate=3.5062%
INFO | - Epoch 020, ExpID 97862 best_epoch=7 improved=0
INFO | Train - Loss (last batch): 0.85779
INFO | Val - Loss, MSE, MAE: 1.26299, 1.26299, 0.52004
INFO | Test - Best epoch, Loss, MSE, MAE: 7, 0.66491, 0.66491, 0.36446
INFO | Test - Points (EXACT): total_masked=633328 correct=22206 right_rate=3.5062%
INFO | - Epoch 021, ExpID 97862 best_epoch=7 improved=0
INFO | Train - Loss (last batch): 0.93022
INFO | Val - Loss, MSE, MAE: 1.26181, 1.26181, 0.53126
INFO | Test - Best epoch, Loss, MSE, MAE: 7, 0.66491, 0.66491, 0.36446
INFO | Test - Points (EXACT): total_masked=633328 correct=22206 right_rate=3.5062%
INFO | - Epoch 022, ExpID 97862 best_epoch=7 improved=0
INFO | Train - Loss (last batch): 0.84910
INFO | Val - Loss, MSE, MAE: 1.26254, 1.26254, 0.51875
INFO | Test - Best epoch, Loss, MSE, MAE: 7, 0.66491, 0.66491, 0.36446
INFO | Test - Points (EXACT): total_masked=633328 correct=22206 right_rate=3.5062%
INFO | - Epoch 023, ExpID 97862 best_epoch=7 improved=0
INFO | Train - Loss (last batch): 0.83037
INFO | Val - Loss, MSE, MAE: 1.26216, 1.26216, 0.52935
INFO | Test - Best epoch, Loss, MSE, MAE: 7, 0.66491, 0.66491, 0.36446
INFO | Test - Points (EXACT): total_masked=633328 correct=22206 right_rate=3.5062%
INFO | - Epoch 024, ExpID 97862 best_epoch=7 improved=0
INFO | Train - Loss (last batch): 0.77309
INFO | Val - Loss, MSE, MAE: 1.26250, 1.26250, 0.51935
INFO | Test - Best epoch, Loss, MSE, MAE: 7, 0.66491, 0.66491, 0.36446
INFO | Test - Points (EXACT): total_masked=633328 correct=22206 right_rate=3.5062%
INFO | - Epoch 025, ExpID 97862 best_epoch=7 improved=0
INFO | Train - Loss (last batch): 0.68925
INFO | Val - Loss, MSE, MAE: 1.26157, 1.26157, 0.53157
INFO | Test - Best epoch, Loss, MSE, MAE: 7, 0.66491, 0.66491, 0.36446
INFO | Test - Points (EXACT): total_masked=633328 correct=22206 right_rate=3.5062%
INFO | - Epoch 026, ExpID 97862 best_epoch=7 improved=0
INFO | Train - Loss (last batch): 0.96178
INFO | Val - Loss, MSE, MAE: 1.26278, 1.26278, 0.52767
INFO | Test - Best epoch, Loss, MSE, MAE: 7, 0.66491, 0.66491, 0.36446
INFO | Test - Points (EXACT): total_masked=633328 correct=22206 right_rate=3.5062%
INFO | - Epoch 027, ExpID 97862 best_epoch=7 improved=0
INFO | Train - Loss (last batch): 0.84422
INFO | Val - Loss, MSE, MAE: 1.26170, 1.26170, 0.52902
INFO | Test - Best epoch, Loss, MSE, MAE: 7, 0.66491, 0.66491, 0.36446
INFO | Test - Points (EXACT): total_masked=633328 correct=22206 right_rate=3.5062%
INFO | - Epoch 028, ExpID 97862 best_epoch=7 improved=0
INFO | Train - Loss (last batch): 0.77099
INFO | Val - Loss, MSE, MAE: 1.26161, 1.26161, 0.53679
INFO | Test - Best epoch, Loss, MSE, MAE: 7, 0.66491, 0.66491, 0.36446
INFO | Test - Points (EXACT): total_masked=633328 correct=22206 right_rate=3.5062%
INFO | - Epoch 029, ExpID 97862 best_epoch=7 improved=0
INFO | Train - Loss (last batch): 0.85244
INFO | Val - Loss, MSE, MAE: 1.26212, 1.26212, 0.52753
INFO | Test - Best epoch, Loss, MSE, MAE: 7, 0.66491, 0.66491, 0.36446
INFO | Test - Points (EXACT): total_masked=633328 correct=22206 right_rate=3.5062%
INFO | - Epoch 030, ExpID 97862 best_epoch=7 improved=0
INFO | Train - Loss (last batch): 0.77056
INFO | Val - Loss, MSE, MAE: 1.26255, 1.26255, 0.51918
INFO | Test - Best epoch, Loss, MSE, MAE: 7, 0.66491, 0.66491, 0.36446
INFO | Test - Points (EXACT): total_masked=633328 correct=22206 right_rate=3.5062%
INFO | - Epoch 031, ExpID 97862 best_epoch=7 improved=0
INFO | Train - Loss (last batch): 0.79486
INFO | Val - Loss, MSE, MAE: 1.26290, 1.26290, 0.51805
INFO | Test - Best epoch, Loss, MSE, MAE: 7, 0.66491, 0.66491, 0.36446
INFO | Test - Points (EXACT): total_masked=633328 correct=22206 right_rate=3.5062%
INFO | - Epoch 032, ExpID 97862 best_epoch=7 improved=0
INFO | Train - Loss (last batch): 0.75357
INFO | Val - Loss, MSE, MAE: 1.26225, 1.26225, 0.52819
INFO | Test - Best epoch, Loss, MSE, MAE: 7, 0.66491, 0.66491, 0.36446
INFO | Test - Points (EXACT): total_masked=633328 correct=22206 right_rate=3.5062%
INFO | - Epoch 033, ExpID 97862 best_epoch=7 improved=0
INFO | Train - Loss (last batch): 1.01887
INFO | Val - Loss, MSE, MAE: 1.26252, 1.26252, 0.52326
INFO | Test - Best epoch, Loss, MSE, MAE: 7, 0.66491, 0.66491, 0.36446
INFO | Test - Points (EXACT): total_masked=633328 correct=22206 right_rate=3.5062%
INFO | - Epoch 034, ExpID 97862 best_epoch=7 improved=0
INFO | Train - Loss (last batch): 0.83335
INFO | Val - Loss, MSE, MAE: 1.26261, 1.26261, 0.51919
INFO | Test - Best epoch, Loss, MSE, MAE: 7, 0.66491, 0.66491, 0.36446
INFO | Test - Points (EXACT): total_masked=633328 correct=22206 right_rate=3.5062%
INFO | - Epoch 035, ExpID 97862 best_epoch=7 improved=0
INFO | Train - Loss (last batch): 0.83253
INFO | Val - Loss, MSE, MAE: 1.26262, 1.26262, 0.51470
INFO | Test - Best epoch, Loss, MSE, MAE: 7, 0.66491, 0.66491, 0.36446
INFO | Test - Points (EXACT): total_masked=633328 correct=22206 right_rate=3.5062%
INFO | - Epoch 036, ExpID 97862 best_epoch=7 improved=0
INFO | Train - Loss (last batch): 0.88277
INFO | Val - Loss, MSE, MAE: 1.26290, 1.26290, 0.51815
INFO | Test - Best epoch, Loss, MSE, MAE: 7, 0.66491, 0.66491, 0.36446
INFO | Test - Points (EXACT): total_masked=633328 correct=22206 right_rate=3.5062%
INFO | - Epoch 037, ExpID 97862 best_epoch=7 improved=0
INFO | Train - Loss (last batch): 0.97786
INFO | Val - Loss, MSE, MAE: 1.26175, 1.26175, 0.53031
INFO | Test - Best epoch, Loss, MSE, MAE: 7, 0.66491, 0.66491, 0.36446
INFO | Test - Points (EXACT): total_masked=633328 correct=22206 right_rate=3.5062%
