INFO | TOP_ERR | split=test epoch=0 rank=1/10 b=191 t=23 var_idx=1 tp=1.136000 y_true=8.633243 y_pred=0.095931 diff=-8.537311 abs_err=8.537312
INFO | TOP_ERR | split=test epoch=0 rank=2/10 b=185 t=23 var_idx=1 tp=1.136000 y_true=8.633243 y_pred=0.217556 diff=-8.415687 abs_err=8.415687
INFO | TOP_ERR | split=test epoch=0 rank=3/10 b=189 t=23 var_idx=1 tp=1.136000 y_true=8.633243 y_pred=0.217556 diff=-8.415687 abs_err=8.415687
INFO | TOP_ERR | split=test epoch=0 rank=4/10 b=188 t=23 var_idx=1 tp=1.136000 y_true=8.633243 y_pred=0.217556 diff=-8.415687 abs_err=8.415687
INFO | TOP_ERR | split=test epoch=0 rank=5/10 b=187 t=23 var_idx=1 tp=1.136000 y_true=8.633243 y_pred=0.217556 diff=-8.415687 abs_err=8.415687
INFO | TOP_ERR | split=test epoch=0 rank=6/10 b=184 t=23 var_idx=1 tp=1.136000 y_true=8.633243 y_pred=0.217556 diff=-8.415687 abs_err=8.415687
INFO | TOP_ERR | split=test epoch=0 rank=7/10 b=186 t=23 var_idx=1 tp=1.136000 y_true=8.633243 y_pred=0.217556 diff=-8.415687 abs_err=8.415687
INFO | TOP_ERR | split=test epoch=0 rank=8/10 b=190 t=23 var_idx=1 tp=1.136000 y_true=8.633243 y_pred=0.248205 diff=-8.385037 abs_err=8.385037
INFO | TOP_ERR | split=test epoch=0 rank=9/10 b=183 t=23 var_idx=1 tp=1.136000 y_true=8.633243 y_pred=0.250648 diff=-8.382595 abs_err=8.382595
INFO | TOP_ERR | split=test epoch=0 rank=10/10 b=182 t=23 var_idx=1 tp=1.136000 y_true=8.633243 y_pred=0.251437 diff=-8.381805 abs_err=8.381805
INFO | TOP_BEST | split=test epoch=0 rank=1/3 b=53 t=32 var_idx=3 tp=1.183000 y_true=-0.588087 y_pred=-0.588086 diff=0.000000 abs_err=0.000000
INFO | TOP_BEST | split=test epoch=0 rank=2/3 b=42 t=19 var_idx=2 tp=1.099000 y_true=-0.173762 y_pred=-0.173759 diff=0.000003 abs_err=0.000003
INFO | TOP_BEST | split=test epoch=0 rank=3/3 b=110 t=22 var_idx=2 tp=1.154000 y_true=-0.173762 y_pred=-0.173757 diff=0.000005 abs_err=0.000005
INFO | TOP_OK | split=test epoch=0 none_found (no exact matches)
INFO | TOP_ERR | split=test epoch=1 rank=1/10 b=191 t=23 var_idx=1 tp=1.136000 y_true=8.633243 y_pred=0.016264 diff=-8.616979 abs_err=8.616979
INFO | TOP_ERR | split=test epoch=1 rank=2/10 b=185 t=23 var_idx=1 tp=1.136000 y_true=8.633243 y_pred=0.110991 diff=-8.522252 abs_err=8.522252
INFO | TOP_ERR | split=test epoch=1 rank=3/10 b=189 t=23 var_idx=1 tp=1.136000 y_true=8.633243 y_pred=0.110991 diff=-8.522252 abs_err=8.522252
INFO | TOP_ERR | split=test epoch=1 rank=4/10 b=188 t=23 var_idx=1 tp=1.136000 y_true=8.633243 y_pred=0.110991 diff=-8.522252 abs_err=8.522252
INFO | TOP_ERR | split=test epoch=1 rank=5/10 b=187 t=23 var_idx=1 tp=1.136000 y_true=8.633243 y_pred=0.110991 diff=-8.522252 abs_err=8.522252
INFO | TOP_ERR | split=test epoch=1 rank=6/10 b=184 t=23 var_idx=1 tp=1.136000 y_true=8.633243 y_pred=0.110991 diff=-8.522252 abs_err=8.522252
INFO | TOP_ERR | split=test epoch=1 rank=7/10 b=186 t=23 var_idx=1 tp=1.136000 y_true=8.633243 y_pred=0.110991 diff=-8.522252 abs_err=8.522252
INFO | TOP_ERR | split=test epoch=1 rank=8/10 b=190 t=23 var_idx=1 tp=1.136000 y_true=8.633243 y_pred=0.141811 diff=-8.491432 abs_err=8.491432
INFO | TOP_ERR | split=test epoch=1 rank=9/10 b=183 t=23 var_idx=1 tp=1.136000 y_true=8.633243 y_pred=0.149381 diff=-8.483862 abs_err=8.483862
INFO | TOP_ERR | split=test epoch=1 rank=10/10 b=182 t=23 var_idx=1 tp=1.136000 y_true=8.633243 y_pred=0.156768 diff=-8.476475 abs_err=8.476475
INFO | TOP_BEST | split=test epoch=1 rank=1/3 b=43 t=14 var_idx=2 tp=1.067000 y_true=-0.173762 y_pred=-0.173781 diff=-0.000019 abs_err=0.000019
INFO | TOP_BEST | split=test epoch=1 rank=2/3 b=19 t=96 var_idx=2 tp=1.596000 y_true=-0.173762 y_pred=-0.173741 diff=0.000021 abs_err=0.000021
INFO | TOP_BEST | split=test epoch=1 rank=3/3 b=118 t=52 var_idx=2 tp=1.361000 y_true=-0.173762 y_pred=-0.173734 diff=0.000028 abs_err=0.000028
INFO | TOP_OK | split=test epoch=1 none_found (no exact matches)
INFO | TOP_ERR | split=test epoch=2 rank=1/10 b=191 t=23 var_idx=1 tp=1.136000 y_true=8.633243 y_pred=0.077268 diff=-8.555974 abs_err=8.555974
INFO | TOP_ERR | split=test epoch=2 rank=2/10 b=185 t=23 var_idx=1 tp=1.136000 y_true=8.633243 y_pred=0.340266 diff=-8.292976 abs_err=8.292976
INFO | TOP_ERR | split=test epoch=2 rank=3/10 b=189 t=23 var_idx=1 tp=1.136000 y_true=8.633243 y_pred=0.340266 diff=-8.292976 abs_err=8.292976
INFO | TOP_ERR | split=test epoch=2 rank=4/10 b=188 t=23 var_idx=1 tp=1.136000 y_true=8.633243 y_pred=0.340266 diff=-8.292976 abs_err=8.292976
INFO | TOP_ERR | split=test epoch=2 rank=5/10 b=187 t=23 var_idx=1 tp=1.136000 y_true=8.633243 y_pred=0.340266 diff=-8.292976 abs_err=8.292976
INFO | TOP_ERR | split=test epoch=2 rank=6/10 b=184 t=23 var_idx=1 tp=1.136000 y_true=8.633243 y_pred=0.340266 diff=-8.292976 abs_err=8.292976
INFO | TOP_ERR | split=test epoch=2 rank=7/10 b=186 t=23 var_idx=1 tp=1.136000 y_true=8.633243 y_pred=0.340266 diff=-8.292976 abs_err=8.292976
INFO | TOP_ERR | split=test epoch=2 rank=8/10 b=190 t=23 var_idx=1 tp=1.136000 y_true=8.633243 y_pred=0.413235 diff=-8.220007 abs_err=8.220007
INFO | TOP_ERR | split=test epoch=2 rank=9/10 b=183 t=23 var_idx=1 tp=1.136000 y_true=8.633243 y_pred=0.485059 diff=-8.148184 abs_err=8.148184
INFO | TOP_ERR | split=test epoch=2 rank=10/10 b=182 t=23 var_idx=1 tp=1.136000 y_true=8.633243 y_pred=0.495068 diff=-8.138174 abs_err=8.138174
INFO | TOP_BEST | split=test epoch=2 rank=1/3 b=21 t=45 var_idx=2 tp=1.316000 y_true=-0.173762 y_pred=-0.173694 diff=0.000068 abs_err=0.000068
INFO | TOP_BEST | split=test epoch=2 rank=2/3 b=140 t=47 var_idx=4 tp=1.418000 y_true=-0.063574 y_pred=-0.063667 diff=-0.000093 abs_err=0.000093
INFO | TOP_BEST | split=test epoch=2 rank=3/3 b=21 t=46 var_idx=2 tp=1.318000 y_true=-0.173762 y_pred=-0.173629 diff=0.000133 abs_err=0.000133
INFO | TOP_OK | split=test epoch=2 none_found (no exact matches)
INFO | TOP_ERR | split=test epoch=3 rank=1/10 b=191 t=23 var_idx=1 tp=1.136000 y_true=8.633243 y_pred=0.139156 diff=-8.494087 abs_err=8.494086
INFO | TOP_ERR | split=test epoch=3 rank=2/10 b=185 t=23 var_idx=1 tp=1.136000 y_true=8.633243 y_pred=0.238151 diff=-8.395091 abs_err=8.395091
INFO | TOP_ERR | split=test epoch=3 rank=3/10 b=189 t=23 var_idx=1 tp=1.136000 y_true=8.633243 y_pred=0.238151 diff=-8.395091 abs_err=8.395091
INFO | TOP_ERR | split=test epoch=3 rank=4/10 b=188 t=23 var_idx=1 tp=1.136000 y_true=8.633243 y_pred=0.238151 diff=-8.395091 abs_err=8.395091
INFO | TOP_ERR | split=test epoch=3 rank=5/10 b=187 t=23 var_idx=1 tp=1.136000 y_true=8.633243 y_pred=0.238151 diff=-8.395091 abs_err=8.395091
INFO | TOP_ERR | split=test epoch=3 rank=6/10 b=184 t=23 var_idx=1 tp=1.136000 y_true=8.633243 y_pred=0.238151 diff=-8.395091 abs_err=8.395091
INFO | TOP_ERR | split=test epoch=3 rank=7/10 b=186 t=23 var_idx=1 tp=1.136000 y_true=8.633243 y_pred=0.238151 diff=-8.395091 abs_err=8.395091
INFO | TOP_ERR | split=test epoch=3 rank=8/10 b=190 t=23 var_idx=1 tp=1.136000 y_true=8.633243 y_pred=0.277285 diff=-8.355958 abs_err=8.355957
INFO | TOP_ERR | split=test epoch=3 rank=9/10 b=183 t=23 var_idx=1 tp=1.136000 y_true=8.633243 y_pred=0.381194 diff=-8.252049 abs_err=8.252048
INFO | TOP_ERR | split=test epoch=3 rank=10/10 b=182 t=23 var_idx=1 tp=1.136000 y_true=8.633243 y_pred=0.390586 diff=-8.242657 abs_err=8.242657
INFO | TOP_BEST | split=test epoch=3 rank=1/3 b=6 t=28 var_idx=2 tp=1.226000 y_true=-0.173762 y_pred=-0.173774 diff=-0.000012 abs_err=0.000012
INFO | TOP_BEST | split=test epoch=3 rank=2/3 b=185 t=13 var_idx=4 tp=1.081000 y_true=-0.794022 y_pred=-0.793972 diff=0.000051 abs_err=0.000051
INFO | TOP_BEST | split=test epoch=3 rank=3/3 b=184 t=13 var_idx=4 tp=1.081000 y_true=-0.794022 y_pred=-0.793972 diff=0.000051 abs_err=0.000051
INFO | TOP_OK | split=test epoch=3 none_found (no exact matches)
INFO | TOP_ERR | split=test epoch=4 rank=1/10 b=191 t=23 var_idx=1 tp=1.136000 y_true=8.633243 y_pred=0.253019 diff=-8.380224 abs_err=8.380224
INFO | TOP_ERR | split=test epoch=4 rank=2/10 b=185 t=23 var_idx=1 tp=1.136000 y_true=8.633243 y_pred=0.333177 diff=-8.300066 abs_err=8.300066
INFO | TOP_ERR | split=test epoch=4 rank=3/10 b=189 t=23 var_idx=1 tp=1.136000 y_true=8.633243 y_pred=0.333177 diff=-8.300066 abs_err=8.300066
INFO | TOP_ERR | split=test epoch=4 rank=4/10 b=188 t=23 var_idx=1 tp=1.136000 y_true=8.633243 y_pred=0.333177 diff=-8.300066 abs_err=8.300066
INFO | TOP_ERR | split=test epoch=4 rank=5/10 b=187 t=23 var_idx=1 tp=1.136000 y_true=8.633243 y_pred=0.333177 diff=-8.300066 abs_err=8.300066
INFO | TOP_ERR | split=test epoch=4 rank=6/10 b=184 t=23 var_idx=1 tp=1.136000 y_true=8.633243 y_pred=0.333177 diff=-8.300066 abs_err=8.300066
INFO | TOP_ERR | split=test epoch=4 rank=7/10 b=186 t=23 var_idx=1 tp=1.136000 y_true=8.633243 y_pred=0.333177 diff=-8.300066 abs_err=8.300066
INFO | TOP_ERR | split=test epoch=4 rank=8/10 b=190 t=23 var_idx=1 tp=1.136000 y_true=8.633243 y_pred=0.359777 diff=-8.273466 abs_err=8.273465
INFO | TOP_ERR | split=test epoch=4 rank=9/10 b=183 t=23 var_idx=1 tp=1.136000 y_true=8.633243 y_pred=0.620665 diff=-8.012578 abs_err=8.012578
INFO | TOP_ERR | split=test epoch=4 rank=10/10 b=182 t=23 var_idx=1 tp=1.136000 y_true=8.633243 y_pred=0.639878 diff=-7.993365 abs_err=7.993365
INFO | TOP_BEST | split=test epoch=4 rank=1/3 b=170 t=15 var_idx=3 tp=1.109000 y_true=-1.638358 y_pred=-1.638201 diff=0.000157 abs_err=0.000157
INFO | TOP_BEST | split=test epoch=4 rank=2/3 b=115 t=125 var_idx=2 tp=1.788000 y_true=-0.173762 y_pred=-0.173577 diff=0.000185 abs_err=0.000185
INFO | TOP_BEST | split=test epoch=4 rank=3/3 b=17 t=114 var_idx=2 tp=1.741000 y_true=-0.173762 y_pred=-0.174065 diff=-0.000302 abs_err=0.000302
INFO | TOP_OK | split=test epoch=4 none_found (no exact matches)
INFO | TOP_ERR | split=test epoch=5 rank=1/10 b=191 t=23 var_idx=1 tp=1.136000 y_true=8.633243 y_pred=0.156932 diff=-8.476311 abs_err=8.476311
INFO | TOP_ERR | split=test epoch=5 rank=2/10 b=185 t=23 var_idx=1 tp=1.136000 y_true=8.633243 y_pred=0.380974 diff=-8.252268 abs_err=8.252269
INFO | TOP_ERR | split=test epoch=5 rank=3/10 b=189 t=23 var_idx=1 tp=1.136000 y_true=8.633243 y_pred=0.380974 diff=-8.252268 abs_err=8.252269
INFO | TOP_ERR | split=test epoch=5 rank=4/10 b=188 t=23 var_idx=1 tp=1.136000 y_true=8.633243 y_pred=0.380974 diff=-8.252268 abs_err=8.252269
INFO | TOP_ERR | split=test epoch=5 rank=5/10 b=187 t=23 var_idx=1 tp=1.136000 y_true=8.633243 y_pred=0.380974 diff=-8.252268 abs_err=8.252269
INFO | TOP_ERR | split=test epoch=5 rank=6/10 b=184 t=23 var_idx=1 tp=1.136000 y_true=8.633243 y_pred=0.380974 diff=-8.252268 abs_err=8.252269
INFO | TOP_ERR | split=test epoch=5 rank=7/10 b=186 t=23 var_idx=1 tp=1.136000 y_true=8.633243 y_pred=0.380974 diff=-8.252268 abs_err=8.252269
INFO | TOP_ERR | split=test epoch=5 rank=8/10 b=190 t=23 var_idx=1 tp=1.136000 y_true=8.633243 y_pred=0.406333 diff=-8.226910 abs_err=8.226910
INFO | TOP_ERR | split=test epoch=5 rank=9/10 b=179 t=23 var_idx=1 tp=1.136000 y_true=8.633243 y_pred=0.679125 diff=-7.954118 abs_err=7.954118
INFO | TOP_ERR | split=test epoch=5 rank=10/10 b=183 t=23 var_idx=1 tp=1.136000 y_true=8.633243 y_pred=0.712791 diff=-7.920451 abs_err=7.920451
INFO | TOP_BEST | split=test epoch=5 rank=1/3 b=16 t=113 var_idx=1 tp=1.707000 y_true=-0.127970 y_pred=-0.127989 diff=-0.000019 abs_err=0.000019
INFO | TOP_BEST | split=test epoch=5 rank=2/3 b=21 t=132 var_idx=2 tp=1.818000 y_true=-0.173762 y_pred=-0.173733 diff=0.000029 abs_err=0.000029
INFO | TOP_BEST | split=test epoch=5 rank=3/3 b=19 t=105 var_idx=0 tp=1.662000 y_true=-0.035722 y_pred=-0.035624 diff=0.000098 abs_err=0.000098
INFO | TOP_OK | split=test epoch=5 none_found (no exact matches)
INFO | TOP_ERR | split=test epoch=6 rank=1/10 b=191 t=23 var_idx=1 tp=1.136000 y_true=8.633243 y_pred=0.200508 diff=-8.432735 abs_err=8.432734
INFO | TOP_ERR | split=test epoch=6 rank=2/10 b=185 t=23 var_idx=1 tp=1.136000 y_true=8.633243 y_pred=0.393812 diff=-8.239431 abs_err=8.239430
INFO | TOP_ERR | split=test epoch=6 rank=3/10 b=189 t=23 var_idx=1 tp=1.136000 y_true=8.633243 y_pred=0.393812 diff=-8.239431 abs_err=8.239430
INFO | TOP_ERR | split=test epoch=6 rank=4/10 b=188 t=23 var_idx=1 tp=1.136000 y_true=8.633243 y_pred=0.393812 diff=-8.239431 abs_err=8.239430
INFO | TOP_ERR | split=test epoch=6 rank=5/10 b=187 t=23 var_idx=1 tp=1.136000 y_true=8.633243 y_pred=0.393812 diff=-8.239431 abs_err=8.239430
INFO | TOP_ERR | split=test epoch=6 rank=6/10 b=184 t=23 var_idx=1 tp=1.136000 y_true=8.633243 y_pred=0.393812 diff=-8.239431 abs_err=8.239430
INFO | TOP_ERR | split=test epoch=6 rank=7/10 b=186 t=23 var_idx=1 tp=1.136000 y_true=8.633243 y_pred=0.393812 diff=-8.239431 abs_err=8.239430
INFO | TOP_ERR | split=test epoch=6 rank=8/10 b=190 t=23 var_idx=1 tp=1.136000 y_true=8.633243 y_pred=0.412495 diff=-8.220747 abs_err=8.220747
INFO | TOP_ERR | split=test epoch=6 rank=9/10 b=174 t=23 var_idx=1 tp=1.136000 y_true=8.633243 y_pred=0.474788 diff=-8.158455 abs_err=8.158455
INFO | TOP_ERR | split=test epoch=6 rank=10/10 b=175 t=23 var_idx=1 tp=1.136000 y_true=8.633243 y_pred=0.494117 diff=-8.139126 abs_err=8.139126
INFO | TOP_BEST | split=test epoch=6 rank=1/3 b=41 t=56 var_idx=1 tp=1.303000 y_true=-0.127970 y_pred=-0.127975 diff=-0.000005 abs_err=0.000005
INFO | TOP_BEST | split=test epoch=6 rank=2/3 b=4 t=6 var_idx=2 tp=1.055000 y_true=-0.173762 y_pred=-0.173798 diff=-0.000036 abs_err=0.000036
INFO | TOP_BEST | split=test epoch=6 rank=3/3 b=44 t=31 var_idx=1 tp=1.193000 y_true=-0.127970 y_pred=-0.128019 diff=-0.000049 abs_err=0.000049
INFO | TOP_OK | split=test epoch=6 none_found (no exact matches)
INFO | TOP_ERR | split=test epoch=7 rank=1/10 b=191 t=23 var_idx=1 tp=1.136000 y_true=8.633243 y_pred=0.012441 diff=-8.620801 abs_err=8.620801
INFO | TOP_ERR | split=test epoch=7 rank=2/10 b=190 t=23 var_idx=1 tp=1.136000 y_true=8.633243 y_pred=0.192894 diff=-8.440349 abs_err=8.440349
INFO | TOP_ERR | split=test epoch=7 rank=3/10 b=185 t=23 var_idx=1 tp=1.136000 y_true=8.633243 y_pred=0.254744 diff=-8.378498 abs_err=8.378498
INFO | TOP_ERR | split=test epoch=7 rank=4/10 b=189 t=23 var_idx=1 tp=1.136000 y_true=8.633243 y_pred=0.254744 diff=-8.378498 abs_err=8.378498
INFO | TOP_ERR | split=test epoch=7 rank=5/10 b=186 t=23 var_idx=1 tp=1.136000 y_true=8.633243 y_pred=0.254744 diff=-8.378498 abs_err=8.378498
INFO | TOP_ERR | split=test epoch=7 rank=6/10 b=184 t=23 var_idx=1 tp=1.136000 y_true=8.633243 y_pred=0.254744 diff=-8.378498 abs_err=8.378498
INFO | TOP_ERR | split=test epoch=7 rank=7/10 b=187 t=23 var_idx=1 tp=1.136000 y_true=8.633243 y_pred=0.254744 diff=-8.378498 abs_err=8.378498
INFO | TOP_ERR | split=test epoch=7 rank=8/10 b=188 t=23 var_idx=1 tp=1.136000 y_true=8.633243 y_pred=0.254744 diff=-8.378498 abs_err=8.378498
INFO | TOP_ERR | split=test epoch=7 rank=9/10 b=175 t=23 var_idx=1 tp=1.136000 y_true=8.633243 y_pred=0.266083 diff=-8.367160 abs_err=8.367160
INFO | TOP_ERR | split=test epoch=7 rank=10/10 b=174 t=23 var_idx=1 tp=1.136000 y_true=8.633243 y_pred=0.272802 diff=-8.360440 abs_err=8.360440
INFO | TOP_BEST | split=test epoch=7 rank=1/3 b=119 t=78 var_idx=2 tp=1.495000 y_true=-0.173762 y_pred=-0.173748 diff=0.000014 abs_err=0.000014
INFO | TOP_BEST | split=test epoch=7 rank=2/3 b=160 t=8 var_idx=3 tp=1.062000 y_true=-1.208702 y_pred=-1.208744 diff=-0.000042 abs_err=0.000042
INFO | TOP_BEST | split=test epoch=7 rank=3/3 b=103 t=34 var_idx=2 tp=1.235000 y_true=-0.173762 y_pred=-0.173712 diff=0.000050 abs_err=0.000050
INFO | TOP_OK | split=test epoch=7 none_found (no exact matches)
INFO | TOP_ERR | split=test epoch=8 rank=1/10 b=191 t=23 var_idx=1 tp=1.136000 y_true=8.633243 y_pred=0.207500 diff=-8.425743 abs_err=8.425743
INFO | TOP_ERR | split=test epoch=8 rank=2/10 b=190 t=23 var_idx=1 tp=1.136000 y_true=8.633243 y_pred=0.283263 diff=-8.349980 abs_err=8.349979
INFO | TOP_ERR | split=test epoch=8 rank=3/10 b=185 t=23 var_idx=1 tp=1.136000 y_true=8.633243 y_pred=0.351970 diff=-8.281273 abs_err=8.281273
INFO | TOP_ERR | split=test epoch=8 rank=4/10 b=189 t=23 var_idx=1 tp=1.136000 y_true=8.633243 y_pred=0.351970 diff=-8.281273 abs_err=8.281273
INFO | TOP_ERR | split=test epoch=8 rank=5/10 b=186 t=23 var_idx=1 tp=1.136000 y_true=8.633243 y_pred=0.351970 diff=-8.281273 abs_err=8.281273
INFO | TOP_ERR | split=test epoch=8 rank=6/10 b=184 t=23 var_idx=1 tp=1.136000 y_true=8.633243 y_pred=0.351970 diff=-8.281273 abs_err=8.281273
INFO | TOP_ERR | split=test epoch=8 rank=7/10 b=187 t=23 var_idx=1 tp=1.136000 y_true=8.633243 y_pred=0.351970 diff=-8.281273 abs_err=8.281273
INFO | TOP_ERR | split=test epoch=8 rank=8/10 b=188 t=23 var_idx=1 tp=1.136000 y_true=8.633243 y_pred=0.351970 diff=-8.281273 abs_err=8.281273
INFO | TOP_ERR | split=test epoch=8 rank=9/10 b=175 t=23 var_idx=1 tp=1.136000 y_true=8.633243 y_pred=0.583007 diff=-8.050235 abs_err=8.050236
INFO | TOP_ERR | split=test epoch=8 rank=10/10 b=174 t=23 var_idx=1 tp=1.136000 y_true=8.633243 y_pred=0.584401 diff=-8.048841 abs_err=8.048841
INFO | TOP_BEST | split=test epoch=8 rank=1/3 b=59 t=34 var_idx=1 tp=1.188000 y_true=-0.127970 y_pred=-0.127972 diff=-0.000002 abs_err=0.000002
INFO | TOP_BEST | split=test epoch=8 rank=2/3 b=12 t=47 var_idx=1 tp=1.324000 y_true=-0.127970 y_pred=-0.127949 diff=0.000022 abs_err=0.000022
INFO | TOP_BEST | split=test epoch=8 rank=3/3 b=139 t=68 var_idx=4 tp=1.550000 y_true=-0.637498 y_pred=-0.637421 diff=0.000077 abs_err=0.000077
INFO | TOP_OK | split=test epoch=8 none_found (no exact matches)
INFO | TOP_ERR | split=test epoch=9 rank=1/10 b=190 t=23 var_idx=1 tp=1.136000 y_true=8.633243 y_pred=0.369499 diff=-8.263743 abs_err=8.263743
INFO | TOP_ERR | split=test epoch=9 rank=2/10 b=191 t=23 var_idx=1 tp=1.136000 y_true=8.633243 y_pred=0.379377 diff=-8.253865 abs_err=8.253865
INFO | TOP_ERR | split=test epoch=9 rank=3/10 b=174 t=23 var_idx=1 tp=1.136000 y_true=8.633243 y_pred=0.379653 diff=-8.253590 abs_err=8.253590
INFO | TOP_ERR | split=test epoch=9 rank=4/10 b=175 t=23 var_idx=1 tp=1.136000 y_true=8.633243 y_pred=0.397986 diff=-8.235257 abs_err=8.235257
INFO | TOP_ERR | split=test epoch=9 rank=5/10 b=187 t=23 var_idx=1 tp=1.136000 y_true=8.633243 y_pred=0.424382 diff=-8.208860 abs_err=8.208860
INFO | TOP_ERR | split=test epoch=9 rank=6/10 b=186 t=23 var_idx=1 tp=1.136000 y_true=8.633243 y_pred=0.424382 diff=-8.208860 abs_err=8.208860
INFO | TOP_ERR | split=test epoch=9 rank=7/10 b=188 t=23 var_idx=1 tp=1.136000 y_true=8.633243 y_pred=0.424382 diff=-8.208860 abs_err=8.208860
INFO | TOP_ERR | split=test epoch=9 rank=8/10 b=189 t=23 var_idx=1 tp=1.136000 y_true=8.633243 y_pred=0.424382 diff=-8.208860 abs_err=8.208860
INFO | TOP_ERR | split=test epoch=9 rank=9/10 b=184 t=23 var_idx=1 tp=1.136000 y_true=8.633243 y_pred=0.424382 diff=-8.208860 abs_err=8.208860
INFO | TOP_ERR | split=test epoch=9 rank=10/10 b=185 t=23 var_idx=1 tp=1.136000 y_true=8.633243 y_pred=0.424382 diff=-8.208860 abs_err=8.208860
INFO | TOP_BEST | split=test epoch=9 rank=1/3 b=167 t=26 var_idx=0 tp=1.166000 y_true=-0.035722 y_pred=-0.035721 diff=0.000000 abs_err=0.000000
INFO | TOP_BEST | split=test epoch=9 rank=2/3 b=165 t=43 var_idx=2 tp=1.258000 y_true=-0.173762 y_pred=-0.173783 diff=-0.000021 abs_err=0.000021
INFO | TOP_BEST | split=test epoch=9 rank=3/3 b=151 t=35 var_idx=1 tp=1.211000 y_true=-0.127970 y_pred=-0.127995 diff=-0.000025 abs_err=0.000025
INFO | TOP_OK | split=test epoch=9 none_found (no exact matches)
INFO | TOP_ERR | split=test epoch=11 rank=1/10 b=174 t=23 var_idx=1 tp=1.136000 y_true=8.633243 y_pred=0.240149 diff=-8.393093 abs_err=8.393093
INFO | TOP_ERR | split=test epoch=11 rank=2/10 b=191 t=23 var_idx=1 tp=1.136000 y_true=8.633243 y_pred=0.242093 diff=-8.391150 abs_err=8.391150
INFO | TOP_ERR | split=test epoch=11 rank=3/10 b=173 t=23 var_idx=1 tp=1.136000 y_true=8.633243 y_pred=0.282652 diff=-8.350591 abs_err=8.350591
INFO | TOP_ERR | split=test epoch=11 rank=4/10 b=175 t=23 var_idx=1 tp=1.136000 y_true=8.633243 y_pred=0.295133 diff=-8.338109 abs_err=8.338109
INFO | TOP_ERR | split=test epoch=11 rank=5/10 b=176 t=23 var_idx=1 tp=1.136000 y_true=8.633243 y_pred=0.353337 diff=-8.279906 abs_err=8.279906
INFO | TOP_ERR | split=test epoch=11 rank=6/10 b=171 t=23 var_idx=1 tp=1.136000 y_true=8.633243 y_pred=0.354135 diff=-8.279108 abs_err=8.279108
INFO | TOP_ERR | split=test epoch=11 rank=7/10 b=181 t=23 var_idx=1 tp=1.136000 y_true=8.633243 y_pred=0.372185 diff=-8.261057 abs_err=8.261057
INFO | TOP_ERR | split=test epoch=11 rank=8/10 b=180 t=23 var_idx=1 tp=1.136000 y_true=8.633243 y_pred=0.374947 diff=-8.258296 abs_err=8.258296
INFO | TOP_ERR | split=test epoch=11 rank=9/10 b=177 t=23 var_idx=1 tp=1.136000 y_true=8.633243 y_pred=0.403513 diff=-8.229730 abs_err=8.229730
INFO | TOP_ERR | split=test epoch=11 rank=10/10 b=190 t=23 var_idx=1 tp=1.136000 y_true=8.633243 y_pred=0.426649 diff=-8.206594 abs_err=8.206594
INFO | TOP_BEST | split=test epoch=11 rank=1/3 b=45 t=92 var_idx=2 tp=1.458000 y_true=-0.173762 y_pred=-0.173765 diff=-0.000003 abs_err=0.000003
INFO | TOP_BEST | split=test epoch=11 rank=2/3 b=37 t=100 var_idx=2 tp=1.498000 y_true=-0.173762 y_pred=-0.173790 diff=-0.000028 abs_err=0.000028
INFO | TOP_BEST | split=test epoch=11 rank=3/3 b=34 t=28 var_idx=1 tp=1.175000 y_true=-0.127970 y_pred=-0.128032 diff=-0.000062 abs_err=0.000062
INFO | TOP_OK | split=test epoch=11 none_found (no exact matches)
INFO | TOP_ERR | split=test epoch=14 rank=1/10 b=191 t=23 var_idx=1 tp=1.136000 y_true=8.633243 y_pred=0.438113 diff=-8.195130 abs_err=8.195129
INFO | TOP_ERR | split=test epoch=14 rank=2/10 b=190 t=23 var_idx=1 tp=1.136000 y_true=8.633243 y_pred=0.469414 diff=-8.163829 abs_err=8.163829
INFO | TOP_ERR | split=test epoch=14 rank=3/10 b=185 t=23 var_idx=1 tp=1.136000 y_true=8.633243 y_pred=0.487015 diff=-8.146228 abs_err=8.146228
INFO | TOP_ERR | split=test epoch=14 rank=4/10 b=189 t=23 var_idx=1 tp=1.136000 y_true=8.633243 y_pred=0.487015 diff=-8.146228 abs_err=8.146228
INFO | TOP_ERR | split=test epoch=14 rank=5/10 b=186 t=23 var_idx=1 tp=1.136000 y_true=8.633243 y_pred=0.487015 diff=-8.146228 abs_err=8.146228
INFO | TOP_ERR | split=test epoch=14 rank=6/10 b=184 t=23 var_idx=1 tp=1.136000 y_true=8.633243 y_pred=0.487015 diff=-8.146228 abs_err=8.146228
INFO | TOP_ERR | split=test epoch=14 rank=7/10 b=187 t=23 var_idx=1 tp=1.136000 y_true=8.633243 y_pred=0.487015 diff=-8.146228 abs_err=8.146228
INFO | TOP_ERR | split=test epoch=14 rank=8/10 b=188 t=23 var_idx=1 tp=1.136000 y_true=8.633243 y_pred=0.487015 diff=-8.146228 abs_err=8.146228
INFO | TOP_ERR | split=test epoch=14 rank=9/10 b=183 t=23 var_idx=1 tp=1.136000 y_true=8.633243 y_pred=0.550184 diff=-8.083059 abs_err=8.083058
INFO | TOP_ERR | split=test epoch=14 rank=10/10 b=182 t=23 var_idx=1 tp=1.136000 y_true=8.633243 y_pred=0.616490 diff=-8.016752 abs_err=8.016752
INFO | TOP_BEST | split=test epoch=14 rank=1/3 b=150 t=36 var_idx=2 tp=1.216000 y_true=-0.173762 y_pred=-0.173774 diff=-0.000012 abs_err=0.000012
INFO | TOP_BEST | split=test epoch=14 rank=2/3 b=40 t=24 var_idx=4 tp=1.136000 y_true=-0.167924 y_pred=-0.167970 diff=-0.000046 abs_err=0.000046
INFO | TOP_BEST | split=test epoch=14 rank=3/3 b=133 t=38 var_idx=0 tp=1.332000 y_true=0.099268 y_pred=0.099324 diff=0.000056 abs_err=0.000056
INFO | TOP_OK | split=test epoch=14 none_found (no exact matches)
INFO | TOP_ERR | split=test epoch=15 rank=1/10 b=190 t=23 var_idx=1 tp=1.136000 y_true=8.633243 y_pred=0.280751 diff=-8.352492 abs_err=8.352491
INFO | TOP_ERR | split=test epoch=15 rank=2/10 b=186 t=23 var_idx=1 tp=1.136000 y_true=8.633243 y_pred=0.313182 diff=-8.320061 abs_err=8.320061
INFO | TOP_ERR | split=test epoch=15 rank=3/10 b=187 t=23 var_idx=1 tp=1.136000 y_true=8.633243 y_pred=0.313182 diff=-8.320061 abs_err=8.320061
INFO | TOP_ERR | split=test epoch=15 rank=4/10 b=185 t=23 var_idx=1 tp=1.136000 y_true=8.633243 y_pred=0.313182 diff=-8.320061 abs_err=8.320061
INFO | TOP_ERR | split=test epoch=15 rank=5/10 b=188 t=23 var_idx=1 tp=1.136000 y_true=8.633243 y_pred=0.313182 diff=-8.320061 abs_err=8.320061
INFO | TOP_ERR | split=test epoch=15 rank=6/10 b=184 t=23 var_idx=1 tp=1.136000 y_true=8.633243 y_pred=0.313182 diff=-8.320061 abs_err=8.320061
INFO | TOP_ERR | split=test epoch=15 rank=7/10 b=189 t=23 var_idx=1 tp=1.136000 y_true=8.633243 y_pred=0.313182 diff=-8.320061 abs_err=8.320061
INFO | TOP_ERR | split=test epoch=15 rank=8/10 b=191 t=23 var_idx=1 tp=1.136000 y_true=8.633243 y_pred=0.322505 diff=-8.310738 abs_err=8.310738
INFO | TOP_ERR | split=test epoch=15 rank=9/10 b=174 t=23 var_idx=1 tp=1.136000 y_true=8.633243 y_pred=0.408207 diff=-8.225036 abs_err=8.225036
INFO | TOP_ERR | split=test epoch=15 rank=10/10 b=173 t=23 var_idx=1 tp=1.136000 y_true=8.633243 y_pred=0.469767 diff=-8.163475 abs_err=8.163475
INFO | TOP_BEST | split=test epoch=15 rank=1/3 b=13 t=6 var_idx=2 tp=1.055000 y_true=-0.173762 y_pred=-0.173766 diff=-0.000004 abs_err=0.000004
INFO | TOP_BEST | split=test epoch=15 rank=2/3 b=118 t=59 var_idx=2 tp=1.397000 y_true=-0.173762 y_pred=-0.173753 diff=0.000009 abs_err=0.000009
INFO | TOP_BEST | split=test epoch=15 rank=3/3 b=17 t=31 var_idx=4 tp=1.248000 y_true=1.188623 y_pred=1.188603 diff=-0.000019 abs_err=0.000019
INFO | TOP_OK | split=test epoch=15 none_found (no exact matches)
INFO | TOP_ERR | split=test epoch=25 rank=1/10 b=181 t=23 var_idx=1 tp=1.136000 y_true=8.633243 y_pred=-0.056823 diff=-8.690066 abs_err=8.690065
INFO | TOP_ERR | split=test epoch=25 rank=2/10 b=180 t=23 var_idx=1 tp=1.136000 y_true=8.633243 y_pred=-0.040492 diff=-8.673735 abs_err=8.673735
INFO | TOP_ERR | split=test epoch=25 rank=3/10 b=179 t=23 var_idx=1 tp=1.136000 y_true=8.633243 y_pred=-0.001728 diff=-8.634971 abs_err=8.634971
INFO | TOP_ERR | split=test epoch=25 rank=4/10 b=191 t=23 var_idx=1 tp=1.136000 y_true=8.633243 y_pred=0.034617 diff=-8.598626 abs_err=8.598625
INFO | TOP_ERR | split=test epoch=25 rank=5/10 b=182 t=23 var_idx=1 tp=1.136000 y_true=8.633243 y_pred=0.043459 diff=-8.589784 abs_err=8.589784
INFO | TOP_ERR | split=test epoch=25 rank=6/10 b=173 t=23 var_idx=1 tp=1.136000 y_true=8.633243 y_pred=0.059141 diff=-8.574102 abs_err=8.574102
INFO | TOP_ERR | split=test epoch=25 rank=7/10 b=174 t=23 var_idx=1 tp=1.136000 y_true=8.633243 y_pred=0.069354 diff=-8.563889 abs_err=8.563889
INFO | TOP_ERR | split=test epoch=25 rank=8/10 b=172 t=23 var_idx=1 tp=1.136000 y_true=8.633243 y_pred=0.082514 diff=-8.550729 abs_err=8.550729
INFO | TOP_ERR | split=test epoch=25 rank=9/10 b=175 t=23 var_idx=1 tp=1.136000 y_true=8.633243 y_pred=0.087045 diff=-8.546198 abs_err=8.546198
INFO | TOP_ERR | split=test epoch=25 rank=10/10 b=171 t=23 var_idx=1 tp=1.136000 y_true=8.633243 y_pred=0.091125 diff=-8.542118 abs_err=8.542118
INFO | TOP_BEST | split=test epoch=25 rank=1/3 b=40 t=69 var_idx=4 tp=1.346000 y_true=0.875574 y_pred=0.875576 diff=0.000002 abs_err=0.000002
INFO | TOP_BEST | split=test epoch=25 rank=2/3 b=9 t=21 var_idx=2 tp=1.179000 y_true=-0.173762 y_pred=-0.173739 diff=0.000023 abs_err=0.000023
INFO | TOP_BEST | split=test epoch=25 rank=3/3 b=37 t=95 var_idx=2 tp=1.477000 y_true=-0.173762 y_pred=-0.173788 diff=-0.000026 abs_err=0.000026
INFO | TOP_OK | split=test epoch=25 none_found (no exact matches)
INFO | TOP_ERR | split=test epoch=26 rank=1/10 b=190 t=23 var_idx=1 tp=1.136000 y_true=8.633243 y_pred=-0.055710 diff=-8.688953 abs_err=8.688952
INFO | TOP_ERR | split=test epoch=26 rank=2/10 b=184 t=23 var_idx=1 tp=1.136000 y_true=8.633243 y_pred=-0.008194 diff=-8.641437 abs_err=8.641438
INFO | TOP_ERR | split=test epoch=26 rank=3/10 b=189 t=23 var_idx=1 tp=1.136000 y_true=8.633243 y_pred=-0.008194 diff=-8.641437 abs_err=8.641438
INFO | TOP_ERR | split=test epoch=26 rank=4/10 b=188 t=23 var_idx=1 tp=1.136000 y_true=8.633243 y_pred=-0.008194 diff=-8.641437 abs_err=8.641438
INFO | TOP_ERR | split=test epoch=26 rank=5/10 b=186 t=23 var_idx=1 tp=1.136000 y_true=8.633243 y_pred=-0.008194 diff=-8.641437 abs_err=8.641438
INFO | TOP_ERR | split=test epoch=26 rank=6/10 b=185 t=23 var_idx=1 tp=1.136000 y_true=8.633243 y_pred=-0.008194 diff=-8.641437 abs_err=8.641438
INFO | TOP_ERR | split=test epoch=26 rank=7/10 b=187 t=23 var_idx=1 tp=1.136000 y_true=8.633243 y_pred=-0.008194 diff=-8.641437 abs_err=8.641438
INFO | TOP_ERR | split=test epoch=26 rank=8/10 b=182 t=23 var_idx=1 tp=1.136000 y_true=8.633243 y_pred=0.004208 diff=-8.629034 abs_err=8.629034
INFO | TOP_ERR | split=test epoch=26 rank=9/10 b=183 t=23 var_idx=1 tp=1.136000 y_true=8.633243 y_pred=0.020434 diff=-8.612808 abs_err=8.612808
INFO | TOP_ERR | split=test epoch=26 rank=10/10 b=181 t=23 var_idx=1 tp=1.136000 y_true=8.633243 y_pred=0.075457 diff=-8.557786 abs_err=8.557786
INFO | TOP_BEST | split=test epoch=26 rank=1/3 b=36 t=39 var_idx=2 tp=1.227000 y_true=-0.173762 y_pred=-0.173773 diff=-0.000011 abs_err=0.000011
INFO | TOP_BEST | split=test epoch=26 rank=2/3 b=33 t=67 var_idx=1 tp=1.333000 y_true=-0.127970 y_pred=-0.127958 diff=0.000012 abs_err=0.000012
INFO | TOP_BEST | split=test epoch=26 rank=3/3 b=37 t=64 var_idx=1 tp=1.329000 y_true=-0.127970 y_pred=-0.127940 diff=0.000030 abs_err=0.000030
INFO | TOP_OK | split=test epoch=26 none_found (no exact matches)
INFO | TOP_ERR | split=test epoch=31 rank=1/10 b=190 t=23 var_idx=1 tp=1.136000 y_true=8.633243 y_pred=-0.070086 diff=-8.703329 abs_err=8.703329
INFO | TOP_ERR | split=test epoch=31 rank=2/10 b=183 t=23 var_idx=1 tp=1.136000 y_true=8.633243 y_pred=-0.039177 diff=-8.672419 abs_err=8.672420
INFO | TOP_ERR | split=test epoch=31 rank=3/10 b=182 t=23 var_idx=1 tp=1.136000 y_true=8.633243 y_pred=-0.037193 diff=-8.670435 abs_err=8.670435
INFO | TOP_ERR | split=test epoch=31 rank=4/10 b=184 t=23 var_idx=1 tp=1.136000 y_true=8.633243 y_pred=0.053068 diff=-8.580174 abs_err=8.580174
INFO | TOP_ERR | split=test epoch=31 rank=5/10 b=186 t=23 var_idx=1 tp=1.136000 y_true=8.633243 y_pred=0.053068 diff=-8.580174 abs_err=8.580174
INFO | TOP_ERR | split=test epoch=31 rank=6/10 b=185 t=23 var_idx=1 tp=1.136000 y_true=8.633243 y_pred=0.053068 diff=-8.580174 abs_err=8.580174
INFO | TOP_ERR | split=test epoch=31 rank=7/10 b=189 t=23 var_idx=1 tp=1.136000 y_true=8.633243 y_pred=0.053068 diff=-8.580174 abs_err=8.580174
INFO | TOP_ERR | split=test epoch=31 rank=8/10 b=188 t=23 var_idx=1 tp=1.136000 y_true=8.633243 y_pred=0.053068 diff=-8.580174 abs_err=8.580174
INFO | TOP_ERR | split=test epoch=31 rank=9/10 b=187 t=23 var_idx=1 tp=1.136000 y_true=8.633243 y_pred=0.053068 diff=-8.580174 abs_err=8.580174
INFO | TOP_ERR | split=test epoch=31 rank=10/10 b=191 t=23 var_idx=1 tp=1.136000 y_true=8.633243 y_pred=0.107456 diff=-8.525787 abs_err=8.525786
INFO | TOP_BEST | split=test epoch=31 rank=1/3 b=117 t=135 var_idx=1 tp=1.883000 y_true=-0.127970 y_pred=-0.127981 diff=-0.000011 abs_err=0.000011
INFO | TOP_BEST | split=test epoch=31 rank=2/3 b=133 t=18 var_idx=2 tp=1.156000 y_true=-0.173762 y_pred=-0.173676 diff=0.000086 abs_err=0.000086
INFO | TOP_BEST | split=test epoch=31 rank=3/3 b=105 t=33 var_idx=1 tp=1.234000 y_true=-0.127970 y_pred=-0.128087 diff=-0.000117 abs_err=0.000117
INFO | TOP_OK | split=test epoch=31 none_found (no exact matches)
