INFO | - Epoch 000, ExpID 44757 best_epoch=0 improved=1
INFO | Train - Loss (last batch): 0.82581
INFO | Val - Loss, MSE, MAE: 1.26535, 1.26535, 0.50483
INFO | Test - Best epoch, Loss, MSE, MAE: 0, 0.87882, 0.87882, 0.47666
INFO | Test - Points (EXACT): total_masked=633328 correct=0 right_rate=0.0000%
INFO | - Epoch 001, ExpID 44757 best_epoch=1 improved=1
INFO | Train - Loss (last batch): 0.81101
INFO | Val - Loss, MSE, MAE: 1.26210, 1.26210, 0.51826
INFO | Test - Best epoch, Loss, MSE, MAE: 1, 0.87569, 0.87569, 0.49003
INFO | Test - Points (EXACT): total_masked=633328 correct=85 right_rate=0.0134%
INFO | - Epoch 002, ExpID 44757 best_epoch=2 improved=1
INFO | Train - Loss (last batch): 0.85127
INFO | Val - Loss, MSE, MAE: 1.26076, 1.26076, 0.52957
INFO | Test - Best epoch, Loss, MSE, MAE: 2, 0.87476, 0.87476, 0.50138
INFO | Test - Points (EXACT): total_masked=633328 correct=94 right_rate=0.0148%
INFO | - Epoch 003, ExpID 44757 best_epoch=3 improved=1
INFO | Train - Loss (last batch): 0.87476
INFO | Val - Loss, MSE, MAE: 1.26041, 1.26041, 0.53252
INFO | Test - Best epoch, Loss, MSE, MAE: 3, 0.87441, 0.87441, 0.50427
INFO | Test - Points (EXACT): total_masked=633328 correct=191 right_rate=0.0302%
INFO | - Epoch 004, ExpID 44757 best_epoch=4 improved=1
INFO | Train - Loss (last batch): 1.03426
INFO | Val - Loss, MSE, MAE: 1.26009, 1.26009, 0.53223
INFO | Test - Best epoch, Loss, MSE, MAE: 4, 0.87395, 0.87395, 0.50389
INFO | Test - Points (EXACT): total_masked=633328 correct=213 right_rate=0.0336%
INFO | - Epoch 005, ExpID 44757 best_epoch=5 improved=1
INFO | Train - Loss (last batch): 0.95227
INFO | Val - Loss, MSE, MAE: 1.25962, 1.25962, 0.53166
INFO | Test - Best epoch, Loss, MSE, MAE: 5, 0.87334, 0.87334, 0.50324
INFO | Test - Points (EXACT): total_masked=633328 correct=708 right_rate=0.1118%
INFO | - Epoch 006, ExpID 44757 best_epoch=6 improved=1
INFO | Train - Loss (last batch): 0.98809
INFO | Val - Loss, MSE, MAE: 1.25891, 1.25891, 0.53008
INFO | Test - Best epoch, Loss, MSE, MAE: 6, 0.87226, 0.87226, 0.50150
INFO | Test - Points (EXACT): total_masked=633328 correct=457 right_rate=0.0722%
INFO | - Epoch 007, ExpID 44757 best_epoch=7 improved=1
INFO | Train - Loss (last batch): 0.86682
INFO | Val - Loss, MSE, MAE: 1.25773, 1.25773, 0.52936
INFO | Test - Best epoch, Loss, MSE, MAE: 7, 0.87068, 0.87068, 0.50058
INFO | Test - Points (EXACT): total_masked=633328 correct=99 right_rate=0.0156%
INFO | - Epoch 008, ExpID 44757 best_epoch=8 improved=1
INFO | Train - Loss (last batch): 0.93818
INFO | Val - Loss, MSE, MAE: 1.25646, 1.25646, 0.52977
INFO | Test - Best epoch, Loss, MSE, MAE: 8, 0.86923, 0.86923, 0.50084
INFO | Test - Points (EXACT): total_masked=633328 correct=393 right_rate=0.0621%
INFO | - Epoch 009, ExpID 44757 best_epoch=9 improved=1
INFO | Train - Loss (last batch): 0.98910
INFO | Val - Loss, MSE, MAE: 1.25541, 1.25541, 0.52096
INFO | Test - Best epoch, Loss, MSE, MAE: 9, 0.86743, 0.86743, 0.49149
INFO | Test - Points (EXACT): total_masked=633328 correct=587 right_rate=0.0927%
INFO | - Epoch 010, ExpID 44757 best_epoch=10 improved=1
INFO | Train - Loss (last batch): 0.77924
INFO | Val - Loss, MSE, MAE: 1.25383, 1.25383, 0.51881
INFO | Test - Best epoch, Loss, MSE, MAE: 10, 0.86560, 0.86560, 0.48923
INFO | Test - Points (EXACT): total_masked=633328 correct=428 right_rate=0.0676%
INFO | - Epoch 011, ExpID 44757 best_epoch=11 improved=1
INFO | Train - Loss (last batch): 0.86625
INFO | Val - Loss, MSE, MAE: 1.25235, 1.25235, 0.51573
INFO | Test - Best epoch, Loss, MSE, MAE: 11, 0.86396, 0.86396, 0.48591
INFO | Test - Points (EXACT): total_masked=633328 correct=2307 right_rate=0.3643%
INFO | - Epoch 012, ExpID 44757 best_epoch=12 improved=1
INFO | Train - Loss (last batch): 0.98434
INFO | Val - Loss, MSE, MAE: 1.24994, 1.24994, 0.51480
INFO | Test - Best epoch, Loss, MSE, MAE: 12, 0.86173, 0.86173, 0.48506
INFO | Test - Points (EXACT): total_masked=633328 correct=2254 right_rate=0.3559%
INFO | - Epoch 013, ExpID 44757 best_epoch=13 improved=1
INFO | Train - Loss (last batch): 0.86397
INFO | Val - Loss, MSE, MAE: 1.24826, 1.24826, 0.51417
INFO | Test - Best epoch, Loss, MSE, MAE: 13, 0.86023, 0.86023, 0.48441
INFO | Test - Points (EXACT): total_masked=633328 correct=1109 right_rate=0.1751%
INFO | - Epoch 014, ExpID 44757 best_epoch=14 improved=1
INFO | Train - Loss (last batch): 0.86821
INFO | Val - Loss, MSE, MAE: 1.24608, 1.24608, 0.51181
INFO | Test - Best epoch, Loss, MSE, MAE: 14, 0.85845, 0.85845, 0.48222
INFO | Test - Points (EXACT): total_masked=633328 correct=1666 right_rate=0.2631%
INFO | - Epoch 015, ExpID 44757 best_epoch=15 improved=1
INFO | Train - Loss (last batch): 0.89546
INFO | Val - Loss, MSE, MAE: 1.24527, 1.24527, 0.51281
INFO | Test - Best epoch, Loss, MSE, MAE: 15, 0.85769, 0.85769, 0.48318
INFO | Test - Points (EXACT): total_masked=633328 correct=2463 right_rate=0.3889%
INFO | - Epoch 016, ExpID 44757 best_epoch=16 improved=1
INFO | Train - Loss (last batch): 0.95384
INFO | Val - Loss, MSE, MAE: 1.24424, 1.24424, 0.51194
INFO | Test - Best epoch, Loss, MSE, MAE: 16, 0.85703, 0.85703, 0.48251
INFO | Test - Points (EXACT): total_masked=633328 correct=2047 right_rate=0.3232%
INFO | - Epoch 017, ExpID 44757 best_epoch=17 improved=1
INFO | Train - Loss (last batch): 0.75913
INFO | Val - Loss, MSE, MAE: 1.24402, 1.24402, 0.51068
INFO | Test - Best epoch, Loss, MSE, MAE: 17, 0.85684, 0.85684, 0.48117
INFO | Test - Points (EXACT): total_masked=633328 correct=3354 right_rate=0.5296%
INFO | - Epoch 018, ExpID 44757 best_epoch=18 improved=1
INFO | Train - Loss (last batch): 0.83519
INFO | Val - Loss, MSE, MAE: 1.24340, 1.24340, 0.51110
INFO | Test - Best epoch, Loss, MSE, MAE: 18, 0.85643, 0.85643, 0.48164
INFO | Test - Points (EXACT): total_masked=633328 correct=2601 right_rate=0.4107%
INFO | - Epoch 019, ExpID 44757 best_epoch=19 improved=1
INFO | Train - Loss (last batch): 0.84992
INFO | Val - Loss, MSE, MAE: 1.24289, 1.24289, 0.51149
INFO | Test - Best epoch, Loss, MSE, MAE: 19, 0.85632, 0.85632, 0.48218
INFO | Test - Points (EXACT): total_masked=633328 correct=1430 right_rate=0.2258%
INFO | - Epoch 020, ExpID 44757 best_epoch=20 improved=1
INFO | Train - Loss (last batch): 0.85310
INFO | Val - Loss, MSE, MAE: 1.24237, 1.24237, 0.51334
INFO | Test - Best epoch, Loss, MSE, MAE: 20, 0.85612, 0.85612, 0.48416
INFO | Test - Points (EXACT): total_masked=633328 correct=1530 right_rate=0.2416%
INFO | - Epoch 021, ExpID 44757 best_epoch=21 improved=1
INFO | Train - Loss (last batch): 0.71336
INFO | Val - Loss, MSE, MAE: 1.24213, 1.24213, 0.51079
INFO | Test - Best epoch, Loss, MSE, MAE: 21, 0.85592, 0.85592, 0.48157
INFO | Test - Points (EXACT): total_masked=633328 correct=1392 right_rate=0.2198%
INFO | - Epoch 022, ExpID 44757 best_epoch=22 improved=1
INFO | Train - Loss (last batch): 0.93923
INFO | Val - Loss, MSE, MAE: 1.24167, 1.24167, 0.51388
INFO | Test - Best epoch, Loss, MSE, MAE: 22, 0.85572, 0.85572, 0.48469
INFO | Test - Points (EXACT): total_masked=633328 correct=1829 right_rate=0.2888%
INFO | - Epoch 023, ExpID 44757 best_epoch=23 improved=1
INFO | Train - Loss (last batch): 0.87903
INFO | Val - Loss, MSE, MAE: 1.24138, 1.24138, 0.51191
INFO | Test - Best epoch, Loss, MSE, MAE: 23, 0.85557, 0.85557, 0.48274
INFO | Test - Points (EXACT): total_masked=633328 correct=1299 right_rate=0.2051%
INFO | - Epoch 024, ExpID 44757 best_epoch=24 improved=1
INFO | Train - Loss (last batch): 0.79533
INFO | Val - Loss, MSE, MAE: 1.24124, 1.24124, 0.51187
INFO | Test - Best epoch, Loss, MSE, MAE: 24, 0.85554, 0.85554, 0.48269
INFO | Test - Points (EXACT): total_masked=633328 correct=1326 right_rate=0.2094%
INFO | - Epoch 025, ExpID 44757 best_epoch=25 improved=1
INFO | Train - Loss (last batch): 0.86777
INFO | Val - Loss, MSE, MAE: 1.24087, 1.24087, 0.51192
INFO | Test - Best epoch, Loss, MSE, MAE: 25, 0.85533, 0.85533, 0.48279
INFO | Test - Points (EXACT): total_masked=633328 correct=1187 right_rate=0.1874%
INFO | - Epoch 026, ExpID 44757 best_epoch=26 improved=1
INFO | Train - Loss (last batch): 0.99447
INFO | Val - Loss, MSE, MAE: 1.24086, 1.24086, 0.51195
INFO | Test - Best epoch, Loss, MSE, MAE: 26, 0.85559, 0.85559, 0.48289
INFO | Test - Points (EXACT): total_masked=633328 correct=1029 right_rate=0.1625%
INFO | - Epoch 027, ExpID 44757 best_epoch=27 improved=1
INFO | Train - Loss (last batch): 0.70960
INFO | Val - Loss, MSE, MAE: 1.24034, 1.24034, 0.51130
INFO | Test - Best epoch, Loss, MSE, MAE: 27, 0.85512, 0.85512, 0.48226
INFO | Test - Points (EXACT): total_masked=633328 correct=1722 right_rate=0.2719%
INFO | - Epoch 028, ExpID 44757 best_epoch=27 improved=0
INFO | Train - Loss (last batch): 0.69836
INFO | Val - Loss, MSE, MAE: 1.24040, 1.24040, 0.51133
INFO | Test - Best epoch, Loss, MSE, MAE: 27, 0.85512, 0.85512, 0.48226
INFO | Test - Points (EXACT): total_masked=633328 correct=1722 right_rate=0.2719%
INFO | - Epoch 029, ExpID 44757 best_epoch=29 improved=1
INFO | Train - Loss (last batch): 0.84890
INFO | Val - Loss, MSE, MAE: 1.23998, 1.23998, 0.51105
INFO | Test - Best epoch, Loss, MSE, MAE: 29, 0.85508, 0.85508, 0.48208
INFO | Test - Points (EXACT): total_masked=633328 correct=2158 right_rate=0.3407%
INFO | - Epoch 030, ExpID 44757 best_epoch=30 improved=1
INFO | Train - Loss (last batch): 0.83150
INFO | Val - Loss, MSE, MAE: 1.23971, 1.23971, 0.50984
INFO | Test - Best epoch, Loss, MSE, MAE: 30, 0.85462, 0.85462, 0.48074
INFO | Test - Points (EXACT): total_masked=633328 correct=1479 right_rate=0.2335%
INFO | - Epoch 031, ExpID 44757 best_epoch=30 improved=0
INFO | Train - Loss (last batch): 0.90499
INFO | Val - Loss, MSE, MAE: 1.23979, 1.23979, 0.50741
INFO | Test - Best epoch, Loss, MSE, MAE: 30, 0.85462, 0.85462, 0.48074
INFO | Test - Points (EXACT): total_masked=633328 correct=1479 right_rate=0.2335%
INFO | - Epoch 032, ExpID 44757 best_epoch=32 improved=1
INFO | Train - Loss (last batch): 0.78616
INFO | Val - Loss, MSE, MAE: 1.23930, 1.23930, 0.51045
INFO | Test - Best epoch, Loss, MSE, MAE: 32, 0.85449, 0.85449, 0.48143
INFO | Test - Points (EXACT): total_masked=633328 correct=1933 right_rate=0.3052%
INFO | - Epoch 033, ExpID 44757 best_epoch=33 improved=1
INFO | Train - Loss (last batch): 0.84979
INFO | Val - Loss, MSE, MAE: 1.23910, 1.23910, 0.51286
INFO | Test - Best epoch, Loss, MSE, MAE: 33, 0.85456, 0.85456, 0.48390
INFO | Test - Points (EXACT): total_masked=633328 correct=1396 right_rate=0.2204%
INFO | - Epoch 034, ExpID 44757 best_epoch=33 improved=0
INFO | Train - Loss (last batch): 0.83481
INFO | Val - Loss, MSE, MAE: 1.23914, 1.23914, 0.50772
INFO | Test - Best epoch, Loss, MSE, MAE: 33, 0.85456, 0.85456, 0.48390
INFO | Test - Points (EXACT): total_masked=633328 correct=1396 right_rate=0.2204%
INFO | - Epoch 035, ExpID 44757 best_epoch=35 improved=1
INFO | Train - Loss (last batch): 0.88945
INFO | Val - Loss, MSE, MAE: 1.23866, 1.23866, 0.51089
INFO | Test - Best epoch, Loss, MSE, MAE: 35, 0.85428, 0.85428, 0.48192
INFO | Test - Points (EXACT): total_masked=633328 correct=2278 right_rate=0.3597%
INFO | - Epoch 036, ExpID 44757 best_epoch=35 improved=0
INFO | Train - Loss (last batch): 0.83071
INFO | Val - Loss, MSE, MAE: 1.23893, 1.23893, 0.50651
INFO | Test - Best epoch, Loss, MSE, MAE: 35, 0.85428, 0.85428, 0.48192
INFO | Test - Points (EXACT): total_masked=633328 correct=2278 right_rate=0.3597%
INFO | - Epoch 037, ExpID 44757 best_epoch=37 improved=1
INFO | Train - Loss (last batch): 0.79492
INFO | Val - Loss, MSE, MAE: 1.23847, 1.23847, 0.51010
INFO | Test - Best epoch, Loss, MSE, MAE: 37, 0.85438, 0.85438, 0.48123
INFO | Test - Points (EXACT): total_masked=633328 correct=2121 right_rate=0.3349%
INFO | - Epoch 038, ExpID 44757 best_epoch=38 improved=1
INFO | Train - Loss (last batch): 0.81559
INFO | Val - Loss, MSE, MAE: 1.23828, 1.23828, 0.50676
INFO | Test - Best epoch, Loss, MSE, MAE: 38, 0.85427, 0.85427, 0.47794
INFO | Test - Points (EXACT): total_masked=633328 correct=1070 right_rate=0.1689%
INFO | - Epoch 039, ExpID 44757 best_epoch=39 improved=1
INFO | Train - Loss (last batch): 0.70021
INFO | Val - Loss, MSE, MAE: 1.23805, 1.23805, 0.50873
INFO | Test - Best epoch, Loss, MSE, MAE: 39, 0.85389, 0.85389, 0.47975
INFO | Test - Points (EXACT): total_masked=633328 correct=2443 right_rate=0.3857%
INFO | - Epoch 040, ExpID 44757 best_epoch=40 improved=1
INFO | Train - Loss (last batch): 0.82625
INFO | Val - Loss, MSE, MAE: 1.23779, 1.23779, 0.50736
INFO | Test - Best epoch, Loss, MSE, MAE: 40, 0.85375, 0.85375, 0.47841
INFO | Test - Points (EXACT): total_masked=633328 correct=1851 right_rate=0.2923%
INFO | - Epoch 041, ExpID 44757 best_epoch=41 improved=1
INFO | Train - Loss (last batch): 0.90808
INFO | Val - Loss, MSE, MAE: 1.23758, 1.23758, 0.50716
INFO | Test - Best epoch, Loss, MSE, MAE: 41, 0.85393, 0.85393, 0.47838
INFO | Test - Points (EXACT): total_masked=633328 correct=1122 right_rate=0.1772%
INFO | - Epoch 042, ExpID 44757 best_epoch=42 improved=1
INFO | Train - Loss (last batch): 0.87317
INFO | Val - Loss, MSE, MAE: 1.23751, 1.23751, 0.50773
INFO | Test - Best epoch, Loss, MSE, MAE: 42, 0.85412, 0.85412, 0.47904
INFO | Test - Points (EXACT): total_masked=633328 correct=1153 right_rate=0.1821%
INFO | - Epoch 043, ExpID 44757 best_epoch=43 improved=1
INFO | Train - Loss (last batch): 0.98967
INFO | Val - Loss, MSE, MAE: 1.23720, 1.23720, 0.50912
INFO | Test - Best epoch, Loss, MSE, MAE: 43, 0.85362, 0.85362, 0.48027
INFO | Test - Points (EXACT): total_masked=633328 correct=1863 right_rate=0.2942%
INFO | - Epoch 044, ExpID 44757 best_epoch=43 improved=0
INFO | Train - Loss (last batch): 0.86374
INFO | Val - Loss, MSE, MAE: 1.23741, 1.23741, 0.51285
INFO | Test - Best epoch, Loss, MSE, MAE: 43, 0.85362, 0.85362, 0.48027
INFO | Test - Points (EXACT): total_masked=633328 correct=1863 right_rate=0.2942%
INFO | - Epoch 045, ExpID 44757 best_epoch=45 improved=1
INFO | Train - Loss (last batch): 0.89689
INFO | Val - Loss, MSE, MAE: 1.23691, 1.23691, 0.50823
INFO | Test - Best epoch, Loss, MSE, MAE: 45, 0.85370, 0.85370, 0.47955
INFO | Test - Points (EXACT): total_masked=633328 correct=1095 right_rate=0.1729%
INFO | - Epoch 046, ExpID 44757 best_epoch=46 improved=1
INFO | Train - Loss (last batch): 0.77353
INFO | Val - Loss, MSE, MAE: 1.23646, 1.23646, 0.50889
INFO | Test - Best epoch, Loss, MSE, MAE: 46, 0.85318, 0.85318, 0.48009
INFO | Test - Points (EXACT): total_masked=633328 correct=1333 right_rate=0.2105%
INFO | - Epoch 047, ExpID 44757 best_epoch=47 improved=1
INFO | Train - Loss (last batch): 0.73215
INFO | Val - Loss, MSE, MAE: 1.23637, 1.23637, 0.50842
INFO | Test - Best epoch, Loss, MSE, MAE: 47, 0.85318, 0.85318, 0.47963
INFO | Test - Points (EXACT): total_masked=633328 correct=1130 right_rate=0.1784%
INFO | - Epoch 048, ExpID 44757 best_epoch=48 improved=1
INFO | Train - Loss (last batch): 0.74574
INFO | Val - Loss, MSE, MAE: 1.23610, 1.23610, 0.50896
INFO | Test - Best epoch, Loss, MSE, MAE: 48, 0.85300, 0.85300, 0.48019
INFO | Test - Points (EXACT): total_masked=633328 correct=1136 right_rate=0.1794%
INFO | - Epoch 049, ExpID 44757 best_epoch=49 improved=1
INFO | Train - Loss (last batch): 0.72478
INFO | Val - Loss, MSE, MAE: 1.23610, 1.23610, 0.50889
INFO | Test - Best epoch, Loss, MSE, MAE: 49, 0.85321, 0.85321, 0.48021
INFO | Test - Points (EXACT): total_masked=633328 correct=1075 right_rate=0.1697%
INFO | - Epoch 050, ExpID 44757 best_epoch=50 improved=1
INFO | Train - Loss (last batch): 0.84380
INFO | Val - Loss, MSE, MAE: 1.23597, 1.23597, 0.50703
INFO | Test - Best epoch, Loss, MSE, MAE: 50, 0.85307, 0.85307, 0.47829
INFO | Test - Points (EXACT): total_masked=633328 correct=1108 right_rate=0.1749%
INFO | - Epoch 051, ExpID 44757 best_epoch=51 improved=1
INFO | Train - Loss (last batch): 0.77389
INFO | Val - Loss, MSE, MAE: 1.23586, 1.23586, 0.50593
INFO | Test - Best epoch, Loss, MSE, MAE: 51, 0.85272, 0.85272, 0.47709
INFO | Test - Points (EXACT): total_masked=633328 correct=1132 right_rate=0.1787%
INFO | - Epoch 052, ExpID 44757 best_epoch=52 improved=1
INFO | Train - Loss (last batch): 0.70843
INFO | Val - Loss, MSE, MAE: 1.23555, 1.23555, 0.50942
INFO | Test - Best epoch, Loss, MSE, MAE: 52, 0.85280, 0.85280, 0.48071
INFO | Test - Points (EXACT): total_masked=633328 correct=1057 right_rate=0.1669%
INFO | - Epoch 053, ExpID 44757 best_epoch=53 improved=1
INFO | Train - Loss (last batch): 0.78470
INFO | Val - Loss, MSE, MAE: 1.23544, 1.23544, 0.50766
INFO | Test - Best epoch, Loss, MSE, MAE: 53, 0.85271, 0.85271, 0.47893
INFO | Test - Points (EXACT): total_masked=633328 correct=1096 right_rate=0.1731%
INFO | - Epoch 054, ExpID 44757 best_epoch=54 improved=1
INFO | Train - Loss (last batch): 0.91757
INFO | Val - Loss, MSE, MAE: 1.23517, 1.23517, 0.50685
INFO | Test - Best epoch, Loss, MSE, MAE: 54, 0.85249, 0.85249, 0.47808
INFO | Test - Points (EXACT): total_masked=633328 correct=1177 right_rate=0.1858%
INFO | - Epoch 055, ExpID 44757 best_epoch=55 improved=1
INFO | Train - Loss (last batch): 0.76227
INFO | Val - Loss, MSE, MAE: 1.23508, 1.23508, 0.50636
INFO | Test - Best epoch, Loss, MSE, MAE: 55, 0.85263, 0.85263, 0.47769
INFO | Test - Points (EXACT): total_masked=633328 correct=1151 right_rate=0.1817%
INFO | - Epoch 056, ExpID 44757 best_epoch=56 improved=1
INFO | Train - Loss (last batch): 0.94951
INFO | Val - Loss, MSE, MAE: 1.23495, 1.23495, 0.50550
INFO | Test - Best epoch, Loss, MSE, MAE: 56, 0.85238, 0.85238, 0.47674
INFO | Test - Points (EXACT): total_masked=633328 correct=1205 right_rate=0.1903%
INFO | - Epoch 057, ExpID 44757 best_epoch=57 improved=1
INFO | Train - Loss (last batch): 0.78674
INFO | Val - Loss, MSE, MAE: 1.23450, 1.23450, 0.50990
INFO | Test - Best epoch, Loss, MSE, MAE: 57, 0.85207, 0.85207, 0.48113
INFO | Test - Points (EXACT): total_masked=633328 correct=1913 right_rate=0.3021%
INFO | - Epoch 058, ExpID 44757 best_epoch=57 improved=0
INFO | Train - Loss (last batch): 0.81223
INFO | Val - Loss, MSE, MAE: 1.23485, 1.23485, 0.50533
INFO | Test - Best epoch, Loss, MSE, MAE: 57, 0.85207, 0.85207, 0.48113
INFO | Test - Points (EXACT): total_masked=633328 correct=1913 right_rate=0.3021%
INFO | - Epoch 059, ExpID 44757 best_epoch=59 improved=1
INFO | Train - Loss (last batch): 0.80209
INFO | Val - Loss, MSE, MAE: 1.23443, 1.23443, 0.50682
INFO | Test - Best epoch, Loss, MSE, MAE: 59, 0.85226, 0.85226, 0.47817
INFO | Test - Points (EXACT): total_masked=633328 correct=1149 right_rate=0.1814%
INFO | - Epoch 060, ExpID 44757 best_epoch=60 improved=1
INFO | Train - Loss (last batch): 0.78342
INFO | Val - Loss, MSE, MAE: 1.23409, 1.23409, 0.50869
INFO | Test - Best epoch, Loss, MSE, MAE: 60, 0.85176, 0.85176, 0.47991
INFO | Test - Points (EXACT): total_masked=633328 correct=2156 right_rate=0.3404%
INFO | - Epoch 061, ExpID 44757 best_epoch=60 improved=0
INFO | Train - Loss (last batch): 0.79884
INFO | Val - Loss, MSE, MAE: 1.23442, 1.23442, 0.50457
INFO | Test - Best epoch, Loss, MSE, MAE: 60, 0.85176, 0.85176, 0.47991
INFO | Test - Points (EXACT): total_masked=633328 correct=2156 right_rate=0.3404%
INFO | - Epoch 062, ExpID 44757 best_epoch=60 improved=0
INFO | Train - Loss (last batch): 0.81981
INFO | Val - Loss, MSE, MAE: 1.23414, 1.23414, 0.50794
INFO | Test - Best epoch, Loss, MSE, MAE: 60, 0.85176, 0.85176, 0.47991
INFO | Test - Points (EXACT): total_masked=633328 correct=2156 right_rate=0.3404%
INFO | - Epoch 063, ExpID 44757 best_epoch=63 improved=1
INFO | Train - Loss (last batch): 0.73710
INFO | Val - Loss, MSE, MAE: 1.23408, 1.23408, 0.50863
INFO | Test - Best epoch, Loss, MSE, MAE: 63, 0.85209, 0.85209, 0.47991
INFO | Test - Points (EXACT): total_masked=633328 correct=2653 right_rate=0.4189%
INFO | - Epoch 064, ExpID 44757 best_epoch=64 improved=1
INFO | Train - Loss (last batch): 0.75694
INFO | Val - Loss, MSE, MAE: 1.23378, 1.23378, 0.50303
INFO | Test - Best epoch, Loss, MSE, MAE: 64, 0.85180, 0.85180, 0.47440
INFO | Test - Points (EXACT): total_masked=633328 correct=1382 right_rate=0.2182%
INFO | - Epoch 065, ExpID 44757 best_epoch=65 improved=1
INFO | Train - Loss (last batch): 0.78133
INFO | Val - Loss, MSE, MAE: 1.23376, 1.23376, 0.50763
INFO | Test - Best epoch, Loss, MSE, MAE: 65, 0.85210, 0.85210, 0.47908
INFO | Test - Points (EXACT): total_masked=633328 correct=1111 right_rate=0.1754%
INFO | - Epoch 066, ExpID 44757 best_epoch=66 improved=1
INFO | Train - Loss (last batch): 0.78895
INFO | Val - Loss, MSE, MAE: 1.23324, 1.23324, 0.50552
INFO | Test - Best epoch, Loss, MSE, MAE: 66, 0.85141, 0.85141, 0.47684
INFO | Test - Points (EXACT): total_masked=633328 correct=1248 right_rate=0.1971%
INFO | - Epoch 067, ExpID 44757 best_epoch=67 improved=1
INFO | Train - Loss (last batch): 0.95691
INFO | Val - Loss, MSE, MAE: 1.23306, 1.23306, 0.50668
INFO | Test - Best epoch, Loss, MSE, MAE: 67, 0.85146, 0.85146, 0.47806
INFO | Test - Points (EXACT): total_masked=633328 correct=1150 right_rate=0.1816%
INFO | - Epoch 068, ExpID 44757 best_epoch=68 improved=1
INFO | Train - Loss (last batch): 0.85623
INFO | Val - Loss, MSE, MAE: 1.23258, 1.23258, 0.50740
INFO | Test - Best epoch, Loss, MSE, MAE: 68, 0.85088, 0.85088, 0.47868
INFO | Test - Points (EXACT): total_masked=633328 correct=1983 right_rate=0.3131%
INFO | - Epoch 069, ExpID 44757 best_epoch=68 improved=0
INFO | Train - Loss (last batch): 0.84307
INFO | Val - Loss, MSE, MAE: 1.23291, 1.23291, 0.50266
INFO | Test - Best epoch, Loss, MSE, MAE: 68, 0.85088, 0.85088, 0.47868
INFO | Test - Points (EXACT): total_masked=633328 correct=1983 right_rate=0.3131%
INFO | - Epoch 070, ExpID 44757 best_epoch=68 improved=0
INFO | Train - Loss (last batch): 0.98423
INFO | Val - Loss, MSE, MAE: 1.23262, 1.23262, 0.50473
INFO | Test - Best epoch, Loss, MSE, MAE: 68, 0.85088, 0.85088, 0.47868
INFO | Test - Points (EXACT): total_masked=633328 correct=1983 right_rate=0.3131%
INFO | - Epoch 071, ExpID 44757 best_epoch=71 improved=1
INFO | Train - Loss (last batch): 0.90339
INFO | Val - Loss, MSE, MAE: 1.23195, 1.23195, 0.50707
INFO | Test - Best epoch, Loss, MSE, MAE: 71, 0.85079, 0.85079, 0.47855
INFO | Test - Points (EXACT): total_masked=633328 correct=1149 right_rate=0.1814%
INFO | - Epoch 072, ExpID 44757 best_epoch=71 improved=0
INFO | Train - Loss (last batch): 0.81352
INFO | Val - Loss, MSE, MAE: 1.23215, 1.23215, 0.50674
INFO | Test - Best epoch, Loss, MSE, MAE: 71, 0.85079, 0.85079, 0.47855
INFO | Test - Points (EXACT): total_masked=633328 correct=1149 right_rate=0.1814%
INFO | - Epoch 073, ExpID 44757 best_epoch=71 improved=0
INFO | Train - Loss (last batch): 0.91359
INFO | Val - Loss, MSE, MAE: 1.23204, 1.23204, 0.50592
INFO | Test - Best epoch, Loss, MSE, MAE: 71, 0.85079, 0.85079, 0.47855
INFO | Test - Points (EXACT): total_masked=633328 correct=1149 right_rate=0.1814%
INFO | - Epoch 074, ExpID 44757 best_epoch=74 improved=1
INFO | Train - Loss (last batch): 0.85060
INFO | Val - Loss, MSE, MAE: 1.23167, 1.23167, 0.50499
INFO | Test - Best epoch, Loss, MSE, MAE: 74, 0.85053, 0.85053, 0.47645
INFO | Test - Points (EXACT): total_masked=633328 correct=1217 right_rate=0.1922%
INFO | - Epoch 075, ExpID 44757 best_epoch=75 improved=1
INFO | Train - Loss (last batch): 0.94949
INFO | Val - Loss, MSE, MAE: 1.23143, 1.23143, 0.50809
INFO | Test - Best epoch, Loss, MSE, MAE: 75, 0.85042, 0.85042, 0.47955
INFO | Test - Points (EXACT): total_masked=633328 correct=1357 right_rate=0.2143%
INFO | - Epoch 076, ExpID 44757 best_epoch=76 improved=1
INFO | Train - Loss (last batch): 0.74494
INFO | Val - Loss, MSE, MAE: 1.23133, 1.23133, 0.50576
INFO | Test - Best epoch, Loss, MSE, MAE: 76, 0.85045, 0.85045, 0.47730
INFO | Test - Points (EXACT): total_masked=633328 correct=1215 right_rate=0.1918%
INFO | - Epoch 077, ExpID 44757 best_epoch=77 improved=1
INFO | Train - Loss (last batch): 0.79348
INFO | Val - Loss, MSE, MAE: 1.23080, 1.23080, 0.50595
INFO | Test - Best epoch, Loss, MSE, MAE: 77, 0.84978, 0.84978, 0.47740
INFO | Test - Points (EXACT): total_masked=633328 correct=1189 right_rate=0.1877%
INFO | - Epoch 078, ExpID 44757 best_epoch=78 improved=1
INFO | Train - Loss (last batch): 1.05752
INFO | Val - Loss, MSE, MAE: 1.23065, 1.23065, 0.50720
INFO | Test - Best epoch, Loss, MSE, MAE: 78, 0.84988, 0.84988, 0.47877
INFO | Test - Points (EXACT): total_masked=633328 correct=1187 right_rate=0.1874%
INFO | - Epoch 079, ExpID 44757 best_epoch=78 improved=0
INFO | Train - Loss (last batch): 0.96229
INFO | Val - Loss, MSE, MAE: 1.23072, 1.23072, 0.50401
INFO | Test - Best epoch, Loss, MSE, MAE: 78, 0.84988, 0.84988, 0.47877
INFO | Test - Points (EXACT): total_masked=633328 correct=1187 right_rate=0.1874%
INFO | - Epoch 080, ExpID 44757 best_epoch=78 improved=0
INFO | Train - Loss (last batch): 0.69312
INFO | Val - Loss, MSE, MAE: 1.23070, 1.23070, 0.50646
INFO | Test - Best epoch, Loss, MSE, MAE: 78, 0.84988, 0.84988, 0.47877
INFO | Test - Points (EXACT): total_masked=633328 correct=1187 right_rate=0.1874%
INFO | - Epoch 081, ExpID 44757 best_epoch=81 improved=1
INFO | Train - Loss (last batch): 0.80795
INFO | Val - Loss, MSE, MAE: 1.23001, 1.23001, 0.50640
INFO | Test - Best epoch, Loss, MSE, MAE: 81, 0.84936, 0.84936, 0.47796
INFO | Test - Points (EXACT): total_masked=633328 correct=1160 right_rate=0.1832%
INFO | - Epoch 082, ExpID 44757 best_epoch=82 improved=1
INFO | Train - Loss (last batch): 0.81053
INFO | Val - Loss, MSE, MAE: 1.22986, 1.22986, 0.50510
INFO | Test - Best epoch, Loss, MSE, MAE: 82, 0.84923, 0.84923, 0.47663
INFO | Test - Points (EXACT): total_masked=633328 correct=1242 right_rate=0.1961%
INFO | - Epoch 083, ExpID 44757 best_epoch=83 improved=1
INFO | Train - Loss (last batch): 0.87268
INFO | Val - Loss, MSE, MAE: 1.22955, 1.22955, 0.50661
INFO | Test - Best epoch, Loss, MSE, MAE: 83, 0.84916, 0.84916, 0.47816
INFO | Test - Points (EXACT): total_masked=633328 correct=1185 right_rate=0.1871%
INFO | - Epoch 084, ExpID 44757 best_epoch=84 improved=1
INFO | Train - Loss (last batch): 0.75518
INFO | Val - Loss, MSE, MAE: 1.22951, 1.22951, 0.50462
INFO | Test - Best epoch, Loss, MSE, MAE: 84, 0.84906, 0.84906, 0.47620
INFO | Test - Points (EXACT): total_masked=633328 correct=1284 right_rate=0.2027%
INFO | - Epoch 085, ExpID 44757 best_epoch=84 improved=0
INFO | Train - Loss (last batch): 0.72898
INFO | Val - Loss, MSE, MAE: 1.22955, 1.22955, 0.50372
INFO | Test - Best epoch, Loss, MSE, MAE: 84, 0.84906, 0.84906, 0.47620
INFO | Test - Points (EXACT): total_masked=633328 correct=1284 right_rate=0.2027%
INFO | - Epoch 086, ExpID 44757 best_epoch=86 improved=1
INFO | Train - Loss (last batch): 0.75587
INFO | Val - Loss, MSE, MAE: 1.22927, 1.22927, 0.50289
INFO | Test - Best epoch, Loss, MSE, MAE: 86, 0.84900, 0.84900, 0.47457
INFO | Test - Points (EXACT): total_masked=633328 correct=1916 right_rate=0.3025%
INFO | - Epoch 087, ExpID 44757 best_epoch=87 improved=1
INFO | Train - Loss (last batch): 0.80569
INFO | Val - Loss, MSE, MAE: 1.22856, 1.22856, 0.50365
INFO | Test - Best epoch, Loss, MSE, MAE: 87, 0.84805, 0.84805, 0.47513
INFO | Test - Points (EXACT): total_masked=633328 correct=1312 right_rate=0.2072%
INFO | - Epoch 088, ExpID 44757 best_epoch=88 improved=1
INFO | Train - Loss (last batch): 0.75378
INFO | Val - Loss, MSE, MAE: 1.22856, 1.22856, 0.50601
INFO | Test - Best epoch, Loss, MSE, MAE: 88, 0.84831, 0.84831, 0.47758
INFO | Test - Points (EXACT): total_masked=633328 correct=1237 right_rate=0.1953%
INFO | - Epoch 089, ExpID 44757 best_epoch=89 improved=1
INFO | Train - Loss (last batch): 0.95345
INFO | Val - Loss, MSE, MAE: 1.22808, 1.22808, 0.50354
INFO | Test - Best epoch, Loss, MSE, MAE: 89, 0.84772, 0.84772, 0.47502
INFO | Test - Points (EXACT): total_masked=633328 correct=1299 right_rate=0.2051%
INFO | - Epoch 090, ExpID 44757 best_epoch=89 improved=0
INFO | Train - Loss (last batch): 0.72483
INFO | Val - Loss, MSE, MAE: 1.22829, 1.22829, 0.50457
INFO | Test - Best epoch, Loss, MSE, MAE: 89, 0.84772, 0.84772, 0.47502
INFO | Test - Points (EXACT): total_masked=633328 correct=1299 right_rate=0.2051%
INFO | - Epoch 091, ExpID 44757 best_epoch=89 improved=0
INFO | Train - Loss (last batch): 1.01615
INFO | Val - Loss, MSE, MAE: 1.22815, 1.22815, 0.50540
INFO | Test - Best epoch, Loss, MSE, MAE: 89, 0.84772, 0.84772, 0.47502
INFO | Test - Points (EXACT): total_masked=633328 correct=1299 right_rate=0.2051%
INFO | - Epoch 092, ExpID 44757 best_epoch=92 improved=1
INFO | Train - Loss (last batch): 0.81505
INFO | Val - Loss, MSE, MAE: 1.22753, 1.22753, 0.50207
INFO | Test - Best epoch, Loss, MSE, MAE: 92, 0.84742, 0.84742, 0.47364
INFO | Test - Points (EXACT): total_masked=633328 correct=1354 right_rate=0.2138%
INFO | - Epoch 093, ExpID 44757 best_epoch=93 improved=1
INFO | Train - Loss (last batch): 0.94846
INFO | Val - Loss, MSE, MAE: 1.22747, 1.22747, 0.50204
INFO | Test - Best epoch, Loss, MSE, MAE: 93, 0.84750, 0.84750, 0.47372
INFO | Test - Points (EXACT): total_masked=633328 correct=1778 right_rate=0.2807%
INFO | - Epoch 094, ExpID 44757 best_epoch=94 improved=1
INFO | Train - Loss (last batch): 0.76022
INFO | Val - Loss, MSE, MAE: 1.22660, 1.22660, 0.50454
INFO | Test - Best epoch, Loss, MSE, MAE: 94, 0.84653, 0.84653, 0.47612
INFO | Test - Points (EXACT): total_masked=633328 correct=1226 right_rate=0.1936%
INFO | - Epoch 095, ExpID 44757 best_epoch=95 improved=1
INFO | Train - Loss (last batch): 0.92743
INFO | Val - Loss, MSE, MAE: 1.22651, 1.22651, 0.50245
INFO | Test - Best epoch, Loss, MSE, MAE: 95, 0.84644, 0.84644, 0.47404
INFO | Test - Points (EXACT): total_masked=633328 correct=1309 right_rate=0.2067%
INFO | - Epoch 096, ExpID 44757 best_epoch=96 improved=1
INFO | Train - Loss (last batch): 0.68164
INFO | Val - Loss, MSE, MAE: 1.22636, 1.22636, 0.50352
INFO | Test - Best epoch, Loss, MSE, MAE: 96, 0.84662, 0.84662, 0.47518
INFO | Test - Points (EXACT): total_masked=633328 correct=1251 right_rate=0.1975%
INFO | - Epoch 097, ExpID 44757 best_epoch=97 improved=1
INFO | Train - Loss (last batch): 0.95012
INFO | Val - Loss, MSE, MAE: 1.22603, 1.22603, 0.50324
INFO | Test - Best epoch, Loss, MSE, MAE: 97, 0.84614, 0.84614, 0.47483
INFO | Test - Points (EXACT): total_masked=633328 correct=1297 right_rate=0.2048%
INFO | - Epoch 098, ExpID 44757 best_epoch=98 improved=1
INFO | Train - Loss (last batch): 0.79914
INFO | Val - Loss, MSE, MAE: 1.22549, 1.22549, 0.50398
INFO | Test - Best epoch, Loss, MSE, MAE: 98, 0.84572, 0.84572, 0.47560
INFO | Test - Points (EXACT): total_masked=633328 correct=1308 right_rate=0.2065%
INFO | - Epoch 099, ExpID 44757 best_epoch=99 improved=1
INFO | Train - Loss (last batch): 0.88001
INFO | Val - Loss, MSE, MAE: 1.22512, 1.22512, 0.50260
INFO | Test - Best epoch, Loss, MSE, MAE: 99, 0.84505, 0.84505, 0.47412
INFO | Test - Points (EXACT): total_masked=633328 correct=1285 right_rate=0.2029%
INFO | - Epoch 100, ExpID 44757 best_epoch=100 improved=1
INFO | Train - Loss (last batch): 0.82239
INFO | Val - Loss, MSE, MAE: 1.22488, 1.22488, 0.50266
INFO | Test - Best epoch, Loss, MSE, MAE: 100, 0.84472, 0.84472, 0.47412
INFO | Test - Points (EXACT): total_masked=633328 correct=1838 right_rate=0.2902%
INFO | - Epoch 101, ExpID 44757 best_epoch=101 improved=1
INFO | Train - Loss (last batch): 0.92683
INFO | Val - Loss, MSE, MAE: 1.22447, 1.22447, 0.50385
INFO | Test - Best epoch, Loss, MSE, MAE: 101, 0.84491, 0.84491, 0.47550
INFO | Test - Points (EXACT): total_masked=633328 correct=1303 right_rate=0.2057%
INFO | - Epoch 102, ExpID 44757 best_epoch=102 improved=1
INFO | Train - Loss (last batch): 0.80768
INFO | Val - Loss, MSE, MAE: 1.22416, 1.22416, 0.50384
INFO | Test - Best epoch, Loss, MSE, MAE: 102, 0.84463, 0.84463, 0.47546
INFO | Test - Points (EXACT): total_masked=633328 correct=1275 right_rate=0.2013%
INFO | - Epoch 103, ExpID 44757 best_epoch=102 improved=0
INFO | Train - Loss (last batch): 0.88186
INFO | Val - Loss, MSE, MAE: 1.22425, 1.22425, 0.50102
INFO | Test - Best epoch, Loss, MSE, MAE: 102, 0.84463, 0.84463, 0.47546
INFO | Test - Points (EXACT): total_masked=633328 correct=1275 right_rate=0.2013%
INFO | - Epoch 104, ExpID 44757 best_epoch=104 improved=1
INFO | Train - Loss (last batch): 0.73936
INFO | Val - Loss, MSE, MAE: 1.22392, 1.22392, 0.49879
INFO | Test - Best epoch, Loss, MSE, MAE: 104, 0.84403, 0.84403, 0.47033
INFO | Test - Points (EXACT): total_masked=633328 correct=1476 right_rate=0.2331%
INFO | - Epoch 105, ExpID 44757 best_epoch=105 improved=1
INFO | Train - Loss (last batch): 0.70648
INFO | Val - Loss, MSE, MAE: 1.22355, 1.22355, 0.50065
INFO | Test - Best epoch, Loss, MSE, MAE: 105, 0.84392, 0.84392, 0.47225
INFO | Test - Points (EXACT): total_masked=633328 correct=1326 right_rate=0.2094%
INFO | - Epoch 106, ExpID 44757 best_epoch=106 improved=1
INFO | Train - Loss (last batch): 0.77240
INFO | Val - Loss, MSE, MAE: 1.22336, 1.22336, 0.50000
INFO | Test - Best epoch, Loss, MSE, MAE: 106, 0.84378, 0.84378, 0.47166
INFO | Test - Points (EXACT): total_masked=633328 correct=1405 right_rate=0.2218%
INFO | - Epoch 107, ExpID 44757 best_epoch=107 improved=1
INFO | Train - Loss (last batch): 0.92371
INFO | Val - Loss, MSE, MAE: 1.22263, 1.22263, 0.50198
INFO | Test - Best epoch, Loss, MSE, MAE: 107, 0.84303, 0.84303, 0.47357
INFO | Test - Points (EXACT): total_masked=633328 correct=1384 right_rate=0.2185%
INFO | - Epoch 108, ExpID 44757 best_epoch=108 improved=1
INFO | Train - Loss (last batch): 0.75720
INFO | Val - Loss, MSE, MAE: 1.22224, 1.22224, 0.50233
INFO | Test - Best epoch, Loss, MSE, MAE: 108, 0.84255, 0.84255, 0.47384
INFO | Test - Points (EXACT): total_masked=633328 correct=2087 right_rate=0.3295%
INFO | - Epoch 109, ExpID 44757 best_epoch=109 improved=1
INFO | Train - Loss (last batch): 0.98130
INFO | Val - Loss, MSE, MAE: 1.22202, 1.22202, 0.50188
INFO | Test - Best epoch, Loss, MSE, MAE: 109, 0.84282, 0.84282, 0.47355
INFO | Test - Points (EXACT): total_masked=633328 correct=1276 right_rate=0.2015%
INFO | - Epoch 110, ExpID 44757 best_epoch=110 improved=1
INFO | Train - Loss (last batch): 0.87264
INFO | Val - Loss, MSE, MAE: 1.22156, 1.22156, 0.50129
INFO | Test - Best epoch, Loss, MSE, MAE: 110, 0.84212, 0.84212, 0.47283
INFO | Test - Points (EXACT): total_masked=633328 correct=1705 right_rate=0.2692%
INFO | - Epoch 111, ExpID 44757 best_epoch=111 improved=1
INFO | Train - Loss (last batch): 0.77637
INFO | Val - Loss, MSE, MAE: 1.22123, 1.22123, 0.50066
INFO | Test - Best epoch, Loss, MSE, MAE: 111, 0.84183, 0.84183, 0.47226
INFO | Test - Points (EXACT): total_masked=633328 correct=1380 right_rate=0.2179%
INFO | - Epoch 112, ExpID 44757 best_epoch=111 improved=0
INFO | Train - Loss (last batch): 0.84638
INFO | Val - Loss, MSE, MAE: 1.22173, 1.22173, 0.50257
INFO | Test - Best epoch, Loss, MSE, MAE: 111, 0.84183, 0.84183, 0.47226
INFO | Test - Points (EXACT): total_masked=633328 correct=1380 right_rate=0.2179%
INFO | - Epoch 113, ExpID 44757 best_epoch=113 improved=1
INFO | Train - Loss (last batch): 1.06763
INFO | Val - Loss, MSE, MAE: 1.22097, 1.22097, 0.50306
INFO | Test - Best epoch, Loss, MSE, MAE: 113, 0.84186, 0.84186, 0.47476
INFO | Test - Points (EXACT): total_masked=633328 correct=1310 right_rate=0.2068%
INFO | - Epoch 114, ExpID 44757 best_epoch=114 improved=1
INFO | Train - Loss (last batch): 0.81307
INFO | Val - Loss, MSE, MAE: 1.22035, 1.22035, 0.50075
INFO | Test - Best epoch, Loss, MSE, MAE: 114, 0.84106, 0.84106, 0.47239
INFO | Test - Points (EXACT): total_masked=633328 correct=1412 right_rate=0.2229%
INFO | - Epoch 115, ExpID 44757 best_epoch=115 improved=1
INFO | Train - Loss (last batch): 0.81185
INFO | Val - Loss, MSE, MAE: 1.22009, 1.22009, 0.50056
INFO | Test - Best epoch, Loss, MSE, MAE: 115, 0.84087, 0.84087, 0.47219
INFO | Test - Points (EXACT): total_masked=633328 correct=1447 right_rate=0.2285%
INFO | - Epoch 116, ExpID 44757 best_epoch=116 improved=1
INFO | Train - Loss (last batch): 0.97106
INFO | Val - Loss, MSE, MAE: 1.21982, 1.21982, 0.49859
INFO | Test - Best epoch, Loss, MSE, MAE: 116, 0.84041, 0.84041, 0.47012
INFO | Test - Points (EXACT): total_masked=633328 correct=1664 right_rate=0.2627%
INFO | - Epoch 117, ExpID 44757 best_epoch=117 improved=1
INFO | Train - Loss (last batch): 0.72902
INFO | Val - Loss, MSE, MAE: 1.21923, 1.21923, 0.50213
INFO | Test - Best epoch, Loss, MSE, MAE: 117, 0.84018, 0.84018, 0.47375
INFO | Test - Points (EXACT): total_masked=633328 correct=2020 right_rate=0.3190%
INFO | - Epoch 118, ExpID 44757 best_epoch=117 improved=0
INFO | Train - Loss (last batch): 0.71892
INFO | Val - Loss, MSE, MAE: 1.21924, 1.21924, 0.50114
INFO | Test - Best epoch, Loss, MSE, MAE: 117, 0.84018, 0.84018, 0.47375
INFO | Test - Points (EXACT): total_masked=633328 correct=2020 right_rate=0.3190%
INFO | - Epoch 119, ExpID 44757 best_epoch=119 improved=1
INFO | Train - Loss (last batch): 0.89054
INFO | Val - Loss, MSE, MAE: 1.21892, 1.21892, 0.49968
INFO | Test - Best epoch, Loss, MSE, MAE: 119, 0.83980, 0.83980, 0.47137
INFO | Test - Points (EXACT): total_masked=633328 correct=1448 right_rate=0.2286%
INFO | - Epoch 120, ExpID 44757 best_epoch=119 improved=0
INFO | Train - Loss (last batch): 0.85741
INFO | Val - Loss, MSE, MAE: 1.21902, 1.21902, 0.50474
INFO | Test - Best epoch, Loss, MSE, MAE: 119, 0.83980, 0.83980, 0.47137
INFO | Test - Points (EXACT): total_masked=633328 correct=1448 right_rate=0.2286%
INFO | - Epoch 121, ExpID 44757 best_epoch=121 improved=1
INFO | Train - Loss (last batch): 0.84406
INFO | Val - Loss, MSE, MAE: 1.21792, 1.21792, 0.50106
INFO | Test - Best epoch, Loss, MSE, MAE: 121, 0.83891, 0.83891, 0.47269
INFO | Test - Points (EXACT): total_masked=633328 correct=1912 right_rate=0.3019%
INFO | - Epoch 122, ExpID 44757 best_epoch=122 improved=1
INFO | Train - Loss (last batch): 0.80938
INFO | Val - Loss, MSE, MAE: 1.21760, 1.21760, 0.50080
INFO | Test - Best epoch, Loss, MSE, MAE: 122, 0.83874, 0.83874, 0.47244
INFO | Test - Points (EXACT): total_masked=633328 correct=1939 right_rate=0.3062%
INFO | - Epoch 123, ExpID 44757 best_epoch=122 improved=0
INFO | Train - Loss (last batch): 0.80436
INFO | Val - Loss, MSE, MAE: 1.21787, 1.21787, 0.49550
INFO | Test - Best epoch, Loss, MSE, MAE: 122, 0.83874, 0.83874, 0.47244
INFO | Test - Points (EXACT): total_masked=633328 correct=1939 right_rate=0.3062%
INFO | - Epoch 124, ExpID 44757 best_epoch=124 improved=1
INFO | Train - Loss (last batch): 0.83384
INFO | Val - Loss, MSE, MAE: 1.21698, 1.21698, 0.50007
INFO | Test - Best epoch, Loss, MSE, MAE: 124, 0.83820, 0.83820, 0.47179
INFO | Test - Points (EXACT): total_masked=633328 correct=1623 right_rate=0.2563%
INFO | - Epoch 125, ExpID 44757 best_epoch=125 improved=1
INFO | Train - Loss (last batch): 0.65217
INFO | Val - Loss, MSE, MAE: 1.21641, 1.21641, 0.49772
INFO | Test - Best epoch, Loss, MSE, MAE: 125, 0.83735, 0.83735, 0.46930
INFO | Test - Points (EXACT): total_masked=633328 correct=1861 right_rate=0.2938%
INFO | - Epoch 126, ExpID 44757 best_epoch=125 improved=0
INFO | Train - Loss (last batch): 0.78624
INFO | Val - Loss, MSE, MAE: 1.21641, 1.21641, 0.49636
INFO | Test - Best epoch, Loss, MSE, MAE: 125, 0.83735, 0.83735, 0.46930
INFO | Test - Points (EXACT): total_masked=633328 correct=1861 right_rate=0.2938%
INFO | - Epoch 127, ExpID 44757 best_epoch=127 improved=1
INFO | Train - Loss (last batch): 0.83355
INFO | Val - Loss, MSE, MAE: 1.21600, 1.21600, 0.49692
INFO | Test - Best epoch, Loss, MSE, MAE: 127, 0.83697, 0.83697, 0.46859
INFO | Test - Points (EXACT): total_masked=633328 correct=1586 right_rate=0.2504%
INFO | - Epoch 128, ExpID 44757 best_epoch=128 improved=1
INFO | Train - Loss (last batch): 0.79593
INFO | Val - Loss, MSE, MAE: 1.21539, 1.21539, 0.49881
INFO | Test - Best epoch, Loss, MSE, MAE: 128, 0.83657, 0.83657, 0.47049
INFO | Test - Points (EXACT): total_masked=633328 correct=1709 right_rate=0.2698%
INFO | - Epoch 129, ExpID 44757 best_epoch=129 improved=1
INFO | Train - Loss (last batch): 0.71531
INFO | Val - Loss, MSE, MAE: 1.21495, 1.21495, 0.49908
INFO | Test - Best epoch, Loss, MSE, MAE: 129, 0.83600, 0.83600, 0.47074
INFO | Test - Points (EXACT): total_masked=633328 correct=1951 right_rate=0.3081%
INFO | - Epoch 130, ExpID 44757 best_epoch=130 improved=1
INFO | Train - Loss (last batch): 0.76922
INFO | Val - Loss, MSE, MAE: 1.21471, 1.21471, 0.49805
INFO | Test - Best epoch, Loss, MSE, MAE: 130, 0.83584, 0.83584, 0.46968
INFO | Test - Points (EXACT): total_masked=633328 correct=1941 right_rate=0.3065%
INFO | - Epoch 131, ExpID 44757 best_epoch=131 improved=1
INFO | Train - Loss (last batch): 0.90954
INFO | Val - Loss, MSE, MAE: 1.21415, 1.21415, 0.49848
INFO | Test - Best epoch, Loss, MSE, MAE: 131, 0.83536, 0.83536, 0.47014
INFO | Test - Points (EXACT): total_masked=633328 correct=1986 right_rate=0.3136%
INFO | - Epoch 132, ExpID 44757 best_epoch=132 improved=1
INFO | Train - Loss (last batch): 0.79752
INFO | Val - Loss, MSE, MAE: 1.21408, 1.21408, 0.49639
INFO | Test - Best epoch, Loss, MSE, MAE: 132, 0.83512, 0.83512, 0.46810
INFO | Test - Points (EXACT): total_masked=633328 correct=1651 right_rate=0.2607%
INFO | - Epoch 133, ExpID 44757 best_epoch=133 improved=1
INFO | Train - Loss (last batch): 0.73941
INFO | Val - Loss, MSE, MAE: 1.21337, 1.21337, 0.49892
INFO | Test - Best epoch, Loss, MSE, MAE: 133, 0.83457, 0.83457, 0.47055
INFO | Test - Points (EXACT): total_masked=633328 correct=3027 right_rate=0.4780%
INFO | - Epoch 134, ExpID 44757 best_epoch=134 improved=1
INFO | Train - Loss (last batch): 0.96213
INFO | Val - Loss, MSE, MAE: 1.21323, 1.21323, 0.49580
INFO | Test - Best epoch, Loss, MSE, MAE: 134, 0.83455, 0.83455, 0.46747
INFO | Test - Points (EXACT): total_masked=633328 correct=1785 right_rate=0.2818%
INFO | - Epoch 135, ExpID 44757 best_epoch=135 improved=1
INFO | Train - Loss (last batch): 0.95906
INFO | Val - Loss, MSE, MAE: 1.21271, 1.21271, 0.49532
INFO | Test - Best epoch, Loss, MSE, MAE: 135, 0.83388, 0.83388, 0.46695
INFO | Test - Points (EXACT): total_masked=633328 correct=1813 right_rate=0.2863%
INFO | - Epoch 136, ExpID 44757 best_epoch=136 improved=1
INFO | Train - Loss (last batch): 0.99171
INFO | Val - Loss, MSE, MAE: 1.21220, 1.21220, 0.49987
INFO | Test - Best epoch, Loss, MSE, MAE: 136, 0.83394, 0.83394, 0.47163
INFO | Test - Points (EXACT): total_masked=633328 correct=1933 right_rate=0.3052%
INFO | - Epoch 137, ExpID 44757 best_epoch=137 improved=1
INFO | Train - Loss (last batch): 0.86429
INFO | Val - Loss, MSE, MAE: 1.21159, 1.21159, 0.49674
INFO | Test - Best epoch, Loss, MSE, MAE: 137, 0.83292, 0.83292, 0.46832
INFO | Test - Points (EXACT): total_masked=633328 correct=2099 right_rate=0.3314%
INFO | - Epoch 138, ExpID 44757 best_epoch=138 improved=1
INFO | Train - Loss (last batch): 0.80032
INFO | Val - Loss, MSE, MAE: 1.21147, 1.21147, 0.49447
INFO | Test - Best epoch, Loss, MSE, MAE: 138, 0.83256, 0.83256, 0.46599
INFO | Test - Points (EXACT): total_masked=633328 correct=2111 right_rate=0.3333%
INFO | - Epoch 139, ExpID 44757 best_epoch=139 improved=1
INFO | Train - Loss (last batch): 0.75017
INFO | Val - Loss, MSE, MAE: 1.21096, 1.21096, 0.49551
INFO | Test - Best epoch, Loss, MSE, MAE: 139, 0.83244, 0.83244, 0.46718
INFO | Test - Points (EXACT): total_masked=633328 correct=1765 right_rate=0.2787%
INFO | - Epoch 140, ExpID 44757 best_epoch=140 improved=1
INFO | Train - Loss (last batch): 0.89815
INFO | Val - Loss, MSE, MAE: 1.21004, 1.21004, 0.49885
INFO | Test - Best epoch, Loss, MSE, MAE: 140, 0.83190, 0.83190, 0.47056
INFO | Test - Points (EXACT): total_masked=633328 correct=2140 right_rate=0.3379%
INFO | - Epoch 141, ExpID 44757 best_epoch=141 improved=1
INFO | Train - Loss (last batch): 0.89297
INFO | Val - Loss, MSE, MAE: 1.20978, 1.20978, 0.49815
INFO | Test - Best epoch, Loss, MSE, MAE: 141, 0.83184, 0.83184, 0.46988
INFO | Test - Points (EXACT): total_masked=633328 correct=1934 right_rate=0.3054%
INFO | - Epoch 142, ExpID 44757 best_epoch=142 improved=1
INFO | Train - Loss (last batch): 0.85759
INFO | Val - Loss, MSE, MAE: 1.20929, 1.20929, 0.49782
INFO | Test - Best epoch, Loss, MSE, MAE: 142, 0.83095, 0.83095, 0.46940
INFO | Test - Points (EXACT): total_masked=633328 correct=3135 right_rate=0.4950%
INFO | - Epoch 143, ExpID 44757 best_epoch=143 improved=1
INFO | Train - Loss (last batch): 0.87740
INFO | Val - Loss, MSE, MAE: 1.20910, 1.20910, 0.49414
INFO | Test - Best epoch, Loss, MSE, MAE: 143, 0.83073, 0.83073, 0.46575
INFO | Test - Points (EXACT): total_masked=633328 correct=2027 right_rate=0.3201%
INFO | - Epoch 144, ExpID 44757 best_epoch=144 improved=1
INFO | Train - Loss (last batch): 0.90340
INFO | Val - Loss, MSE, MAE: 1.20884, 1.20884, 0.49291
INFO | Test - Best epoch, Loss, MSE, MAE: 144, 0.83060, 0.83060, 0.46453
INFO | Test - Points (EXACT): total_masked=633328 correct=1829 right_rate=0.2888%
INFO | - Epoch 145, ExpID 44757 best_epoch=145 improved=1
INFO | Train - Loss (last batch): 0.71439
INFO | Val - Loss, MSE, MAE: 1.20817, 1.20817, 0.49452
INFO | Test - Best epoch, Loss, MSE, MAE: 145, 0.83005, 0.83005, 0.46611
INFO | Test - Points (EXACT): total_masked=633328 correct=1942 right_rate=0.3066%
INFO | - Epoch 146, ExpID 44757 best_epoch=146 improved=1
INFO | Train - Loss (last batch): 0.78398
INFO | Val - Loss, MSE, MAE: 1.20797, 1.20797, 0.49731
INFO | Test - Best epoch, Loss, MSE, MAE: 146, 0.83025, 0.83025, 0.46891
INFO | Test - Points (EXACT): total_masked=633328 correct=2928 right_rate=0.4623%
INFO | - Epoch 147, ExpID 44757 best_epoch=147 improved=1
INFO | Train - Loss (last batch): 0.78886
INFO | Val - Loss, MSE, MAE: 1.20725, 1.20725, 0.49467
INFO | Test - Best epoch, Loss, MSE, MAE: 147, 0.82920, 0.82920, 0.46617
INFO | Test - Points (EXACT): total_masked=633328 correct=3198 right_rate=0.5050%
INFO | - Epoch 148, ExpID 44757 best_epoch=148 improved=1
INFO | Train - Loss (last batch): 0.90555
INFO | Val - Loss, MSE, MAE: 1.20683, 1.20683, 0.49389
INFO | Test - Best epoch, Loss, MSE, MAE: 148, 0.82897, 0.82897, 0.46547
INFO | Test - Points (EXACT): total_masked=633328 correct=2059 right_rate=0.3251%
INFO | - Epoch 149, ExpID 44757 best_epoch=149 improved=1
INFO | Train - Loss (last batch): 0.84603
INFO | Val - Loss, MSE, MAE: 1.20677, 1.20677, 0.49450
INFO | Test - Best epoch, Loss, MSE, MAE: 149, 0.82914, 0.82914, 0.46612
INFO | Test - Points (EXACT): total_masked=633328 correct=1993 right_rate=0.3147%
INFO | - Epoch 150, ExpID 44757 best_epoch=150 improved=1
INFO | Train - Loss (last batch): 0.90471
INFO | Val - Loss, MSE, MAE: 1.20595, 1.20595, 0.49203
INFO | Test - Best epoch, Loss, MSE, MAE: 150, 0.82816, 0.82816, 0.46353
INFO | Test - Points (EXACT): total_masked=633328 correct=2009 right_rate=0.3172%
INFO | - Epoch 151, ExpID 44757 best_epoch=151 improved=1
INFO | Train - Loss (last batch): 0.75711
INFO | Val - Loss, MSE, MAE: 1.20554, 1.20554, 0.49325
INFO | Test - Best epoch, Loss, MSE, MAE: 151, 0.82791, 0.82791, 0.46481
INFO | Test - Points (EXACT): total_masked=633328 correct=2333 right_rate=0.3684%
INFO | - Epoch 152, ExpID 44757 best_epoch=152 improved=1
INFO | Train - Loss (last batch): 0.92509
INFO | Val - Loss, MSE, MAE: 1.20464, 1.20464, 0.49676
INFO | Test - Best epoch, Loss, MSE, MAE: 152, 0.82722, 0.82722, 0.46831
INFO | Test - Points (EXACT): total_masked=633328 correct=3289 right_rate=0.5193%
INFO | - Epoch 153, ExpID 44757 best_epoch=153 improved=1
INFO | Train - Loss (last batch): 0.92592
INFO | Val - Loss, MSE, MAE: 1.20435, 1.20435, 0.49431
INFO | Test - Best epoch, Loss, MSE, MAE: 153, 0.82692, 0.82692, 0.46588
INFO | Test - Points (EXACT): total_masked=633328 correct=2412 right_rate=0.3808%
INFO | - Epoch 154, ExpID 44757 best_epoch=153 improved=0
INFO | Train - Loss (last batch): 0.70471
INFO | Val - Loss, MSE, MAE: 1.20451, 1.20451, 0.49194
INFO | Test - Best epoch, Loss, MSE, MAE: 153, 0.82692, 0.82692, 0.46588
INFO | Test - Points (EXACT): total_masked=633328 correct=2412 right_rate=0.3808%
INFO | - Epoch 155, ExpID 44757 best_epoch=155 improved=1
INFO | Train - Loss (last batch): 0.96241
INFO | Val - Loss, MSE, MAE: 1.20368, 1.20368, 0.49396
INFO | Test - Best epoch, Loss, MSE, MAE: 155, 0.82625, 0.82625, 0.46545
INFO | Test - Points (EXACT): total_masked=633328 correct=3675 right_rate=0.5803%
INFO | - Epoch 156, ExpID 44757 best_epoch=156 improved=1
INFO | Train - Loss (last batch): 0.97993
INFO | Val - Loss, MSE, MAE: 1.20324, 1.20324, 0.49207
INFO | Test - Best epoch, Loss, MSE, MAE: 156, 0.82552, 0.82552, 0.46348
INFO | Test - Points (EXACT): total_masked=633328 correct=4670 right_rate=0.7374%
INFO | - Epoch 157, ExpID 44757 best_epoch=157 improved=1
INFO | Train - Loss (last batch): 0.82047
INFO | Val - Loss, MSE, MAE: 1.20264, 1.20264, 0.49568
INFO | Test - Best epoch, Loss, MSE, MAE: 157, 0.82578, 0.82578, 0.46742
INFO | Test - Points (EXACT): total_masked=633328 correct=3238 right_rate=0.5113%
INFO | - Epoch 158, ExpID 44757 best_epoch=158 improved=1
INFO | Train - Loss (last batch): 0.77495
INFO | Val - Loss, MSE, MAE: 1.20220, 1.20220, 0.49347
INFO | Test - Best epoch, Loss, MSE, MAE: 158, 0.82517, 0.82517, 0.46500
INFO | Test - Points (EXACT): total_masked=633328 correct=5528 right_rate=0.8728%
INFO | - Epoch 159, ExpID 44757 best_epoch=159 improved=1
INFO | Train - Loss (last batch): 0.94584
INFO | Val - Loss, MSE, MAE: 1.20208, 1.20208, 0.49014
INFO | Test - Best epoch, Loss, MSE, MAE: 159, 0.82499, 0.82499, 0.46172
INFO | Test - Points (EXACT): total_masked=633328 correct=4743 right_rate=0.7489%
INFO | - Epoch 160, ExpID 44757 best_epoch=160 improved=1
INFO | Train - Loss (last batch): 0.73922
INFO | Val - Loss, MSE, MAE: 1.20187, 1.20187, 0.49202
INFO | Test - Best epoch, Loss, MSE, MAE: 160, 0.82497, 0.82497, 0.46369
INFO | Test - Points (EXACT): total_masked=633328 correct=4408 right_rate=0.6960%
INFO | - Epoch 161, ExpID 44757 best_epoch=161 improved=1
INFO | Train - Loss (last batch): 1.17303
INFO | Val - Loss, MSE, MAE: 1.20165, 1.20165, 0.48818
INFO | Test - Best epoch, Loss, MSE, MAE: 161, 0.82421, 0.82421, 0.45964
INFO | Test - Points (EXACT): total_masked=633328 correct=5675 right_rate=0.8961%
INFO | - Epoch 162, ExpID 44757 best_epoch=162 improved=1
INFO | Train - Loss (last batch): 0.85431
INFO | Val - Loss, MSE, MAE: 1.20050, 1.20050, 0.49062
INFO | Test - Best epoch, Loss, MSE, MAE: 162, 0.82339, 0.82339, 0.46212
INFO | Test - Points (EXACT): total_masked=633328 correct=4981 right_rate=0.7865%
INFO | - Epoch 163, ExpID 44757 best_epoch=163 improved=1
INFO | Train - Loss (last batch): 0.80728
INFO | Val - Loss, MSE, MAE: 1.20021, 1.20021, 0.48878
INFO | Test - Best epoch, Loss, MSE, MAE: 163, 0.82313, 0.82313, 0.46032
INFO | Test - Points (EXACT): total_masked=633328 correct=5262 right_rate=0.8308%
INFO | - Epoch 164, ExpID 44757 best_epoch=164 improved=1
INFO | Train - Loss (last batch): 1.00200
INFO | Val - Loss, MSE, MAE: 1.19960, 1.19960, 0.49050
INFO | Test - Best epoch, Loss, MSE, MAE: 164, 0.82273, 0.82273, 0.46208
INFO | Test - Points (EXACT): total_masked=633328 correct=4589 right_rate=0.7246%
INFO | - Epoch 165, ExpID 44757 best_epoch=164 improved=0
INFO | Train - Loss (last batch): 0.75578
INFO | Val - Loss, MSE, MAE: 1.19966, 1.19966, 0.48708
INFO | Test - Best epoch, Loss, MSE, MAE: 164, 0.82273, 0.82273, 0.46208
INFO | Test - Points (EXACT): total_masked=633328 correct=4589 right_rate=0.7246%
INFO | - Epoch 166, ExpID 44757 best_epoch=166 improved=1
INFO | Train - Loss (last batch): 0.67069
INFO | Val - Loss, MSE, MAE: 1.19898, 1.19898, 0.48943
INFO | Test - Best epoch, Loss, MSE, MAE: 166, 0.82233, 0.82233, 0.46113
INFO | Test - Points (EXACT): total_masked=633328 correct=5357 right_rate=0.8458%
INFO | - Epoch 167, ExpID 44757 best_epoch=167 improved=1
INFO | Train - Loss (last batch): 0.79627
INFO | Val - Loss, MSE, MAE: 1.19850, 1.19850, 0.48899
INFO | Test - Best epoch, Loss, MSE, MAE: 167, 0.82177, 0.82177, 0.46058
INFO | Test - Points (EXACT): total_masked=633328 correct=4977 right_rate=0.7858%
INFO | - Epoch 168, ExpID 44757 best_epoch=168 improved=1
INFO | Train - Loss (last batch): 0.73305
INFO | Val - Loss, MSE, MAE: 1.19809, 1.19809, 0.48965
INFO | Test - Best epoch, Loss, MSE, MAE: 168, 0.82144, 0.82144, 0.46128
INFO | Test - Points (EXACT): total_masked=633328 correct=5217 right_rate=0.8237%
INFO | - Epoch 169, ExpID 44757 best_epoch=169 improved=1
INFO | Train - Loss (last batch): 0.79103
INFO | Val - Loss, MSE, MAE: 1.19763, 1.19763, 0.49166
INFO | Test - Best epoch, Loss, MSE, MAE: 169, 0.82103, 0.82103, 0.46331
INFO | Test - Points (EXACT): total_masked=633328 correct=5330 right_rate=0.8416%
INFO | - Epoch 170, ExpID 44757 best_epoch=170 improved=1
INFO | Train - Loss (last batch): 0.69658
INFO | Val - Loss, MSE, MAE: 1.19714, 1.19714, 0.49040
INFO | Test - Best epoch, Loss, MSE, MAE: 170, 0.82082, 0.82082, 0.46216
INFO | Test - Points (EXACT): total_masked=633328 correct=4675 right_rate=0.7382%
INFO | - Epoch 171, ExpID 44757 best_epoch=171 improved=1
INFO | Train - Loss (last batch): 0.83210
INFO | Val - Loss, MSE, MAE: 1.19692, 1.19692, 0.48787
INFO | Test - Best epoch, Loss, MSE, MAE: 171, 0.82022, 0.82022, 0.45953
INFO | Test - Points (EXACT): total_masked=633328 correct=4973 right_rate=0.7852%
INFO | - Epoch 172, ExpID 44757 best_epoch=172 improved=1
INFO | Train - Loss (last batch): 0.66099
INFO | Val - Loss, MSE, MAE: 1.19681, 1.19681, 0.48958
INFO | Test - Best epoch, Loss, MSE, MAE: 172, 0.82052, 0.82052, 0.46139
INFO | Test - Points (EXACT): total_masked=633328 correct=4864 right_rate=0.7680%
INFO | - Epoch 173, ExpID 44757 best_epoch=173 improved=1
INFO | Train - Loss (last batch): 0.67745
INFO | Val - Loss, MSE, MAE: 1.19592, 1.19592, 0.48958
INFO | Test - Best epoch, Loss, MSE, MAE: 173, 0.81959, 0.81959, 0.46126
INFO | Test - Points (EXACT): total_masked=633328 correct=5103 right_rate=0.8057%
INFO | - Epoch 174, ExpID 44757 best_epoch=173 improved=0
INFO | Train - Loss (last batch): 0.80459
INFO | Val - Loss, MSE, MAE: 1.19594, 1.19594, 0.48822
INFO | Test - Best epoch, Loss, MSE, MAE: 173, 0.81959, 0.81959, 0.46126
INFO | Test - Points (EXACT): total_masked=633328 correct=5103 right_rate=0.8057%
INFO | - Epoch 175, ExpID 44757 best_epoch=175 improved=1
INFO | Train - Loss (last batch): 0.70597
INFO | Val - Loss, MSE, MAE: 1.19532, 1.19532, 0.48949
INFO | Test - Best epoch, Loss, MSE, MAE: 175, 0.81897, 0.81897, 0.46111
INFO | Test - Points (EXACT): total_masked=633328 correct=5653 right_rate=0.8926%
INFO | - Epoch 176, ExpID 44757 best_epoch=176 improved=1
INFO | Train - Loss (last batch): 0.77426
INFO | Val - Loss, MSE, MAE: 1.19494, 1.19494, 0.49014
INFO | Test - Best epoch, Loss, MSE, MAE: 176, 0.81891, 0.81891, 0.46191
INFO | Test - Points (EXACT): total_masked=633328 correct=5101 right_rate=0.8054%
INFO | - Epoch 177, ExpID 44757 best_epoch=177 improved=1
INFO | Train - Loss (last batch): 0.82871
INFO | Val - Loss, MSE, MAE: 1.19486, 1.19486, 0.48681
INFO | Test - Best epoch, Loss, MSE, MAE: 177, 0.81849, 0.81849, 0.45850
INFO | Test - Points (EXACT): total_masked=633328 correct=5528 right_rate=0.8728%
INFO | - Epoch 178, ExpID 44757 best_epoch=178 improved=1
INFO | Train - Loss (last batch): 0.77669
INFO | Val - Loss, MSE, MAE: 1.19432, 1.19432, 0.48751
INFO | Test - Best epoch, Loss, MSE, MAE: 178, 0.81812, 0.81812, 0.45927
INFO | Test - Points (EXACT): total_masked=633328 correct=5105 right_rate=0.8061%
INFO | - Epoch 179, ExpID 44757 best_epoch=179 improved=1
INFO | Train - Loss (last batch): 0.72334
INFO | Val - Loss, MSE, MAE: 1.19386, 1.19386, 0.48772
INFO | Test - Best epoch, Loss, MSE, MAE: 179, 0.81771, 0.81771, 0.45954
INFO | Test - Points (EXACT): total_masked=633328 correct=4750 right_rate=0.7500%
INFO | - Epoch 180, ExpID 44757 best_epoch=180 improved=1
INFO | Train - Loss (last batch): 0.66552
INFO | Val - Loss, MSE, MAE: 1.19372, 1.19372, 0.48791
INFO | Test - Best epoch, Loss, MSE, MAE: 180, 0.81767, 0.81767, 0.45984
INFO | Test - Points (EXACT): total_masked=633328 correct=4916 right_rate=0.7762%
INFO | - Epoch 181, ExpID 44757 best_epoch=181 improved=1
INFO | Train - Loss (last batch): 0.71224
INFO | Val - Loss, MSE, MAE: 1.19318, 1.19318, 0.48697
INFO | Test - Best epoch, Loss, MSE, MAE: 181, 0.81706, 0.81706, 0.45877
INFO | Test - Points (EXACT): total_masked=633328 correct=4858 right_rate=0.7671%
INFO | - Epoch 182, ExpID 44757 best_epoch=182 improved=1
INFO | Train - Loss (last batch): 0.78221
INFO | Val - Loss, MSE, MAE: 1.19294, 1.19294, 0.48666
INFO | Test - Best epoch, Loss, MSE, MAE: 182, 0.81665, 0.81665, 0.45837
INFO | Test - Points (EXACT): total_masked=633328 correct=5702 right_rate=0.9003%
INFO | - Epoch 183, ExpID 44757 best_epoch=183 improved=1
INFO | Train - Loss (last batch): 0.84185
INFO | Val - Loss, MSE, MAE: 1.19270, 1.19270, 0.48557
INFO | Test - Best epoch, Loss, MSE, MAE: 183, 0.81636, 0.81636, 0.45728
INFO | Test - Points (EXACT): total_masked=633328 correct=5503 right_rate=0.8689%
INFO | - Epoch 184, ExpID 44757 best_epoch=184 improved=1
INFO | Train - Loss (last batch): 0.77536
INFO | Val - Loss, MSE, MAE: 1.19233, 1.19233, 0.48616
INFO | Test - Best epoch, Loss, MSE, MAE: 184, 0.81613, 0.81613, 0.45800
INFO | Test - Points (EXACT): total_masked=633328 correct=5212 right_rate=0.8230%
INFO | - Epoch 185, ExpID 44757 best_epoch=185 improved=1
INFO | Train - Loss (last batch): 0.72726
INFO | Val - Loss, MSE, MAE: 1.19220, 1.19220, 0.48372
INFO | Test - Best epoch, Loss, MSE, MAE: 185, 0.81573, 0.81573, 0.45540
INFO | Test - Points (EXACT): total_masked=633328 correct=6290 right_rate=0.9932%
INFO | - Epoch 186, ExpID 44757 best_epoch=186 improved=1
INFO | Train - Loss (last batch): 0.74879
INFO | Val - Loss, MSE, MAE: 1.19188, 1.19188, 0.48534
INFO | Test - Best epoch, Loss, MSE, MAE: 186, 0.81602, 0.81602, 0.45723
INFO | Test - Points (EXACT): total_masked=633328 correct=5149 right_rate=0.8130%
INFO | - Epoch 187, ExpID 44757 best_epoch=187 improved=1
INFO | Train - Loss (last batch): 0.82425
INFO | Val - Loss, MSE, MAE: 1.19116, 1.19116, 0.48616
INFO | Test - Best epoch, Loss, MSE, MAE: 187, 0.81516, 0.81516, 0.45794
INFO | Test - Points (EXACT): total_masked=633328 correct=6147 right_rate=0.9706%
INFO | - Epoch 188, ExpID 44757 best_epoch=188 improved=1
INFO | Train - Loss (last batch): 0.84137
INFO | Val - Loss, MSE, MAE: 1.19089, 1.19089, 0.48547
INFO | Test - Best epoch, Loss, MSE, MAE: 188, 0.81480, 0.81480, 0.45723
INFO | Test - Points (EXACT): total_masked=633328 correct=5947 right_rate=0.9390%
INFO | - Epoch 189, ExpID 44757 best_epoch=189 improved=1
INFO | Train - Loss (last batch): 0.73476
INFO | Val - Loss, MSE, MAE: 1.19027, 1.19027, 0.48685
INFO | Test - Best epoch, Loss, MSE, MAE: 189, 0.81460, 0.81460, 0.45888
INFO | Test - Points (EXACT): total_masked=633328 correct=4796 right_rate=0.7573%
INFO | - Epoch 190, ExpID 44757 best_epoch=189 improved=0
INFO | Train - Loss (last batch): 0.72181
INFO | Val - Loss, MSE, MAE: 1.19042, 1.19042, 0.48385
INFO | Test - Best epoch, Loss, MSE, MAE: 189, 0.81460, 0.81460, 0.45888
INFO | Test - Points (EXACT): total_masked=633328 correct=4796 right_rate=0.7573%
INFO | - Epoch 191, ExpID 44757 best_epoch=191 improved=1
INFO | Train - Loss (last batch): 0.67514
INFO | Val - Loss, MSE, MAE: 1.18971, 1.18971, 0.48715
INFO | Test - Best epoch, Loss, MSE, MAE: 191, 0.81398, 0.81398, 0.45909
INFO | Test - Points (EXACT): total_masked=633328 correct=5078 right_rate=0.8018%
INFO | - Epoch 192, ExpID 44757 best_epoch=192 improved=1
INFO | Train - Loss (last batch): 0.72523
INFO | Val - Loss, MSE, MAE: 1.18958, 1.18958, 0.48390
INFO | Test - Best epoch, Loss, MSE, MAE: 192, 0.81348, 0.81348, 0.45580
INFO | Test - Points (EXACT): total_masked=633328 correct=5509 right_rate=0.8698%
INFO | - Epoch 193, ExpID 44757 best_epoch=192 improved=0
INFO | Train - Loss (last batch): 0.84887
INFO | Val - Loss, MSE, MAE: 1.19016, 1.19016, 0.48573
INFO | Test - Best epoch, Loss, MSE, MAE: 192, 0.81348, 0.81348, 0.45580
INFO | Test - Points (EXACT): total_masked=633328 correct=5509 right_rate=0.8698%
INFO | - Epoch 194, ExpID 44757 best_epoch=194 improved=1
INFO | Train - Loss (last batch): 0.71070
INFO | Val - Loss, MSE, MAE: 1.18914, 1.18914, 0.48244
INFO | Test - Best epoch, Loss, MSE, MAE: 194, 0.81318, 0.81318, 0.45432
INFO | Test - Points (EXACT): total_masked=633328 correct=5722 right_rate=0.9035%
INFO | - Epoch 195, ExpID 44757 best_epoch=195 improved=1
INFO | Train - Loss (last batch): 0.81679
INFO | Val - Loss, MSE, MAE: 1.18871, 1.18871, 0.48123
INFO | Test - Best epoch, Loss, MSE, MAE: 195, 0.81263, 0.81263, 0.45307
INFO | Test - Points (EXACT): total_masked=633328 correct=6096 right_rate=0.9625%
INFO | - Epoch 196, ExpID 44757 best_epoch=196 improved=1
INFO | Train - Loss (last batch): 0.71450
INFO | Val - Loss, MSE, MAE: 1.18809, 1.18809, 0.48414
INFO | Test - Best epoch, Loss, MSE, MAE: 196, 0.81240, 0.81240, 0.45609
INFO | Test - Points (EXACT): total_masked=633328 correct=5170 right_rate=0.8163%
INFO | - Epoch 197, ExpID 44757 best_epoch=196 improved=0
INFO | Train - Loss (last batch): 0.83670
INFO | Val - Loss, MSE, MAE: 1.18810, 1.18810, 0.48360
INFO | Test - Best epoch, Loss, MSE, MAE: 196, 0.81240, 0.81240, 0.45609
INFO | Test - Points (EXACT): total_masked=633328 correct=5170 right_rate=0.8163%
INFO | - Epoch 198, ExpID 44757 best_epoch=198 improved=1
INFO | Train - Loss (last batch): 0.92764
INFO | Val - Loss, MSE, MAE: 1.18767, 1.18767, 0.48319
INFO | Test - Best epoch, Loss, MSE, MAE: 198, 0.81173, 0.81173, 0.45507
INFO | Test - Points (EXACT): total_masked=633328 correct=5806 right_rate=0.9167%
INFO | - Epoch 199, ExpID 44757 best_epoch=199 improved=1
INFO | Train - Loss (last batch): 0.77821
INFO | Val - Loss, MSE, MAE: 1.18698, 1.18698, 0.48411
INFO | Test - Best epoch, Loss, MSE, MAE: 199, 0.81171, 0.81171, 0.45617
INFO | Test - Points (EXACT): total_masked=633328 correct=5535 right_rate=0.8740%
INFO | - Epoch 200, ExpID 44757 best_epoch=199 improved=0
INFO | Train - Loss (last batch): 0.76219
INFO | Val - Loss, MSE, MAE: 1.18699, 1.18699, 0.48128
INFO | Test - Best epoch, Loss, MSE, MAE: 199, 0.81171, 0.81171, 0.45617
INFO | Test - Points (EXACT): total_masked=633328 correct=5535 right_rate=0.8740%
INFO | - Epoch 201, ExpID 44757 best_epoch=201 improved=1
INFO | Train - Loss (last batch): 0.79440
INFO | Val - Loss, MSE, MAE: 1.18663, 1.18663, 0.48128
INFO | Test - Best epoch, Loss, MSE, MAE: 201, 0.81082, 0.81082, 0.45316
INFO | Test - Points (EXACT): total_masked=633328 correct=6187 right_rate=0.9769%
INFO | - Epoch 202, ExpID 44757 best_epoch=202 improved=1
INFO | Train - Loss (last batch): 0.70180
INFO | Val - Loss, MSE, MAE: 1.18618, 1.18618, 0.48381
INFO | Test - Best epoch, Loss, MSE, MAE: 202, 0.81073, 0.81073, 0.45574
INFO | Test - Points (EXACT): total_masked=633328 correct=5676 right_rate=0.8962%
INFO | - Epoch 203, ExpID 44757 best_epoch=202 improved=0
INFO | Train - Loss (last batch): 0.93070
INFO | Val - Loss, MSE, MAE: 1.18636, 1.18636, 0.48466
INFO | Test - Best epoch, Loss, MSE, MAE: 202, 0.81073, 0.81073, 0.45574
INFO | Test - Points (EXACT): total_masked=633328 correct=5676 right_rate=0.8962%
INFO | - Epoch 204, ExpID 44757 best_epoch=202 improved=0
INFO | Train - Loss (last batch): 0.85144
INFO | Val - Loss, MSE, MAE: 1.18759, 1.18759, 0.48498
INFO | Test - Best epoch, Loss, MSE, MAE: 202, 0.81073, 0.81073, 0.45574
INFO | Test - Points (EXACT): total_masked=633328 correct=5676 right_rate=0.8962%
INFO | - Epoch 205, ExpID 44757 best_epoch=205 improved=1
INFO | Train - Loss (last batch): 0.92532
INFO | Val - Loss, MSE, MAE: 1.18533, 1.18533, 0.48189
INFO | Test - Best epoch, Loss, MSE, MAE: 205, 0.80996, 0.80996, 0.45384
INFO | Test - Points (EXACT): total_masked=633328 correct=6029 right_rate=0.9520%
INFO | - Epoch 206, ExpID 44757 best_epoch=206 improved=1
INFO | Train - Loss (last batch): 0.77474
INFO | Val - Loss, MSE, MAE: 1.18518, 1.18518, 0.47998
INFO | Test - Best epoch, Loss, MSE, MAE: 206, 0.81000, 0.81000, 0.45194
INFO | Test - Points (EXACT): total_masked=633328 correct=6024 right_rate=0.9512%
INFO | - Epoch 207, ExpID 44757 best_epoch=207 improved=1
INFO | Train - Loss (last batch): 0.68560
INFO | Val - Loss, MSE, MAE: 1.18472, 1.18472, 0.48347
INFO | Test - Best epoch, Loss, MSE, MAE: 207, 0.80943, 0.80943, 0.45546
INFO | Test - Points (EXACT): total_masked=633328 correct=5860 right_rate=0.9253%
INFO | - Epoch 208, ExpID 44757 best_epoch=208 improved=1
INFO | Train - Loss (last batch): 0.92757
INFO | Val - Loss, MSE, MAE: 1.18421, 1.18421, 0.48362
INFO | Test - Best epoch, Loss, MSE, MAE: 208, 0.80944, 0.80944, 0.45587
INFO | Test - Points (EXACT): total_masked=633328 correct=5316 right_rate=0.8394%
INFO | - Epoch 209, ExpID 44757 best_epoch=208 improved=0
INFO | Train - Loss (last batch): 0.70892
INFO | Val - Loss, MSE, MAE: 1.18430, 1.18430, 0.47944
INFO | Test - Best epoch, Loss, MSE, MAE: 208, 0.80944, 0.80944, 0.45587
INFO | Test - Points (EXACT): total_masked=633328 correct=5316 right_rate=0.8394%
INFO | - Epoch 210, ExpID 44757 best_epoch=210 improved=1
INFO | Train - Loss (last batch): 0.80257
INFO | Val - Loss, MSE, MAE: 1.18393, 1.18393, 0.47958
INFO | Test - Best epoch, Loss, MSE, MAE: 210, 0.80877, 0.80877, 0.45157
INFO | Test - Points (EXACT): total_masked=633328 correct=5943 right_rate=0.9384%
INFO | - Epoch 211, ExpID 44757 best_epoch=211 improved=1
INFO | Train - Loss (last batch): 0.72480
INFO | Val - Loss, MSE, MAE: 1.18327, 1.18327, 0.48339
INFO | Test - Best epoch, Loss, MSE, MAE: 211, 0.80866, 0.80866, 0.45555
INFO | Test - Points (EXACT): total_masked=633328 correct=5518 right_rate=0.8713%
INFO | - Epoch 212, ExpID 44757 best_epoch=212 improved=1
INFO | Train - Loss (last batch): 0.83856
INFO | Val - Loss, MSE, MAE: 1.18322, 1.18322, 0.47986
INFO | Test - Best epoch, Loss, MSE, MAE: 212, 0.80841, 0.80841, 0.45188
INFO | Test - Points (EXACT): total_masked=633328 correct=6016 right_rate=0.9499%
INFO | - Epoch 213, ExpID 44757 best_epoch=213 improved=1
INFO | Train - Loss (last batch): 0.95138
INFO | Val - Loss, MSE, MAE: 1.18296, 1.18296, 0.48031
INFO | Test - Best epoch, Loss, MSE, MAE: 213, 0.80802, 0.80802, 0.45226
INFO | Test - Points (EXACT): total_masked=633328 correct=6342 right_rate=1.0014%
INFO | - Epoch 214, ExpID 44757 best_epoch=214 improved=1
INFO | Train - Loss (last batch): 0.81444
INFO | Val - Loss, MSE, MAE: 1.18220, 1.18220, 0.48421
INFO | Test - Best epoch, Loss, MSE, MAE: 214, 0.80795, 0.80795, 0.45639
INFO | Test - Points (EXACT): total_masked=633328 correct=5871 right_rate=0.9270%
INFO | - Epoch 215, ExpID 44757 best_epoch=215 improved=1
INFO | Train - Loss (last batch): 1.00411
INFO | Val - Loss, MSE, MAE: 1.18215, 1.18215, 0.48151
INFO | Test - Best epoch, Loss, MSE, MAE: 215, 0.80769, 0.80769, 0.45366
INFO | Test - Points (EXACT): total_masked=633328 correct=6000 right_rate=0.9474%
INFO | - Epoch 216, ExpID 44757 best_epoch=216 improved=1
INFO | Train - Loss (last batch): 0.76015
INFO | Val - Loss, MSE, MAE: 1.18209, 1.18209, 0.48058
INFO | Test - Best epoch, Loss, MSE, MAE: 216, 0.80768, 0.80768, 0.45291
INFO | Test - Points (EXACT): total_masked=633328 correct=5734 right_rate=0.9054%
INFO | - Epoch 217, ExpID 44757 best_epoch=217 improved=1
INFO | Train - Loss (last batch): 0.69948
INFO | Val - Loss, MSE, MAE: 1.18175, 1.18175, 0.48254
INFO | Test - Best epoch, Loss, MSE, MAE: 217, 0.80757, 0.80757, 0.45463
INFO | Test - Points (EXACT): total_masked=633328 correct=6707 right_rate=1.0590%
INFO | - Epoch 218, ExpID 44757 best_epoch=218 improved=1
INFO | Train - Loss (last batch): 0.87192
INFO | Val - Loss, MSE, MAE: 1.18117, 1.18117, 0.48419
INFO | Test - Best epoch, Loss, MSE, MAE: 218, 0.80706, 0.80706, 0.45646
INFO | Test - Points (EXACT): total_masked=633328 correct=5490 right_rate=0.8668%
INFO | - Epoch 219, ExpID 44757 best_epoch=218 improved=0
INFO | Train - Loss (last batch): 0.76795
INFO | Val - Loss, MSE, MAE: 1.18128, 1.18128, 0.48262
INFO | Test - Best epoch, Loss, MSE, MAE: 218, 0.80706, 0.80706, 0.45646
INFO | Test - Points (EXACT): total_masked=633328 correct=5490 right_rate=0.8668%
INFO | - Epoch 220, ExpID 44757 best_epoch=218 improved=0
INFO | Train - Loss (last batch): 0.82051
INFO | Val - Loss, MSE, MAE: 1.18124, 1.18124, 0.47909
INFO | Test - Best epoch, Loss, MSE, MAE: 218, 0.80706, 0.80706, 0.45646
INFO | Test - Points (EXACT): total_masked=633328 correct=5490 right_rate=0.8668%
INFO | - Epoch 221, ExpID 44757 best_epoch=221 improved=1
INFO | Train - Loss (last batch): 0.97869
INFO | Val - Loss, MSE, MAE: 1.18076, 1.18076, 0.48134
INFO | Test - Best epoch, Loss, MSE, MAE: 221, 0.80637, 0.80637, 0.45352
INFO | Test - Points (EXACT): total_masked=633328 correct=6111 right_rate=0.9649%
INFO | - Epoch 222, ExpID 44757 best_epoch=221 improved=0
INFO | Train - Loss (last batch): 0.79092
INFO | Val - Loss, MSE, MAE: 1.18077, 1.18077, 0.48132
INFO | Test - Best epoch, Loss, MSE, MAE: 221, 0.80637, 0.80637, 0.45352
INFO | Test - Points (EXACT): total_masked=633328 correct=6111 right_rate=0.9649%
INFO | - Epoch 223, ExpID 44757 best_epoch=223 improved=1
INFO | Train - Loss (last batch): 0.85701
INFO | Val - Loss, MSE, MAE: 1.18033, 1.18033, 0.48163
INFO | Test - Best epoch, Loss, MSE, MAE: 223, 0.80613, 0.80613, 0.45394
INFO | Test - Points (EXACT): total_masked=633328 correct=5889 right_rate=0.9298%
INFO | - Epoch 224, ExpID 44757 best_epoch=224 improved=1
INFO | Train - Loss (last batch): 0.69196
INFO | Val - Loss, MSE, MAE: 1.17973, 1.17973, 0.48177
INFO | Test - Best epoch, Loss, MSE, MAE: 224, 0.80591, 0.80591, 0.45409
INFO | Test - Points (EXACT): total_masked=633328 correct=5854 right_rate=0.9243%
INFO | - Epoch 225, ExpID 44757 best_epoch=224 improved=0
INFO | Train - Loss (last batch): 0.68646
INFO | Val - Loss, MSE, MAE: 1.18004, 1.18004, 0.47966
INFO | Test - Best epoch, Loss, MSE, MAE: 224, 0.80591, 0.80591, 0.45409
INFO | Test - Points (EXACT): total_masked=633328 correct=5854 right_rate=0.9243%
INFO | - Epoch 226, ExpID 44757 best_epoch=226 improved=1
INFO | Train - Loss (last batch): 0.63404
INFO | Val - Loss, MSE, MAE: 1.17925, 1.17925, 0.48127
INFO | Test - Best epoch, Loss, MSE, MAE: 226, 0.80557, 0.80557, 0.45362
INFO | Test - Points (EXACT): total_masked=633328 correct=5925 right_rate=0.9355%
INFO | - Epoch 227, ExpID 44757 best_epoch=226 improved=0
INFO | Train - Loss (last batch): 0.76369
INFO | Val - Loss, MSE, MAE: 1.17976, 1.17976, 0.47995
INFO | Test - Best epoch, Loss, MSE, MAE: 226, 0.80557, 0.80557, 0.45362
INFO | Test - Points (EXACT): total_masked=633328 correct=5925 right_rate=0.9355%
INFO | - Epoch 228, ExpID 44757 best_epoch=228 improved=1
INFO | Train - Loss (last batch): 0.75173
INFO | Val - Loss, MSE, MAE: 1.17923, 1.17923, 0.48047
INFO | Test - Best epoch, Loss, MSE, MAE: 228, 0.80558, 0.80558, 0.45291
INFO | Test - Points (EXACT): total_masked=633328 correct=6168 right_rate=0.9739%
INFO | - Epoch 229, ExpID 44757 best_epoch=228 improved=0
INFO | Train - Loss (last batch): 0.70038
INFO | Val - Loss, MSE, MAE: 1.17935, 1.17935, 0.48020
INFO | Test - Best epoch, Loss, MSE, MAE: 228, 0.80558, 0.80558, 0.45291
INFO | Test - Points (EXACT): total_masked=633328 correct=6168 right_rate=0.9739%
INFO | - Epoch 230, ExpID 44757 best_epoch=230 improved=1
INFO | Train - Loss (last batch): 0.79861
INFO | Val - Loss, MSE, MAE: 1.17862, 1.17862, 0.48182
INFO | Test - Best epoch, Loss, MSE, MAE: 230, 0.80486, 0.80486, 0.45394
INFO | Test - Points (EXACT): total_masked=633328 correct=6317 right_rate=0.9974%
INFO | - Epoch 231, ExpID 44757 best_epoch=231 improved=1
INFO | Train - Loss (last batch): 0.72899
INFO | Val - Loss, MSE, MAE: 1.17844, 1.17844, 0.47798
INFO | Test - Best epoch, Loss, MSE, MAE: 231, 0.80452, 0.80452, 0.45023
INFO | Test - Points (EXACT): total_masked=633328 correct=6301 right_rate=0.9949%
INFO | - Epoch 232, ExpID 44757 best_epoch=231 improved=0
INFO | Train - Loss (last batch): 0.74121
INFO | Val - Loss, MSE, MAE: 1.17845, 1.17845, 0.47758
INFO | Test - Best epoch, Loss, MSE, MAE: 231, 0.80452, 0.80452, 0.45023
INFO | Test - Points (EXACT): total_masked=633328 correct=6301 right_rate=0.9949%
INFO | - Epoch 233, ExpID 44757 best_epoch=233 improved=1
INFO | Train - Loss (last batch): 0.92476
INFO | Val - Loss, MSE, MAE: 1.17817, 1.17817, 0.47959
INFO | Test - Best epoch, Loss, MSE, MAE: 233, 0.80422, 0.80422, 0.45183
INFO | Test - Points (EXACT): total_masked=633328 correct=6378 right_rate=1.0071%
INFO | - Epoch 234, ExpID 44757 best_epoch=234 improved=1
INFO | Train - Loss (last batch): 0.86089
INFO | Val - Loss, MSE, MAE: 1.17789, 1.17789, 0.47791
INFO | Test - Best epoch, Loss, MSE, MAE: 234, 0.80483, 0.80483, 0.45054
INFO | Test - Points (EXACT): total_masked=633328 correct=6452 right_rate=1.0187%
INFO | - Epoch 235, ExpID 44757 best_epoch=235 improved=1
INFO | Train - Loss (last batch): 0.73391
INFO | Val - Loss, MSE, MAE: 1.17755, 1.17755, 0.47842
INFO | Test - Best epoch, Loss, MSE, MAE: 235, 0.80377, 0.80377, 0.45070
INFO | Test - Points (EXACT): total_masked=633328 correct=6257 right_rate=0.9880%
INFO | - Epoch 236, ExpID 44757 best_epoch=236 improved=1
INFO | Train - Loss (last batch): 0.93295
INFO | Val - Loss, MSE, MAE: 1.17747, 1.17747, 0.47867
INFO | Test - Best epoch, Loss, MSE, MAE: 236, 0.80365, 0.80365, 0.45089
INFO | Test - Points (EXACT): total_masked=633328 correct=6145 right_rate=0.9703%
INFO | - Epoch 237, ExpID 44757 best_epoch=237 improved=1
INFO | Train - Loss (last batch): 0.63553
INFO | Val - Loss, MSE, MAE: 1.17708, 1.17708, 0.47720
INFO | Test - Best epoch, Loss, MSE, MAE: 237, 0.80340, 0.80340, 0.44940
INFO | Test - Points (EXACT): total_masked=633328 correct=6229 right_rate=0.9835%
INFO | - Epoch 238, ExpID 44757 best_epoch=238 improved=1
INFO | Train - Loss (last batch): 0.77974
INFO | Val - Loss, MSE, MAE: 1.17628, 1.17628, 0.48159
INFO | Test - Best epoch, Loss, MSE, MAE: 238, 0.80350, 0.80350, 0.45415
INFO | Test - Points (EXACT): total_masked=633328 correct=5952 right_rate=0.9398%
INFO | - Epoch 239, ExpID 44757 best_epoch=238 improved=0
INFO | Train - Loss (last batch): 0.86012
INFO | Val - Loss, MSE, MAE: 1.17656, 1.17656, 0.48153
INFO | Test - Best epoch, Loss, MSE, MAE: 238, 0.80350, 0.80350, 0.45415
INFO | Test - Points (EXACT): total_masked=633328 correct=5952 right_rate=0.9398%
INFO | - Epoch 240, ExpID 44757 best_epoch=238 improved=0
INFO | Train - Loss (last batch): 0.68155
INFO | Val - Loss, MSE, MAE: 1.17675, 1.17675, 0.47863
INFO | Test - Best epoch, Loss, MSE, MAE: 238, 0.80350, 0.80350, 0.45415
INFO | Test - Points (EXACT): total_masked=633328 correct=5952 right_rate=0.9398%
INFO | - Epoch 241, ExpID 44757 best_epoch=241 improved=1
INFO | Train - Loss (last batch): 0.84444
INFO | Val - Loss, MSE, MAE: 1.17607, 1.17607, 0.47908
INFO | Test - Best epoch, Loss, MSE, MAE: 241, 0.80268, 0.80268, 0.45141
INFO | Test - Points (EXACT): total_masked=633328 correct=6608 right_rate=1.0434%
INFO | - Epoch 242, ExpID 44757 best_epoch=242 improved=1
INFO | Train - Loss (last batch): 0.91747
INFO | Val - Loss, MSE, MAE: 1.17559, 1.17559, 0.48329
INFO | Test - Best epoch, Loss, MSE, MAE: 242, 0.80293, 0.80293, 0.45580
INFO | Test - Points (EXACT): total_masked=633328 correct=6341 right_rate=1.0012%
INFO | - Epoch 243, ExpID 44757 best_epoch=242 improved=0
INFO | Train - Loss (last batch): 0.82467
INFO | Val - Loss, MSE, MAE: 1.17587, 1.17587, 0.47735
INFO | Test - Best epoch, Loss, MSE, MAE: 242, 0.80293, 0.80293, 0.45580
INFO | Test - Points (EXACT): total_masked=633328 correct=6341 right_rate=1.0012%
INFO | - Epoch 244, ExpID 44757 best_epoch=244 improved=1
INFO | Train - Loss (last batch): 0.65273
INFO | Val - Loss, MSE, MAE: 1.17544, 1.17544, 0.48120
INFO | Test - Best epoch, Loss, MSE, MAE: 244, 0.80232, 0.80232, 0.45348
INFO | Test - Points (EXACT): total_masked=633328 correct=6450 right_rate=1.0184%
INFO | - Epoch 245, ExpID 44757 best_epoch=245 improved=1
INFO | Train - Loss (last batch): 0.87983
INFO | Val - Loss, MSE, MAE: 1.17533, 1.17533, 0.47586
INFO | Test - Best epoch, Loss, MSE, MAE: 245, 0.80202, 0.80202, 0.44825
INFO | Test - Points (EXACT): total_masked=633328 correct=6840 right_rate=1.0800%
INFO | - Epoch 246, ExpID 44757 best_epoch=246 improved=1
INFO | Train - Loss (last batch): 0.76829
INFO | Val - Loss, MSE, MAE: 1.17483, 1.17483, 0.48074
INFO | Test - Best epoch, Loss, MSE, MAE: 246, 0.80214, 0.80214, 0.45314
INFO | Test - Points (EXACT): total_masked=633328 correct=6520 right_rate=1.0295%
INFO | - Epoch 247, ExpID 44757 best_epoch=246 improved=0
INFO | Train - Loss (last batch): 0.70848
INFO | Val - Loss, MSE, MAE: 1.17513, 1.17513, 0.47715
INFO | Test - Best epoch, Loss, MSE, MAE: 246, 0.80214, 0.80214, 0.45314
INFO | Test - Points (EXACT): total_masked=633328 correct=6520 right_rate=1.0295%
INFO | - Epoch 248, ExpID 44757 best_epoch=248 improved=1
INFO | Train - Loss (last batch): 0.76618
INFO | Val - Loss, MSE, MAE: 1.17475, 1.17475, 0.47852
INFO | Test - Best epoch, Loss, MSE, MAE: 248, 0.80167, 0.80167, 0.45100
INFO | Test - Points (EXACT): total_masked=633328 correct=6781 right_rate=1.0707%
INFO | - Epoch 249, ExpID 44757 best_epoch=249 improved=1
INFO | Train - Loss (last batch): 0.79250
INFO | Val - Loss, MSE, MAE: 1.17474, 1.17474, 0.47524
INFO | Test - Best epoch, Loss, MSE, MAE: 249, 0.80123, 0.80123, 0.44752
INFO | Test - Points (EXACT): total_masked=633328 correct=7007 right_rate=1.1064%
INFO | - Epoch 250, ExpID 44757 best_epoch=249 improved=0
INFO | Train - Loss (last batch): 0.72537
INFO | Val - Loss, MSE, MAE: 1.17530, 1.17530, 0.47823
INFO | Test - Best epoch, Loss, MSE, MAE: 249, 0.80123, 0.80123, 0.44752
INFO | Test - Points (EXACT): total_masked=633328 correct=7007 right_rate=1.1064%
INFO | - Epoch 251, ExpID 44757 best_epoch=251 improved=1
INFO | Train - Loss (last batch): 0.73093
INFO | Val - Loss, MSE, MAE: 1.17385, 1.17385, 0.47788
INFO | Test - Best epoch, Loss, MSE, MAE: 251, 0.80111, 0.80111, 0.45043
INFO | Test - Points (EXACT): total_masked=633328 correct=6705 right_rate=1.0587%
INFO | - Epoch 252, ExpID 44757 best_epoch=251 improved=0
INFO | Train - Loss (last batch): 0.87120
INFO | Val - Loss, MSE, MAE: 1.17391, 1.17391, 0.47754
INFO | Test - Best epoch, Loss, MSE, MAE: 251, 0.80111, 0.80111, 0.45043
INFO | Test - Points (EXACT): total_masked=633328 correct=6705 right_rate=1.0587%
INFO | - Epoch 253, ExpID 44757 best_epoch=253 improved=1
INFO | Train - Loss (last batch): 0.71503
INFO | Val - Loss, MSE, MAE: 1.17355, 1.17355, 0.47613
INFO | Test - Best epoch, Loss, MSE, MAE: 253, 0.80076, 0.80076, 0.44856
INFO | Test - Points (EXACT): total_masked=633328 correct=6783 right_rate=1.0710%
INFO | - Epoch 254, ExpID 44757 best_epoch=253 improved=0
INFO | Train - Loss (last batch): 0.73294
INFO | Val - Loss, MSE, MAE: 1.17358, 1.17358, 0.47830
INFO | Test - Best epoch, Loss, MSE, MAE: 253, 0.80076, 0.80076, 0.44856
INFO | Test - Points (EXACT): total_masked=633328 correct=6783 right_rate=1.0710%
INFO | - Epoch 255, ExpID 44757 best_epoch=253 improved=0
INFO | Train - Loss (last batch): 0.93782
INFO | Val - Loss, MSE, MAE: 1.17457, 1.17457, 0.47965
INFO | Test - Best epoch, Loss, MSE, MAE: 253, 0.80076, 0.80076, 0.44856
INFO | Test - Points (EXACT): total_masked=633328 correct=6783 right_rate=1.0710%
INFO | - Epoch 256, ExpID 44757 best_epoch=256 improved=1
INFO | Train - Loss (last batch): 0.78988
INFO | Val - Loss, MSE, MAE: 1.17321, 1.17321, 0.47820
INFO | Test - Best epoch, Loss, MSE, MAE: 256, 0.80019, 0.80019, 0.45036
INFO | Test - Points (EXACT): total_masked=633328 correct=7116 right_rate=1.1236%
INFO | - Epoch 257, ExpID 44757 best_epoch=257 improved=1
INFO | Train - Loss (last batch): 0.72259
INFO | Val - Loss, MSE, MAE: 1.17286, 1.17286, 0.47672
INFO | Test - Best epoch, Loss, MSE, MAE: 257, 0.80056, 0.80056, 0.44934
INFO | Test - Points (EXACT): total_masked=633328 correct=7083 right_rate=1.1184%
INFO | - Epoch 258, ExpID 44757 best_epoch=258 improved=1
INFO | Train - Loss (last batch): 0.68447
INFO | Val - Loss, MSE, MAE: 1.17236, 1.17236, 0.47586
INFO | Test - Best epoch, Loss, MSE, MAE: 258, 0.79985, 0.79985, 0.44827
INFO | Test - Points (EXACT): total_masked=633328 correct=7091 right_rate=1.1196%
INFO | - Epoch 259, ExpID 44757 best_epoch=258 improved=0
INFO | Train - Loss (last batch): 0.90242
INFO | Val - Loss, MSE, MAE: 1.17256, 1.17256, 0.47682
INFO | Test - Best epoch, Loss, MSE, MAE: 258, 0.79985, 0.79985, 0.44827
INFO | Test - Points (EXACT): total_masked=633328 correct=7091 right_rate=1.1196%
INFO | - Epoch 260, ExpID 44757 best_epoch=260 improved=1
INFO | Train - Loss (last batch): 0.76155
INFO | Val - Loss, MSE, MAE: 1.17218, 1.17218, 0.47601
INFO | Test - Best epoch, Loss, MSE, MAE: 260, 0.79944, 0.79944, 0.44825
INFO | Test - Points (EXACT): total_masked=633328 correct=6980 right_rate=1.1021%
INFO | - Epoch 261, ExpID 44757 best_epoch=261 improved=1
INFO | Train - Loss (last batch): 0.76624
INFO | Val - Loss, MSE, MAE: 1.17148, 1.17148, 0.47767
INFO | Test - Best epoch, Loss, MSE, MAE: 261, 0.79950, 0.79950, 0.45007
INFO | Test - Points (EXACT): total_masked=633328 correct=7230 right_rate=1.1416%
INFO | - Epoch 262, ExpID 44757 best_epoch=261 improved=0
INFO | Train - Loss (last batch): 0.90575
INFO | Val - Loss, MSE, MAE: 1.17197, 1.17197, 0.47499
INFO | Test - Best epoch, Loss, MSE, MAE: 261, 0.79950, 0.79950, 0.45007
INFO | Test - Points (EXACT): total_masked=633328 correct=7230 right_rate=1.1416%
INFO | - Epoch 263, ExpID 44757 best_epoch=261 improved=0
INFO | Train - Loss (last batch): 0.67615
INFO | Val - Loss, MSE, MAE: 1.17160, 1.17160, 0.47457
INFO | Test - Best epoch, Loss, MSE, MAE: 261, 0.79950, 0.79950, 0.45007
INFO | Test - Points (EXACT): total_masked=633328 correct=7230 right_rate=1.1416%
INFO | - Epoch 264, ExpID 44757 best_epoch=264 improved=1
INFO | Train - Loss (last batch): 0.67639
INFO | Val - Loss, MSE, MAE: 1.17138, 1.17138, 0.47388
INFO | Test - Best epoch, Loss, MSE, MAE: 264, 0.79874, 0.79874, 0.44622
INFO | Test - Points (EXACT): total_masked=633328 correct=7548 right_rate=1.1918%
INFO | - Epoch 265, ExpID 44757 best_epoch=264 improved=0
INFO | Train - Loss (last batch): 0.81299
INFO | Val - Loss, MSE, MAE: 1.17154, 1.17154, 0.47650
INFO | Test - Best epoch, Loss, MSE, MAE: 264, 0.79874, 0.79874, 0.44622
INFO | Test - Points (EXACT): total_masked=633328 correct=7548 right_rate=1.1918%
INFO | - Epoch 266, ExpID 44757 best_epoch=264 improved=0
INFO | Train - Loss (last batch): 0.89522
INFO | Val - Loss, MSE, MAE: 1.17167, 1.17167, 0.47350
INFO | Test - Best epoch, Loss, MSE, MAE: 264, 0.79874, 0.79874, 0.44622
INFO | Test - Points (EXACT): total_masked=633328 correct=7548 right_rate=1.1918%
INFO | - Epoch 267, ExpID 44757 best_epoch=267 improved=1
INFO | Train - Loss (last batch): 0.81867
INFO | Val - Loss, MSE, MAE: 1.17067, 1.17067, 0.47430
INFO | Test - Best epoch, Loss, MSE, MAE: 267, 0.79835, 0.79835, 0.44666
INFO | Test - Points (EXACT): total_masked=633328 correct=7346 right_rate=1.1599%
INFO | - Epoch 268, ExpID 44757 best_epoch=268 improved=1
INFO | Train - Loss (last batch): 0.86051
INFO | Val - Loss, MSE, MAE: 1.17054, 1.17054, 0.47533
INFO | Test - Best epoch, Loss, MSE, MAE: 268, 0.79824, 0.79824, 0.44773
INFO | Test - Points (EXACT): total_masked=633328 correct=7245 right_rate=1.1440%
INFO | - Epoch 269, ExpID 44757 best_epoch=269 improved=1
INFO | Train - Loss (last batch): 0.73597
INFO | Val - Loss, MSE, MAE: 1.17022, 1.17022, 0.47407
INFO | Test - Best epoch, Loss, MSE, MAE: 269, 0.79812, 0.79812, 0.44653
INFO | Test - Points (EXACT): total_masked=633328 correct=7986 right_rate=1.2610%
INFO | - Epoch 270, ExpID 44757 best_epoch=270 improved=1
INFO | Train - Loss (last batch): 0.72221
INFO | Val - Loss, MSE, MAE: 1.16937, 1.16937, 0.47803
INFO | Test - Best epoch, Loss, MSE, MAE: 270, 0.79806, 0.79806, 0.45069
INFO | Test - Points (EXACT): total_masked=633328 correct=7695 right_rate=1.2150%
INFO | - Epoch 271, ExpID 44757 best_epoch=270 improved=0
INFO | Train - Loss (last batch): 0.82814
INFO | Val - Loss, MSE, MAE: 1.16958, 1.16958, 0.47902
INFO | Test - Best epoch, Loss, MSE, MAE: 270, 0.79806, 0.79806, 0.45069
INFO | Test - Points (EXACT): total_masked=633328 correct=7695 right_rate=1.2150%
INFO | - Epoch 272, ExpID 44757 best_epoch=272 improved=1
INFO | Train - Loss (last batch): 0.72249
INFO | Val - Loss, MSE, MAE: 1.16915, 1.16915, 0.47555
INFO | Test - Best epoch, Loss, MSE, MAE: 272, 0.79756, 0.79756, 0.44809
INFO | Test - Points (EXACT): total_masked=633328 correct=8044 right_rate=1.2701%
INFO | - Epoch 273, ExpID 44757 best_epoch=272 improved=0
INFO | Train - Loss (last batch): 0.76433
INFO | Val - Loss, MSE, MAE: 1.16923, 1.16923, 0.47506
INFO | Test - Best epoch, Loss, MSE, MAE: 272, 0.79756, 0.79756, 0.44809
INFO | Test - Points (EXACT): total_masked=633328 correct=8044 right_rate=1.2701%
INFO | - Epoch 274, ExpID 44757 best_epoch=274 improved=1
INFO | Train - Loss (last batch): 0.91577
INFO | Val - Loss, MSE, MAE: 1.16900, 1.16900, 0.47651
INFO | Test - Best epoch, Loss, MSE, MAE: 274, 0.79719, 0.79719, 0.44892
INFO | Test - Points (EXACT): total_masked=633328 correct=7876 right_rate=1.2436%
INFO | - Epoch 275, ExpID 44757 best_epoch=275 improved=1
INFO | Train - Loss (last batch): 0.81500
INFO | Val - Loss, MSE, MAE: 1.16891, 1.16891, 0.47578
INFO | Test - Best epoch, Loss, MSE, MAE: 275, 0.79688, 0.79688, 0.44813
INFO | Test - Points (EXACT): total_masked=633328 correct=8119 right_rate=1.2820%
INFO | - Epoch 276, ExpID 44757 best_epoch=276 improved=1
INFO | Train - Loss (last batch): 0.80998
INFO | Val - Loss, MSE, MAE: 1.16825, 1.16825, 0.47758
INFO | Test - Best epoch, Loss, MSE, MAE: 276, 0.79731, 0.79731, 0.45034
INFO | Test - Points (EXACT): total_masked=633328 correct=8146 right_rate=1.2862%
INFO | - Epoch 277, ExpID 44757 best_epoch=276 improved=0
INFO | Train - Loss (last batch): 0.85823
INFO | Val - Loss, MSE, MAE: 1.16870, 1.16870, 0.47369
INFO | Test - Best epoch, Loss, MSE, MAE: 276, 0.79731, 0.79731, 0.45034
INFO | Test - Points (EXACT): total_masked=633328 correct=8146 right_rate=1.2862%
INFO | - Epoch 278, ExpID 44757 best_epoch=278 improved=1
INFO | Train - Loss (last batch): 0.87572
INFO | Val - Loss, MSE, MAE: 1.16784, 1.16784, 0.47789
INFO | Test - Best epoch, Loss, MSE, MAE: 278, 0.79660, 0.79660, 0.45042
INFO | Test - Points (EXACT): total_masked=633328 correct=7972 right_rate=1.2587%
INFO | - Epoch 279, ExpID 44757 best_epoch=278 improved=0
INFO | Train - Loss (last batch): 0.78566
INFO | Val - Loss, MSE, MAE: 1.16791, 1.16791, 0.47420
INFO | Test - Best epoch, Loss, MSE, MAE: 278, 0.79660, 0.79660, 0.45042
INFO | Test - Points (EXACT): total_masked=633328 correct=7972 right_rate=1.2587%
INFO | - Epoch 280, ExpID 44757 best_epoch=280 improved=1
INFO | Train - Loss (last batch): 0.82918
INFO | Val - Loss, MSE, MAE: 1.16742, 1.16742, 0.47686
INFO | Test - Best epoch, Loss, MSE, MAE: 280, 0.79622, 0.79622, 0.44938
INFO | Test - Points (EXACT): total_masked=633328 correct=8523 right_rate=1.3457%
INFO | - Epoch 281, ExpID 44757 best_epoch=281 improved=1
INFO | Train - Loss (last batch): 0.99187
INFO | Val - Loss, MSE, MAE: 1.16710, 1.16710, 0.47584
INFO | Test - Best epoch, Loss, MSE, MAE: 281, 0.79597, 0.79597, 0.44839
INFO | Test - Points (EXACT): total_masked=633328 correct=8676 right_rate=1.3699%
INFO | - Epoch 282, ExpID 44757 best_epoch=282 improved=1
INFO | Train - Loss (last batch): 0.68998
INFO | Val - Loss, MSE, MAE: 1.16691, 1.16691, 0.47404
INFO | Test - Best epoch, Loss, MSE, MAE: 282, 0.79583, 0.79583, 0.44672
INFO | Test - Points (EXACT): total_masked=633328 correct=7711 right_rate=1.2175%
INFO | - Epoch 283, ExpID 44757 best_epoch=282 improved=0
INFO | Train - Loss (last batch): 0.84283
INFO | Val - Loss, MSE, MAE: 1.16722, 1.16722, 0.47505
INFO | Test - Best epoch, Loss, MSE, MAE: 282, 0.79583, 0.79583, 0.44672
INFO | Test - Points (EXACT): total_masked=633328 correct=7711 right_rate=1.2175%
INFO | - Epoch 284, ExpID 44757 best_epoch=284 improved=1
INFO | Train - Loss (last batch): 0.70367
INFO | Val - Loss, MSE, MAE: 1.16663, 1.16663, 0.47614
INFO | Test - Best epoch, Loss, MSE, MAE: 284, 0.79538, 0.79538, 0.44861
INFO | Test - Points (EXACT): total_masked=633328 correct=7554 right_rate=1.1927%
INFO | - Epoch 285, ExpID 44757 best_epoch=285 improved=1
INFO | Train - Loss (last batch): 0.65150
INFO | Val - Loss, MSE, MAE: 1.16660, 1.16660, 0.47277
INFO | Test - Best epoch, Loss, MSE, MAE: 285, 0.79518, 0.79518, 0.44538
INFO | Test - Points (EXACT): total_masked=633328 correct=7896 right_rate=1.2467%
INFO | - Epoch 286, ExpID 44757 best_epoch=286 improved=1
INFO | Train - Loss (last batch): 0.74182
INFO | Val - Loss, MSE, MAE: 1.16591, 1.16591, 0.47614
INFO | Test - Best epoch, Loss, MSE, MAE: 286, 0.79510, 0.79510, 0.44867
INFO | Test - Points (EXACT): total_masked=633328 correct=7968 right_rate=1.2581%
INFO | - Epoch 287, ExpID 44757 best_epoch=286 improved=0
INFO | Train - Loss (last batch): 0.74438
INFO | Val - Loss, MSE, MAE: 1.16622, 1.16622, 0.47358
INFO | Test - Best epoch, Loss, MSE, MAE: 286, 0.79510, 0.79510, 0.44867
INFO | Test - Points (EXACT): total_masked=633328 correct=7968 right_rate=1.2581%
INFO | - Epoch 288, ExpID 44757 best_epoch=286 improved=0
INFO | Train - Loss (last batch): 0.79018
INFO | Val - Loss, MSE, MAE: 1.16616, 1.16616, 0.47353
INFO | Test - Best epoch, Loss, MSE, MAE: 286, 0.79510, 0.79510, 0.44867
INFO | Test - Points (EXACT): total_masked=633328 correct=7968 right_rate=1.2581%
INFO | - Epoch 289, ExpID 44757 best_epoch=289 improved=1
INFO | Train - Loss (last batch): 0.88920
INFO | Val - Loss, MSE, MAE: 1.16572, 1.16572, 0.47240
INFO | Test - Best epoch, Loss, MSE, MAE: 289, 0.79444, 0.79444, 0.44490
INFO | Test - Points (EXACT): total_masked=633328 correct=7956 right_rate=1.2562%
INFO | - Epoch 290, ExpID 44757 best_epoch=290 improved=1
INFO | Train - Loss (last batch): 0.75314
INFO | Val - Loss, MSE, MAE: 1.16559, 1.16559, 0.47288
INFO | Test - Best epoch, Loss, MSE, MAE: 290, 0.79419, 0.79419, 0.44523
INFO | Test - Points (EXACT): total_masked=633328 correct=8504 right_rate=1.3427%
INFO | - Epoch 291, ExpID 44757 best_epoch=291 improved=1
INFO | Train - Loss (last batch): 0.85979
INFO | Val - Loss, MSE, MAE: 1.16507, 1.16507, 0.47415
INFO | Test - Best epoch, Loss, MSE, MAE: 291, 0.79401, 0.79401, 0.44670
INFO | Test - Points (EXACT): total_masked=633328 correct=8319 right_rate=1.3135%
INFO | - Epoch 292, ExpID 44757 best_epoch=291 improved=0
INFO | Train - Loss (last batch): 0.71394
INFO | Val - Loss, MSE, MAE: 1.16508, 1.16508, 0.47446
INFO | Test - Best epoch, Loss, MSE, MAE: 291, 0.79401, 0.79401, 0.44670
INFO | Test - Points (EXACT): total_masked=633328 correct=8319 right_rate=1.3135%
INFO | - Epoch 293, ExpID 44757 best_epoch=293 improved=1
INFO | Train - Loss (last batch): 0.81006
INFO | Val - Loss, MSE, MAE: 1.16469, 1.16469, 0.47321
INFO | Test - Best epoch, Loss, MSE, MAE: 293, 0.79364, 0.79364, 0.44571
INFO | Test - Points (EXACT): total_masked=633328 correct=8064 right_rate=1.2733%
INFO | - Epoch 294, ExpID 44757 best_epoch=293 improved=0
INFO | Train - Loss (last batch): 0.72199
INFO | Val - Loss, MSE, MAE: 1.16480, 1.16480, 0.47389
INFO | Test - Best epoch, Loss, MSE, MAE: 293, 0.79364, 0.79364, 0.44571
INFO | Test - Points (EXACT): total_masked=633328 correct=8064 right_rate=1.2733%
INFO | - Epoch 295, ExpID 44757 best_epoch=295 improved=1
INFO | Train - Loss (last batch): 0.72555
INFO | Val - Loss, MSE, MAE: 1.16439, 1.16439, 0.47223
INFO | Test - Best epoch, Loss, MSE, MAE: 295, 0.79330, 0.79330, 0.44463
INFO | Test - Points (EXACT): total_masked=633328 correct=8536 right_rate=1.3478%
INFO | - Epoch 296, ExpID 44757 best_epoch=296 improved=1
INFO | Train - Loss (last batch): 0.74413
INFO | Val - Loss, MSE, MAE: 1.16419, 1.16419, 0.47358
INFO | Test - Best epoch, Loss, MSE, MAE: 296, 0.79326, 0.79326, 0.44614
INFO | Test - Points (EXACT): total_masked=633328 correct=7945 right_rate=1.2545%
INFO | - Epoch 297, ExpID 44757 best_epoch=297 improved=1
INFO | Train - Loss (last batch): 0.76551
INFO | Val - Loss, MSE, MAE: 1.16366, 1.16366, 0.47488
INFO | Test - Best epoch, Loss, MSE, MAE: 297, 0.79349, 0.79349, 0.44761
INFO | Test - Points (EXACT): total_masked=633328 correct=7564 right_rate=1.1943%
INFO | - Epoch 298, ExpID 44757 best_epoch=297 improved=0
INFO | Train - Loss (last batch): 0.84696
INFO | Val - Loss, MSE, MAE: 1.16437, 1.16437, 0.47472
INFO | Test - Best epoch, Loss, MSE, MAE: 297, 0.79349, 0.79349, 0.44761
INFO | Test - Points (EXACT): total_masked=633328 correct=7564 right_rate=1.1943%
INFO | - Epoch 299, ExpID 44757 best_epoch=299 improved=1
INFO | Train - Loss (last batch): 0.77359
INFO | Val - Loss, MSE, MAE: 1.16341, 1.16341, 0.47300
INFO | Test - Best epoch, Loss, MSE, MAE: 299, 0.79255, 0.79255, 0.44545
INFO | Test - Points (EXACT): total_masked=633328 correct=8014 right_rate=1.2654%
