/home/ouass/Test/MSP-IMTS/tPatchGNN/run_models.py
2026-03-14 13:28:42
run_models.py --dataset activity --state def --history 3000 --batch_size 32 --lr 1e-3 --nhead 1 --patience 10 --tf_layer 1 --nlayer 1 --te_dim 10 --node_dim 10 --hid_dim 34 --outlayer Linear --seed 1 --gpu 0 --multi_scales 500,1000,2000 --multi_strides 500,1000,2000 --metric per_dim --fusion concat
Namespace(multi_scales='500,1000,2000', multi_strides='500,1000,2000', fusion='concat', state='def', n=100000000, hop=1, nhead=1, tf_layer=1, nlayer=1, epoch=1000, patience=10, history=3000, patch_size=24, stride=24, logmode='a', lr=0.001, w_decay=0.0, batch_size=32, save='experiments/', load=None, seed=1, dataset='activity', quantization=0.0, model='tPatchGNN', outlayer='Linear', hid_dim=34, te_dim=10, node_dim=10, gpu='0', metric='per_dim', npatch=125, device=device(type='cuda'), PID=3156344, pred_window=1000, ndim=12)
- Epoch 000, ExpID 91096
Train - Loss (one batch): 0.00388
Val - Loss, MSE, RMSE, MAE, MAPE: 0.00495, 0.00495, 0.07032, 0.05058, 13.18%
Test - Best epoch, Loss, MSE, RMSE, MAE, MAPE: 0, 0.00456, 0.00456, 0.06755, 0.04799, 11.31%
Time spent: 2.68s
- Epoch 001, ExpID 91096
Train - Loss (one batch): 0.00290
Val - Loss, MSE, RMSE, MAE, MAPE: 0.00371, 0.00371, 0.06094, 0.04057, 10.32%
Test - Best epoch, Loss, MSE, RMSE, MAE, MAPE: 1, 0.00353, 0.00353, 0.05942, 0.03939, 9.07%
Time spent: 2.65s
- Epoch 002, ExpID 91096
Train - Loss (one batch): 0.00218
Val - Loss, MSE, RMSE, MAE, MAPE: 0.00317, 0.00317, 0.05632, 0.03437, 8.93%
Test - Best epoch, Loss, MSE, RMSE, MAE, MAPE: 2, 0.00303, 0.00303, 0.05502, 0.03364, 7.85%
Time spent: 2.81s
- Epoch 003, ExpID 91096
Train - Loss (one batch): 0.00461
Val - Loss, MSE, RMSE, MAE, MAPE: 0.00306, 0.00306, 0.05536, 0.03349, 8.61%
Test - Best epoch, Loss, MSE, RMSE, MAE, MAPE: 3, 0.00293, 0.00293, 0.05418, 0.03302, 7.58%
Time spent: 2.85s
- Epoch 004, ExpID 91096
Train - Loss (one batch): 0.00310
Val - Loss, MSE, RMSE, MAE, MAPE: 0.00309, 0.00309, 0.05557, 0.03367, 8.79%
Test - Best epoch, Loss, MSE, RMSE, MAE, MAPE: 3, 0.00293, 0.00293, 0.05418, 0.03302, 7.58%
Time spent: 2.54s
- Epoch 005, ExpID 91096
Train - Loss (one batch): 0.00330
Val - Loss, MSE, RMSE, MAE, MAPE: 0.00302, 0.00302, 0.05496, 0.03336, 8.64%
Test - Best epoch, Loss, MSE, RMSE, MAE, MAPE: 5, 0.00289, 0.00289, 0.05378, 0.03285, 7.61%
Time spent: 2.81s
- Epoch 006, ExpID 91096
Train - Loss (one batch): 0.00316
Val - Loss, MSE, RMSE, MAE, MAPE: 0.00308, 0.00308, 0.05553, 0.03434, 8.53%
Test - Best epoch, Loss, MSE, RMSE, MAE, MAPE: 5, 0.00289, 0.00289, 0.05378, 0.03285, 7.61%
Time spent: 2.44s
- Epoch 007, ExpID 91096
Train - Loss (one batch): 0.00244
Val - Loss, MSE, RMSE, MAE, MAPE: 0.00299, 0.00299, 0.05472, 0.03309, 8.49%
Test - Best epoch, Loss, MSE, RMSE, MAE, MAPE: 7, 0.00289, 0.00289, 0.05375, 0.03278, 7.53%
Time spent: 2.80s
- Epoch 008, ExpID 91096
Train - Loss (one batch): 0.00307
Val - Loss, MSE, RMSE, MAE, MAPE: 0.00301, 0.00301, 0.05483, 0.03332, 8.71%
Test - Best epoch, Loss, MSE, RMSE, MAE, MAPE: 7, 0.00289, 0.00289, 0.05375, 0.03278, 7.53%
Time spent: 2.54s
- Epoch 009, ExpID 91096
Train - Loss (one batch): 0.00217
Val - Loss, MSE, RMSE, MAE, MAPE: 0.00304, 0.00304, 0.05513, 0.03359, 8.62%
Test - Best epoch, Loss, MSE, RMSE, MAE, MAPE: 7, 0.00289, 0.00289, 0.05375, 0.03278, 7.53%
Time spent: 2.50s
- Epoch 010, ExpID 91096
Train - Loss (one batch): 0.00193
Val - Loss, MSE, RMSE, MAE, MAPE: 0.00302, 0.00302, 0.05498, 0.03329, 8.59%
Test - Best epoch, Loss, MSE, RMSE, MAE, MAPE: 7, 0.00289, 0.00289, 0.05375, 0.03278, 7.53%
Time spent: 2.47s
- Epoch 011, ExpID 91096
Train - Loss (one batch): 0.00290
Val - Loss, MSE, RMSE, MAE, MAPE: 0.00303, 0.00303, 0.05502, 0.03411, 8.57%
Test - Best epoch, Loss, MSE, RMSE, MAE, MAPE: 7, 0.00289, 0.00289, 0.05375, 0.03278, 7.53%
Time spent: 2.49s
- Epoch 012, ExpID 91096
Train - Loss (one batch): 0.00300
Val - Loss, MSE, RMSE, MAE, MAPE: 0.00340, 0.00340, 0.05830, 0.03945, 10.19%
Test - Best epoch, Loss, MSE, RMSE, MAE, MAPE: 7, 0.00289, 0.00289, 0.05375, 0.03278, 7.53%
Time spent: 2.47s
- Epoch 013, ExpID 91096
Train - Loss (one batch): 0.00221
Val - Loss, MSE, RMSE, MAE, MAPE: 0.00309, 0.00309, 0.05558, 0.03456, 8.91%
Test - Best epoch, Loss, MSE, RMSE, MAE, MAPE: 7, 0.00289, 0.00289, 0.05375, 0.03278, 7.53%
Time spent: 2.49s
- Epoch 014, ExpID 91096
Train - Loss (one batch): 0.00214
Val - Loss, MSE, RMSE, MAE, MAPE: 0.00293, 0.00293, 0.05413, 0.03244, 8.36%
Test - Best epoch, Loss, MSE, RMSE, MAE, MAPE: 14, 0.00282, 0.00282, 0.05306, 0.03213, 7.41%
Time spent: 2.78s
- Epoch 015, ExpID 91096
Train - Loss (one batch): 0.00302
Val - Loss, MSE, RMSE, MAE, MAPE: 0.00308, 0.00308, 0.05552, 0.03498, 9.24%
Test - Best epoch, Loss, MSE, RMSE, MAE, MAPE: 14, 0.00282, 0.00282, 0.05306, 0.03213, 7.41%
Time spent: 2.45s
- Epoch 016, ExpID 91096
Train - Loss (one batch): 0.00296
Val - Loss, MSE, RMSE, MAE, MAPE: 0.00293, 0.00293, 0.05414, 0.03275, 8.60%
Test - Best epoch, Loss, MSE, RMSE, MAE, MAPE: 14, 0.00282, 0.00282, 0.05306, 0.03213, 7.41%
Time spent: 2.32s
- Epoch 017, ExpID 91096
Train - Loss (one batch): 0.00336
Val - Loss, MSE, RMSE, MAE, MAPE: 0.00294, 0.00294, 0.05422, 0.03247, 8.34%
Test - Best epoch, Loss, MSE, RMSE, MAE, MAPE: 14, 0.00282, 0.00282, 0.05306, 0.03213, 7.41%
Time spent: 2.39s
- Epoch 018, ExpID 91096
Train - Loss (one batch): 0.00227
Val - Loss, MSE, RMSE, MAE, MAPE: 0.00293, 0.00293, 0.05413, 0.03241, 8.33%
Test - Best epoch, Loss, MSE, RMSE, MAE, MAPE: 14, 0.00282, 0.00282, 0.05306, 0.03213, 7.41%
Time spent: 2.38s
- Epoch 019, ExpID 91096
Train - Loss (one batch): 0.00197
Val - Loss, MSE, RMSE, MAE, MAPE: 0.00292, 0.00292, 0.05401, 0.03237, 8.34%
Test - Best epoch, Loss, MSE, RMSE, MAE, MAPE: 19, 0.00279, 0.00279, 0.05286, 0.03197, 7.43%
Time spent: 2.60s
- Epoch 020, ExpID 91096
Train - Loss (one batch): 0.00176
Val - Loss, MSE, RMSE, MAE, MAPE: 0.00294, 0.00294, 0.05422, 0.03284, 8.56%
Test - Best epoch, Loss, MSE, RMSE, MAE, MAPE: 19, 0.00279, 0.00279, 0.05286, 0.03197, 7.43%
Time spent: 2.41s
- Epoch 021, ExpID 91096
Train - Loss (one batch): 0.00233
Val - Loss, MSE, RMSE, MAE, MAPE: 0.00289, 0.00289, 0.05373, 0.03218, 8.21%
Test - Best epoch, Loss, MSE, RMSE, MAE, MAPE: 21, 0.00278, 0.00278, 0.05272, 0.03190, 7.29%
Time spent: 2.75s
- Epoch 022, ExpID 91096
Train - Loss (one batch): 0.00207
Val - Loss, MSE, RMSE, MAE, MAPE: 0.00306, 0.00306, 0.05531, 0.03479, 8.99%
Test - Best epoch, Loss, MSE, RMSE, MAE, MAPE: 21, 0.00278, 0.00278, 0.05272, 0.03190, 7.29%
Time spent: 2.50s
- Epoch 023, ExpID 91096
Train - Loss (one batch): 0.00188
Val - Loss, MSE, RMSE, MAE, MAPE: 0.00290, 0.00290, 0.05389, 0.03232, 8.26%
Test - Best epoch, Loss, MSE, RMSE, MAE, MAPE: 21, 0.00278, 0.00278, 0.05272, 0.03190, 7.29%
Time spent: 2.49s
- Epoch 024, ExpID 91096
Train - Loss (one batch): 0.00277
Val - Loss, MSE, RMSE, MAE, MAPE: 0.00289, 0.00289, 0.05380, 0.03233, 8.16%
Test - Best epoch, Loss, MSE, RMSE, MAE, MAPE: 21, 0.00278, 0.00278, 0.05272, 0.03190, 7.29%
Time spent: 2.43s
- Epoch 025, ExpID 91096
Train - Loss (one batch): 0.00197
Val - Loss, MSE, RMSE, MAE, MAPE: 0.00292, 0.00292, 0.05405, 0.03282, 8.56%
Test - Best epoch, Loss, MSE, RMSE, MAE, MAPE: 21, 0.00278, 0.00278, 0.05272, 0.03190, 7.29%
Time spent: 2.49s
- Epoch 026, ExpID 91096
Train - Loss (one batch): 0.00277
Val - Loss, MSE, RMSE, MAE, MAPE: 0.00287, 0.00287, 0.05358, 0.03224, 8.18%
Test - Best epoch, Loss, MSE, RMSE, MAE, MAPE: 26, 0.00276, 0.00276, 0.05258, 0.03195, 7.26%
Time spent: 2.78s
- Epoch 027, ExpID 91096
Train - Loss (one batch): 0.00150
Val - Loss, MSE, RMSE, MAE, MAPE: 0.00287, 0.00287, 0.05360, 0.03259, 8.38%
Test - Best epoch, Loss, MSE, RMSE, MAE, MAPE: 26, 0.00276, 0.00276, 0.05258, 0.03195, 7.26%
Time spent: 2.49s
- Epoch 028, ExpID 91096
Train - Loss (one batch): 0.00190
Val - Loss, MSE, RMSE, MAE, MAPE: 0.00292, 0.00292, 0.05403, 0.03325, 8.33%
Test - Best epoch, Loss, MSE, RMSE, MAE, MAPE: 26, 0.00276, 0.00276, 0.05258, 0.03195, 7.26%
Time spent: 2.54s
- Epoch 029, ExpID 91096
Train - Loss (one batch): 0.00203
Val - Loss, MSE, RMSE, MAE, MAPE: 0.00292, 0.00292, 0.05400, 0.03288, 8.42%
Test - Best epoch, Loss, MSE, RMSE, MAE, MAPE: 26, 0.00276, 0.00276, 0.05258, 0.03195, 7.26%
Time spent: 2.48s
- Epoch 030, ExpID 91096
Train - Loss (one batch): 0.00185
Val - Loss, MSE, RMSE, MAE, MAPE: 0.00288, 0.00288, 0.05365, 0.03262, 8.44%
Test - Best epoch, Loss, MSE, RMSE, MAE, MAPE: 26, 0.00276, 0.00276, 0.05258, 0.03195, 7.26%
Time spent: 2.50s
- Epoch 031, ExpID 91096
Train - Loss (one batch): 0.00232
Val - Loss, MSE, RMSE, MAE, MAPE: 0.00303, 0.00303, 0.05506, 0.03489, 8.87%
Test - Best epoch, Loss, MSE, RMSE, MAE, MAPE: 26, 0.00276, 0.00276, 0.05258, 0.03195, 7.26%
Time spent: 2.47s
- Epoch 032, ExpID 91096
Train - Loss (one batch): 0.00210
Val - Loss, MSE, RMSE, MAE, MAPE: 0.00284, 0.00284, 0.05332, 0.03267, 8.28%
Test - Best epoch, Loss, MSE, RMSE, MAE, MAPE: 32, 0.00275, 0.00275, 0.05246, 0.03260, 7.36%
Time spent: 2.78s
- Epoch 033, ExpID 91096
Train - Loss (one batch): 0.00288
Val - Loss, MSE, RMSE, MAE, MAPE: 0.00286, 0.00286, 0.05345, 0.03258, 8.44%
Test - Best epoch, Loss, MSE, RMSE, MAE, MAPE: 32, 0.00275, 0.00275, 0.05246, 0.03260, 7.36%
Time spent: 2.47s
- Epoch 034, ExpID 91096
Train - Loss (one batch): 0.00291
Val - Loss, MSE, RMSE, MAE, MAPE: 0.00283, 0.00283, 0.05322, 0.03214, 8.26%
Test - Best epoch, Loss, MSE, RMSE, MAE, MAPE: 34, 0.00272, 0.00272, 0.05215, 0.03183, 7.31%
Time spent: 2.81s
- Epoch 035, ExpID 91096
Train - Loss (one batch): 0.00168
Val - Loss, MSE, RMSE, MAE, MAPE: 0.00295, 0.00295, 0.05429, 0.03412, 8.39%
Test - Best epoch, Loss, MSE, RMSE, MAE, MAPE: 34, 0.00272, 0.00272, 0.05215, 0.03183, 7.31%
Time spent: 2.50s
- Epoch 036, ExpID 91096
Train - Loss (one batch): 0.00219
Val - Loss, MSE, RMSE, MAE, MAPE: 0.00294, 0.00294, 0.05418, 0.03373, 8.61%
Test - Best epoch, Loss, MSE, RMSE, MAE, MAPE: 34, 0.00272, 0.00272, 0.05215, 0.03183, 7.31%
Time spent: 2.52s
- Epoch 037, ExpID 91096
Train - Loss (one batch): 0.00277
Val - Loss, MSE, RMSE, MAE, MAPE: 0.00290, 0.00290, 0.05387, 0.03320, 8.49%
Test - Best epoch, Loss, MSE, RMSE, MAE, MAPE: 34, 0.00272, 0.00272, 0.05215, 0.03183, 7.31%
Time spent: 2.48s
- Epoch 038, ExpID 91096
Train - Loss (one batch): 0.00248
Val - Loss, MSE, RMSE, MAE, MAPE: 0.00295, 0.00295, 0.05435, 0.03417, 8.42%
Test - Best epoch, Loss, MSE, RMSE, MAE, MAPE: 34, 0.00272, 0.00272, 0.05215, 0.03183, 7.31%
Time spent: 2.51s
- Epoch 039, ExpID 91096
Train - Loss (one batch): 0.00321
Val - Loss, MSE, RMSE, MAE, MAPE: 0.00285, 0.00285, 0.05335, 0.03260, 8.45%
Test - Best epoch, Loss, MSE, RMSE, MAE, MAPE: 34, 0.00272, 0.00272, 0.05215, 0.03183, 7.31%
Time spent: 2.50s
- Epoch 040, ExpID 91096
Train - Loss (one batch): 0.00218
Val - Loss, MSE, RMSE, MAE, MAPE: 0.00285, 0.00285, 0.05337, 0.03301, 8.56%
Test - Best epoch, Loss, MSE, RMSE, MAE, MAPE: 34, 0.00272, 0.00272, 0.05215, 0.03183, 7.31%
Time spent: 2.50s
- Epoch 041, ExpID 91096
Train - Loss (one batch): 0.00266
Val - Loss, MSE, RMSE, MAE, MAPE: 0.00281, 0.00281, 0.05298, 0.03211, 8.19%
Test - Best epoch, Loss, MSE, RMSE, MAE, MAPE: 41, 0.00270, 0.00270, 0.05195, 0.03188, 7.28%
Time spent: 2.76s
- Epoch 042, ExpID 91096
Train - Loss (one batch): 0.00272
Val - Loss, MSE, RMSE, MAE, MAPE: 0.00288, 0.00288, 0.05367, 0.03335, 8.36%
Test - Best epoch, Loss, MSE, RMSE, MAE, MAPE: 41, 0.00270, 0.00270, 0.05195, 0.03188, 7.28%
Time spent: 2.47s
- Epoch 043, ExpID 91096
Train - Loss (one batch): 0.00220
Val - Loss, MSE, RMSE, MAE, MAPE: 0.00280, 0.00280, 0.05287, 0.03189, 8.10%
Test - Best epoch, Loss, MSE, RMSE, MAE, MAPE: 43, 0.00270, 0.00270, 0.05198, 0.03173, 7.21%
Time spent: 2.77s
- Epoch 044, ExpID 91096
Train - Loss (one batch): 0.00216
Val - Loss, MSE, RMSE, MAE, MAPE: 0.00295, 0.00295, 0.05432, 0.03426, 8.82%
Test - Best epoch, Loss, MSE, RMSE, MAE, MAPE: 43, 0.00270, 0.00270, 0.05198, 0.03173, 7.21%
Time spent: 2.46s
- Epoch 045, ExpID 91096
Train - Loss (one batch): 0.00255
Val - Loss, MSE, RMSE, MAE, MAPE: 0.00281, 0.00281, 0.05302, 0.03230, 8.25%
Test - Best epoch, Loss, MSE, RMSE, MAE, MAPE: 43, 0.00270, 0.00270, 0.05198, 0.03173, 7.21%
Time spent: 2.50s
- Epoch 046, ExpID 91096
Train - Loss (one batch): 0.00263
Val - Loss, MSE, RMSE, MAE, MAPE: 0.00286, 0.00286, 0.05348, 0.03285, 8.48%
Test - Best epoch, Loss, MSE, RMSE, MAE, MAPE: 43, 0.00270, 0.00270, 0.05198, 0.03173, 7.21%
Time spent: 2.07s
- Epoch 047, ExpID 91096
Train - Loss (one batch): 0.00374
Val - Loss, MSE, RMSE, MAE, MAPE: 0.00296, 0.00296, 0.05439, 0.03462, 9.03%
Test - Best epoch, Loss, MSE, RMSE, MAE, MAPE: 43, 0.00270, 0.00270, 0.05198, 0.03173, 7.21%
Time spent: 2.09s
- Epoch 048, ExpID 91096
Train - Loss (one batch): 0.00248
Val - Loss, MSE, RMSE, MAE, MAPE: 0.00284, 0.00284, 0.05325, 0.03274, 8.22%
Test - Best epoch, Loss, MSE, RMSE, MAE, MAPE: 43, 0.00270, 0.00270, 0.05198, 0.03173, 7.21%
Time spent: 2.09s
- Epoch 049, ExpID 91096
Train - Loss (one batch): 0.00246
Val - Loss, MSE, RMSE, MAE, MAPE: 0.00283, 0.00283, 0.05321, 0.03299, 8.39%
Test - Best epoch, Loss, MSE, RMSE, MAE, MAPE: 43, 0.00270, 0.00270, 0.05198, 0.03173, 7.21%
Time spent: 2.08s
- Epoch 050, ExpID 91096
Train - Loss (one batch): 0.00287
Val - Loss, MSE, RMSE, MAE, MAPE: 0.00286, 0.00286, 0.05346, 0.03317, 8.39%
Test - Best epoch, Loss, MSE, RMSE, MAE, MAPE: 43, 0.00270, 0.00270, 0.05198, 0.03173, 7.21%
Time spent: 2.18s
- Epoch 051, ExpID 91096
Train - Loss (one batch): 0.00350
Val - Loss, MSE, RMSE, MAE, MAPE: 0.00280, 0.00280, 0.05294, 0.03222, 8.24%
Test - Best epoch, Loss, MSE, RMSE, MAE, MAPE: 43, 0.00270, 0.00270, 0.05198, 0.03173, 7.21%
Time spent: 2.52s
- Epoch 052, ExpID 91096
Train - Loss (one batch): 0.00283
Val - Loss, MSE, RMSE, MAE, MAPE: 0.00282, 0.00282, 0.05308, 0.03264, 8.15%
Test - Best epoch, Loss, MSE, RMSE, MAE, MAPE: 43, 0.00270, 0.00270, 0.05198, 0.03173, 7.21%
Time spent: 2.53s
- Epoch 053, ExpID 91096
Train - Loss (one batch): 0.00211
Val - Loss, MSE, RMSE, MAE, MAPE: 0.00305, 0.00305, 0.05527, 0.03617, 8.80%
Test - Best epoch, Loss, MSE, RMSE, MAE, MAPE: 43, 0.00270, 0.00270, 0.05198, 0.03173, 7.21%
Time spent: 2.56s
/home/ouass/Test/MSP-IMTS/tPatchGNN/run_models.py
2026-03-14 13:31:59
run_models.py --dataset activity --state def --history 3000 --batch_size 32 --lr 1e-3 --nhead 1 --patience 10 --tf_layer 1 --nlayer 1 --te_dim 10 --node_dim 10 --hid_dim 34 --outlayer Linear --seed 2 --gpu 0 --multi_scales 500,1000,2000 --multi_strides 500,1000,2000 --metric per_dim --fusion concat
Namespace(multi_scales='500,1000,2000', multi_strides='500,1000,2000', fusion='concat', state='def', n=100000000, hop=1, nhead=1, tf_layer=1, nlayer=1, epoch=1000, patience=10, history=3000, patch_size=24, stride=24, logmode='a', lr=0.001, w_decay=0.0, batch_size=32, save='experiments/', load=None, seed=2, dataset='activity', quantization=0.0, model='tPatchGNN', outlayer='Linear', hid_dim=34, te_dim=10, node_dim=10, gpu='0', metric='per_dim', npatch=125, device=device(type='cuda'), PID=3156426, pred_window=1000, ndim=12)
- Epoch 000, ExpID 10562
Train - Loss (one batch): 0.00355
Val - Loss, MSE, RMSE, MAE, MAPE: 0.00434, 0.00434, 0.06586, 0.04506, 11.90%
Test - Best epoch, Loss, MSE, RMSE, MAE, MAPE: 0, 0.00403, 0.00403, 0.06345, 0.04307, 10.21%
Time spent: 2.47s
- Epoch 001, ExpID 10562
Train - Loss (one batch): 0.00305
Val - Loss, MSE, RMSE, MAE, MAPE: 0.00345, 0.00345, 0.05877, 0.03720, 9.60%
Test - Best epoch, Loss, MSE, RMSE, MAE, MAPE: 1, 0.00323, 0.00323, 0.05682, 0.03590, 8.31%
Time spent: 2.36s
- Epoch 002, ExpID 10562
Train - Loss (one batch): 0.00320
Val - Loss, MSE, RMSE, MAE, MAPE: 0.00333, 0.00333, 0.05774, 0.03722, 9.65%
Test - Best epoch, Loss, MSE, RMSE, MAE, MAPE: 2, 0.00312, 0.00312, 0.05590, 0.03605, 8.44%
Time spent: 2.36s
- Epoch 003, ExpID 10562
Train - Loss (one batch): 0.00243
Val - Loss, MSE, RMSE, MAE, MAPE: 0.00311, 0.00311, 0.05574, 0.03423, 8.76%
Test - Best epoch, Loss, MSE, RMSE, MAE, MAPE: 3, 0.00294, 0.00294, 0.05424, 0.03364, 7.74%
Time spent: 2.36s
- Epoch 004, ExpID 10562
Train - Loss (one batch): 0.00265
Val - Loss, MSE, RMSE, MAE, MAPE: 0.00393, 0.00393, 0.06271, 0.04516, 11.33%
Test - Best epoch, Loss, MSE, RMSE, MAE, MAPE: 3, 0.00294, 0.00294, 0.05424, 0.03364, 7.74%
Time spent: 2.06s
- Epoch 005, ExpID 10562
Train - Loss (one batch): 0.00275
Val - Loss, MSE, RMSE, MAE, MAPE: 0.00299, 0.00299, 0.05464, 0.03348, 8.73%
Test - Best epoch, Loss, MSE, RMSE, MAE, MAPE: 5, 0.00283, 0.00283, 0.05324, 0.03287, 7.68%
Time spent: 2.76s
- Epoch 006, ExpID 10562
Train - Loss (one batch): 0.00261
Val - Loss, MSE, RMSE, MAE, MAPE: 0.00310, 0.00310, 0.05570, 0.03504, 8.97%
Test - Best epoch, Loss, MSE, RMSE, MAE, MAPE: 5, 0.00283, 0.00283, 0.05324, 0.03287, 7.68%
Time spent: 2.39s
- Epoch 007, ExpID 10562
Train - Loss (one batch): 0.00454
Val - Loss, MSE, RMSE, MAE, MAPE: 0.00309, 0.00309, 0.05558, 0.03550, 9.30%
Test - Best epoch, Loss, MSE, RMSE, MAE, MAPE: 5, 0.00283, 0.00283, 0.05324, 0.03287, 7.68%
Time spent: 2.43s
- Epoch 008, ExpID 10562
Train - Loss (one batch): 0.00277
Val - Loss, MSE, RMSE, MAE, MAPE: 0.00315, 0.00315, 0.05610, 0.03648, 9.57%
Test - Best epoch, Loss, MSE, RMSE, MAE, MAPE: 5, 0.00283, 0.00283, 0.05324, 0.03287, 7.68%
Time spent: 2.37s
- Epoch 009, ExpID 10562
Train - Loss (one batch): 0.00382
Val - Loss, MSE, RMSE, MAE, MAPE: 0.00291, 0.00291, 0.05394, 0.03279, 8.32%
Test - Best epoch, Loss, MSE, RMSE, MAE, MAPE: 9, 0.00279, 0.00279, 0.05278, 0.03249, 7.40%
Time spent: 2.73s
- Epoch 010, ExpID 10562
Train - Loss (one batch): 0.00203
Val - Loss, MSE, RMSE, MAE, MAPE: 0.00298, 0.00298, 0.05461, 0.03413, 8.84%
Test - Best epoch, Loss, MSE, RMSE, MAE, MAPE: 9, 0.00279, 0.00279, 0.05278, 0.03249, 7.40%
Time spent: 2.42s
- Epoch 011, ExpID 10562
Train - Loss (one batch): 0.00291
Val - Loss, MSE, RMSE, MAE, MAPE: 0.00293, 0.00293, 0.05416, 0.03381, 8.85%
Test - Best epoch, Loss, MSE, RMSE, MAE, MAPE: 9, 0.00279, 0.00279, 0.05278, 0.03249, 7.40%
Time spent: 2.42s
- Epoch 012, ExpID 10562
Train - Loss (one batch): 0.00275
Val - Loss, MSE, RMSE, MAE, MAPE: 0.00309, 0.00309, 0.05555, 0.03573, 9.18%
Test - Best epoch, Loss, MSE, RMSE, MAE, MAPE: 9, 0.00279, 0.00279, 0.05278, 0.03249, 7.40%
Time spent: 2.43s
- Epoch 013, ExpID 10562
Train - Loss (one batch): 0.00369
Val - Loss, MSE, RMSE, MAE, MAPE: 0.00302, 0.00302, 0.05491, 0.03515, 9.43%
Test - Best epoch, Loss, MSE, RMSE, MAE, MAPE: 9, 0.00279, 0.00279, 0.05278, 0.03249, 7.40%
Time spent: 2.39s
- Epoch 014, ExpID 10562
Train - Loss (one batch): 0.00245
Val - Loss, MSE, RMSE, MAE, MAPE: 0.00317, 0.00317, 0.05630, 0.03707, 9.46%
Test - Best epoch, Loss, MSE, RMSE, MAE, MAPE: 9, 0.00279, 0.00279, 0.05278, 0.03249, 7.40%
Time spent: 2.44s
- Epoch 015, ExpID 10562
Train - Loss (one batch): 0.00232
Val - Loss, MSE, RMSE, MAE, MAPE: 0.00283, 0.00283, 0.05316, 0.03200, 8.22%
Test - Best epoch, Loss, MSE, RMSE, MAE, MAPE: 15, 0.00271, 0.00271, 0.05202, 0.03167, 7.30%
Time spent: 2.56s
- Epoch 016, ExpID 10562
Train - Loss (one batch): 0.00147
Val - Loss, MSE, RMSE, MAE, MAPE: 0.00293, 0.00293, 0.05415, 0.03421, 8.96%
Test - Best epoch, Loss, MSE, RMSE, MAE, MAPE: 15, 0.00271, 0.00271, 0.05202, 0.03167, 7.30%
Time spent: 2.28s
- Epoch 017, ExpID 10562
Train - Loss (one batch): 0.00243
Val - Loss, MSE, RMSE, MAE, MAPE: 0.00293, 0.00293, 0.05416, 0.03403, 8.90%
Test - Best epoch, Loss, MSE, RMSE, MAE, MAPE: 15, 0.00271, 0.00271, 0.05202, 0.03167, 7.30%
Time spent: 2.26s
- Epoch 018, ExpID 10562
Train - Loss (one batch): 0.00221
Val - Loss, MSE, RMSE, MAE, MAPE: 0.00283, 0.00283, 0.05319, 0.03248, 8.44%
Test - Best epoch, Loss, MSE, RMSE, MAE, MAPE: 15, 0.00271, 0.00271, 0.05202, 0.03167, 7.30%
Time spent: 2.40s
- Epoch 019, ExpID 10562
Train - Loss (one batch): 0.00359
Val - Loss, MSE, RMSE, MAE, MAPE: 0.00281, 0.00281, 0.05301, 0.03207, 8.21%
Test - Best epoch, Loss, MSE, RMSE, MAE, MAPE: 19, 0.00270, 0.00270, 0.05193, 0.03170, 7.30%
Time spent: 2.71s
- Epoch 020, ExpID 10562
Train - Loss (one batch): 0.00371
Val - Loss, MSE, RMSE, MAE, MAPE: 0.00280, 0.00280, 0.05292, 0.03223, 8.39%
Test - Best epoch, Loss, MSE, RMSE, MAE, MAPE: 20, 0.00270, 0.00270, 0.05192, 0.03203, 7.45%
Time spent: 2.73s
- Epoch 021, ExpID 10562
Train - Loss (one batch): 0.00226
Val - Loss, MSE, RMSE, MAE, MAPE: 0.00302, 0.00302, 0.05498, 0.03507, 8.97%
Test - Best epoch, Loss, MSE, RMSE, MAE, MAPE: 20, 0.00270, 0.00270, 0.05192, 0.03203, 7.45%
Time spent: 2.46s
- Epoch 022, ExpID 10562
Train - Loss (one batch): 0.00283
Val - Loss, MSE, RMSE, MAE, MAPE: 0.00280, 0.00280, 0.05292, 0.03209, 8.19%
Test - Best epoch, Loss, MSE, RMSE, MAE, MAPE: 22, 0.00270, 0.00270, 0.05198, 0.03187, 7.31%
Time spent: 2.75s
- Epoch 023, ExpID 10562
Train - Loss (one batch): 0.00313
Val - Loss, MSE, RMSE, MAE, MAPE: 0.00277, 0.00277, 0.05266, 0.03172, 8.13%
Test - Best epoch, Loss, MSE, RMSE, MAE, MAPE: 23, 0.00268, 0.00268, 0.05176, 0.03157, 7.27%
Time spent: 2.58s
- Epoch 024, ExpID 10562
Train - Loss (one batch): 0.00215
Val - Loss, MSE, RMSE, MAE, MAPE: 0.00280, 0.00280, 0.05295, 0.03224, 8.50%
Test - Best epoch, Loss, MSE, RMSE, MAE, MAPE: 23, 0.00268, 0.00268, 0.05176, 0.03157, 7.27%
Time spent: 2.26s
- Epoch 025, ExpID 10562
Train - Loss (one batch): 0.00259
Val - Loss, MSE, RMSE, MAE, MAPE: 0.00286, 0.00286, 0.05351, 0.03335, 8.63%
Test - Best epoch, Loss, MSE, RMSE, MAE, MAPE: 23, 0.00268, 0.00268, 0.05176, 0.03157, 7.27%
Time spent: 2.26s
- Epoch 026, ExpID 10562
Train - Loss (one batch): 0.00234
Val - Loss, MSE, RMSE, MAE, MAPE: 0.00292, 0.00292, 0.05403, 0.03385, 8.54%
Test - Best epoch, Loss, MSE, RMSE, MAE, MAPE: 23, 0.00268, 0.00268, 0.05176, 0.03157, 7.27%
Time spent: 2.40s
- Epoch 027, ExpID 10562
Train - Loss (one batch): 0.00151
Val - Loss, MSE, RMSE, MAE, MAPE: 0.00300, 0.00300, 0.05480, 0.03506, 8.96%
Test - Best epoch, Loss, MSE, RMSE, MAE, MAPE: 23, 0.00268, 0.00268, 0.05176, 0.03157, 7.27%
Time spent: 2.41s
- Epoch 028, ExpID 10562
Train - Loss (one batch): 0.00230
Val - Loss, MSE, RMSE, MAE, MAPE: 0.00277, 0.00277, 0.05262, 0.03187, 8.19%
Test - Best epoch, Loss, MSE, RMSE, MAE, MAPE: 28, 0.00267, 0.00267, 0.05171, 0.03175, 7.34%
Time spent: 2.70s
- Epoch 029, ExpID 10562
Train - Loss (one batch): 0.00210
Val - Loss, MSE, RMSE, MAE, MAPE: 0.00284, 0.00284, 0.05330, 0.03315, 8.22%
Test - Best epoch, Loss, MSE, RMSE, MAE, MAPE: 28, 0.00267, 0.00267, 0.05171, 0.03175, 7.34%
Time spent: 2.42s
- Epoch 030, ExpID 10562
Train - Loss (one batch): 0.00265
Val - Loss, MSE, RMSE, MAE, MAPE: 0.00277, 0.00277, 0.05262, 0.03181, 8.19%
Test - Best epoch, Loss, MSE, RMSE, MAE, MAPE: 28, 0.00267, 0.00267, 0.05171, 0.03175, 7.34%
Time spent: 2.43s
- Epoch 031, ExpID 10562
Train - Loss (one batch): 0.00270
Val - Loss, MSE, RMSE, MAE, MAPE: 0.00278, 0.00278, 0.05271, 0.03190, 8.21%
Test - Best epoch, Loss, MSE, RMSE, MAE, MAPE: 28, 0.00267, 0.00267, 0.05171, 0.03175, 7.34%
Time spent: 2.44s
- Epoch 032, ExpID 10562
Train - Loss (one batch): 0.00221
Val - Loss, MSE, RMSE, MAE, MAPE: 0.00283, 0.00283, 0.05319, 0.03279, 8.39%
Test - Best epoch, Loss, MSE, RMSE, MAE, MAPE: 28, 0.00267, 0.00267, 0.05171, 0.03175, 7.34%
Time spent: 2.42s
- Epoch 033, ExpID 10562
Train - Loss (one batch): 0.00308
Val - Loss, MSE, RMSE, MAE, MAPE: 0.00294, 0.00294, 0.05424, 0.03478, 9.21%
Test - Best epoch, Loss, MSE, RMSE, MAE, MAPE: 28, 0.00267, 0.00267, 0.05171, 0.03175, 7.34%
Time spent: 2.40s
- Epoch 034, ExpID 10562
Train - Loss (one batch): 0.00388
Val - Loss, MSE, RMSE, MAE, MAPE: 0.00275, 0.00275, 0.05241, 0.03183, 8.32%
Test - Best epoch, Loss, MSE, RMSE, MAE, MAPE: 34, 0.00266, 0.00266, 0.05154, 0.03175, 7.42%
Time spent: 2.75s
- Epoch 035, ExpID 10562
Train - Loss (one batch): 0.00238
Val - Loss, MSE, RMSE, MAE, MAPE: 0.00288, 0.00288, 0.05366, 0.03411, 8.62%
Test - Best epoch, Loss, MSE, RMSE, MAE, MAPE: 34, 0.00266, 0.00266, 0.05154, 0.03175, 7.42%
Time spent: 2.42s
- Epoch 036, ExpID 10562
Train - Loss (one batch): 0.00315
Val - Loss, MSE, RMSE, MAE, MAPE: 0.00279, 0.00279, 0.05282, 0.03274, 8.59%
Test - Best epoch, Loss, MSE, RMSE, MAE, MAPE: 34, 0.00266, 0.00266, 0.05154, 0.03175, 7.42%
Time spent: 2.34s
- Epoch 037, ExpID 10562
Train - Loss (one batch): 0.00276
Val - Loss, MSE, RMSE, MAE, MAPE: 0.00282, 0.00282, 0.05307, 0.03287, 8.50%
Test - Best epoch, Loss, MSE, RMSE, MAE, MAPE: 34, 0.00266, 0.00266, 0.05154, 0.03175, 7.42%
Time spent: 2.26s
- Epoch 038, ExpID 10562
Train - Loss (one batch): 0.00306
Val - Loss, MSE, RMSE, MAE, MAPE: 0.00296, 0.00296, 0.05441, 0.03521, 9.25%
Test - Best epoch, Loss, MSE, RMSE, MAE, MAPE: 34, 0.00266, 0.00266, 0.05154, 0.03175, 7.42%
Time spent: 2.27s
- Epoch 039, ExpID 10562
Train - Loss (one batch): 0.00250
Val - Loss, MSE, RMSE, MAE, MAPE: 0.00280, 0.00280, 0.05291, 0.03239, 8.39%
Test - Best epoch, Loss, MSE, RMSE, MAE, MAPE: 34, 0.00266, 0.00266, 0.05154, 0.03175, 7.42%
Time spent: 2.40s
- Epoch 040, ExpID 10562
Train - Loss (one batch): 0.00202
Val - Loss, MSE, RMSE, MAE, MAPE: 0.00304, 0.00304, 0.05518, 0.03632, 8.80%
Test - Best epoch, Loss, MSE, RMSE, MAE, MAPE: 34, 0.00266, 0.00266, 0.05154, 0.03175, 7.42%
Time spent: 2.44s
- Epoch 041, ExpID 10562
Train - Loss (one batch): 0.00284
Val - Loss, MSE, RMSE, MAE, MAPE: 0.00279, 0.00279, 0.05282, 0.03230, 8.26%
Test - Best epoch, Loss, MSE, RMSE, MAE, MAPE: 34, 0.00266, 0.00266, 0.05154, 0.03175, 7.42%
Time spent: 2.40s
- Epoch 042, ExpID 10562
Train - Loss (one batch): 0.00331
Val - Loss, MSE, RMSE, MAE, MAPE: 0.00274, 0.00274, 0.05239, 0.03177, 8.12%
Test - Best epoch, Loss, MSE, RMSE, MAE, MAPE: 42, 0.00268, 0.00268, 0.05176, 0.03185, 7.33%
Time spent: 2.66s
- Epoch 043, ExpID 10562
Train - Loss (one batch): 0.00220
Val - Loss, MSE, RMSE, MAE, MAPE: 0.00281, 0.00281, 0.05302, 0.03247, 8.19%
Test - Best epoch, Loss, MSE, RMSE, MAE, MAPE: 42, 0.00268, 0.00268, 0.05176, 0.03185, 7.33%
Time spent: 2.28s
- Epoch 044, ExpID 10562
Train - Loss (one batch): 0.00294
Val - Loss, MSE, RMSE, MAE, MAPE: 0.00271, 0.00271, 0.05209, 0.03130, 8.09%
Test - Best epoch, Loss, MSE, RMSE, MAE, MAPE: 44, 0.00263, 0.00263, 0.05127, 0.03117, 7.21%
Time spent: 2.57s
- Epoch 045, ExpID 10562
Train - Loss (one batch): 0.00284
Val - Loss, MSE, RMSE, MAE, MAPE: 0.00300, 0.00300, 0.05481, 0.03566, 9.10%
Test - Best epoch, Loss, MSE, RMSE, MAE, MAPE: 44, 0.00263, 0.00263, 0.05127, 0.03117, 7.21%
Time spent: 2.28s
- Epoch 046, ExpID 10562
Train - Loss (one batch): 0.00201
Val - Loss, MSE, RMSE, MAE, MAPE: 0.00303, 0.00303, 0.05502, 0.03619, 9.37%
Test - Best epoch, Loss, MSE, RMSE, MAE, MAPE: 44, 0.00263, 0.00263, 0.05127, 0.03117, 7.21%
Time spent: 2.26s
- Epoch 047, ExpID 10562
Train - Loss (one batch): 0.00221
Val - Loss, MSE, RMSE, MAE, MAPE: 0.00277, 0.00277, 0.05262, 0.03191, 8.08%
Test - Best epoch, Loss, MSE, RMSE, MAE, MAPE: 44, 0.00263, 0.00263, 0.05127, 0.03117, 7.21%
Time spent: 2.40s
- Epoch 048, ExpID 10562
Train - Loss (one batch): 0.00293
Val - Loss, MSE, RMSE, MAE, MAPE: 0.00273, 0.00273, 0.05224, 0.03159, 8.12%
Test - Best epoch, Loss, MSE, RMSE, MAE, MAPE: 44, 0.00263, 0.00263, 0.05127, 0.03117, 7.21%
Time spent: 2.41s
- Epoch 049, ExpID 10562
Train - Loss (one batch): 0.00318
Val - Loss, MSE, RMSE, MAE, MAPE: 0.00286, 0.00286, 0.05349, 0.03363, 8.72%
Test - Best epoch, Loss, MSE, RMSE, MAE, MAPE: 44, 0.00263, 0.00263, 0.05127, 0.03117, 7.21%
Time spent: 2.46s
- Epoch 050, ExpID 10562
Train - Loss (one batch): 0.00160
Val - Loss, MSE, RMSE, MAE, MAPE: 0.00282, 0.00282, 0.05315, 0.03286, 8.21%
Test - Best epoch, Loss, MSE, RMSE, MAE, MAPE: 44, 0.00263, 0.00263, 0.05127, 0.03117, 7.21%
Time spent: 2.42s
- Epoch 051, ExpID 10562
Train - Loss (one batch): 0.00208
Val - Loss, MSE, RMSE, MAE, MAPE: 0.00279, 0.00279, 0.05280, 0.03262, 8.52%
Test - Best epoch, Loss, MSE, RMSE, MAE, MAPE: 44, 0.00263, 0.00263, 0.05127, 0.03117, 7.21%
Time spent: 2.42s
- Epoch 052, ExpID 10562
Train - Loss (one batch): 0.00289
Val - Loss, MSE, RMSE, MAE, MAPE: 0.00277, 0.00277, 0.05263, 0.03257, 8.43%
Test - Best epoch, Loss, MSE, RMSE, MAE, MAPE: 44, 0.00263, 0.00263, 0.05127, 0.03117, 7.21%
Time spent: 2.46s
- Epoch 053, ExpID 10562
Train - Loss (one batch): 0.00194
Val - Loss, MSE, RMSE, MAE, MAPE: 0.00278, 0.00278, 0.05272, 0.03242, 8.17%
Test - Best epoch, Loss, MSE, RMSE, MAE, MAPE: 44, 0.00263, 0.00263, 0.05127, 0.03117, 7.21%
Time spent: 2.37s
- Epoch 054, ExpID 10562
Train - Loss (one batch): 0.00299
Val - Loss, MSE, RMSE, MAE, MAPE: 0.00282, 0.00282, 0.05312, 0.03329, 8.63%
Test - Best epoch, Loss, MSE, RMSE, MAE, MAPE: 44, 0.00263, 0.00263, 0.05127, 0.03117, 7.21%
Time spent: 2.35s
/home/ouass/Test/MSP-IMTS/tPatchGNN/run_models.py
2026-03-14 13:35:10
run_models.py --dataset activity --state def --history 3000 --batch_size 32 --lr 1e-3 --nhead 1 --patience 10 --tf_layer 1 --nlayer 1 --te_dim 10 --node_dim 10 --hid_dim 34 --outlayer Linear --seed 3 --gpu 0 --multi_scales 500,1000,2000 --multi_strides 500,1000,2000 --metric per_dim --fusion concat
Namespace(multi_scales='500,1000,2000', multi_strides='500,1000,2000', fusion='concat', state='def', n=100000000, hop=1, nhead=1, tf_layer=1, nlayer=1, epoch=1000, patience=10, history=3000, patch_size=24, stride=24, logmode='a', lr=0.001, w_decay=0.0, batch_size=32, save='experiments/', load=None, seed=3, dataset='activity', quantization=0.0, model='tPatchGNN', outlayer='Linear', hid_dim=34, te_dim=10, node_dim=10, gpu='0', metric='per_dim', npatch=125, device=device(type='cuda'), PID=3156492, pred_window=1000, ndim=12)
- Epoch 000, ExpID 22052
Train - Loss (one batch): 0.01170
Val - Loss, MSE, RMSE, MAE, MAPE: 0.01513, 0.01513, 0.12299, 0.09447, 25.14%
Test - Best epoch, Loss, MSE, RMSE, MAE, MAPE: 0, 0.01437, 0.01437, 0.11989, 0.09241, 22.10%
Time spent: 2.44s
- Epoch 001, ExpID 22052
Train - Loss (one batch): 0.00350
Val - Loss, MSE, RMSE, MAE, MAPE: 0.00462, 0.00462, 0.06795, 0.04962, 11.69%
Test - Best epoch, Loss, MSE, RMSE, MAE, MAPE: 1, 0.00445, 0.00445, 0.06673, 0.04931, 10.61%
Time spent: 2.36s
- Epoch 002, ExpID 22052
Train - Loss (one batch): 0.00285
Val - Loss, MSE, RMSE, MAE, MAPE: 0.00331, 0.00331, 0.05751, 0.03614, 9.35%
Test - Best epoch, Loss, MSE, RMSE, MAE, MAPE: 2, 0.00314, 0.00314, 0.05600, 0.03515, 8.16%
Time spent: 2.63s
- Epoch 003, ExpID 22052
Train - Loss (one batch): 0.00351
Val - Loss, MSE, RMSE, MAE, MAPE: 0.00320, 0.00320, 0.05653, 0.03484, 8.92%
Test - Best epoch, Loss, MSE, RMSE, MAE, MAPE: 3, 0.00305, 0.00305, 0.05525, 0.03409, 7.87%
Time spent: 2.74s
- Epoch 004, ExpID 22052
Train - Loss (one batch): 0.00261
Val - Loss, MSE, RMSE, MAE, MAPE: 0.00359, 0.00359, 0.05994, 0.03971, 9.59%
Test - Best epoch, Loss, MSE, RMSE, MAE, MAPE: 3, 0.00305, 0.00305, 0.05525, 0.03409, 7.87%
Time spent: 2.45s
- Epoch 005, ExpID 22052
Train - Loss (one batch): 0.00235
Val - Loss, MSE, RMSE, MAE, MAPE: 0.00313, 0.00313, 0.05595, 0.03505, 8.75%
Test - Best epoch, Loss, MSE, RMSE, MAE, MAPE: 5, 0.00302, 0.00302, 0.05496, 0.03463, 7.80%
Time spent: 2.74s
- Epoch 006, ExpID 22052
Train - Loss (one batch): 0.00196
Val - Loss, MSE, RMSE, MAE, MAPE: 0.00307, 0.00307, 0.05538, 0.03426, 8.61%
Test - Best epoch, Loss, MSE, RMSE, MAE, MAPE: 6, 0.00296, 0.00296, 0.05436, 0.03379, 7.66%
Time spent: 2.65s
- Epoch 007, ExpID 22052
Train - Loss (one batch): 0.00326
Val - Loss, MSE, RMSE, MAE, MAPE: 0.00319, 0.00319, 0.05652, 0.03631, 8.87%
Test - Best epoch, Loss, MSE, RMSE, MAE, MAPE: 6, 0.00296, 0.00296, 0.05436, 0.03379, 7.66%
Time spent: 2.48s
- Epoch 008, ExpID 22052
Train - Loss (one batch): 0.00222
Val - Loss, MSE, RMSE, MAE, MAPE: 0.00314, 0.00314, 0.05606, 0.03556, 8.75%
Test - Best epoch, Loss, MSE, RMSE, MAE, MAPE: 6, 0.00296, 0.00296, 0.05436, 0.03379, 7.66%
Time spent: 2.43s
- Epoch 009, ExpID 22052
Train - Loss (one batch): 0.00190
Val - Loss, MSE, RMSE, MAE, MAPE: 0.00309, 0.00309, 0.05558, 0.03526, 8.70%
Test - Best epoch, Loss, MSE, RMSE, MAE, MAPE: 6, 0.00296, 0.00296, 0.05436, 0.03379, 7.66%
Time spent: 2.47s
- Epoch 010, ExpID 22052
Train - Loss (one batch): 0.00346
Val - Loss, MSE, RMSE, MAE, MAPE: 0.00306, 0.00306, 0.05532, 0.03476, 9.16%
Test - Best epoch, Loss, MSE, RMSE, MAE, MAPE: 10, 0.00294, 0.00294, 0.05425, 0.03416, 8.09%
Time spent: 2.75s
- Epoch 011, ExpID 22052
Train - Loss (one batch): 0.00380
Val - Loss, MSE, RMSE, MAE, MAPE: 0.00363, 0.00363, 0.06027, 0.04203, 9.85%
Test - Best epoch, Loss, MSE, RMSE, MAE, MAPE: 10, 0.00294, 0.00294, 0.05425, 0.03416, 8.09%
Time spent: 2.39s
- Epoch 012, ExpID 22052
Train - Loss (one batch): 0.00214
Val - Loss, MSE, RMSE, MAE, MAPE: 0.00298, 0.00298, 0.05458, 0.03401, 8.55%
Test - Best epoch, Loss, MSE, RMSE, MAE, MAPE: 12, 0.00289, 0.00289, 0.05379, 0.03370, 7.63%
Time spent: 2.76s
- Epoch 013, ExpID 22052
Train - Loss (one batch): 0.00257
Val - Loss, MSE, RMSE, MAE, MAPE: 0.00298, 0.00298, 0.05460, 0.03382, 8.52%
Test - Best epoch, Loss, MSE, RMSE, MAE, MAPE: 12, 0.00289, 0.00289, 0.05379, 0.03370, 7.63%
Time spent: 2.46s
- Epoch 014, ExpID 22052
Train - Loss (one batch): 0.00232
Val - Loss, MSE, RMSE, MAE, MAPE: 0.00314, 0.00314, 0.05607, 0.03618, 8.82%
Test - Best epoch, Loss, MSE, RMSE, MAE, MAPE: 12, 0.00289, 0.00289, 0.05379, 0.03370, 7.63%
Time spent: 2.44s
- Epoch 015, ExpID 22052
Train - Loss (one batch): 0.00384
Val - Loss, MSE, RMSE, MAE, MAPE: 0.00310, 0.00310, 0.05565, 0.03581, 9.41%
Test - Best epoch, Loss, MSE, RMSE, MAE, MAPE: 12, 0.00289, 0.00289, 0.05379, 0.03370, 7.63%
Time spent: 2.48s
- Epoch 016, ExpID 22052
Train - Loss (one batch): 0.00231
Val - Loss, MSE, RMSE, MAE, MAPE: 0.00301, 0.00301, 0.05486, 0.03459, 9.11%
Test - Best epoch, Loss, MSE, RMSE, MAE, MAPE: 12, 0.00289, 0.00289, 0.05379, 0.03370, 7.63%
Time spent: 2.43s
- Epoch 017, ExpID 22052
Train - Loss (one batch): 0.00325
Val - Loss, MSE, RMSE, MAE, MAPE: 0.00290, 0.00290, 0.05385, 0.03272, 8.45%
Test - Best epoch, Loss, MSE, RMSE, MAE, MAPE: 17, 0.00281, 0.00281, 0.05297, 0.03238, 7.50%
Time spent: 2.74s
- Epoch 018, ExpID 22052
Train - Loss (one batch): 0.00310
Val - Loss, MSE, RMSE, MAE, MAPE: 0.00289, 0.00289, 0.05376, 0.03267, 8.38%
Test - Best epoch, Loss, MSE, RMSE, MAE, MAPE: 18, 0.00280, 0.00280, 0.05292, 0.03239, 7.48%
Time spent: 2.71s
- Epoch 019, ExpID 22052
Train - Loss (one batch): 0.00247
Val - Loss, MSE, RMSE, MAE, MAPE: 0.00308, 0.00308, 0.05549, 0.03557, 8.72%
Test - Best epoch, Loss, MSE, RMSE, MAE, MAPE: 18, 0.00280, 0.00280, 0.05292, 0.03239, 7.48%
Time spent: 2.36s
- Epoch 020, ExpID 22052
Train - Loss (one batch): 0.00315
Val - Loss, MSE, RMSE, MAE, MAPE: 0.00291, 0.00291, 0.05396, 0.03304, 8.46%
Test - Best epoch, Loss, MSE, RMSE, MAE, MAPE: 18, 0.00280, 0.00280, 0.05292, 0.03239, 7.48%
Time spent: 2.06s
- Epoch 021, ExpID 22052
Train - Loss (one batch): 0.00200
Val - Loss, MSE, RMSE, MAE, MAPE: 0.00297, 0.00297, 0.05454, 0.03388, 8.65%
Test - Best epoch, Loss, MSE, RMSE, MAE, MAPE: 18, 0.00280, 0.00280, 0.05292, 0.03239, 7.48%
Time spent: 2.37s
- Epoch 022, ExpID 22052
Train - Loss (one batch): 0.00289
Val - Loss, MSE, RMSE, MAE, MAPE: 0.00295, 0.00295, 0.05430, 0.03366, 8.67%
Test - Best epoch, Loss, MSE, RMSE, MAE, MAPE: 18, 0.00280, 0.00280, 0.05292, 0.03239, 7.48%
Time spent: 2.44s
- Epoch 023, ExpID 22052
Train - Loss (one batch): 0.00222
Val - Loss, MSE, RMSE, MAE, MAPE: 0.00319, 0.00319, 0.05644, 0.03686, 8.93%
Test - Best epoch, Loss, MSE, RMSE, MAE, MAPE: 18, 0.00280, 0.00280, 0.05292, 0.03239, 7.48%
Time spent: 2.11s
- Epoch 024, ExpID 22052
Train - Loss (one batch): 0.00241
Val - Loss, MSE, RMSE, MAE, MAPE: 0.00294, 0.00294, 0.05419, 0.03344, 8.50%
Test - Best epoch, Loss, MSE, RMSE, MAE, MAPE: 18, 0.00280, 0.00280, 0.05292, 0.03239, 7.48%
Time spent: 2.44s
- Epoch 025, ExpID 22052
Train - Loss (one batch): 0.00279
Val - Loss, MSE, RMSE, MAE, MAPE: 0.00302, 0.00302, 0.05497, 0.03479, 8.95%
Test - Best epoch, Loss, MSE, RMSE, MAE, MAPE: 18, 0.00280, 0.00280, 0.05292, 0.03239, 7.48%
Time spent: 2.40s
- Epoch 026, ExpID 22052
Train - Loss (one batch): 0.00324
Val - Loss, MSE, RMSE, MAE, MAPE: 0.00291, 0.00291, 0.05392, 0.03317, 8.41%
Test - Best epoch, Loss, MSE, RMSE, MAE, MAPE: 18, 0.00280, 0.00280, 0.05292, 0.03239, 7.48%
Time spent: 2.41s
- Epoch 027, ExpID 22052
Train - Loss (one batch): 0.00181
Val - Loss, MSE, RMSE, MAE, MAPE: 0.00329, 0.00329, 0.05738, 0.03797, 9.22%
Test - Best epoch, Loss, MSE, RMSE, MAE, MAPE: 18, 0.00280, 0.00280, 0.05292, 0.03239, 7.48%
Time spent: 2.44s
- Epoch 028, ExpID 22052
Train - Loss (one batch): 0.00237
Val - Loss, MSE, RMSE, MAE, MAPE: 0.00303, 0.00303, 0.05505, 0.03509, 8.61%
Test - Best epoch, Loss, MSE, RMSE, MAE, MAPE: 18, 0.00280, 0.00280, 0.05292, 0.03239, 7.48%
Time spent: 2.47s
/home/ouass/Test/MSP-IMTS/tPatchGNN/run_models.py
2026-03-14 13:37:09
run_models.py --dataset activity --state def --history 3000 --batch_size 32 --lr 1e-3 --nhead 1 --patience 10 --tf_layer 1 --nlayer 1 --te_dim 10 --node_dim 10 --hid_dim 34 --outlayer Linear --seed 4 --gpu 0 --multi_scales 500,1000,2000 --multi_strides 500,1000,2000 --metric per_dim --fusion concat
Namespace(multi_scales='500,1000,2000', multi_strides='500,1000,2000', fusion='concat', state='def', n=100000000, hop=1, nhead=1, tf_layer=1, nlayer=1, epoch=1000, patience=10, history=3000, patch_size=24, stride=24, logmode='a', lr=0.001, w_decay=0.0, batch_size=32, save='experiments/', load=None, seed=4, dataset='activity', quantization=0.0, model='tPatchGNN', outlayer='Linear', hid_dim=34, te_dim=10, node_dim=10, gpu='0', metric='per_dim', npatch=125, device=device(type='cuda'), PID=3156568, pred_window=1000, ndim=12)
- Epoch 000, ExpID 98745
Train - Loss (one batch): 0.00401
Val - Loss, MSE, RMSE, MAE, MAPE: 0.00477, 0.00477, 0.06906, 0.04782, 12.38%
Test - Best epoch, Loss, MSE, RMSE, MAE, MAPE: 0, 0.00433, 0.00433, 0.06581, 0.04585, 10.50%
Time spent: 2.56s
- Epoch 001, ExpID 98745
Train - Loss (one batch): 0.00341
Val - Loss, MSE, RMSE, MAE, MAPE: 0.00381, 0.00381, 0.06176, 0.04127, 10.70%
Test - Best epoch, Loss, MSE, RMSE, MAE, MAPE: 1, 0.00357, 0.00357, 0.05972, 0.03983, 9.35%
Time spent: 2.57s
- Epoch 002, ExpID 98745
Train - Loss (one batch): 0.00286
Val - Loss, MSE, RMSE, MAE, MAPE: 0.00405, 0.00405, 0.06366, 0.04500, 11.34%
Test - Best epoch, Loss, MSE, RMSE, MAE, MAPE: 1, 0.00357, 0.00357, 0.05972, 0.03983, 9.35%
Time spent: 2.34s
- Epoch 003, ExpID 98745
Train - Loss (one batch): 0.00273
Val - Loss, MSE, RMSE, MAE, MAPE: 0.00339, 0.00339, 0.05820, 0.03704, 9.30%
Test - Best epoch, Loss, MSE, RMSE, MAE, MAPE: 3, 0.00324, 0.00324, 0.05691, 0.03653, 8.29%
Time spent: 2.78s
- Epoch 004, ExpID 98745
Train - Loss (one batch): 0.00281
Val - Loss, MSE, RMSE, MAE, MAPE: 0.00325, 0.00325, 0.05698, 0.03616, 9.18%
Test - Best epoch, Loss, MSE, RMSE, MAE, MAPE: 4, 0.00308, 0.00308, 0.05548, 0.03538, 8.18%
Time spent: 2.74s
- Epoch 005, ExpID 98745
Train - Loss (one batch): 0.00217
Val - Loss, MSE, RMSE, MAE, MAPE: 0.00348, 0.00348, 0.05898, 0.03927, 9.84%
Test - Best epoch, Loss, MSE, RMSE, MAE, MAPE: 4, 0.00308, 0.00308, 0.05548, 0.03538, 8.18%
Time spent: 2.44s
- Epoch 006, ExpID 98745
Train - Loss (one batch): 0.00301
Val - Loss, MSE, RMSE, MAE, MAPE: 0.00323, 0.00323, 0.05682, 0.03636, 9.31%
Test - Best epoch, Loss, MSE, RMSE, MAE, MAPE: 6, 0.00309, 0.00309, 0.05558, 0.03583, 8.30%
Time spent: 2.49s
- Epoch 007, ExpID 98745
Train - Loss (one batch): 0.00270
Val - Loss, MSE, RMSE, MAE, MAPE: 0.00378, 0.00378, 0.06146, 0.04360, 11.09%
Test - Best epoch, Loss, MSE, RMSE, MAE, MAPE: 6, 0.00309, 0.00309, 0.05558, 0.03583, 8.30%
Time spent: 2.06s
- Epoch 008, ExpID 98745
Train - Loss (one batch): 0.00222
Val - Loss, MSE, RMSE, MAE, MAPE: 0.00355, 0.00355, 0.05960, 0.04107, 10.50%
Test - Best epoch, Loss, MSE, RMSE, MAE, MAPE: 6, 0.00309, 0.00309, 0.05558, 0.03583, 8.30%
Time spent: 2.07s
- Epoch 009, ExpID 98745
Train - Loss (one batch): 0.00226
Val - Loss, MSE, RMSE, MAE, MAPE: 0.00336, 0.00336, 0.05795, 0.03892, 10.19%
Test - Best epoch, Loss, MSE, RMSE, MAE, MAPE: 6, 0.00309, 0.00309, 0.05558, 0.03583, 8.30%
Time spent: 2.06s
- Epoch 010, ExpID 98745
Train - Loss (one batch): 0.00279
Val - Loss, MSE, RMSE, MAE, MAPE: 0.00355, 0.00355, 0.05962, 0.04095, 10.28%
Test - Best epoch, Loss, MSE, RMSE, MAE, MAPE: 6, 0.00309, 0.00309, 0.05558, 0.03583, 8.30%
Time spent: 2.06s
- Epoch 011, ExpID 98745
Train - Loss (one batch): 0.00246
Val - Loss, MSE, RMSE, MAE, MAPE: 0.00322, 0.00322, 0.05679, 0.03716, 9.66%
Test - Best epoch, Loss, MSE, RMSE, MAE, MAPE: 11, 0.00309, 0.00309, 0.05558, 0.03664, 8.64%
Time spent: 2.73s
- Epoch 012, ExpID 98745
Train - Loss (one batch): 0.00219
Val - Loss, MSE, RMSE, MAE, MAPE: 0.00339, 0.00339, 0.05825, 0.03947, 10.06%
Test - Best epoch, Loss, MSE, RMSE, MAE, MAPE: 11, 0.00309, 0.00309, 0.05558, 0.03664, 8.64%
Time spent: 2.41s
- Epoch 013, ExpID 98745
Train - Loss (one batch): 0.00278
Val - Loss, MSE, RMSE, MAE, MAPE: 0.00354, 0.00354, 0.05949, 0.04142, 10.65%
Test - Best epoch, Loss, MSE, RMSE, MAE, MAPE: 11, 0.00309, 0.00309, 0.05558, 0.03664, 8.64%
Time spent: 2.30s
- Epoch 014, ExpID 98745
Train - Loss (one batch): 0.00228
Val - Loss, MSE, RMSE, MAE, MAPE: 0.00305, 0.00305, 0.05524, 0.03479, 8.91%
Test - Best epoch, Loss, MSE, RMSE, MAE, MAPE: 14, 0.00294, 0.00294, 0.05424, 0.03451, 8.01%
Time spent: 2.70s
- Epoch 015, ExpID 98745
Train - Loss (one batch): 0.00293
Val - Loss, MSE, RMSE, MAE, MAPE: 0.00306, 0.00306, 0.05535, 0.03476, 8.77%
Test - Best epoch, Loss, MSE, RMSE, MAE, MAPE: 14, 0.00294, 0.00294, 0.05424, 0.03451, 8.01%
Time spent: 2.40s
- Epoch 016, ExpID 98745
Train - Loss (one batch): 0.00270
Val - Loss, MSE, RMSE, MAE, MAPE: 0.00288, 0.00288, 0.05370, 0.03260, 8.48%
Test - Best epoch, Loss, MSE, RMSE, MAE, MAPE: 16, 0.00278, 0.00278, 0.05270, 0.03235, 7.55%
Time spent: 2.73s
- Epoch 017, ExpID 98745
Train - Loss (one batch): 0.00396
Val - Loss, MSE, RMSE, MAE, MAPE: 0.00384, 0.00384, 0.06199, 0.04473, 11.39%
Test - Best epoch, Loss, MSE, RMSE, MAE, MAPE: 16, 0.00278, 0.00278, 0.05270, 0.03235, 7.55%
Time spent: 2.37s
- Epoch 018, ExpID 98745
Train - Loss (one batch): 0.00200
Val - Loss, MSE, RMSE, MAE, MAPE: 0.00294, 0.00294, 0.05426, 0.03360, 8.43%
Test - Best epoch, Loss, MSE, RMSE, MAE, MAPE: 16, 0.00278, 0.00278, 0.05270, 0.03235, 7.55%
Time spent: 2.40s
- Epoch 019, ExpID 98745
Train - Loss (one batch): 0.00246
Val - Loss, MSE, RMSE, MAE, MAPE: 0.00362, 0.00362, 0.06016, 0.04258, 10.86%
Test - Best epoch, Loss, MSE, RMSE, MAE, MAPE: 16, 0.00278, 0.00278, 0.05270, 0.03235, 7.55%
Time spent: 2.41s
- Epoch 020, ExpID 98745
Train - Loss (one batch): 0.00329
Val - Loss, MSE, RMSE, MAE, MAPE: 0.00338, 0.00338, 0.05811, 0.03941, 9.83%
Test - Best epoch, Loss, MSE, RMSE, MAE, MAPE: 16, 0.00278, 0.00278, 0.05270, 0.03235, 7.55%
Time spent: 2.44s
- Epoch 021, ExpID 98745
Train - Loss (one batch): 0.00294
Val - Loss, MSE, RMSE, MAE, MAPE: 0.00328, 0.00328, 0.05726, 0.03849, 9.79%
Test - Best epoch, Loss, MSE, RMSE, MAE, MAPE: 16, 0.00278, 0.00278, 0.05270, 0.03235, 7.55%
Time spent: 2.41s
- Epoch 022, ExpID 98745
Train - Loss (one batch): 0.00199
Val - Loss, MSE, RMSE, MAE, MAPE: 0.00281, 0.00281, 0.05305, 0.03204, 8.26%
Test - Best epoch, Loss, MSE, RMSE, MAE, MAPE: 22, 0.00272, 0.00272, 0.05218, 0.03188, 7.40%
Time spent: 2.73s
- Epoch 023, ExpID 98745
Train - Loss (one batch): 0.00233
Val - Loss, MSE, RMSE, MAE, MAPE: 0.00307, 0.00307, 0.05544, 0.03556, 9.01%
Test - Best epoch, Loss, MSE, RMSE, MAE, MAPE: 22, 0.00272, 0.00272, 0.05218, 0.03188, 7.40%
Time spent: 2.45s
- Epoch 024, ExpID 98745
Train - Loss (one batch): 0.00257
Val - Loss, MSE, RMSE, MAE, MAPE: 0.00373, 0.00373, 0.06111, 0.04418, 11.14%
Test - Best epoch, Loss, MSE, RMSE, MAE, MAPE: 22, 0.00272, 0.00272, 0.05218, 0.03188, 7.40%
Time spent: 2.43s
- Epoch 025, ExpID 98745
Train - Loss (one batch): 0.00218
Val - Loss, MSE, RMSE, MAE, MAPE: 0.00292, 0.00292, 0.05407, 0.03399, 8.84%
Test - Best epoch, Loss, MSE, RMSE, MAE, MAPE: 22, 0.00272, 0.00272, 0.05218, 0.03188, 7.40%
Time spent: 2.46s
- Epoch 026, ExpID 98745
Train - Loss (one batch): 0.00199
Val - Loss, MSE, RMSE, MAE, MAPE: 0.00301, 0.00301, 0.05482, 0.03482, 8.82%
Test - Best epoch, Loss, MSE, RMSE, MAE, MAPE: 22, 0.00272, 0.00272, 0.05218, 0.03188, 7.40%
Time spent: 2.41s
- Epoch 027, ExpID 98745
Train - Loss (one batch): 0.00235
Val - Loss, MSE, RMSE, MAE, MAPE: 0.00295, 0.00295, 0.05436, 0.03414, 8.70%
Test - Best epoch, Loss, MSE, RMSE, MAE, MAPE: 22, 0.00272, 0.00272, 0.05218, 0.03188, 7.40%
Time spent: 2.42s
- Epoch 028, ExpID 98745
Train - Loss (one batch): 0.00271
Val - Loss, MSE, RMSE, MAE, MAPE: 0.00386, 0.00386, 0.06214, 0.04510, 11.00%
Test - Best epoch, Loss, MSE, RMSE, MAE, MAPE: 22, 0.00272, 0.00272, 0.05218, 0.03188, 7.40%
Time spent: 2.43s
- Epoch 029, ExpID 98745
Train - Loss (one batch): 0.00262
Val - Loss, MSE, RMSE, MAE, MAPE: 0.00283, 0.00283, 0.05323, 0.03223, 8.19%
Test - Best epoch, Loss, MSE, RMSE, MAE, MAPE: 22, 0.00272, 0.00272, 0.05218, 0.03188, 7.40%
Time spent: 2.43s
- Epoch 030, ExpID 98745
Train - Loss (one batch): 0.00249
Val - Loss, MSE, RMSE, MAE, MAPE: 0.00292, 0.00292, 0.05403, 0.03380, 8.54%
Test - Best epoch, Loss, MSE, RMSE, MAE, MAPE: 22, 0.00272, 0.00272, 0.05218, 0.03188, 7.40%
Time spent: 2.40s
- Epoch 031, ExpID 98745
Train - Loss (one batch): 0.00265
Val - Loss, MSE, RMSE, MAE, MAPE: 0.00306, 0.00306, 0.05536, 0.03624, 9.52%
Test - Best epoch, Loss, MSE, RMSE, MAE, MAPE: 22, 0.00272, 0.00272, 0.05218, 0.03188, 7.40%
Time spent: 2.44s
- Epoch 032, ExpID 98745
Train - Loss (one batch): 0.00237
Val - Loss, MSE, RMSE, MAE, MAPE: 0.00344, 0.00344, 0.05862, 0.04090, 10.34%
Test - Best epoch, Loss, MSE, RMSE, MAE, MAPE: 22, 0.00272, 0.00272, 0.05218, 0.03188, 7.40%
Time spent: 2.39s
/home/ouass/Test/MSP-IMTS/tPatchGNN/run_models.py
2026-03-14 13:39:02
run_models.py --dataset activity --state def --history 3000 --batch_size 32 --lr 1e-3 --nhead 1 --patience 10 --tf_layer 1 --nlayer 1 --te_dim 10 --node_dim 10 --hid_dim 34 --outlayer Linear --seed 5 --gpu 0 --multi_scales 500,1000,2000 --multi_strides 500,1000,2000 --metric per_dim --fusion concat
Namespace(multi_scales='500,1000,2000', multi_strides='500,1000,2000', fusion='concat', state='def', n=100000000, hop=1, nhead=1, tf_layer=1, nlayer=1, epoch=1000, patience=10, history=3000, patch_size=24, stride=24, logmode='a', lr=0.001, w_decay=0.0, batch_size=32, save='experiments/', load=None, seed=5, dataset='activity', quantization=0.0, model='tPatchGNN', outlayer='Linear', hid_dim=34, te_dim=10, node_dim=10, gpu='0', metric='per_dim', npatch=125, device=device(type='cuda'), PID=3156606, pred_window=1000, ndim=12)
- Epoch 000, ExpID 61256
Train - Loss (one batch): 0.00350
Val - Loss, MSE, RMSE, MAE, MAPE: 0.00371, 0.00371, 0.06089, 0.03975, 10.25%
Test - Best epoch, Loss, MSE, RMSE, MAE, MAPE: 0, 0.00346, 0.00346, 0.05882, 0.03846, 8.82%
Time spent: 2.75s
- Epoch 001, ExpID 61256
Train - Loss (one batch): 0.00346
Val - Loss, MSE, RMSE, MAE, MAPE: 0.00359, 0.00359, 0.05991, 0.03941, 9.77%
Test - Best epoch, Loss, MSE, RMSE, MAE, MAPE: 1, 0.00339, 0.00339, 0.05821, 0.03841, 8.51%
Time spent: 2.66s
- Epoch 002, ExpID 61256
Train - Loss (one batch): 0.00268
Val - Loss, MSE, RMSE, MAE, MAPE: 0.00350, 0.00350, 0.05914, 0.03932, 9.66%
Test - Best epoch, Loss, MSE, RMSE, MAE, MAPE: 2, 0.00334, 0.00334, 0.05782, 0.03859, 8.49%
Time spent: 2.78s
- Epoch 003, ExpID 61256
Train - Loss (one batch): 0.00321
Val - Loss, MSE, RMSE, MAE, MAPE: 0.00317, 0.00317, 0.05634, 0.03496, 8.85%
Test - Best epoch, Loss, MSE, RMSE, MAE, MAPE: 3, 0.00302, 0.00302, 0.05497, 0.03416, 7.76%
Time spent: 2.62s
- Epoch 004, ExpID 61256
Train - Loss (one batch): 0.00240
Val - Loss, MSE, RMSE, MAE, MAPE: 0.00343, 0.00343, 0.05857, 0.03907, 10.45%
Test - Best epoch, Loss, MSE, RMSE, MAE, MAPE: 3, 0.00302, 0.00302, 0.05497, 0.03416, 7.76%
Time spent: 2.20s
- Epoch 005, ExpID 61256
Train - Loss (one batch): 0.00363
Val - Loss, MSE, RMSE, MAE, MAPE: 0.00304, 0.00304, 0.05512, 0.03389, 8.65%
Test - Best epoch, Loss, MSE, RMSE, MAE, MAPE: 5, 0.00290, 0.00290, 0.05386, 0.03334, 7.64%
Time spent: 2.36s
- Epoch 006, ExpID 61256
Train - Loss (one batch): 0.00399
Val - Loss, MSE, RMSE, MAE, MAPE: 0.00303, 0.00303, 0.05507, 0.03397, 8.73%
Test - Best epoch, Loss, MSE, RMSE, MAE, MAPE: 6, 0.00292, 0.00292, 0.05403, 0.03375, 7.81%
Time spent: 2.51s
- Epoch 007, ExpID 61256
Train - Loss (one batch): 0.00280
Val - Loss, MSE, RMSE, MAE, MAPE: 0.00300, 0.00300, 0.05480, 0.03382, 8.66%
Test - Best epoch, Loss, MSE, RMSE, MAE, MAPE: 7, 0.00287, 0.00287, 0.05361, 0.03333, 7.70%
Time spent: 2.60s
- Epoch 008, ExpID 61256
Train - Loss (one batch): 0.00349
Val - Loss, MSE, RMSE, MAE, MAPE: 0.00321, 0.00321, 0.05667, 0.03673, 8.87%
Test - Best epoch, Loss, MSE, RMSE, MAE, MAPE: 7, 0.00287, 0.00287, 0.05361, 0.03333, 7.70%
Time spent: 2.29s
- Epoch 009, ExpID 61256
Train - Loss (one batch): 0.00303
Val - Loss, MSE, RMSE, MAE, MAPE: 0.00385, 0.00385, 0.06201, 0.04456, 10.17%
Test - Best epoch, Loss, MSE, RMSE, MAE, MAPE: 7, 0.00287, 0.00287, 0.05361, 0.03333, 7.70%
Time spent: 2.31s
- Epoch 010, ExpID 61256
Train - Loss (one batch): 0.00221
Val - Loss, MSE, RMSE, MAE, MAPE: 0.00339, 0.00339, 0.05820, 0.03937, 9.28%
Test - Best epoch, Loss, MSE, RMSE, MAE, MAPE: 7, 0.00287, 0.00287, 0.05361, 0.03333, 7.70%
Time spent: 2.48s
- Epoch 011, ExpID 61256
Train - Loss (one batch): 0.00222
Val - Loss, MSE, RMSE, MAE, MAPE: 0.00305, 0.00305, 0.05519, 0.03521, 8.68%
Test - Best epoch, Loss, MSE, RMSE, MAE, MAPE: 7, 0.00287, 0.00287, 0.05361, 0.03333, 7.70%
Time spent: 2.29s
- Epoch 012, ExpID 61256
Train - Loss (one batch): 0.00240
Val - Loss, MSE, RMSE, MAE, MAPE: 0.00294, 0.00294, 0.05424, 0.03358, 8.47%
Test - Best epoch, Loss, MSE, RMSE, MAE, MAPE: 12, 0.00284, 0.00284, 0.05328, 0.03328, 7.57%
Time spent: 2.59s
- Epoch 013, ExpID 61256
Train - Loss (one batch): 0.00246
Val - Loss, MSE, RMSE, MAE, MAPE: 0.00298, 0.00298, 0.05457, 0.03401, 8.49%
Test - Best epoch, Loss, MSE, RMSE, MAE, MAPE: 12, 0.00284, 0.00284, 0.05328, 0.03328, 7.57%
Time spent: 2.45s
- Epoch 014, ExpID 61256
Train - Loss (one batch): 0.00253
Val - Loss, MSE, RMSE, MAE, MAPE: 0.00329, 0.00329, 0.05734, 0.03831, 9.13%
Test - Best epoch, Loss, MSE, RMSE, MAE, MAPE: 12, 0.00284, 0.00284, 0.05328, 0.03328, 7.57%
Time spent: 2.43s
- Epoch 015, ExpID 61256
Train - Loss (one batch): 0.00292
Val - Loss, MSE, RMSE, MAE, MAPE: 0.00335, 0.00335, 0.05791, 0.03931, 9.26%
Test - Best epoch, Loss, MSE, RMSE, MAE, MAPE: 12, 0.00284, 0.00284, 0.05328, 0.03328, 7.57%
Time spent: 2.43s
- Epoch 016, ExpID 61256
Train - Loss (one batch): 0.00297
Val - Loss, MSE, RMSE, MAE, MAPE: 0.00304, 0.00304, 0.05511, 0.03524, 8.55%
Test - Best epoch, Loss, MSE, RMSE, MAE, MAPE: 12, 0.00284, 0.00284, 0.05328, 0.03328, 7.57%
Time spent: 2.47s
- Epoch 017, ExpID 61256
Train - Loss (one batch): 0.00282
Val - Loss, MSE, RMSE, MAE, MAPE: 0.00286, 0.00286, 0.05348, 0.03313, 8.42%
Test - Best epoch, Loss, MSE, RMSE, MAE, MAPE: 17, 0.00277, 0.00277, 0.05266, 0.03286, 7.55%
Time spent: 2.77s
- Epoch 018, ExpID 61256
Train - Loss (one batch): 0.00391
Val - Loss, MSE, RMSE, MAE, MAPE: 0.00285, 0.00285, 0.05341, 0.03276, 8.33%
Test - Best epoch, Loss, MSE, RMSE, MAE, MAPE: 18, 0.00276, 0.00276, 0.05257, 0.03249, 7.41%
Time spent: 2.75s
- Epoch 019, ExpID 61256
Train - Loss (one batch): 0.00269
Val - Loss, MSE, RMSE, MAE, MAPE: 0.00290, 0.00290, 0.05385, 0.03387, 8.82%
Test - Best epoch, Loss, MSE, RMSE, MAE, MAPE: 18, 0.00276, 0.00276, 0.05257, 0.03249, 7.41%
Time spent: 2.48s
- Epoch 020, ExpID 61256
Train - Loss (one batch): 0.00291
Val - Loss, MSE, RMSE, MAE, MAPE: 0.00285, 0.00285, 0.05336, 0.03302, 8.46%
Test - Best epoch, Loss, MSE, RMSE, MAE, MAPE: 20, 0.00275, 0.00275, 0.05243, 0.03272, 7.58%
Time spent: 2.76s
- Epoch 021, ExpID 61256
Train - Loss (one batch): 0.00290
Val - Loss, MSE, RMSE, MAE, MAPE: 0.00286, 0.00286, 0.05349, 0.03309, 8.26%
Test - Best epoch, Loss, MSE, RMSE, MAE, MAPE: 20, 0.00275, 0.00275, 0.05243, 0.03272, 7.58%
Time spent: 2.47s
- Epoch 022, ExpID 61256
Train - Loss (one batch): 0.00268
Val - Loss, MSE, RMSE, MAE, MAPE: 0.00282, 0.00282, 0.05308, 0.03269, 8.31%
Test - Best epoch, Loss, MSE, RMSE, MAE, MAPE: 22, 0.00273, 0.00273, 0.05224, 0.03241, 7.41%
Time spent: 2.73s
- Epoch 023, ExpID 61256
Train - Loss (one batch): 0.00207
Val - Loss, MSE, RMSE, MAE, MAPE: 0.00289, 0.00289, 0.05372, 0.03321, 8.27%
Test - Best epoch, Loss, MSE, RMSE, MAE, MAPE: 22, 0.00273, 0.00273, 0.05224, 0.03241, 7.41%
Time spent: 2.44s
- Epoch 024, ExpID 61256
Train - Loss (one batch): 0.00195
Val - Loss, MSE, RMSE, MAE, MAPE: 0.00294, 0.00294, 0.05419, 0.03343, 8.39%
Test - Best epoch, Loss, MSE, RMSE, MAE, MAPE: 22, 0.00273, 0.00273, 0.05224, 0.03241, 7.41%
Time spent: 2.48s
- Epoch 025, ExpID 61256
Train - Loss (one batch): 0.00222
Val - Loss, MSE, RMSE, MAE, MAPE: 0.00285, 0.00285, 0.05343, 0.03345, 8.48%
Test - Best epoch, Loss, MSE, RMSE, MAE, MAPE: 22, 0.00273, 0.00273, 0.05224, 0.03241, 7.41%
Time spent: 2.40s
- Epoch 026, ExpID 61256
Train - Loss (one batch): 0.00155
Val - Loss, MSE, RMSE, MAE, MAPE: 0.00288, 0.00288, 0.05368, 0.03344, 8.28%
Test - Best epoch, Loss, MSE, RMSE, MAE, MAPE: 22, 0.00273, 0.00273, 0.05224, 0.03241, 7.41%
Time spent: 2.49s
- Epoch 027, ExpID 61256
Train - Loss (one batch): 0.00238
Val - Loss, MSE, RMSE, MAE, MAPE: 0.00302, 0.00302, 0.05495, 0.03552, 8.60%
Test - Best epoch, Loss, MSE, RMSE, MAE, MAPE: 22, 0.00273, 0.00273, 0.05224, 0.03241, 7.41%
Time spent: 2.46s
- Epoch 028, ExpID 61256
Train - Loss (one batch): 0.00344
Val - Loss, MSE, RMSE, MAE, MAPE: 0.00286, 0.00286, 0.05344, 0.03274, 8.19%
Test - Best epoch, Loss, MSE, RMSE, MAE, MAPE: 22, 0.00273, 0.00273, 0.05224, 0.03241, 7.41%
Time spent: 2.45s
- Epoch 029, ExpID 61256
Train - Loss (one batch): 0.00298
Val - Loss, MSE, RMSE, MAE, MAPE: 0.00276, 0.00276, 0.05253, 0.03204, 8.17%
Test - Best epoch, Loss, MSE, RMSE, MAE, MAPE: 29, 0.00268, 0.00268, 0.05179, 0.03191, 7.30%
Time spent: 2.78s
- Epoch 030, ExpID 61256
Train - Loss (one batch): 0.00315
Val - Loss, MSE, RMSE, MAE, MAPE: 0.00285, 0.00285, 0.05342, 0.03343, 8.27%
Test - Best epoch, Loss, MSE, RMSE, MAE, MAPE: 29, 0.00268, 0.00268, 0.05179, 0.03191, 7.30%
Time spent: 2.45s
- Epoch 031, ExpID 61256
Train - Loss (one batch): 0.00199
Val - Loss, MSE, RMSE, MAE, MAPE: 0.00303, 0.00303, 0.05501, 0.03558, 8.59%
Test - Best epoch, Loss, MSE, RMSE, MAE, MAPE: 29, 0.00268, 0.00268, 0.05179, 0.03191, 7.30%
Time spent: 2.48s
- Epoch 032, ExpID 61256
Train - Loss (one batch): 0.00212
Val - Loss, MSE, RMSE, MAE, MAPE: 0.00278, 0.00278, 0.05277, 0.03252, 8.40%
Test - Best epoch, Loss, MSE, RMSE, MAE, MAPE: 29, 0.00268, 0.00268, 0.05179, 0.03191, 7.30%
Time spent: 2.48s
- Epoch 033, ExpID 61256
Train - Loss (one batch): 0.00339
Val - Loss, MSE, RMSE, MAE, MAPE: 0.00275, 0.00275, 0.05243, 0.03203, 8.16%
Test - Best epoch, Loss, MSE, RMSE, MAE, MAPE: 33, 0.00266, 0.00266, 0.05161, 0.03180, 7.29%
Time spent: 2.72s
- Epoch 034, ExpID 61256
Train - Loss (one batch): 0.00144
Val - Loss, MSE, RMSE, MAE, MAPE: 0.00284, 0.00284, 0.05332, 0.03351, 8.23%
Test - Best epoch, Loss, MSE, RMSE, MAE, MAPE: 33, 0.00266, 0.00266, 0.05161, 0.03180, 7.29%
Time spent: 2.46s
- Epoch 035, ExpID 61256
Train - Loss (one batch): 0.00240
Val - Loss, MSE, RMSE, MAE, MAPE: 0.00287, 0.00287, 0.05355, 0.03400, 8.33%
Test - Best epoch, Loss, MSE, RMSE, MAE, MAPE: 33, 0.00266, 0.00266, 0.05161, 0.03180, 7.29%
Time spent: 2.45s
- Epoch 036, ExpID 61256
Train - Loss (one batch): 0.00317
Val - Loss, MSE, RMSE, MAE, MAPE: 0.00277, 0.00277, 0.05264, 0.03247, 8.12%
Test - Best epoch, Loss, MSE, RMSE, MAE, MAPE: 33, 0.00266, 0.00266, 0.05161, 0.03180, 7.29%
Time spent: 2.44s
- Epoch 037, ExpID 61256
Train - Loss (one batch): 0.00246
Val - Loss, MSE, RMSE, MAE, MAPE: 0.00301, 0.00301, 0.05488, 0.03561, 8.53%
Test - Best epoch, Loss, MSE, RMSE, MAE, MAPE: 33, 0.00266, 0.00266, 0.05161, 0.03180, 7.29%
Time spent: 2.50s
- Epoch 038, ExpID 61256
Train - Loss (one batch): 0.00213
Val - Loss, MSE, RMSE, MAE, MAPE: 0.00277, 0.00277, 0.05267, 0.03268, 8.37%
Test - Best epoch, Loss, MSE, RMSE, MAE, MAPE: 33, 0.00266, 0.00266, 0.05161, 0.03180, 7.29%
Time spent: 2.43s
- Epoch 039, ExpID 61256
Train - Loss (one batch): 0.00246
Val - Loss, MSE, RMSE, MAE, MAPE: 0.00279, 0.00279, 0.05285, 0.03249, 8.20%
Test - Best epoch, Loss, MSE, RMSE, MAE, MAPE: 33, 0.00266, 0.00266, 0.05161, 0.03180, 7.29%
Time spent: 2.42s
- Epoch 040, ExpID 61256
Train - Loss (one batch): 0.00324
Val - Loss, MSE, RMSE, MAE, MAPE: 0.00277, 0.00277, 0.05261, 0.03208, 8.05%
Test - Best epoch, Loss, MSE, RMSE, MAE, MAPE: 33, 0.00266, 0.00266, 0.05161, 0.03180, 7.29%
Time spent: 2.48s
- Epoch 041, ExpID 61256
Train - Loss (one batch): 0.00184
Val - Loss, MSE, RMSE, MAE, MAPE: 0.00274, 0.00274, 0.05235, 0.03200, 8.09%
Test - Best epoch, Loss, MSE, RMSE, MAE, MAPE: 41, 0.00266, 0.00266, 0.05161, 0.03170, 7.22%
Time spent: 2.64s
- Epoch 042, ExpID 61256
Train - Loss (one batch): 0.00276
Val - Loss, MSE, RMSE, MAE, MAPE: 0.00282, 0.00282, 0.05313, 0.03333, 8.27%
Test - Best epoch, Loss, MSE, RMSE, MAE, MAPE: 41, 0.00266, 0.00266, 0.05161, 0.03170, 7.22%
Time spent: 2.07s
- Epoch 043, ExpID 61256
Train - Loss (one batch): 0.00251
Val - Loss, MSE, RMSE, MAE, MAPE: 0.00287, 0.00287, 0.05355, 0.03382, 8.35%
Test - Best epoch, Loss, MSE, RMSE, MAE, MAPE: 41, 0.00266, 0.00266, 0.05161, 0.03170, 7.22%
Time spent: 2.35s
- Epoch 044, ExpID 61256
Train - Loss (one batch): 0.00291
Val - Loss, MSE, RMSE, MAE, MAPE: 0.00278, 0.00278, 0.05269, 0.03280, 8.22%
Test - Best epoch, Loss, MSE, RMSE, MAE, MAPE: 41, 0.00266, 0.00266, 0.05161, 0.03170, 7.22%
Time spent: 2.48s
- Epoch 045, ExpID 61256
Train - Loss (one batch): 0.00277
Val - Loss, MSE, RMSE, MAE, MAPE: 0.00282, 0.00282, 0.05307, 0.03348, 8.30%
Test - Best epoch, Loss, MSE, RMSE, MAE, MAPE: 41, 0.00266, 0.00266, 0.05161, 0.03170, 7.22%
Time spent: 2.45s
- Epoch 046, ExpID 61256
Train - Loss (one batch): 0.00206
Val - Loss, MSE, RMSE, MAE, MAPE: 0.00275, 0.00275, 0.05242, 0.03201, 8.22%
Test - Best epoch, Loss, MSE, RMSE, MAE, MAPE: 41, 0.00266, 0.00266, 0.05161, 0.03170, 7.22%
Time spent: 2.49s
- Epoch 047, ExpID 61256
Train - Loss (one batch): 0.00226
Val - Loss, MSE, RMSE, MAE, MAPE: 0.00279, 0.00279, 0.05285, 0.03249, 8.08%
Test - Best epoch, Loss, MSE, RMSE, MAE, MAPE: 41, 0.00266, 0.00266, 0.05161, 0.03170, 7.22%
Time spent: 2.47s
- Epoch 048, ExpID 61256
Train - Loss (one batch): 0.00309
Val - Loss, MSE, RMSE, MAE, MAPE: 0.00275, 0.00275, 0.05242, 0.03222, 8.05%
Test - Best epoch, Loss, MSE, RMSE, MAE, MAPE: 41, 0.00266, 0.00266, 0.05161, 0.03170, 7.22%
Time spent: 2.46s
- Epoch 049, ExpID 61256
Train - Loss (one batch): 0.00204
Val - Loss, MSE, RMSE, MAE, MAPE: 0.00272, 0.00272, 0.05212, 0.03163, 8.05%
Test - Best epoch, Loss, MSE, RMSE, MAE, MAPE: 49, 0.00262, 0.00262, 0.05120, 0.03122, 7.16%
Time spent: 2.76s
- Epoch 050, ExpID 61256
Train - Loss (one batch): 0.00221
Val - Loss, MSE, RMSE, MAE, MAPE: 0.00276, 0.00276, 0.05257, 0.03210, 8.09%
Test - Best epoch, Loss, MSE, RMSE, MAE, MAPE: 49, 0.00262, 0.00262, 0.05120, 0.03122, 7.16%
Time spent: 2.46s
- Epoch 051, ExpID 61256
Train - Loss (one batch): 0.00273
Val - Loss, MSE, RMSE, MAE, MAPE: 0.00270, 0.00270, 0.05193, 0.03148, 8.09%
Test - Best epoch, Loss, MSE, RMSE, MAE, MAPE: 51, 0.00261, 0.00261, 0.05109, 0.03126, 7.20%
Time spent: 2.72s
- Epoch 052, ExpID 61256
Train - Loss (one batch): 0.00177
Val - Loss, MSE, RMSE, MAE, MAPE: 0.00276, 0.00276, 0.05257, 0.03227, 8.12%
Test - Best epoch, Loss, MSE, RMSE, MAE, MAPE: 51, 0.00261, 0.00261, 0.05109, 0.03126, 7.20%
Time spent: 2.46s
- Epoch 053, ExpID 61256
Train - Loss (one batch): 0.00254
Val - Loss, MSE, RMSE, MAE, MAPE: 0.00272, 0.00272, 0.05219, 0.03187, 8.03%
Test - Best epoch, Loss, MSE, RMSE, MAE, MAPE: 51, 0.00261, 0.00261, 0.05109, 0.03126, 7.20%
Time spent: 2.48s
- Epoch 054, ExpID 61256
Train - Loss (one batch): 0.00280
Val - Loss, MSE, RMSE, MAE, MAPE: 0.00274, 0.00274, 0.05236, 0.03196, 8.14%
Test - Best epoch, Loss, MSE, RMSE, MAE, MAPE: 51, 0.00261, 0.00261, 0.05109, 0.03126, 7.20%
Time spent: 2.45s
- Epoch 055, ExpID 61256
Train - Loss (one batch): 0.00204
Val - Loss, MSE, RMSE, MAE, MAPE: 0.00271, 0.00271, 0.05204, 0.03194, 8.32%
Test - Best epoch, Loss, MSE, RMSE, MAE, MAPE: 51, 0.00261, 0.00261, 0.05109, 0.03126, 7.20%
Time spent: 2.07s
- Epoch 056, ExpID 61256
Train - Loss (one batch): 0.00206
Val - Loss, MSE, RMSE, MAE, MAPE: 0.00273, 0.00273, 0.05224, 0.03197, 8.41%
Test - Best epoch, Loss, MSE, RMSE, MAE, MAPE: 51, 0.00261, 0.00261, 0.05109, 0.03126, 7.20%
Time spent: 2.07s
- Epoch 057, ExpID 61256
Train - Loss (one batch): 0.00201
Val - Loss, MSE, RMSE, MAE, MAPE: 0.00284, 0.00284, 0.05325, 0.03304, 8.19%
Test - Best epoch, Loss, MSE, RMSE, MAE, MAPE: 51, 0.00261, 0.00261, 0.05109, 0.03126, 7.20%
Time spent: 2.07s
- Epoch 058, ExpID 61256
Train - Loss (one batch): 0.00182
Val - Loss, MSE, RMSE, MAE, MAPE: 0.00275, 0.00275, 0.05240, 0.03145, 8.05%
Test - Best epoch, Loss, MSE, RMSE, MAE, MAPE: 51, 0.00261, 0.00261, 0.05109, 0.03126, 7.20%
Time spent: 2.31s
- Epoch 059, ExpID 61256
Train - Loss (one batch): 0.00255
Val - Loss, MSE, RMSE, MAE, MAPE: 0.00288, 0.00288, 0.05364, 0.03419, 8.38%
Test - Best epoch, Loss, MSE, RMSE, MAE, MAPE: 51, 0.00261, 0.00261, 0.05109, 0.03126, 7.20%
Time spent: 2.34s
- Epoch 060, ExpID 61256
Train - Loss (one batch): 0.00298
Val - Loss, MSE, RMSE, MAE, MAPE: 0.00270, 0.00270, 0.05194, 0.03179, 8.07%
Test - Best epoch, Loss, MSE, RMSE, MAE, MAPE: 51, 0.00261, 0.00261, 0.05109, 0.03126, 7.20%
Time spent: 2.55s
- Epoch 061, ExpID 61256
Train - Loss (one batch): 0.00181
Val - Loss, MSE, RMSE, MAE, MAPE: 0.00272, 0.00272, 0.05215, 0.03176, 8.06%
Test - Best epoch, Loss, MSE, RMSE, MAE, MAPE: 51, 0.00261, 0.00261, 0.05109, 0.03126, 7.20%
Time spent: 2.50s
