=== Activity | seed 1 ===
PID, device: 3155790 cuda
Total records: 25
Dataset n_samples: 25 15 5 5
Test record ids (first 20): ['B04', 'D02', 'A01', 'E04', 'C02']
Test record ids (last 20): ['B04', 'D02', 'A01', 'E04', 'C02']
data_max: tensor([5.6217, 3.9067, 2.4465, 5.3456, 3.9414, 2.2163, 5.7582, 3.9781, 2.6061,
        5.3913, 3.9654, 2.6011], device='cuda:0')
data_min: tensor([ 0.1852, -0.1228, -1.4615,  0.1606, -0.4760, -2.5436, -0.2787, -0.4944,
        -2.0269,  0.0198, -0.4789, -1.9588], device='cuda:0')
time_max: tensor(304861., device='cuda:0')
manual set time_max: tensor(4000, device='cuda:0')
[MS] batch keys: ['X_list', 'tt_list', 'mk_list', 'npatches', 'tp_to_predict', 'data_to_predict', 'mask_predicted_data']
[MS] #scales: 2
[MS] per-scale shapes: [(32, 12, 3, 12), (32, 6, 5, 12)]
[MS] data_to_predict: (32, 33, 12)
[MS] mask_predicted_data sum: 2838.0
[MS] tt_list mins/maxes: [(0.0, 0.9976666569709778), (0.0, 0.9976666569709778)]
[MS] tp_to_predict min/max: 0.0 1.3313332796096802
[MS] use_ms=True fusion=concat scales=250,500 strides=250,500 npatches_per_scale=[12, 6]
decoder exists: True
fuse_proj exists: True
attn_V exists: False
attn_u exists: False
gate_mlp exists: False
Missing trainable params in optimizer: []
Missing count: 0
n_train_batches: 104
Epoch 0: avg decoder weight change = 0.00008078
Epoch 1: avg decoder weight change = 0.00002334
Epoch 2: avg decoder weight change = 0.00001652
Epoch 3: avg decoder weight change = 0.00001300
Epoch 4: avg decoder weight change = 0.00000732
Epoch 5: avg decoder weight change = 0.00001262
Epoch 6: avg decoder weight change = 0.00001844
Epoch 7: avg decoder weight change = 0.00002447
Epoch 8: avg decoder weight change = 0.00001331
Epoch 9: avg decoder weight change = 0.00001566
Epoch 10: avg decoder weight change = 0.00001398
Epoch 11: avg decoder weight change = 0.00001359
Epoch 12: avg decoder weight change = 0.00001496
Epoch 13: avg decoder weight change = 0.00002615
Epoch 14: avg decoder weight change = 0.00002441
Epoch 15: avg decoder weight change = 0.00002334
Epoch 16: avg decoder weight change = 0.00002106
Epoch 17: avg decoder weight change = 0.00002607
Epoch 18: avg decoder weight change = 0.00002113
Epoch 19: avg decoder weight change = 0.00002466
Epoch 20: avg decoder weight change = 0.00001892
Epoch 21: avg decoder weight change = 0.00002503
Epoch 22: avg decoder weight change = 0.00002559
Epoch 23: avg decoder weight change = 0.00002582
Epoch 24: avg decoder weight change = 0.00002503
Epoch 25: avg decoder weight change = 0.00002619
Epoch 26: avg decoder weight change = 0.00002798
Epoch 27: avg decoder weight change = 0.00002126
Epoch 28: avg decoder weight change = 0.00002282
Epoch 29: avg decoder weight change = 0.00003266
Epoch 30: avg decoder weight change = 0.00002519
Epoch 31: avg decoder weight change = 0.00002493
Epoch 32: avg decoder weight change = 0.00002674
Epoch 33: avg decoder weight change = 0.00002612
Epoch 34: avg decoder weight change = 0.00003177
Epoch 35: avg decoder weight change = 0.00003179
Epoch 36: avg decoder weight change = 0.00003669
Epoch 37: avg decoder weight change = 0.00003068
Epoch 38: avg decoder weight change = 0.00002983
Epoch 39: avg decoder weight change = 0.00003953
Epoch 40: avg decoder weight change = 0.00003844
Epoch 41: avg decoder weight change = 0.00003587
Epoch 42: avg decoder weight change = 0.00004041
Epoch 43: avg decoder weight change = 0.00003851
Epoch 44: avg decoder weight change = 0.00004412
Epoch 45: avg decoder weight change = 0.00006091
Epoch 46: avg decoder weight change = 0.00004759
Epoch 47: avg decoder weight change = 0.00004299
Epoch 48: avg decoder weight change = 0.00004479
Epoch 49: avg decoder weight change = 0.00004424
Epoch 50: avg decoder weight change = 0.00005565
Epoch 51: avg decoder weight change = 0.00005369
Epoch 52: avg decoder weight change = 0.00005598
Epoch 53: avg decoder weight change = 0.00005683
Epoch 54: avg decoder weight change = 0.00005372
Epoch 55: avg decoder weight change = 0.00006329
Epoch 56: avg decoder weight change = 0.00006627
Epoch 57: avg decoder weight change = 0.00006412
Epoch 58: avg decoder weight change = 0.00005668
Epoch 59: avg decoder weight change = 0.00005865
Epoch 60: avg decoder weight change = 0.00007104
Epoch 61: avg decoder weight change = 0.00007092
Epoch 62: avg decoder weight change = 0.00005843
Epoch 63: avg decoder weight change = 0.00006433
Epoch 64: avg decoder weight change = 0.00005890
Epoch 65: avg decoder weight change = 0.00007120
Epoch 66: avg decoder weight change = 0.00006678
Exp has been early stopped!
=== Activity | seed 2 ===
PID, device: 3155830 cuda
Total records: 25
Dataset n_samples: 25 15 5 5
Test record ids (first 20): ['B04', 'D02', 'A01', 'E04', 'C02']
Test record ids (last 20): ['B04', 'D02', 'A01', 'E04', 'C02']
data_max: tensor([5.6217, 3.9067, 2.4465, 5.3456, 3.9414, 2.2163, 5.7582, 3.9781, 2.6061,
        5.3913, 3.9654, 2.6011], device='cuda:0')
data_min: tensor([ 0.1852, -0.1228, -1.4615,  0.1606, -0.4760, -2.5436, -0.2787, -0.4944,
        -2.0269,  0.0198, -0.4789, -1.9588], device='cuda:0')
time_max: tensor(304861., device='cuda:0')
manual set time_max: tensor(4000, device='cuda:0')
[MS] batch keys: ['X_list', 'tt_list', 'mk_list', 'npatches', 'tp_to_predict', 'data_to_predict', 'mask_predicted_data']
[MS] #scales: 2
[MS] per-scale shapes: [(32, 12, 3, 12), (32, 6, 5, 12)]
[MS] data_to_predict: (32, 33, 12)
[MS] mask_predicted_data sum: 2838.0
[MS] tt_list mins/maxes: [(0.0, 0.9976666569709778), (0.0, 0.9976666569709778)]
[MS] tp_to_predict min/max: 0.0 1.3313332796096802
[MS] use_ms=True fusion=concat scales=250,500 strides=250,500 npatches_per_scale=[12, 6]
decoder exists: True
fuse_proj exists: True
attn_V exists: False
attn_u exists: False
gate_mlp exists: False
Missing trainable params in optimizer: []
Missing count: 0
n_train_batches: 104
Epoch 0: avg decoder weight change = 0.00006646
Epoch 1: avg decoder weight change = 0.00002115
Epoch 2: avg decoder weight change = 0.00002780
Epoch 3: avg decoder weight change = 0.00002514
Epoch 4: avg decoder weight change = 0.00003646
Epoch 5: avg decoder weight change = 0.00003009
Epoch 6: avg decoder weight change = 0.00002592
Epoch 7: avg decoder weight change = 0.00003166
Epoch 8: avg decoder weight change = 0.00003593
Epoch 9: avg decoder weight change = 0.00003031
Epoch 10: avg decoder weight change = 0.00002683
Epoch 11: avg decoder weight change = 0.00003788
Epoch 12: avg decoder weight change = 0.00002909
Epoch 13: avg decoder weight change = 0.00003410
Epoch 14: avg decoder weight change = 0.00003686
Epoch 15: avg decoder weight change = 0.00004315
Epoch 16: avg decoder weight change = 0.00004301
Epoch 17: avg decoder weight change = 0.00003670
Epoch 18: avg decoder weight change = 0.00003417
Epoch 19: avg decoder weight change = 0.00003607
Epoch 20: avg decoder weight change = 0.00003777
Epoch 21: avg decoder weight change = 0.00003731
Epoch 22: avg decoder weight change = 0.00004443
Epoch 23: avg decoder weight change = 0.00004369
Epoch 24: avg decoder weight change = 0.00004118
Epoch 25: avg decoder weight change = 0.00003801
Epoch 26: avg decoder weight change = 0.00004636
Epoch 27: avg decoder weight change = 0.00004120
Epoch 28: avg decoder weight change = 0.00005071
Epoch 29: avg decoder weight change = 0.00005548
Epoch 30: avg decoder weight change = 0.00004494
Epoch 31: avg decoder weight change = 0.00005512
Epoch 32: avg decoder weight change = 0.00005244
Epoch 33: avg decoder weight change = 0.00007190
Epoch 34: avg decoder weight change = 0.00004343
Epoch 35: avg decoder weight change = 0.00004842
Epoch 36: avg decoder weight change = 0.00004878
Epoch 37: avg decoder weight change = 0.00005913
Epoch 38: avg decoder weight change = 0.00004954
Epoch 39: avg decoder weight change = 0.00005451
Epoch 40: avg decoder weight change = 0.00006647
Epoch 41: avg decoder weight change = 0.00005633
Epoch 42: avg decoder weight change = 0.00005894
Epoch 43: avg decoder weight change = 0.00005905
Epoch 44: avg decoder weight change = 0.00007046
Epoch 45: avg decoder weight change = 0.00005894
Epoch 46: avg decoder weight change = 0.00007166
Epoch 47: avg decoder weight change = 0.00007992
Epoch 48: avg decoder weight change = 0.00006237
Epoch 49: avg decoder weight change = 0.00006514
Epoch 50: avg decoder weight change = 0.00006701
Epoch 51: avg decoder weight change = 0.00007448
Exp has been early stopped!
=== Activity | seed 3 ===
PID, device: 3155950 cuda
Total records: 25
Dataset n_samples: 25 15 5 5
Test record ids (first 20): ['B04', 'D02', 'A01', 'E04', 'C02']
Test record ids (last 20): ['B04', 'D02', 'A01', 'E04', 'C02']
data_max: tensor([5.6217, 3.9067, 2.4465, 5.3456, 3.9414, 2.2163, 5.7582, 3.9781, 2.6061,
        5.3913, 3.9654, 2.6011], device='cuda:0')
data_min: tensor([ 0.1852, -0.1228, -1.4615,  0.1606, -0.4760, -2.5436, -0.2787, -0.4944,
        -2.0269,  0.0198, -0.4789, -1.9588], device='cuda:0')
time_max: tensor(304861., device='cuda:0')
manual set time_max: tensor(4000, device='cuda:0')
[MS] batch keys: ['X_list', 'tt_list', 'mk_list', 'npatches', 'tp_to_predict', 'data_to_predict', 'mask_predicted_data']
[MS] #scales: 2
[MS] per-scale shapes: [(32, 12, 3, 12), (32, 6, 5, 12)]
[MS] data_to_predict: (32, 33, 12)
[MS] mask_predicted_data sum: 2838.0
[MS] tt_list mins/maxes: [(0.0, 0.9976666569709778), (0.0, 0.9976666569709778)]
[MS] tp_to_predict min/max: 0.0 1.3313332796096802
[MS] use_ms=True fusion=concat scales=250,500 strides=250,500 npatches_per_scale=[12, 6]
decoder exists: True
fuse_proj exists: True
attn_V exists: False
attn_u exists: False
gate_mlp exists: False
Missing trainable params in optimizer: []
Missing count: 0
n_train_batches: 104
Epoch 0: avg decoder weight change = 0.00008384
Epoch 1: avg decoder weight change = 0.00000905
Epoch 2: avg decoder weight change = 0.00000514
Epoch 3: avg decoder weight change = 0.00000963
Epoch 4: avg decoder weight change = 0.00001160
Epoch 5: avg decoder weight change = 0.00000790
Epoch 6: avg decoder weight change = 0.00001186
Epoch 7: avg decoder weight change = 0.00000920
Epoch 8: avg decoder weight change = 0.00002405
Epoch 9: avg decoder weight change = 0.00001376
Epoch 10: avg decoder weight change = 0.00001071
Epoch 11: avg decoder weight change = 0.00001163
Epoch 12: avg decoder weight change = 0.00001369
Epoch 13: avg decoder weight change = 0.00001548
Epoch 14: avg decoder weight change = 0.00001847
Epoch 15: avg decoder weight change = 0.00001406
Epoch 16: avg decoder weight change = 0.00001524
Epoch 17: avg decoder weight change = 0.00001717
Epoch 18: avg decoder weight change = 0.00002146
Epoch 19: avg decoder weight change = 0.00001850
Epoch 20: avg decoder weight change = 0.00002587
Epoch 21: avg decoder weight change = 0.00002208
Epoch 22: avg decoder weight change = 0.00001612
Epoch 23: avg decoder weight change = 0.00002204
Epoch 24: avg decoder weight change = 0.00002408
Epoch 25: avg decoder weight change = 0.00001937
Epoch 26: avg decoder weight change = 0.00001896
Epoch 27: avg decoder weight change = 0.00002201
Epoch 28: avg decoder weight change = 0.00002162
Epoch 29: avg decoder weight change = 0.00002426
Epoch 30: avg decoder weight change = 0.00002034
Epoch 31: avg decoder weight change = 0.00002431
Epoch 32: avg decoder weight change = 0.00002384
Epoch 33: avg decoder weight change = 0.00003353
Epoch 34: avg decoder weight change = 0.00002269
Epoch 35: avg decoder weight change = 0.00002686
Epoch 36: avg decoder weight change = 0.00002119
Epoch 37: avg decoder weight change = 0.00002555
Epoch 38: avg decoder weight change = 0.00003047
Epoch 39: avg decoder weight change = 0.00003146
Epoch 40: avg decoder weight change = 0.00002970
Epoch 41: avg decoder weight change = 0.00003617
Epoch 42: avg decoder weight change = 0.00003219
Epoch 43: avg decoder weight change = 0.00003353
Epoch 44: avg decoder weight change = 0.00003537
Epoch 45: avg decoder weight change = 0.00003585
Epoch 46: avg decoder weight change = 0.00003123
Epoch 47: avg decoder weight change = 0.00004490
Epoch 48: avg decoder weight change = 0.00004362
Epoch 49: avg decoder weight change = 0.00003845
Epoch 50: avg decoder weight change = 0.00003779
Epoch 51: avg decoder weight change = 0.00004402
Epoch 52: avg decoder weight change = 0.00003936
Epoch 53: avg decoder weight change = 0.00004893
Epoch 54: avg decoder weight change = 0.00004406
Epoch 55: avg decoder weight change = 0.00006179
Epoch 56: avg decoder weight change = 0.00005293
Epoch 57: avg decoder weight change = 0.00004821
Epoch 58: avg decoder weight change = 0.00005180
Epoch 59: avg decoder weight change = 0.00004728
Epoch 60: avg decoder weight change = 0.00004679
Epoch 61: avg decoder weight change = 0.00004414
Epoch 62: avg decoder weight change = 0.00004768
Epoch 63: avg decoder weight change = 0.00004835
Epoch 64: avg decoder weight change = 0.00004746
Epoch 65: avg decoder weight change = 0.00005558
Epoch 66: avg decoder weight change = 0.00004938
Epoch 67: avg decoder weight change = 0.00006228
Epoch 68: avg decoder weight change = 0.00006127
Epoch 69: avg decoder weight change = 0.00005641
Epoch 70: avg decoder weight change = 0.00005871
Epoch 71: avg decoder weight change = 0.00008297
Epoch 72: avg decoder weight change = 0.00006099
Epoch 73: avg decoder weight change = 0.00005266
Epoch 74: avg decoder weight change = 0.00005937
Epoch 75: avg decoder weight change = 0.00008471
Epoch 76: avg decoder weight change = 0.00005886
Epoch 77: avg decoder weight change = 0.00006009
Epoch 78: avg decoder weight change = 0.00007867
Epoch 79: avg decoder weight change = 0.00006202
Epoch 80: avg decoder weight change = 0.00007408
Epoch 81: avg decoder weight change = 0.00007367
Epoch 82: avg decoder weight change = 0.00007379
Epoch 83: avg decoder weight change = 0.00008226
Epoch 84: avg decoder weight change = 0.00007715
Epoch 85: avg decoder weight change = 0.00006517
Epoch 86: avg decoder weight change = 0.00007627
Epoch 87: avg decoder weight change = 0.00008845
Epoch 88: avg decoder weight change = 0.00007352
Epoch 89: avg decoder weight change = 0.00006555
Epoch 90: avg decoder weight change = 0.00006987
Exp has been early stopped!
=== Activity | seed 4 ===
PID, device: 3156057 cuda
Total records: 25
Dataset n_samples: 25 15 5 5
Test record ids (first 20): ['B04', 'D02', 'A01', 'E04', 'C02']
Test record ids (last 20): ['B04', 'D02', 'A01', 'E04', 'C02']
data_max: tensor([5.6217, 3.9067, 2.4465, 5.3456, 3.9414, 2.2163, 5.7582, 3.9781, 2.6061,
        5.3913, 3.9654, 2.6011], device='cuda:0')
data_min: tensor([ 0.1852, -0.1228, -1.4615,  0.1606, -0.4760, -2.5436, -0.2787, -0.4944,
        -2.0269,  0.0198, -0.4789, -1.9588], device='cuda:0')
time_max: tensor(304861., device='cuda:0')
manual set time_max: tensor(4000, device='cuda:0')
[MS] batch keys: ['X_list', 'tt_list', 'mk_list', 'npatches', 'tp_to_predict', 'data_to_predict', 'mask_predicted_data']
[MS] #scales: 2
[MS] per-scale shapes: [(32, 12, 3, 12), (32, 6, 5, 12)]
[MS] data_to_predict: (32, 33, 12)
[MS] mask_predicted_data sum: 2838.0
[MS] tt_list mins/maxes: [(0.0, 0.9976666569709778), (0.0, 0.9976666569709778)]
[MS] tp_to_predict min/max: 0.0 1.3313332796096802
[MS] use_ms=True fusion=concat scales=250,500 strides=250,500 npatches_per_scale=[12, 6]
decoder exists: True
fuse_proj exists: True
attn_V exists: False
attn_u exists: False
gate_mlp exists: False
Missing trainable params in optimizer: []
Missing count: 0
n_train_batches: 104
Epoch 0: avg decoder weight change = 0.00007052
Epoch 1: avg decoder weight change = 0.00000554
Epoch 2: avg decoder weight change = 0.00000450
Epoch 3: avg decoder weight change = 0.00000462
Epoch 4: avg decoder weight change = 0.00000469
Epoch 5: avg decoder weight change = 0.00000616
Epoch 6: avg decoder weight change = 0.00000536
Epoch 7: avg decoder weight change = 0.00000410
Epoch 8: avg decoder weight change = 0.00000574
Epoch 9: avg decoder weight change = 0.00000561
Epoch 10: avg decoder weight change = 0.00000795
Epoch 11: avg decoder weight change = 0.00000903
Epoch 12: avg decoder weight change = 0.00000826
Epoch 13: avg decoder weight change = 0.00000804
Epoch 14: avg decoder weight change = 0.00000798
Epoch 15: avg decoder weight change = 0.00000887
Epoch 16: avg decoder weight change = 0.00000757
Epoch 17: avg decoder weight change = 0.00000968
Epoch 18: avg decoder weight change = 0.00001973
Epoch 19: avg decoder weight change = 0.00001191
Epoch 20: avg decoder weight change = 0.00000967
Epoch 21: avg decoder weight change = 0.00001088
Epoch 22: avg decoder weight change = 0.00001155
Epoch 23: avg decoder weight change = 0.00001033
Epoch 24: avg decoder weight change = 0.00001473
Epoch 25: avg decoder weight change = 0.00001054
Epoch 26: avg decoder weight change = 0.00001210
Epoch 27: avg decoder weight change = 0.00001137
Epoch 28: avg decoder weight change = 0.00001669
Epoch 29: avg decoder weight change = 0.00001557
Epoch 30: avg decoder weight change = 0.00001860
Epoch 31: avg decoder weight change = 0.00001983
Epoch 32: avg decoder weight change = 0.00001544
Epoch 33: avg decoder weight change = 0.00001214
Epoch 34: avg decoder weight change = 0.00001548
Epoch 35: avg decoder weight change = 0.00001492
Epoch 36: avg decoder weight change = 0.00001399
Epoch 37: avg decoder weight change = 0.00002307
Epoch 38: avg decoder weight change = 0.00002453
Epoch 39: avg decoder weight change = 0.00002042
Epoch 40: avg decoder weight change = 0.00001572
Epoch 41: avg decoder weight change = 0.00001807
Epoch 42: avg decoder weight change = 0.00001319
Epoch 43: avg decoder weight change = 0.00001733
Epoch 44: avg decoder weight change = 0.00001619
Epoch 45: avg decoder weight change = 0.00001671
Epoch 46: avg decoder weight change = 0.00001733
Epoch 47: avg decoder weight change = 0.00001860
Epoch 48: avg decoder weight change = 0.00002414
Epoch 49: avg decoder weight change = 0.00002041
Epoch 50: avg decoder weight change = 0.00003108
Epoch 51: avg decoder weight change = 0.00001908
Epoch 52: avg decoder weight change = 0.00002234
Epoch 53: avg decoder weight change = 0.00002272
Epoch 54: avg decoder weight change = 0.00002338
Epoch 55: avg decoder weight change = 0.00003117
Epoch 56: avg decoder weight change = 0.00002603
Epoch 57: avg decoder weight change = 0.00002651
Epoch 58: avg decoder weight change = 0.00002506
Epoch 59: avg decoder weight change = 0.00003320
Exp has been early stopped!
=== Activity | seed 5 ===
PID, device: 3156140 cuda
Total records: 25
Dataset n_samples: 25 15 5 5
Test record ids (first 20): ['B04', 'D02', 'A01', 'E04', 'C02']
Test record ids (last 20): ['B04', 'D02', 'A01', 'E04', 'C02']
data_max: tensor([5.6217, 3.9067, 2.4465, 5.3456, 3.9414, 2.2163, 5.7582, 3.9781, 2.6061,
        5.3913, 3.9654, 2.6011], device='cuda:0')
data_min: tensor([ 0.1852, -0.1228, -1.4615,  0.1606, -0.4760, -2.5436, -0.2787, -0.4944,
        -2.0269,  0.0198, -0.4789, -1.9588], device='cuda:0')
time_max: tensor(304861., device='cuda:0')
manual set time_max: tensor(4000, device='cuda:0')
[MS] batch keys: ['X_list', 'tt_list', 'mk_list', 'npatches', 'tp_to_predict', 'data_to_predict', 'mask_predicted_data']
[MS] #scales: 2
[MS] per-scale shapes: [(32, 12, 3, 12), (32, 6, 5, 12)]
[MS] data_to_predict: (32, 33, 12)
[MS] mask_predicted_data sum: 2838.0
[MS] tt_list mins/maxes: [(0.0, 0.9976666569709778), (0.0, 0.9976666569709778)]
[MS] tp_to_predict min/max: 0.0 1.3313332796096802
[MS] use_ms=True fusion=concat scales=250,500 strides=250,500 npatches_per_scale=[12, 6]
decoder exists: True
fuse_proj exists: True
attn_V exists: False
attn_u exists: False
gate_mlp exists: False
Missing trainable params in optimizer: []
Missing count: 0
n_train_batches: 104
Epoch 0: avg decoder weight change = 0.00008290
Epoch 1: avg decoder weight change = 0.00000791
Epoch 2: avg decoder weight change = 0.00001041
Epoch 3: avg decoder weight change = 0.00001001
Epoch 4: avg decoder weight change = 0.00001239
Epoch 5: avg decoder weight change = 0.00001326
Epoch 6: avg decoder weight change = 0.00001335
Epoch 7: avg decoder weight change = 0.00001536
Epoch 8: avg decoder weight change = 0.00002308
Epoch 9: avg decoder weight change = 0.00002213
Epoch 10: avg decoder weight change = 0.00001772
Epoch 11: avg decoder weight change = 0.00002355
Epoch 12: avg decoder weight change = 0.00001542
Epoch 13: avg decoder weight change = 0.00002022
Epoch 14: avg decoder weight change = 0.00002159
Epoch 15: avg decoder weight change = 0.00002020
Epoch 16: avg decoder weight change = 0.00002320
Epoch 17: avg decoder weight change = 0.00002354
Epoch 18: avg decoder weight change = 0.00002189
Epoch 19: avg decoder weight change = 0.00002457
Epoch 20: avg decoder weight change = 0.00002071
Epoch 21: avg decoder weight change = 0.00002644
Epoch 22: avg decoder weight change = 0.00002833
Epoch 23: avg decoder weight change = 0.00002503
Epoch 24: avg decoder weight change = 0.00002183
Epoch 25: avg decoder weight change = 0.00003066
Epoch 26: avg decoder weight change = 0.00003945
Epoch 27: avg decoder weight change = 0.00002881
Epoch 28: avg decoder weight change = 0.00003459
Epoch 29: avg decoder weight change = 0.00003241
Epoch 30: avg decoder weight change = 0.00002592
Epoch 31: avg decoder weight change = 0.00003505
Epoch 32: avg decoder weight change = 0.00003516
Epoch 33: avg decoder weight change = 0.00003375
Epoch 34: avg decoder weight change = 0.00003522
Epoch 35: avg decoder weight change = 0.00003975
Epoch 36: avg decoder weight change = 0.00003236
Epoch 37: avg decoder weight change = 0.00004137
Epoch 38: avg decoder weight change = 0.00004774
Epoch 39: avg decoder weight change = 0.00005416
Epoch 40: avg decoder weight change = 0.00004169
Epoch 41: avg decoder weight change = 0.00005262
Epoch 42: avg decoder weight change = 0.00005643
Epoch 43: avg decoder weight change = 0.00005658
Epoch 44: avg decoder weight change = 0.00004947
Epoch 45: avg decoder weight change = 0.00005602
Epoch 46: avg decoder weight change = 0.00005921
Epoch 47: avg decoder weight change = 0.00007000
Epoch 48: avg decoder weight change = 0.00006718
Epoch 49: avg decoder weight change = 0.00008291
Epoch 50: avg decoder weight change = 0.00006029
Epoch 51: avg decoder weight change = 0.00007319
Epoch 52: avg decoder weight change = 0.00006075
Epoch 53: avg decoder weight change = 0.00006987
Epoch 54: avg decoder weight change = 0.00007667
Epoch 55: avg decoder weight change = 0.00007174
Epoch 56: avg decoder weight change = 0.00007241
Epoch 57: avg decoder weight change = 0.00007673
Epoch 58: avg decoder weight change = 0.00006907
Epoch 59: avg decoder weight change = 0.00006867
Epoch 60: avg decoder weight change = 0.00008251
Epoch 61: avg decoder weight change = 0.00007434
Epoch 62: avg decoder weight change = 0.00008637
Epoch 63: avg decoder weight change = 0.00007894
Epoch 64: avg decoder weight change = 0.00007893
Epoch 65: avg decoder weight change = 0.00008960
Epoch 66: avg decoder weight change = 0.00008483
Epoch 67: avg decoder weight change = 0.00009160
Epoch 68: avg decoder weight change = 0.00008041
Epoch 69: avg decoder weight change = 0.00009980
Epoch 70: avg decoder weight change = 0.00010072
Epoch 71: avg decoder weight change = 0.00008308
Epoch 72: avg decoder weight change = 0.00008620
Epoch 73: avg decoder weight change = 0.00009071
Epoch 74: avg decoder weight change = 0.00008708
Epoch 75: avg decoder weight change = 0.00008699
Epoch 76: avg decoder weight change = 0.00009577
Epoch 77: avg decoder weight change = 0.00010683
Epoch 78: avg decoder weight change = 0.00008839
Epoch 79: avg decoder weight change = 0.00008500
Epoch 80: avg decoder weight change = 0.00009649
Epoch 81: avg decoder weight change = 0.00009766
Exp has been early stopped!
