INFO | 2026-02-24 05:37:53
INFO | command: RunModelsSingle.py --dataset activity --normalization 0 --denorm_test_pred 0 --global_loss 0 --history 3000 --hid_dim 64 --te_dim 10 --node_dim 10 --nlayer 1 --tf_layer 1 --nhead 4 --batch_size 64 --lr 1e-3 --patience 40 --epoch 300 --seed 1 --gpu 0 --outlayer Linear --patch_size 300 --stride 300
INFO | ExpID=15211 PID=523690 host=gpu-001 device=cuda CUDA_VISIBLE_DEVICES=0
INFO | SLURM_JOB_NAME=N0_G0_D0 SLURM_JOB_ID=535577
INFO | ckpt_path=experiments/experiment_15211.ckpt
INFO | args=Namespace(state='def', n=100000000, dataset='activity', model='tPatchGNN', outlayer='Linear', hop=1, nhead=4, tf_layer=1, nlayer=1, hid_dim=64, te_dim=10, node_dim=10, epoch=300, patience=40, lr=0.001, w_decay=0.0, batch_size=64, seed=1, history=3000, patch_size=300.0, stride=300.0, normalization=0, denorm_test_pred=0, global_loss=0, logmode='a', save='experiments/', load=None, gpu='0', data_sanity_batches=3, quantization=0.0, topk_err=10, exact_abs_tol=1e-05, exact_rel_tol=0.05, npatch=10, device=device(type='cuda'), PID=523690)
INFO | FLAGS | global_loss=0 (1=global masked MSE train/val, 0=repo MSE + evaluation()) | denorm_test_pred=0 (1=denorm for TOPERR/EXACT)
INFO | EVAL_MODE | VAL uses: _masked_metrics() if global_loss=1 else evaluation().
INFO | TOPERR/EXACT | computed on (denorm_test_pred? denorm : scaled) values.
INFO | data: input_dim=12 n_train_batches=52 n_val_batches=16 n_test_batches=17 quantization=0.0 history=3000 patch_size=300.0 stride=300.0 npatch=10
INFO | n_train_batches: 52
INFO | 2026-02-24 05:52:06
INFO | command: RunModelsSingle.py --dataset activity --normalization 0 --denorm_test_pred 0 --global_loss 0 --history 3000 --hid_dim 64 --te_dim 10 --node_dim 10 --nlayer 1 --tf_layer 1 --nhead 4 --batch_size 64 --lr 1e-3 --patience 40 --epoch 300 --seed 2 --gpu 0 --outlayer Linear --patch_size 300 --stride 300
INFO | ExpID=35876 PID=523784 host=gpu-001 device=cuda CUDA_VISIBLE_DEVICES=0
INFO | SLURM_JOB_NAME=N0_G0_D0 SLURM_JOB_ID=535577
INFO | ckpt_path=experiments/experiment_35876.ckpt
INFO | args=Namespace(state='def', n=100000000, dataset='activity', model='tPatchGNN', outlayer='Linear', hop=1, nhead=4, tf_layer=1, nlayer=1, hid_dim=64, te_dim=10, node_dim=10, epoch=300, patience=40, lr=0.001, w_decay=0.0, batch_size=64, seed=2, history=3000, patch_size=300.0, stride=300.0, normalization=0, denorm_test_pred=0, global_loss=0, logmode='a', save='experiments/', load=None, gpu='0', data_sanity_batches=3, quantization=0.0, topk_err=10, exact_abs_tol=1e-05, exact_rel_tol=0.05, npatch=10, device=device(type='cuda'), PID=523784)
INFO | FLAGS | global_loss=0 (1=global masked MSE train/val, 0=repo MSE + evaluation()) | denorm_test_pred=0 (1=denorm for TOPERR/EXACT)
INFO | EVAL_MODE | VAL uses: _masked_metrics() if global_loss=1 else evaluation().
INFO | TOPERR/EXACT | computed on (denorm_test_pred? denorm : scaled) values.
INFO | data: input_dim=12 n_train_batches=52 n_val_batches=16 n_test_batches=17 quantization=0.0 history=3000 patch_size=300.0 stride=300.0 npatch=10
INFO | n_train_batches: 52
INFO | 2026-02-24 06:05:43
INFO | command: RunModelsSingle.py --dataset activity --normalization 0 --denorm_test_pred 0 --global_loss 0 --history 3000 --hid_dim 64 --te_dim 10 --node_dim 10 --nlayer 1 --tf_layer 1 --nhead 4 --batch_size 64 --lr 1e-3 --patience 40 --epoch 300 --seed 3 --gpu 0 --outlayer Linear --patch_size 300 --stride 300
INFO | ExpID=44971 PID=523894 host=gpu-001 device=cuda CUDA_VISIBLE_DEVICES=0
INFO | SLURM_JOB_NAME=N0_G0_D0 SLURM_JOB_ID=535577
INFO | ckpt_path=experiments/experiment_44971.ckpt
INFO | args=Namespace(state='def', n=100000000, dataset='activity', model='tPatchGNN', outlayer='Linear', hop=1, nhead=4, tf_layer=1, nlayer=1, hid_dim=64, te_dim=10, node_dim=10, epoch=300, patience=40, lr=0.001, w_decay=0.0, batch_size=64, seed=3, history=3000, patch_size=300.0, stride=300.0, normalization=0, denorm_test_pred=0, global_loss=0, logmode='a', save='experiments/', load=None, gpu='0', data_sanity_batches=3, quantization=0.0, topk_err=10, exact_abs_tol=1e-05, exact_rel_tol=0.05, npatch=10, device=device(type='cuda'), PID=523894)
INFO | FLAGS | global_loss=0 (1=global masked MSE train/val, 0=repo MSE + evaluation()) | denorm_test_pred=0 (1=denorm for TOPERR/EXACT)
INFO | EVAL_MODE | VAL uses: _masked_metrics() if global_loss=1 else evaluation().
INFO | TOPERR/EXACT | computed on (denorm_test_pred? denorm : scaled) values.
INFO | data: input_dim=12 n_train_batches=52 n_val_batches=16 n_test_batches=17 quantization=0.0 history=3000 patch_size=300.0 stride=300.0 npatch=10
INFO | n_train_batches: 52
INFO | 2026-02-24 06:19:23
INFO | command: RunModelsSingle.py --dataset activity --normalization 0 --denorm_test_pred 0 --global_loss 0 --history 3000 --hid_dim 64 --te_dim 10 --node_dim 10 --nlayer 1 --tf_layer 1 --nhead 4 --batch_size 64 --lr 1e-3 --patience 40 --epoch 300 --seed 4 --gpu 0 --outlayer Linear --patch_size 300 --stride 300
INFO | ExpID=10551 PID=524056 host=gpu-001 device=cuda CUDA_VISIBLE_DEVICES=0
INFO | SLURM_JOB_NAME=N0_G0_D0 SLURM_JOB_ID=535577
INFO | ckpt_path=experiments/experiment_10551.ckpt
INFO | args=Namespace(state='def', n=100000000, dataset='activity', model='tPatchGNN', outlayer='Linear', hop=1, nhead=4, tf_layer=1, nlayer=1, hid_dim=64, te_dim=10, node_dim=10, epoch=300, patience=40, lr=0.001, w_decay=0.0, batch_size=64, seed=4, history=3000, patch_size=300.0, stride=300.0, normalization=0, denorm_test_pred=0, global_loss=0, logmode='a', save='experiments/', load=None, gpu='0', data_sanity_batches=3, quantization=0.0, topk_err=10, exact_abs_tol=1e-05, exact_rel_tol=0.05, npatch=10, device=device(type='cuda'), PID=524056)
INFO | FLAGS | global_loss=0 (1=global masked MSE train/val, 0=repo MSE + evaluation()) | denorm_test_pred=0 (1=denorm for TOPERR/EXACT)
INFO | EVAL_MODE | VAL uses: _masked_metrics() if global_loss=1 else evaluation().
INFO | TOPERR/EXACT | computed on (denorm_test_pred? denorm : scaled) values.
INFO | data: input_dim=12 n_train_batches=52 n_val_batches=16 n_test_batches=17 quantization=0.0 history=3000 patch_size=300.0 stride=300.0 npatch=10
INFO | n_train_batches: 52
INFO | 2026-02-24 06:32:57
INFO | command: RunModelsSingle.py --dataset activity --normalization 0 --denorm_test_pred 0 --global_loss 0 --history 3000 --hid_dim 64 --te_dim 10 --node_dim 10 --nlayer 1 --tf_layer 1 --nhead 4 --batch_size 64 --lr 1e-3 --patience 40 --epoch 300 --seed 5 --gpu 0 --outlayer Linear --patch_size 300 --stride 300
INFO | ExpID=67236 PID=524208 host=gpu-001 device=cuda CUDA_VISIBLE_DEVICES=0
INFO | SLURM_JOB_NAME=N0_G0_D0 SLURM_JOB_ID=535577
INFO | ckpt_path=experiments/experiment_67236.ckpt
INFO | args=Namespace(state='def', n=100000000, dataset='activity', model='tPatchGNN', outlayer='Linear', hop=1, nhead=4, tf_layer=1, nlayer=1, hid_dim=64, te_dim=10, node_dim=10, epoch=300, patience=40, lr=0.001, w_decay=0.0, batch_size=64, seed=5, history=3000, patch_size=300.0, stride=300.0, normalization=0, denorm_test_pred=0, global_loss=0, logmode='a', save='experiments/', load=None, gpu='0', data_sanity_batches=3, quantization=0.0, topk_err=10, exact_abs_tol=1e-05, exact_rel_tol=0.05, npatch=10, device=device(type='cuda'), PID=524208)
INFO | FLAGS | global_loss=0 (1=global masked MSE train/val, 0=repo MSE + evaluation()) | denorm_test_pred=0 (1=denorm for TOPERR/EXACT)
INFO | EVAL_MODE | VAL uses: _masked_metrics() if global_loss=1 else evaluation().
INFO | TOPERR/EXACT | computed on (denorm_test_pred? denorm : scaled) values.
INFO | data: input_dim=12 n_train_batches=52 n_val_batches=16 n_test_batches=17 quantization=0.0 history=3000 patch_size=300.0 stride=300.0 npatch=10
INFO | n_train_batches: 52
