/home/ouass/Test/MSP-IMTS/tPatchGNN/run_models.py
2025-11-22 20:13:57
run_models.py --dataset activity --state def --history 3000 --batch_size 32 --lr 1e-3 --nhead 1 --patience 10 --tf_layer 1 --nlayer 1 --te_dim 10 --node_dim 10 --hid_dim 34 --outlayer Linear --seed 1 --gpu 0 --multi_scales 200,1000 --multi_strides 100,500 --fusion concat
Namespace(multi_scales='200,1000', multi_strides='100,500', fusion='concat', state='def', n=100000000, hop=1, nhead=1, tf_layer=1, nlayer=1, epoch=1000, patience=10, history=3000, patch_size=24, stride=24, logmode='a', lr=0.001, w_decay=0.0, batch_size=32, save='experiments/', load=None, seed=1, dataset='activity', quantization=0.0, model='tPatchGNN', outlayer='Linear', hid_dim=34, te_dim=10, node_dim=10, gpu='0', npatch=125, device=device(type='cuda'), PID=1907783, pred_window=1000, ndim=12)
- Epoch 000, ExpID 65140
Train - Loss (one batch): 0.00732
Val - Loss, MSE, RMSE, MAE, MAPE: 0.00729, 0.00729, 0.08279, 0.06053, 12.27%
Test - Best epoch, Loss, MSE, RMSE, MAE, MAPE: 0, 0.00640, 0.00640, 0.07709, 0.05772, 11.68%
Time spent: 15.33s
- Epoch 001, ExpID 65140
Train - Loss (one batch): 0.00160
Val - Loss, MSE, RMSE, MAE, MAPE: 0.00197, 0.00197, 0.04371, 0.03094, 6.62%
Test - Best epoch, Loss, MSE, RMSE, MAE, MAPE: 1, 0.00199, 0.00199, 0.04388, 0.03137, 6.71%
Time spent: 14.64s
- Epoch 002, ExpID 65140
Train - Loss (one batch): 0.00258
Val - Loss, MSE, RMSE, MAE, MAPE: 0.00194, 0.00194, 0.04339, 0.03118, 6.52%
Test - Best epoch, Loss, MSE, RMSE, MAE, MAPE: 2, 0.00192, 0.00192, 0.04319, 0.03129, 6.56%
Time spent: 14.63s
- Epoch 003, ExpID 65140
Train - Loss (one batch): 0.00146
Val - Loss, MSE, RMSE, MAE, MAPE: 0.00196, 0.00196, 0.04357, 0.03147, 6.53%
Test - Best epoch, Loss, MSE, RMSE, MAE, MAPE: 2, 0.00192, 0.00192, 0.04319, 0.03129, 6.56%
Time spent: 12.98s
- Epoch 004, ExpID 65140
Train - Loss (one batch): 0.00139
Val - Loss, MSE, RMSE, MAE, MAPE: 0.00164, 0.00164, 0.03970, 0.02620, 5.51%
Test - Best epoch, Loss, MSE, RMSE, MAE, MAPE: 4, 0.00160, 0.00160, 0.03906, 0.02597, 5.47%
Time spent: 14.64s
- Epoch 005, ExpID 65140
Train - Loss (one batch): 0.00121
Val - Loss, MSE, RMSE, MAE, MAPE: 0.00174, 0.00174, 0.04085, 0.02783, 5.75%
Test - Best epoch, Loss, MSE, RMSE, MAE, MAPE: 4, 0.00160, 0.00160, 0.03906, 0.02597, 5.47%
Time spent: 12.99s
- Epoch 006, ExpID 65140
Train - Loss (one batch): 0.00168
Val - Loss, MSE, RMSE, MAE, MAPE: 0.00172, 0.00172, 0.04064, 0.02756, 5.69%
Test - Best epoch, Loss, MSE, RMSE, MAE, MAPE: 4, 0.00160, 0.00160, 0.03906, 0.02597, 5.47%
Time spent: 12.98s
- Epoch 007, ExpID 65140
Train - Loss (one batch): 0.00169
Val - Loss, MSE, RMSE, MAE, MAPE: 0.00161, 0.00161, 0.03919, 0.02578, 5.41%
Test - Best epoch, Loss, MSE, RMSE, MAE, MAPE: 7, 0.00155, 0.00155, 0.03831, 0.02540, 5.33%
Time spent: 14.65s
- Epoch 008, ExpID 65140
Train - Loss (one batch): 0.00162
Val - Loss, MSE, RMSE, MAE, MAPE: 0.00194, 0.00194, 0.04327, 0.03104, 6.23%
Test - Best epoch, Loss, MSE, RMSE, MAE, MAPE: 7, 0.00155, 0.00155, 0.03831, 0.02540, 5.33%
Time spent: 12.98s
- Epoch 009, ExpID 65140
Train - Loss (one batch): 0.00114
Val - Loss, MSE, RMSE, MAE, MAPE: 0.00164, 0.00164, 0.03963, 0.02644, 5.48%
Test - Best epoch, Loss, MSE, RMSE, MAE, MAPE: 7, 0.00155, 0.00155, 0.03831, 0.02540, 5.33%
Time spent: 12.98s
- Epoch 010, ExpID 65140
Train - Loss (one batch): 0.00147
Val - Loss, MSE, RMSE, MAE, MAPE: 0.00170, 0.00170, 0.04038, 0.02690, 5.60%
Test - Best epoch, Loss, MSE, RMSE, MAE, MAPE: 7, 0.00155, 0.00155, 0.03831, 0.02540, 5.33%
Time spent: 13.00s
- Epoch 011, ExpID 65140
Train - Loss (one batch): 0.00140
Val - Loss, MSE, RMSE, MAE, MAPE: 0.00158, 0.00158, 0.03886, 0.02537, 5.26%
Test - Best epoch, Loss, MSE, RMSE, MAE, MAPE: 11, 0.00151, 0.00151, 0.03787, 0.02494, 5.17%
Time spent: 14.67s
- Epoch 012, ExpID 65140
Train - Loss (one batch): 0.00099
Val - Loss, MSE, RMSE, MAE, MAPE: 0.00160, 0.00160, 0.03907, 0.02567, 5.35%
Test - Best epoch, Loss, MSE, RMSE, MAE, MAPE: 11, 0.00151, 0.00151, 0.03787, 0.02494, 5.17%
Time spent: 13.00s
- Epoch 013, ExpID 65140
Train - Loss (one batch): 0.00171
Val - Loss, MSE, RMSE, MAE, MAPE: 0.00177, 0.00177, 0.04120, 0.02833, 5.87%
Test - Best epoch, Loss, MSE, RMSE, MAE, MAPE: 11, 0.00151, 0.00151, 0.03787, 0.02494, 5.17%
Time spent: 12.99s
- Epoch 014, ExpID 65140
Train - Loss (one batch): 0.00196
Val - Loss, MSE, RMSE, MAE, MAPE: 0.00160, 0.00160, 0.03915, 0.02597, 5.38%
Test - Best epoch, Loss, MSE, RMSE, MAE, MAPE: 11, 0.00151, 0.00151, 0.03787, 0.02494, 5.17%
Time spent: 13.00s
- Epoch 015, ExpID 65140
Train - Loss (one batch): 0.00186
Val - Loss, MSE, RMSE, MAE, MAPE: 0.00163, 0.00163, 0.03942, 0.02592, 5.35%
Test - Best epoch, Loss, MSE, RMSE, MAE, MAPE: 11, 0.00151, 0.00151, 0.03787, 0.02494, 5.17%
Time spent: 13.01s
- Epoch 016, ExpID 65140
Train - Loss (one batch): 0.00116
Val - Loss, MSE, RMSE, MAE, MAPE: 0.00161, 0.00161, 0.03925, 0.02594, 5.39%
Test - Best epoch, Loss, MSE, RMSE, MAE, MAPE: 11, 0.00151, 0.00151, 0.03787, 0.02494, 5.17%
Time spent: 13.00s
- Epoch 017, ExpID 65140
Train - Loss (one batch): 0.00112
Val - Loss, MSE, RMSE, MAE, MAPE: 0.00158, 0.00158, 0.03878, 0.02514, 5.24%
Test - Best epoch, Loss, MSE, RMSE, MAE, MAPE: 17, 0.00150, 0.00150, 0.03769, 0.02464, 5.13%
Time spent: 14.67s
- Epoch 018, ExpID 65140
Train - Loss (one batch): 0.00108
Val - Loss, MSE, RMSE, MAE, MAPE: 0.00179, 0.00179, 0.04155, 0.02918, 5.92%
Test - Best epoch, Loss, MSE, RMSE, MAE, MAPE: 17, 0.00150, 0.00150, 0.03769, 0.02464, 5.13%
Time spent: 12.99s
- Epoch 019, ExpID 65140
Train - Loss (one batch): 0.00156
Val - Loss, MSE, RMSE, MAE, MAPE: 0.00177, 0.00177, 0.04127, 0.02877, 5.85%
Test - Best epoch, Loss, MSE, RMSE, MAE, MAPE: 17, 0.00150, 0.00150, 0.03769, 0.02464, 5.13%
Time spent: 13.00s
- Epoch 020, ExpID 65140
Train - Loss (one batch): 0.00153
Val - Loss, MSE, RMSE, MAE, MAPE: 0.00165, 0.00165, 0.03971, 0.02626, 5.52%
Test - Best epoch, Loss, MSE, RMSE, MAE, MAPE: 17, 0.00150, 0.00150, 0.03769, 0.02464, 5.13%
Time spent: 13.01s
- Epoch 021, ExpID 65140
Train - Loss (one batch): 0.00174
Val - Loss, MSE, RMSE, MAE, MAPE: 0.00168, 0.00168, 0.04018, 0.02716, 5.65%
Test - Best epoch, Loss, MSE, RMSE, MAE, MAPE: 17, 0.00150, 0.00150, 0.03769, 0.02464, 5.13%
Time spent: 12.99s
- Epoch 022, ExpID 65140
Train - Loss (one batch): 0.00134
Val - Loss, MSE, RMSE, MAE, MAPE: 0.00202, 0.00202, 0.04423, 0.03242, 6.54%
Test - Best epoch, Loss, MSE, RMSE, MAE, MAPE: 17, 0.00150, 0.00150, 0.03769, 0.02464, 5.13%
Time spent: 13.00s
- Epoch 023, ExpID 65140
Train - Loss (one batch): 0.00121
Val - Loss, MSE, RMSE, MAE, MAPE: 0.00163, 0.00163, 0.03939, 0.02599, 5.34%
Test - Best epoch, Loss, MSE, RMSE, MAE, MAPE: 17, 0.00150, 0.00150, 0.03769, 0.02464, 5.13%
Time spent: 13.01s
- Epoch 024, ExpID 65140
Train - Loss (one batch): 0.00114
Val - Loss, MSE, RMSE, MAE, MAPE: 0.00181, 0.00181, 0.04182, 0.02983, 6.12%
Test - Best epoch, Loss, MSE, RMSE, MAE, MAPE: 17, 0.00150, 0.00150, 0.03769, 0.02464, 5.13%
Time spent: 13.02s
- Epoch 025, ExpID 65140
Train - Loss (one batch): 0.00109
Val - Loss, MSE, RMSE, MAE, MAPE: 0.00178, 0.00178, 0.04134, 0.02902, 5.97%
Test - Best epoch, Loss, MSE, RMSE, MAE, MAPE: 17, 0.00150, 0.00150, 0.03769, 0.02464, 5.13%
Time spent: 13.03s
- Epoch 026, ExpID 65140
Train - Loss (one batch): 0.00128
Val - Loss, MSE, RMSE, MAE, MAPE: 0.00164, 0.00164, 0.03958, 0.02653, 5.50%
Test - Best epoch, Loss, MSE, RMSE, MAE, MAPE: 17, 0.00150, 0.00150, 0.03769, 0.02464, 5.13%
Time spent: 13.00s
- Epoch 027, ExpID 65140
Train - Loss (one batch): 0.00158
Val - Loss, MSE, RMSE, MAE, MAPE: 0.00158, 0.00158, 0.03876, 0.02510, 5.25%
Test - Best epoch, Loss, MSE, RMSE, MAE, MAPE: 27, 0.00150, 0.00150, 0.03766, 0.02466, 5.16%
Time spent: 14.67s
- Epoch 028, ExpID 65140
Train - Loss (one batch): 0.00142
Val - Loss, MSE, RMSE, MAE, MAPE: 0.00160, 0.00160, 0.03905, 0.02569, 5.35%
Test - Best epoch, Loss, MSE, RMSE, MAE, MAPE: 27, 0.00150, 0.00150, 0.03766, 0.02466, 5.16%
Time spent: 13.00s
- Epoch 029, ExpID 65140
Train - Loss (one batch): 0.00151
Val - Loss, MSE, RMSE, MAE, MAPE: 0.00178, 0.00178, 0.04132, 0.02918, 5.92%
Test - Best epoch, Loss, MSE, RMSE, MAE, MAPE: 27, 0.00150, 0.00150, 0.03766, 0.02466, 5.16%
Time spent: 13.00s
- Epoch 030, ExpID 65140
Train - Loss (one batch): 0.00196
Val - Loss, MSE, RMSE, MAE, MAPE: 0.00191, 0.00191, 0.04304, 0.03078, 6.51%
Test - Best epoch, Loss, MSE, RMSE, MAE, MAPE: 27, 0.00150, 0.00150, 0.03766, 0.02466, 5.16%
Time spent: 13.02s
- Epoch 031, ExpID 65140
Train - Loss (one batch): 0.00161
Val - Loss, MSE, RMSE, MAE, MAPE: 0.00155, 0.00155, 0.03847, 0.02508, 5.20%
Test - Best epoch, Loss, MSE, RMSE, MAE, MAPE: 31, 0.00147, 0.00147, 0.03731, 0.02458, 5.10%
Time spent: 14.67s
- Epoch 032, ExpID 65140
Train - Loss (one batch): 0.00119
Val - Loss, MSE, RMSE, MAE, MAPE: 0.00168, 0.00168, 0.04014, 0.02722, 5.63%
Test - Best epoch, Loss, MSE, RMSE, MAE, MAPE: 31, 0.00147, 0.00147, 0.03731, 0.02458, 5.10%
Time spent: 13.01s
- Epoch 033, ExpID 65140
Train - Loss (one batch): 0.00117
Val - Loss, MSE, RMSE, MAE, MAPE: 0.00184, 0.00184, 0.04221, 0.03002, 6.22%
Test - Best epoch, Loss, MSE, RMSE, MAE, MAPE: 31, 0.00147, 0.00147, 0.03731, 0.02458, 5.10%
Time spent: 12.98s
- Epoch 034, ExpID 65140
Train - Loss (one batch): 0.00141
Val - Loss, MSE, RMSE, MAE, MAPE: 0.00225, 0.00225, 0.04688, 0.03582, 7.18%
Test - Best epoch, Loss, MSE, RMSE, MAE, MAPE: 31, 0.00147, 0.00147, 0.03731, 0.02458, 5.10%
Time spent: 13.00s
- Epoch 035, ExpID 65140
Train - Loss (one batch): 0.00206
Val - Loss, MSE, RMSE, MAE, MAPE: 0.00171, 0.00171, 0.04058, 0.02786, 5.73%
Test - Best epoch, Loss, MSE, RMSE, MAE, MAPE: 31, 0.00147, 0.00147, 0.03731, 0.02458, 5.10%
Time spent: 13.03s
- Epoch 036, ExpID 65140
Train - Loss (one batch): 0.00140
Val - Loss, MSE, RMSE, MAE, MAPE: 0.00168, 0.00168, 0.04006, 0.02710, 5.67%
Test - Best epoch, Loss, MSE, RMSE, MAE, MAPE: 31, 0.00147, 0.00147, 0.03731, 0.02458, 5.10%
Time spent: 12.99s
- Epoch 037, ExpID 65140
Train - Loss (one batch): 0.00174
Val - Loss, MSE, RMSE, MAE, MAPE: 0.00161, 0.00161, 0.03918, 0.02626, 5.40%
Test - Best epoch, Loss, MSE, RMSE, MAE, MAPE: 31, 0.00147, 0.00147, 0.03731, 0.02458, 5.10%
Time spent: 12.98s
- Epoch 038, ExpID 65140
Train - Loss (one batch): 0.00114
Val - Loss, MSE, RMSE, MAE, MAPE: 0.00164, 0.00164, 0.03964, 0.02702, 5.48%
Test - Best epoch, Loss, MSE, RMSE, MAE, MAPE: 31, 0.00147, 0.00147, 0.03731, 0.02458, 5.10%
Time spent: 13.04s
- Epoch 039, ExpID 65140
Train - Loss (one batch): 0.00150
Val - Loss, MSE, RMSE, MAE, MAPE: 0.00160, 0.00160, 0.03910, 0.02567, 5.37%
Test - Best epoch, Loss, MSE, RMSE, MAE, MAPE: 31, 0.00147, 0.00147, 0.03731, 0.02458, 5.10%
Time spent: 13.04s
- Epoch 040, ExpID 65140
Train - Loss (one batch): 0.00104
Val - Loss, MSE, RMSE, MAE, MAPE: 0.00165, 0.00165, 0.03974, 0.02683, 5.53%
Test - Best epoch, Loss, MSE, RMSE, MAE, MAPE: 31, 0.00147, 0.00147, 0.03731, 0.02458, 5.10%
Time spent: 13.00s
- Epoch 041, ExpID 65140
Train - Loss (one batch): 0.00128
Val - Loss, MSE, RMSE, MAE, MAPE: 0.00161, 0.00161, 0.03921, 0.02573, 5.42%
Test - Best epoch, Loss, MSE, RMSE, MAE, MAPE: 31, 0.00147, 0.00147, 0.03731, 0.02458, 5.10%
Time spent: 13.00s
/home/ouass/Test/MSP-IMTS/tPatchGNN/run_models.py
2025-11-22 20:23:24
run_models.py --dataset activity --state def --history 3000 --batch_size 32 --lr 1e-3 --nhead 1 --patience 10 --tf_layer 1 --nlayer 1 --te_dim 10 --node_dim 10 --hid_dim 34 --outlayer Linear --seed 2 --gpu 0 --multi_scales 200,1000 --multi_strides 100,500 --fusion concat
Namespace(multi_scales='200,1000', multi_strides='100,500', fusion='concat', state='def', n=100000000, hop=1, nhead=1, tf_layer=1, nlayer=1, epoch=1000, patience=10, history=3000, patch_size=24, stride=24, logmode='a', lr=0.001, w_decay=0.0, batch_size=32, save='experiments/', load=None, seed=2, dataset='activity', quantization=0.0, model='tPatchGNN', outlayer='Linear', hid_dim=34, te_dim=10, node_dim=10, gpu='0', npatch=125, device=device(type='cuda'), PID=1907897, pred_window=1000, ndim=12)
- Epoch 000, ExpID 41990
Train - Loss (one batch): 0.00585
Val - Loss, MSE, RMSE, MAE, MAPE: 0.00722, 0.00722, 0.08286, 0.06150, 12.75%
Test - Best epoch, Loss, MSE, RMSE, MAE, MAPE: 0, 0.00645, 0.00645, 0.07799, 0.05861, 12.09%
Time spent: 15.37s
- Epoch 001, ExpID 41990
Train - Loss (one batch): 0.00400
Val - Loss, MSE, RMSE, MAE, MAPE: 0.00699, 0.00699, 0.08151, 0.06112, 12.65%
Test - Best epoch, Loss, MSE, RMSE, MAE, MAPE: 1, 0.00625, 0.00625, 0.07697, 0.05839, 12.05%
Time spent: 14.64s
- Epoch 002, ExpID 41990
Train - Loss (one batch): 0.00193
Val - Loss, MSE, RMSE, MAE, MAPE: 0.00189, 0.00189, 0.04270, 0.02943, 6.22%
Test - Best epoch, Loss, MSE, RMSE, MAE, MAPE: 2, 0.00190, 0.00190, 0.04286, 0.02992, 6.32%
Time spent: 14.64s
- Epoch 003, ExpID 41990
Train - Loss (one batch): 0.00147
Val - Loss, MSE, RMSE, MAE, MAPE: 0.00187, 0.00187, 0.04248, 0.02944, 6.17%
Test - Best epoch, Loss, MSE, RMSE, MAE, MAPE: 3, 0.00187, 0.00187, 0.04238, 0.02976, 6.22%
Time spent: 14.67s
- Epoch 004, ExpID 41990
Train - Loss (one batch): 0.00141
Val - Loss, MSE, RMSE, MAE, MAPE: 0.00187, 0.00187, 0.04256, 0.02961, 6.24%
Test - Best epoch, Loss, MSE, RMSE, MAE, MAPE: 3, 0.00187, 0.00187, 0.04238, 0.02976, 6.22%
Time spent: 13.02s
- Epoch 005, ExpID 41990
Train - Loss (one batch): 0.00150
Val - Loss, MSE, RMSE, MAE, MAPE: 0.00208, 0.00208, 0.04499, 0.03275, 6.89%
Test - Best epoch, Loss, MSE, RMSE, MAE, MAPE: 3, 0.00187, 0.00187, 0.04238, 0.02976, 6.22%
Time spent: 12.99s
- Epoch 006, ExpID 41990
Train - Loss (one batch): 0.00149
Val - Loss, MSE, RMSE, MAE, MAPE: 0.00221, 0.00221, 0.04646, 0.03408, 7.07%
Test - Best epoch, Loss, MSE, RMSE, MAE, MAPE: 3, 0.00187, 0.00187, 0.04238, 0.02976, 6.22%
Time spent: 12.98s
- Epoch 007, ExpID 41990
Train - Loss (one batch): 0.00178
Val - Loss, MSE, RMSE, MAE, MAPE: 0.00161, 0.00161, 0.03918, 0.02567, 5.41%
Test - Best epoch, Loss, MSE, RMSE, MAE, MAPE: 7, 0.00155, 0.00155, 0.03834, 0.02543, 5.34%
Time spent: 14.66s
- Epoch 008, ExpID 41990
Train - Loss (one batch): 0.00171
Val - Loss, MSE, RMSE, MAE, MAPE: 0.00175, 0.00175, 0.04108, 0.02758, 5.73%
Test - Best epoch, Loss, MSE, RMSE, MAE, MAPE: 7, 0.00155, 0.00155, 0.03834, 0.02543, 5.34%
Time spent: 12.99s
- Epoch 009, ExpID 41990
Train - Loss (one batch): 0.00181
Val - Loss, MSE, RMSE, MAE, MAPE: 0.00172, 0.00172, 0.04065, 0.02728, 5.66%
Test - Best epoch, Loss, MSE, RMSE, MAE, MAPE: 7, 0.00155, 0.00155, 0.03834, 0.02543, 5.34%
Time spent: 12.98s
- Epoch 010, ExpID 41990
Train - Loss (one batch): 0.00140
Val - Loss, MSE, RMSE, MAE, MAPE: 0.00158, 0.00158, 0.03876, 0.02513, 5.25%
Test - Best epoch, Loss, MSE, RMSE, MAE, MAPE: 10, 0.00152, 0.00152, 0.03796, 0.02485, 5.17%
Time spent: 14.62s
- Epoch 011, ExpID 41990
Train - Loss (one batch): 0.00149
Val - Loss, MSE, RMSE, MAE, MAPE: 0.00161, 0.00161, 0.03924, 0.02579, 5.47%
Test - Best epoch, Loss, MSE, RMSE, MAE, MAPE: 10, 0.00152, 0.00152, 0.03796, 0.02485, 5.17%
Time spent: 12.96s
- Epoch 012, ExpID 41990
Train - Loss (one batch): 0.00153
Val - Loss, MSE, RMSE, MAE, MAPE: 0.00188, 0.00188, 0.04262, 0.02965, 6.09%
Test - Best epoch, Loss, MSE, RMSE, MAE, MAPE: 10, 0.00152, 0.00152, 0.03796, 0.02485, 5.17%
Time spent: 12.95s
- Epoch 013, ExpID 41990
Train - Loss (one batch): 0.00153
Val - Loss, MSE, RMSE, MAE, MAPE: 0.00164, 0.00164, 0.03955, 0.02598, 5.42%
Test - Best epoch, Loss, MSE, RMSE, MAE, MAPE: 10, 0.00152, 0.00152, 0.03796, 0.02485, 5.17%
Time spent: 12.95s
- Epoch 014, ExpID 41990
Train - Loss (one batch): 0.00118
Val - Loss, MSE, RMSE, MAE, MAPE: 0.00160, 0.00160, 0.03910, 0.02540, 5.27%
Test - Best epoch, Loss, MSE, RMSE, MAE, MAPE: 10, 0.00152, 0.00152, 0.03796, 0.02485, 5.17%
Time spent: 12.95s
- Epoch 015, ExpID 41990
Train - Loss (one batch): 0.00183
Val - Loss, MSE, RMSE, MAE, MAPE: 0.00222, 0.00222, 0.04652, 0.03433, 7.10%
Test - Best epoch, Loss, MSE, RMSE, MAE, MAPE: 10, 0.00152, 0.00152, 0.03796, 0.02485, 5.17%
Time spent: 12.95s
- Epoch 016, ExpID 41990
Train - Loss (one batch): 0.00109
Val - Loss, MSE, RMSE, MAE, MAPE: 0.00181, 0.00181, 0.04170, 0.02858, 6.00%
Test - Best epoch, Loss, MSE, RMSE, MAE, MAPE: 10, 0.00152, 0.00152, 0.03796, 0.02485, 5.17%
Time spent: 12.96s
- Epoch 017, ExpID 41990
Train - Loss (one batch): 0.00163
Val - Loss, MSE, RMSE, MAE, MAPE: 0.00164, 0.00164, 0.03958, 0.02600, 5.44%
Test - Best epoch, Loss, MSE, RMSE, MAE, MAPE: 10, 0.00152, 0.00152, 0.03796, 0.02485, 5.17%
Time spent: 12.97s
- Epoch 018, ExpID 41990
Train - Loss (one batch): 0.00117
Val - Loss, MSE, RMSE, MAE, MAPE: 0.00158, 0.00158, 0.03871, 0.02489, 5.20%
Test - Best epoch, Loss, MSE, RMSE, MAE, MAPE: 18, 0.00150, 0.00150, 0.03769, 0.02454, 5.11%
Time spent: 14.62s
- Epoch 019, ExpID 41990
Train - Loss (one batch): 0.00147
Val - Loss, MSE, RMSE, MAE, MAPE: 0.00197, 0.00197, 0.04365, 0.03120, 6.52%
Test - Best epoch, Loss, MSE, RMSE, MAE, MAPE: 18, 0.00150, 0.00150, 0.03769, 0.02454, 5.11%
Time spent: 13.02s
- Epoch 020, ExpID 41990
Train - Loss (one batch): 0.00112
Val - Loss, MSE, RMSE, MAE, MAPE: 0.00159, 0.00159, 0.03897, 0.02526, 5.25%
Test - Best epoch, Loss, MSE, RMSE, MAE, MAPE: 18, 0.00150, 0.00150, 0.03769, 0.02454, 5.11%
Time spent: 12.99s
- Epoch 021, ExpID 41990
Train - Loss (one batch): 0.00192
Val - Loss, MSE, RMSE, MAE, MAPE: 0.00194, 0.00194, 0.04336, 0.03095, 6.50%
Test - Best epoch, Loss, MSE, RMSE, MAE, MAPE: 18, 0.00150, 0.00150, 0.03769, 0.02454, 5.11%
Time spent: 12.97s
- Epoch 022, ExpID 41990
Train - Loss (one batch): 0.00169
Val - Loss, MSE, RMSE, MAE, MAPE: 0.00162, 0.00162, 0.03936, 0.02583, 5.34%
Test - Best epoch, Loss, MSE, RMSE, MAE, MAPE: 18, 0.00150, 0.00150, 0.03769, 0.02454, 5.11%
Time spent: 12.96s
- Epoch 023, ExpID 41990
Train - Loss (one batch): 0.00122
Val - Loss, MSE, RMSE, MAE, MAPE: 0.00158, 0.00158, 0.03883, 0.02507, 5.25%
Test - Best epoch, Loss, MSE, RMSE, MAE, MAPE: 18, 0.00150, 0.00150, 0.03769, 0.02454, 5.11%
Time spent: 12.95s
- Epoch 024, ExpID 41990
Train - Loss (one batch): 0.00203
Val - Loss, MSE, RMSE, MAE, MAPE: 0.00160, 0.00160, 0.03905, 0.02562, 5.36%
Test - Best epoch, Loss, MSE, RMSE, MAE, MAPE: 18, 0.00150, 0.00150, 0.03769, 0.02454, 5.11%
Time spent: 12.96s
- Epoch 025, ExpID 41990
Train - Loss (one batch): 0.00117
Val - Loss, MSE, RMSE, MAE, MAPE: 0.00159, 0.00159, 0.03890, 0.02531, 5.33%
Test - Best epoch, Loss, MSE, RMSE, MAE, MAPE: 18, 0.00150, 0.00150, 0.03769, 0.02454, 5.11%
Time spent: 12.94s
- Epoch 026, ExpID 41990
Train - Loss (one batch): 0.00115
Val - Loss, MSE, RMSE, MAE, MAPE: 0.00171, 0.00171, 0.04049, 0.02707, 5.59%
Test - Best epoch, Loss, MSE, RMSE, MAE, MAPE: 18, 0.00150, 0.00150, 0.03769, 0.02454, 5.11%
Time spent: 12.96s
- Epoch 027, ExpID 41990
Train - Loss (one batch): 0.00185
Val - Loss, MSE, RMSE, MAE, MAPE: 0.00162, 0.00162, 0.03934, 0.02547, 5.30%
Test - Best epoch, Loss, MSE, RMSE, MAE, MAPE: 18, 0.00150, 0.00150, 0.03769, 0.02454, 5.11%
Time spent: 12.95s
- Epoch 028, ExpID 41990
Train - Loss (one batch): 0.00148
Val - Loss, MSE, RMSE, MAE, MAPE: 0.00165, 0.00165, 0.03969, 0.02600, 5.45%
Test - Best epoch, Loss, MSE, RMSE, MAE, MAPE: 18, 0.00150, 0.00150, 0.03769, 0.02454, 5.11%
Time spent: 12.95s
/home/ouass/Test/MSP-IMTS/tPatchGNN/run_models.py
2025-11-22 20:29:58
run_models.py --dataset activity --state def --history 3000 --batch_size 32 --lr 1e-3 --nhead 1 --patience 10 --tf_layer 1 --nlayer 1 --te_dim 10 --node_dim 10 --hid_dim 34 --outlayer Linear --seed 3 --gpu 0 --multi_scales 200,1000 --multi_strides 100,500 --fusion concat
Namespace(multi_scales='200,1000', multi_strides='100,500', fusion='concat', state='def', n=100000000, hop=1, nhead=1, tf_layer=1, nlayer=1, epoch=1000, patience=10, history=3000, patch_size=24, stride=24, logmode='a', lr=0.001, w_decay=0.0, batch_size=32, save='experiments/', load=None, seed=3, dataset='activity', quantization=0.0, model='tPatchGNN', outlayer='Linear', hid_dim=34, te_dim=10, node_dim=10, gpu='0', npatch=125, device=device(type='cuda'), PID=1907979, pred_window=1000, ndim=12)
- Epoch 000, ExpID 58276
Train - Loss (one batch): 0.00494
Val - Loss, MSE, RMSE, MAE, MAPE: 0.00621, 0.00621, 0.07684, 0.05740, 11.66%
Test - Best epoch, Loss, MSE, RMSE, MAE, MAPE: 0, 0.00572, 0.00572, 0.07368, 0.05558, 11.22%
Time spent: 15.33s
- Epoch 001, ExpID 58276
Train - Loss (one batch): 0.00562
Val - Loss, MSE, RMSE, MAE, MAPE: 0.00582, 0.00582, 0.07493, 0.05597, 11.09%
Test - Best epoch, Loss, MSE, RMSE, MAE, MAPE: 1, 0.00562, 0.00562, 0.07369, 0.05567, 10.93%
Time spent: 14.60s
- Epoch 002, ExpID 58276
Train - Loss (one batch): 0.00491
Val - Loss, MSE, RMSE, MAE, MAPE: 0.00643, 0.00643, 0.07801, 0.05782, 11.72%
Test - Best epoch, Loss, MSE, RMSE, MAE, MAPE: 1, 0.00562, 0.00562, 0.07369, 0.05567, 10.93%
Time spent: 12.96s
- Epoch 003, ExpID 58276
Train - Loss (one batch): 0.00269
Val - Loss, MSE, RMSE, MAE, MAPE: 0.00238, 0.00238, 0.04794, 0.03586, 7.74%
Test - Best epoch, Loss, MSE, RMSE, MAE, MAPE: 3, 0.00229, 0.00229, 0.04708, 0.03569, 7.68%
Time spent: 14.60s
- Epoch 004, ExpID 58276
Train - Loss (one batch): 0.00148
Val - Loss, MSE, RMSE, MAE, MAPE: 0.00183, 0.00183, 0.04198, 0.02889, 6.08%
Test - Best epoch, Loss, MSE, RMSE, MAE, MAPE: 4, 0.00180, 0.00180, 0.04162, 0.02905, 6.11%
Time spent: 14.59s
- Epoch 005, ExpID 58276
Train - Loss (one batch): 0.00203
Val - Loss, MSE, RMSE, MAE, MAPE: 0.00180, 0.00180, 0.04175, 0.02846, 5.95%
Test - Best epoch, Loss, MSE, RMSE, MAE, MAPE: 5, 0.00177, 0.00177, 0.04129, 0.02861, 5.97%
Time spent: 14.58s
- Epoch 006, ExpID 58276
Train - Loss (one batch): 0.00270
Val - Loss, MSE, RMSE, MAE, MAPE: 0.00175, 0.00175, 0.04110, 0.02808, 5.92%
Test - Best epoch, Loss, MSE, RMSE, MAE, MAPE: 6, 0.00171, 0.00171, 0.04056, 0.02794, 5.89%
Time spent: 14.58s
- Epoch 007, ExpID 58276
Train - Loss (one batch): 0.00172
Val - Loss, MSE, RMSE, MAE, MAPE: 0.00184, 0.00184, 0.04202, 0.02888, 6.01%
Test - Best epoch, Loss, MSE, RMSE, MAE, MAPE: 6, 0.00171, 0.00171, 0.04056, 0.02794, 5.89%
Time spent: 12.93s
- Epoch 008, ExpID 58276
Train - Loss (one batch): 0.00162
Val - Loss, MSE, RMSE, MAE, MAPE: 0.00178, 0.00178, 0.04137, 0.02846, 6.04%
Test - Best epoch, Loss, MSE, RMSE, MAE, MAPE: 6, 0.00171, 0.00171, 0.04056, 0.02794, 5.89%
Time spent: 12.92s
- Epoch 009, ExpID 58276
Train - Loss (one batch): 0.00146
Val - Loss, MSE, RMSE, MAE, MAPE: 0.00168, 0.00168, 0.04015, 0.02673, 5.59%
Test - Best epoch, Loss, MSE, RMSE, MAE, MAPE: 9, 0.00163, 0.00163, 0.03946, 0.02654, 5.53%
Time spent: 14.59s
- Epoch 010, ExpID 58276
Train - Loss (one batch): 0.00169
Val - Loss, MSE, RMSE, MAE, MAPE: 0.00168, 0.00168, 0.04011, 0.02647, 5.52%
Test - Best epoch, Loss, MSE, RMSE, MAE, MAPE: 10, 0.00164, 0.00164, 0.03956, 0.02644, 5.50%
Time spent: 14.59s
- Epoch 011, ExpID 58276
Train - Loss (one batch): 0.00127
Val - Loss, MSE, RMSE, MAE, MAPE: 0.00191, 0.00191, 0.04308, 0.03006, 6.24%
Test - Best epoch, Loss, MSE, RMSE, MAE, MAPE: 10, 0.00164, 0.00164, 0.03956, 0.02644, 5.50%
Time spent: 12.93s
- Epoch 012, ExpID 58276
Train - Loss (one batch): 0.00156
Val - Loss, MSE, RMSE, MAE, MAPE: 0.00184, 0.00184, 0.04211, 0.02899, 6.01%
Test - Best epoch, Loss, MSE, RMSE, MAE, MAPE: 10, 0.00164, 0.00164, 0.03956, 0.02644, 5.50%
Time spent: 12.94s
- Epoch 013, ExpID 58276
Train - Loss (one batch): 0.00157
Val - Loss, MSE, RMSE, MAE, MAPE: 0.00176, 0.00176, 0.04116, 0.02819, 5.97%
Test - Best epoch, Loss, MSE, RMSE, MAE, MAPE: 10, 0.00164, 0.00164, 0.03956, 0.02644, 5.50%
Time spent: 12.95s
- Epoch 014, ExpID 58276
Train - Loss (one batch): 0.00124
Val - Loss, MSE, RMSE, MAE, MAPE: 0.00212, 0.00212, 0.04532, 0.03302, 7.02%
Test - Best epoch, Loss, MSE, RMSE, MAE, MAPE: 10, 0.00164, 0.00164, 0.03956, 0.02644, 5.50%
Time spent: 12.93s
- Epoch 015, ExpID 58276
Train - Loss (one batch): 0.00108
Val - Loss, MSE, RMSE, MAE, MAPE: 0.00181, 0.00181, 0.04173, 0.02892, 6.13%
Test - Best epoch, Loss, MSE, RMSE, MAE, MAPE: 10, 0.00164, 0.00164, 0.03956, 0.02644, 5.50%
Time spent: 12.93s
- Epoch 016, ExpID 58276
Train - Loss (one batch): 0.00172
Val - Loss, MSE, RMSE, MAE, MAPE: 0.00172, 0.00172, 0.04072, 0.02718, 5.66%
Test - Best epoch, Loss, MSE, RMSE, MAE, MAPE: 10, 0.00164, 0.00164, 0.03956, 0.02644, 5.50%
Time spent: 12.94s
- Epoch 017, ExpID 58276
Train - Loss (one batch): 0.00196
Val - Loss, MSE, RMSE, MAE, MAPE: 0.00213, 0.00213, 0.04560, 0.03252, 6.65%
Test - Best epoch, Loss, MSE, RMSE, MAE, MAPE: 10, 0.00164, 0.00164, 0.03956, 0.02644, 5.50%
Time spent: 12.92s
- Epoch 018, ExpID 58276
Train - Loss (one batch): 0.00188
Val - Loss, MSE, RMSE, MAE, MAPE: 0.00162, 0.00162, 0.03928, 0.02565, 5.35%
Test - Best epoch, Loss, MSE, RMSE, MAE, MAPE: 18, 0.00156, 0.00156, 0.03855, 0.02545, 5.30%
Time spent: 14.59s
- Epoch 019, ExpID 58276
Train - Loss (one batch): 0.00200
Val - Loss, MSE, RMSE, MAE, MAPE: 0.00198, 0.00198, 0.04375, 0.03120, 6.55%
Test - Best epoch, Loss, MSE, RMSE, MAE, MAPE: 18, 0.00156, 0.00156, 0.03855, 0.02545, 5.30%
Time spent: 12.98s
- Epoch 020, ExpID 58276
Train - Loss (one batch): 0.00174
Val - Loss, MSE, RMSE, MAE, MAPE: 0.00189, 0.00189, 0.04267, 0.03037, 6.50%
Test - Best epoch, Loss, MSE, RMSE, MAE, MAPE: 18, 0.00156, 0.00156, 0.03855, 0.02545, 5.30%
Time spent: 12.93s
- Epoch 021, ExpID 58276
Train - Loss (one batch): 0.00135
Val - Loss, MSE, RMSE, MAE, MAPE: 0.00174, 0.00174, 0.04084, 0.02794, 5.92%
Test - Best epoch, Loss, MSE, RMSE, MAE, MAPE: 18, 0.00156, 0.00156, 0.03855, 0.02545, 5.30%
Time spent: 12.94s
- Epoch 022, ExpID 58276
Train - Loss (one batch): 0.00098
Val - Loss, MSE, RMSE, MAE, MAPE: 0.00168, 0.00168, 0.04017, 0.02650, 5.51%
Test - Best epoch, Loss, MSE, RMSE, MAE, MAPE: 18, 0.00156, 0.00156, 0.03855, 0.02545, 5.30%
Time spent: 12.94s
- Epoch 023, ExpID 58276
Train - Loss (one batch): 0.00185
Val - Loss, MSE, RMSE, MAE, MAPE: 0.00257, 0.00257, 0.05010, 0.03915, 8.45%
Test - Best epoch, Loss, MSE, RMSE, MAE, MAPE: 18, 0.00156, 0.00156, 0.03855, 0.02545, 5.30%
Time spent: 12.94s
- Epoch 024, ExpID 58276
Train - Loss (one batch): 0.00126
Val - Loss, MSE, RMSE, MAE, MAPE: 0.00164, 0.00164, 0.03960, 0.02623, 5.55%
Test - Best epoch, Loss, MSE, RMSE, MAE, MAPE: 18, 0.00156, 0.00156, 0.03855, 0.02545, 5.30%
Time spent: 12.95s
- Epoch 025, ExpID 58276
Train - Loss (one batch): 0.00157
Val - Loss, MSE, RMSE, MAE, MAPE: 0.00167, 0.00167, 0.04003, 0.02627, 5.45%
Test - Best epoch, Loss, MSE, RMSE, MAE, MAPE: 18, 0.00156, 0.00156, 0.03855, 0.02545, 5.30%
Time spent: 12.93s
- Epoch 026, ExpID 58276
Train - Loss (one batch): 0.00152
Val - Loss, MSE, RMSE, MAE, MAPE: 0.00182, 0.00182, 0.04194, 0.02872, 5.95%
Test - Best epoch, Loss, MSE, RMSE, MAE, MAPE: 18, 0.00156, 0.00156, 0.03855, 0.02545, 5.30%
Time spent: 12.93s
- Epoch 027, ExpID 58276
Train - Loss (one batch): 0.00132
Val - Loss, MSE, RMSE, MAE, MAPE: 0.00175, 0.00175, 0.04110, 0.02749, 5.65%
Test - Best epoch, Loss, MSE, RMSE, MAE, MAPE: 18, 0.00156, 0.00156, 0.03855, 0.02545, 5.30%
Time spent: 12.93s
- Epoch 028, ExpID 58276
Train - Loss (one batch): 0.00144
Val - Loss, MSE, RMSE, MAE, MAPE: 0.00167, 0.00167, 0.03997, 0.02669, 5.62%
Test - Best epoch, Loss, MSE, RMSE, MAE, MAPE: 18, 0.00156, 0.00156, 0.03855, 0.02545, 5.30%
Time spent: 12.92s
/home/ouass/Test/MSP-IMTS/tPatchGNN/run_models.py
2025-11-22 20:36:35
run_models.py --dataset activity --state def --history 3000 --batch_size 32 --lr 1e-3 --nhead 1 --patience 10 --tf_layer 1 --nlayer 1 --te_dim 10 --node_dim 10 --hid_dim 34 --outlayer Linear --seed 4 --gpu 0 --multi_scales 200,1000 --multi_strides 100,500 --fusion concat
Namespace(multi_scales='200,1000', multi_strides='100,500', fusion='concat', state='def', n=100000000, hop=1, nhead=1, tf_layer=1, nlayer=1, epoch=1000, patience=10, history=3000, patch_size=24, stride=24, logmode='a', lr=0.001, w_decay=0.0, batch_size=32, save='experiments/', load=None, seed=4, dataset='activity', quantization=0.0, model='tPatchGNN', outlayer='Linear', hid_dim=34, te_dim=10, node_dim=10, gpu='0', npatch=125, device=device(type='cuda'), PID=1908035, pred_window=1000, ndim=12)
- Epoch 000, ExpID 63214
Train - Loss (one batch): 0.00563
Val - Loss, MSE, RMSE, MAE, MAPE: 0.00584, 0.00584, 0.07497, 0.05620, 11.42%
Test - Best epoch, Loss, MSE, RMSE, MAE, MAPE: 0, 0.00538, 0.00538, 0.07179, 0.05485, 11.09%
Time spent: 15.31s
- Epoch 001, ExpID 63214
Train - Loss (one batch): 0.00169
Val - Loss, MSE, RMSE, MAE, MAPE: 0.00262, 0.00262, 0.05014, 0.03704, 7.89%
Test - Best epoch, Loss, MSE, RMSE, MAE, MAPE: 1, 0.00242, 0.00242, 0.04807, 0.03565, 7.59%
Time spent: 14.59s
- Epoch 002, ExpID 63214
Train - Loss (one batch): 0.00203
Val - Loss, MSE, RMSE, MAE, MAPE: 0.00175, 0.00175, 0.04096, 0.02784, 5.97%
Test - Best epoch, Loss, MSE, RMSE, MAE, MAPE: 2, 0.00172, 0.00172, 0.04054, 0.02795, 6.00%
Time spent: 14.61s
- Epoch 003, ExpID 63214
Train - Loss (one batch): 0.00153
Val - Loss, MSE, RMSE, MAE, MAPE: 0.00200, 0.00200, 0.04389, 0.03153, 6.77%
Test - Best epoch, Loss, MSE, RMSE, MAE, MAPE: 2, 0.00172, 0.00172, 0.04054, 0.02795, 6.00%
Time spent: 12.95s
- Epoch 004, ExpID 63214
Train - Loss (one batch): 0.00156
Val - Loss, MSE, RMSE, MAE, MAPE: 0.00212, 0.00212, 0.04526, 0.03322, 7.22%
Test - Best epoch, Loss, MSE, RMSE, MAE, MAPE: 2, 0.00172, 0.00172, 0.04054, 0.02795, 6.00%
Time spent: 12.92s
- Epoch 005, ExpID 63214
Train - Loss (one batch): 0.00220
Val - Loss, MSE, RMSE, MAE, MAPE: 0.00193, 0.00193, 0.04322, 0.03075, 6.49%
Test - Best epoch, Loss, MSE, RMSE, MAE, MAPE: 2, 0.00172, 0.00172, 0.04054, 0.02795, 6.00%
Time spent: 12.93s
- Epoch 006, ExpID 63214
Train - Loss (one batch): 0.00151
Val - Loss, MSE, RMSE, MAE, MAPE: 0.00223, 0.00223, 0.04656, 0.03471, 7.47%
Test - Best epoch, Loss, MSE, RMSE, MAE, MAPE: 2, 0.00172, 0.00172, 0.04054, 0.02795, 6.00%
Time spent: 12.97s
- Epoch 007, ExpID 63214
Train - Loss (one batch): 0.00150
Val - Loss, MSE, RMSE, MAE, MAPE: 0.00165, 0.00165, 0.03974, 0.02688, 5.57%
Test - Best epoch, Loss, MSE, RMSE, MAE, MAPE: 7, 0.00158, 0.00158, 0.03891, 0.02668, 5.53%
Time spent: 14.60s
- Epoch 008, ExpID 63214
Train - Loss (one batch): 0.00128
Val - Loss, MSE, RMSE, MAE, MAPE: 0.00204, 0.00204, 0.04449, 0.03192, 6.72%
Test - Best epoch, Loss, MSE, RMSE, MAE, MAPE: 7, 0.00158, 0.00158, 0.03891, 0.02668, 5.53%
Time spent: 12.95s
- Epoch 009, ExpID 63214
Train - Loss (one batch): 0.00146
Val - Loss, MSE, RMSE, MAE, MAPE: 0.00207, 0.00207, 0.04491, 0.03272, 6.89%
Test - Best epoch, Loss, MSE, RMSE, MAE, MAPE: 7, 0.00158, 0.00158, 0.03891, 0.02668, 5.53%
Time spent: 12.92s
- Epoch 010, ExpID 63214
Train - Loss (one batch): 0.00112
Val - Loss, MSE, RMSE, MAE, MAPE: 0.00160, 0.00160, 0.03913, 0.02588, 5.38%
Test - Best epoch, Loss, MSE, RMSE, MAE, MAPE: 10, 0.00155, 0.00155, 0.03832, 0.02559, 5.31%
Time spent: 14.60s
- Epoch 011, ExpID 63214
Train - Loss (one batch): 0.00116
Val - Loss, MSE, RMSE, MAE, MAPE: 0.00159, 0.00159, 0.03893, 0.02582, 5.37%
Test - Best epoch, Loss, MSE, RMSE, MAE, MAPE: 11, 0.00152, 0.00152, 0.03802, 0.02537, 5.28%
Time spent: 14.59s
- Epoch 012, ExpID 63214
Train - Loss (one batch): 0.00142
Val - Loss, MSE, RMSE, MAE, MAPE: 0.00157, 0.00157, 0.03874, 0.02547, 5.33%
Test - Best epoch, Loss, MSE, RMSE, MAE, MAPE: 12, 0.00151, 0.00151, 0.03779, 0.02508, 5.24%
Time spent: 14.60s
- Epoch 013, ExpID 63214
Train - Loss (one batch): 0.00113
Val - Loss, MSE, RMSE, MAE, MAPE: 0.00161, 0.00161, 0.03915, 0.02628, 5.56%
Test - Best epoch, Loss, MSE, RMSE, MAE, MAPE: 12, 0.00151, 0.00151, 0.03779, 0.02508, 5.24%
Time spent: 12.95s
- Epoch 014, ExpID 63214
Train - Loss (one batch): 0.00152
Val - Loss, MSE, RMSE, MAE, MAPE: 0.00171, 0.00171, 0.04056, 0.02812, 6.05%
Test - Best epoch, Loss, MSE, RMSE, MAE, MAPE: 12, 0.00151, 0.00151, 0.03779, 0.02508, 5.24%
Time spent: 12.94s
- Epoch 015, ExpID 63214
Train - Loss (one batch): 0.00136
Val - Loss, MSE, RMSE, MAE, MAPE: 0.00164, 0.00164, 0.03962, 0.02662, 5.50%
Test - Best epoch, Loss, MSE, RMSE, MAE, MAPE: 12, 0.00151, 0.00151, 0.03779, 0.02508, 5.24%
Time spent: 12.93s
- Epoch 016, ExpID 63214
Train - Loss (one batch): 0.00214
Val - Loss, MSE, RMSE, MAE, MAPE: 0.00191, 0.00191, 0.04304, 0.03047, 6.37%
Test - Best epoch, Loss, MSE, RMSE, MAE, MAPE: 12, 0.00151, 0.00151, 0.03779, 0.02508, 5.24%
Time spent: 12.96s
- Epoch 017, ExpID 63214
Train - Loss (one batch): 0.00166
Val - Loss, MSE, RMSE, MAE, MAPE: 0.00168, 0.00168, 0.04012, 0.02711, 5.65%
Test - Best epoch, Loss, MSE, RMSE, MAE, MAPE: 12, 0.00151, 0.00151, 0.03779, 0.02508, 5.24%
Time spent: 12.98s
- Epoch 018, ExpID 63214
Train - Loss (one batch): 0.00142
Val - Loss, MSE, RMSE, MAE, MAPE: 0.00174, 0.00174, 0.04087, 0.02833, 6.06%
Test - Best epoch, Loss, MSE, RMSE, MAE, MAPE: 12, 0.00151, 0.00151, 0.03779, 0.02508, 5.24%
Time spent: 12.99s
- Epoch 019, ExpID 63214
Train - Loss (one batch): 0.00143
Val - Loss, MSE, RMSE, MAE, MAPE: 0.00170, 0.00170, 0.04037, 0.02765, 5.89%
Test - Best epoch, Loss, MSE, RMSE, MAE, MAPE: 12, 0.00151, 0.00151, 0.03779, 0.02508, 5.24%
Time spent: 12.99s
- Epoch 020, ExpID 63214
Train - Loss (one batch): 0.00111
Val - Loss, MSE, RMSE, MAE, MAPE: 0.00277, 0.00277, 0.05209, 0.04123, 8.82%
Test - Best epoch, Loss, MSE, RMSE, MAE, MAPE: 12, 0.00151, 0.00151, 0.03779, 0.02508, 5.24%
Time spent: 12.99s
- Epoch 021, ExpID 63214
Train - Loss (one batch): 0.00175
Val - Loss, MSE, RMSE, MAE, MAPE: 0.00168, 0.00168, 0.04012, 0.02736, 5.50%
Test - Best epoch, Loss, MSE, RMSE, MAE, MAPE: 12, 0.00151, 0.00151, 0.03779, 0.02508, 5.24%
Time spent: 13.00s
- Epoch 022, ExpID 63214
Train - Loss (one batch): 0.00157
Val - Loss, MSE, RMSE, MAE, MAPE: 0.00165, 0.00165, 0.03975, 0.02685, 5.70%
Test - Best epoch, Loss, MSE, RMSE, MAE, MAPE: 12, 0.00151, 0.00151, 0.03779, 0.02508, 5.24%
Time spent: 12.99s
/home/ouass/Test/MSP-IMTS/tPatchGNN/run_models.py
2025-11-22 20:41:51
run_models.py --dataset activity --state def --history 3000 --batch_size 32 --lr 1e-3 --nhead 1 --patience 10 --tf_layer 1 --nlayer 1 --te_dim 10 --node_dim 10 --hid_dim 34 --outlayer Linear --seed 5 --gpu 0 --multi_scales 200,1000 --multi_strides 100,500 --fusion concat
Namespace(multi_scales='200,1000', multi_strides='100,500', fusion='concat', state='def', n=100000000, hop=1, nhead=1, tf_layer=1, nlayer=1, epoch=1000, patience=10, history=3000, patch_size=24, stride=24, logmode='a', lr=0.001, w_decay=0.0, batch_size=32, save='experiments/', load=None, seed=5, dataset='activity', quantization=0.0, model='tPatchGNN', outlayer='Linear', hid_dim=34, te_dim=10, node_dim=10, gpu='0', npatch=125, device=device(type='cuda'), PID=1908158, pred_window=1000, ndim=12)
- Epoch 000, ExpID 53395
Train - Loss (one batch): 0.00490
Val - Loss, MSE, RMSE, MAE, MAPE: 0.00707, 0.00707, 0.08214, 0.06215, 12.96%
Test - Best epoch, Loss, MSE, RMSE, MAE, MAPE: 0, 0.00640, 0.00640, 0.07806, 0.05951, 12.34%
Time spent: 15.33s
- Epoch 001, ExpID 53395
Train - Loss (one batch): 0.00401
Val - Loss, MSE, RMSE, MAE, MAPE: 0.00424, 0.00424, 0.06361, 0.04737, 10.10%
Test - Best epoch, Loss, MSE, RMSE, MAE, MAPE: 1, 0.00388, 0.00388, 0.06050, 0.04566, 9.70%
Time spent: 14.63s
- Epoch 002, ExpID 53395
Train - Loss (one batch): 0.00174
Val - Loss, MSE, RMSE, MAE, MAPE: 0.00207, 0.00207, 0.04475, 0.03224, 7.02%
Test - Best epoch, Loss, MSE, RMSE, MAE, MAPE: 2, 0.00204, 0.00204, 0.04431, 0.03221, 6.99%
Time spent: 14.62s
- Epoch 003, ExpID 53395
Train - Loss (one batch): 0.00140
Val - Loss, MSE, RMSE, MAE, MAPE: 0.00179, 0.00179, 0.04152, 0.02917, 6.19%
Test - Best epoch, Loss, MSE, RMSE, MAE, MAPE: 3, 0.00174, 0.00174, 0.04098, 0.02900, 6.12%
Time spent: 14.64s
- Epoch 004, ExpID 53395
Train - Loss (one batch): 0.00179
Val - Loss, MSE, RMSE, MAE, MAPE: 0.00170, 0.00170, 0.04030, 0.02727, 5.85%
Test - Best epoch, Loss, MSE, RMSE, MAE, MAPE: 4, 0.00165, 0.00165, 0.03959, 0.02692, 5.75%
Time spent: 14.62s
- Epoch 005, ExpID 53395
Train - Loss (one batch): 0.00192
Val - Loss, MSE, RMSE, MAE, MAPE: 0.00174, 0.00174, 0.04092, 0.02826, 5.72%
Test - Best epoch, Loss, MSE, RMSE, MAE, MAPE: 4, 0.00165, 0.00165, 0.03959, 0.02692, 5.75%
Time spent: 12.96s
- Epoch 006, ExpID 53395
Train - Loss (one batch): 0.00161
Val - Loss, MSE, RMSE, MAE, MAPE: 0.00170, 0.00170, 0.04036, 0.02755, 5.91%
Test - Best epoch, Loss, MSE, RMSE, MAE, MAPE: 4, 0.00165, 0.00165, 0.03959, 0.02692, 5.75%
Time spent: 12.95s
- Epoch 007, ExpID 53395
Train - Loss (one batch): 0.00139
Val - Loss, MSE, RMSE, MAE, MAPE: 0.00167, 0.00167, 0.04004, 0.02717, 5.56%
Test - Best epoch, Loss, MSE, RMSE, MAE, MAPE: 7, 0.00163, 0.00163, 0.03955, 0.02703, 5.51%
Time spent: 14.63s
- Epoch 008, ExpID 53395
Train - Loss (one batch): 0.00126
Val - Loss, MSE, RMSE, MAE, MAPE: 0.00176, 0.00176, 0.04109, 0.02836, 5.83%
Test - Best epoch, Loss, MSE, RMSE, MAE, MAPE: 7, 0.00163, 0.00163, 0.03955, 0.02703, 5.51%
Time spent: 12.99s
- Epoch 009, ExpID 53395
Train - Loss (one batch): 0.00113
Val - Loss, MSE, RMSE, MAE, MAPE: 0.00166, 0.00166, 0.03990, 0.02702, 5.52%
Test - Best epoch, Loss, MSE, RMSE, MAE, MAPE: 9, 0.00161, 0.00161, 0.03932, 0.02682, 5.46%
Time spent: 14.70s
- Epoch 010, ExpID 53395
Train - Loss (one batch): 0.00102
Val - Loss, MSE, RMSE, MAE, MAPE: 0.00162, 0.00162, 0.03927, 0.02587, 5.48%
Test - Best epoch, Loss, MSE, RMSE, MAE, MAPE: 10, 0.00155, 0.00155, 0.03836, 0.02552, 5.38%
Time spent: 14.64s
- Epoch 011, ExpID 53395
Train - Loss (one batch): 0.00097
Val - Loss, MSE, RMSE, MAE, MAPE: 0.00202, 0.00202, 0.04416, 0.03257, 7.16%
Test - Best epoch, Loss, MSE, RMSE, MAE, MAPE: 10, 0.00155, 0.00155, 0.03836, 0.02552, 5.38%
Time spent: 12.98s
- Epoch 012, ExpID 53395
Train - Loss (one batch): 0.00141
Val - Loss, MSE, RMSE, MAE, MAPE: 0.00168, 0.00168, 0.04023, 0.02747, 5.57%
Test - Best epoch, Loss, MSE, RMSE, MAE, MAPE: 10, 0.00155, 0.00155, 0.03836, 0.02552, 5.38%
Time spent: 12.97s
- Epoch 013, ExpID 53395
Train - Loss (one batch): 0.00076
Val - Loss, MSE, RMSE, MAE, MAPE: 0.00173, 0.00173, 0.04065, 0.02783, 5.98%
Test - Best epoch, Loss, MSE, RMSE, MAE, MAPE: 10, 0.00155, 0.00155, 0.03836, 0.02552, 5.38%
Time spent: 12.97s
- Epoch 014, ExpID 53395
Train - Loss (one batch): 0.00216
Val - Loss, MSE, RMSE, MAE, MAPE: 0.00159, 0.00159, 0.03887, 0.02526, 5.28%
Test - Best epoch, Loss, MSE, RMSE, MAE, MAPE: 14, 0.00152, 0.00152, 0.03796, 0.02493, 5.20%
Time spent: 14.64s
- Epoch 015, ExpID 53395
Train - Loss (one batch): 0.00185
Val - Loss, MSE, RMSE, MAE, MAPE: 0.00168, 0.00168, 0.04013, 0.02722, 5.50%
Test - Best epoch, Loss, MSE, RMSE, MAE, MAPE: 14, 0.00152, 0.00152, 0.03796, 0.02493, 5.20%
Time spent: 12.97s
- Epoch 016, ExpID 53395
Train - Loss (one batch): 0.00158
Val - Loss, MSE, RMSE, MAE, MAPE: 0.00171, 0.00171, 0.04049, 0.02748, 5.58%
Test - Best epoch, Loss, MSE, RMSE, MAE, MAPE: 14, 0.00152, 0.00152, 0.03796, 0.02493, 5.20%
Time spent: 12.98s
- Epoch 017, ExpID 53395
Train - Loss (one batch): 0.00132
Val - Loss, MSE, RMSE, MAE, MAPE: 0.00164, 0.00164, 0.03960, 0.02656, 5.70%
Test - Best epoch, Loss, MSE, RMSE, MAE, MAPE: 14, 0.00152, 0.00152, 0.03796, 0.02493, 5.20%
Time spent: 12.99s
- Epoch 018, ExpID 53395
Train - Loss (one batch): 0.00201
Val - Loss, MSE, RMSE, MAE, MAPE: 0.00161, 0.00161, 0.03918, 0.02605, 5.52%
Test - Best epoch, Loss, MSE, RMSE, MAE, MAPE: 14, 0.00152, 0.00152, 0.03796, 0.02493, 5.20%
Time spent: 12.99s
- Epoch 019, ExpID 53395
Train - Loss (one batch): 0.00202
Val - Loss, MSE, RMSE, MAE, MAPE: 0.00162, 0.00162, 0.03937, 0.02613, 5.36%
Test - Best epoch, Loss, MSE, RMSE, MAE, MAPE: 14, 0.00152, 0.00152, 0.03796, 0.02493, 5.20%
Time spent: 12.97s
- Epoch 020, ExpID 53395
Train - Loss (one batch): 0.00215
Val - Loss, MSE, RMSE, MAE, MAPE: 0.00167, 0.00167, 0.03999, 0.02697, 5.77%
Test - Best epoch, Loss, MSE, RMSE, MAE, MAPE: 14, 0.00152, 0.00152, 0.03796, 0.02493, 5.20%
Time spent: 12.96s
- Epoch 021, ExpID 53395
Train - Loss (one batch): 0.00187
Val - Loss, MSE, RMSE, MAE, MAPE: 0.00190, 0.00190, 0.04283, 0.03052, 6.18%
Test - Best epoch, Loss, MSE, RMSE, MAE, MAPE: 14, 0.00152, 0.00152, 0.03796, 0.02493, 5.20%
Time spent: 12.97s
- Epoch 022, ExpID 53395
Train - Loss (one batch): 0.00129
Val - Loss, MSE, RMSE, MAE, MAPE: 0.00168, 0.00168, 0.04013, 0.02741, 5.92%
Test - Best epoch, Loss, MSE, RMSE, MAE, MAPE: 14, 0.00152, 0.00152, 0.03796, 0.02493, 5.20%
Time spent: 12.98s
- Epoch 023, ExpID 53395
Train - Loss (one batch): 0.00135
Val - Loss, MSE, RMSE, MAE, MAPE: 0.00175, 0.00175, 0.04097, 0.02862, 6.24%
Test - Best epoch, Loss, MSE, RMSE, MAE, MAPE: 14, 0.00152, 0.00152, 0.03796, 0.02493, 5.20%
Time spent: 12.97s
- Epoch 024, ExpID 53395
Train - Loss (one batch): 0.00077
Val - Loss, MSE, RMSE, MAE, MAPE: 0.00165, 0.00165, 0.03967, 0.02625, 5.43%
Test - Best epoch, Loss, MSE, RMSE, MAE, MAPE: 14, 0.00152, 0.00152, 0.03796, 0.02493, 5.20%
Time spent: 12.98s
