/home/ouass/Test/MSP-IMTS/tPatchGNN/run_models.py
2025-11-22 18:39:48
run_models.py --dataset activity --state def --history 4000 --batch_size 32 --lr 1e-3 --w_decay 1e-4 --nhead 1 --patience 20 --tf_layer 1 --nlayer 1 --te_dim 10 --node_dim 10 --hid_dim 34 --outlayer Linear --seed 1 --gpu 0 --multi_scales 200,600,1200 --multi_strides 100,300,600 --fusion concat
Namespace(multi_scales='200,600,1200', multi_strides='100,300,600', fusion='concat', state='def', n=100000000, hop=1, nhead=1, tf_layer=1, nlayer=1, epoch=1000, patience=20, history=4000, patch_size=24, stride=24, logmode='a', lr=0.001, w_decay=0.0001, batch_size=32, save='experiments/', load=None, seed=1, dataset='activity', quantization=0.0, model='tPatchGNN', outlayer='Linear', hid_dim=34, te_dim=10, node_dim=10, gpu='0', npatch=167, device=device(type='cuda'), PID=1906103, pred_window=1000, ndim=12)
- Epoch 000, ExpID 42051
Train - Loss (one batch): 0.01566
Val - Loss, MSE, RMSE, MAE, MAPE: 0.01481, 0.01481, 0.11917, 0.09231, 276438.21%
Test - Best epoch, Loss, MSE, RMSE, MAE, MAPE: 0, 0.01393, 0.01393, 0.11545, 0.09024, 22.42%
Time spent: 25.18s
- Epoch 001, ExpID 42051
Train - Loss (one batch): 0.00468
Val - Loss, MSE, RMSE, MAE, MAPE: 0.00612, 0.00612, 0.07692, 0.05560, 237972.66%
Test - Best epoch, Loss, MSE, RMSE, MAE, MAPE: 1, 0.00585, 0.00585, 0.07503, 0.05427, 13.39%
Time spent: 24.76s
- Epoch 002, ExpID 42051
Train - Loss (one batch): 0.00283
Val - Loss, MSE, RMSE, MAE, MAPE: 0.00531, 0.00531, 0.07131, 0.04813, 218402.31%
Test - Best epoch, Loss, MSE, RMSE, MAE, MAPE: 2, 0.00509, 0.00509, 0.06964, 0.04721, 11.11%
Time spent: 23.51s
- Epoch 003, ExpID 42051
Train - Loss (one batch): 0.00493
Val - Loss, MSE, RMSE, MAE, MAPE: 0.00514, 0.00514, 0.07012, 0.04769, 226245.41%
Test - Best epoch, Loss, MSE, RMSE, MAE, MAPE: 3, 0.00491, 0.00491, 0.06840, 0.04683, 11.38%
Time spent: 24.05s
- Epoch 004, ExpID 42051
Train - Loss (one batch): 0.00420
Val - Loss, MSE, RMSE, MAE, MAPE: 0.00530, 0.00530, 0.07127, 0.04977, 231776.62%
Test - Best epoch, Loss, MSE, RMSE, MAE, MAPE: 3, 0.00491, 0.00491, 0.06840, 0.04683, 11.38%
Time spent: 21.83s
- Epoch 005, ExpID 42051
Train - Loss (one batch): 0.00354
Val - Loss, MSE, RMSE, MAE, MAPE: 0.00517, 0.00517, 0.07029, 0.04838, 232147.59%
Test - Best epoch, Loss, MSE, RMSE, MAE, MAPE: 3, 0.00491, 0.00491, 0.06840, 0.04683, 11.38%
Time spent: 21.65s
- Epoch 006, ExpID 42051
Train - Loss (one batch): 0.00728
Val - Loss, MSE, RMSE, MAE, MAPE: 0.00756, 0.00756, 0.08581, 0.06761, 253657.95%
Test - Best epoch, Loss, MSE, RMSE, MAE, MAPE: 3, 0.00491, 0.00491, 0.06840, 0.04683, 11.38%
Time spent: 21.52s
- Epoch 007, ExpID 42051
Train - Loss (one batch): 0.00360
Val - Loss, MSE, RMSE, MAE, MAPE: 0.00518, 0.00518, 0.07054, 0.04821, 222843.02%
Test - Best epoch, Loss, MSE, RMSE, MAE, MAPE: 3, 0.00491, 0.00491, 0.06840, 0.04683, 11.38%
Time spent: 21.58s
- Epoch 008, ExpID 42051
Train - Loss (one batch): 0.00508
Val - Loss, MSE, RMSE, MAE, MAPE: 0.00559, 0.00559, 0.07330, 0.05277, 237104.78%
Test - Best epoch, Loss, MSE, RMSE, MAE, MAPE: 3, 0.00491, 0.00491, 0.06840, 0.04683, 11.38%
Time spent: 21.61s
- Epoch 009, ExpID 42051
Train - Loss (one batch): 0.00486
Val - Loss, MSE, RMSE, MAE, MAPE: 0.00515, 0.00515, 0.07021, 0.04854, 229193.17%
Test - Best epoch, Loss, MSE, RMSE, MAE, MAPE: 3, 0.00491, 0.00491, 0.06840, 0.04683, 11.38%
Time spent: 21.30s
- Epoch 010, ExpID 42051
Train - Loss (one batch): 0.00485
Val - Loss, MSE, RMSE, MAE, MAPE: 0.00652, 0.00652, 0.07982, 0.05904, 230878.01%
Test - Best epoch, Loss, MSE, RMSE, MAE, MAPE: 3, 0.00491, 0.00491, 0.06840, 0.04683, 11.38%
Time spent: 21.35s
- Epoch 011, ExpID 42051
Train - Loss (one batch): 0.00357
Val - Loss, MSE, RMSE, MAE, MAPE: 0.00525, 0.00525, 0.07098, 0.04968, 230221.62%
Test - Best epoch, Loss, MSE, RMSE, MAE, MAPE: 3, 0.00491, 0.00491, 0.06840, 0.04683, 11.38%
Time spent: 21.58s
- Epoch 012, ExpID 42051
Train - Loss (one batch): 0.00502
Val - Loss, MSE, RMSE, MAE, MAPE: 0.00529, 0.00529, 0.07127, 0.05010, 230885.82%
Test - Best epoch, Loss, MSE, RMSE, MAE, MAPE: 3, 0.00491, 0.00491, 0.06840, 0.04683, 11.38%
Time spent: 21.89s
- Epoch 013, ExpID 42051
Train - Loss (one batch): 0.00424
Val - Loss, MSE, RMSE, MAE, MAPE: 0.00573, 0.00573, 0.07452, 0.05372, 230773.89%
Test - Best epoch, Loss, MSE, RMSE, MAE, MAPE: 3, 0.00491, 0.00491, 0.06840, 0.04683, 11.38%
Time spent: 21.65s
- Epoch 014, ExpID 42051
Train - Loss (one batch): 0.00387
Val - Loss, MSE, RMSE, MAE, MAPE: 0.00511, 0.00511, 0.07005, 0.04809, 221897.50%
Test - Best epoch, Loss, MSE, RMSE, MAE, MAPE: 14, 0.00493, 0.00493, 0.06877, 0.04746, 11.19%
Time spent: 24.25s
- Epoch 015, ExpID 42051
Train - Loss (one batch): 0.00514
Val - Loss, MSE, RMSE, MAE, MAPE: 0.00505, 0.00505, 0.06950, 0.04720, 212994.37%
Test - Best epoch, Loss, MSE, RMSE, MAE, MAPE: 15, 0.00484, 0.00484, 0.06807, 0.04643, 10.68%
Time spent: 24.47s
- Epoch 016, ExpID 42051
Train - Loss (one batch): 0.00384
Val - Loss, MSE, RMSE, MAE, MAPE: 0.00511, 0.00511, 0.07004, 0.04796, 226055.57%
Test - Best epoch, Loss, MSE, RMSE, MAE, MAPE: 15, 0.00484, 0.00484, 0.06807, 0.04643, 10.68%
Time spent: 21.79s
- Epoch 017, ExpID 42051
Train - Loss (one batch): 0.00489
Val - Loss, MSE, RMSE, MAE, MAPE: 0.00498, 0.00498, 0.06902, 0.04691, 220898.39%
Test - Best epoch, Loss, MSE, RMSE, MAE, MAPE: 17, 0.00482, 0.00482, 0.06792, 0.04656, 11.00%
Time spent: 24.38s
- Epoch 018, ExpID 42051
Train - Loss (one batch): 0.00315
Val - Loss, MSE, RMSE, MAE, MAPE: 0.00500, 0.00500, 0.06920, 0.04659, 218488.42%
Test - Best epoch, Loss, MSE, RMSE, MAE, MAPE: 17, 0.00482, 0.00482, 0.06792, 0.04656, 11.00%
Time spent: 20.98s
- Epoch 019, ExpID 42051
Train - Loss (one batch): 0.00448
Val - Loss, MSE, RMSE, MAE, MAPE: 0.00486, 0.00486, 0.06811, 0.04606, 222378.59%
Test - Best epoch, Loss, MSE, RMSE, MAE, MAPE: 19, 0.00463, 0.00463, 0.06649, 0.04540, 10.88%
Time spent: 24.49s
- Epoch 020, ExpID 42051
Train - Loss (one batch): 0.00302
Val - Loss, MSE, RMSE, MAE, MAPE: 0.00494, 0.00494, 0.06869, 0.04686, 225830.88%
Test - Best epoch, Loss, MSE, RMSE, MAE, MAPE: 19, 0.00463, 0.00463, 0.06649, 0.04540, 10.88%
Time spent: 21.76s
- Epoch 021, ExpID 42051
Train - Loss (one batch): 0.00511
Val - Loss, MSE, RMSE, MAE, MAPE: 0.00559, 0.00559, 0.07367, 0.05236, 228043.67%
Test - Best epoch, Loss, MSE, RMSE, MAE, MAPE: 19, 0.00463, 0.00463, 0.06649, 0.04540, 10.88%
Time spent: 21.77s
- Epoch 022, ExpID 42051
Train - Loss (one batch): 0.00386
Val - Loss, MSE, RMSE, MAE, MAPE: 0.00674, 0.00674, 0.08075, 0.06176, 240520.06%
Test - Best epoch, Loss, MSE, RMSE, MAE, MAPE: 19, 0.00463, 0.00463, 0.06649, 0.04540, 10.88%
Time spent: 20.99s
- Epoch 023, ExpID 42051
Train - Loss (one batch): 0.00468
Val - Loss, MSE, RMSE, MAE, MAPE: 0.00502, 0.00502, 0.06934, 0.04737, 213886.00%
Test - Best epoch, Loss, MSE, RMSE, MAE, MAPE: 19, 0.00463, 0.00463, 0.06649, 0.04540, 10.88%
Time spent: 21.52s
- Epoch 024, ExpID 42051
Train - Loss (one batch): 0.00430
Val - Loss, MSE, RMSE, MAE, MAPE: 0.00526, 0.00526, 0.07120, 0.04989, 225329.80%
Test - Best epoch, Loss, MSE, RMSE, MAE, MAPE: 19, 0.00463, 0.00463, 0.06649, 0.04540, 10.88%
Time spent: 21.85s
- Epoch 025, ExpID 42051
Train - Loss (one batch): 0.00412
Val - Loss, MSE, RMSE, MAE, MAPE: 0.00517, 0.00517, 0.07053, 0.04902, 219837.87%
Test - Best epoch, Loss, MSE, RMSE, MAE, MAPE: 19, 0.00463, 0.00463, 0.06649, 0.04540, 10.88%
Time spent: 21.41s
- Epoch 026, ExpID 42051
Train - Loss (one batch): 0.00432
Val - Loss, MSE, RMSE, MAE, MAPE: 0.00502, 0.00502, 0.06940, 0.04749, 220143.87%
Test - Best epoch, Loss, MSE, RMSE, MAE, MAPE: 19, 0.00463, 0.00463, 0.06649, 0.04540, 10.88%
Time spent: 21.68s
- Epoch 027, ExpID 42051
Train - Loss (one batch): 0.00361
Val - Loss, MSE, RMSE, MAE, MAPE: 0.00488, 0.00488, 0.06827, 0.04652, 217194.92%
Test - Best epoch, Loss, MSE, RMSE, MAE, MAPE: 19, 0.00463, 0.00463, 0.06649, 0.04540, 10.88%
Time spent: 21.49s
- Epoch 028, ExpID 42051
Train - Loss (one batch): 0.00447
Val - Loss, MSE, RMSE, MAE, MAPE: 0.00486, 0.00486, 0.06812, 0.04652, 218043.50%
Test - Best epoch, Loss, MSE, RMSE, MAE, MAPE: 19, 0.00463, 0.00463, 0.06649, 0.04540, 10.88%
Time spent: 21.44s
- Epoch 029, ExpID 42051
Train - Loss (one batch): 0.00416
Val - Loss, MSE, RMSE, MAE, MAPE: 0.00487, 0.00487, 0.06826, 0.04665, 215978.63%
Test - Best epoch, Loss, MSE, RMSE, MAE, MAPE: 19, 0.00463, 0.00463, 0.06649, 0.04540, 10.88%
Time spent: 21.62s
- Epoch 030, ExpID 42051
Train - Loss (one batch): 0.00548
Val - Loss, MSE, RMSE, MAE, MAPE: 0.00597, 0.00597, 0.07613, 0.05648, 230959.12%
Test - Best epoch, Loss, MSE, RMSE, MAE, MAPE: 19, 0.00463, 0.00463, 0.06649, 0.04540, 10.88%
Time spent: 21.67s
- Epoch 031, ExpID 42051
Train - Loss (one batch): 0.00337
Val - Loss, MSE, RMSE, MAE, MAPE: 0.00542, 0.00542, 0.07230, 0.05209, 225615.74%
Test - Best epoch, Loss, MSE, RMSE, MAE, MAPE: 19, 0.00463, 0.00463, 0.06649, 0.04540, 10.88%
Time spent: 21.62s
- Epoch 032, ExpID 42051
Train - Loss (one batch): 0.00361
Val - Loss, MSE, RMSE, MAE, MAPE: 0.00555, 0.00555, 0.07330, 0.05292, 229431.72%
Test - Best epoch, Loss, MSE, RMSE, MAE, MAPE: 19, 0.00463, 0.00463, 0.06649, 0.04540, 10.88%
Time spent: 20.66s
- Epoch 033, ExpID 42051
Train - Loss (one batch): 0.00538
Val - Loss, MSE, RMSE, MAE, MAPE: 0.00561, 0.00561, 0.07376, 0.05331, 229126.22%
Test - Best epoch, Loss, MSE, RMSE, MAE, MAPE: 19, 0.00463, 0.00463, 0.06649, 0.04540, 10.88%
Time spent: 20.76s
- Epoch 034, ExpID 42051
Train - Loss (one batch): 0.00367
Val - Loss, MSE, RMSE, MAE, MAPE: 0.00504, 0.00504, 0.06949, 0.04832, 224607.32%
Test - Best epoch, Loss, MSE, RMSE, MAE, MAPE: 19, 0.00463, 0.00463, 0.06649, 0.04540, 10.88%
Time spent: 22.34s
- Epoch 035, ExpID 42051
Train - Loss (one batch): 0.00525
Val - Loss, MSE, RMSE, MAE, MAPE: 0.00630, 0.00630, 0.07817, 0.05912, 236122.21%
Test - Best epoch, Loss, MSE, RMSE, MAE, MAPE: 19, 0.00463, 0.00463, 0.06649, 0.04540, 10.88%
Time spent: 21.46s
- Epoch 036, ExpID 42051
Train - Loss (one batch): 0.00358
Val - Loss, MSE, RMSE, MAE, MAPE: 0.00598, 0.00598, 0.07613, 0.05627, 230370.29%
Test - Best epoch, Loss, MSE, RMSE, MAE, MAPE: 19, 0.00463, 0.00463, 0.06649, 0.04540, 10.88%
Time spent: 21.52s
- Epoch 037, ExpID 42051
Train - Loss (one batch): 0.00466
Val - Loss, MSE, RMSE, MAE, MAPE: 0.00509, 0.00509, 0.06984, 0.04822, 224302.89%
Test - Best epoch, Loss, MSE, RMSE, MAE, MAPE: 19, 0.00463, 0.00463, 0.06649, 0.04540, 10.88%
Time spent: 21.57s
- Epoch 038, ExpID 42051
Train - Loss (one batch): 0.00593
Val - Loss, MSE, RMSE, MAE, MAPE: 0.00508, 0.00508, 0.06973, 0.04917, 226528.21%
Test - Best epoch, Loss, MSE, RMSE, MAE, MAPE: 19, 0.00463, 0.00463, 0.06649, 0.04540, 10.88%
Time spent: 21.30s
- Epoch 039, ExpID 42051
Train - Loss (one batch): 0.00415
Val - Loss, MSE, RMSE, MAE, MAPE: 0.00560, 0.00560, 0.07370, 0.05401, 230108.72%
Test - Best epoch, Loss, MSE, RMSE, MAE, MAPE: 19, 0.00463, 0.00463, 0.06649, 0.04540, 10.88%
Time spent: 21.98s
/home/ouass/Test/MSP-IMTS/tPatchGNN/run_models.py
2025-11-22 18:54:38
run_models.py --dataset activity --state def --history 4000 --batch_size 32 --lr 1e-3 --w_decay 1e-4 --nhead 1 --patience 20 --tf_layer 1 --nlayer 1 --te_dim 10 --node_dim 10 --hid_dim 34 --outlayer Linear --seed 2 --gpu 0 --multi_scales 200,600,1200 --multi_strides 100,300,600 --fusion concat
Namespace(multi_scales='200,600,1200', multi_strides='100,300,600', fusion='concat', state='def', n=100000000, hop=1, nhead=1, tf_layer=1, nlayer=1, epoch=1000, patience=20, history=4000, patch_size=24, stride=24, logmode='a', lr=0.001, w_decay=0.0001, batch_size=32, save='experiments/', load=None, seed=2, dataset='activity', quantization=0.0, model='tPatchGNN', outlayer='Linear', hid_dim=34, te_dim=10, node_dim=10, gpu='0', npatch=167, device=device(type='cuda'), PID=1906218, pred_window=1000, ndim=12)
- Epoch 000, ExpID 190
Train - Loss (one batch): 0.01680
Val - Loss, MSE, RMSE, MAE, MAPE: 0.01531, 0.01531, 0.12127, 0.09377, 275936.04%
Test - Best epoch, Loss, MSE, RMSE, MAE, MAPE: 0, 0.01449, 0.01449, 0.11790, 0.09205, 22.56%
Time spent: 24.81s
- Epoch 001, ExpID 190
Train - Loss (one batch): 0.00512
Val - Loss, MSE, RMSE, MAE, MAPE: 0.00783, 0.00783, 0.08727, 0.06736, 250679.55%
Test - Best epoch, Loss, MSE, RMSE, MAE, MAPE: 1, 0.00727, 0.00727, 0.08388, 0.06431, 16.22%
Time spent: 23.38s
- Epoch 002, ExpID 190
Train - Loss (one batch): 0.00355
Val - Loss, MSE, RMSE, MAE, MAPE: 0.00542, 0.00542, 0.07211, 0.04971, 237002.85%
Test - Best epoch, Loss, MSE, RMSE, MAE, MAPE: 2, 0.00519, 0.00519, 0.07040, 0.04860, 12.13%
Time spent: 23.29s
- Epoch 003, ExpID 190
Train - Loss (one batch): 0.00610
Val - Loss, MSE, RMSE, MAE, MAPE: 0.00513, 0.00513, 0.07003, 0.04680, 224248.25%
Test - Best epoch, Loss, MSE, RMSE, MAE, MAPE: 3, 0.00491, 0.00491, 0.06836, 0.04585, 11.08%
Time spent: 23.01s
- Epoch 004, ExpID 190
Train - Loss (one batch): 0.00512
Val - Loss, MSE, RMSE, MAE, MAPE: 0.00509, 0.00509, 0.06975, 0.04632, 223243.23%
Test - Best epoch, Loss, MSE, RMSE, MAE, MAPE: 4, 0.00491, 0.00491, 0.06842, 0.04569, 10.83%
Time spent: 22.93s
- Epoch 005, ExpID 190
Train - Loss (one batch): 0.00569
Val - Loss, MSE, RMSE, MAE, MAPE: 0.00525, 0.00525, 0.07097, 0.04881, 218484.08%
Test - Best epoch, Loss, MSE, RMSE, MAE, MAPE: 4, 0.00491, 0.00491, 0.06842, 0.04569, 10.83%
Time spent: 20.35s
- Epoch 006, ExpID 190
Train - Loss (one batch): 0.00369
Val - Loss, MSE, RMSE, MAE, MAPE: 0.00568, 0.00568, 0.07396, 0.05298, 240600.32%
Test - Best epoch, Loss, MSE, RMSE, MAE, MAPE: 4, 0.00491, 0.00491, 0.06842, 0.04569, 10.83%
Time spent: 20.30s
- Epoch 007, ExpID 190
Train - Loss (one batch): 0.00548
Val - Loss, MSE, RMSE, MAE, MAPE: 0.00522, 0.00522, 0.07072, 0.04837, 231093.49%
Test - Best epoch, Loss, MSE, RMSE, MAE, MAPE: 4, 0.00491, 0.00491, 0.06842, 0.04569, 10.83%
Time spent: 20.30s
- Epoch 008, ExpID 190
Train - Loss (one batch): 0.00479
Val - Loss, MSE, RMSE, MAE, MAPE: 0.00497, 0.00497, 0.06887, 0.04575, 221551.32%
Test - Best epoch, Loss, MSE, RMSE, MAE, MAPE: 8, 0.00479, 0.00479, 0.06753, 0.04519, 10.73%
Time spent: 22.91s
- Epoch 009, ExpID 190
Train - Loss (one batch): 0.00562
Val - Loss, MSE, RMSE, MAE, MAPE: 0.00500, 0.00500, 0.06911, 0.04638, 225772.96%
Test - Best epoch, Loss, MSE, RMSE, MAE, MAPE: 8, 0.00479, 0.00479, 0.06753, 0.04519, 10.73%
Time spent: 20.35s
- Epoch 010, ExpID 190
Train - Loss (one batch): 0.00457
Val - Loss, MSE, RMSE, MAE, MAPE: 0.00525, 0.00525, 0.07085, 0.04894, 232912.67%
Test - Best epoch, Loss, MSE, RMSE, MAE, MAPE: 8, 0.00479, 0.00479, 0.06753, 0.04519, 10.73%
Time spent: 20.29s
- Epoch 011, ExpID 190
Train - Loss (one batch): 0.00656
Val - Loss, MSE, RMSE, MAE, MAPE: 0.00502, 0.00502, 0.06929, 0.04655, 222405.40%
Test - Best epoch, Loss, MSE, RMSE, MAE, MAPE: 8, 0.00479, 0.00479, 0.06753, 0.04519, 10.73%
Time spent: 20.33s
- Epoch 012, ExpID 190
Train - Loss (one batch): 0.00393
Val - Loss, MSE, RMSE, MAE, MAPE: 0.00504, 0.00504, 0.06936, 0.04700, 221568.69%
Test - Best epoch, Loss, MSE, RMSE, MAE, MAPE: 8, 0.00479, 0.00479, 0.06753, 0.04519, 10.73%
Time spent: 20.42s
- Epoch 013, ExpID 190
Train - Loss (one batch): 0.00480
Val - Loss, MSE, RMSE, MAE, MAPE: 0.00500, 0.00500, 0.06915, 0.04648, 221198.59%
Test - Best epoch, Loss, MSE, RMSE, MAE, MAPE: 8, 0.00479, 0.00479, 0.06753, 0.04519, 10.73%
Time spent: 20.38s
- Epoch 014, ExpID 190
Train - Loss (one batch): 0.00305
Val - Loss, MSE, RMSE, MAE, MAPE: 0.00497, 0.00497, 0.06884, 0.04630, 211971.12%
Test - Best epoch, Loss, MSE, RMSE, MAE, MAPE: 14, 0.00473, 0.00473, 0.06712, 0.04551, 10.75%
Time spent: 22.97s
- Epoch 015, ExpID 190
Train - Loss (one batch): 0.00376
Val - Loss, MSE, RMSE, MAE, MAPE: 0.00563, 0.00563, 0.07364, 0.05255, 233832.94%
Test - Best epoch, Loss, MSE, RMSE, MAE, MAPE: 14, 0.00473, 0.00473, 0.06712, 0.04551, 10.75%
Time spent: 20.35s
- Epoch 016, ExpID 190
Train - Loss (one batch): 0.00458
Val - Loss, MSE, RMSE, MAE, MAPE: 0.00614, 0.00614, 0.07719, 0.05721, 230894.24%
Test - Best epoch, Loss, MSE, RMSE, MAE, MAPE: 14, 0.00473, 0.00473, 0.06712, 0.04551, 10.75%
Time spent: 20.31s
- Epoch 017, ExpID 190
Train - Loss (one batch): 0.00432
Val - Loss, MSE, RMSE, MAE, MAPE: 0.00546, 0.00546, 0.07249, 0.05187, 231568.22%
Test - Best epoch, Loss, MSE, RMSE, MAE, MAPE: 14, 0.00473, 0.00473, 0.06712, 0.04551, 10.75%
Time spent: 20.33s
- Epoch 018, ExpID 190
Train - Loss (one batch): 0.00465
Val - Loss, MSE, RMSE, MAE, MAPE: 0.00655, 0.00655, 0.07949, 0.06026, 243349.04%
Test - Best epoch, Loss, MSE, RMSE, MAE, MAPE: 14, 0.00473, 0.00473, 0.06712, 0.04551, 10.75%
Time spent: 20.34s
- Epoch 019, ExpID 190
Train - Loss (one batch): 0.00301
Val - Loss, MSE, RMSE, MAE, MAPE: 0.00495, 0.00495, 0.06874, 0.04720, 221054.31%
Test - Best epoch, Loss, MSE, RMSE, MAE, MAPE: 19, 0.00476, 0.00476, 0.06735, 0.04679, 11.39%
Time spent: 22.99s
- Epoch 020, ExpID 190
Train - Loss (one batch): 0.00429
Val - Loss, MSE, RMSE, MAE, MAPE: 0.00489, 0.00489, 0.06827, 0.04603, 216351.67%
Test - Best epoch, Loss, MSE, RMSE, MAE, MAPE: 20, 0.00473, 0.00473, 0.06724, 0.04590, 10.86%
Time spent: 22.94s
- Epoch 021, ExpID 190
Train - Loss (one batch): 0.00520
Val - Loss, MSE, RMSE, MAE, MAPE: 0.00536, 0.00536, 0.07154, 0.05051, 237555.38%
Test - Best epoch, Loss, MSE, RMSE, MAE, MAPE: 20, 0.00473, 0.00473, 0.06724, 0.04590, 10.86%
Time spent: 20.41s
slurmstepd: error: *** JOB 284554 ON stud-000 CANCELLED AT 2025-11-22T19:02:32 ***
