/home/ouass/Test/MSP-IMTS/tPatchGNN/run_models.py
2025-11-22 17:25:48
run_models.py --dataset activity --state def --history 4000 --batch_size 16 --lr 1e-3 --w_decay 1e-4 --nhead 1 --patience 20 --tf_layer 1 --nlayer 1 --te_dim 10 --node_dim 10 --hid_dim 64 --outlayer Linear --seed 1 --gpu 0 --multi_scales 200,600,1200 --multi_strides 100,300,600 --fusion concat
Namespace(multi_scales='200,600,1200', multi_strides='100,300,600', fusion='concat', state='def', n=100000000, hop=1, nhead=1, tf_layer=1, nlayer=1, epoch=1000, patience=20, history=4000, patch_size=24, stride=24, logmode='a', lr=0.001, w_decay=0.0001, batch_size=16, save='experiments/', load=None, seed=1, dataset='activity', quantization=0.0, model='tPatchGNN', outlayer='Linear', hid_dim=64, te_dim=10, node_dim=10, gpu='0', npatch=167, device=device(type='cuda'), PID=1905043, pred_window=1000, ndim=12)
- Epoch 000, ExpID 32075
Train - Loss (one batch): 0.00475
Val - Loss, MSE, RMSE, MAE, MAPE: 0.00548, 0.00548, 0.07101, 0.05025, 238118.03%
Test - Best epoch, Loss, MSE, RMSE, MAE, MAPE: 0, 0.00510, 0.00510, 0.06853, 0.04848, 11.84%
Time spent: 40.58s
- Epoch 001, ExpID 32075
Train - Loss (one batch): 0.00650
Val - Loss, MSE, RMSE, MAE, MAPE: 0.00523, 0.00523, 0.06901, 0.04642, 226764.27%
Test - Best epoch, Loss, MSE, RMSE, MAE, MAPE: 1, 0.00491, 0.00491, 0.06694, 0.04515, 10.60%
Time spent: 39.72s
- Epoch 002, ExpID 32075
Train - Loss (one batch): 0.00441
Val - Loss, MSE, RMSE, MAE, MAPE: 0.00552, 0.00552, 0.07125, 0.04983, 231024.29%
Test - Best epoch, Loss, MSE, RMSE, MAE, MAPE: 1, 0.00491, 0.00491, 0.06694, 0.04515, 10.60%
Time spent: 35.60s
- Epoch 003, ExpID 32075
Train - Loss (one batch): 0.00423
Val - Loss, MSE, RMSE, MAE, MAPE: 0.00509, 0.00509, 0.06820, 0.04646, 221099.15%
Test - Best epoch, Loss, MSE, RMSE, MAE, MAPE: 3, 0.00474, 0.00474, 0.06597, 0.04526, 10.60%
Time spent: 39.70s
- Epoch 004, ExpID 32075
Train - Loss (one batch): 0.00422
Val - Loss, MSE, RMSE, MAE, MAPE: 0.00532, 0.00532, 0.06993, 0.04923, 233853.27%
Test - Best epoch, Loss, MSE, RMSE, MAE, MAPE: 3, 0.00474, 0.00474, 0.06597, 0.04526, 10.60%
Time spent: 35.98s
- Epoch 005, ExpID 32075
Train - Loss (one batch): 0.00438
Val - Loss, MSE, RMSE, MAE, MAPE: 0.00646, 0.00646, 0.07798, 0.05948, 245969.74%
Test - Best epoch, Loss, MSE, RMSE, MAE, MAPE: 3, 0.00474, 0.00474, 0.06597, 0.04526, 10.60%
Time spent: 35.01s
- Epoch 006, ExpID 32075
Train - Loss (one batch): 0.00379
Val - Loss, MSE, RMSE, MAE, MAPE: 0.00548, 0.00548, 0.07115, 0.05060, 220464.17%
Test - Best epoch, Loss, MSE, RMSE, MAE, MAPE: 3, 0.00474, 0.00474, 0.06597, 0.04526, 10.60%
Time spent: 35.81s
- Epoch 007, ExpID 32075
Train - Loss (one batch): 0.00337
Val - Loss, MSE, RMSE, MAE, MAPE: 0.00504, 0.00504, 0.06795, 0.04694, 227222.95%
Test - Best epoch, Loss, MSE, RMSE, MAE, MAPE: 7, 0.00470, 0.00470, 0.06583, 0.04566, 10.86%
Time spent: 39.72s
- Epoch 008, ExpID 32075
Train - Loss (one batch): 0.00622
Val - Loss, MSE, RMSE, MAE, MAPE: 0.00508, 0.00508, 0.06808, 0.04668, 226179.37%
Test - Best epoch, Loss, MSE, RMSE, MAE, MAPE: 7, 0.00470, 0.00470, 0.06583, 0.04566, 10.86%
Time spent: 35.47s
- Epoch 009, ExpID 32075
Train - Loss (one batch): 0.00478
Val - Loss, MSE, RMSE, MAE, MAPE: 0.00664, 0.00664, 0.07944, 0.06174, 242377.60%
Test - Best epoch, Loss, MSE, RMSE, MAE, MAPE: 7, 0.00470, 0.00470, 0.06583, 0.04566, 10.86%
Time spent: 35.68s
- Epoch 010, ExpID 32075
Train - Loss (one batch): 0.00404
Val - Loss, MSE, RMSE, MAE, MAPE: 0.00583, 0.00583, 0.07390, 0.05505, 234241.94%
Test - Best epoch, Loss, MSE, RMSE, MAE, MAPE: 7, 0.00470, 0.00470, 0.06583, 0.04566, 10.86%
Time spent: 35.66s
- Epoch 011, ExpID 32075
Train - Loss (one batch): 0.00532
Val - Loss, MSE, RMSE, MAE, MAPE: 0.00694, 0.00694, 0.08125, 0.06372, 242603.89%
Test - Best epoch, Loss, MSE, RMSE, MAE, MAPE: 7, 0.00470, 0.00470, 0.06583, 0.04566, 10.86%
Time spent: 35.78s
- Epoch 012, ExpID 32075
Train - Loss (one batch): 0.00431
Val - Loss, MSE, RMSE, MAE, MAPE: 0.00541, 0.00541, 0.07077, 0.05161, 236562.06%
Test - Best epoch, Loss, MSE, RMSE, MAE, MAPE: 7, 0.00470, 0.00470, 0.06583, 0.04566, 10.86%
Time spent: 35.65s
- Epoch 013, ExpID 32075
Train - Loss (one batch): 0.00473
Val - Loss, MSE, RMSE, MAE, MAPE: 0.00522, 0.00522, 0.06922, 0.04842, 222860.37%
Test - Best epoch, Loss, MSE, RMSE, MAE, MAPE: 7, 0.00470, 0.00470, 0.06583, 0.04566, 10.86%
Time spent: 35.01s
- Epoch 014, ExpID 32075
Train - Loss (one batch): 0.00543
Val - Loss, MSE, RMSE, MAE, MAPE: 0.00520, 0.00520, 0.06909, 0.04851, 214401.22%
Test - Best epoch, Loss, MSE, RMSE, MAE, MAPE: 7, 0.00470, 0.00470, 0.06583, 0.04566, 10.86%
Time spent: 35.39s
- Epoch 015, ExpID 32075
Train - Loss (one batch): 0.00370
Val - Loss, MSE, RMSE, MAE, MAPE: 0.00537, 0.00537, 0.07055, 0.05076, 222014.97%
Test - Best epoch, Loss, MSE, RMSE, MAE, MAPE: 7, 0.00470, 0.00470, 0.06583, 0.04566, 10.86%
Time spent: 36.01s
- Epoch 016, ExpID 32075
Train - Loss (one batch): 0.00420
Val - Loss, MSE, RMSE, MAE, MAPE: 0.00577, 0.00577, 0.07358, 0.05525, 231674.27%
Test - Best epoch, Loss, MSE, RMSE, MAE, MAPE: 7, 0.00470, 0.00470, 0.06583, 0.04566, 10.86%
Time spent: 35.67s
- Epoch 017, ExpID 32075
Train - Loss (one batch): 0.00460
Val - Loss, MSE, RMSE, MAE, MAPE: 0.00630, 0.00630, 0.07719, 0.05906, 239196.71%
Test - Best epoch, Loss, MSE, RMSE, MAE, MAPE: 7, 0.00470, 0.00470, 0.06583, 0.04566, 10.86%
Time spent: 35.76s
- Epoch 018, ExpID 32075
Train - Loss (one batch): 0.00391
Val - Loss, MSE, RMSE, MAE, MAPE: 0.00601, 0.00601, 0.07510, 0.05659, 231732.86%
Test - Best epoch, Loss, MSE, RMSE, MAE, MAPE: 7, 0.00470, 0.00470, 0.06583, 0.04566, 10.86%
Time spent: 36.35s
- Epoch 019, ExpID 32075
Train - Loss (one batch): 0.00341
Val - Loss, MSE, RMSE, MAE, MAPE: 0.00560, 0.00560, 0.07236, 0.05344, 227402.65%
Test - Best epoch, Loss, MSE, RMSE, MAE, MAPE: 7, 0.00470, 0.00470, 0.06583, 0.04566, 10.86%
Time spent: 35.23s
- Epoch 020, ExpID 32075
Train - Loss (one batch): 0.00498
Val - Loss, MSE, RMSE, MAE, MAPE: 0.00491, 0.00491, 0.06705, 0.04631, 223299.07%
Test - Best epoch, Loss, MSE, RMSE, MAE, MAPE: 20, 0.00458, 0.00458, 0.06492, 0.04524, 10.83%
Time spent: 39.69s
- Epoch 021, ExpID 32075
Train - Loss (one batch): 0.00475
Val - Loss, MSE, RMSE, MAE, MAPE: 0.00518, 0.00518, 0.06899, 0.04866, 226477.87%
Test - Best epoch, Loss, MSE, RMSE, MAE, MAPE: 20, 0.00458, 0.00458, 0.06492, 0.04524, 10.83%
Time spent: 35.89s
- Epoch 022, ExpID 32075
Train - Loss (one batch): 0.00364
Val - Loss, MSE, RMSE, MAE, MAPE: 0.00539, 0.00539, 0.07048, 0.05063, 234991.58%
Test - Best epoch, Loss, MSE, RMSE, MAE, MAPE: 20, 0.00458, 0.00458, 0.06492, 0.04524, 10.83%
Time spent: 35.51s
- Epoch 023, ExpID 32075
Train - Loss (one batch): 0.00479
Val - Loss, MSE, RMSE, MAE, MAPE: 0.00507, 0.00507, 0.06794, 0.04671, 232036.44%
Test - Best epoch, Loss, MSE, RMSE, MAE, MAPE: 20, 0.00458, 0.00458, 0.06492, 0.04524, 10.83%
Time spent: 35.74s
- Epoch 024, ExpID 32075
Train - Loss (one batch): 0.00482
Val - Loss, MSE, RMSE, MAE, MAPE: 0.00516, 0.00516, 0.06899, 0.04952, 230060.59%
Test - Best epoch, Loss, MSE, RMSE, MAE, MAPE: 20, 0.00458, 0.00458, 0.06492, 0.04524, 10.83%
Time spent: 35.57s
- Epoch 025, ExpID 32075
Train - Loss (one batch): 0.00570
Val - Loss, MSE, RMSE, MAE, MAPE: 0.00558, 0.00558, 0.07215, 0.05321, 227433.70%
Test - Best epoch, Loss, MSE, RMSE, MAE, MAPE: 20, 0.00458, 0.00458, 0.06492, 0.04524, 10.83%
Time spent: 35.68s
- Epoch 026, ExpID 32075
Train - Loss (one batch): 0.00325
Val - Loss, MSE, RMSE, MAE, MAPE: 0.00509, 0.00509, 0.06839, 0.04791, 228298.04%
Test - Best epoch, Loss, MSE, RMSE, MAE, MAPE: 20, 0.00458, 0.00458, 0.06492, 0.04524, 10.83%
Time spent: 35.94s
- Epoch 027, ExpID 32075
Train - Loss (one batch): 0.00434
Val - Loss, MSE, RMSE, MAE, MAPE: 0.00529, 0.00529, 0.06993, 0.05019, 234976.78%
Test - Best epoch, Loss, MSE, RMSE, MAE, MAPE: 20, 0.00458, 0.00458, 0.06492, 0.04524, 10.83%
Time spent: 35.95s
- Epoch 028, ExpID 32075
Train - Loss (one batch): 0.00468
Val - Loss, MSE, RMSE, MAE, MAPE: 0.00539, 0.00539, 0.07088, 0.05225, 235198.23%
Test - Best epoch, Loss, MSE, RMSE, MAE, MAPE: 20, 0.00458, 0.00458, 0.06492, 0.04524, 10.83%
Time spent: 35.33s
- Epoch 029, ExpID 32075
Train - Loss (one batch): 0.00388
Val - Loss, MSE, RMSE, MAE, MAPE: 0.00791, 0.00791, 0.08738, 0.07036, 239105.95%
Test - Best epoch, Loss, MSE, RMSE, MAE, MAPE: 20, 0.00458, 0.00458, 0.06492, 0.04524, 10.83%
Time spent: 35.33s
- Epoch 030, ExpID 32075
Train - Loss (one batch): 0.00341
Val - Loss, MSE, RMSE, MAE, MAPE: 0.00614, 0.00614, 0.07616, 0.05803, 238209.97%
Test - Best epoch, Loss, MSE, RMSE, MAE, MAPE: 20, 0.00458, 0.00458, 0.06492, 0.04524, 10.83%
Time spent: 36.00s
- Epoch 031, ExpID 32075
Train - Loss (one batch): 0.00508
Val - Loss, MSE, RMSE, MAE, MAPE: 0.00545, 0.00545, 0.07116, 0.05201, 231399.18%
Test - Best epoch, Loss, MSE, RMSE, MAE, MAPE: 20, 0.00458, 0.00458, 0.06492, 0.04524, 10.83%
Time spent: 35.72s
- Epoch 032, ExpID 32075
Train - Loss (one batch): 0.00377
Val - Loss, MSE, RMSE, MAE, MAPE: 0.00508, 0.00508, 0.06855, 0.04928, 224347.45%
Test - Best epoch, Loss, MSE, RMSE, MAE, MAPE: 20, 0.00458, 0.00458, 0.06492, 0.04524, 10.83%
Time spent: 36.01s
- Epoch 033, ExpID 32075
Train - Loss (one batch): 0.00378
Val - Loss, MSE, RMSE, MAE, MAPE: 0.00552, 0.00552, 0.07190, 0.05274, 223843.86%
Test - Best epoch, Loss, MSE, RMSE, MAE, MAPE: 20, 0.00458, 0.00458, 0.06492, 0.04524, 10.83%
Time spent: 35.61s
- Epoch 034, ExpID 32075
Train - Loss (one batch): 0.00313
Val - Loss, MSE, RMSE, MAE, MAPE: 0.00607, 0.00607, 0.07567, 0.05720, 230736.97%
Test - Best epoch, Loss, MSE, RMSE, MAE, MAPE: 20, 0.00458, 0.00458, 0.06492, 0.04524, 10.83%
Time spent: 35.68s
- Epoch 035, ExpID 32075
Train - Loss (one batch): 0.00628
Val - Loss, MSE, RMSE, MAE, MAPE: 0.00498, 0.00498, 0.06777, 0.04824, 228395.38%
Test - Best epoch, Loss, MSE, RMSE, MAE, MAPE: 20, 0.00458, 0.00458, 0.06492, 0.04524, 10.83%
Time spent: 35.43s
- Epoch 036, ExpID 32075
Train - Loss (one batch): 0.00601
Val - Loss, MSE, RMSE, MAE, MAPE: 0.00584, 0.00584, 0.07403, 0.05483, 231206.57%
Test - Best epoch, Loss, MSE, RMSE, MAE, MAPE: 20, 0.00458, 0.00458, 0.06492, 0.04524, 10.83%
Time spent: 35.68s
- Epoch 037, ExpID 32075
Train - Loss (one batch): 0.00359
Val - Loss, MSE, RMSE, MAE, MAPE: 0.00569, 0.00569, 0.07285, 0.05348, 226110.96%
Test - Best epoch, Loss, MSE, RMSE, MAE, MAPE: 20, 0.00458, 0.00458, 0.06492, 0.04524, 10.83%
Time spent: 35.45s
- Epoch 038, ExpID 32075
Train - Loss (one batch): 0.00365
Val - Loss, MSE, RMSE, MAE, MAPE: 0.00499, 0.00499, 0.06770, 0.04755, 228247.69%
Test - Best epoch, Loss, MSE, RMSE, MAE, MAPE: 20, 0.00458, 0.00458, 0.06492, 0.04524, 10.83%
Time spent: 35.78s
- Epoch 039, ExpID 32075
Train - Loss (one batch): 0.00495
Val - Loss, MSE, RMSE, MAE, MAPE: 0.00477, 0.00477, 0.06599, 0.04557, 219966.90%
Test - Best epoch, Loss, MSE, RMSE, MAE, MAPE: 39, 0.00444, 0.00444, 0.06393, 0.04467, 10.68%
Time spent: 40.47s
- Epoch 040, ExpID 32075
Train - Loss (one batch): 0.00387
Val - Loss, MSE, RMSE, MAE, MAPE: 0.00521, 0.00521, 0.06967, 0.05096, 230015.61%
Test - Best epoch, Loss, MSE, RMSE, MAE, MAPE: 39, 0.00444, 0.00444, 0.06393, 0.04467, 10.68%
Time spent: 35.54s
- Epoch 041, ExpID 32075
Train - Loss (one batch): 0.00376
Val - Loss, MSE, RMSE, MAE, MAPE: 0.00487, 0.00487, 0.06694, 0.04720, 222667.15%
Test - Best epoch, Loss, MSE, RMSE, MAE, MAPE: 39, 0.00444, 0.00444, 0.06393, 0.04467, 10.68%
Time spent: 35.63s
- Epoch 042, ExpID 32075
Train - Loss (one batch): 0.00398
Val - Loss, MSE, RMSE, MAE, MAPE: 0.00524, 0.00524, 0.06981, 0.04987, 220455.96%
Test - Best epoch, Loss, MSE, RMSE, MAE, MAPE: 39, 0.00444, 0.00444, 0.06393, 0.04467, 10.68%
Time spent: 35.47s
- Epoch 043, ExpID 32075
Train - Loss (one batch): 0.00314
Val - Loss, MSE, RMSE, MAE, MAPE: 0.00549, 0.00549, 0.07173, 0.05309, 224121.49%
Test - Best epoch, Loss, MSE, RMSE, MAE, MAPE: 39, 0.00444, 0.00444, 0.06393, 0.04467, 10.68%
Time spent: 35.70s
- Epoch 044, ExpID 32075
Train - Loss (one batch): 0.00302
Val - Loss, MSE, RMSE, MAE, MAPE: 0.00548, 0.00548, 0.07155, 0.05251, 221178.46%
Test - Best epoch, Loss, MSE, RMSE, MAE, MAPE: 39, 0.00444, 0.00444, 0.06393, 0.04467, 10.68%
Time spent: 35.59s
- Epoch 045, ExpID 32075
Train - Loss (one batch): 0.00334
Val - Loss, MSE, RMSE, MAE, MAPE: 0.00546, 0.00546, 0.07152, 0.05305, 230034.12%
Test - Best epoch, Loss, MSE, RMSE, MAE, MAPE: 39, 0.00444, 0.00444, 0.06393, 0.04467, 10.68%
Time spent: 35.80s
- Epoch 046, ExpID 32075
Train - Loss (one batch): 0.00401
Val - Loss, MSE, RMSE, MAE, MAPE: 0.00472, 0.00472, 0.06560, 0.04550, 225889.74%
Test - Best epoch, Loss, MSE, RMSE, MAE, MAPE: 46, 0.00446, 0.00446, 0.06401, 0.04486, 10.74%
Time spent: 40.36s
- Epoch 047, ExpID 32075
Train - Loss (one batch): 0.00397
Val - Loss, MSE, RMSE, MAE, MAPE: 0.00660, 0.00660, 0.07949, 0.06214, 238268.54%
Test - Best epoch, Loss, MSE, RMSE, MAE, MAPE: 46, 0.00446, 0.00446, 0.06401, 0.04486, 10.74%
Time spent: 36.16s
- Epoch 048, ExpID 32075
Train - Loss (one batch): 0.00325
Val - Loss, MSE, RMSE, MAE, MAPE: 0.00485, 0.00485, 0.06689, 0.04767, 228767.93%
Test - Best epoch, Loss, MSE, RMSE, MAE, MAPE: 46, 0.00446, 0.00446, 0.06401, 0.04486, 10.74%
Time spent: 36.13s
- Epoch 049, ExpID 32075
Train - Loss (one batch): 0.00675
Val - Loss, MSE, RMSE, MAE, MAPE: 0.00557, 0.00557, 0.07205, 0.05276, 233093.77%
Test - Best epoch, Loss, MSE, RMSE, MAE, MAPE: 46, 0.00446, 0.00446, 0.06401, 0.04486, 10.74%
Time spent: 35.94s
- Epoch 050, ExpID 32075
Train - Loss (one batch): 0.00540
Val - Loss, MSE, RMSE, MAE, MAPE: 0.00470, 0.00470, 0.06564, 0.04586, 227260.66%
Test - Best epoch, Loss, MSE, RMSE, MAE, MAPE: 50, 0.00442, 0.00442, 0.06392, 0.04506, 10.77%
Time spent: 40.35s
- Epoch 051, ExpID 32075
Train - Loss (one batch): 0.00343
Val - Loss, MSE, RMSE, MAE, MAPE: 0.00494, 0.00494, 0.06731, 0.04680, 227701.13%
Test - Best epoch, Loss, MSE, RMSE, MAE, MAPE: 50, 0.00442, 0.00442, 0.06392, 0.04506, 10.77%
Time spent: 36.16s
slurmstepd: error: *** JOB 284548 ON stud-000 CANCELLED AT 2025-11-22T17:57:24 ***
