INFO | 2026-01-01 14:05:23
INFO | command: RunModelsSingleDLoss.py --dataset activity --normalization 1 --history 3000 --hid_dim 64 --te_dim 10 --node_dim 10 --nlayer 1 --tf_layer 1 --nhead 4 --batch_size 64 --lr 1e-3 --patience 40 --epoch 300 --seed 1 --gpu 0 --outlayer Linear --patch_size 300 --stride 300
INFO | ExpID=71763 PID=3960416 host=stud-000 device=cuda CUDA_VISIBLE_DEVICES=0
INFO | SLURM_JOB_NAME=MH_ACTIVITY_SS_GNorm_DLoss SLURM_JOB_ID=498129
INFO | ckpt_path=experiments/experiment_71763.ckpt
INFO | args=Namespace(state='def', n=100000000, hop=1, nhead=4, tf_layer=1, nlayer=1, epoch=300, patience=40, history=3000, patch_size=300.0, stride=300.0, logmode='a', normalization=1, lr=0.001, w_decay=0.0, batch_size=64, save='experiments/', load=None, seed=1, dataset='activity', quantization=0.0, model='tPatchGNN', outlayer='Linear', hid_dim=64, te_dim=10, node_dim=10, gpu='0', data_sanity_batches=3, topk_err=10, exact_abs_tol=1e-05, exact_rel_tol=0.05, npatch=10, device=device(type='cuda'), PID=3960416)
INFO | data: input_dim=12 n_train_batches=52 n_val_batches=16 n_test_batches=17 quantization=0.0 history=3000 patch_size=300.0 stride=300.0 npatch=10
INFO | DATA_SANITY | split=train sampled_batches=3 mask_ratio_mean=0.229640 mask_ratio_min=0.228693 mask_ratio_max=0.230232
INFO | DATA_SANITY | split=val sampled_batches=3 mask_ratio_mean=0.223801 mask_ratio_min=0.219815 mask_ratio_max=0.227983
INFO | DATA_SANITY | split=test sampled_batches=3 mask_ratio_mean=0.222534 mask_ratio_min=0.218395 mask_ratio_max=0.230114
INFO | n_train_batches: 52
INFO | EARLY_STOP | epoch=201 best_epoch=161 patience=40
INFO | 2026-01-01 14:14:25
INFO | command: RunModelsSingleDLoss.py --dataset activity --normalization 1 --history 3000 --hid_dim 64 --te_dim 10 --node_dim 10 --nlayer 1 --tf_layer 1 --nhead 4 --batch_size 64 --lr 1e-3 --patience 40 --epoch 300 --seed 2 --gpu 0 --outlayer Linear --patch_size 300 --stride 300
INFO | ExpID=44636 PID=3960676 host=stud-000 device=cuda CUDA_VISIBLE_DEVICES=0
INFO | SLURM_JOB_NAME=MH_ACTIVITY_SS_GNorm_DLoss SLURM_JOB_ID=498129
INFO | ckpt_path=experiments/experiment_44636.ckpt
INFO | args=Namespace(state='def', n=100000000, hop=1, nhead=4, tf_layer=1, nlayer=1, epoch=300, patience=40, history=3000, patch_size=300.0, stride=300.0, logmode='a', normalization=1, lr=0.001, w_decay=0.0, batch_size=64, save='experiments/', load=None, seed=2, dataset='activity', quantization=0.0, model='tPatchGNN', outlayer='Linear', hid_dim=64, te_dim=10, node_dim=10, gpu='0', data_sanity_batches=3, topk_err=10, exact_abs_tol=1e-05, exact_rel_tol=0.05, npatch=10, device=device(type='cuda'), PID=3960676)
INFO | data: input_dim=12 n_train_batches=52 n_val_batches=16 n_test_batches=17 quantization=0.0 history=3000 patch_size=300.0 stride=300.0 npatch=10
INFO | DATA_SANITY | split=train sampled_batches=3 mask_ratio_mean=0.228812 mask_ratio_min=0.227983 mask_ratio_max=0.229403
INFO | DATA_SANITY | split=val sampled_batches=3 mask_ratio_mean=0.223801 mask_ratio_min=0.219815 mask_ratio_max=0.227983
INFO | DATA_SANITY | split=test sampled_batches=3 mask_ratio_mean=0.222534 mask_ratio_min=0.218395 mask_ratio_max=0.230114
INFO | n_train_batches: 52
INFO | EARLY_STOP | epoch=141 best_epoch=101 patience=40
INFO | 2026-01-01 14:20:50
INFO | command: RunModelsSingleDLoss.py --dataset activity --normalization 1 --history 3000 --hid_dim 64 --te_dim 10 --node_dim 10 --nlayer 1 --tf_layer 1 --nhead 4 --batch_size 64 --lr 1e-3 --patience 40 --epoch 300 --seed 3 --gpu 0 --outlayer Linear --patch_size 300 --stride 300
INFO | ExpID=51061 PID=3960811 host=stud-000 device=cuda CUDA_VISIBLE_DEVICES=0
INFO | SLURM_JOB_NAME=MH_ACTIVITY_SS_GNorm_DLoss SLURM_JOB_ID=498129
INFO | ckpt_path=experiments/experiment_51061.ckpt
INFO | args=Namespace(state='def', n=100000000, hop=1, nhead=4, tf_layer=1, nlayer=1, epoch=300, patience=40, history=3000, patch_size=300.0, stride=300.0, logmode='a', normalization=1, lr=0.001, w_decay=0.0, batch_size=64, save='experiments/', load=None, seed=3, dataset='activity', quantization=0.0, model='tPatchGNN', outlayer='Linear', hid_dim=64, te_dim=10, node_dim=10, gpu='0', data_sanity_batches=3, topk_err=10, exact_abs_tol=1e-05, exact_rel_tol=0.05, npatch=10, device=device(type='cuda'), PID=3960811)
INFO | data: input_dim=12 n_train_batches=52 n_val_batches=16 n_test_batches=17 quantization=0.0 history=3000 patch_size=300.0 stride=300.0 npatch=10
INFO | DATA_SANITY | split=train sampled_batches=3 mask_ratio_mean=0.228299 mask_ratio_min=0.227036 mask_ratio_max=0.229759
INFO | DATA_SANITY | split=val sampled_batches=3 mask_ratio_mean=0.223801 mask_ratio_min=0.219815 mask_ratio_max=0.227983
INFO | DATA_SANITY | split=test sampled_batches=3 mask_ratio_mean=0.222534 mask_ratio_min=0.218395 mask_ratio_max=0.230114
INFO | n_train_batches: 52
INFO | EARLY_STOP | epoch=235 best_epoch=195 patience=40
INFO | 2026-01-01 14:31:30
INFO | command: RunModelsSingleDLoss.py --dataset activity --normalization 1 --history 3000 --hid_dim 64 --te_dim 10 --node_dim 10 --nlayer 1 --tf_layer 1 --nhead 4 --batch_size 64 --lr 1e-3 --patience 40 --epoch 300 --seed 4 --gpu 0 --outlayer Linear --patch_size 300 --stride 300
INFO | ExpID=12919 PID=3960960 host=stud-000 device=cuda CUDA_VISIBLE_DEVICES=0
INFO | SLURM_JOB_NAME=MH_ACTIVITY_SS_GNorm_DLoss SLURM_JOB_ID=498129
INFO | ckpt_path=experiments/experiment_12919.ckpt
INFO | args=Namespace(state='def', n=100000000, hop=1, nhead=4, tf_layer=1, nlayer=1, epoch=300, patience=40, history=3000, patch_size=300.0, stride=300.0, logmode='a', normalization=1, lr=0.001, w_decay=0.0, batch_size=64, save='experiments/', load=None, seed=4, dataset='activity', quantization=0.0, model='tPatchGNN', outlayer='Linear', hid_dim=64, te_dim=10, node_dim=10, gpu='0', data_sanity_batches=3, topk_err=10, exact_abs_tol=1e-05, exact_rel_tol=0.05, npatch=10, device=device(type='cuda'), PID=3960960)
INFO | data: input_dim=12 n_train_batches=52 n_val_batches=16 n_test_batches=17 quantization=0.0 history=3000 patch_size=300.0 stride=300.0 npatch=10
INFO | DATA_SANITY | split=train sampled_batches=3 mask_ratio_mean=0.228259 mask_ratio_min=0.224787 mask_ratio_max=0.231061
INFO | DATA_SANITY | split=val sampled_batches=3 mask_ratio_mean=0.223801 mask_ratio_min=0.219815 mask_ratio_max=0.227983
INFO | DATA_SANITY | split=test sampled_batches=3 mask_ratio_mean=0.222534 mask_ratio_min=0.218395 mask_ratio_max=0.230114
INFO | n_train_batches: 52
INFO | EARLY_STOP | epoch=264 best_epoch=224 patience=40
INFO | 2026-01-01 14:43:22
INFO | command: RunModelsSingleDLoss.py --dataset activity --normalization 1 --history 3000 --hid_dim 64 --te_dim 10 --node_dim 10 --nlayer 1 --tf_layer 1 --nhead 4 --batch_size 64 --lr 1e-3 --patience 40 --epoch 300 --seed 5 --gpu 0 --outlayer Linear --patch_size 300 --stride 300
INFO | ExpID=66947 PID=3961163 host=stud-000 device=cuda CUDA_VISIBLE_DEVICES=0
INFO | SLURM_JOB_NAME=MH_ACTIVITY_SS_GNorm_DLoss SLURM_JOB_ID=498129
INFO | ckpt_path=experiments/experiment_66947.ckpt
INFO | args=Namespace(state='def', n=100000000, hop=1, nhead=4, tf_layer=1, nlayer=1, epoch=300, patience=40, history=3000, patch_size=300.0, stride=300.0, logmode='a', normalization=1, lr=0.001, w_decay=0.0, batch_size=64, save='experiments/', load=None, seed=5, dataset='activity', quantization=0.0, model='tPatchGNN', outlayer='Linear', hid_dim=64, te_dim=10, node_dim=10, gpu='0', data_sanity_batches=3, topk_err=10, exact_abs_tol=1e-05, exact_rel_tol=0.05, npatch=10, device=device(type='cuda'), PID=3961163)
INFO | data: input_dim=12 n_train_batches=52 n_val_batches=16 n_test_batches=17 quantization=0.0 history=3000 patch_size=300.0 stride=300.0 npatch=10
INFO | DATA_SANITY | split=train sampled_batches=3 mask_ratio_mean=0.228456 mask_ratio_min=0.225497 mask_ratio_max=0.230232
INFO | DATA_SANITY | split=val sampled_batches=3 mask_ratio_mean=0.223801 mask_ratio_min=0.219815 mask_ratio_max=0.227983
INFO | DATA_SANITY | split=test sampled_batches=3 mask_ratio_mean=0.222534 mask_ratio_min=0.218395 mask_ratio_max=0.230114
INFO | n_train_batches: 52
INFO | EARLY_STOP | epoch=239 best_epoch=199 patience=40
