INFO | 2026-02-23 08:13:34
INFO | command: RunModelsSingle.py --dataset activity --normalization 0 --denorm_test_pred 1 --global_loss 0 --history 3000 --hid_dim 64 --te_dim 10 --node_dim 10 --nlayer 1 --tf_layer 1 --nhead 4 --batch_size 64 --lr 1e-3 --patience 40 --epoch 300 --seed 1 --gpu 0 --outlayer Linear --patch_size 300 --stride 300
INFO | ExpID=48494 PID=3948899 host=gpu-021 device=cuda CUDA_VISIBLE_DEVICES=0
INFO | SLURM_JOB_NAME=N1_G0_D0 SLURM_JOB_ID=535361
INFO | ckpt_path=experiments/experiment_48494.ckpt
INFO | args=Namespace(state='def', n=100000000, dataset='activity', model='tPatchGNN', outlayer='Linear', hop=1, nhead=4, tf_layer=1, nlayer=1, hid_dim=64, te_dim=10, node_dim=10, epoch=300, patience=40, lr=0.001, w_decay=0.0, batch_size=64, seed=1, history=3000, patch_size=300.0, stride=300.0, normalization=0, denorm_test_pred=1, global_loss=0, logmode='a', save='experiments/', load=None, gpu='0', data_sanity_batches=3, quantization=0.0, topk_err=10, exact_abs_tol=1e-05, exact_rel_tol=0.05, npatch=10, device=device(type='cuda'), PID=3948899)
INFO | FLAGS | global_loss=0 (1=global masked MSE train/val, 0=repo MSE + evaluation()) | denorm_test_pred=1 (1=denorm for TOPERR/EXACT)
INFO | EVAL_MODE | VAL uses: _masked_metrics() if global_loss=1 else evaluation().
INFO | TOPERR/EXACT | computed on (denorm_test_pred? denorm : scaled) values.
INFO | data: input_dim=12 n_train_batches=52 n_val_batches=16 n_test_batches=17 quantization=0.0 history=3000 patch_size=300.0 stride=300.0 npatch=10
INFO | n_train_batches: 52
INFO | 2026-02-23 08:29:04
INFO | command: RunModelsSingle.py --dataset activity --normalization 0 --denorm_test_pred 1 --global_loss 0 --history 3000 --hid_dim 64 --te_dim 10 --node_dim 10 --nlayer 1 --tf_layer 1 --nhead 4 --batch_size 64 --lr 1e-3 --patience 40 --epoch 300 --seed 2 --gpu 0 --outlayer Linear --patch_size 300 --stride 300
INFO | ExpID=9277 PID=3949184 host=gpu-021 device=cuda CUDA_VISIBLE_DEVICES=0
INFO | SLURM_JOB_NAME=N1_G0_D0 SLURM_JOB_ID=535361
INFO | ckpt_path=experiments/experiment_9277.ckpt
INFO | args=Namespace(state='def', n=100000000, dataset='activity', model='tPatchGNN', outlayer='Linear', hop=1, nhead=4, tf_layer=1, nlayer=1, hid_dim=64, te_dim=10, node_dim=10, epoch=300, patience=40, lr=0.001, w_decay=0.0, batch_size=64, seed=2, history=3000, patch_size=300.0, stride=300.0, normalization=0, denorm_test_pred=1, global_loss=0, logmode='a', save='experiments/', load=None, gpu='0', data_sanity_batches=3, quantization=0.0, topk_err=10, exact_abs_tol=1e-05, exact_rel_tol=0.05, npatch=10, device=device(type='cuda'), PID=3949184)
INFO | FLAGS | global_loss=0 (1=global masked MSE train/val, 0=repo MSE + evaluation()) | denorm_test_pred=1 (1=denorm for TOPERR/EXACT)
INFO | EVAL_MODE | VAL uses: _masked_metrics() if global_loss=1 else evaluation().
INFO | TOPERR/EXACT | computed on (denorm_test_pred? denorm : scaled) values.
INFO | data: input_dim=12 n_train_batches=52 n_val_batches=16 n_test_batches=17 quantization=0.0 history=3000 patch_size=300.0 stride=300.0 npatch=10
INFO | n_train_batches: 52
INFO | 2026-02-23 08:43:46
INFO | command: RunModelsSingle.py --dataset activity --normalization 0 --denorm_test_pred 1 --global_loss 0 --history 3000 --hid_dim 64 --te_dim 10 --node_dim 10 --nlayer 1 --tf_layer 1 --nhead 4 --batch_size 64 --lr 1e-3 --patience 40 --epoch 300 --seed 3 --gpu 0 --outlayer Linear --patch_size 300 --stride 300
INFO | ExpID=67534 PID=3949394 host=gpu-021 device=cuda CUDA_VISIBLE_DEVICES=0
INFO | SLURM_JOB_NAME=N1_G0_D0 SLURM_JOB_ID=535361
INFO | ckpt_path=experiments/experiment_67534.ckpt
INFO | args=Namespace(state='def', n=100000000, dataset='activity', model='tPatchGNN', outlayer='Linear', hop=1, nhead=4, tf_layer=1, nlayer=1, hid_dim=64, te_dim=10, node_dim=10, epoch=300, patience=40, lr=0.001, w_decay=0.0, batch_size=64, seed=3, history=3000, patch_size=300.0, stride=300.0, normalization=0, denorm_test_pred=1, global_loss=0, logmode='a', save='experiments/', load=None, gpu='0', data_sanity_batches=3, quantization=0.0, topk_err=10, exact_abs_tol=1e-05, exact_rel_tol=0.05, npatch=10, device=device(type='cuda'), PID=3949394)
INFO | FLAGS | global_loss=0 (1=global masked MSE train/val, 0=repo MSE + evaluation()) | denorm_test_pred=1 (1=denorm for TOPERR/EXACT)
INFO | EVAL_MODE | VAL uses: _masked_metrics() if global_loss=1 else evaluation().
INFO | TOPERR/EXACT | computed on (denorm_test_pred? denorm : scaled) values.
INFO | data: input_dim=12 n_train_batches=52 n_val_batches=16 n_test_batches=17 quantization=0.0 history=3000 patch_size=300.0 stride=300.0 npatch=10
INFO | n_train_batches: 52
INFO | 2026-02-23 08:58:35
INFO | command: RunModelsSingle.py --dataset activity --normalization 0 --denorm_test_pred 1 --global_loss 0 --history 3000 --hid_dim 64 --te_dim 10 --node_dim 10 --nlayer 1 --tf_layer 1 --nhead 4 --batch_size 64 --lr 1e-3 --patience 40 --epoch 300 --seed 4 --gpu 0 --outlayer Linear --patch_size 300 --stride 300
INFO | ExpID=62267 PID=3949613 host=gpu-021 device=cuda CUDA_VISIBLE_DEVICES=0
INFO | SLURM_JOB_NAME=N1_G0_D0 SLURM_JOB_ID=535361
INFO | ckpt_path=experiments/experiment_62267.ckpt
INFO | args=Namespace(state='def', n=100000000, dataset='activity', model='tPatchGNN', outlayer='Linear', hop=1, nhead=4, tf_layer=1, nlayer=1, hid_dim=64, te_dim=10, node_dim=10, epoch=300, patience=40, lr=0.001, w_decay=0.0, batch_size=64, seed=4, history=3000, patch_size=300.0, stride=300.0, normalization=0, denorm_test_pred=1, global_loss=0, logmode='a', save='experiments/', load=None, gpu='0', data_sanity_batches=3, quantization=0.0, topk_err=10, exact_abs_tol=1e-05, exact_rel_tol=0.05, npatch=10, device=device(type='cuda'), PID=3949613)
INFO | FLAGS | global_loss=0 (1=global masked MSE train/val, 0=repo MSE + evaluation()) | denorm_test_pred=1 (1=denorm for TOPERR/EXACT)
INFO | EVAL_MODE | VAL uses: _masked_metrics() if global_loss=1 else evaluation().
INFO | TOPERR/EXACT | computed on (denorm_test_pred? denorm : scaled) values.
INFO | data: input_dim=12 n_train_batches=52 n_val_batches=16 n_test_batches=17 quantization=0.0 history=3000 patch_size=300.0 stride=300.0 npatch=10
INFO | n_train_batches: 52
INFO | 2026-02-23 09:13:20
INFO | command: RunModelsSingle.py --dataset activity --normalization 0 --denorm_test_pred 1 --global_loss 0 --history 3000 --hid_dim 64 --te_dim 10 --node_dim 10 --nlayer 1 --tf_layer 1 --nhead 4 --batch_size 64 --lr 1e-3 --patience 40 --epoch 300 --seed 5 --gpu 0 --outlayer Linear --patch_size 300 --stride 300
INFO | ExpID=27571 PID=3949808 host=gpu-021 device=cuda CUDA_VISIBLE_DEVICES=0
INFO | SLURM_JOB_NAME=N1_G0_D0 SLURM_JOB_ID=535361
INFO | ckpt_path=experiments/experiment_27571.ckpt
INFO | args=Namespace(state='def', n=100000000, dataset='activity', model='tPatchGNN', outlayer='Linear', hop=1, nhead=4, tf_layer=1, nlayer=1, hid_dim=64, te_dim=10, node_dim=10, epoch=300, patience=40, lr=0.001, w_decay=0.0, batch_size=64, seed=5, history=3000, patch_size=300.0, stride=300.0, normalization=0, denorm_test_pred=1, global_loss=0, logmode='a', save='experiments/', load=None, gpu='0', data_sanity_batches=3, quantization=0.0, topk_err=10, exact_abs_tol=1e-05, exact_rel_tol=0.05, npatch=10, device=device(type='cuda'), PID=3949808)
INFO | FLAGS | global_loss=0 (1=global masked MSE train/val, 0=repo MSE + evaluation()) | denorm_test_pred=1 (1=denorm for TOPERR/EXACT)
INFO | EVAL_MODE | VAL uses: _masked_metrics() if global_loss=1 else evaluation().
INFO | TOPERR/EXACT | computed on (denorm_test_pred? denorm : scaled) values.
INFO | data: input_dim=12 n_train_batches=52 n_val_batches=16 n_test_batches=17 quantization=0.0 history=3000 patch_size=300.0 stride=300.0 npatch=10
INFO | n_train_batches: 52
