INFO | 2026-02-21 12:21:25
INFO | command: RunModelsSingleGLoss.py --dataset activity --normalization 0 --history 3000 --hid_dim 64 --te_dim 10 --node_dim 10 --nlayer 1 --tf_layer 1 --nhead 4 --batch_size 64 --lr 1e-3 --patience 40 --epoch 300 --seed 1 --gpu 0 --outlayer Linear --patch_size 300 --stride 300
INFO | ExpID=57365 PID=397579 host=gpu-001 device=cuda CUDA_VISIBLE_DEVICES=0
INFO | SLURM_JOB_NAME=MH_ACTIVITY_SS_GNorm_GLoss_PHD SLURM_JOB_ID=535100
INFO | ckpt_path=experiments/experiment_57365.ckpt
INFO | args=Namespace(state='def', n=100000000, dataset='activity', model='tPatchGNN', outlayer='Linear', hop=1, nhead=4, tf_layer=1, nlayer=1, hid_dim=64, te_dim=10, node_dim=10, epoch=300, patience=40, lr=0.001, w_decay=0.0, batch_size=64, seed=1, history=3000, patch_size=300.0, stride=300.0, normalization=0, logmode='a', save='experiments/', load=None, gpu='0', data_sanity_batches=3, quantization=0.0, topk_err=10, exact_abs_tol=1e-05, exact_rel_tol=0.05, npatch=10, device=device(type='cuda'), PID=397579)
INFO | LOSS_MODE | TRAIN uses GLOBAL masked MSE: mean((pred-true)^2 over ALL masked points)
INFO | data: input_dim=12 n_train_batches=52 n_val_batches=16 n_test_batches=17 quantization=0.0 history=3000 patch_size=300.0 stride=300.0 npatch=10
INFO | DATA_SANITY | split=train sampled_batches=3 mask_ratio_mean=0.229640 mask_ratio_min=0.228693 mask_ratio_max=0.230232
INFO | DATA_SANITY | split=val sampled_batches=3 mask_ratio_mean=0.223801 mask_ratio_min=0.219815 mask_ratio_max=0.227983
INFO | DATA_SANITY | split=test sampled_batches=3 mask_ratio_mean=0.222534 mask_ratio_min=0.218395 mask_ratio_max=0.230114
INFO | n_train_batches: 52
INFO | EARLY_STOP | epoch=142 best_epoch=102 patience=40
INFO | 2026-02-21 12:28:45
INFO | command: RunModelsSingleGLoss.py --dataset activity --normalization 0 --history 3000 --hid_dim 64 --te_dim 10 --node_dim 10 --nlayer 1 --tf_layer 1 --nhead 4 --batch_size 64 --lr 1e-3 --patience 40 --epoch 300 --seed 2 --gpu 0 --outlayer Linear --patch_size 300 --stride 300
INFO | ExpID=5886 PID=397650 host=gpu-001 device=cuda CUDA_VISIBLE_DEVICES=0
INFO | SLURM_JOB_NAME=MH_ACTIVITY_SS_GNorm_GLoss_PHD SLURM_JOB_ID=535100
INFO | ckpt_path=experiments/experiment_5886.ckpt
INFO | args=Namespace(state='def', n=100000000, dataset='activity', model='tPatchGNN', outlayer='Linear', hop=1, nhead=4, tf_layer=1, nlayer=1, hid_dim=64, te_dim=10, node_dim=10, epoch=300, patience=40, lr=0.001, w_decay=0.0, batch_size=64, seed=2, history=3000, patch_size=300.0, stride=300.0, normalization=0, logmode='a', save='experiments/', load=None, gpu='0', data_sanity_batches=3, quantization=0.0, topk_err=10, exact_abs_tol=1e-05, exact_rel_tol=0.05, npatch=10, device=device(type='cuda'), PID=397650)
INFO | LOSS_MODE | TRAIN uses GLOBAL masked MSE: mean((pred-true)^2 over ALL masked points)
INFO | data: input_dim=12 n_train_batches=52 n_val_batches=16 n_test_batches=17 quantization=0.0 history=3000 patch_size=300.0 stride=300.0 npatch=10
INFO | DATA_SANITY | split=train sampled_batches=3 mask_ratio_mean=0.228812 mask_ratio_min=0.227983 mask_ratio_max=0.229403
INFO | DATA_SANITY | split=val sampled_batches=3 mask_ratio_mean=0.223801 mask_ratio_min=0.219815 mask_ratio_max=0.227983
INFO | DATA_SANITY | split=test sampled_batches=3 mask_ratio_mean=0.222534 mask_ratio_min=0.218395 mask_ratio_max=0.230114
INFO | n_train_batches: 52
INFO | EARLY_STOP | epoch=131 best_epoch=91 patience=40
INFO | 2026-02-21 12:35:42
INFO | command: RunModelsSingleGLoss.py --dataset activity --normalization 0 --history 3000 --hid_dim 64 --te_dim 10 --node_dim 10 --nlayer 1 --tf_layer 1 --nhead 4 --batch_size 64 --lr 1e-3 --patience 40 --epoch 300 --seed 3 --gpu 0 --outlayer Linear --patch_size 300 --stride 300
INFO | ExpID=2213 PID=397701 host=gpu-001 device=cuda CUDA_VISIBLE_DEVICES=0
INFO | SLURM_JOB_NAME=MH_ACTIVITY_SS_GNorm_GLoss_PHD SLURM_JOB_ID=535100
INFO | ckpt_path=experiments/experiment_2213.ckpt
INFO | args=Namespace(state='def', n=100000000, dataset='activity', model='tPatchGNN', outlayer='Linear', hop=1, nhead=4, tf_layer=1, nlayer=1, hid_dim=64, te_dim=10, node_dim=10, epoch=300, patience=40, lr=0.001, w_decay=0.0, batch_size=64, seed=3, history=3000, patch_size=300.0, stride=300.0, normalization=0, logmode='a', save='experiments/', load=None, gpu='0', data_sanity_batches=3, quantization=0.0, topk_err=10, exact_abs_tol=1e-05, exact_rel_tol=0.05, npatch=10, device=device(type='cuda'), PID=397701)
INFO | LOSS_MODE | TRAIN uses GLOBAL masked MSE: mean((pred-true)^2 over ALL masked points)
INFO | data: input_dim=12 n_train_batches=52 n_val_batches=16 n_test_batches=17 quantization=0.0 history=3000 patch_size=300.0 stride=300.0 npatch=10
INFO | DATA_SANITY | split=train sampled_batches=3 mask_ratio_mean=0.228299 mask_ratio_min=0.227036 mask_ratio_max=0.229759
INFO | DATA_SANITY | split=val sampled_batches=3 mask_ratio_mean=0.223801 mask_ratio_min=0.219815 mask_ratio_max=0.227983
INFO | DATA_SANITY | split=test sampled_batches=3 mask_ratio_mean=0.222534 mask_ratio_min=0.218395 mask_ratio_max=0.230114
INFO | n_train_batches: 52
INFO | EARLY_STOP | epoch=163 best_epoch=123 patience=40
INFO | 2026-02-21 12:44:25
INFO | command: RunModelsSingleGLoss.py --dataset activity --normalization 0 --history 3000 --hid_dim 64 --te_dim 10 --node_dim 10 --nlayer 1 --tf_layer 1 --nhead 4 --batch_size 64 --lr 1e-3 --patience 40 --epoch 300 --seed 4 --gpu 0 --outlayer Linear --patch_size 300 --stride 300
INFO | ExpID=92604 PID=397775 host=gpu-001 device=cuda CUDA_VISIBLE_DEVICES=0
INFO | SLURM_JOB_NAME=MH_ACTIVITY_SS_GNorm_GLoss_PHD SLURM_JOB_ID=535100
INFO | ckpt_path=experiments/experiment_92604.ckpt
INFO | args=Namespace(state='def', n=100000000, dataset='activity', model='tPatchGNN', outlayer='Linear', hop=1, nhead=4, tf_layer=1, nlayer=1, hid_dim=64, te_dim=10, node_dim=10, epoch=300, patience=40, lr=0.001, w_decay=0.0, batch_size=64, seed=4, history=3000, patch_size=300.0, stride=300.0, normalization=0, logmode='a', save='experiments/', load=None, gpu='0', data_sanity_batches=3, quantization=0.0, topk_err=10, exact_abs_tol=1e-05, exact_rel_tol=0.05, npatch=10, device=device(type='cuda'), PID=397775)
INFO | LOSS_MODE | TRAIN uses GLOBAL masked MSE: mean((pred-true)^2 over ALL masked points)
INFO | data: input_dim=12 n_train_batches=52 n_val_batches=16 n_test_batches=17 quantization=0.0 history=3000 patch_size=300.0 stride=300.0 npatch=10
INFO | DATA_SANITY | split=train sampled_batches=3 mask_ratio_mean=0.228259 mask_ratio_min=0.224787 mask_ratio_max=0.231061
INFO | DATA_SANITY | split=val sampled_batches=3 mask_ratio_mean=0.223801 mask_ratio_min=0.219815 mask_ratio_max=0.227983
INFO | DATA_SANITY | split=test sampled_batches=3 mask_ratio_mean=0.222534 mask_ratio_min=0.218395 mask_ratio_max=0.230114
INFO | n_train_batches: 52
INFO | EARLY_STOP | epoch=278 best_epoch=238 patience=40
INFO | 2026-02-21 12:58:36
INFO | command: RunModelsSingleGLoss.py --dataset activity --normalization 0 --history 3000 --hid_dim 64 --te_dim 10 --node_dim 10 --nlayer 1 --tf_layer 1 --nhead 4 --batch_size 64 --lr 1e-3 --patience 40 --epoch 300 --seed 5 --gpu 0 --outlayer Linear --patch_size 300 --stride 300
INFO | ExpID=78491 PID=397889 host=gpu-001 device=cuda CUDA_VISIBLE_DEVICES=0
INFO | SLURM_JOB_NAME=MH_ACTIVITY_SS_GNorm_GLoss_PHD SLURM_JOB_ID=535100
INFO | ckpt_path=experiments/experiment_78491.ckpt
INFO | args=Namespace(state='def', n=100000000, dataset='activity', model='tPatchGNN', outlayer='Linear', hop=1, nhead=4, tf_layer=1, nlayer=1, hid_dim=64, te_dim=10, node_dim=10, epoch=300, patience=40, lr=0.001, w_decay=0.0, batch_size=64, seed=5, history=3000, patch_size=300.0, stride=300.0, normalization=0, logmode='a', save='experiments/', load=None, gpu='0', data_sanity_batches=3, quantization=0.0, topk_err=10, exact_abs_tol=1e-05, exact_rel_tol=0.05, npatch=10, device=device(type='cuda'), PID=397889)
INFO | LOSS_MODE | TRAIN uses GLOBAL masked MSE: mean((pred-true)^2 over ALL masked points)
INFO | data: input_dim=12 n_train_batches=52 n_val_batches=16 n_test_batches=17 quantization=0.0 history=3000 patch_size=300.0 stride=300.0 npatch=10
INFO | DATA_SANITY | split=train sampled_batches=3 mask_ratio_mean=0.228456 mask_ratio_min=0.225497 mask_ratio_max=0.230232
INFO | DATA_SANITY | split=val sampled_batches=3 mask_ratio_mean=0.223801 mask_ratio_min=0.219815 mask_ratio_max=0.227983
INFO | DATA_SANITY | split=test sampled_batches=3 mask_ratio_mean=0.222534 mask_ratio_min=0.218395 mask_ratio_max=0.230114
INFO | n_train_batches: 52
INFO | EARLY_STOP | epoch=202 best_epoch=162 patience=40
