============================================================
 SYSTEM & SOFTWARE INFO
Mon Nov 10 12:48:59 CET 2025
test-000
Mon Nov 10 12:48:59 2025       
+---------------------------------------------------------------------------------------+
| NVIDIA-SMI 545.23.08              Driver Version: 545.23.08    CUDA Version: 12.3     |
|-----------------------------------------+----------------------+----------------------+
| GPU  Name                 Persistence-M | Bus-Id        Disp.A | Volatile Uncorr. ECC |
| Fan  Temp   Perf          Pwr:Usage/Cap |         Memory-Usage | GPU-Util  Compute M. |
|                                         |                      |               MIG M. |
|=========================================+======================+======================|
|   0  NVIDIA GeForce GTX 1080 Ti     On  | 00000000:02:00.0 Off |                  N/A |
| 23%   25C    P8               9W / 250W |      1MiB / 11264MiB |      0%      Default |
|                                         |                      |                  N/A |
+-----------------------------------------+----------------------+----------------------+
                                                                                         
+---------------------------------------------------------------------------------------+
| Processes:                                                                            |
|  GPU   GI   CI        PID   Type   Process name                            GPU Memory |
|        ID   ID                                                             Usage      |
|=======================================================================================|
|  No running processes found                                                           |
+---------------------------------------------------------------------------------------+
Torch: 2.0.0+cu117 CUDA: 11.7 cuDNN: 8500
Device: NVIDIA GeForce GTX 1080 Ti
============================================================
============================================================
  Activity multi-scale + Mixer fusion experiment
  SEED=5
  GPU=0
  HISTORY=3000
  SCALES=200,1200
  STRIDES=100,600
============================================================
