/home/solgi/MSP-IMTS/tPatchGNN/run_models.py
2025-11-09 13:51:42
run_models.py --dataset activity --history 3000 --hid_dim 32 --te_dim 10 --node_dim 10 --nlayer 1 --tf_layer 1 --nhead 1 --batch_size 32 --lr 1e-3 --w_decay 1e-4 --patience 80 --epoch 600 --seed 1 --gpu 0 --multi_scales 200,1200 --multi_strides 100,600 --fusion concat --state activity_mixer
Namespace(multi_scales='200,1200', multi_strides='100,600', fusion='concat', state='activity_mixer', n=100000000, hop=1, nhead=1, tf_layer=1, nlayer=1, epoch=600, patience=80, history=3000, patch_size=24, stride=24, logmode='a', lr=0.001, w_decay=0.0001, batch_size=32, save='experiments/', load=None, seed=1, dataset='activity', quantization=0.0, model='tPatchGNN', outlayer='Linear', hid_dim=32, te_dim=10, node_dim=10, gpu='0', npatch=125, device=device(type='cuda'), PID=1696311, pred_window=1000, ndim=12)
- Epoch 000, ExpID 24285
Train - Loss (one batch): 0.01463
Val - Loss, MSE, RMSE, MAE, MAPE: 0.01531, 0.01531, 0.12149, 0.09402, 339734.23%
Test - Best epoch, Loss, MSE, RMSE, MAE, MAPE: 0, 0.01463, 0.01463, 0.11901, 0.09311, 22.19%
Time spent: 15.47s
- Epoch 001, ExpID 24285
Train - Loss (one batch): 0.01340
Val - Loss, MSE, RMSE, MAE, MAPE: 0.01493, 0.01493, 0.12004, 0.09266, 337939.93%
Test - Best epoch, Loss, MSE, RMSE, MAE, MAPE: 1, 0.01428, 0.01428, 0.11764, 0.09195, 21.82%
Time spent: 15.05s
- Epoch 002, ExpID 24285
Train - Loss (one batch): 0.00705
Val - Loss, MSE, RMSE, MAE, MAPE: 0.00599, 0.00599, 0.07592, 0.05325, 271841.18%
Test - Best epoch, Loss, MSE, RMSE, MAE, MAPE: 2, 0.00592, 0.00592, 0.07563, 0.05304, 11.99%
Time spent: 15.07s
- Epoch 003, ExpID 24285
Train - Loss (one batch): 0.00573
Val - Loss, MSE, RMSE, MAE, MAPE: 0.00571, 0.00571, 0.07401, 0.05105, 274995.13%
Test - Best epoch, Loss, MSE, RMSE, MAE, MAPE: 3, 0.00565, 0.00565, 0.07382, 0.05108, 11.52%
Time spent: 15.09s
- Epoch 004, ExpID 24285
Train - Loss (one batch): 0.00614
Val - Loss, MSE, RMSE, MAE, MAPE: 0.00566, 0.00566, 0.07377, 0.05169, 280083.72%
Test - Best epoch, Loss, MSE, RMSE, MAE, MAPE: 4, 0.00560, 0.00560, 0.07352, 0.05165, 11.96%
Time spent: 15.12s
- Epoch 005, ExpID 24285
Train - Loss (one batch): 0.00484
Val - Loss, MSE, RMSE, MAE, MAPE: 0.00548, 0.00548, 0.07245, 0.04964, 276126.64%
Test - Best epoch, Loss, MSE, RMSE, MAE, MAPE: 5, 0.00542, 0.00542, 0.07225, 0.04968, 11.35%
Time spent: 15.08s
- Epoch 006, ExpID 24285
Train - Loss (one batch): 0.00461
Val - Loss, MSE, RMSE, MAE, MAPE: 0.00539, 0.00539, 0.07188, 0.04878, 268083.42%
Test - Best epoch, Loss, MSE, RMSE, MAE, MAPE: 6, 0.00535, 0.00535, 0.07181, 0.04889, 11.02%
Time spent: 15.11s
- Epoch 007, ExpID 24285
Train - Loss (one batch): 0.00420
Val - Loss, MSE, RMSE, MAE, MAPE: 0.00573, 0.00573, 0.07432, 0.05342, 280765.63%
Test - Best epoch, Loss, MSE, RMSE, MAE, MAPE: 6, 0.00535, 0.00535, 0.07181, 0.04889, 11.02%
Time spent: 13.55s
- Epoch 008, ExpID 24285
Train - Loss (one batch): 0.00458
Val - Loss, MSE, RMSE, MAE, MAPE: 0.00530, 0.00530, 0.07119, 0.04801, 263177.01%
Test - Best epoch, Loss, MSE, RMSE, MAE, MAPE: 8, 0.00527, 0.00527, 0.07121, 0.04824, 10.75%
Time spent: 15.12s
- Epoch 009, ExpID 24285
Train - Loss (one batch): 0.00546
Val - Loss, MSE, RMSE, MAE, MAPE: 0.00521, 0.00521, 0.07064, 0.04791, 263973.80%
Test - Best epoch, Loss, MSE, RMSE, MAE, MAPE: 9, 0.00519, 0.00519, 0.07074, 0.04841, 10.74%
Time spent: 15.11s
- Epoch 010, ExpID 24285
Train - Loss (one batch): 0.00514
Val - Loss, MSE, RMSE, MAE, MAPE: 0.00515, 0.00515, 0.07022, 0.04771, 267215.84%
Test - Best epoch, Loss, MSE, RMSE, MAE, MAPE: 10, 0.00512, 0.00512, 0.07025, 0.04805, 10.77%
Time spent: 15.12s
- Epoch 011, ExpID 24285
Train - Loss (one batch): 0.00661
Val - Loss, MSE, RMSE, MAE, MAPE: 0.00548, 0.00548, 0.07261, 0.05193, 277131.04%
Test - Best epoch, Loss, MSE, RMSE, MAE, MAPE: 10, 0.00512, 0.00512, 0.07025, 0.04805, 10.77%
Time spent: 13.56s
- Epoch 012, ExpID 24285
Train - Loss (one batch): 0.00517
Val - Loss, MSE, RMSE, MAE, MAPE: 0.00508, 0.00508, 0.06968, 0.04680, 263540.02%
Test - Best epoch, Loss, MSE, RMSE, MAE, MAPE: 12, 0.00501, 0.00501, 0.06942, 0.04695, 10.59%
Time spent: 15.11s
- Epoch 013, ExpID 24285
Train - Loss (one batch): 0.00477
Val - Loss, MSE, RMSE, MAE, MAPE: 0.00508, 0.00508, 0.06968, 0.04708, 264389.84%
Test - Best epoch, Loss, MSE, RMSE, MAE, MAPE: 13, 0.00500, 0.00500, 0.06929, 0.04707, 10.69%
Time spent: 15.13s
- Epoch 014, ExpID 24285
Train - Loss (one batch): 0.00423
Val - Loss, MSE, RMSE, MAE, MAPE: 0.00503, 0.00503, 0.06930, 0.04659, 263353.03%
Test - Best epoch, Loss, MSE, RMSE, MAE, MAPE: 14, 0.00496, 0.00496, 0.06905, 0.04678, 10.48%
Time spent: 15.13s
- Epoch 015, ExpID 24285
Train - Loss (one batch): 0.00368
Val - Loss, MSE, RMSE, MAE, MAPE: 0.00497, 0.00497, 0.06884, 0.04635, 265251.84%
Test - Best epoch, Loss, MSE, RMSE, MAE, MAPE: 15, 0.00492, 0.00492, 0.06872, 0.04671, 10.49%
Time spent: 15.13s
- Epoch 016, ExpID 24285
Train - Loss (one batch): 0.00502
Val - Loss, MSE, RMSE, MAE, MAPE: 0.00501, 0.00501, 0.06912, 0.04627, 257502.10%
Test - Best epoch, Loss, MSE, RMSE, MAE, MAPE: 15, 0.00492, 0.00492, 0.06872, 0.04671, 10.49%
Time spent: 13.56s
- Epoch 017, ExpID 24285
Train - Loss (one batch): 0.00563
Val - Loss, MSE, RMSE, MAE, MAPE: 0.00494, 0.00494, 0.06871, 0.04692, 275256.51%
Test - Best epoch, Loss, MSE, RMSE, MAE, MAPE: 17, 0.00486, 0.00486, 0.06833, 0.04718, 10.97%
Time spent: 15.15s
- Epoch 018, ExpID 24285
Train - Loss (one batch): 0.00423
Val - Loss, MSE, RMSE, MAE, MAPE: 0.00488, 0.00488, 0.06828, 0.04600, 270980.60%
Test - Best epoch, Loss, MSE, RMSE, MAE, MAPE: 18, 0.00480, 0.00480, 0.06785, 0.04624, 10.62%
Time spent: 15.13s
- Epoch 019, ExpID 24285
Train - Loss (one batch): 0.00476
Val - Loss, MSE, RMSE, MAE, MAPE: 0.00485, 0.00485, 0.06805, 0.04541, 263717.50%
Test - Best epoch, Loss, MSE, RMSE, MAE, MAPE: 19, 0.00478, 0.00478, 0.06769, 0.04561, 10.34%
Time spent: 15.13s
- Epoch 020, ExpID 24285
Train - Loss (one batch): 0.00473
Val - Loss, MSE, RMSE, MAE, MAPE: 0.00483, 0.00483, 0.06792, 0.04544, 262451.14%
Test - Best epoch, Loss, MSE, RMSE, MAE, MAPE: 20, 0.00476, 0.00476, 0.06759, 0.04573, 10.32%
Time spent: 15.14s
- Epoch 021, ExpID 24285
Train - Loss (one batch): 0.00376
Val - Loss, MSE, RMSE, MAE, MAPE: 0.00485, 0.00485, 0.06799, 0.04567, 266997.48%
Test - Best epoch, Loss, MSE, RMSE, MAE, MAPE: 20, 0.00476, 0.00476, 0.06759, 0.04573, 10.32%
Time spent: 13.59s
- Epoch 022, ExpID 24285
Train - Loss (one batch): 0.00307
Val - Loss, MSE, RMSE, MAE, MAPE: 0.00490, 0.00490, 0.06849, 0.04677, 272382.33%
Test - Best epoch, Loss, MSE, RMSE, MAE, MAPE: 20, 0.00476, 0.00476, 0.06759, 0.04573, 10.32%
Time spent: 13.58s
- Epoch 023, ExpID 24285
Train - Loss (one batch): 0.00442
Val - Loss, MSE, RMSE, MAE, MAPE: 0.00488, 0.00488, 0.06829, 0.04647, 268199.22%
Test - Best epoch, Loss, MSE, RMSE, MAE, MAPE: 20, 0.00476, 0.00476, 0.06759, 0.04573, 10.32%
Time spent: 13.59s
- Epoch 024, ExpID 24285
Train - Loss (one batch): 0.00452
Val - Loss, MSE, RMSE, MAE, MAPE: 0.00477, 0.00477, 0.06741, 0.04495, 267829.42%
Test - Best epoch, Loss, MSE, RMSE, MAE, MAPE: 24, 0.00467, 0.00467, 0.06691, 0.04499, 10.25%
Time spent: 15.08s
- Epoch 025, ExpID 24285
Train - Loss (one batch): 0.00422
Val - Loss, MSE, RMSE, MAE, MAPE: 0.00494, 0.00494, 0.06878, 0.04739, 280753.37%
Test - Best epoch, Loss, MSE, RMSE, MAE, MAPE: 24, 0.00467, 0.00467, 0.06691, 0.04499, 10.25%
Time spent: 13.56s
- Epoch 026, ExpID 24285
Train - Loss (one batch): 0.00459
Val - Loss, MSE, RMSE, MAE, MAPE: 0.00475, 0.00475, 0.06737, 0.04535, 272978.28%
Test - Best epoch, Loss, MSE, RMSE, MAE, MAPE: 26, 0.00465, 0.00465, 0.06673, 0.04550, 10.60%
Time spent: 15.16s
- Epoch 027, ExpID 24285
Train - Loss (one batch): 0.00370
Val - Loss, MSE, RMSE, MAE, MAPE: 0.00471, 0.00471, 0.06704, 0.04481, 271223.30%
Test - Best epoch, Loss, MSE, RMSE, MAE, MAPE: 27, 0.00463, 0.00463, 0.06657, 0.04506, 10.34%
Time spent: 15.13s
- Epoch 028, ExpID 24285
Train - Loss (one batch): 0.00610
Val - Loss, MSE, RMSE, MAE, MAPE: 0.00483, 0.00483, 0.06791, 0.04586, 262989.91%
Test - Best epoch, Loss, MSE, RMSE, MAE, MAPE: 27, 0.00463, 0.00463, 0.06657, 0.04506, 10.34%
Time spent: 13.59s
- Epoch 029, ExpID 24285
Train - Loss (one batch): 0.00378
Val - Loss, MSE, RMSE, MAE, MAPE: 0.00491, 0.00491, 0.06860, 0.04721, 265829.80%
Test - Best epoch, Loss, MSE, RMSE, MAE, MAPE: 27, 0.00463, 0.00463, 0.06657, 0.04506, 10.34%
Time spent: 13.58s
- Epoch 030, ExpID 24285
Train - Loss (one batch): 0.00674
Val - Loss, MSE, RMSE, MAE, MAPE: 0.00471, 0.00471, 0.06708, 0.04526, 272518.37%
Test - Best epoch, Loss, MSE, RMSE, MAE, MAPE: 30, 0.00460, 0.00460, 0.06641, 0.04537, 10.58%
Time spent: 15.16s
- Epoch 031, ExpID 24285
Train - Loss (one batch): 0.00447
Val - Loss, MSE, RMSE, MAE, MAPE: 0.00471, 0.00471, 0.06700, 0.04496, 269434.12%
Test - Best epoch, Loss, MSE, RMSE, MAE, MAPE: 31, 0.00459, 0.00459, 0.06626, 0.04492, 10.36%
Time spent: 15.13s
- Epoch 032, ExpID 24285
Train - Loss (one batch): 0.00421
Val - Loss, MSE, RMSE, MAE, MAPE: 0.00467, 0.00467, 0.06677, 0.04494, 266885.92%
Test - Best epoch, Loss, MSE, RMSE, MAE, MAPE: 32, 0.00456, 0.00456, 0.06612, 0.04504, 10.39%
Time spent: 15.14s
- Epoch 033, ExpID 24285
Train - Loss (one batch): 0.00412
Val - Loss, MSE, RMSE, MAE, MAPE: 0.00486, 0.00486, 0.06823, 0.04696, 280193.88%
Test - Best epoch, Loss, MSE, RMSE, MAE, MAPE: 32, 0.00456, 0.00456, 0.06612, 0.04504, 10.39%
Time spent: 13.57s
- Epoch 034, ExpID 24285
Train - Loss (one batch): 0.00489
Val - Loss, MSE, RMSE, MAE, MAPE: 0.00468, 0.00468, 0.06678, 0.04490, 269072.31%
Test - Best epoch, Loss, MSE, RMSE, MAE, MAPE: 32, 0.00456, 0.00456, 0.06612, 0.04504, 10.39%
Time spent: 13.51s
- Epoch 035, ExpID 24285
Train - Loss (one batch): 0.00404
Val - Loss, MSE, RMSE, MAE, MAPE: 0.00468, 0.00468, 0.06686, 0.04508, 272784.46%
Test - Best epoch, Loss, MSE, RMSE, MAE, MAPE: 32, 0.00456, 0.00456, 0.06612, 0.04504, 10.39%
Time spent: 13.58s
- Epoch 036, ExpID 24285
Train - Loss (one batch): 0.00401
Val - Loss, MSE, RMSE, MAE, MAPE: 0.00468, 0.00468, 0.06675, 0.04474, 264092.05%
Test - Best epoch, Loss, MSE, RMSE, MAE, MAPE: 32, 0.00456, 0.00456, 0.06612, 0.04504, 10.39%
Time spent: 13.53s
- Epoch 037, ExpID 24285
Train - Loss (one batch): 0.00477
Val - Loss, MSE, RMSE, MAE, MAPE: 0.00472, 0.00472, 0.06721, 0.04596, 277495.00%
Test - Best epoch, Loss, MSE, RMSE, MAE, MAPE: 32, 0.00456, 0.00456, 0.06612, 0.04504, 10.39%
Time spent: 13.55s
- Epoch 038, ExpID 24285
Train - Loss (one batch): 0.00335
Val - Loss, MSE, RMSE, MAE, MAPE: 0.00464, 0.00464, 0.06652, 0.04491, 273199.22%
Test - Best epoch, Loss, MSE, RMSE, MAE, MAPE: 38, 0.00452, 0.00452, 0.06577, 0.04506, 10.53%
Time spent: 15.07s
- Epoch 039, ExpID 24285
Train - Loss (one batch): 0.00448
Val - Loss, MSE, RMSE, MAE, MAPE: 0.00465, 0.00465, 0.06657, 0.04486, 267557.73%
Test - Best epoch, Loss, MSE, RMSE, MAE, MAPE: 38, 0.00452, 0.00452, 0.06577, 0.04506, 10.53%
Time spent: 13.54s
- Epoch 040, ExpID 24285
Train - Loss (one batch): 0.00334
Val - Loss, MSE, RMSE, MAE, MAPE: 0.00489, 0.00489, 0.06846, 0.04759, 278867.78%
Test - Best epoch, Loss, MSE, RMSE, MAE, MAPE: 38, 0.00452, 0.00452, 0.06577, 0.04506, 10.53%
Time spent: 13.58s
- Epoch 041, ExpID 24285
Train - Loss (one batch): 0.00411
Val - Loss, MSE, RMSE, MAE, MAPE: 0.00464, 0.00464, 0.06652, 0.04495, 269578.22%
Test - Best epoch, Loss, MSE, RMSE, MAE, MAPE: 41, 0.00451, 0.00451, 0.06569, 0.04483, 10.39%
Time spent: 15.11s
- Epoch 042, ExpID 24285
Train - Loss (one batch): 0.00409
Val - Loss, MSE, RMSE, MAE, MAPE: 0.00461, 0.00461, 0.06628, 0.04450, 268196.87%
Test - Best epoch, Loss, MSE, RMSE, MAE, MAPE: 42, 0.00448, 0.00448, 0.06549, 0.04453, 10.25%
Time spent: 15.10s
- Epoch 043, ExpID 24285
Train - Loss (one batch): 0.00389
Val - Loss, MSE, RMSE, MAE, MAPE: 0.00463, 0.00463, 0.06649, 0.04479, 262026.87%
Test - Best epoch, Loss, MSE, RMSE, MAE, MAPE: 42, 0.00448, 0.00448, 0.06549, 0.04453, 10.25%
Time spent: 13.09s
- Epoch 044, ExpID 24285
Train - Loss (one batch): 0.00587
Val - Loss, MSE, RMSE, MAE, MAPE: 0.00478, 0.00478, 0.06770, 0.04687, 274481.68%
Test - Best epoch, Loss, MSE, RMSE, MAE, MAPE: 42, 0.00448, 0.00448, 0.06549, 0.04453, 10.25%
Time spent: 13.58s
- Epoch 045, ExpID 24285
Train - Loss (one batch): 0.00446
Val - Loss, MSE, RMSE, MAE, MAPE: 0.00468, 0.00468, 0.06689, 0.04560, 272919.92%
Test - Best epoch, Loss, MSE, RMSE, MAE, MAPE: 42, 0.00448, 0.00448, 0.06549, 0.04453, 10.25%
Time spent: 13.55s
- Epoch 046, ExpID 24285
Train - Loss (one batch): 0.00451
Val - Loss, MSE, RMSE, MAE, MAPE: 0.00456, 0.00456, 0.06588, 0.04403, 271678.45%
Test - Best epoch, Loss, MSE, RMSE, MAE, MAPE: 46, 0.00444, 0.00444, 0.06519, 0.04422, 10.24%
Time spent: 15.07s
- Epoch 047, ExpID 24285
Train - Loss (one batch): 0.00370
Val - Loss, MSE, RMSE, MAE, MAPE: 0.00454, 0.00454, 0.06572, 0.04406, 271095.93%
Test - Best epoch, Loss, MSE, RMSE, MAE, MAPE: 47, 0.00444, 0.00444, 0.06512, 0.04440, 10.28%
Time spent: 15.10s
- Epoch 048, ExpID 24285
Train - Loss (one batch): 0.00373
Val - Loss, MSE, RMSE, MAE, MAPE: 0.00452, 0.00452, 0.06564, 0.04399, 270723.28%
Test - Best epoch, Loss, MSE, RMSE, MAE, MAPE: 48, 0.00442, 0.00442, 0.06505, 0.04431, 10.25%
Time spent: 15.13s
- Epoch 049, ExpID 24285
Train - Loss (one batch): 0.00364
Val - Loss, MSE, RMSE, MAE, MAPE: 0.00452, 0.00452, 0.06565, 0.04402, 263654.94%
Test - Best epoch, Loss, MSE, RMSE, MAE, MAPE: 48, 0.00442, 0.00442, 0.06505, 0.04431, 10.25%
Time spent: 13.58s
- Epoch 050, ExpID 24285
Train - Loss (one batch): 0.00324
Val - Loss, MSE, RMSE, MAE, MAPE: 0.00448, 0.00448, 0.06537, 0.04389, 270277.00%
Test - Best epoch, Loss, MSE, RMSE, MAE, MAPE: 50, 0.00436, 0.00436, 0.06452, 0.04404, 10.23%
Time spent: 15.07s
- Epoch 051, ExpID 24285
Train - Loss (one batch): 0.00437
Val - Loss, MSE, RMSE, MAE, MAPE: 0.00452, 0.00452, 0.06569, 0.04429, 263315.51%
Test - Best epoch, Loss, MSE, RMSE, MAE, MAPE: 50, 0.00436, 0.00436, 0.06452, 0.04404, 10.23%
Time spent: 13.50s
- Epoch 052, ExpID 24285
Train - Loss (one batch): 0.00353
Val - Loss, MSE, RMSE, MAE, MAPE: 0.00446, 0.00446, 0.06524, 0.04383, 271315.78%
Test - Best epoch, Loss, MSE, RMSE, MAE, MAPE: 52, 0.00432, 0.00432, 0.06426, 0.04370, 10.21%
Time spent: 15.15s
- Epoch 053, ExpID 24285
Train - Loss (one batch): 0.00273
Val - Loss, MSE, RMSE, MAE, MAPE: 0.00443, 0.00443, 0.06500, 0.04356, 268544.18%
Test - Best epoch, Loss, MSE, RMSE, MAE, MAPE: 53, 0.00429, 0.00429, 0.06406, 0.04342, 10.06%
Time spent: 15.12s
- Epoch 054, ExpID 24285
Train - Loss (one batch): 0.00344
Val - Loss, MSE, RMSE, MAE, MAPE: 0.00445, 0.00445, 0.06510, 0.04384, 262749.27%
Test - Best epoch, Loss, MSE, RMSE, MAE, MAPE: 53, 0.00429, 0.00429, 0.06406, 0.04342, 10.06%
Time spent: 13.55s
- Epoch 055, ExpID 24285
Train - Loss (one batch): 0.00449
Val - Loss, MSE, RMSE, MAE, MAPE: 0.00446, 0.00446, 0.06526, 0.04419, 267529.16%
Test - Best epoch, Loss, MSE, RMSE, MAE, MAPE: 53, 0.00429, 0.00429, 0.06406, 0.04342, 10.06%
Time spent: 13.56s
- Epoch 056, ExpID 24285
Train - Loss (one batch): 0.00371
Val - Loss, MSE, RMSE, MAE, MAPE: 0.00447, 0.00447, 0.06543, 0.04481, 266249.23%
Test - Best epoch, Loss, MSE, RMSE, MAE, MAPE: 53, 0.00429, 0.00429, 0.06406, 0.04342, 10.06%
Time spent: 13.55s
- Epoch 057, ExpID 24285
Train - Loss (one batch): 0.00409
Val - Loss, MSE, RMSE, MAE, MAPE: 0.00448, 0.00448, 0.06542, 0.04482, 280936.16%
Test - Best epoch, Loss, MSE, RMSE, MAE, MAPE: 53, 0.00429, 0.00429, 0.06406, 0.04342, 10.06%
Time spent: 13.60s
- Epoch 058, ExpID 24285
Train - Loss (one batch): 0.00419
Val - Loss, MSE, RMSE, MAE, MAPE: 0.00431, 0.00431, 0.06404, 0.04276, 270552.74%
Test - Best epoch, Loss, MSE, RMSE, MAE, MAPE: 58, 0.00417, 0.00417, 0.06305, 0.04288, 10.01%
Time spent: 15.11s
- Epoch 059, ExpID 24285
Train - Loss (one batch): 0.00304
Val - Loss, MSE, RMSE, MAE, MAPE: 0.00437, 0.00437, 0.06449, 0.04326, 261074.66%
Test - Best epoch, Loss, MSE, RMSE, MAE, MAPE: 58, 0.00417, 0.00417, 0.06305, 0.04288, 10.01%
Time spent: 13.57s
- Epoch 060, ExpID 24285
Train - Loss (one batch): 0.00433
Val - Loss, MSE, RMSE, MAE, MAPE: 0.00434, 0.00434, 0.06418, 0.04283, 261675.96%
Test - Best epoch, Loss, MSE, RMSE, MAE, MAPE: 58, 0.00417, 0.00417, 0.06305, 0.04288, 10.01%
Time spent: 13.57s
- Epoch 061, ExpID 24285
Train - Loss (one batch): 0.00374
Val - Loss, MSE, RMSE, MAE, MAPE: 0.00424, 0.00424, 0.06355, 0.04248, 271294.92%
Test - Best epoch, Loss, MSE, RMSE, MAE, MAPE: 61, 0.00412, 0.00412, 0.06269, 0.04271, 9.87%
Time spent: 15.10s
- Epoch 062, ExpID 24285
Train - Loss (one batch): 0.00304
Val - Loss, MSE, RMSE, MAE, MAPE: 0.00418, 0.00418, 0.06310, 0.04214, 270976.71%
Test - Best epoch, Loss, MSE, RMSE, MAE, MAPE: 62, 0.00405, 0.00405, 0.06215, 0.04224, 9.89%
Time spent: 15.10s
- Epoch 063, ExpID 24285
Train - Loss (one batch): 0.00330
Val - Loss, MSE, RMSE, MAE, MAPE: 0.00419, 0.00419, 0.06321, 0.04220, 271054.47%
Test - Best epoch, Loss, MSE, RMSE, MAE, MAPE: 62, 0.00405, 0.00405, 0.06215, 0.04224, 9.89%
Time spent: 13.56s
- Epoch 064, ExpID 24285
Train - Loss (one batch): 0.00449
Val - Loss, MSE, RMSE, MAE, MAPE: 0.00429, 0.00429, 0.06406, 0.04368, 272920.94%
Test - Best epoch, Loss, MSE, RMSE, MAE, MAPE: 62, 0.00405, 0.00405, 0.06215, 0.04224, 9.89%
Time spent: 13.57s
- Epoch 065, ExpID 24285
Train - Loss (one batch): 0.00417
Val - Loss, MSE, RMSE, MAE, MAPE: 0.00405, 0.00405, 0.06217, 0.04113, 268063.24%
Test - Best epoch, Loss, MSE, RMSE, MAE, MAPE: 65, 0.00393, 0.00393, 0.06124, 0.04114, 9.70%
Time spent: 15.10s
- Epoch 066, ExpID 24285
Train - Loss (one batch): 0.00315
Val - Loss, MSE, RMSE, MAE, MAPE: 0.00399, 0.00399, 0.06161, 0.04090, 264329.63%
Test - Best epoch, Loss, MSE, RMSE, MAE, MAPE: 66, 0.00389, 0.00389, 0.06079, 0.04095, 9.47%
Time spent: 14.46s
- Epoch 067, ExpID 24285
Train - Loss (one batch): 0.00315
Val - Loss, MSE, RMSE, MAE, MAPE: 0.00387, 0.00387, 0.06072, 0.04024, 263939.21%
Test - Best epoch, Loss, MSE, RMSE, MAE, MAPE: 67, 0.00373, 0.00373, 0.05959, 0.03994, 9.33%
Time spent: 14.46s
- Epoch 068, ExpID 24285
Train - Loss (one batch): 0.00252
Val - Loss, MSE, RMSE, MAE, MAPE: 0.00371, 0.00371, 0.05944, 0.03878, 262651.57%
Test - Best epoch, Loss, MSE, RMSE, MAE, MAPE: 68, 0.00359, 0.00359, 0.05839, 0.03877, 9.11%
Time spent: 15.03s
- Epoch 069, ExpID 24285
Train - Loss (one batch): 0.00466
Val - Loss, MSE, RMSE, MAE, MAPE: 0.00371, 0.00371, 0.05955, 0.04018, 271112.07%
Test - Best epoch, Loss, MSE, RMSE, MAE, MAPE: 69, 0.00361, 0.00361, 0.05868, 0.04015, 9.71%
Time spent: 15.16s
- Epoch 070, ExpID 24285
Train - Loss (one batch): 0.00344
Val - Loss, MSE, RMSE, MAE, MAPE: 0.00348, 0.00348, 0.05761, 0.03751, 255326.45%
Test - Best epoch, Loss, MSE, RMSE, MAE, MAPE: 70, 0.00342, 0.00342, 0.05700, 0.03765, 8.62%
Time spent: 15.08s
- Epoch 071, ExpID 24285
Train - Loss (one batch): 0.00197
Val - Loss, MSE, RMSE, MAE, MAPE: 0.00336, 0.00336, 0.05653, 0.03670, 248692.99%
Test - Best epoch, Loss, MSE, RMSE, MAE, MAPE: 71, 0.00325, 0.00325, 0.05550, 0.03645, 8.48%
Time spent: 15.02s
- Epoch 072, ExpID 24285
Train - Loss (one batch): 0.00431
Val - Loss, MSE, RMSE, MAE, MAPE: 0.00328, 0.00328, 0.05579, 0.03625, 253126.51%
Test - Best epoch, Loss, MSE, RMSE, MAE, MAPE: 72, 0.00318, 0.00318, 0.05493, 0.03631, 8.56%
Time spent: 15.08s
- Epoch 073, ExpID 24285
Train - Loss (one batch): 0.00215
Val - Loss, MSE, RMSE, MAE, MAPE: 0.00324, 0.00324, 0.05548, 0.03569, 252348.87%
Test - Best epoch, Loss, MSE, RMSE, MAE, MAPE: 73, 0.00316, 0.00316, 0.05470, 0.03572, 8.33%
Time spent: 15.14s
- Epoch 074, ExpID 24285
Train - Loss (one batch): 0.00320
Val - Loss, MSE, RMSE, MAE, MAPE: 0.00322, 0.00322, 0.05531, 0.03561, 250769.57%
Test - Best epoch, Loss, MSE, RMSE, MAE, MAPE: 74, 0.00314, 0.00314, 0.05455, 0.03560, 8.34%
Time spent: 15.10s
- Epoch 075, ExpID 24285
Train - Loss (one batch): 0.00313
Val - Loss, MSE, RMSE, MAE, MAPE: 0.00319, 0.00319, 0.05509, 0.03560, 254705.28%
Test - Best epoch, Loss, MSE, RMSE, MAE, MAPE: 75, 0.00311, 0.00311, 0.05427, 0.03566, 8.45%
Time spent: 15.11s
- Epoch 076, ExpID 24285
Train - Loss (one batch): 0.00315
Val - Loss, MSE, RMSE, MAE, MAPE: 0.00318, 0.00318, 0.05496, 0.03515, 249288.33%
Test - Best epoch, Loss, MSE, RMSE, MAE, MAPE: 76, 0.00311, 0.00311, 0.05423, 0.03530, 8.16%
Time spent: 15.09s
- Epoch 077, ExpID 24285
Train - Loss (one batch): 0.00309
Val - Loss, MSE, RMSE, MAE, MAPE: 0.00316, 0.00316, 0.05484, 0.03510, 252341.55%
Test - Best epoch, Loss, MSE, RMSE, MAE, MAPE: 77, 0.00309, 0.00309, 0.05406, 0.03524, 8.23%
Time spent: 15.08s
- Epoch 078, ExpID 24285
Train - Loss (one batch): 0.00394
Val - Loss, MSE, RMSE, MAE, MAPE: 0.00314, 0.00314, 0.05468, 0.03546, 252811.92%
Test - Best epoch, Loss, MSE, RMSE, MAE, MAPE: 78, 0.00308, 0.00308, 0.05405, 0.03556, 8.35%
Time spent: 15.13s
- Epoch 079, ExpID 24285
Train - Loss (one batch): 0.00278
Val - Loss, MSE, RMSE, MAE, MAPE: 0.00315, 0.00315, 0.05473, 0.03510, 250050.15%
Test - Best epoch, Loss, MSE, RMSE, MAE, MAPE: 78, 0.00308, 0.00308, 0.05405, 0.03556, 8.35%
Time spent: 13.50s
- Epoch 080, ExpID 24285
Train - Loss (one batch): 0.00208
Val - Loss, MSE, RMSE, MAE, MAPE: 0.00312, 0.00312, 0.05449, 0.03501, 247878.14%
Test - Best epoch, Loss, MSE, RMSE, MAE, MAPE: 80, 0.00304, 0.00304, 0.05370, 0.03499, 8.13%
Time spent: 15.15s
- Epoch 081, ExpID 24285
Train - Loss (one batch): 0.00203
Val - Loss, MSE, RMSE, MAE, MAPE: 0.00324, 0.00324, 0.05546, 0.03572, 259119.28%
Test - Best epoch, Loss, MSE, RMSE, MAE, MAPE: 80, 0.00304, 0.00304, 0.05370, 0.03499, 8.13%
Time spent: 13.61s
- Epoch 082, ExpID 24285
Train - Loss (one batch): 0.00278
Val - Loss, MSE, RMSE, MAE, MAPE: 0.00314, 0.00314, 0.05467, 0.03535, 247381.76%
Test - Best epoch, Loss, MSE, RMSE, MAE, MAPE: 80, 0.00304, 0.00304, 0.05370, 0.03499, 8.13%
Time spent: 13.58s
- Epoch 083, ExpID 24285
Train - Loss (one batch): 0.00419
Val - Loss, MSE, RMSE, MAE, MAPE: 0.00309, 0.00309, 0.05420, 0.03463, 243043.99%
Test - Best epoch, Loss, MSE, RMSE, MAE, MAPE: 83, 0.00301, 0.00301, 0.05342, 0.03460, 8.07%
Time spent: 15.12s
- Epoch 084, ExpID 24285
Train - Loss (one batch): 0.00289
Val - Loss, MSE, RMSE, MAE, MAPE: 0.00309, 0.00309, 0.05424, 0.03515, 254257.00%
Test - Best epoch, Loss, MSE, RMSE, MAE, MAPE: 83, 0.00301, 0.00301, 0.05342, 0.03460, 8.07%
Time spent: 13.57s
- Epoch 085, ExpID 24285
Train - Loss (one batch): 0.00259
Val - Loss, MSE, RMSE, MAE, MAPE: 0.00307, 0.00307, 0.05408, 0.03508, 252596.16%
Test - Best epoch, Loss, MSE, RMSE, MAE, MAPE: 85, 0.00301, 0.00301, 0.05342, 0.03518, 8.34%
Time spent: 15.15s
- Epoch 086, ExpID 24285
Train - Loss (one batch): 0.00239
Val - Loss, MSE, RMSE, MAE, MAPE: 0.00306, 0.00306, 0.05391, 0.03444, 250712.15%
Test - Best epoch, Loss, MSE, RMSE, MAE, MAPE: 86, 0.00297, 0.00297, 0.05308, 0.03451, 8.18%
Time spent: 15.13s
- Epoch 087, ExpID 24285
Train - Loss (one batch): 0.00339
Val - Loss, MSE, RMSE, MAE, MAPE: 0.00304, 0.00304, 0.05376, 0.03455, 249937.98%
Test - Best epoch, Loss, MSE, RMSE, MAE, MAPE: 87, 0.00298, 0.00298, 0.05311, 0.03488, 8.21%
Time spent: 15.10s
- Epoch 088, ExpID 24285
Train - Loss (one batch): 0.00284
Val - Loss, MSE, RMSE, MAE, MAPE: 0.00309, 0.00309, 0.05426, 0.03510, 245811.66%
Test - Best epoch, Loss, MSE, RMSE, MAE, MAPE: 87, 0.00298, 0.00298, 0.05311, 0.03488, 8.21%
Time spent: 13.56s
- Epoch 089, ExpID 24285
Train - Loss (one batch): 0.00360
Val - Loss, MSE, RMSE, MAE, MAPE: 0.00310, 0.00310, 0.05435, 0.03529, 248960.15%
Test - Best epoch, Loss, MSE, RMSE, MAE, MAPE: 87, 0.00298, 0.00298, 0.05311, 0.03488, 8.21%
Time spent: 13.54s
- Epoch 090, ExpID 24285
Train - Loss (one batch): 0.00164
Val - Loss, MSE, RMSE, MAE, MAPE: 0.00310, 0.00310, 0.05431, 0.03511, 254668.53%
Test - Best epoch, Loss, MSE, RMSE, MAE, MAPE: 87, 0.00298, 0.00298, 0.05311, 0.03488, 8.21%
Time spent: 13.58s
- Epoch 091, ExpID 24285
Train - Loss (one batch): 0.00333
Val - Loss, MSE, RMSE, MAE, MAPE: 0.00310, 0.00310, 0.05425, 0.03483, 251135.13%
Test - Best epoch, Loss, MSE, RMSE, MAE, MAPE: 87, 0.00298, 0.00298, 0.05311, 0.03488, 8.21%
Time spent: 13.62s
- Epoch 092, ExpID 24285
Train - Loss (one batch): 0.00269
Val - Loss, MSE, RMSE, MAE, MAPE: 0.00302, 0.00302, 0.05358, 0.03410, 247298.90%
Test - Best epoch, Loss, MSE, RMSE, MAE, MAPE: 92, 0.00295, 0.00295, 0.05280, 0.03414, 8.02%
Time spent: 15.12s
- Epoch 093, ExpID 24285
Train - Loss (one batch): 0.00213
Val - Loss, MSE, RMSE, MAE, MAPE: 0.00303, 0.00303, 0.05362, 0.03410, 247283.87%
Test - Best epoch, Loss, MSE, RMSE, MAE, MAPE: 92, 0.00295, 0.00295, 0.05280, 0.03414, 8.02%
Time spent: 13.53s
- Epoch 094, ExpID 24285
Train - Loss (one batch): 0.00251
Val - Loss, MSE, RMSE, MAE, MAPE: 0.00302, 0.00302, 0.05361, 0.03446, 243944.82%
Test - Best epoch, Loss, MSE, RMSE, MAE, MAPE: 92, 0.00295, 0.00295, 0.05280, 0.03414, 8.02%
Time spent: 13.56s
- Epoch 095, ExpID 24285
Train - Loss (one batch): 0.00201
Val - Loss, MSE, RMSE, MAE, MAPE: 0.00301, 0.00301, 0.05347, 0.03407, 246281.30%
Test - Best epoch, Loss, MSE, RMSE, MAE, MAPE: 95, 0.00293, 0.00293, 0.05269, 0.03406, 8.04%
Time spent: 15.11s
- Epoch 096, ExpID 24285
Train - Loss (one batch): 0.00272
Val - Loss, MSE, RMSE, MAE, MAPE: 0.00308, 0.00308, 0.05411, 0.03511, 238076.68%
Test - Best epoch, Loss, MSE, RMSE, MAE, MAPE: 95, 0.00293, 0.00293, 0.05269, 0.03406, 8.04%
Time spent: 13.56s
- Epoch 097, ExpID 24285
Train - Loss (one batch): 0.00358
Val - Loss, MSE, RMSE, MAE, MAPE: 0.00303, 0.00303, 0.05376, 0.03462, 251141.45%
Test - Best epoch, Loss, MSE, RMSE, MAE, MAPE: 95, 0.00293, 0.00293, 0.05269, 0.03406, 8.04%
Time spent: 13.56s
- Epoch 098, ExpID 24285
Train - Loss (one batch): 0.00325
Val - Loss, MSE, RMSE, MAE, MAPE: 0.00304, 0.00304, 0.05381, 0.03477, 251702.64%
Test - Best epoch, Loss, MSE, RMSE, MAE, MAPE: 95, 0.00293, 0.00293, 0.05269, 0.03406, 8.04%
Time spent: 13.56s
- Epoch 099, ExpID 24285
Train - Loss (one batch): 0.00270
Val - Loss, MSE, RMSE, MAE, MAPE: 0.00299, 0.00299, 0.05329, 0.03418, 247170.77%
Test - Best epoch, Loss, MSE, RMSE, MAE, MAPE: 99, 0.00292, 0.00292, 0.05258, 0.03424, 8.10%
Time spent: 15.15s
- Epoch 100, ExpID 24285
Train - Loss (one batch): 0.00288
Val - Loss, MSE, RMSE, MAE, MAPE: 0.00305, 0.00305, 0.05386, 0.03483, 256005.05%
Test - Best epoch, Loss, MSE, RMSE, MAE, MAPE: 99, 0.00292, 0.00292, 0.05258, 0.03424, 8.10%
Time spent: 13.58s
- Epoch 101, ExpID 24285
Train - Loss (one batch): 0.00299
Val - Loss, MSE, RMSE, MAE, MAPE: 0.00296, 0.00296, 0.05298, 0.03356, 247394.30%
Test - Best epoch, Loss, MSE, RMSE, MAE, MAPE: 101, 0.00289, 0.00289, 0.05230, 0.03375, 7.93%
Time spent: 15.11s
- Epoch 102, ExpID 24285
Train - Loss (one batch): 0.00263
Val - Loss, MSE, RMSE, MAE, MAPE: 0.00297, 0.00297, 0.05314, 0.03387, 240449.28%
Test - Best epoch, Loss, MSE, RMSE, MAE, MAPE: 101, 0.00289, 0.00289, 0.05230, 0.03375, 7.93%
Time spent: 13.56s
slurmstepd: error: *** JOB 276880 ON test-000 CANCELLED AT 2025-11-09T14:16:41 ***
