/home/solgi/MSP-IMTS/tPatchGNN/run_models.py
2025-11-16 15:09:10
run_models.py --dataset activity --history 4000 --hid_dim 32 --te_dim 10 --node_dim 10 --nlayer 1 --tf_layer 1 --nhead 1 --batch_size 32 --lr 1e-3 --w_decay 1e-4 --patience 80 --epoch 600 --seed 5 --gpu 0 --multi_scales 200,1200 --multi_strides 100,600 --fusion concat --state activity_mixer
Namespace(multi_scales='200,1200', multi_strides='100,600', fusion='concat', disable_fusion_mixer=False, fusion_mixer_hidden_mult=2.0, fusion_mixer_dropout=0.1, fusion_track_stats=False, state='activity_mixer', n=100000000, hop=1, nhead=1, tf_layer=1, nlayer=1, epoch=600, patience=80, history=4000, model='tPatchGNN', patch_size=24, stride=24, logmode='a', lr=0.001, w_decay=0.0001, batch_size=32, save='experiments/', load=None, seed=5, dataset='activity', hid_dim=32, te_dim=10, node_dim=10, gpu='0', cpu=False, outlayer='fc', device=device(type='cuda'), npatch=167, pred_window=1000, ndim=12)
Fusion block: NodeMixerBlock (tokens=12.0, fused_dim=64.0)
Could not save checkpoint to experiments/experiment_32820.ckpt: Parent directory experiments does not exist.
- Epoch 000, ExpID 32820
Train - Loss (one batch): 0.01146
Val   - Loss, MSE, RMSE, MAE, MAPE: 0.01456, 0.01456, 0.12064, 0.09103, 24.83%
Test  - Best epoch, Loss, MSE, RMSE, MAE, MAPE: 0, 0.01307, 0.01307, 0.11432, 0.08760, 21.42%
Time spent: 22.87s
Could not save checkpoint to experiments/experiment_32820.ckpt: Parent directory experiments does not exist.
- Epoch 001, ExpID 32820
Train - Loss (one batch): 0.00614
Val   - Loss, MSE, RMSE, MAE, MAPE: 0.00799, 0.00799, 0.08941, 0.06564, 17.80%
Test  - Best epoch, Loss, MSE, RMSE, MAE, MAPE: 1, 0.00698, 0.00698, 0.08352, 0.06245, 14.82%
Time spent: 22.61s
Could not save checkpoint to experiments/experiment_32820.ckpt: Parent directory experiments does not exist.
- Epoch 002, ExpID 32820
Train - Loss (one batch): 0.00798
Val   - Loss, MSE, RMSE, MAE, MAPE: 0.00688, 0.00688, 0.08296, 0.06050, 15.24%
Test  - Best epoch, Loss, MSE, RMSE, MAE, MAPE: 2, 0.00621, 0.00621, 0.07882, 0.05802, 12.82%
Time spent: 22.64s
Could not save checkpoint to experiments/experiment_32820.ckpt: Parent directory experiments does not exist.
- Epoch 003, ExpID 32820
Train - Loss (one batch): 0.00520
Val   - Loss, MSE, RMSE, MAE, MAPE: 0.00620, 0.00620, 0.07876, 0.05611, 14.36%
Test  - Best epoch, Loss, MSE, RMSE, MAE, MAPE: 3, 0.00567, 0.00567, 0.07529, 0.05415, 12.18%
Time spent: 22.61s
- Epoch 004, ExpID 32820
Train - Loss (one batch): 0.00654
Val   - Loss, MSE, RMSE, MAE, MAPE: 0.00717, 0.00717, 0.08465, 0.06319, 15.06%
Test  - Best epoch, Loss, MSE, RMSE, MAE, MAPE: 3, 0.00567, 0.00567, 0.07529, 0.05415, 12.18%
Time spent: 20.42s
- Epoch 005, ExpID 32820
Train - Loss (one batch): 0.00579
Val   - Loss, MSE, RMSE, MAE, MAPE: 0.00642, 0.00642, 0.08010, 0.05790, 14.33%
Test  - Best epoch, Loss, MSE, RMSE, MAE, MAPE: 3, 0.00567, 0.00567, 0.07529, 0.05415, 12.18%
Time spent: 20.36s
Could not save checkpoint to experiments/experiment_32820.ckpt: Parent directory experiments does not exist.
- Epoch 006, ExpID 32820
Train - Loss (one batch): 0.00577
Val   - Loss, MSE, RMSE, MAE, MAPE: 0.00588, 0.00588, 0.07666, 0.05397, 13.85%
Test  - Best epoch, Loss, MSE, RMSE, MAE, MAPE: 6, 0.00544, 0.00544, 0.07378, 0.05249, 11.86%
Time spent: 22.65s
- Epoch 007, ExpID 32820
Train - Loss (one batch): 0.00814
Val   - Loss, MSE, RMSE, MAE, MAPE: 0.00642, 0.00642, 0.08014, 0.05679, 14.98%
Test  - Best epoch, Loss, MSE, RMSE, MAE, MAPE: 6, 0.00544, 0.00544, 0.07378, 0.05249, 11.86%
Time spent: 20.43s
Could not save checkpoint to experiments/experiment_32820.ckpt: Parent directory experiments does not exist.
- Epoch 008, ExpID 32820
Train - Loss (one batch): 0.00596
Val   - Loss, MSE, RMSE, MAE, MAPE: 0.00583, 0.00583, 0.07635, 0.05215, 13.60%
Test  - Best epoch, Loss, MSE, RMSE, MAE, MAPE: 8, 0.00548, 0.00548, 0.07406, 0.05069, 11.65%
Time spent: 22.58s
Could not save checkpoint to experiments/experiment_32820.ckpt: Parent directory experiments does not exist.
- Epoch 009, ExpID 32820
Train - Loss (one batch): 0.00424
Val   - Loss, MSE, RMSE, MAE, MAPE: 0.00578, 0.00578, 0.07606, 0.05255, 14.19%
Test  - Best epoch, Loss, MSE, RMSE, MAE, MAPE: 9, 0.00536, 0.00536, 0.07320, 0.05048, 12.07%
Time spent: 22.61s
- Epoch 010, ExpID 32820
Train - Loss (one batch): 0.00564
Val   - Loss, MSE, RMSE, MAE, MAPE: 0.00596, 0.00596, 0.07719, 0.05426, 13.36%
Test  - Best epoch, Loss, MSE, RMSE, MAE, MAPE: 9, 0.00536, 0.00536, 0.07320, 0.05048, 12.07%
Time spent: 20.41s
- Epoch 011, ExpID 32820
Train - Loss (one batch): 0.00499
Val   - Loss, MSE, RMSE, MAE, MAPE: 0.00606, 0.00606, 0.07783, 0.05635, 13.49%
Test  - Best epoch, Loss, MSE, RMSE, MAE, MAPE: 9, 0.00536, 0.00536, 0.07320, 0.05048, 12.07%
Time spent: 20.44s
Could not save checkpoint to experiments/experiment_32820.ckpt: Parent directory experiments does not exist.
- Epoch 012, ExpID 32820
Train - Loss (one batch): 0.00438
Val   - Loss, MSE, RMSE, MAE, MAPE: 0.00551, 0.00551, 0.07424, 0.05120, 12.78%
Test  - Best epoch, Loss, MSE, RMSE, MAE, MAPE: 12, 0.00517, 0.00517, 0.07191, 0.04994, 11.18%
Time spent: 22.61s
Could not save checkpoint to experiments/experiment_32820.ckpt: Parent directory experiments does not exist.
- Epoch 013, ExpID 32820
Train - Loss (one batch): 0.00431
Val   - Loss, MSE, RMSE, MAE, MAPE: 0.00532, 0.00532, 0.07294, 0.04905, 12.64%
Test  - Best epoch, Loss, MSE, RMSE, MAE, MAPE: 13, 0.00496, 0.00496, 0.07044, 0.04753, 10.92%
Time spent: 22.59s
- Epoch 014, ExpID 32820
Train - Loss (one batch): 0.00571
Val   - Loss, MSE, RMSE, MAE, MAPE: 0.00532, 0.00532, 0.07294, 0.04975, 13.23%
Test  - Best epoch, Loss, MSE, RMSE, MAE, MAPE: 13, 0.00496, 0.00496, 0.07044, 0.04753, 10.92%
Time spent: 20.41s
Could not save checkpoint to experiments/experiment_32820.ckpt: Parent directory experiments does not exist.
- Epoch 015, ExpID 32820
Train - Loss (one batch): 0.00507
Val   - Loss, MSE, RMSE, MAE, MAPE: 0.00525, 0.00525, 0.07246, 0.04825, 12.52%
Test  - Best epoch, Loss, MSE, RMSE, MAE, MAPE: 15, 0.00492, 0.00492, 0.07011, 0.04678, 10.88%
Time spent: 22.64s
Could not save checkpoint to experiments/experiment_32820.ckpt: Parent directory experiments does not exist.
- Epoch 016, ExpID 32820
Train - Loss (one batch): 0.00582
Val   - Loss, MSE, RMSE, MAE, MAPE: 0.00522, 0.00522, 0.07226, 0.04901, 12.54%
Test  - Best epoch, Loss, MSE, RMSE, MAE, MAPE: 16, 0.00486, 0.00486, 0.06972, 0.04773, 10.93%
Time spent: 22.60s
Could not save checkpoint to experiments/experiment_32820.ckpt: Parent directory experiments does not exist.
- Epoch 017, ExpID 32820
Train - Loss (one batch): 0.00441
Val   - Loss, MSE, RMSE, MAE, MAPE: 0.00521, 0.00521, 0.07217, 0.04804, 12.46%
Test  - Best epoch, Loss, MSE, RMSE, MAE, MAPE: 17, 0.00489, 0.00489, 0.06996, 0.04681, 10.85%
Time spent: 22.62s
- Epoch 018, ExpID 32820
Train - Loss (one batch): 0.00409
Val   - Loss, MSE, RMSE, MAE, MAPE: 0.00523, 0.00523, 0.07231, 0.04863, 12.33%
Test  - Best epoch, Loss, MSE, RMSE, MAE, MAPE: 17, 0.00489, 0.00489, 0.06996, 0.04681, 10.85%
Time spent: 20.44s
- Epoch 019, ExpID 32820
Train - Loss (one batch): 0.00480
Val   - Loss, MSE, RMSE, MAE, MAPE: 0.00530, 0.00530, 0.07279, 0.04852, 12.46%
Test  - Best epoch, Loss, MSE, RMSE, MAE, MAPE: 17, 0.00489, 0.00489, 0.06996, 0.04681, 10.85%
Time spent: 20.42s
- Epoch 020, ExpID 32820
Train - Loss (one batch): 0.00452
Val   - Loss, MSE, RMSE, MAE, MAPE: 0.00538, 0.00538, 0.07333, 0.04947, 13.03%
Test  - Best epoch, Loss, MSE, RMSE, MAE, MAPE: 17, 0.00489, 0.00489, 0.06996, 0.04681, 10.85%
Time spent: 20.43s
- Epoch 021, ExpID 32820
Train - Loss (one batch): 0.00485
Val   - Loss, MSE, RMSE, MAE, MAPE: 0.00537, 0.00537, 0.07329, 0.04972, 12.27%
Test  - Best epoch, Loss, MSE, RMSE, MAE, MAPE: 17, 0.00489, 0.00489, 0.06996, 0.04681, 10.85%
Time spent: 20.42s
- Epoch 022, ExpID 32820
Train - Loss (one batch): 0.00627
Val   - Loss, MSE, RMSE, MAE, MAPE: 0.00557, 0.00557, 0.07466, 0.05116, 12.47%
Test  - Best epoch, Loss, MSE, RMSE, MAE, MAPE: 17, 0.00489, 0.00489, 0.06996, 0.04681, 10.85%
Time spent: 20.47s
- Epoch 023, ExpID 32820
Train - Loss (one batch): 0.00441
Val   - Loss, MSE, RMSE, MAE, MAPE: 0.00552, 0.00552, 0.07432, 0.05167, 13.87%
Test  - Best epoch, Loss, MSE, RMSE, MAE, MAPE: 17, 0.00489, 0.00489, 0.06996, 0.04681, 10.85%
Time spent: 20.45s
- Epoch 024, ExpID 32820
Train - Loss (one batch): 0.00539
Val   - Loss, MSE, RMSE, MAE, MAPE: 0.00548, 0.00548, 0.07400, 0.05167, 12.54%
Test  - Best epoch, Loss, MSE, RMSE, MAE, MAPE: 17, 0.00489, 0.00489, 0.06996, 0.04681, 10.85%
Time spent: 20.39s
- Epoch 025, ExpID 32820
Train - Loss (one batch): 0.00527
Val   - Loss, MSE, RMSE, MAE, MAPE: 0.00533, 0.00533, 0.07299, 0.04999, 12.21%
Test  - Best epoch, Loss, MSE, RMSE, MAE, MAPE: 17, 0.00489, 0.00489, 0.06996, 0.04681, 10.85%
Time spent: 20.36s
Could not save checkpoint to experiments/experiment_32820.ckpt: Parent directory experiments does not exist.
- Epoch 026, ExpID 32820
Train - Loss (one batch): 0.00433
Val   - Loss, MSE, RMSE, MAE, MAPE: 0.00515, 0.00515, 0.07179, 0.04742, 12.06%
Test  - Best epoch, Loss, MSE, RMSE, MAE, MAPE: 26, 0.00484, 0.00484, 0.06955, 0.04636, 10.61%
Time spent: 22.60s
- Epoch 027, ExpID 32820
Train - Loss (one batch): 0.00445
Val   - Loss, MSE, RMSE, MAE, MAPE: 0.00519, 0.00519, 0.07202, 0.04885, 13.01%
Test  - Best epoch, Loss, MSE, RMSE, MAE, MAPE: 26, 0.00484, 0.00484, 0.06955, 0.04636, 10.61%
Time spent: 20.44s
- Epoch 028, ExpID 32820
Train - Loss (one batch): 0.00573
Val   - Loss, MSE, RMSE, MAE, MAPE: 0.00575, 0.00575, 0.07582, 0.05341, 14.51%
Test  - Best epoch, Loss, MSE, RMSE, MAE, MAPE: 26, 0.00484, 0.00484, 0.06955, 0.04636, 10.61%
Time spent: 20.44s
Could not save checkpoint to experiments/experiment_32820.ckpt: Parent directory experiments does not exist.
- Epoch 029, ExpID 32820
Train - Loss (one batch): 0.00318
Val   - Loss, MSE, RMSE, MAE, MAPE: 0.00512, 0.00512, 0.07152, 0.04724, 11.98%
Test  - Best epoch, Loss, MSE, RMSE, MAE, MAPE: 29, 0.00476, 0.00476, 0.06899, 0.04583, 10.52%
Time spent: 22.67s
Could not save checkpoint to experiments/experiment_32820.ckpt: Parent directory experiments does not exist.
- Epoch 030, ExpID 32820
Train - Loss (one batch): 0.00631
Val   - Loss, MSE, RMSE, MAE, MAPE: 0.00505, 0.00505, 0.07106, 0.04737, 12.27%
Test  - Best epoch, Loss, MSE, RMSE, MAE, MAPE: 30, 0.00469, 0.00469, 0.06845, 0.04611, 10.76%
Time spent: 22.63s
- Epoch 031, ExpID 32820
Train - Loss (one batch): 0.00437
Val   - Loss, MSE, RMSE, MAE, MAPE: 0.00507, 0.00507, 0.07121, 0.04687, 12.09%
Test  - Best epoch, Loss, MSE, RMSE, MAE, MAPE: 30, 0.00469, 0.00469, 0.06845, 0.04611, 10.76%
Time spent: 20.45s
- Epoch 032, ExpID 32820
Train - Loss (one batch): 0.00611
Val   - Loss, MSE, RMSE, MAE, MAPE: 0.00540, 0.00540, 0.07352, 0.04976, 13.43%
Test  - Best epoch, Loss, MSE, RMSE, MAE, MAPE: 30, 0.00469, 0.00469, 0.06845, 0.04611, 10.76%
Time spent: 20.47s
- Epoch 033, ExpID 32820
Train - Loss (one batch): 0.00375
Val   - Loss, MSE, RMSE, MAE, MAPE: 0.00535, 0.00535, 0.07315, 0.05076, 12.36%
Test  - Best epoch, Loss, MSE, RMSE, MAE, MAPE: 30, 0.00469, 0.00469, 0.06845, 0.04611, 10.76%
Time spent: 20.42s
- Epoch 034, ExpID 32820
Train - Loss (one batch): 0.00411
Val   - Loss, MSE, RMSE, MAE, MAPE: 0.00514, 0.00514, 0.07169, 0.04816, 12.62%
Test  - Best epoch, Loss, MSE, RMSE, MAE, MAPE: 30, 0.00469, 0.00469, 0.06845, 0.04611, 10.76%
Time spent: 20.49s
- Epoch 035, ExpID 32820
Train - Loss (one batch): 0.00443
Val   - Loss, MSE, RMSE, MAE, MAPE: 0.00548, 0.00548, 0.07403, 0.05149, 13.88%
Test  - Best epoch, Loss, MSE, RMSE, MAE, MAPE: 30, 0.00469, 0.00469, 0.06845, 0.04611, 10.76%
Time spent: 20.33s
- Epoch 036, ExpID 32820
Train - Loss (one batch): 0.00383
Val   - Loss, MSE, RMSE, MAE, MAPE: 0.00509, 0.00509, 0.07133, 0.04823, 11.96%
Test  - Best epoch, Loss, MSE, RMSE, MAE, MAPE: 30, 0.00469, 0.00469, 0.06845, 0.04611, 10.76%
Time spent: 20.46s
Could not save checkpoint to experiments/experiment_32820.ckpt: Parent directory experiments does not exist.
- Epoch 037, ExpID 32820
Train - Loss (one batch): 0.00381
Val   - Loss, MSE, RMSE, MAE, MAPE: 0.00500, 0.00500, 0.07074, 0.04678, 12.00%
Test  - Best epoch, Loss, MSE, RMSE, MAE, MAPE: 37, 0.00473, 0.00473, 0.06876, 0.04603, 10.64%
Time spent: 22.60s
Could not save checkpoint to experiments/experiment_32820.ckpt: Parent directory experiments does not exist.
- Epoch 038, ExpID 32820
Train - Loss (one batch): 0.00608
Val   - Loss, MSE, RMSE, MAE, MAPE: 0.00496, 0.00496, 0.07042, 0.04685, 11.99%
Test  - Best epoch, Loss, MSE, RMSE, MAE, MAPE: 38, 0.00466, 0.00466, 0.06826, 0.04609, 10.61%
Time spent: 22.65s
- Epoch 039, ExpID 32820
Train - Loss (one batch): 0.00605
Val   - Loss, MSE, RMSE, MAE, MAPE: 0.00518, 0.00518, 0.07197, 0.04870, 12.10%
Test  - Best epoch, Loss, MSE, RMSE, MAE, MAPE: 38, 0.00466, 0.00466, 0.06826, 0.04609, 10.61%
Time spent: 20.43s
- Epoch 040, ExpID 32820
Train - Loss (one batch): 0.00433
Val   - Loss, MSE, RMSE, MAE, MAPE: 0.00498, 0.00498, 0.07058, 0.04697, 11.91%
Test  - Best epoch, Loss, MSE, RMSE, MAE, MAPE: 38, 0.00466, 0.00466, 0.06826, 0.04609, 10.61%
Time spent: 20.39s
- Epoch 041, ExpID 32820
Train - Loss (one batch): 0.00523
Val   - Loss, MSE, RMSE, MAE, MAPE: 0.00508, 0.00508, 0.07124, 0.04833, 12.81%
Test  - Best epoch, Loss, MSE, RMSE, MAE, MAPE: 38, 0.00466, 0.00466, 0.06826, 0.04609, 10.61%
Time spent: 20.36s
- Epoch 042, ExpID 32820
Train - Loss (one batch): 0.00453
Val   - Loss, MSE, RMSE, MAE, MAPE: 0.00511, 0.00511, 0.07146, 0.04861, 12.74%
Test  - Best epoch, Loss, MSE, RMSE, MAE, MAPE: 38, 0.00466, 0.00466, 0.06826, 0.04609, 10.61%
Time spent: 20.40s
- Epoch 043, ExpID 32820
Train - Loss (one batch): 0.00417
Val   - Loss, MSE, RMSE, MAE, MAPE: 0.00538, 0.00538, 0.07334, 0.05041, 13.40%
Test  - Best epoch, Loss, MSE, RMSE, MAE, MAPE: 38, 0.00466, 0.00466, 0.06826, 0.04609, 10.61%
Time spent: 20.44s
- Epoch 044, ExpID 32820
Train - Loss (one batch): 0.00414
Val   - Loss, MSE, RMSE, MAE, MAPE: 0.00504, 0.00504, 0.07097, 0.04776, 11.80%
Test  - Best epoch, Loss, MSE, RMSE, MAE, MAPE: 38, 0.00466, 0.00466, 0.06826, 0.04609, 10.61%
Time spent: 20.40s
- Epoch 045, ExpID 32820
Train - Loss (one batch): 0.00434
Val   - Loss, MSE, RMSE, MAE, MAPE: 0.00511, 0.00511, 0.07150, 0.04925, 12.66%
Test  - Best epoch, Loss, MSE, RMSE, MAE, MAPE: 38, 0.00466, 0.00466, 0.06826, 0.04609, 10.61%
Time spent: 20.43s
- Epoch 046, ExpID 32820
Train - Loss (one batch): 0.00464
Val   - Loss, MSE, RMSE, MAE, MAPE: nan, nan, nan, nan, nan%
Test  - Best epoch, Loss, MSE, RMSE, MAE, MAPE: 38, 0.00466, 0.00466, 0.06826, 0.04609, 10.61%
Time spent: 20.41s
- Epoch 047, ExpID 32820
Train - Loss (one batch): 0.00419
Val   - Loss, MSE, RMSE, MAE, MAPE: nan, nan, nan, nan, nan%
Test  - Best epoch, Loss, MSE, RMSE, MAE, MAPE: 38, 0.00466, 0.00466, 0.06826, 0.04609, 10.61%
Time spent: 20.43s
- Epoch 048, ExpID 32820
Train - Loss (one batch): 0.00297
Val   - Loss, MSE, RMSE, MAE, MAPE: nan, nan, nan, nan, nan%
Test  - Best epoch, Loss, MSE, RMSE, MAE, MAPE: 38, 0.00466, 0.00466, 0.06826, 0.04609, 10.61%
Time spent: 20.46s
Could not save checkpoint to experiments/experiment_32820.ckpt: Parent directory experiments does not exist.
- Epoch 049, ExpID 32820
Train - Loss (one batch): 0.00481
Val   - Loss, MSE, RMSE, MAE, MAPE: 0.00493, 0.00493, 0.07019, 0.04666, 11.89%
Test  - Best epoch, Loss, MSE, RMSE, MAE, MAPE: 49, 0.00463, 0.00463, 0.06804, 0.04577, 10.53%
Time spent: 22.61s
- Epoch 050, ExpID 32820
Train - Loss (one batch): 0.00509
Val   - Loss, MSE, RMSE, MAE, MAPE: nan, nan, nan, nan, nan%
Test  - Best epoch, Loss, MSE, RMSE, MAE, MAPE: 49, 0.00463, 0.00463, 0.06804, 0.04577, 10.53%
Time spent: 20.37s
- Epoch 051, ExpID 32820
Train - Loss (one batch): 0.00338
Val   - Loss, MSE, RMSE, MAE, MAPE: nan, nan, nan, nan, nan%
Test  - Best epoch, Loss, MSE, RMSE, MAE, MAPE: 49, 0.00463, 0.00463, 0.06804, 0.04577, 10.53%
Time spent: 20.42s
- Epoch 052, ExpID 32820
Train - Loss (one batch): 0.00565
Val   - Loss, MSE, RMSE, MAE, MAPE: 0.00570, 0.00570, 0.07552, 0.05386, 14.50%
Test  - Best epoch, Loss, MSE, RMSE, MAE, MAPE: 49, 0.00463, 0.00463, 0.06804, 0.04577, 10.53%
Time spent: 20.40s
- Epoch 053, ExpID 32820
Train - Loss (one batch): 0.00531
Val   - Loss, MSE, RMSE, MAE, MAPE: nan, nan, nan, nan, nan%
Test  - Best epoch, Loss, MSE, RMSE, MAE, MAPE: 49, 0.00463, 0.00463, 0.06804, 0.04577, 10.53%
Time spent: 20.43s
- Epoch 054, ExpID 32820
Train - Loss (one batch): 0.00463
Val   - Loss, MSE, RMSE, MAE, MAPE: nan, nan, nan, nan, nan%
Test  - Best epoch, Loss, MSE, RMSE, MAE, MAPE: 49, 0.00463, 0.00463, 0.06804, 0.04577, 10.53%
Time spent: 20.44s
- Epoch 055, ExpID 32820
Train - Loss (one batch): 0.00389
Val   - Loss, MSE, RMSE, MAE, MAPE: 0.00583, 0.00583, 0.07635, 0.05479, 14.50%
Test  - Best epoch, Loss, MSE, RMSE, MAE, MAPE: 49, 0.00463, 0.00463, 0.06804, 0.04577, 10.53%
Time spent: 20.46s
- Epoch 056, ExpID 32820
Train - Loss (one batch): 0.00463
Val   - Loss, MSE, RMSE, MAE, MAPE: nan, nan, nan, nan, nan%
Test  - Best epoch, Loss, MSE, RMSE, MAE, MAPE: 49, 0.00463, 0.00463, 0.06804, 0.04577, 10.53%
Time spent: 20.46s
- Epoch 057, ExpID 32820
Train - Loss (one batch): 0.00375
Val   - Loss, MSE, RMSE, MAE, MAPE: nan, nan, nan, nan, nan%
Test  - Best epoch, Loss, MSE, RMSE, MAE, MAPE: 49, 0.00463, 0.00463, 0.06804, 0.04577, 10.53%
Time spent: 20.43s
- Epoch 058, ExpID 32820
Train - Loss (one batch): 0.00308
Val   - Loss, MSE, RMSE, MAE, MAPE: 0.00576, 0.00576, 0.07591, 0.05400, 14.56%
Test  - Best epoch, Loss, MSE, RMSE, MAE, MAPE: 49, 0.00463, 0.00463, 0.06804, 0.04577, 10.53%
Time spent: 20.45s
- Epoch 059, ExpID 32820
Train - Loss (one batch): 0.00428
Val   - Loss, MSE, RMSE, MAE, MAPE: 0.00528, 0.00528, 0.07269, 0.05042, 13.40%
Test  - Best epoch, Loss, MSE, RMSE, MAE, MAPE: 49, 0.00463, 0.00463, 0.06804, 0.04577, 10.53%
Time spent: 20.44s
- Epoch 060, ExpID 32820
Train - Loss (one batch): 0.00370
Val   - Loss, MSE, RMSE, MAE, MAPE: 0.00509, 0.00509, 0.07137, 0.04890, 11.96%
Test  - Best epoch, Loss, MSE, RMSE, MAE, MAPE: 49, 0.00463, 0.00463, 0.06804, 0.04577, 10.53%
Time spent: 20.44s
- Epoch 061, ExpID 32820
Train - Loss (one batch): 0.00597
Val   - Loss, MSE, RMSE, MAE, MAPE: nan, nan, nan, nan, nan%
Test  - Best epoch, Loss, MSE, RMSE, MAE, MAPE: 49, 0.00463, 0.00463, 0.06804, 0.04577, 10.53%
Time spent: 20.44s
- Epoch 062, ExpID 32820
Train - Loss (one batch): 0.00528
Val   - Loss, MSE, RMSE, MAE, MAPE: 0.00510, 0.00510, 0.07139, 0.04892, 11.93%
Test  - Best epoch, Loss, MSE, RMSE, MAE, MAPE: 49, 0.00463, 0.00463, 0.06804, 0.04577, 10.53%
Time spent: 20.41s
- Epoch 063, ExpID 32820
Train - Loss (one batch): 0.00376
Val   - Loss, MSE, RMSE, MAE, MAPE: 0.00495, 0.00495, 0.07034, 0.04670, 11.64%
Test  - Best epoch, Loss, MSE, RMSE, MAE, MAPE: 49, 0.00463, 0.00463, 0.06804, 0.04577, 10.53%
Time spent: 20.44s
- Epoch 064, ExpID 32820
Train - Loss (one batch): 0.00408
Val   - Loss, MSE, RMSE, MAE, MAPE: 0.00517, 0.00517, 0.07188, 0.04969, 12.07%
Test  - Best epoch, Loss, MSE, RMSE, MAE, MAPE: 49, 0.00463, 0.00463, 0.06804, 0.04577, 10.53%
Time spent: 20.47s
- Epoch 065, ExpID 32820
Train - Loss (one batch): 0.00571
Val   - Loss, MSE, RMSE, MAE, MAPE: nan, nan, nan, nan, nan%
Test  - Best epoch, Loss, MSE, RMSE, MAE, MAPE: 49, 0.00463, 0.00463, 0.06804, 0.04577, 10.53%
Time spent: 20.44s
- Epoch 066, ExpID 32820
Train - Loss (one batch): 0.00562
Val   - Loss, MSE, RMSE, MAE, MAPE: nan, nan, nan, nan, nan%
Test  - Best epoch, Loss, MSE, RMSE, MAE, MAPE: 49, 0.00463, 0.00463, 0.06804, 0.04577, 10.53%
Time spent: 20.43s
- Epoch 067, ExpID 32820
Train - Loss (one batch): 0.00412
Val   - Loss, MSE, RMSE, MAE, MAPE: 0.00522, 0.00522, 0.07228, 0.05021, 12.21%
Test  - Best epoch, Loss, MSE, RMSE, MAE, MAPE: 49, 0.00463, 0.00463, 0.06804, 0.04577, 10.53%
Time spent: 20.45s
- Epoch 068, ExpID 32820
Train - Loss (one batch): 0.00412
Val   - Loss, MSE, RMSE, MAE, MAPE: nan, nan, nan, nan, nan%
Test  - Best epoch, Loss, MSE, RMSE, MAE, MAPE: 49, 0.00463, 0.00463, 0.06804, 0.04577, 10.53%
Time spent: 20.32s
- Epoch 069, ExpID 32820
Train - Loss (one batch): 0.00501
Val   - Loss, MSE, RMSE, MAE, MAPE: 0.00563, 0.00563, 0.07502, 0.05327, 14.35%
Test  - Best epoch, Loss, MSE, RMSE, MAE, MAPE: 49, 0.00463, 0.00463, 0.06804, 0.04577, 10.53%
Time spent: 20.40s
- Epoch 070, ExpID 32820
Train - Loss (one batch): 0.00512
Val   - Loss, MSE, RMSE, MAE, MAPE: nan, nan, nan, nan, nan%
Test  - Best epoch, Loss, MSE, RMSE, MAE, MAPE: 49, 0.00463, 0.00463, 0.06804, 0.04577, 10.53%
Time spent: 20.37s
- Epoch 071, ExpID 32820
Train - Loss (one batch): 0.00517
Val   - Loss, MSE, RMSE, MAE, MAPE: nan, nan, nan, nan, nan%
Test  - Best epoch, Loss, MSE, RMSE, MAE, MAPE: 49, 0.00463, 0.00463, 0.06804, 0.04577, 10.53%
Time spent: 20.44s
- Epoch 072, ExpID 32820
Train - Loss (one batch): 0.00441
Val   - Loss, MSE, RMSE, MAE, MAPE: nan, nan, nan, nan, nan%
Test  - Best epoch, Loss, MSE, RMSE, MAE, MAPE: 49, 0.00463, 0.00463, 0.06804, 0.04577, 10.53%
Time spent: 20.44s
- Epoch 073, ExpID 32820
Train - Loss (one batch): 0.00415
Val   - Loss, MSE, RMSE, MAE, MAPE: nan, nan, nan, nan, nan%
Test  - Best epoch, Loss, MSE, RMSE, MAE, MAPE: 49, 0.00463, 0.00463, 0.06804, 0.04577, 10.53%
Time spent: 20.44s
- Epoch 074, ExpID 32820
Train - Loss (one batch): 0.00497
Val   - Loss, MSE, RMSE, MAE, MAPE: nan, nan, nan, nan, nan%
Test  - Best epoch, Loss, MSE, RMSE, MAE, MAPE: 49, 0.00463, 0.00463, 0.06804, 0.04577, 10.53%
Time spent: 20.35s
- Epoch 075, ExpID 32820
Train - Loss (one batch): 0.00390
Val   - Loss, MSE, RMSE, MAE, MAPE: nan, nan, nan, nan, nan%
Test  - Best epoch, Loss, MSE, RMSE, MAE, MAPE: 49, 0.00463, 0.00463, 0.06804, 0.04577, 10.53%
Time spent: 20.37s
- Epoch 076, ExpID 32820
Train - Loss (one batch): 0.00308
Val   - Loss, MSE, RMSE, MAE, MAPE: nan, nan, nan, nan, nan%
Test  - Best epoch, Loss, MSE, RMSE, MAE, MAPE: 49, 0.00463, 0.00463, 0.06804, 0.04577, 10.53%
Time spent: 19.96s
- Epoch 077, ExpID 32820
Train - Loss (one batch): 0.00517
Val   - Loss, MSE, RMSE, MAE, MAPE: nan, nan, nan, nan, nan%
Test  - Best epoch, Loss, MSE, RMSE, MAE, MAPE: 49, 0.00463, 0.00463, 0.06804, 0.04577, 10.53%
Time spent: 20.44s
- Epoch 078, ExpID 32820
Train - Loss (one batch): 0.00396
Val   - Loss, MSE, RMSE, MAE, MAPE: 0.00527, 0.00527, 0.07261, 0.05053, 12.05%
Test  - Best epoch, Loss, MSE, RMSE, MAE, MAPE: 49, 0.00463, 0.00463, 0.06804, 0.04577, 10.53%
Time spent: 20.43s
- Epoch 079, ExpID 32820
Train - Loss (one batch): 0.00420
Val   - Loss, MSE, RMSE, MAE, MAPE: nan, nan, nan, nan, nan%
Test  - Best epoch, Loss, MSE, RMSE, MAE, MAPE: 49, 0.00463, 0.00463, 0.06804, 0.04577, 10.53%
Time spent: 20.43s
- Epoch 080, ExpID 32820
Train - Loss (one batch): 0.00460
Val   - Loss, MSE, RMSE, MAE, MAPE: nan, nan, nan, nan, nan%
Test  - Best epoch, Loss, MSE, RMSE, MAE, MAPE: 49, 0.00463, 0.00463, 0.06804, 0.04577, 10.53%
Time spent: 20.41s
- Epoch 081, ExpID 32820
Train - Loss (one batch): 0.00546
Val   - Loss, MSE, RMSE, MAE, MAPE: 0.00495, 0.00495, 0.07033, 0.04706, 12.34%
Test  - Best epoch, Loss, MSE, RMSE, MAE, MAPE: 49, 0.00463, 0.00463, 0.06804, 0.04577, 10.53%
Time spent: 20.46s
- Epoch 082, ExpID 32820
Train - Loss (one batch): 0.00453
Val   - Loss, MSE, RMSE, MAE, MAPE: nan, nan, nan, nan, nan%
Test  - Best epoch, Loss, MSE, RMSE, MAE, MAPE: 49, 0.00463, 0.00463, 0.06804, 0.04577, 10.53%
Time spent: 20.44s
- Epoch 083, ExpID 32820
Train - Loss (one batch): 0.00536
Val   - Loss, MSE, RMSE, MAE, MAPE: 0.00504, 0.00504, 0.07102, 0.04879, 11.99%
Test  - Best epoch, Loss, MSE, RMSE, MAE, MAPE: 49, 0.00463, 0.00463, 0.06804, 0.04577, 10.53%
Time spent: 20.40s
- Epoch 084, ExpID 32820
Train - Loss (one batch): 0.00458
Val   - Loss, MSE, RMSE, MAE, MAPE: 0.00506, 0.00506, 0.07111, 0.04876, 11.90%
Test  - Best epoch, Loss, MSE, RMSE, MAE, MAPE: 49, 0.00463, 0.00463, 0.06804, 0.04577, 10.53%
Time spent: 20.44s
- Epoch 085, ExpID 32820
Train - Loss (one batch): 0.00391
Val   - Loss, MSE, RMSE, MAE, MAPE: nan, nan, nan, nan, nan%
Test  - Best epoch, Loss, MSE, RMSE, MAE, MAPE: 49, 0.00463, 0.00463, 0.06804, 0.04577, 10.53%
Time spent: 20.42s
- Epoch 086, ExpID 32820
Train - Loss (one batch): 0.00369
Val   - Loss, MSE, RMSE, MAE, MAPE: nan, nan, nan, nan, nan%
Test  - Best epoch, Loss, MSE, RMSE, MAE, MAPE: 49, 0.00463, 0.00463, 0.06804, 0.04577, 10.53%
Time spent: 20.45s
- Epoch 087, ExpID 32820
Train - Loss (one batch): 0.00284
Val   - Loss, MSE, RMSE, MAE, MAPE: nan, nan, nan, nan, nan%
Test  - Best epoch, Loss, MSE, RMSE, MAE, MAPE: 49, 0.00463, 0.00463, 0.06804, 0.04577, 10.53%
Time spent: 20.40s
Could not save checkpoint to experiments/experiment_32820.ckpt: Parent directory experiments does not exist.
- Epoch 088, ExpID 32820
Train - Loss (one batch): 0.00250
Val   - Loss, MSE, RMSE, MAE, MAPE: 0.00492, 0.00492, 0.07011, 0.04731, 11.86%
Test  - Best epoch, Loss, MSE, RMSE, MAE, MAPE: 88, 0.00464, 0.00464, 0.06813, 0.04660, 10.60%
Time spent: 22.63s
- Epoch 089, ExpID 32820
Train - Loss (one batch): 0.00305
Val   - Loss, MSE, RMSE, MAE, MAPE: nan, nan, nan, nan, nan%
Test  - Best epoch, Loss, MSE, RMSE, MAE, MAPE: 88, 0.00464, 0.00464, 0.06813, 0.04660, 10.60%
Time spent: 20.46s
- Epoch 090, ExpID 32820
Train - Loss (one batch): 0.00509
Val   - Loss, MSE, RMSE, MAE, MAPE: 0.00513, 0.00513, 0.07162, 0.04958, 12.05%
Test  - Best epoch, Loss, MSE, RMSE, MAE, MAPE: 88, 0.00464, 0.00464, 0.06813, 0.04660, 10.60%
Time spent: 20.40s
- Epoch 091, ExpID 32820
Train - Loss (one batch): 0.00503
Val   - Loss, MSE, RMSE, MAE, MAPE: nan, nan, nan, nan, nan%
Test  - Best epoch, Loss, MSE, RMSE, MAE, MAPE: 88, 0.00464, 0.00464, 0.06813, 0.04660, 10.60%
Time spent: 20.45s
- Epoch 092, ExpID 32820
Train - Loss (one batch): 0.00395
Val   - Loss, MSE, RMSE, MAE, MAPE: nan, nan, nan, nan, nan%
Test  - Best epoch, Loss, MSE, RMSE, MAE, MAPE: 88, 0.00464, 0.00464, 0.06813, 0.04660, 10.60%
Time spent: 20.44s
- Epoch 093, ExpID 32820
Train - Loss (one batch): 0.00358
Val   - Loss, MSE, RMSE, MAE, MAPE: 0.00513, 0.00513, 0.07162, 0.04941, 13.12%
Test  - Best epoch, Loss, MSE, RMSE, MAE, MAPE: 88, 0.00464, 0.00464, 0.06813, 0.04660, 10.60%
Time spent: 20.39s
- Epoch 094, ExpID 32820
Train - Loss (one batch): 0.00453
Val   - Loss, MSE, RMSE, MAE, MAPE: nan, nan, nan, nan, nan%
Test  - Best epoch, Loss, MSE, RMSE, MAE, MAPE: 88, 0.00464, 0.00464, 0.06813, 0.04660, 10.60%
Time spent: 20.43s
Could not save checkpoint to experiments/experiment_32820.ckpt: Parent directory experiments does not exist.
- Epoch 095, ExpID 32820
Train - Loss (one batch): 0.00447
Val   - Loss, MSE, RMSE, MAE, MAPE: 0.00491, 0.00491, 0.07009, 0.04720, 11.79%
Test  - Best epoch, Loss, MSE, RMSE, MAE, MAPE: 95, 0.00465, 0.00465, 0.06820, 0.04672, 10.60%
Time spent: 22.67s
- Epoch 096, ExpID 32820
Train - Loss (one batch): 0.00359
Val   - Loss, MSE, RMSE, MAE, MAPE: nan, nan, nan, nan, nan%
Test  - Best epoch, Loss, MSE, RMSE, MAE, MAPE: 95, 0.00465, 0.00465, 0.06820, 0.04672, 10.60%
Time spent: 20.45s
- Epoch 097, ExpID 32820
Train - Loss (one batch): 0.00572
Val   - Loss, MSE, RMSE, MAE, MAPE: nan, nan, nan, nan, nan%
Test  - Best epoch, Loss, MSE, RMSE, MAE, MAPE: 95, 0.00465, 0.00465, 0.06820, 0.04672, 10.60%
Time spent: 20.41s
- Epoch 098, ExpID 32820
Train - Loss (one batch): 0.00344
Val   - Loss, MSE, RMSE, MAE, MAPE: nan, nan, nan, nan, nan%
Test  - Best epoch, Loss, MSE, RMSE, MAE, MAPE: 95, 0.00465, 0.00465, 0.06820, 0.04672, 10.60%
Time spent: 20.46s
- Epoch 099, ExpID 32820
Train - Loss (one batch): 0.00546
Val   - Loss, MSE, RMSE, MAE, MAPE: 0.00501, 0.00501, 0.07081, 0.04851, 12.59%
Test  - Best epoch, Loss, MSE, RMSE, MAE, MAPE: 95, 0.00465, 0.00465, 0.06820, 0.04672, 10.60%
Time spent: 20.43s
Could not save checkpoint to experiments/experiment_32820.ckpt: Parent directory experiments does not exist.
- Epoch 100, ExpID 32820
Train - Loss (one batch): 0.00390
Val   - Loss, MSE, RMSE, MAE, MAPE: 0.00489, 0.00489, 0.06995, 0.04698, 12.06%
Test  - Best epoch, Loss, MSE, RMSE, MAE, MAPE: 100, 0.00462, 0.00462, 0.06796, 0.04629, 10.75%
Time spent: 22.65s
- Epoch 101, ExpID 32820
Train - Loss (one batch): 0.00336
Val   - Loss, MSE, RMSE, MAE, MAPE: nan, nan, nan, nan, nan%
Test  - Best epoch, Loss, MSE, RMSE, MAE, MAPE: 100, 0.00462, 0.00462, 0.06796, 0.04629, 10.75%
Time spent: 20.47s
- Epoch 102, ExpID 32820
Train - Loss (one batch): 0.00416
Val   - Loss, MSE, RMSE, MAE, MAPE: nan, nan, nan, nan, nan%
Test  - Best epoch, Loss, MSE, RMSE, MAE, MAPE: 100, 0.00462, 0.00462, 0.06796, 0.04629, 10.75%
Time spent: 20.41s
- Epoch 103, ExpID 32820
Train - Loss (one batch): 0.00539
Val   - Loss, MSE, RMSE, MAE, MAPE: nan, nan, nan, nan, nan%
Test  - Best epoch, Loss, MSE, RMSE, MAE, MAPE: 100, 0.00462, 0.00462, 0.06796, 0.04629, 10.75%
Time spent: 20.44s
- Epoch 104, ExpID 32820
Train - Loss (one batch): 0.00385
Val   - Loss, MSE, RMSE, MAE, MAPE: nan, nan, nan, nan, nan%
Test  - Best epoch, Loss, MSE, RMSE, MAE, MAPE: 100, 0.00462, 0.00462, 0.06796, 0.04629, 10.75%
Time spent: 20.46s
- Epoch 105, ExpID 32820
Train - Loss (one batch): 0.00544
Val   - Loss, MSE, RMSE, MAE, MAPE: nan, nan, nan, nan, nan%
Test  - Best epoch, Loss, MSE, RMSE, MAE, MAPE: 100, 0.00462, 0.00462, 0.06796, 0.04629, 10.75%
Time spent: 20.46s
- Epoch 106, ExpID 32820
Train - Loss (one batch): 0.00400
Val   - Loss, MSE, RMSE, MAE, MAPE: 0.00511, 0.00511, 0.07149, 0.04845, 12.83%
Test  - Best epoch, Loss, MSE, RMSE, MAE, MAPE: 100, 0.00462, 0.00462, 0.06796, 0.04629, 10.75%
Time spent: 20.45s
- Epoch 107, ExpID 32820
Train - Loss (one batch): 0.00552
Val   - Loss, MSE, RMSE, MAE, MAPE: 0.00534, 0.00534, 0.07304, 0.05142, 12.18%
Test  - Best epoch, Loss, MSE, RMSE, MAE, MAPE: 100, 0.00462, 0.00462, 0.06796, 0.04629, 10.75%
Time spent: 20.43s
- Epoch 108, ExpID 32820
Train - Loss (one batch): 0.00331
Val   - Loss, MSE, RMSE, MAE, MAPE: 0.00493, 0.00493, 0.07022, 0.04671, 11.86%
Test  - Best epoch, Loss, MSE, RMSE, MAE, MAPE: 100, 0.00462, 0.00462, 0.06796, 0.04629, 10.75%
Time spent: 20.45s
Could not save checkpoint to experiments/experiment_32820.ckpt: Parent directory experiments does not exist.
- Epoch 109, ExpID 32820
Train - Loss (one batch): 0.00461
Val   - Loss, MSE, RMSE, MAE, MAPE: 0.00486, 0.00486, 0.06971, 0.04641, 11.94%
Test  - Best epoch, Loss, MSE, RMSE, MAE, MAPE: 109, 0.00461, 0.00461, 0.06793, 0.04583, 10.69%
Time spent: 22.64s
- Epoch 110, ExpID 32820
Train - Loss (one batch): 0.00434
Val   - Loss, MSE, RMSE, MAE, MAPE: 0.00496, 0.00496, 0.07045, 0.04774, 11.80%
Test  - Best epoch, Loss, MSE, RMSE, MAE, MAPE: 109, 0.00461, 0.00461, 0.06793, 0.04583, 10.69%
Time spent: 20.47s
- Epoch 111, ExpID 32820
Train - Loss (one batch): 0.00396
Val   - Loss, MSE, RMSE, MAE, MAPE: nan, nan, nan, nan, nan%
Test  - Best epoch, Loss, MSE, RMSE, MAE, MAPE: 109, 0.00461, 0.00461, 0.06793, 0.04583, 10.69%
Time spent: 20.42s
- Epoch 112, ExpID 32820
Train - Loss (one batch): 0.00361
Val   - Loss, MSE, RMSE, MAE, MAPE: nan, nan, nan, nan, nan%
Test  - Best epoch, Loss, MSE, RMSE, MAE, MAPE: 109, 0.00461, 0.00461, 0.06793, 0.04583, 10.69%
Time spent: 20.45s
- Epoch 113, ExpID 32820
Train - Loss (one batch): 0.00464
Val   - Loss, MSE, RMSE, MAE, MAPE: nan, nan, nan, nan, nan%
Test  - Best epoch, Loss, MSE, RMSE, MAE, MAPE: 109, 0.00461, 0.00461, 0.06793, 0.04583, 10.69%
Time spent: 20.46s
- Epoch 114, ExpID 32820
Train - Loss (one batch): 0.00378
Val   - Loss, MSE, RMSE, MAE, MAPE: nan, nan, nan, nan, nan%
Test  - Best epoch, Loss, MSE, RMSE, MAE, MAPE: 109, 0.00461, 0.00461, 0.06793, 0.04583, 10.69%
Time spent: 20.43s
- Epoch 115, ExpID 32820
Train - Loss (one batch): 0.00477
Val   - Loss, MSE, RMSE, MAE, MAPE: nan, nan, nan, nan, nan%
Test  - Best epoch, Loss, MSE, RMSE, MAE, MAPE: 109, 0.00461, 0.00461, 0.06793, 0.04583, 10.69%
Time spent: 20.46s
- Epoch 116, ExpID 32820
Train - Loss (one batch): 0.00390
Val   - Loss, MSE, RMSE, MAE, MAPE: nan, nan, nan, nan, nan%
Test  - Best epoch, Loss, MSE, RMSE, MAE, MAPE: 109, 0.00461, 0.00461, 0.06793, 0.04583, 10.69%
Time spent: 20.45s
- Epoch 117, ExpID 32820
Train - Loss (one batch): 0.00639
Val   - Loss, MSE, RMSE, MAE, MAPE: 0.00490, 0.00490, 0.07000, 0.04710, 12.04%
Test  - Best epoch, Loss, MSE, RMSE, MAE, MAPE: 109, 0.00461, 0.00461, 0.06793, 0.04583, 10.69%
Time spent: 20.43s
- Epoch 118, ExpID 32820
Train - Loss (one batch): 0.00429
Val   - Loss, MSE, RMSE, MAE, MAPE: 0.00491, 0.00491, 0.07005, 0.04729, 12.03%
Test  - Best epoch, Loss, MSE, RMSE, MAE, MAPE: 109, 0.00461, 0.00461, 0.06793, 0.04583, 10.69%
Time spent: 20.43s
- Epoch 119, ExpID 32820
Train - Loss (one batch): 0.00412
Val   - Loss, MSE, RMSE, MAE, MAPE: nan, nan, nan, nan, nan%
Test  - Best epoch, Loss, MSE, RMSE, MAE, MAPE: 109, 0.00461, 0.00461, 0.06793, 0.04583, 10.69%
Time spent: 20.45s
- Epoch 120, ExpID 32820
Train - Loss (one batch): 0.00478
Val   - Loss, MSE, RMSE, MAE, MAPE: 0.00512, 0.00512, 0.07153, 0.04896, 11.80%
Test  - Best epoch, Loss, MSE, RMSE, MAE, MAPE: 109, 0.00461, 0.00461, 0.06793, 0.04583, 10.69%
Time spent: 20.45s
- Epoch 121, ExpID 32820
Train - Loss (one batch): 0.00506
Val   - Loss, MSE, RMSE, MAE, MAPE: nan, nan, nan, nan, nan%
Test  - Best epoch, Loss, MSE, RMSE, MAE, MAPE: 109, 0.00461, 0.00461, 0.06793, 0.04583, 10.69%
Time spent: 20.43s
- Epoch 122, ExpID 32820
Train - Loss (one batch): 0.00456
Val   - Loss, MSE, RMSE, MAE, MAPE: nan, nan, nan, nan, nan%
Test  - Best epoch, Loss, MSE, RMSE, MAE, MAPE: 109, 0.00461, 0.00461, 0.06793, 0.04583, 10.69%
Time spent: 20.41s
- Epoch 123, ExpID 32820
Train - Loss (one batch): 0.00466
Val   - Loss, MSE, RMSE, MAE, MAPE: 0.00487, 0.00487, 0.06981, 0.04662, 12.08%
Test  - Best epoch, Loss, MSE, RMSE, MAE, MAPE: 109, 0.00461, 0.00461, 0.06793, 0.04583, 10.69%
Time spent: 20.44s
- Epoch 124, ExpID 32820
Train - Loss (one batch): 0.00384
Val   - Loss, MSE, RMSE, MAE, MAPE: nan, nan, nan, nan, nan%
Test  - Best epoch, Loss, MSE, RMSE, MAE, MAPE: 109, 0.00461, 0.00461, 0.06793, 0.04583, 10.69%
Time spent: 20.45s
- Epoch 125, ExpID 32820
Train - Loss (one batch): 0.00414
Val   - Loss, MSE, RMSE, MAE, MAPE: nan, nan, nan, nan, nan%
Test  - Best epoch, Loss, MSE, RMSE, MAE, MAPE: 109, 0.00461, 0.00461, 0.06793, 0.04583, 10.69%
Time spent: 20.46s
- Epoch 126, ExpID 32820
Train - Loss (one batch): 0.00403
Val   - Loss, MSE, RMSE, MAE, MAPE: nan, nan, nan, nan, nan%
Test  - Best epoch, Loss, MSE, RMSE, MAE, MAPE: 109, 0.00461, 0.00461, 0.06793, 0.04583, 10.69%
Time spent: 20.43s
- Epoch 127, ExpID 32820
Train - Loss (one batch): 0.00452
Val   - Loss, MSE, RMSE, MAE, MAPE: nan, nan, nan, nan, nan%
Test  - Best epoch, Loss, MSE, RMSE, MAE, MAPE: 109, 0.00461, 0.00461, 0.06793, 0.04583, 10.69%
Time spent: 20.42s
- Epoch 128, ExpID 32820
Train - Loss (one batch): 0.00432
Val   - Loss, MSE, RMSE, MAE, MAPE: 0.00507, 0.00507, 0.07124, 0.04827, 12.70%
Test  - Best epoch, Loss, MSE, RMSE, MAE, MAPE: 109, 0.00461, 0.00461, 0.06793, 0.04583, 10.69%
Time spent: 20.44s
- Epoch 129, ExpID 32820
Train - Loss (one batch): 0.00401
Val   - Loss, MSE, RMSE, MAE, MAPE: 0.00491, 0.00491, 0.07008, 0.04699, 12.07%
Test  - Best epoch, Loss, MSE, RMSE, MAE, MAPE: 109, 0.00461, 0.00461, 0.06793, 0.04583, 10.69%
Time spent: 20.45s
- Epoch 130, ExpID 32820
Train - Loss (one batch): 0.00462
Val   - Loss, MSE, RMSE, MAE, MAPE: nan, nan, nan, nan, nan%
Test  - Best epoch, Loss, MSE, RMSE, MAE, MAPE: 109, 0.00461, 0.00461, 0.06793, 0.04583, 10.69%
Time spent: 20.39s
Could not save checkpoint to experiments/experiment_32820.ckpt: Parent directory experiments does not exist.
- Epoch 131, ExpID 32820
Train - Loss (one batch): 0.00429
Val   - Loss, MSE, RMSE, MAE, MAPE: 0.00485, 0.00485, 0.06967, 0.04648, 11.71%
Test  - Best epoch, Loss, MSE, RMSE, MAE, MAPE: 131, 0.00459, 0.00459, 0.06775, 0.04576, 10.46%
Time spent: 22.63s
- Epoch 132, ExpID 32820
Train - Loss (one batch): 0.00281
Val   - Loss, MSE, RMSE, MAE, MAPE: 0.00499, 0.00499, 0.07065, 0.04732, 12.18%
Test  - Best epoch, Loss, MSE, RMSE, MAE, MAPE: 131, 0.00459, 0.00459, 0.06775, 0.04576, 10.46%
Time spent: 20.41s
- Epoch 133, ExpID 32820
Train - Loss (one batch): 0.00428
Val   - Loss, MSE, RMSE, MAE, MAPE: 0.00590, 0.00590, 0.07682, 0.05623, 12.85%
Test  - Best epoch, Loss, MSE, RMSE, MAE, MAPE: 131, 0.00459, 0.00459, 0.06775, 0.04576, 10.46%
Time spent: 20.41s
- Epoch 134, ExpID 32820
Train - Loss (one batch): 0.00380
Val   - Loss, MSE, RMSE, MAE, MAPE: 0.00494, 0.00494, 0.07029, 0.04713, 12.26%
Test  - Best epoch, Loss, MSE, RMSE, MAE, MAPE: 131, 0.00459, 0.00459, 0.06775, 0.04576, 10.46%
Time spent: 20.39s
- Epoch 135, ExpID 32820
Train - Loss (one batch): 0.00383
Val   - Loss, MSE, RMSE, MAE, MAPE: nan, nan, nan, nan, nan%
Test  - Best epoch, Loss, MSE, RMSE, MAE, MAPE: 131, 0.00459, 0.00459, 0.06775, 0.04576, 10.46%
Time spent: 20.42s
- Epoch 136, ExpID 32820
Train - Loss (one batch): 0.00444
Val   - Loss, MSE, RMSE, MAE, MAPE: nan, nan, nan, nan, nan%
Test  - Best epoch, Loss, MSE, RMSE, MAE, MAPE: 131, 0.00459, 0.00459, 0.06775, 0.04576, 10.46%
Time spent: 20.41s
- Epoch 137, ExpID 32820
Train - Loss (one batch): 0.00407
Val   - Loss, MSE, RMSE, MAE, MAPE: 0.00508, 0.00508, 0.07129, 0.04903, 11.87%
Test  - Best epoch, Loss, MSE, RMSE, MAE, MAPE: 131, 0.00459, 0.00459, 0.06775, 0.04576, 10.46%
Time spent: 20.37s
- Epoch 138, ExpID 32820
Train - Loss (one batch): 0.00406
Val   - Loss, MSE, RMSE, MAE, MAPE: nan, nan, nan, nan, nan%
Test  - Best epoch, Loss, MSE, RMSE, MAE, MAPE: 131, 0.00459, 0.00459, 0.06775, 0.04576, 10.46%
Time spent: 20.42s
- Epoch 139, ExpID 32820
Train - Loss (one batch): 0.00293
Val   - Loss, MSE, RMSE, MAE, MAPE: 0.00518, 0.00518, 0.07200, 0.04946, 13.07%
Test  - Best epoch, Loss, MSE, RMSE, MAE, MAPE: 131, 0.00459, 0.00459, 0.06775, 0.04576, 10.46%
Time spent: 20.43s
- Epoch 140, ExpID 32820
Train - Loss (one batch): 0.00323
Val   - Loss, MSE, RMSE, MAE, MAPE: 0.00505, 0.00505, 0.07108, 0.04811, 12.60%
Test  - Best epoch, Loss, MSE, RMSE, MAE, MAPE: 131, 0.00459, 0.00459, 0.06775, 0.04576, 10.46%
Time spent: 20.42s
- Epoch 141, ExpID 32820
Train - Loss (one batch): 0.00437
Val   - Loss, MSE, RMSE, MAE, MAPE: 0.00490, 0.00490, 0.06999, 0.04702, 12.13%
Test  - Best epoch, Loss, MSE, RMSE, MAE, MAPE: 131, 0.00459, 0.00459, 0.06775, 0.04576, 10.46%
Time spent: 20.44s
- Epoch 142, ExpID 32820
Train - Loss (one batch): 0.00388
Val   - Loss, MSE, RMSE, MAE, MAPE: nan, nan, nan, nan, nan%
Test  - Best epoch, Loss, MSE, RMSE, MAE, MAPE: 131, 0.00459, 0.00459, 0.06775, 0.04576, 10.46%
Time spent: 20.43s
- Epoch 143, ExpID 32820
Train - Loss (one batch): 0.00437
Val   - Loss, MSE, RMSE, MAE, MAPE: 0.00506, 0.00506, 0.07117, 0.04870, 11.89%
Test  - Best epoch, Loss, MSE, RMSE, MAE, MAPE: 131, 0.00459, 0.00459, 0.06775, 0.04576, 10.46%
Time spent: 20.44s
- Epoch 144, ExpID 32820
Train - Loss (one batch): 0.00406
Val   - Loss, MSE, RMSE, MAE, MAPE: 0.00491, 0.00491, 0.07008, 0.04700, 11.63%
Test  - Best epoch, Loss, MSE, RMSE, MAE, MAPE: 131, 0.00459, 0.00459, 0.06775, 0.04576, 10.46%
Time spent: 20.44s
- Epoch 145, ExpID 32820
Train - Loss (one batch): 0.00384
Val   - Loss, MSE, RMSE, MAE, MAPE: nan, nan, nan, nan, nan%
Test  - Best epoch, Loss, MSE, RMSE, MAE, MAPE: 131, 0.00459, 0.00459, 0.06775, 0.04576, 10.46%
Time spent: 20.45s
- Epoch 146, ExpID 32820
Train - Loss (one batch): 0.00534
Val   - Loss, MSE, RMSE, MAE, MAPE: 0.00550, 0.00550, 0.07419, 0.05280, 12.44%
Test  - Best epoch, Loss, MSE, RMSE, MAE, MAPE: 131, 0.00459, 0.00459, 0.06775, 0.04576, 10.46%
Time spent: 20.45s
- Epoch 147, ExpID 32820
Train - Loss (one batch): 0.00358
Val   - Loss, MSE, RMSE, MAE, MAPE: nan, nan, nan, nan, nan%
Test  - Best epoch, Loss, MSE, RMSE, MAE, MAPE: 131, 0.00459, 0.00459, 0.06775, 0.04576, 10.46%
Time spent: 20.40s
- Epoch 148, ExpID 32820
Train - Loss (one batch): 0.00423
Val   - Loss, MSE, RMSE, MAE, MAPE: nan, nan, nan, nan, nan%
Test  - Best epoch, Loss, MSE, RMSE, MAE, MAPE: 131, 0.00459, 0.00459, 0.06775, 0.04576, 10.46%
Time spent: 20.43s
- Epoch 149, ExpID 32820
Train - Loss (one batch): 0.00313
Val   - Loss, MSE, RMSE, MAE, MAPE: nan, nan, nan, nan, nan%
Test  - Best epoch, Loss, MSE, RMSE, MAE, MAPE: 131, 0.00459, 0.00459, 0.06775, 0.04576, 10.46%
Time spent: 20.35s
- Epoch 150, ExpID 32820
Train - Loss (one batch): 0.00341
Val   - Loss, MSE, RMSE, MAE, MAPE: nan, nan, nan, nan, nan%
Test  - Best epoch, Loss, MSE, RMSE, MAE, MAPE: 131, 0.00459, 0.00459, 0.06775, 0.04576, 10.46%
Time spent: 20.37s
- Epoch 151, ExpID 32820
Train - Loss (one batch): 0.00383
Val   - Loss, MSE, RMSE, MAE, MAPE: nan, nan, nan, nan, nan%
Test  - Best epoch, Loss, MSE, RMSE, MAE, MAPE: 131, 0.00459, 0.00459, 0.06775, 0.04576, 10.46%
Time spent: 20.35s
- Epoch 152, ExpID 32820
Train - Loss (one batch): 0.00574
Val   - Loss, MSE, RMSE, MAE, MAPE: nan, nan, nan, nan, nan%
Test  - Best epoch, Loss, MSE, RMSE, MAE, MAPE: 131, 0.00459, 0.00459, 0.06775, 0.04576, 10.46%
Time spent: 20.38s
- Epoch 153, ExpID 32820
Train - Loss (one batch): 0.00476
Val   - Loss, MSE, RMSE, MAE, MAPE: 0.00486, 0.00486, 0.06969, 0.04650, 11.90%
Test  - Best epoch, Loss, MSE, RMSE, MAE, MAPE: 131, 0.00459, 0.00459, 0.06775, 0.04576, 10.46%
Time spent: 20.46s
- Epoch 154, ExpID 32820
Train - Loss (one batch): 0.00334
Val   - Loss, MSE, RMSE, MAE, MAPE: nan, nan, nan, nan, nan%
Test  - Best epoch, Loss, MSE, RMSE, MAE, MAPE: 131, 0.00459, 0.00459, 0.06775, 0.04576, 10.46%
Time spent: 20.41s
- Epoch 155, ExpID 32820
Train - Loss (one batch): 0.00343
Val   - Loss, MSE, RMSE, MAE, MAPE: 0.00496, 0.00496, 0.07046, 0.04775, 12.33%
Test  - Best epoch, Loss, MSE, RMSE, MAE, MAPE: 131, 0.00459, 0.00459, 0.06775, 0.04576, 10.46%
Time spent: 20.43s
- Epoch 156, ExpID 32820
Train - Loss (one batch): 0.00438
Val   - Loss, MSE, RMSE, MAE, MAPE: nan, nan, nan, nan, nan%
Test  - Best epoch, Loss, MSE, RMSE, MAE, MAPE: 131, 0.00459, 0.00459, 0.06775, 0.04576, 10.46%
Time spent: 20.44s
- Epoch 157, ExpID 32820
Train - Loss (one batch): 0.00322
Val   - Loss, MSE, RMSE, MAE, MAPE: nan, nan, nan, nan, nan%
Test  - Best epoch, Loss, MSE, RMSE, MAE, MAPE: 131, 0.00459, 0.00459, 0.06775, 0.04576, 10.46%
Time spent: 20.44s
- Epoch 158, ExpID 32820
Train - Loss (one batch): 0.00388
Val   - Loss, MSE, RMSE, MAE, MAPE: 0.00486, 0.00486, 0.06972, 0.04650, 11.97%
Test  - Best epoch, Loss, MSE, RMSE, MAE, MAPE: 131, 0.00459, 0.00459, 0.06775, 0.04576, 10.46%
Time spent: 20.44s
- Epoch 159, ExpID 32820
Train - Loss (one batch): 0.00436
Val   - Loss, MSE, RMSE, MAE, MAPE: nan, nan, nan, nan, nan%
Test  - Best epoch, Loss, MSE, RMSE, MAE, MAPE: 131, 0.00459, 0.00459, 0.06775, 0.04576, 10.46%
Time spent: 20.41s
- Epoch 160, ExpID 32820
Train - Loss (one batch): 0.00413
Val   - Loss, MSE, RMSE, MAE, MAPE: nan, nan, nan, nan, nan%
Test  - Best epoch, Loss, MSE, RMSE, MAE, MAPE: 131, 0.00459, 0.00459, 0.06775, 0.04576, 10.46%
Time spent: 20.37s
- Epoch 161, ExpID 32820
Train - Loss (one batch): 0.00401
Val   - Loss, MSE, RMSE, MAE, MAPE: nan, nan, nan, nan, nan%
Test  - Best epoch, Loss, MSE, RMSE, MAE, MAPE: 131, 0.00459, 0.00459, 0.06775, 0.04576, 10.46%
Time spent: 20.39s
- Epoch 162, ExpID 32820
Train - Loss (one batch): 0.00529
Val   - Loss, MSE, RMSE, MAE, MAPE: nan, nan, nan, nan, nan%
Test  - Best epoch, Loss, MSE, RMSE, MAE, MAPE: 131, 0.00459, 0.00459, 0.06775, 0.04576, 10.46%
Time spent: 20.44s
- Epoch 163, ExpID 32820
Train - Loss (one batch): 0.00366
Val   - Loss, MSE, RMSE, MAE, MAPE: 0.00511, 0.00511, 0.07149, 0.04895, 11.86%
Test  - Best epoch, Loss, MSE, RMSE, MAE, MAPE: 131, 0.00459, 0.00459, 0.06775, 0.04576, 10.46%
Time spent: 20.41s
- Epoch 164, ExpID 32820
Train - Loss (one batch): 0.00336
Val   - Loss, MSE, RMSE, MAE, MAPE: 0.00486, 0.00486, 0.06973, 0.04633, 11.70%
Test  - Best epoch, Loss, MSE, RMSE, MAE, MAPE: 131, 0.00459, 0.00459, 0.06775, 0.04576, 10.46%
Time spent: 20.42s
- Epoch 165, ExpID 32820
Train - Loss (one batch): 0.00286
Val   - Loss, MSE, RMSE, MAE, MAPE: nan, nan, nan, nan, nan%
Test  - Best epoch, Loss, MSE, RMSE, MAE, MAPE: 131, 0.00459, 0.00459, 0.06775, 0.04576, 10.46%
Time spent: 20.45s
- Epoch 166, ExpID 32820
Train - Loss (one batch): 0.00487
Val   - Loss, MSE, RMSE, MAE, MAPE: nan, nan, nan, nan, nan%
Test  - Best epoch, Loss, MSE, RMSE, MAE, MAPE: 131, 0.00459, 0.00459, 0.06775, 0.04576, 10.46%
Time spent: 20.45s
- Epoch 167, ExpID 32820
Train - Loss (one batch): 0.00346
Val   - Loss, MSE, RMSE, MAE, MAPE: nan, nan, nan, nan, nan%
Test  - Best epoch, Loss, MSE, RMSE, MAE, MAPE: 131, 0.00459, 0.00459, 0.06775, 0.04576, 10.46%
Time spent: 20.45s
- Epoch 168, ExpID 32820
Train - Loss (one batch): 0.00496
Val   - Loss, MSE, RMSE, MAE, MAPE: nan, nan, nan, nan, nan%
Test  - Best epoch, Loss, MSE, RMSE, MAE, MAPE: 131, 0.00459, 0.00459, 0.06775, 0.04576, 10.46%
Time spent: 20.41s
- Epoch 169, ExpID 32820
Train - Loss (one batch): 0.00365
Val   - Loss, MSE, RMSE, MAE, MAPE: nan, nan, nan, nan, nan%
Test  - Best epoch, Loss, MSE, RMSE, MAE, MAPE: 131, 0.00459, 0.00459, 0.06775, 0.04576, 10.46%
Time spent: 20.42s
- Epoch 170, ExpID 32820
Train - Loss (one batch): 0.00350
Val   - Loss, MSE, RMSE, MAE, MAPE: 0.00541, 0.00541, 0.07353, 0.05131, 13.70%
Test  - Best epoch, Loss, MSE, RMSE, MAE, MAPE: 131, 0.00459, 0.00459, 0.06775, 0.04576, 10.46%
Time spent: 20.45s
- Epoch 171, ExpID 32820
Train - Loss (one batch): 0.00397
Val   - Loss, MSE, RMSE, MAE, MAPE: 0.00499, 0.00499, 0.07062, 0.04794, 11.92%
Test  - Best epoch, Loss, MSE, RMSE, MAE, MAPE: 131, 0.00459, 0.00459, 0.06775, 0.04576, 10.46%
Time spent: 20.38s
- Epoch 172, ExpID 32820
Train - Loss (one batch): 0.00351
Val   - Loss, MSE, RMSE, MAE, MAPE: nan, nan, nan, nan, nan%
Test  - Best epoch, Loss, MSE, RMSE, MAE, MAPE: 131, 0.00459, 0.00459, 0.06775, 0.04576, 10.46%
Time spent: 20.42s
slurmstepd: error: *** JOB 279508 ON test-000 CANCELLED AT 2025-11-16T16:09:14 DUE TO TIME LIMIT ***
