/home/solgi/MSP-IMTS/tPatchGNN/run_models.py
2025-11-16 21:44:56
run_models.py --dataset activity --history 3000 --hid_dim 32 --te_dim 10 --node_dim 10 --nlayer 1 --tf_layer 1 --nhead 1 --batch_size 32 --lr 1e-3 --w_decay 1e-4 --patience 80 --epoch 600 --seed 6 --gpu 0 --multi_scales  --fusion concat --state activity_single_scale_mixer
Namespace(multi_scales='', multi_strides='', fusion='concat', disable_fusion_mixer=False, fusion_mixer_hidden_mult=2.0, fusion_mixer_dropout=0.1, fusion_track_stats=False, state='activity_single_scale_mixer', n=100000000, hop=1, nhead=1, tf_layer=1, nlayer=1, epoch=600, patience=80, history=3000, model='tPatchGNN', patch_size=24, stride=24, logmode='a', lr=0.001, w_decay=0.0001, batch_size=32, save='experiments/', load=None, seed=6, dataset='activity', hid_dim=32, te_dim=10, node_dim=10, gpu='0', cpu=False, outlayer='fc', device=device(type='cuda'), npatch=125, pred_window=1000, ndim=12)
Could not save checkpoint to experiments/experiment_65991.ckpt: Parent directory experiments does not exist.
- Epoch 000, ExpID 65991
Train - Loss (one batch): 0.01624
Val   - Loss, MSE, RMSE, MAE, MAPE: 0.01637, 0.01637, 0.12793, 0.09738, 25.87%
Test  - Best epoch, Loss, MSE, RMSE, MAE, MAPE: 0, 0.01528, 0.01528, 0.12359, 0.09446, 22.55%
Time spent: 15.70s
Could not save checkpoint to experiments/experiment_65991.ckpt: Parent directory experiments does not exist.
- Epoch 001, ExpID 65991
Train - Loss (one batch): 0.01682
Val   - Loss, MSE, RMSE, MAE, MAPE: 0.01572, 0.01572, 0.12540, 0.09559, 25.28%
Test  - Best epoch, Loss, MSE, RMSE, MAE, MAPE: 1, 0.01488, 0.01488, 0.12199, 0.09381, 22.21%
Time spent: 14.66s
Could not save checkpoint to experiments/experiment_65991.ckpt: Parent directory experiments does not exist.
- Epoch 002, ExpID 65991
Train - Loss (one batch): 0.01540
Val   - Loss, MSE, RMSE, MAE, MAPE: 0.01546, 0.01546, 0.12433, 0.09471, 24.45%
Test  - Best epoch, Loss, MSE, RMSE, MAE, MAPE: 2, 0.01492, 0.01492, 0.12214, 0.09409, 21.69%
Time spent: 14.73s
- Epoch 003, ExpID 65991
Train - Loss (one batch): 0.01396
Val   - Loss, MSE, RMSE, MAE, MAPE: 0.01566, 0.01566, 0.12515, 0.09537, 25.46%
Test  - Best epoch, Loss, MSE, RMSE, MAE, MAPE: 2, 0.01492, 0.01492, 0.12214, 0.09409, 21.69%
Time spent: 12.72s
- Epoch 004, ExpID 65991
Train - Loss (one batch): 0.01458
Val   - Loss, MSE, RMSE, MAE, MAPE: 0.01552, 0.01552, 0.12459, 0.09490, 25.15%
Test  - Best epoch, Loss, MSE, RMSE, MAE, MAPE: 2, 0.01492, 0.01492, 0.12214, 0.09409, 21.69%
Time spent: 12.69s
Could not save checkpoint to experiments/experiment_65991.ckpt: Parent directory experiments does not exist.
- Epoch 005, ExpID 65991
Train - Loss (one batch): 0.01389
Val   - Loss, MSE, RMSE, MAE, MAPE: 0.01545, 0.01545, 0.12429, 0.09460, 24.93%
Test  - Best epoch, Loss, MSE, RMSE, MAE, MAPE: 5, 0.01474, 0.01474, 0.12140, 0.09332, 22.01%
Time spent: 14.68s
- Epoch 006, ExpID 65991
Train - Loss (one batch): 0.01561
Val   - Loss, MSE, RMSE, MAE, MAPE: 0.01555, 0.01555, 0.12470, 0.09481, 25.10%
Test  - Best epoch, Loss, MSE, RMSE, MAE, MAPE: 5, 0.01474, 0.01474, 0.12140, 0.09332, 22.01%
Time spent: 12.69s
Could not save checkpoint to experiments/experiment_65991.ckpt: Parent directory experiments does not exist.
- Epoch 007, ExpID 65991
Train - Loss (one batch): 0.01759
Val   - Loss, MSE, RMSE, MAE, MAPE: 0.01545, 0.01545, 0.12428, 0.09468, 24.97%
Test  - Best epoch, Loss, MSE, RMSE, MAE, MAPE: 7, 0.01472, 0.01472, 0.12131, 0.09335, 22.02%
Time spent: 14.65s
- Epoch 008, ExpID 65991
Train - Loss (one batch): 0.01507
Val   - Loss, MSE, RMSE, MAE, MAPE: 0.01573, 0.01573, 0.12541, 0.09573, 23.99%
Test  - Best epoch, Loss, MSE, RMSE, MAE, MAPE: 7, 0.01472, 0.01472, 0.12131, 0.09335, 22.02%
Time spent: 12.70s
Could not save checkpoint to experiments/experiment_65991.ckpt: Parent directory experiments does not exist.
- Epoch 009, ExpID 65991
Train - Loss (one batch): 0.01345
Val   - Loss, MSE, RMSE, MAE, MAPE: 0.01533, 0.01533, 0.12381, 0.09430, 24.31%
Test  - Best epoch, Loss, MSE, RMSE, MAE, MAPE: 9, 0.01490, 0.01490, 0.12205, 0.09405, 21.64%
Time spent: 14.65s
- Epoch 010, ExpID 65991
Train - Loss (one batch): 0.01596
Val   - Loss, MSE, RMSE, MAE, MAPE: 0.01553, 0.01553, 0.12460, 0.09513, 25.28%
Test  - Best epoch, Loss, MSE, RMSE, MAE, MAPE: 9, 0.01490, 0.01490, 0.12205, 0.09405, 21.64%
Time spent: 12.66s
- Epoch 011, ExpID 65991
Train - Loss (one batch): 0.01493
Val   - Loss, MSE, RMSE, MAE, MAPE: 0.01553, 0.01553, 0.12462, 0.09528, 25.39%
Test  - Best epoch, Loss, MSE, RMSE, MAE, MAPE: 9, 0.01490, 0.01490, 0.12205, 0.09405, 21.64%
Time spent: 12.58s
- Epoch 012, ExpID 65991
Train - Loss (one batch): 0.01503
Val   - Loss, MSE, RMSE, MAE, MAPE: 0.01550, 0.01550, 0.12449, 0.09483, 24.94%
Test  - Best epoch, Loss, MSE, RMSE, MAE, MAPE: 9, 0.01490, 0.01490, 0.12205, 0.09405, 21.64%
Time spent: 12.64s
- Epoch 013, ExpID 65991
Train - Loss (one batch): 0.01382
Val   - Loss, MSE, RMSE, MAE, MAPE: 0.01540, 0.01540, 0.12409, 0.09457, 24.88%
Test  - Best epoch, Loss, MSE, RMSE, MAE, MAPE: 9, 0.01490, 0.01490, 0.12205, 0.09405, 21.64%
Time spent: 12.92s
- Epoch 014, ExpID 65991
Train - Loss (one batch): 0.01461
Val   - Loss, MSE, RMSE, MAE, MAPE: 0.01539, 0.01539, 0.12407, 0.09439, 24.27%
Test  - Best epoch, Loss, MSE, RMSE, MAE, MAPE: 9, 0.01490, 0.01490, 0.12205, 0.09405, 21.64%
Time spent: 12.64s
- Epoch 015, ExpID 65991
Train - Loss (one batch): 0.01148
Val   - Loss, MSE, RMSE, MAE, MAPE: 0.01535, 0.01535, 0.12388, 0.09439, 24.33%
Test  - Best epoch, Loss, MSE, RMSE, MAE, MAPE: 9, 0.01490, 0.01490, 0.12205, 0.09405, 21.64%
Time spent: 12.63s
- Epoch 016, ExpID 65991
Train - Loss (one batch): 0.01604
Val   - Loss, MSE, RMSE, MAE, MAPE: 0.01577, 0.01577, 0.12558, 0.09617, 25.81%
Test  - Best epoch, Loss, MSE, RMSE, MAE, MAPE: 9, 0.01490, 0.01490, 0.12205, 0.09405, 21.64%
Time spent: 12.71s
- Epoch 017, ExpID 65991
Train - Loss (one batch): 0.01565
Val   - Loss, MSE, RMSE, MAE, MAPE: 0.01556, 0.01556, 0.12476, 0.09544, 25.44%
Test  - Best epoch, Loss, MSE, RMSE, MAE, MAPE: 9, 0.01490, 0.01490, 0.12205, 0.09405, 21.64%
Time spent: 12.66s
- Epoch 018, ExpID 65991
Train - Loss (one batch): 0.01330
Val   - Loss, MSE, RMSE, MAE, MAPE: 0.01540, 0.01540, 0.12412, 0.09462, 24.98%
Test  - Best epoch, Loss, MSE, RMSE, MAE, MAPE: 9, 0.01490, 0.01490, 0.12205, 0.09405, 21.64%
Time spent: 12.66s
- Epoch 019, ExpID 65991
Train - Loss (one batch): 0.01518
Val   - Loss, MSE, RMSE, MAE, MAPE: 0.01535, 0.01535, 0.12389, 0.09426, 24.45%
Test  - Best epoch, Loss, MSE, RMSE, MAE, MAPE: 9, 0.01490, 0.01490, 0.12205, 0.09405, 21.64%
Time spent: 12.68s
- Epoch 020, ExpID 65991
Train - Loss (one batch): 0.01784
Val   - Loss, MSE, RMSE, MAE, MAPE: 0.01544, 0.01544, 0.12425, 0.09448, 24.53%
Test  - Best epoch, Loss, MSE, RMSE, MAE, MAPE: 9, 0.01490, 0.01490, 0.12205, 0.09405, 21.64%
Time spent: 12.66s
- Epoch 021, ExpID 65991
Train - Loss (one batch): 0.01233
Val   - Loss, MSE, RMSE, MAE, MAPE: 0.01534, 0.01534, 0.12387, 0.09452, 24.78%
Test  - Best epoch, Loss, MSE, RMSE, MAE, MAPE: 9, 0.01490, 0.01490, 0.12205, 0.09405, 21.64%
Time spent: 12.55s
- Epoch 022, ExpID 65991
Train - Loss (one batch): 0.01673
Val   - Loss, MSE, RMSE, MAE, MAPE: 0.01536, 0.01536, 0.12392, 0.09434, 24.60%
Test  - Best epoch, Loss, MSE, RMSE, MAE, MAPE: 9, 0.01490, 0.01490, 0.12205, 0.09405, 21.64%
Time spent: 12.63s
- Epoch 023, ExpID 65991
Train - Loss (one batch): 0.01732
Val   - Loss, MSE, RMSE, MAE, MAPE: 0.01558, 0.01558, 0.12481, 0.09501, 25.29%
Test  - Best epoch, Loss, MSE, RMSE, MAE, MAPE: 9, 0.01490, 0.01490, 0.12205, 0.09405, 21.64%
Time spent: 12.66s
- Epoch 024, ExpID 65991
Train - Loss (one batch): 0.01315
Val   - Loss, MSE, RMSE, MAE, MAPE: 0.01598, 0.01598, 0.12643, 0.09669, 26.15%
Test  - Best epoch, Loss, MSE, RMSE, MAE, MAPE: 9, 0.01490, 0.01490, 0.12205, 0.09405, 21.64%
Time spent: 12.66s
Could not save checkpoint to experiments/experiment_65991.ckpt: Parent directory experiments does not exist.
- Epoch 025, ExpID 65991
Train - Loss (one batch): 0.01484
Val   - Loss, MSE, RMSE, MAE, MAPE: 0.01532, 0.01532, 0.12378, 0.09426, 24.47%
Test  - Best epoch, Loss, MSE, RMSE, MAE, MAPE: 25, 0.01480, 0.01480, 0.12165, 0.09371, 21.73%
Time spent: 14.57s
- Epoch 026, ExpID 65991
Train - Loss (one batch): 0.01434
Val   - Loss, MSE, RMSE, MAE, MAPE: 0.01539, 0.01539, 0.12405, 0.09446, 24.37%
Test  - Best epoch, Loss, MSE, RMSE, MAE, MAPE: 25, 0.01480, 0.01480, 0.12165, 0.09371, 21.73%
Time spent: 12.69s
- Epoch 027, ExpID 65991
Train - Loss (one batch): 0.01451
Val   - Loss, MSE, RMSE, MAE, MAPE: 0.01551, 0.01551, 0.12455, 0.09507, 25.27%
Test  - Best epoch, Loss, MSE, RMSE, MAE, MAPE: 25, 0.01480, 0.01480, 0.12165, 0.09371, 21.73%
Time spent: 12.68s
- Epoch 028, ExpID 65991
Train - Loss (one batch): 0.01462
Val   - Loss, MSE, RMSE, MAE, MAPE: 0.01547, 0.01547, 0.12436, 0.09480, 25.12%
Test  - Best epoch, Loss, MSE, RMSE, MAE, MAPE: 25, 0.01480, 0.01480, 0.12165, 0.09371, 21.73%
Time spent: 12.66s
- Epoch 029, ExpID 65991
Train - Loss (one batch): 0.01566
Val   - Loss, MSE, RMSE, MAE, MAPE: nan, nan, nan, nan, nan%
Test  - Best epoch, Loss, MSE, RMSE, MAE, MAPE: 25, 0.01480, 0.01480, 0.12165, 0.09371, 21.73%
Time spent: 12.68s
- Epoch 030, ExpID 65991
Train - Loss (one batch): 0.01367
Val   - Loss, MSE, RMSE, MAE, MAPE: 0.01541, 0.01541, 0.12414, 0.09439, 24.74%
Test  - Best epoch, Loss, MSE, RMSE, MAE, MAPE: 25, 0.01480, 0.01480, 0.12165, 0.09371, 21.73%
Time spent: 12.65s
- Epoch 031, ExpID 65991
Train - Loss (one batch): 0.01533
Val   - Loss, MSE, RMSE, MAE, MAPE: nan, nan, nan, nan, nan%
Test  - Best epoch, Loss, MSE, RMSE, MAE, MAPE: 25, 0.01480, 0.01480, 0.12165, 0.09371, 21.73%
Time spent: 12.68s
- Epoch 032, ExpID 65991
Train - Loss (one batch): 0.01509
Val   - Loss, MSE, RMSE, MAE, MAPE: nan, nan, nan, nan, nan%
Test  - Best epoch, Loss, MSE, RMSE, MAE, MAPE: 25, 0.01480, 0.01480, 0.12165, 0.09371, 21.73%
Time spent: 12.64s
- Epoch 033, ExpID 65991
Train - Loss (one batch): 0.01452
Val   - Loss, MSE, RMSE, MAE, MAPE: nan, nan, nan, nan, nan%
Test  - Best epoch, Loss, MSE, RMSE, MAE, MAPE: 25, 0.01480, 0.01480, 0.12165, 0.09371, 21.73%
Time spent: 12.67s
- Epoch 034, ExpID 65991
Train - Loss (one batch): 0.01257
Val   - Loss, MSE, RMSE, MAE, MAPE: nan, nan, nan, nan, nan%
Test  - Best epoch, Loss, MSE, RMSE, MAE, MAPE: 25, 0.01480, 0.01480, 0.12165, 0.09371, 21.73%
Time spent: 12.72s
- Epoch 035, ExpID 65991
Train - Loss (one batch): 0.01834
Val   - Loss, MSE, RMSE, MAE, MAPE: nan, nan, nan, nan, nan%
Test  - Best epoch, Loss, MSE, RMSE, MAE, MAPE: 25, 0.01480, 0.01480, 0.12165, 0.09371, 21.73%
Time spent: 12.75s
- Epoch 036, ExpID 65991
Train - Loss (one batch): 0.01635
Val   - Loss, MSE, RMSE, MAE, MAPE: nan, nan, nan, nan, nan%
Test  - Best epoch, Loss, MSE, RMSE, MAE, MAPE: 25, 0.01480, 0.01480, 0.12165, 0.09371, 21.73%
Time spent: 12.61s
- Epoch 037, ExpID 65991
Train - Loss (one batch): 0.01732
Val   - Loss, MSE, RMSE, MAE, MAPE: 0.01554, 0.01554, 0.12466, 0.09493, 23.99%
Test  - Best epoch, Loss, MSE, RMSE, MAE, MAPE: 25, 0.01480, 0.01480, 0.12165, 0.09371, 21.73%
Time spent: 12.64s
- Epoch 038, ExpID 65991
Train - Loss (one batch): 0.01563
Val   - Loss, MSE, RMSE, MAE, MAPE: nan, nan, nan, nan, nan%
Test  - Best epoch, Loss, MSE, RMSE, MAE, MAPE: 25, 0.01480, 0.01480, 0.12165, 0.09371, 21.73%
Time spent: 12.64s
- Epoch 039, ExpID 65991
Train - Loss (one batch): 0.01439
Val   - Loss, MSE, RMSE, MAE, MAPE: nan, nan, nan, nan, nan%
Test  - Best epoch, Loss, MSE, RMSE, MAE, MAPE: 25, 0.01480, 0.01480, 0.12165, 0.09371, 21.73%
Time spent: 12.62s
- Epoch 040, ExpID 65991
Train - Loss (one batch): 0.01415
Val   - Loss, MSE, RMSE, MAE, MAPE: nan, nan, nan, nan, nan%
Test  - Best epoch, Loss, MSE, RMSE, MAE, MAPE: 25, 0.01480, 0.01480, 0.12165, 0.09371, 21.73%
Time spent: 12.56s
- Epoch 041, ExpID 65991
Train - Loss (one batch): 0.01767
Val   - Loss, MSE, RMSE, MAE, MAPE: nan, nan, nan, nan, nan%
Test  - Best epoch, Loss, MSE, RMSE, MAE, MAPE: 25, 0.01480, 0.01480, 0.12165, 0.09371, 21.73%
Time spent: 12.58s
- Epoch 042, ExpID 65991
Train - Loss (one batch): 0.01654
Val   - Loss, MSE, RMSE, MAE, MAPE: nan, nan, nan, nan, nan%
Test  - Best epoch, Loss, MSE, RMSE, MAE, MAPE: 25, 0.01480, 0.01480, 0.12165, 0.09371, 21.73%
Time spent: 12.60s
- Epoch 043, ExpID 65991
Train - Loss (one batch): 0.01204
Val   - Loss, MSE, RMSE, MAE, MAPE: 0.01537, 0.01537, 0.12396, 0.09431, 24.52%
Test  - Best epoch, Loss, MSE, RMSE, MAE, MAPE: 25, 0.01480, 0.01480, 0.12165, 0.09371, 21.73%
Time spent: 12.59s
- Epoch 044, ExpID 65991
Train - Loss (one batch): 0.01549
Val   - Loss, MSE, RMSE, MAE, MAPE: nan, nan, nan, nan, nan%
Test  - Best epoch, Loss, MSE, RMSE, MAE, MAPE: 25, 0.01480, 0.01480, 0.12165, 0.09371, 21.73%
Time spent: 12.66s
- Epoch 045, ExpID 65991
Train - Loss (one batch): 0.01811
Val   - Loss, MSE, RMSE, MAE, MAPE: nan, nan, nan, nan, nan%
Test  - Best epoch, Loss, MSE, RMSE, MAE, MAPE: 25, 0.01480, 0.01480, 0.12165, 0.09371, 21.73%
Time spent: 12.62s
- Epoch 046, ExpID 65991
Train - Loss (one batch): 0.01445
Val   - Loss, MSE, RMSE, MAE, MAPE: nan, nan, nan, nan, nan%
Test  - Best epoch, Loss, MSE, RMSE, MAE, MAPE: 25, 0.01480, 0.01480, 0.12165, 0.09371, 21.73%
Time spent: 12.76s
- Epoch 047, ExpID 65991
Train - Loss (one batch): 0.01413
Val   - Loss, MSE, RMSE, MAE, MAPE: 0.01585, 0.01585, 0.12588, 0.09622, 25.88%
Test  - Best epoch, Loss, MSE, RMSE, MAE, MAPE: 25, 0.01480, 0.01480, 0.12165, 0.09371, 21.73%
Time spent: 12.68s
- Epoch 048, ExpID 65991
Train - Loss (one batch): 0.01316
Val   - Loss, MSE, RMSE, MAE, MAPE: nan, nan, nan, nan, nan%
Test  - Best epoch, Loss, MSE, RMSE, MAE, MAPE: 25, 0.01480, 0.01480, 0.12165, 0.09371, 21.73%
Time spent: 12.65s
- Epoch 049, ExpID 65991
Train - Loss (one batch): 0.01488
Val   - Loss, MSE, RMSE, MAE, MAPE: nan, nan, nan, nan, nan%
Test  - Best epoch, Loss, MSE, RMSE, MAE, MAPE: 25, 0.01480, 0.01480, 0.12165, 0.09371, 21.73%
Time spent: 12.73s
- Epoch 050, ExpID 65991
Train - Loss (one batch): 0.01587
Val   - Loss, MSE, RMSE, MAE, MAPE: nan, nan, nan, nan, nan%
Test  - Best epoch, Loss, MSE, RMSE, MAE, MAPE: 25, 0.01480, 0.01480, 0.12165, 0.09371, 21.73%
Time spent: 12.62s
- Epoch 051, ExpID 65991
Train - Loss (one batch): 0.01773
Val   - Loss, MSE, RMSE, MAE, MAPE: nan, nan, nan, nan, nan%
Test  - Best epoch, Loss, MSE, RMSE, MAE, MAPE: 25, 0.01480, 0.01480, 0.12165, 0.09371, 21.73%
Time spent: 12.72s
- Epoch 052, ExpID 65991
Train - Loss (one batch): 0.01182
Val   - Loss, MSE, RMSE, MAE, MAPE: nan, nan, nan, nan, nan%
Test  - Best epoch, Loss, MSE, RMSE, MAE, MAPE: 25, 0.01480, 0.01480, 0.12165, 0.09371, 21.73%
Time spent: 12.69s
Could not save checkpoint to experiments/experiment_65991.ckpt: Parent directory experiments does not exist.
- Epoch 053, ExpID 65991
Train - Loss (one batch): 0.01576
Val   - Loss, MSE, RMSE, MAE, MAPE: 0.01528, 0.01528, 0.12360, 0.09427, 24.39%
Test  - Best epoch, Loss, MSE, RMSE, MAE, MAPE: 53, 0.01483, 0.01483, 0.12178, 0.09396, 21.71%
Time spent: 14.61s
- Epoch 054, ExpID 65991
Train - Loss (one batch): 0.01550
Val   - Loss, MSE, RMSE, MAE, MAPE: nan, nan, nan, nan, nan%
Test  - Best epoch, Loss, MSE, RMSE, MAE, MAPE: 53, 0.01483, 0.01483, 0.12178, 0.09396, 21.71%
Time spent: 12.71s
- Epoch 055, ExpID 65991
Train - Loss (one batch): 0.01434
Val   - Loss, MSE, RMSE, MAE, MAPE: 0.01548, 0.01548, 0.12442, 0.09473, 24.15%
Test  - Best epoch, Loss, MSE, RMSE, MAE, MAPE: 53, 0.01483, 0.01483, 0.12178, 0.09396, 21.71%
Time spent: 12.67s
- Epoch 056, ExpID 65991
Train - Loss (one batch): 0.01290
Val   - Loss, MSE, RMSE, MAE, MAPE: nan, nan, nan, nan, nan%
Test  - Best epoch, Loss, MSE, RMSE, MAE, MAPE: 53, 0.01483, 0.01483, 0.12178, 0.09396, 21.71%
Time spent: 12.64s
- Epoch 057, ExpID 65991
Train - Loss (one batch): 0.01186
Val   - Loss, MSE, RMSE, MAE, MAPE: 0.01533, 0.01533, 0.12383, 0.09434, 24.32%
Test  - Best epoch, Loss, MSE, RMSE, MAE, MAPE: 53, 0.01483, 0.01483, 0.12178, 0.09396, 21.71%
Time spent: 12.65s
- Epoch 058, ExpID 65991
Train - Loss (one batch): 0.01562
Val   - Loss, MSE, RMSE, MAE, MAPE: nan, nan, nan, nan, nan%
Test  - Best epoch, Loss, MSE, RMSE, MAE, MAPE: 53, 0.01483, 0.01483, 0.12178, 0.09396, 21.71%
Time spent: 12.66s
- Epoch 059, ExpID 65991
Train - Loss (one batch): 0.01243
Val   - Loss, MSE, RMSE, MAE, MAPE: 0.01545, 0.01545, 0.12431, 0.09463, 24.20%
Test  - Best epoch, Loss, MSE, RMSE, MAE, MAPE: 53, 0.01483, 0.01483, 0.12178, 0.09396, 21.71%
Time spent: 12.54s
- Epoch 060, ExpID 65991
Train - Loss (one batch): 0.01436
Val   - Loss, MSE, RMSE, MAE, MAPE: nan, nan, nan, nan, nan%
Test  - Best epoch, Loss, MSE, RMSE, MAE, MAPE: 53, 0.01483, 0.01483, 0.12178, 0.09396, 21.71%
Time spent: 12.63s
- Epoch 061, ExpID 65991
Train - Loss (one batch): 0.01179
Val   - Loss, MSE, RMSE, MAE, MAPE: 0.01535, 0.01535, 0.12389, 0.09446, 24.15%
Test  - Best epoch, Loss, MSE, RMSE, MAE, MAPE: 53, 0.01483, 0.01483, 0.12178, 0.09396, 21.71%
Time spent: 12.58s
- Epoch 062, ExpID 65991
Train - Loss (one batch): 0.01861
Val   - Loss, MSE, RMSE, MAE, MAPE: nan, nan, nan, nan, nan%
Test  - Best epoch, Loss, MSE, RMSE, MAE, MAPE: 53, 0.01483, 0.01483, 0.12178, 0.09396, 21.71%
Time spent: 12.56s
- Epoch 063, ExpID 65991
Train - Loss (one batch): 0.01688
Val   - Loss, MSE, RMSE, MAE, MAPE: nan, nan, nan, nan, nan%
Test  - Best epoch, Loss, MSE, RMSE, MAE, MAPE: 53, 0.01483, 0.01483, 0.12178, 0.09396, 21.71%
Time spent: 12.44s
- Epoch 064, ExpID 65991
Train - Loss (one batch): 0.01378
Val   - Loss, MSE, RMSE, MAE, MAPE: 0.01535, 0.01535, 0.12391, 0.09434, 24.56%
Test  - Best epoch, Loss, MSE, RMSE, MAE, MAPE: 53, 0.01483, 0.01483, 0.12178, 0.09396, 21.71%
Time spent: 12.44s
- Epoch 065, ExpID 65991
Train - Loss (one batch): 0.01488
Val   - Loss, MSE, RMSE, MAE, MAPE: nan, nan, nan, nan, nan%
Test  - Best epoch, Loss, MSE, RMSE, MAE, MAPE: 53, 0.01483, 0.01483, 0.12178, 0.09396, 21.71%
Time spent: 12.39s
- Epoch 066, ExpID 65991
Train - Loss (one batch): 0.01401
Val   - Loss, MSE, RMSE, MAE, MAPE: 0.01560, 0.01560, 0.12492, 0.09515, 25.34%
Test  - Best epoch, Loss, MSE, RMSE, MAE, MAPE: 53, 0.01483, 0.01483, 0.12178, 0.09396, 21.71%
Time spent: 12.41s
- Epoch 067, ExpID 65991
Train - Loss (one batch): 0.01564
Val   - Loss, MSE, RMSE, MAE, MAPE: 0.01577, 0.01577, 0.12556, 0.09633, 25.84%
Test  - Best epoch, Loss, MSE, RMSE, MAE, MAPE: 53, 0.01483, 0.01483, 0.12178, 0.09396, 21.71%
Time spent: 12.44s
- Epoch 068, ExpID 65991
Train - Loss (one batch): 0.01722
Val   - Loss, MSE, RMSE, MAE, MAPE: 0.01538, 0.01538, 0.12404, 0.09433, 24.53%
Test  - Best epoch, Loss, MSE, RMSE, MAE, MAPE: 53, 0.01483, 0.01483, 0.12178, 0.09396, 21.71%
Time spent: 12.42s
- Epoch 069, ExpID 65991
Train - Loss (one batch): 0.01347
Val   - Loss, MSE, RMSE, MAE, MAPE: 0.01553, 0.01553, 0.12463, 0.09499, 25.22%
Test  - Best epoch, Loss, MSE, RMSE, MAE, MAPE: 53, 0.01483, 0.01483, 0.12178, 0.09396, 21.71%
Time spent: 12.38s
- Epoch 070, ExpID 65991
Train - Loss (one batch): 0.01366
Val   - Loss, MSE, RMSE, MAE, MAPE: nan, nan, nan, nan, nan%
Test  - Best epoch, Loss, MSE, RMSE, MAE, MAPE: 53, 0.01483, 0.01483, 0.12178, 0.09396, 21.71%
Time spent: 12.36s
- Epoch 071, ExpID 65991
Train - Loss (one batch): 0.01599
Val   - Loss, MSE, RMSE, MAE, MAPE: nan, nan, nan, nan, nan%
Test  - Best epoch, Loss, MSE, RMSE, MAE, MAPE: 53, 0.01483, 0.01483, 0.12178, 0.09396, 21.71%
Time spent: 12.43s
- Epoch 072, ExpID 65991
Train - Loss (one batch): 0.01653
Val   - Loss, MSE, RMSE, MAE, MAPE: nan, nan, nan, nan, nan%
Test  - Best epoch, Loss, MSE, RMSE, MAE, MAPE: 53, 0.01483, 0.01483, 0.12178, 0.09396, 21.71%
Time spent: 12.39s
- Epoch 073, ExpID 65991
Train - Loss (one batch): 0.01709
Val   - Loss, MSE, RMSE, MAE, MAPE: nan, nan, nan, nan, nan%
Test  - Best epoch, Loss, MSE, RMSE, MAE, MAPE: 53, 0.01483, 0.01483, 0.12178, 0.09396, 21.71%
Time spent: 12.42s
- Epoch 074, ExpID 65991
Train - Loss (one batch): 0.01458
Val   - Loss, MSE, RMSE, MAE, MAPE: 0.01535, 0.01535, 0.12390, 0.09457, 24.89%
Test  - Best epoch, Loss, MSE, RMSE, MAE, MAPE: 53, 0.01483, 0.01483, 0.12178, 0.09396, 21.71%
Time spent: 12.42s
- Epoch 075, ExpID 65991
Train - Loss (one batch): 0.01679
Val   - Loss, MSE, RMSE, MAE, MAPE: nan, nan, nan, nan, nan%
Test  - Best epoch, Loss, MSE, RMSE, MAE, MAPE: 53, 0.01483, 0.01483, 0.12178, 0.09396, 21.71%
Time spent: 12.37s
- Epoch 076, ExpID 65991
Train - Loss (one batch): 0.01248
Val   - Loss, MSE, RMSE, MAE, MAPE: 0.01542, 0.01542, 0.12418, 0.09448, 24.85%
Test  - Best epoch, Loss, MSE, RMSE, MAE, MAPE: 53, 0.01483, 0.01483, 0.12178, 0.09396, 21.71%
Time spent: 12.39s
- Epoch 077, ExpID 65991
Train - Loss (one batch): 0.01434
Val   - Loss, MSE, RMSE, MAE, MAPE: 0.01538, 0.01538, 0.12401, 0.09462, 24.90%
Test  - Best epoch, Loss, MSE, RMSE, MAE, MAPE: 53, 0.01483, 0.01483, 0.12178, 0.09396, 21.71%
Time spent: 12.35s
- Epoch 078, ExpID 65991
Train - Loss (one batch): 0.01751
Val   - Loss, MSE, RMSE, MAE, MAPE: 0.01537, 0.01537, 0.12399, 0.09433, 24.45%
Test  - Best epoch, Loss, MSE, RMSE, MAE, MAPE: 53, 0.01483, 0.01483, 0.12178, 0.09396, 21.71%
Time spent: 12.30s
- Epoch 079, ExpID 65991
Train - Loss (one batch): 0.01653
Val   - Loss, MSE, RMSE, MAE, MAPE: 0.01547, 0.01547, 0.12437, 0.09487, 24.08%
Test  - Best epoch, Loss, MSE, RMSE, MAE, MAPE: 53, 0.01483, 0.01483, 0.12178, 0.09396, 21.71%
Time spent: 12.27s
- Epoch 080, ExpID 65991
Train - Loss (one batch): 0.01625
Val   - Loss, MSE, RMSE, MAE, MAPE: 0.01539, 0.01539, 0.12404, 0.09479, 25.07%
Test  - Best epoch, Loss, MSE, RMSE, MAE, MAPE: 53, 0.01483, 0.01483, 0.12178, 0.09396, 21.71%
Time spent: 12.26s
- Epoch 081, ExpID 65991
Train - Loss (one batch): 0.01275
Val   - Loss, MSE, RMSE, MAE, MAPE: 0.01536, 0.01536, 0.12395, 0.09435, 24.67%
Test  - Best epoch, Loss, MSE, RMSE, MAE, MAPE: 53, 0.01483, 0.01483, 0.12178, 0.09396, 21.71%
Time spent: 12.28s
- Epoch 082, ExpID 65991
Train - Loss (one batch): 0.01190
Val   - Loss, MSE, RMSE, MAE, MAPE: 0.01545, 0.01545, 0.12431, 0.09453, 24.86%
Test  - Best epoch, Loss, MSE, RMSE, MAE, MAPE: 53, 0.01483, 0.01483, 0.12178, 0.09396, 21.71%
Time spent: 12.25s
- Epoch 083, ExpID 65991
Train - Loss (one batch): 0.01558
Val   - Loss, MSE, RMSE, MAE, MAPE: 0.01550, 0.01550, 0.12448, 0.09502, 25.23%
Test  - Best epoch, Loss, MSE, RMSE, MAE, MAPE: 53, 0.01483, 0.01483, 0.12178, 0.09396, 21.71%
Time spent: 12.29s
Could not save checkpoint to experiments/experiment_65991.ckpt: Parent directory experiments does not exist.
- Epoch 084, ExpID 65991
Train - Loss (one batch): 0.01400
Val   - Loss, MSE, RMSE, MAE, MAPE: 0.01526, 0.01526, 0.12354, 0.09429, 24.51%
Test  - Best epoch, Loss, MSE, RMSE, MAE, MAPE: 84, 0.01478, 0.01478, 0.12157, 0.09384, 21.79%
Time spent: 14.24s
- Epoch 085, ExpID 65991
Train - Loss (one batch): 0.01411
Val   - Loss, MSE, RMSE, MAE, MAPE: 0.01531, 0.01531, 0.12374, 0.09430, 24.41%
Test  - Best epoch, Loss, MSE, RMSE, MAE, MAPE: 84, 0.01478, 0.01478, 0.12157, 0.09384, 21.79%
Time spent: 12.27s
- Epoch 086, ExpID 65991
Train - Loss (one batch): 0.01551
Val   - Loss, MSE, RMSE, MAE, MAPE: nan, nan, nan, nan, nan%
Test  - Best epoch, Loss, MSE, RMSE, MAE, MAPE: 84, 0.01478, 0.01478, 0.12157, 0.09384, 21.79%
Time spent: 12.29s
- Epoch 087, ExpID 65991
Train - Loss (one batch): 0.01395
Val   - Loss, MSE, RMSE, MAE, MAPE: 0.01535, 0.01535, 0.12390, 0.09452, 24.85%
Test  - Best epoch, Loss, MSE, RMSE, MAE, MAPE: 84, 0.01478, 0.01478, 0.12157, 0.09384, 21.79%
Time spent: 12.27s
- Epoch 088, ExpID 65991
Train - Loss (one batch): 0.01359
Val   - Loss, MSE, RMSE, MAE, MAPE: 0.01531, 0.01531, 0.12374, 0.09430, 24.36%
Test  - Best epoch, Loss, MSE, RMSE, MAE, MAPE: 84, 0.01478, 0.01478, 0.12157, 0.09384, 21.79%
Time spent: 12.42s
- Epoch 089, ExpID 65991
Train - Loss (one batch): 0.01370
Val   - Loss, MSE, RMSE, MAE, MAPE: 0.01531, 0.01531, 0.12374, 0.09425, 24.33%
Test  - Best epoch, Loss, MSE, RMSE, MAE, MAPE: 84, 0.01478, 0.01478, 0.12157, 0.09384, 21.79%
Time spent: 12.29s
- Epoch 090, ExpID 65991
Train - Loss (one batch): 0.01494
Val   - Loss, MSE, RMSE, MAE, MAPE: 0.01536, 0.01536, 0.12393, 0.09442, 24.76%
Test  - Best epoch, Loss, MSE, RMSE, MAE, MAPE: 84, 0.01478, 0.01478, 0.12157, 0.09384, 21.79%
Time spent: 12.27s
- Epoch 091, ExpID 65991
Train - Loss (one batch): 0.01748
Val   - Loss, MSE, RMSE, MAE, MAPE: 0.01536, 0.01536, 0.12393, 0.09446, 24.78%
Test  - Best epoch, Loss, MSE, RMSE, MAE, MAPE: 84, 0.01478, 0.01478, 0.12157, 0.09384, 21.79%
Time spent: 12.33s
- Epoch 092, ExpID 65991
Train - Loss (one batch): 0.01342
Val   - Loss, MSE, RMSE, MAE, MAPE: 0.01544, 0.01544, 0.12426, 0.09443, 24.65%
Test  - Best epoch, Loss, MSE, RMSE, MAE, MAPE: 84, 0.01478, 0.01478, 0.12157, 0.09384, 21.79%
Time spent: 12.30s
- Epoch 093, ExpID 65991
Train - Loss (one batch): 0.01608
Val   - Loss, MSE, RMSE, MAE, MAPE: 0.01538, 0.01538, 0.12402, 0.09465, 24.92%
Test  - Best epoch, Loss, MSE, RMSE, MAE, MAPE: 84, 0.01478, 0.01478, 0.12157, 0.09384, 21.79%
Time spent: 12.38s
- Epoch 094, ExpID 65991
Train - Loss (one batch): 0.01497
Val   - Loss, MSE, RMSE, MAE, MAPE: 0.01555, 0.01555, 0.12470, 0.09498, 25.27%
Test  - Best epoch, Loss, MSE, RMSE, MAE, MAPE: 84, 0.01478, 0.01478, 0.12157, 0.09384, 21.79%
Time spent: 12.29s
- Epoch 095, ExpID 65991
Train - Loss (one batch): 0.01504
Val   - Loss, MSE, RMSE, MAE, MAPE: 0.01542, 0.01542, 0.12420, 0.09456, 24.92%
Test  - Best epoch, Loss, MSE, RMSE, MAE, MAPE: 84, 0.01478, 0.01478, 0.12157, 0.09384, 21.79%
Time spent: 12.31s
- Epoch 096, ExpID 65991
Train - Loss (one batch): 0.01465
Val   - Loss, MSE, RMSE, MAE, MAPE: 0.01552, 0.01552, 0.12456, 0.09490, 25.21%
Test  - Best epoch, Loss, MSE, RMSE, MAE, MAPE: 84, 0.01478, 0.01478, 0.12157, 0.09384, 21.79%
Time spent: 12.28s
- Epoch 097, ExpID 65991
Train - Loss (one batch): 0.01143
Val   - Loss, MSE, RMSE, MAE, MAPE: 0.01541, 0.01541, 0.12412, 0.09442, 24.21%
Test  - Best epoch, Loss, MSE, RMSE, MAE, MAPE: 84, 0.01478, 0.01478, 0.12157, 0.09384, 21.79%
Time spent: 12.29s
- Epoch 098, ExpID 65991
Train - Loss (one batch): 0.01153
Val   - Loss, MSE, RMSE, MAE, MAPE: 0.01536, 0.01536, 0.12392, 0.09435, 24.58%
Test  - Best epoch, Loss, MSE, RMSE, MAE, MAPE: 84, 0.01478, 0.01478, 0.12157, 0.09384, 21.79%
Time spent: 12.42s
- Epoch 099, ExpID 65991
Train - Loss (one batch): 0.01553
Val   - Loss, MSE, RMSE, MAE, MAPE: 0.01534, 0.01534, 0.12384, 0.09435, 24.64%
Test  - Best epoch, Loss, MSE, RMSE, MAE, MAPE: 84, 0.01478, 0.01478, 0.12157, 0.09384, 21.79%
Time spent: 12.30s
- Epoch 100, ExpID 65991
Train - Loss (one batch): 0.01442
Val   - Loss, MSE, RMSE, MAE, MAPE: nan, nan, nan, nan, nan%
Test  - Best epoch, Loss, MSE, RMSE, MAE, MAPE: 84, 0.01478, 0.01478, 0.12157, 0.09384, 21.79%
Time spent: 12.30s
- Epoch 101, ExpID 65991
Train - Loss (one batch): 0.01839
Val   - Loss, MSE, RMSE, MAE, MAPE: 0.01543, 0.01543, 0.12421, 0.09463, 25.02%
Test  - Best epoch, Loss, MSE, RMSE, MAE, MAPE: 84, 0.01478, 0.01478, 0.12157, 0.09384, 21.79%
Time spent: 12.29s
- Epoch 102, ExpID 65991
Train - Loss (one batch): 0.01374
Val   - Loss, MSE, RMSE, MAE, MAPE: nan, nan, nan, nan, nan%
Test  - Best epoch, Loss, MSE, RMSE, MAE, MAPE: 84, 0.01478, 0.01478, 0.12157, 0.09384, 21.79%
Time spent: 12.32s
- Epoch 103, ExpID 65991
Train - Loss (one batch): 0.01211
Val   - Loss, MSE, RMSE, MAE, MAPE: 0.01546, 0.01546, 0.12434, 0.09449, 24.77%
Test  - Best epoch, Loss, MSE, RMSE, MAE, MAPE: 84, 0.01478, 0.01478, 0.12157, 0.09384, 21.79%
Time spent: 12.32s
- Epoch 104, ExpID 65991
Train - Loss (one batch): 0.01391
Val   - Loss, MSE, RMSE, MAE, MAPE: 0.01531, 0.01531, 0.12375, 0.09441, 24.19%
Test  - Best epoch, Loss, MSE, RMSE, MAE, MAPE: 84, 0.01478, 0.01478, 0.12157, 0.09384, 21.79%
Time spent: 12.33s
- Epoch 105, ExpID 65991
Train - Loss (one batch): 0.01323
Val   - Loss, MSE, RMSE, MAE, MAPE: nan, nan, nan, nan, nan%
Test  - Best epoch, Loss, MSE, RMSE, MAE, MAPE: 84, 0.01478, 0.01478, 0.12157, 0.09384, 21.79%
Time spent: 12.31s
- Epoch 106, ExpID 65991
Train - Loss (one batch): 0.01281
Val   - Loss, MSE, RMSE, MAE, MAPE: 0.01543, 0.01543, 0.12420, 0.09459, 24.98%
Test  - Best epoch, Loss, MSE, RMSE, MAE, MAPE: 84, 0.01478, 0.01478, 0.12157, 0.09384, 21.79%
Time spent: 12.30s
- Epoch 107, ExpID 65991
Train - Loss (one batch): 0.01346
Val   - Loss, MSE, RMSE, MAE, MAPE: 0.01536, 0.01536, 0.12392, 0.09436, 24.35%
Test  - Best epoch, Loss, MSE, RMSE, MAE, MAPE: 84, 0.01478, 0.01478, 0.12157, 0.09384, 21.79%
Time spent: 12.32s
- Epoch 108, ExpID 65991
Train - Loss (one batch): 0.01480
Val   - Loss, MSE, RMSE, MAE, MAPE: 0.01534, 0.01534, 0.12384, 0.09435, 24.69%
Test  - Best epoch, Loss, MSE, RMSE, MAE, MAPE: 84, 0.01478, 0.01478, 0.12157, 0.09384, 21.79%
Time spent: 12.31s
- Epoch 109, ExpID 65991
Train - Loss (one batch): 0.01530
Val   - Loss, MSE, RMSE, MAE, MAPE: 0.01537, 0.01537, 0.12398, 0.09447, 24.80%
Test  - Best epoch, Loss, MSE, RMSE, MAE, MAPE: 84, 0.01478, 0.01478, 0.12157, 0.09384, 21.79%
Time spent: 12.43s
- Epoch 110, ExpID 65991
Train - Loss (one batch): 0.01491
Val   - Loss, MSE, RMSE, MAE, MAPE: 0.01530, 0.01530, 0.12369, 0.09427, 24.53%
Test  - Best epoch, Loss, MSE, RMSE, MAE, MAPE: 84, 0.01478, 0.01478, 0.12157, 0.09384, 21.79%
Time spent: 12.40s
- Epoch 111, ExpID 65991
Train - Loss (one batch): 0.01254
Val   - Loss, MSE, RMSE, MAE, MAPE: 0.01535, 0.01535, 0.12390, 0.09436, 24.59%
Test  - Best epoch, Loss, MSE, RMSE, MAE, MAPE: 84, 0.01478, 0.01478, 0.12157, 0.09384, 21.79%
Time spent: 12.31s
- Epoch 112, ExpID 65991
Train - Loss (one batch): 0.01412
Val   - Loss, MSE, RMSE, MAE, MAPE: 0.01539, 0.01539, 0.12408, 0.09445, 24.42%
Test  - Best epoch, Loss, MSE, RMSE, MAE, MAPE: 84, 0.01478, 0.01478, 0.12157, 0.09384, 21.79%
Time spent: 12.29s
- Epoch 113, ExpID 65991
Train - Loss (one batch): 0.01480
Val   - Loss, MSE, RMSE, MAE, MAPE: nan, nan, nan, nan, nan%
Test  - Best epoch, Loss, MSE, RMSE, MAE, MAPE: 84, 0.01478, 0.01478, 0.12157, 0.09384, 21.79%
Time spent: 12.29s
- Epoch 114, ExpID 65991
Train - Loss (one batch): 0.01253
Val   - Loss, MSE, RMSE, MAE, MAPE: 0.01552, 0.01552, 0.12459, 0.09515, 25.35%
Test  - Best epoch, Loss, MSE, RMSE, MAE, MAPE: 84, 0.01478, 0.01478, 0.12157, 0.09384, 21.79%
Time spent: 12.29s
- Epoch 115, ExpID 65991
Train - Loss (one batch): 0.01898
Val   - Loss, MSE, RMSE, MAE, MAPE: 0.01534, 0.01534, 0.12387, 0.09435, 24.60%
Test  - Best epoch, Loss, MSE, RMSE, MAE, MAPE: 84, 0.01478, 0.01478, 0.12157, 0.09384, 21.79%
Time spent: 12.32s
- Epoch 116, ExpID 65991
Train - Loss (one batch): 0.01436
Val   - Loss, MSE, RMSE, MAE, MAPE: 0.01536, 0.01536, 0.12394, 0.09435, 24.57%
Test  - Best epoch, Loss, MSE, RMSE, MAE, MAPE: 84, 0.01478, 0.01478, 0.12157, 0.09384, 21.79%
Time spent: 12.35s
- Epoch 117, ExpID 65991
Train - Loss (one batch): 0.01758
Val   - Loss, MSE, RMSE, MAE, MAPE: nan, nan, nan, nan, nan%
Test  - Best epoch, Loss, MSE, RMSE, MAE, MAPE: 84, 0.01478, 0.01478, 0.12157, 0.09384, 21.79%
Time spent: 12.38s
- Epoch 118, ExpID 65991
Train - Loss (one batch): 0.01331
Val   - Loss, MSE, RMSE, MAE, MAPE: 0.01549, 0.01549, 0.12445, 0.09502, 25.21%
Test  - Best epoch, Loss, MSE, RMSE, MAE, MAPE: 84, 0.01478, 0.01478, 0.12157, 0.09384, 21.79%
Time spent: 12.29s
- Epoch 119, ExpID 65991
Train - Loss (one batch): 0.01373
Val   - Loss, MSE, RMSE, MAE, MAPE: nan, nan, nan, nan, nan%
Test  - Best epoch, Loss, MSE, RMSE, MAE, MAPE: 84, 0.01478, 0.01478, 0.12157, 0.09384, 21.79%
Time spent: 12.34s
- Epoch 120, ExpID 65991
Train - Loss (one batch): 0.01825
Val   - Loss, MSE, RMSE, MAE, MAPE: 0.01528, 0.01528, 0.12360, 0.09429, 24.52%
Test  - Best epoch, Loss, MSE, RMSE, MAE, MAPE: 84, 0.01478, 0.01478, 0.12157, 0.09384, 21.79%
Time spent: 12.29s
- Epoch 121, ExpID 65991
Train - Loss (one batch): 0.01174
Val   - Loss, MSE, RMSE, MAE, MAPE: 0.01560, 0.01560, 0.12491, 0.09548, 25.46%
Test  - Best epoch, Loss, MSE, RMSE, MAE, MAPE: 84, 0.01478, 0.01478, 0.12157, 0.09384, 21.79%
Time spent: 12.27s
- Epoch 122, ExpID 65991
Train - Loss (one batch): 0.01220
Val   - Loss, MSE, RMSE, MAE, MAPE: 0.01549, 0.01549, 0.12445, 0.09477, 25.09%
Test  - Best epoch, Loss, MSE, RMSE, MAE, MAPE: 84, 0.01478, 0.01478, 0.12157, 0.09384, 21.79%
Time spent: 12.31s
- Epoch 123, ExpID 65991
Train - Loss (one batch): 0.01442
Val   - Loss, MSE, RMSE, MAE, MAPE: nan, nan, nan, nan, nan%
Test  - Best epoch, Loss, MSE, RMSE, MAE, MAPE: 84, 0.01478, 0.01478, 0.12157, 0.09384, 21.79%
Time spent: 12.32s
- Epoch 124, ExpID 65991
Train - Loss (one batch): 0.01281
Val   - Loss, MSE, RMSE, MAE, MAPE: nan, nan, nan, nan, nan%
Test  - Best epoch, Loss, MSE, RMSE, MAE, MAPE: 84, 0.01478, 0.01478, 0.12157, 0.09384, 21.79%
Time spent: 12.28s
- Epoch 125, ExpID 65991
Train - Loss (one batch): 0.01362
Val   - Loss, MSE, RMSE, MAE, MAPE: 0.01533, 0.01533, 0.12381, 0.09434, 24.65%
Test  - Best epoch, Loss, MSE, RMSE, MAE, MAPE: 84, 0.01478, 0.01478, 0.12157, 0.09384, 21.79%
Time spent: 12.28s
- Epoch 126, ExpID 65991
Train - Loss (one batch): 0.01434
Val   - Loss, MSE, RMSE, MAE, MAPE: nan, nan, nan, nan, nan%
Test  - Best epoch, Loss, MSE, RMSE, MAE, MAPE: 84, 0.01478, 0.01478, 0.12157, 0.09384, 21.79%
Time spent: 12.30s
- Epoch 127, ExpID 65991
Train - Loss (one batch): 0.01239
Val   - Loss, MSE, RMSE, MAE, MAPE: nan, nan, nan, nan, nan%
Test  - Best epoch, Loss, MSE, RMSE, MAE, MAPE: 84, 0.01478, 0.01478, 0.12157, 0.09384, 21.79%
Time spent: 12.29s
- Epoch 128, ExpID 65991
Train - Loss (one batch): 0.01552
Val   - Loss, MSE, RMSE, MAE, MAPE: 0.01551, 0.01551, 0.12453, 0.09498, 25.25%
Test  - Best epoch, Loss, MSE, RMSE, MAE, MAPE: 84, 0.01478, 0.01478, 0.12157, 0.09384, 21.79%
Time spent: 12.27s
- Epoch 129, ExpID 65991
Train - Loss (one batch): 0.01212
Val   - Loss, MSE, RMSE, MAE, MAPE: 0.01537, 0.01537, 0.12398, 0.09456, 24.86%
Test  - Best epoch, Loss, MSE, RMSE, MAE, MAPE: 84, 0.01478, 0.01478, 0.12157, 0.09384, 21.79%
Time spent: 12.27s
- Epoch 130, ExpID 65991
Train - Loss (one batch): 0.01215
Val   - Loss, MSE, RMSE, MAE, MAPE: 0.01537, 0.01537, 0.12398, 0.09440, 24.39%
Test  - Best epoch, Loss, MSE, RMSE, MAE, MAPE: 84, 0.01478, 0.01478, 0.12157, 0.09384, 21.79%
Time spent: 12.27s
- Epoch 131, ExpID 65991
Train - Loss (one batch): 0.01209
Val   - Loss, MSE, RMSE, MAE, MAPE: nan, nan, nan, nan, nan%
Test  - Best epoch, Loss, MSE, RMSE, MAE, MAPE: 84, 0.01478, 0.01478, 0.12157, 0.09384, 21.79%
Time spent: 12.29s
- Epoch 132, ExpID 65991
Train - Loss (one batch): 0.01515
Val   - Loss, MSE, RMSE, MAE, MAPE: nan, nan, nan, nan, nan%
Test  - Best epoch, Loss, MSE, RMSE, MAE, MAPE: 84, 0.01478, 0.01478, 0.12157, 0.09384, 21.79%
Time spent: 12.32s
- Epoch 133, ExpID 65991
Train - Loss (one batch): 0.01449
Val   - Loss, MSE, RMSE, MAE, MAPE: nan, nan, nan, nan, nan%
Test  - Best epoch, Loss, MSE, RMSE, MAE, MAPE: 84, 0.01478, 0.01478, 0.12157, 0.09384, 21.79%
Time spent: 12.32s
- Epoch 134, ExpID 65991
Train - Loss (one batch): 0.01567
Val   - Loss, MSE, RMSE, MAE, MAPE: nan, nan, nan, nan, nan%
Test  - Best epoch, Loss, MSE, RMSE, MAE, MAPE: 84, 0.01478, 0.01478, 0.12157, 0.09384, 21.79%
Time spent: 12.31s
- Epoch 135, ExpID 65991
Train - Loss (one batch): 0.01740
Val   - Loss, MSE, RMSE, MAE, MAPE: nan, nan, nan, nan, nan%
Test  - Best epoch, Loss, MSE, RMSE, MAE, MAPE: 84, 0.01478, 0.01478, 0.12157, 0.09384, 21.79%
Time spent: 12.35s
- Epoch 136, ExpID 65991
Train - Loss (one batch): 0.01344
Val   - Loss, MSE, RMSE, MAE, MAPE: 0.01528, 0.01528, 0.12359, 0.09432, 24.50%
Test  - Best epoch, Loss, MSE, RMSE, MAE, MAPE: 84, 0.01478, 0.01478, 0.12157, 0.09384, 21.79%
Time spent: 12.30s
- Epoch 137, ExpID 65991
Train - Loss (one batch): 0.01374
Val   - Loss, MSE, RMSE, MAE, MAPE: 0.01548, 0.01548, 0.12443, 0.09476, 25.13%
Test  - Best epoch, Loss, MSE, RMSE, MAE, MAPE: 84, 0.01478, 0.01478, 0.12157, 0.09384, 21.79%
Time spent: 12.33s
- Epoch 138, ExpID 65991
Train - Loss (one batch): 0.01643
Val   - Loss, MSE, RMSE, MAE, MAPE: nan, nan, nan, nan, nan%
Test  - Best epoch, Loss, MSE, RMSE, MAE, MAPE: 84, 0.01478, 0.01478, 0.12157, 0.09384, 21.79%
Time spent: 12.35s
- Epoch 139, ExpID 65991
Train - Loss (one batch): 0.01467
Val   - Loss, MSE, RMSE, MAE, MAPE: 0.01532, 0.01532, 0.12377, 0.09433, 24.56%
Test  - Best epoch, Loss, MSE, RMSE, MAE, MAPE: 84, 0.01478, 0.01478, 0.12157, 0.09384, 21.79%
Time spent: 12.31s
- Epoch 140, ExpID 65991
Train - Loss (one batch): 0.01387
Val   - Loss, MSE, RMSE, MAE, MAPE: nan, nan, nan, nan, nan%
Test  - Best epoch, Loss, MSE, RMSE, MAE, MAPE: 84, 0.01478, 0.01478, 0.12157, 0.09384, 21.79%
Time spent: 12.32s
- Epoch 141, ExpID 65991
Train - Loss (one batch): 0.01558
Val   - Loss, MSE, RMSE, MAE, MAPE: nan, nan, nan, nan, nan%
Test  - Best epoch, Loss, MSE, RMSE, MAE, MAPE: 84, 0.01478, 0.01478, 0.12157, 0.09384, 21.79%
Time spent: 12.35s
- Epoch 142, ExpID 65991
Train - Loss (one batch): 0.01542
Val   - Loss, MSE, RMSE, MAE, MAPE: nan, nan, nan, nan, nan%
Test  - Best epoch, Loss, MSE, RMSE, MAE, MAPE: 84, 0.01478, 0.01478, 0.12157, 0.09384, 21.79%
Time spent: 12.28s
- Epoch 143, ExpID 65991
Train - Loss (one batch): 0.01393
Val   - Loss, MSE, RMSE, MAE, MAPE: 0.01538, 0.01538, 0.12403, 0.09447, 24.81%
Test  - Best epoch, Loss, MSE, RMSE, MAE, MAPE: 84, 0.01478, 0.01478, 0.12157, 0.09384, 21.79%
Time spent: 12.30s
- Epoch 144, ExpID 65991
Train - Loss (one batch): 0.01456
Val   - Loss, MSE, RMSE, MAE, MAPE: 0.01551, 0.01551, 0.12453, 0.09502, 25.25%
Test  - Best epoch, Loss, MSE, RMSE, MAE, MAPE: 84, 0.01478, 0.01478, 0.12157, 0.09384, 21.79%
Time spent: 12.29s
- Epoch 145, ExpID 65991
Train - Loss (one batch): 0.01374
Val   - Loss, MSE, RMSE, MAE, MAPE: 0.01538, 0.01538, 0.12403, 0.09447, 24.79%
Test  - Best epoch, Loss, MSE, RMSE, MAE, MAPE: 84, 0.01478, 0.01478, 0.12157, 0.09384, 21.79%
Time spent: 12.30s
- Epoch 146, ExpID 65991
Train - Loss (one batch): 0.01434
Val   - Loss, MSE, RMSE, MAE, MAPE: 0.01539, 0.01539, 0.12405, 0.09441, 24.43%
Test  - Best epoch, Loss, MSE, RMSE, MAE, MAPE: 84, 0.01478, 0.01478, 0.12157, 0.09384, 21.79%
Time spent: 12.29s
- Epoch 147, ExpID 65991
Train - Loss (one batch): 0.01735
Val   - Loss, MSE, RMSE, MAE, MAPE: nan, nan, nan, nan, nan%
Test  - Best epoch, Loss, MSE, RMSE, MAE, MAPE: 84, 0.01478, 0.01478, 0.12157, 0.09384, 21.79%
Time spent: 12.31s
- Epoch 148, ExpID 65991
Train - Loss (one batch): 0.01079
Val   - Loss, MSE, RMSE, MAE, MAPE: 0.01543, 0.01543, 0.12422, 0.09472, 25.05%
Test  - Best epoch, Loss, MSE, RMSE, MAE, MAPE: 84, 0.01478, 0.01478, 0.12157, 0.09384, 21.79%
Time spent: 12.27s
- Epoch 149, ExpID 65991
Train - Loss (one batch): 0.01326
Val   - Loss, MSE, RMSE, MAE, MAPE: nan, nan, nan, nan, nan%
Test  - Best epoch, Loss, MSE, RMSE, MAE, MAPE: 84, 0.01478, 0.01478, 0.12157, 0.09384, 21.79%
Time spent: 12.28s
- Epoch 150, ExpID 65991
Train - Loss (one batch): 0.01551
Val   - Loss, MSE, RMSE, MAE, MAPE: 0.01535, 0.01535, 0.12388, 0.09443, 24.37%
Test  - Best epoch, Loss, MSE, RMSE, MAE, MAPE: 84, 0.01478, 0.01478, 0.12157, 0.09384, 21.79%
Time spent: 12.35s
- Epoch 151, ExpID 65991
Train - Loss (one batch): 0.01549
Val   - Loss, MSE, RMSE, MAE, MAPE: 0.01539, 0.01539, 0.12407, 0.09460, 24.92%
Test  - Best epoch, Loss, MSE, RMSE, MAE, MAPE: 84, 0.01478, 0.01478, 0.12157, 0.09384, 21.79%
Time spent: 12.29s
- Epoch 152, ExpID 65991
Train - Loss (one batch): 0.01603
Val   - Loss, MSE, RMSE, MAE, MAPE: nan, nan, nan, nan, nan%
Test  - Best epoch, Loss, MSE, RMSE, MAE, MAPE: 84, 0.01478, 0.01478, 0.12157, 0.09384, 21.79%
Time spent: 12.29s
- Epoch 153, ExpID 65991
Train - Loss (one batch): 0.01538
Val   - Loss, MSE, RMSE, MAE, MAPE: 0.01542, 0.01542, 0.12417, 0.09466, 24.11%
Test  - Best epoch, Loss, MSE, RMSE, MAE, MAPE: 84, 0.01478, 0.01478, 0.12157, 0.09384, 21.79%
Time spent: 12.31s
- Epoch 154, ExpID 65991
Train - Loss (one batch): 0.01484
Val   - Loss, MSE, RMSE, MAE, MAPE: 0.01549, 0.01549, 0.12446, 0.09489, 25.15%
Test  - Best epoch, Loss, MSE, RMSE, MAE, MAPE: 84, 0.01478, 0.01478, 0.12157, 0.09384, 21.79%
Time spent: 12.29s
- Epoch 155, ExpID 65991
Train - Loss (one batch): 0.01282
Val   - Loss, MSE, RMSE, MAE, MAPE: nan, nan, nan, nan, nan%
Test  - Best epoch, Loss, MSE, RMSE, MAE, MAPE: 84, 0.01478, 0.01478, 0.12157, 0.09384, 21.79%
Time spent: 12.30s
- Epoch 156, ExpID 65991
Train - Loss (one batch): 0.01445
Val   - Loss, MSE, RMSE, MAE, MAPE: 0.01541, 0.01541, 0.12412, 0.09451, 24.43%
Test  - Best epoch, Loss, MSE, RMSE, MAE, MAPE: 84, 0.01478, 0.01478, 0.12157, 0.09384, 21.79%
Time spent: 12.29s
- Epoch 157, ExpID 65991
Train - Loss (one batch): 0.01705
Val   - Loss, MSE, RMSE, MAE, MAPE: 0.01535, 0.01535, 0.12391, 0.09438, 24.44%
Test  - Best epoch, Loss, MSE, RMSE, MAE, MAPE: 84, 0.01478, 0.01478, 0.12157, 0.09384, 21.79%
Time spent: 12.28s
- Epoch 158, ExpID 65991
Train - Loss (one batch): 0.01132
Val   - Loss, MSE, RMSE, MAE, MAPE: 0.01534, 0.01534, 0.12385, 0.09439, 24.60%
Test  - Best epoch, Loss, MSE, RMSE, MAE, MAPE: 84, 0.01478, 0.01478, 0.12157, 0.09384, 21.79%
Time spent: 12.35s
- Epoch 159, ExpID 65991
Train - Loss (one batch): 0.01756
Val   - Loss, MSE, RMSE, MAE, MAPE: 0.01544, 0.01544, 0.12426, 0.09471, 24.98%
Test  - Best epoch, Loss, MSE, RMSE, MAE, MAPE: 84, 0.01478, 0.01478, 0.12157, 0.09384, 21.79%
Time spent: 12.30s
- Epoch 160, ExpID 65991
Train - Loss (one batch): 0.01328
Val   - Loss, MSE, RMSE, MAE, MAPE: 0.01538, 0.01538, 0.12403, 0.09446, 24.45%
Test  - Best epoch, Loss, MSE, RMSE, MAE, MAPE: 84, 0.01478, 0.01478, 0.12157, 0.09384, 21.79%
Time spent: 12.32s
- Epoch 161, ExpID 65991
Train - Loss (one batch): 0.01480
Val   - Loss, MSE, RMSE, MAE, MAPE: 0.01532, 0.01532, 0.12378, 0.09437, 24.62%
Test  - Best epoch, Loss, MSE, RMSE, MAE, MAPE: 84, 0.01478, 0.01478, 0.12157, 0.09384, 21.79%
Time spent: 12.31s
- Epoch 162, ExpID 65991
Train - Loss (one batch): 0.01700
Val   - Loss, MSE, RMSE, MAE, MAPE: 0.01544, 0.01544, 0.12425, 0.09463, 24.97%
Test  - Best epoch, Loss, MSE, RMSE, MAE, MAPE: 84, 0.01478, 0.01478, 0.12157, 0.09384, 21.79%
Time spent: 12.30s
- Epoch 163, ExpID 65991
Train - Loss (one batch): 0.01376
Val   - Loss, MSE, RMSE, MAE, MAPE: nan, nan, nan, nan, nan%
Test  - Best epoch, Loss, MSE, RMSE, MAE, MAPE: 84, 0.01478, 0.01478, 0.12157, 0.09384, 21.79%
Time spent: 12.32s
- Epoch 164, ExpID 65991
Train - Loss (one batch): 0.01876
Val   - Loss, MSE, RMSE, MAE, MAPE: 0.01534, 0.01534, 0.12387, 0.09439, 24.69%
Test  - Best epoch, Loss, MSE, RMSE, MAE, MAPE: 84, 0.01478, 0.01478, 0.12157, 0.09384, 21.79%
Time spent: 12.31s
Early stopping at epoch 164 (best epoch 84).
