/home/solgi/MSP-IMTS/tPatchGNN/run_models.py
2025-11-09 14:17:23
run_models.py --dataset activity --history 3000 --hid_dim 32 --te_dim 10 --node_dim 10 --nlayer 1 --tf_layer 1 --nhead 1 --batch_size 32 --lr 1e-3 --w_decay 1e-4 --patience 80 --epoch 10 --seed 2 --gpu 0 --multi_scales 200,1200 --multi_strides 100,600 --fusion concat --state activity_mixer
Namespace(multi_scales='200,1200', multi_strides='100,600', fusion='concat', state='activity_mixer', n=100000000, hop=1, nhead=1, tf_layer=1, nlayer=1, epoch=10, patience=80, history=3000, patch_size=24, stride=24, logmode='a', lr=0.001, w_decay=0.0001, batch_size=32, save='experiments/', load=None, seed=2, dataset='activity', quantization=0.0, model='tPatchGNN', outlayer='Linear', hid_dim=32, te_dim=10, node_dim=10, gpu='0', npatch=125, device=device(type='cuda'), PID=1696507, pred_window=1000, ndim=12)
- Epoch 000, ExpID 22060
Train - Loss (one batch): 0.13372
Val - Loss, MSE, RMSE, MAE, MAPE: 0.12507, 0.12507, 0.35228, 0.32984, 119742.25%
Test - Best epoch, Loss, MSE, RMSE, MAE, MAPE: 0, 0.13181, 0.13181, 0.36233, 0.34030, 64.17%
Time spent: 15.32s
- Epoch 001, ExpID 22060
Train - Loss (one batch): 0.13295
Val - Loss, MSE, RMSE, MAE, MAPE: 0.12377, 0.12377, 0.35044, 0.32788, 121107.93%
Test - Best epoch, Loss, MSE, RMSE, MAE, MAPE: 1, 0.13047, 0.13047, 0.36048, 0.33833, 63.76%
Time spent: 15.01s
- Epoch 002, ExpID 22060
Train - Loss (one batch): 0.12730
Val - Loss, MSE, RMSE, MAE, MAPE: 0.12285, 0.12285, 0.34913, 0.32650, 122110.91%
Test - Best epoch, Loss, MSE, RMSE, MAE, MAPE: 2, 0.12952, 0.12952, 0.35916, 0.33694, 63.48%
Time spent: 15.00s
- Epoch 003, ExpID 22060
Train - Loss (one batch): 0.11571
Val - Loss, MSE, RMSE, MAE, MAPE: 0.12221, 0.12221, 0.34821, 0.32553, 122777.18%
Test - Best epoch, Loss, MSE, RMSE, MAE, MAPE: 3, 0.12886, 0.12886, 0.35824, 0.33596, 63.28%
Time spent: 14.93s
- Epoch 004, ExpID 22060
Train - Loss (one batch): 0.12523
Val - Loss, MSE, RMSE, MAE, MAPE: 0.12176, 0.12176, 0.34757, 0.32484, 123242.56%
Test - Best epoch, Loss, MSE, RMSE, MAE, MAPE: 4, 0.12840, 0.12840, 0.35760, 0.33528, 63.14%
Time spent: 14.99s
- Epoch 005, ExpID 22060
Train - Loss (one batch): 0.13692
Val - Loss, MSE, RMSE, MAE, MAPE: 0.12150, 0.12150, 0.34719, 0.32445, 123490.18%
Test - Best epoch, Loss, MSE, RMSE, MAE, MAPE: 5, 0.12813, 0.12813, 0.35722, 0.33488, 63.06%
Time spent: 14.98s
- Epoch 006, ExpID 22060
Train - Loss (one batch): 0.12302
Val - Loss, MSE, RMSE, MAE, MAPE: 0.12132, 0.12132, 0.34693, 0.32417, 123686.06%
Test - Best epoch, Loss, MSE, RMSE, MAE, MAPE: 6, 0.12794, 0.12794, 0.35696, 0.33460, 63.00%
Time spent: 15.02s
- Epoch 007, ExpID 22060
Train - Loss (one batch): 0.13059
Val - Loss, MSE, RMSE, MAE, MAPE: 0.12122, 0.12122, 0.34679, 0.32402, 123782.97%
Test - Best epoch, Loss, MSE, RMSE, MAE, MAPE: 7, 0.12784, 0.12784, 0.35682, 0.33445, 62.97%
Time spent: 15.02s
- Epoch 008, ExpID 22060
Train - Loss (one batch): 0.12906
Val - Loss, MSE, RMSE, MAE, MAPE: 0.12123, 0.12123, 0.34680, 0.32404, 123759.28%
Test - Best epoch, Loss, MSE, RMSE, MAE, MAPE: 7, 0.12784, 0.12784, 0.35682, 0.33445, 62.97%
Time spent: 13.46s
- Epoch 009, ExpID 22060
Train - Loss (one batch): 0.11941
Val - Loss, MSE, RMSE, MAE, MAPE: 0.12113, 0.12113, 0.34666, 0.32388, 123849.46%
Test - Best epoch, Loss, MSE, RMSE, MAE, MAPE: 9, 0.12775, 0.12775, 0.35669, 0.33431, 62.94%
Time spent: 15.01s
