/home/solgi/MSP-IMTS/tPatchGNN/run_models.py
2025-11-09 12:08:39
run_models.py --dataset activity --history 3000 --hid_dim 32 --te_dim 10 --node_dim 10 --nlayer 1 --tf_layer 1 --nhead 1 --batch_size 32 --lr 1e-3 --w_decay 1e-4 --patience 80 --epoch 600 --seed 1 --gpu 0 --multi_scales 200,1200 --multi_strides 100,600 --fusion concat --state activity_mixer
Namespace(multi_scales='200,1200', multi_strides='100,600', fusion='concat', state='activity_mixer', n=100000000, hop=1, nhead=1, tf_layer=1, nlayer=1, epoch=600, patience=80, history=3000, patch_size=24, stride=24, logmode='a', lr=0.001, w_decay=0.0001, batch_size=32, save='experiments/', load=None, seed=1, dataset='activity', quantization=0.0, model='tPatchGNN', outlayer='Linear', hid_dim=32, te_dim=10, node_dim=10, gpu='0', npatch=125, device=device(type='cuda'), PID=1695531, pred_window=1000, ndim=12)
- Epoch 000, ExpID 39238
Train - Loss (one batch): 0.01463
Val - Loss, MSE, RMSE, MAE, MAPE: 0.01531, 0.01531, 0.12149, 0.09402, 339734.21%
Test - Best epoch, Loss, MSE, RMSE, MAE, MAPE: 0, 0.01463, 0.01463, 0.11901, 0.09311, 22.19%
Time spent: 13.58s
- Epoch 001, ExpID 39238
Train - Loss (one batch): 0.01340
Val - Loss, MSE, RMSE, MAE, MAPE: 0.01493, 0.01493, 0.12004, 0.09266, 337939.93%
Test - Best epoch, Loss, MSE, RMSE, MAE, MAPE: 1, 0.01428, 0.01428, 0.11764, 0.09195, 21.82%
Time spent: 13.18s
- Epoch 002, ExpID 39238
Train - Loss (one batch): 0.00705
Val - Loss, MSE, RMSE, MAE, MAPE: 0.00599, 0.00599, 0.07592, 0.05325, 271841.18%
Test - Best epoch, Loss, MSE, RMSE, MAE, MAPE: 2, 0.00592, 0.00592, 0.07563, 0.05304, 11.99%
Time spent: 13.22s
- Epoch 003, ExpID 39238
Train - Loss (one batch): 0.00573
Val - Loss, MSE, RMSE, MAE, MAPE: 0.00571, 0.00571, 0.07401, 0.05105, 274995.14%
Test - Best epoch, Loss, MSE, RMSE, MAE, MAPE: 3, 0.00565, 0.00565, 0.07382, 0.05108, 11.52%
Time spent: 13.21s
- Epoch 004, ExpID 39238
Train - Loss (one batch): 0.00614
Val - Loss, MSE, RMSE, MAE, MAPE: 0.00566, 0.00566, 0.07377, 0.05169, 280083.71%
Test - Best epoch, Loss, MSE, RMSE, MAE, MAPE: 4, 0.00560, 0.00560, 0.07352, 0.05165, 11.96%
Time spent: 13.21s
- Epoch 005, ExpID 39238
Train - Loss (one batch): 0.00484
Val - Loss, MSE, RMSE, MAE, MAPE: 0.00548, 0.00548, 0.07245, 0.04964, 276126.64%
Test - Best epoch, Loss, MSE, RMSE, MAE, MAPE: 5, 0.00542, 0.00542, 0.07225, 0.04968, 11.35%
Time spent: 13.32s
- Epoch 006, ExpID 39238
Train - Loss (one batch): 0.00461
Val - Loss, MSE, RMSE, MAE, MAPE: 0.00539, 0.00539, 0.07188, 0.04878, 268083.39%
Test - Best epoch, Loss, MSE, RMSE, MAE, MAPE: 6, 0.00535, 0.00535, 0.07181, 0.04889, 11.02%
Time spent: 13.18s
- Epoch 007, ExpID 39238
Train - Loss (one batch): 0.00420
Val - Loss, MSE, RMSE, MAE, MAPE: 0.00573, 0.00573, 0.07432, 0.05342, 280765.66%
Test - Best epoch, Loss, MSE, RMSE, MAE, MAPE: 6, 0.00535, 0.00535, 0.07181, 0.04889, 11.02%
Time spent: 11.92s
- Epoch 008, ExpID 39238
Train - Loss (one batch): 0.00458
Val - Loss, MSE, RMSE, MAE, MAPE: 0.00530, 0.00530, 0.07119, 0.04801, 263177.01%
Test - Best epoch, Loss, MSE, RMSE, MAE, MAPE: 8, 0.00527, 0.00527, 0.07121, 0.04824, 10.75%
Time spent: 13.21s
- Epoch 009, ExpID 39238
Train - Loss (one batch): 0.00546
Val - Loss, MSE, RMSE, MAE, MAPE: 0.00521, 0.00521, 0.07064, 0.04791, 263973.78%
Test - Best epoch, Loss, MSE, RMSE, MAE, MAPE: 9, 0.00519, 0.00519, 0.07074, 0.04841, 10.74%
Time spent: 13.17s
- Epoch 010, ExpID 39238
Train - Loss (one batch): 0.00514
Val - Loss, MSE, RMSE, MAE, MAPE: 0.00515, 0.00515, 0.07022, 0.04771, 267215.83%
Test - Best epoch, Loss, MSE, RMSE, MAE, MAPE: 10, 0.00512, 0.00512, 0.07025, 0.04805, 10.77%
Time spent: 13.25s
- Epoch 011, ExpID 39238
Train - Loss (one batch): 0.00661
Val - Loss, MSE, RMSE, MAE, MAPE: 0.00548, 0.00548, 0.07261, 0.05193, 277131.01%
Test - Best epoch, Loss, MSE, RMSE, MAE, MAPE: 10, 0.00512, 0.00512, 0.07025, 0.04805, 10.77%
Time spent: 11.95s
- Epoch 012, ExpID 39238
Train - Loss (one batch): 0.00517
Val - Loss, MSE, RMSE, MAE, MAPE: 0.00508, 0.00508, 0.06968, 0.04680, 263540.05%
Test - Best epoch, Loss, MSE, RMSE, MAE, MAPE: 12, 0.00501, 0.00501, 0.06942, 0.04695, 10.59%
Time spent: 13.22s
- Epoch 013, ExpID 39238
Train - Loss (one batch): 0.00477
Val - Loss, MSE, RMSE, MAE, MAPE: 0.00508, 0.00508, 0.06968, 0.04708, 264389.84%
Test - Best epoch, Loss, MSE, RMSE, MAE, MAPE: 13, 0.00500, 0.00500, 0.06929, 0.04707, 10.69%
Time spent: 13.17s
- Epoch 014, ExpID 39238
Train - Loss (one batch): 0.00423
Val - Loss, MSE, RMSE, MAE, MAPE: 0.00503, 0.00503, 0.06930, 0.04659, 263353.03%
Test - Best epoch, Loss, MSE, RMSE, MAE, MAPE: 14, 0.00496, 0.00496, 0.06905, 0.04678, 10.48%
Time spent: 13.23s
- Epoch 015, ExpID 39238
Train - Loss (one batch): 0.00368
Val - Loss, MSE, RMSE, MAE, MAPE: 0.00497, 0.00497, 0.06884, 0.04635, 265251.85%
Test - Best epoch, Loss, MSE, RMSE, MAE, MAPE: 15, 0.00492, 0.00492, 0.06872, 0.04671, 10.49%
Time spent: 13.30s
- Epoch 016, ExpID 39238
Train - Loss (one batch): 0.00502
Val - Loss, MSE, RMSE, MAE, MAPE: 0.00501, 0.00501, 0.06912, 0.04627, 257502.10%
Test - Best epoch, Loss, MSE, RMSE, MAE, MAPE: 15, 0.00492, 0.00492, 0.06872, 0.04671, 10.49%
Time spent: 11.90s
- Epoch 017, ExpID 39238
Train - Loss (one batch): 0.00563
Val - Loss, MSE, RMSE, MAE, MAPE: 0.00494, 0.00494, 0.06871, 0.04692, 275256.53%
Test - Best epoch, Loss, MSE, RMSE, MAE, MAPE: 17, 0.00486, 0.00486, 0.06833, 0.04718, 10.97%
Time spent: 13.27s
- Epoch 018, ExpID 39238
Train - Loss (one batch): 0.00423
Val - Loss, MSE, RMSE, MAE, MAPE: 0.00488, 0.00488, 0.06828, 0.04600, 270980.59%
Test - Best epoch, Loss, MSE, RMSE, MAE, MAPE: 18, 0.00480, 0.00480, 0.06785, 0.04624, 10.62%
Time spent: 13.25s
- Epoch 019, ExpID 39238
Train - Loss (one batch): 0.00476
Val - Loss, MSE, RMSE, MAE, MAPE: 0.00485, 0.00485, 0.06805, 0.04541, 263717.49%
Test - Best epoch, Loss, MSE, RMSE, MAE, MAPE: 19, 0.00478, 0.00478, 0.06769, 0.04561, 10.34%
Time spent: 13.12s
- Epoch 020, ExpID 39238
Train - Loss (one batch): 0.00473
Val - Loss, MSE, RMSE, MAE, MAPE: 0.00483, 0.00483, 0.06792, 0.04544, 262451.13%
Test - Best epoch, Loss, MSE, RMSE, MAE, MAPE: 20, 0.00476, 0.00476, 0.06759, 0.04573, 10.32%
Time spent: 13.25s
- Epoch 021, ExpID 39238
Train - Loss (one batch): 0.00376
Val - Loss, MSE, RMSE, MAE, MAPE: 0.00485, 0.00485, 0.06799, 0.04567, 266997.48%
Test - Best epoch, Loss, MSE, RMSE, MAE, MAPE: 20, 0.00476, 0.00476, 0.06759, 0.04573, 10.32%
Time spent: 11.83s
- Epoch 022, ExpID 39238
Train - Loss (one batch): 0.00307
Val - Loss, MSE, RMSE, MAE, MAPE: 0.00490, 0.00490, 0.06849, 0.04677, 272382.34%
Test - Best epoch, Loss, MSE, RMSE, MAE, MAPE: 20, 0.00476, 0.00476, 0.06759, 0.04573, 10.32%
Time spent: 11.86s
- Epoch 023, ExpID 39238
Train - Loss (one batch): 0.00442
Val - Loss, MSE, RMSE, MAE, MAPE: 0.00488, 0.00488, 0.06829, 0.04647, 268199.23%
Test - Best epoch, Loss, MSE, RMSE, MAE, MAPE: 20, 0.00476, 0.00476, 0.06759, 0.04573, 10.32%
Time spent: 11.89s
- Epoch 024, ExpID 39238
Train - Loss (one batch): 0.00452
Val - Loss, MSE, RMSE, MAE, MAPE: 0.00477, 0.00477, 0.06741, 0.04495, 267829.44%
Test - Best epoch, Loss, MSE, RMSE, MAE, MAPE: 24, 0.00467, 0.00467, 0.06691, 0.04499, 10.25%
Time spent: 13.20s
- Epoch 025, ExpID 39238
Train - Loss (one batch): 0.00422
Val - Loss, MSE, RMSE, MAE, MAPE: 0.00494, 0.00494, 0.06878, 0.04739, 280753.38%
Test - Best epoch, Loss, MSE, RMSE, MAE, MAPE: 24, 0.00467, 0.00467, 0.06691, 0.04499, 10.25%
Time spent: 11.92s
- Epoch 026, ExpID 39238
Train - Loss (one batch): 0.00459
Val - Loss, MSE, RMSE, MAE, MAPE: 0.00475, 0.00475, 0.06737, 0.04535, 272978.29%
Test - Best epoch, Loss, MSE, RMSE, MAE, MAPE: 26, 0.00465, 0.00465, 0.06673, 0.04550, 10.60%
Time spent: 13.29s
- Epoch 027, ExpID 39238
Train - Loss (one batch): 0.00370
Val - Loss, MSE, RMSE, MAE, MAPE: 0.00471, 0.00471, 0.06704, 0.04481, 271223.31%
Test - Best epoch, Loss, MSE, RMSE, MAE, MAPE: 27, 0.00463, 0.00463, 0.06657, 0.04506, 10.34%
Time spent: 13.25s
- Epoch 028, ExpID 39238
Train - Loss (one batch): 0.00610
Val - Loss, MSE, RMSE, MAE, MAPE: 0.00483, 0.00483, 0.06791, 0.04586, 262989.92%
Test - Best epoch, Loss, MSE, RMSE, MAE, MAPE: 27, 0.00463, 0.00463, 0.06657, 0.04506, 10.34%
Time spent: 11.93s
- Epoch 029, ExpID 39238
Train - Loss (one batch): 0.00378
Val - Loss, MSE, RMSE, MAE, MAPE: 0.00491, 0.00491, 0.06860, 0.04721, 265829.80%
Test - Best epoch, Loss, MSE, RMSE, MAE, MAPE: 27, 0.00463, 0.00463, 0.06657, 0.04506, 10.34%
Time spent: 11.86s
- Epoch 030, ExpID 39238
Train - Loss (one batch): 0.00674
Val - Loss, MSE, RMSE, MAE, MAPE: 0.00471, 0.00471, 0.06708, 0.04526, 272518.36%
Test - Best epoch, Loss, MSE, RMSE, MAE, MAPE: 30, 0.00460, 0.00460, 0.06641, 0.04537, 10.58%
Time spent: 13.24s
- Epoch 031, ExpID 39238
Train - Loss (one batch): 0.00447
Val - Loss, MSE, RMSE, MAE, MAPE: 0.00471, 0.00471, 0.06700, 0.04496, 269434.14%
Test - Best epoch, Loss, MSE, RMSE, MAE, MAPE: 31, 0.00459, 0.00459, 0.06626, 0.04492, 10.36%
Time spent: 13.24s
- Epoch 032, ExpID 39238
Train - Loss (one batch): 0.00421
Val - Loss, MSE, RMSE, MAE, MAPE: 0.00467, 0.00467, 0.06677, 0.04494, 266885.92%
Test - Best epoch, Loss, MSE, RMSE, MAE, MAPE: 32, 0.00456, 0.00456, 0.06612, 0.04504, 10.39%
Time spent: 13.23s
- Epoch 033, ExpID 39238
Train - Loss (one batch): 0.00412
Val - Loss, MSE, RMSE, MAE, MAPE: 0.00486, 0.00486, 0.06823, 0.04696, 280193.89%
Test - Best epoch, Loss, MSE, RMSE, MAE, MAPE: 32, 0.00456, 0.00456, 0.06612, 0.04504, 10.39%
Time spent: 11.81s
- Epoch 034, ExpID 39238
Train - Loss (one batch): 0.00489
Val - Loss, MSE, RMSE, MAE, MAPE: 0.00468, 0.00468, 0.06678, 0.04490, 269072.33%
Test - Best epoch, Loss, MSE, RMSE, MAE, MAPE: 32, 0.00456, 0.00456, 0.06612, 0.04504, 10.39%
Time spent: 11.94s
- Epoch 035, ExpID 39238
Train - Loss (one batch): 0.00404
Val - Loss, MSE, RMSE, MAE, MAPE: 0.00468, 0.00468, 0.06686, 0.04508, 272784.47%
Test - Best epoch, Loss, MSE, RMSE, MAE, MAPE: 32, 0.00456, 0.00456, 0.06612, 0.04504, 10.39%
Time spent: 11.95s
- Epoch 036, ExpID 39238
Train - Loss (one batch): 0.00401
Val - Loss, MSE, RMSE, MAE, MAPE: 0.00468, 0.00468, 0.06675, 0.04474, 264092.08%
Test - Best epoch, Loss, MSE, RMSE, MAE, MAPE: 32, 0.00456, 0.00456, 0.06612, 0.04504, 10.39%
Time spent: 11.97s
- Epoch 037, ExpID 39238
Train - Loss (one batch): 0.00477
Val - Loss, MSE, RMSE, MAE, MAPE: 0.00472, 0.00472, 0.06721, 0.04596, 277494.98%
Test - Best epoch, Loss, MSE, RMSE, MAE, MAPE: 32, 0.00456, 0.00456, 0.06612, 0.04504, 10.39%
Time spent: 11.94s
- Epoch 038, ExpID 39238
Train - Loss (one batch): 0.00335
Val - Loss, MSE, RMSE, MAE, MAPE: 0.00464, 0.00464, 0.06652, 0.04491, 273199.22%
Test - Best epoch, Loss, MSE, RMSE, MAE, MAPE: 38, 0.00452, 0.00452, 0.06577, 0.04506, 10.53%
Time spent: 13.24s
- Epoch 039, ExpID 39238
Train - Loss (one batch): 0.00448
Val - Loss, MSE, RMSE, MAE, MAPE: 0.00465, 0.00465, 0.06657, 0.04486, 267557.75%
Test - Best epoch, Loss, MSE, RMSE, MAE, MAPE: 38, 0.00452, 0.00452, 0.06577, 0.04506, 10.53%
Time spent: 11.97s
- Epoch 040, ExpID 39238
Train - Loss (one batch): 0.00334
Val - Loss, MSE, RMSE, MAE, MAPE: 0.00489, 0.00489, 0.06846, 0.04759, 278867.80%
Test - Best epoch, Loss, MSE, RMSE, MAE, MAPE: 38, 0.00452, 0.00452, 0.06577, 0.04506, 10.53%
Time spent: 11.95s
- Epoch 041, ExpID 39238
Train - Loss (one batch): 0.00411
Val - Loss, MSE, RMSE, MAE, MAPE: 0.00464, 0.00464, 0.06652, 0.04495, 269578.23%
Test - Best epoch, Loss, MSE, RMSE, MAE, MAPE: 41, 0.00451, 0.00451, 0.06569, 0.04483, 10.39%
Time spent: 13.30s
- Epoch 042, ExpID 39238
Train - Loss (one batch): 0.00409
Val - Loss, MSE, RMSE, MAE, MAPE: 0.00461, 0.00461, 0.06628, 0.04450, 268196.88%
Test - Best epoch, Loss, MSE, RMSE, MAE, MAPE: 42, 0.00448, 0.00448, 0.06549, 0.04453, 10.25%
Time spent: 13.27s
- Epoch 043, ExpID 39238
Train - Loss (one batch): 0.00389
Val - Loss, MSE, RMSE, MAE, MAPE: 0.00463, 0.00463, 0.06649, 0.04479, 262026.88%
Test - Best epoch, Loss, MSE, RMSE, MAE, MAPE: 42, 0.00448, 0.00448, 0.06549, 0.04453, 10.25%
Time spent: 11.79s
- Epoch 044, ExpID 39238
Train - Loss (one batch): 0.00587
Val - Loss, MSE, RMSE, MAE, MAPE: 0.00478, 0.00478, 0.06770, 0.04687, 274481.65%
Test - Best epoch, Loss, MSE, RMSE, MAE, MAPE: 42, 0.00448, 0.00448, 0.06549, 0.04453, 10.25%
Time spent: 11.82s
- Epoch 045, ExpID 39238
Train - Loss (one batch): 0.00446
Val - Loss, MSE, RMSE, MAE, MAPE: 0.00468, 0.00468, 0.06689, 0.04560, 272919.92%
Test - Best epoch, Loss, MSE, RMSE, MAE, MAPE: 42, 0.00448, 0.00448, 0.06549, 0.04453, 10.25%
Time spent: 11.91s
- Epoch 046, ExpID 39238
Train - Loss (one batch): 0.00451
Val - Loss, MSE, RMSE, MAE, MAPE: 0.00456, 0.00456, 0.06588, 0.04403, 271678.47%
Test - Best epoch, Loss, MSE, RMSE, MAE, MAPE: 46, 0.00444, 0.00444, 0.06519, 0.04422, 10.24%
Time spent: 13.13s
- Epoch 047, ExpID 39238
Train - Loss (one batch): 0.00370
Val - Loss, MSE, RMSE, MAE, MAPE: 0.00454, 0.00454, 0.06572, 0.04406, 271095.92%
Test - Best epoch, Loss, MSE, RMSE, MAE, MAPE: 47, 0.00444, 0.00444, 0.06512, 0.04440, 10.28%
Time spent: 13.15s
- Epoch 048, ExpID 39238
Train - Loss (one batch): 0.00373
Val - Loss, MSE, RMSE, MAE, MAPE: 0.00452, 0.00452, 0.06564, 0.04399, 270723.27%
Test - Best epoch, Loss, MSE, RMSE, MAE, MAPE: 48, 0.00442, 0.00442, 0.06505, 0.04431, 10.25%
Time spent: 13.11s
- Epoch 049, ExpID 39238
Train - Loss (one batch): 0.00364
Val - Loss, MSE, RMSE, MAE, MAPE: 0.00452, 0.00452, 0.06565, 0.04402, 263654.95%
Test - Best epoch, Loss, MSE, RMSE, MAE, MAPE: 48, 0.00442, 0.00442, 0.06505, 0.04431, 10.25%
Time spent: 11.91s
- Epoch 050, ExpID 39238
Train - Loss (one batch): 0.00324
Val - Loss, MSE, RMSE, MAE, MAPE: 0.00448, 0.00448, 0.06537, 0.04389, 270277.00%
Test - Best epoch, Loss, MSE, RMSE, MAE, MAPE: 50, 0.00436, 0.00436, 0.06452, 0.04404, 10.23%
Time spent: 13.29s
- Epoch 051, ExpID 39238
Train - Loss (one batch): 0.00437
Val - Loss, MSE, RMSE, MAE, MAPE: 0.00452, 0.00452, 0.06569, 0.04429, 263315.50%
Test - Best epoch, Loss, MSE, RMSE, MAE, MAPE: 50, 0.00436, 0.00436, 0.06452, 0.04404, 10.23%
Time spent: 11.89s
- Epoch 052, ExpID 39238
Train - Loss (one batch): 0.00353
Val - Loss, MSE, RMSE, MAE, MAPE: 0.00446, 0.00446, 0.06524, 0.04383, 271315.76%
Test - Best epoch, Loss, MSE, RMSE, MAE, MAPE: 52, 0.00432, 0.00432, 0.06426, 0.04370, 10.21%
Time spent: 13.32s
- Epoch 053, ExpID 39238
Train - Loss (one batch): 0.00273
Val - Loss, MSE, RMSE, MAE, MAPE: 0.00443, 0.00443, 0.06500, 0.04356, 268544.17%
Test - Best epoch, Loss, MSE, RMSE, MAE, MAPE: 53, 0.00429, 0.00429, 0.06406, 0.04342, 10.06%
Time spent: 13.32s
- Epoch 054, ExpID 39238
Train - Loss (one batch): 0.00344
Val - Loss, MSE, RMSE, MAE, MAPE: 0.00445, 0.00445, 0.06510, 0.04384, 262749.27%
Test - Best epoch, Loss, MSE, RMSE, MAE, MAPE: 53, 0.00429, 0.00429, 0.06406, 0.04342, 10.06%
Time spent: 11.91s
- Epoch 055, ExpID 39238
Train - Loss (one batch): 0.00449
Val - Loss, MSE, RMSE, MAE, MAPE: 0.00446, 0.00446, 0.06526, 0.04419, 267529.15%
Test - Best epoch, Loss, MSE, RMSE, MAE, MAPE: 53, 0.00429, 0.00429, 0.06406, 0.04342, 10.06%
Time spent: 11.91s
- Epoch 056, ExpID 39238
Train - Loss (one batch): 0.00371
Val - Loss, MSE, RMSE, MAE, MAPE: 0.00447, 0.00447, 0.06543, 0.04481, 266249.23%
Test - Best epoch, Loss, MSE, RMSE, MAE, MAPE: 53, 0.00429, 0.00429, 0.06406, 0.04342, 10.06%
Time spent: 11.90s
- Epoch 057, ExpID 39238
Train - Loss (one batch): 0.00409
Val - Loss, MSE, RMSE, MAE, MAPE: 0.00448, 0.00448, 0.06542, 0.04482, 280936.15%
Test - Best epoch, Loss, MSE, RMSE, MAE, MAPE: 53, 0.00429, 0.00429, 0.06406, 0.04342, 10.06%
Time spent: 11.96s
- Epoch 058, ExpID 39238
Train - Loss (one batch): 0.00419
Val - Loss, MSE, RMSE, MAE, MAPE: 0.00431, 0.00431, 0.06404, 0.04276, 270552.73%
Test - Best epoch, Loss, MSE, RMSE, MAE, MAPE: 58, 0.00417, 0.00417, 0.06305, 0.04288, 10.01%
Time spent: 13.28s
- Epoch 059, ExpID 39238
Train - Loss (one batch): 0.00304
Val - Loss, MSE, RMSE, MAE, MAPE: 0.00437, 0.00437, 0.06449, 0.04326, 261074.68%
Test - Best epoch, Loss, MSE, RMSE, MAE, MAPE: 58, 0.00417, 0.00417, 0.06305, 0.04288, 10.01%
Time spent: 11.98s
- Epoch 060, ExpID 39238
Train - Loss (one batch): 0.00433
Val - Loss, MSE, RMSE, MAE, MAPE: 0.00434, 0.00434, 0.06418, 0.04283, 261675.97%
Test - Best epoch, Loss, MSE, RMSE, MAE, MAPE: 58, 0.00417, 0.00417, 0.06305, 0.04288, 10.01%
Time spent: 11.92s
- Epoch 061, ExpID 39238
Train - Loss (one batch): 0.00374
Val - Loss, MSE, RMSE, MAE, MAPE: 0.00424, 0.00424, 0.06355, 0.04248, 271294.90%
Test - Best epoch, Loss, MSE, RMSE, MAE, MAPE: 61, 0.00412, 0.00412, 0.06269, 0.04271, 9.87%
Time spent: 13.26s
- Epoch 062, ExpID 39238
Train - Loss (one batch): 0.00304
Val - Loss, MSE, RMSE, MAE, MAPE: 0.00418, 0.00418, 0.06310, 0.04214, 270976.71%
Test - Best epoch, Loss, MSE, RMSE, MAE, MAPE: 62, 0.00405, 0.00405, 0.06215, 0.04224, 9.89%
Time spent: 13.34s
- Epoch 063, ExpID 39238
Train - Loss (one batch): 0.00330
Val - Loss, MSE, RMSE, MAE, MAPE: 0.00419, 0.00419, 0.06321, 0.04220, 271054.45%
Test - Best epoch, Loss, MSE, RMSE, MAE, MAPE: 62, 0.00405, 0.00405, 0.06215, 0.04224, 9.89%
Time spent: 12.03s
- Epoch 064, ExpID 39238
Train - Loss (one batch): 0.00449
Val - Loss, MSE, RMSE, MAE, MAPE: 0.00429, 0.00429, 0.06406, 0.04368, 272920.95%
Test - Best epoch, Loss, MSE, RMSE, MAE, MAPE: 62, 0.00405, 0.00405, 0.06215, 0.04224, 9.89%
Time spent: 11.84s
- Epoch 065, ExpID 39238
Train - Loss (one batch): 0.00417
Val - Loss, MSE, RMSE, MAE, MAPE: 0.00405, 0.00405, 0.06217, 0.04113, 268063.21%
Test - Best epoch, Loss, MSE, RMSE, MAE, MAPE: 65, 0.00393, 0.00393, 0.06124, 0.04114, 9.70%
Time spent: 13.22s
- Epoch 066, ExpID 39238
Train - Loss (one batch): 0.00315
Val - Loss, MSE, RMSE, MAE, MAPE: 0.00399, 0.00399, 0.06161, 0.04090, 264329.62%
Test - Best epoch, Loss, MSE, RMSE, MAE, MAPE: 66, 0.00389, 0.00389, 0.06079, 0.04095, 9.47%
Time spent: 13.28s
- Epoch 067, ExpID 39238
Train - Loss (one batch): 0.00315
Val - Loss, MSE, RMSE, MAE, MAPE: 0.00387, 0.00387, 0.06072, 0.04024, 263939.20%
Test - Best epoch, Loss, MSE, RMSE, MAE, MAPE: 67, 0.00373, 0.00373, 0.05959, 0.03994, 9.33%
Time spent: 13.31s
- Epoch 068, ExpID 39238
Train - Loss (one batch): 0.00252
Val - Loss, MSE, RMSE, MAE, MAPE: 0.00371, 0.00371, 0.05944, 0.03878, 262651.56%
Test - Best epoch, Loss, MSE, RMSE, MAE, MAPE: 68, 0.00359, 0.00359, 0.05839, 0.03877, 9.11%
Time spent: 13.20s
- Epoch 069, ExpID 39238
Train - Loss (one batch): 0.00466
Val - Loss, MSE, RMSE, MAE, MAPE: 0.00371, 0.00371, 0.05955, 0.04018, 271112.07%
Test - Best epoch, Loss, MSE, RMSE, MAE, MAPE: 69, 0.00361, 0.00361, 0.05868, 0.04015, 9.71%
Time spent: 13.26s
- Epoch 070, ExpID 39238
Train - Loss (one batch): 0.00344
Val - Loss, MSE, RMSE, MAE, MAPE: 0.00348, 0.00348, 0.05761, 0.03751, 255326.47%
Test - Best epoch, Loss, MSE, RMSE, MAE, MAPE: 70, 0.00342, 0.00342, 0.05700, 0.03765, 8.62%
Time spent: 13.26s
- Epoch 071, ExpID 39238
Train - Loss (one batch): 0.00197
Val - Loss, MSE, RMSE, MAE, MAPE: 0.00336, 0.00336, 0.05653, 0.03670, 248693.00%
Test - Best epoch, Loss, MSE, RMSE, MAE, MAPE: 71, 0.00325, 0.00325, 0.05550, 0.03645, 8.48%
Time spent: 13.24s
- Epoch 072, ExpID 39238
Train - Loss (one batch): 0.00431
Val - Loss, MSE, RMSE, MAE, MAPE: 0.00328, 0.00328, 0.05579, 0.03625, 253126.50%
Test - Best epoch, Loss, MSE, RMSE, MAE, MAPE: 72, 0.00318, 0.00318, 0.05493, 0.03631, 8.56%
Time spent: 13.30s
- Epoch 073, ExpID 39238
Train - Loss (one batch): 0.00215
Val - Loss, MSE, RMSE, MAE, MAPE: 0.00324, 0.00324, 0.05548, 0.03569, 252348.87%
Test - Best epoch, Loss, MSE, RMSE, MAE, MAPE: 73, 0.00316, 0.00316, 0.05470, 0.03572, 8.33%
Time spent: 13.29s
- Epoch 074, ExpID 39238
Train - Loss (one batch): 0.00320
Val - Loss, MSE, RMSE, MAE, MAPE: 0.00322, 0.00322, 0.05531, 0.03561, 250769.56%
Test - Best epoch, Loss, MSE, RMSE, MAE, MAPE: 74, 0.00314, 0.00314, 0.05455, 0.03560, 8.34%
Time spent: 13.28s
- Epoch 075, ExpID 39238
Train - Loss (one batch): 0.00313
Val - Loss, MSE, RMSE, MAE, MAPE: 0.00319, 0.00319, 0.05509, 0.03560, 254705.31%
Test - Best epoch, Loss, MSE, RMSE, MAE, MAPE: 75, 0.00311, 0.00311, 0.05427, 0.03566, 8.45%
Time spent: 13.30s
- Epoch 076, ExpID 39238
Train - Loss (one batch): 0.00315
Val - Loss, MSE, RMSE, MAE, MAPE: 0.00318, 0.00318, 0.05496, 0.03515, 249288.34%
Test - Best epoch, Loss, MSE, RMSE, MAE, MAPE: 76, 0.00311, 0.00311, 0.05423, 0.03530, 8.16%
Time spent: 13.33s
- Epoch 077, ExpID 39238
Train - Loss (one batch): 0.00309
Val - Loss, MSE, RMSE, MAE, MAPE: 0.00316, 0.00316, 0.05484, 0.03510, 252341.58%
Test - Best epoch, Loss, MSE, RMSE, MAE, MAPE: 77, 0.00309, 0.00309, 0.05406, 0.03524, 8.23%
Time spent: 13.31s
- Epoch 078, ExpID 39238
Train - Loss (one batch): 0.00394
Val - Loss, MSE, RMSE, MAE, MAPE: 0.00314, 0.00314, 0.05468, 0.03546, 252811.93%
Test - Best epoch, Loss, MSE, RMSE, MAE, MAPE: 78, 0.00308, 0.00308, 0.05405, 0.03556, 8.35%
Time spent: 13.27s
- Epoch 079, ExpID 39238
Train - Loss (one batch): 0.00278
Val - Loss, MSE, RMSE, MAE, MAPE: 0.00315, 0.00315, 0.05473, 0.03510, 250050.16%
Test - Best epoch, Loss, MSE, RMSE, MAE, MAPE: 78, 0.00308, 0.00308, 0.05405, 0.03556, 8.35%
Time spent: 11.92s
- Epoch 080, ExpID 39238
Train - Loss (one batch): 0.00208
Val - Loss, MSE, RMSE, MAE, MAPE: 0.00312, 0.00312, 0.05449, 0.03501, 247878.12%
Test - Best epoch, Loss, MSE, RMSE, MAE, MAPE: 80, 0.00304, 0.00304, 0.05370, 0.03499, 8.13%
Time spent: 13.26s
- Epoch 081, ExpID 39238
Train - Loss (one batch): 0.00203
Val - Loss, MSE, RMSE, MAE, MAPE: 0.00324, 0.00324, 0.05546, 0.03572, 259119.28%
Test - Best epoch, Loss, MSE, RMSE, MAE, MAPE: 80, 0.00304, 0.00304, 0.05370, 0.03499, 8.13%
Time spent: 11.91s
- Epoch 082, ExpID 39238
Train - Loss (one batch): 0.00278
Val - Loss, MSE, RMSE, MAE, MAPE: 0.00314, 0.00314, 0.05467, 0.03535, 247381.76%
Test - Best epoch, Loss, MSE, RMSE, MAE, MAPE: 80, 0.00304, 0.00304, 0.05370, 0.03499, 8.13%
Time spent: 11.91s
- Epoch 083, ExpID 39238
Train - Loss (one batch): 0.00419
Val - Loss, MSE, RMSE, MAE, MAPE: 0.00309, 0.00309, 0.05420, 0.03463, 243043.99%
Test - Best epoch, Loss, MSE, RMSE, MAE, MAPE: 83, 0.00301, 0.00301, 0.05342, 0.03460, 8.07%
Time spent: 13.25s
- Epoch 084, ExpID 39238
Train - Loss (one batch): 0.00289
Val - Loss, MSE, RMSE, MAE, MAPE: 0.00309, 0.00309, 0.05424, 0.03515, 254256.99%
Test - Best epoch, Loss, MSE, RMSE, MAE, MAPE: 83, 0.00301, 0.00301, 0.05342, 0.03460, 8.07%
Time spent: 11.93s
- Epoch 085, ExpID 39238
Train - Loss (one batch): 0.00259
Val - Loss, MSE, RMSE, MAE, MAPE: 0.00307, 0.00307, 0.05408, 0.03508, 252596.17%
Test - Best epoch, Loss, MSE, RMSE, MAE, MAPE: 85, 0.00301, 0.00301, 0.05342, 0.03518, 8.34%
Time spent: 13.23s
- Epoch 086, ExpID 39238
Train - Loss (one batch): 0.00239
Val - Loss, MSE, RMSE, MAE, MAPE: 0.00306, 0.00306, 0.05391, 0.03444, 250712.14%
Test - Best epoch, Loss, MSE, RMSE, MAE, MAPE: 86, 0.00297, 0.00297, 0.05308, 0.03451, 8.18%
Time spent: 13.28s
- Epoch 087, ExpID 39238
Train - Loss (one batch): 0.00339
Val - Loss, MSE, RMSE, MAE, MAPE: 0.00304, 0.00304, 0.05376, 0.03455, 249937.97%
Test - Best epoch, Loss, MSE, RMSE, MAE, MAPE: 87, 0.00298, 0.00298, 0.05311, 0.03488, 8.21%
Time spent: 13.31s
- Epoch 088, ExpID 39238
Train - Loss (one batch): 0.00284
Val - Loss, MSE, RMSE, MAE, MAPE: 0.00309, 0.00309, 0.05426, 0.03510, 245811.65%
Test - Best epoch, Loss, MSE, RMSE, MAE, MAPE: 87, 0.00298, 0.00298, 0.05311, 0.03488, 8.21%
Time spent: 11.87s
- Epoch 089, ExpID 39238
Train - Loss (one batch): 0.00360
Val - Loss, MSE, RMSE, MAE, MAPE: 0.00310, 0.00310, 0.05435, 0.03529, 248960.17%
Test - Best epoch, Loss, MSE, RMSE, MAE, MAPE: 87, 0.00298, 0.00298, 0.05311, 0.03488, 8.21%
Time spent: 11.93s
- Epoch 090, ExpID 39238
Train - Loss (one batch): 0.00164
Val - Loss, MSE, RMSE, MAE, MAPE: 0.00310, 0.00310, 0.05431, 0.03511, 254668.52%
Test - Best epoch, Loss, MSE, RMSE, MAE, MAPE: 87, 0.00298, 0.00298, 0.05311, 0.03488, 8.21%
Time spent: 11.93s
- Epoch 091, ExpID 39238
Train - Loss (one batch): 0.00333
Val - Loss, MSE, RMSE, MAE, MAPE: 0.00310, 0.00310, 0.05425, 0.03483, 251135.12%
Test - Best epoch, Loss, MSE, RMSE, MAE, MAPE: 87, 0.00298, 0.00298, 0.05311, 0.03488, 8.21%
Time spent: 11.90s
- Epoch 092, ExpID 39238
Train - Loss (one batch): 0.00269
Val - Loss, MSE, RMSE, MAE, MAPE: 0.00302, 0.00302, 0.05358, 0.03410, 247298.91%
Test - Best epoch, Loss, MSE, RMSE, MAE, MAPE: 92, 0.00295, 0.00295, 0.05280, 0.03414, 8.02%
Time spent: 13.35s
- Epoch 093, ExpID 39238
Train - Loss (one batch): 0.00213
Val - Loss, MSE, RMSE, MAE, MAPE: 0.00303, 0.00303, 0.05362, 0.03410, 247283.87%
Test - Best epoch, Loss, MSE, RMSE, MAE, MAPE: 92, 0.00295, 0.00295, 0.05280, 0.03414, 8.02%
Time spent: 11.90s
- Epoch 094, ExpID 39238
Train - Loss (one batch): 0.00251
Val - Loss, MSE, RMSE, MAE, MAPE: 0.00302, 0.00302, 0.05361, 0.03446, 243944.83%
Test - Best epoch, Loss, MSE, RMSE, MAE, MAPE: 92, 0.00295, 0.00295, 0.05280, 0.03414, 8.02%
Time spent: 11.91s
- Epoch 095, ExpID 39238
Train - Loss (one batch): 0.00201
Val - Loss, MSE, RMSE, MAE, MAPE: 0.00301, 0.00301, 0.05347, 0.03407, 246281.29%
Test - Best epoch, Loss, MSE, RMSE, MAE, MAPE: 95, 0.00293, 0.00293, 0.05269, 0.03406, 8.04%
Time spent: 13.28s
- Epoch 096, ExpID 39238
Train - Loss (one batch): 0.00272
Val - Loss, MSE, RMSE, MAE, MAPE: 0.00308, 0.00308, 0.05411, 0.03511, 238076.67%
Test - Best epoch, Loss, MSE, RMSE, MAE, MAPE: 95, 0.00293, 0.00293, 0.05269, 0.03406, 8.04%
Time spent: 12.04s
- Epoch 097, ExpID 39238
Train - Loss (one batch): 0.00358
Val - Loss, MSE, RMSE, MAE, MAPE: 0.00303, 0.00303, 0.05376, 0.03462, 251141.45%
Test - Best epoch, Loss, MSE, RMSE, MAE, MAPE: 95, 0.00293, 0.00293, 0.05269, 0.03406, 8.04%
Time spent: 11.90s
- Epoch 098, ExpID 39238
Train - Loss (one batch): 0.00325
Val - Loss, MSE, RMSE, MAE, MAPE: 0.00304, 0.00304, 0.05381, 0.03477, 251702.66%
Test - Best epoch, Loss, MSE, RMSE, MAE, MAPE: 95, 0.00293, 0.00293, 0.05269, 0.03406, 8.04%
Time spent: 11.89s
- Epoch 099, ExpID 39238
Train - Loss (one batch): 0.00270
Val - Loss, MSE, RMSE, MAE, MAPE: 0.00299, 0.00299, 0.05329, 0.03418, 247170.77%
Test - Best epoch, Loss, MSE, RMSE, MAE, MAPE: 99, 0.00292, 0.00292, 0.05258, 0.03424, 8.10%
Time spent: 13.28s
- Epoch 100, ExpID 39238
Train - Loss (one batch): 0.00288
Val - Loss, MSE, RMSE, MAE, MAPE: 0.00305, 0.00305, 0.05386, 0.03483, 256005.05%
Test - Best epoch, Loss, MSE, RMSE, MAE, MAPE: 99, 0.00292, 0.00292, 0.05258, 0.03424, 8.10%
Time spent: 11.86s
- Epoch 101, ExpID 39238
Train - Loss (one batch): 0.00299
Val - Loss, MSE, RMSE, MAE, MAPE: 0.00296, 0.00296, 0.05298, 0.03356, 247394.29%
Test - Best epoch, Loss, MSE, RMSE, MAE, MAPE: 101, 0.00289, 0.00289, 0.05230, 0.03375, 7.93%
Time spent: 13.24s
- Epoch 102, ExpID 39238
Train - Loss (one batch): 0.00263
Val - Loss, MSE, RMSE, MAE, MAPE: 0.00297, 0.00297, 0.05314, 0.03387, 240449.27%
Test - Best epoch, Loss, MSE, RMSE, MAE, MAPE: 101, 0.00289, 0.00289, 0.05230, 0.03375, 7.93%
Time spent: 11.92s
- Epoch 103, ExpID 39238
Train - Loss (one batch): 0.00247
Val - Loss, MSE, RMSE, MAE, MAPE: 0.00295, 0.00295, 0.05296, 0.03361, 240728.96%
Test - Best epoch, Loss, MSE, RMSE, MAE, MAPE: 103, 0.00288, 0.00288, 0.05221, 0.03348, 7.84%
Time spent: 13.37s
- Epoch 104, ExpID 39238
Train - Loss (one batch): 0.00310
Val - Loss, MSE, RMSE, MAE, MAPE: 0.00296, 0.00296, 0.05296, 0.03337, 245680.92%
Test - Best epoch, Loss, MSE, RMSE, MAE, MAPE: 103, 0.00288, 0.00288, 0.05221, 0.03348, 7.84%
Time spent: 11.90s
- Epoch 105, ExpID 39238
Train - Loss (one batch): 0.00227
Val - Loss, MSE, RMSE, MAE, MAPE: 0.00294, 0.00294, 0.05290, 0.03361, 250108.85%
Test - Best epoch, Loss, MSE, RMSE, MAE, MAPE: 105, 0.00288, 0.00288, 0.05217, 0.03369, 7.97%
Time spent: 13.24s
- Epoch 106, ExpID 39238
Train - Loss (one batch): 0.00272
Val - Loss, MSE, RMSE, MAE, MAPE: 0.00293, 0.00293, 0.05277, 0.03357, 248917.01%
Test - Best epoch, Loss, MSE, RMSE, MAE, MAPE: 106, 0.00286, 0.00286, 0.05204, 0.03372, 8.03%
Time spent: 13.26s
- Epoch 107, ExpID 39238
Train - Loss (one batch): 0.00396
Val - Loss, MSE, RMSE, MAE, MAPE: 0.00299, 0.00299, 0.05334, 0.03446, 251900.07%
Test - Best epoch, Loss, MSE, RMSE, MAE, MAPE: 106, 0.00286, 0.00286, 0.05204, 0.03372, 8.03%
Time spent: 11.96s
- Epoch 108, ExpID 39238
Train - Loss (one batch): 0.00249
Val - Loss, MSE, RMSE, MAE, MAPE: 0.00296, 0.00296, 0.05305, 0.03408, 250253.09%
Test - Best epoch, Loss, MSE, RMSE, MAE, MAPE: 106, 0.00286, 0.00286, 0.05204, 0.03372, 8.03%
Time spent: 11.92s
- Epoch 109, ExpID 39238
Train - Loss (one batch): 0.00226
Val - Loss, MSE, RMSE, MAE, MAPE: 0.00293, 0.00293, 0.05279, 0.03353, 237917.59%
Test - Best epoch, Loss, MSE, RMSE, MAE, MAPE: 106, 0.00286, 0.00286, 0.05204, 0.03372, 8.03%
Time spent: 11.92s
- Epoch 110, ExpID 39238
Train - Loss (one batch): 0.00329
Val - Loss, MSE, RMSE, MAE, MAPE: 0.00290, 0.00290, 0.05251, 0.03320, 245442.16%
Test - Best epoch, Loss, MSE, RMSE, MAE, MAPE: 110, 0.00285, 0.00285, 0.05187, 0.03345, 7.87%
Time spent: 13.18s
- Epoch 111, ExpID 39238
Train - Loss (one batch): 0.00248
Val - Loss, MSE, RMSE, MAE, MAPE: 0.00292, 0.00292, 0.05262, 0.03339, 245847.60%
Test - Best epoch, Loss, MSE, RMSE, MAE, MAPE: 110, 0.00285, 0.00285, 0.05187, 0.03345, 7.87%
Time spent: 11.92s
- Epoch 112, ExpID 39238
Train - Loss (one batch): 0.00209
Val - Loss, MSE, RMSE, MAE, MAPE: 0.00290, 0.00290, 0.05249, 0.03332, 242562.02%
Test - Best epoch, Loss, MSE, RMSE, MAE, MAPE: 112, 0.00284, 0.00284, 0.05186, 0.03345, 7.90%
Time spent: 13.36s
- Epoch 113, ExpID 39238
Train - Loss (one batch): 0.00249
Val - Loss, MSE, RMSE, MAE, MAPE: 0.00291, 0.00291, 0.05259, 0.03340, 248290.66%
Test - Best epoch, Loss, MSE, RMSE, MAE, MAPE: 112, 0.00284, 0.00284, 0.05186, 0.03345, 7.90%
Time spent: 11.90s
- Epoch 114, ExpID 39238
Train - Loss (one batch): 0.00187
Val - Loss, MSE, RMSE, MAE, MAPE: 0.00289, 0.00289, 0.05238, 0.03291, 241762.58%
Test - Best epoch, Loss, MSE, RMSE, MAE, MAPE: 114, 0.00285, 0.00285, 0.05189, 0.03316, 7.72%
Time spent: 13.21s
- Epoch 115, ExpID 39238
Train - Loss (one batch): 0.00329
Val - Loss, MSE, RMSE, MAE, MAPE: 0.00291, 0.00291, 0.05258, 0.03360, 251877.60%
Test - Best epoch, Loss, MSE, RMSE, MAE, MAPE: 114, 0.00285, 0.00285, 0.05189, 0.03316, 7.72%
Time spent: 11.85s
- Epoch 116, ExpID 39238
Train - Loss (one batch): 0.00267
Val - Loss, MSE, RMSE, MAE, MAPE: 0.00310, 0.00310, 0.05442, 0.03648, 260021.21%
Test - Best epoch, Loss, MSE, RMSE, MAE, MAPE: 114, 0.00285, 0.00285, 0.05189, 0.03316, 7.72%
Time spent: 11.88s
- Epoch 117, ExpID 39238
Train - Loss (one batch): 0.00230
Val - Loss, MSE, RMSE, MAE, MAPE: 0.00290, 0.00290, 0.05244, 0.03330, 245503.60%
Test - Best epoch, Loss, MSE, RMSE, MAE, MAPE: 114, 0.00285, 0.00285, 0.05189, 0.03316, 7.72%
Time spent: 11.89s
- Epoch 118, ExpID 39238
Train - Loss (one batch): 0.00257
Val - Loss, MSE, RMSE, MAE, MAPE: 0.00287, 0.00287, 0.05218, 0.03286, 241259.93%
Test - Best epoch, Loss, MSE, RMSE, MAE, MAPE: 118, 0.00282, 0.00282, 0.05167, 0.03315, 7.81%
Time spent: 13.27s
- Epoch 119, ExpID 39238
Train - Loss (one batch): 0.00283
Val - Loss, MSE, RMSE, MAE, MAPE: 0.00289, 0.00289, 0.05241, 0.03347, 248194.73%
Test - Best epoch, Loss, MSE, RMSE, MAE, MAPE: 118, 0.00282, 0.00282, 0.05167, 0.03315, 7.81%
Time spent: 11.94s
- Epoch 120, ExpID 39238
Train - Loss (one batch): 0.00158
Val - Loss, MSE, RMSE, MAE, MAPE: 0.00291, 0.00291, 0.05258, 0.03372, 236985.66%
Test - Best epoch, Loss, MSE, RMSE, MAE, MAPE: 118, 0.00282, 0.00282, 0.05167, 0.03315, 7.81%
Time spent: 11.99s
- Epoch 121, ExpID 39238
Train - Loss (one batch): 0.00349
Val - Loss, MSE, RMSE, MAE, MAPE: 0.00286, 0.00286, 0.05210, 0.03279, 243252.16%
Test - Best epoch, Loss, MSE, RMSE, MAE, MAPE: 121, 0.00280, 0.00280, 0.05147, 0.03300, 7.74%
Time spent: 13.30s
- Epoch 122, ExpID 39238
Train - Loss (one batch): 0.00215
Val - Loss, MSE, RMSE, MAE, MAPE: 0.00286, 0.00286, 0.05202, 0.03277, 249827.23%
Test - Best epoch, Loss, MSE, RMSE, MAE, MAPE: 122, 0.00281, 0.00281, 0.05149, 0.03299, 7.86%
Time spent: 13.25s
- Epoch 123, ExpID 39238
Train - Loss (one batch): 0.00180
Val - Loss, MSE, RMSE, MAE, MAPE: 0.00296, 0.00296, 0.05306, 0.03410, 239312.29%
Test - Best epoch, Loss, MSE, RMSE, MAE, MAPE: 122, 0.00281, 0.00281, 0.05149, 0.03299, 7.86%
Time spent: 11.95s
- Epoch 124, ExpID 39238
Train - Loss (one batch): 0.00326
Val - Loss, MSE, RMSE, MAE, MAPE: 0.00290, 0.00290, 0.05251, 0.03361, 243351.89%
Test - Best epoch, Loss, MSE, RMSE, MAE, MAPE: 122, 0.00281, 0.00281, 0.05149, 0.03299, 7.86%
Time spent: 11.91s
- Epoch 125, ExpID 39238
Train - Loss (one batch): 0.00273
Val - Loss, MSE, RMSE, MAE, MAPE: 0.00286, 0.00286, 0.05207, 0.03296, 251399.96%
Test - Best epoch, Loss, MSE, RMSE, MAE, MAPE: 122, 0.00281, 0.00281, 0.05149, 0.03299, 7.86%
Time spent: 11.96s
- Epoch 126, ExpID 39238
Train - Loss (one batch): 0.00270
Val - Loss, MSE, RMSE, MAE, MAPE: 0.00291, 0.00291, 0.05258, 0.03367, 253062.15%
Test - Best epoch, Loss, MSE, RMSE, MAE, MAPE: 122, 0.00281, 0.00281, 0.05149, 0.03299, 7.86%
Time spent: 11.94s
- Epoch 127, ExpID 39238
Train - Loss (one batch): 0.00237
Val - Loss, MSE, RMSE, MAE, MAPE: 0.00288, 0.00288, 0.05226, 0.03295, 245703.18%
Test - Best epoch, Loss, MSE, RMSE, MAE, MAPE: 122, 0.00281, 0.00281, 0.05149, 0.03299, 7.86%
Time spent: 11.90s
- Epoch 128, ExpID 39238
Train - Loss (one batch): 0.00284
Val - Loss, MSE, RMSE, MAE, MAPE: 0.00285, 0.00285, 0.05200, 0.03301, 251029.27%
Test - Best epoch, Loss, MSE, RMSE, MAE, MAPE: 128, 0.00280, 0.00280, 0.05146, 0.03334, 7.95%
Time spent: 13.22s
- Epoch 129, ExpID 39238
Train - Loss (one batch): 0.00236
Val - Loss, MSE, RMSE, MAE, MAPE: 0.00285, 0.00285, 0.05200, 0.03288, 245566.16%
Test - Best epoch, Loss, MSE, RMSE, MAE, MAPE: 128, 0.00280, 0.00280, 0.05146, 0.03334, 7.95%
Time spent: 11.91s
- Epoch 130, ExpID 39238
Train - Loss (one batch): 0.00225
Val - Loss, MSE, RMSE, MAE, MAPE: 0.00284, 0.00284, 0.05186, 0.03249, 240864.82%
Test - Best epoch, Loss, MSE, RMSE, MAE, MAPE: 130, 0.00279, 0.00279, 0.05132, 0.03281, 7.63%
Time spent: 13.24s
- Epoch 131, ExpID 39238
Train - Loss (one batch): 0.00303
Val - Loss, MSE, RMSE, MAE, MAPE: 0.00285, 0.00285, 0.05195, 0.03266, 249774.26%
Test - Best epoch, Loss, MSE, RMSE, MAE, MAPE: 130, 0.00279, 0.00279, 0.05132, 0.03281, 7.63%
Time spent: 11.93s
- Epoch 132, ExpID 39238
Train - Loss (one batch): 0.00302
Val - Loss, MSE, RMSE, MAE, MAPE: 0.00282, 0.00282, 0.05167, 0.03231, 245231.79%
Test - Best epoch, Loss, MSE, RMSE, MAE, MAPE: 132, 0.00277, 0.00277, 0.05111, 0.03250, 7.66%
Time spent: 13.37s
- Epoch 133, ExpID 39238
Train - Loss (one batch): 0.00358
Val - Loss, MSE, RMSE, MAE, MAPE: 0.00286, 0.00286, 0.05210, 0.03322, 249924.82%
Test - Best epoch, Loss, MSE, RMSE, MAE, MAPE: 132, 0.00277, 0.00277, 0.05111, 0.03250, 7.66%
Time spent: 11.91s
- Epoch 134, ExpID 39238
Train - Loss (one batch): 0.00215
Val - Loss, MSE, RMSE, MAE, MAPE: 0.00282, 0.00282, 0.05172, 0.03279, 247567.92%
Test - Best epoch, Loss, MSE, RMSE, MAE, MAPE: 132, 0.00277, 0.00277, 0.05111, 0.03250, 7.66%
Time spent: 11.92s
- Epoch 135, ExpID 39238
Train - Loss (one batch): 0.00381
Val - Loss, MSE, RMSE, MAE, MAPE: 0.00283, 0.00283, 0.05186, 0.03297, 239080.06%
Test - Best epoch, Loss, MSE, RMSE, MAE, MAPE: 132, 0.00277, 0.00277, 0.05111, 0.03250, 7.66%
Time spent: 11.86s
- Epoch 136, ExpID 39238
Train - Loss (one batch): 0.00294
Val - Loss, MSE, RMSE, MAE, MAPE: 0.00289, 0.00289, 0.05243, 0.03396, 249476.87%
Test - Best epoch, Loss, MSE, RMSE, MAE, MAPE: 132, 0.00277, 0.00277, 0.05111, 0.03250, 7.66%
Time spent: 11.88s
- Epoch 137, ExpID 39238
Train - Loss (one batch): 0.00408
Val - Loss, MSE, RMSE, MAE, MAPE: 0.00282, 0.00282, 0.05166, 0.03230, 239821.63%
Test - Best epoch, Loss, MSE, RMSE, MAE, MAPE: 137, 0.00278, 0.00278, 0.05118, 0.03249, 7.64%
Time spent: 13.32s
- Epoch 138, ExpID 39238
Train - Loss (one batch): 0.00233
Val - Loss, MSE, RMSE, MAE, MAPE: 0.00279, 0.00279, 0.05141, 0.03197, 242238.03%
Test - Best epoch, Loss, MSE, RMSE, MAE, MAPE: 138, 0.00274, 0.00274, 0.05078, 0.03216, 7.56%
Time spent: 13.18s
- Epoch 139, ExpID 39238
Train - Loss (one batch): 0.00276
Val - Loss, MSE, RMSE, MAE, MAPE: 0.00279, 0.00279, 0.05141, 0.03208, 238416.43%
Test - Best epoch, Loss, MSE, RMSE, MAE, MAPE: 138, 0.00274, 0.00274, 0.05078, 0.03216, 7.56%
Time spent: 11.79s
- Epoch 140, ExpID 39238
Train - Loss (one batch): 0.00235
Val - Loss, MSE, RMSE, MAE, MAPE: 0.00281, 0.00281, 0.05158, 0.03256, 251348.17%
Test - Best epoch, Loss, MSE, RMSE, MAE, MAPE: 138, 0.00274, 0.00274, 0.05078, 0.03216, 7.56%
Time spent: 11.97s
- Epoch 141, ExpID 39238
Train - Loss (one batch): 0.00181
Val - Loss, MSE, RMSE, MAE, MAPE: 0.00277, 0.00277, 0.05128, 0.03188, 246908.12%
Test - Best epoch, Loss, MSE, RMSE, MAE, MAPE: 141, 0.00275, 0.00275, 0.05087, 0.03227, 7.62%
Time spent: 13.27s
- Epoch 142, ExpID 39238
Train - Loss (one batch): 0.00248
Val - Loss, MSE, RMSE, MAE, MAPE: 0.00281, 0.00281, 0.05164, 0.03244, 245781.46%
Test - Best epoch, Loss, MSE, RMSE, MAE, MAPE: 141, 0.00275, 0.00275, 0.05087, 0.03227, 7.62%
Time spent: 11.94s
- Epoch 143, ExpID 39238
Train - Loss (one batch): 0.00285
Val - Loss, MSE, RMSE, MAE, MAPE: 0.00282, 0.00282, 0.05165, 0.03233, 247751.99%
Test - Best epoch, Loss, MSE, RMSE, MAE, MAPE: 141, 0.00275, 0.00275, 0.05087, 0.03227, 7.62%
Time spent: 12.01s
- Epoch 144, ExpID 39238
Train - Loss (one batch): 0.00215
Val - Loss, MSE, RMSE, MAE, MAPE: 0.00278, 0.00278, 0.05131, 0.03217, 244439.92%
Test - Best epoch, Loss, MSE, RMSE, MAE, MAPE: 141, 0.00275, 0.00275, 0.05087, 0.03227, 7.62%
Time spent: 11.94s
- Epoch 145, ExpID 39238
Train - Loss (one batch): 0.00238
Val - Loss, MSE, RMSE, MAE, MAPE: 0.00286, 0.00286, 0.05210, 0.03330, 249274.26%
Test - Best epoch, Loss, MSE, RMSE, MAE, MAPE: 141, 0.00275, 0.00275, 0.05087, 0.03227, 7.62%
Time spent: 11.88s
- Epoch 146, ExpID 39238
Train - Loss (one batch): 0.00333
Val - Loss, MSE, RMSE, MAE, MAPE: 0.00282, 0.00282, 0.05177, 0.03261, 244147.41%
Test - Best epoch, Loss, MSE, RMSE, MAE, MAPE: 141, 0.00275, 0.00275, 0.05087, 0.03227, 7.62%
Time spent: 11.89s
- Epoch 147, ExpID 39238
Train - Loss (one batch): 0.00260
Val - Loss, MSE, RMSE, MAE, MAPE: 0.00279, 0.00279, 0.05137, 0.03207, 250386.93%
Test - Best epoch, Loss, MSE, RMSE, MAE, MAPE: 141, 0.00275, 0.00275, 0.05087, 0.03227, 7.62%
Time spent: 11.93s
- Epoch 148, ExpID 39238
Train - Loss (one batch): 0.00325
Val - Loss, MSE, RMSE, MAE, MAPE: 0.00287, 0.00287, 0.05224, 0.03364, 247672.91%
Test - Best epoch, Loss, MSE, RMSE, MAE, MAPE: 141, 0.00275, 0.00275, 0.05087, 0.03227, 7.62%
Time spent: 11.97s
- Epoch 149, ExpID 39238
Train - Loss (one batch): 0.00183
Val - Loss, MSE, RMSE, MAE, MAPE: 0.00281, 0.00281, 0.05159, 0.03239, 238454.68%
Test - Best epoch, Loss, MSE, RMSE, MAE, MAPE: 141, 0.00275, 0.00275, 0.05087, 0.03227, 7.62%
Time spent: 11.84s
- Epoch 150, ExpID 39238
Train - Loss (one batch): 0.00278
Val - Loss, MSE, RMSE, MAE, MAPE: 0.00274, 0.00274, 0.05090, 0.03150, 245146.85%
Test - Best epoch, Loss, MSE, RMSE, MAE, MAPE: 150, 0.00268, 0.00268, 0.05028, 0.03170, 7.52%
Time spent: 13.31s
- Epoch 151, ExpID 39238
Train - Loss (one batch): 0.00191
Val - Loss, MSE, RMSE, MAE, MAPE: 0.00279, 0.00279, 0.05134, 0.03195, 245851.29%
Test - Best epoch, Loss, MSE, RMSE, MAE, MAPE: 150, 0.00268, 0.00268, 0.05028, 0.03170, 7.52%
Time spent: 11.93s
- Epoch 152, ExpID 39238
Train - Loss (one batch): 0.00265
Val - Loss, MSE, RMSE, MAE, MAPE: 0.00277, 0.00277, 0.05122, 0.03189, 242659.57%
Test - Best epoch, Loss, MSE, RMSE, MAE, MAPE: 150, 0.00268, 0.00268, 0.05028, 0.03170, 7.52%
Time spent: 12.00s
- Epoch 153, ExpID 39238
Train - Loss (one batch): 0.00278
Val - Loss, MSE, RMSE, MAE, MAPE: 0.00277, 0.00277, 0.05115, 0.03191, 248970.69%
Test - Best epoch, Loss, MSE, RMSE, MAE, MAPE: 150, 0.00268, 0.00268, 0.05028, 0.03170, 7.52%
Time spent: 11.97s
- Epoch 154, ExpID 39238
Train - Loss (one batch): 0.00290
Val - Loss, MSE, RMSE, MAE, MAPE: 0.00277, 0.00277, 0.05117, 0.03172, 238161.84%
Test - Best epoch, Loss, MSE, RMSE, MAE, MAPE: 150, 0.00268, 0.00268, 0.05028, 0.03170, 7.52%
Time spent: 11.88s
- Epoch 155, ExpID 39238
Train - Loss (one batch): 0.00291
Val - Loss, MSE, RMSE, MAE, MAPE: 0.00278, 0.00278, 0.05127, 0.03209, 254797.66%
Test - Best epoch, Loss, MSE, RMSE, MAE, MAPE: 150, 0.00268, 0.00268, 0.05028, 0.03170, 7.52%
Time spent: 12.01s
- Epoch 156, ExpID 39238
Train - Loss (one batch): 0.00357
Val - Loss, MSE, RMSE, MAE, MAPE: 0.00277, 0.00277, 0.05119, 0.03189, 247793.40%
Test - Best epoch, Loss, MSE, RMSE, MAE, MAPE: 150, 0.00268, 0.00268, 0.05028, 0.03170, 7.52%
Time spent: 11.89s
- Epoch 157, ExpID 39238
Train - Loss (one batch): 0.00228
Val - Loss, MSE, RMSE, MAE, MAPE: 0.00276, 0.00276, 0.05114, 0.03222, 253304.74%
Test - Best epoch, Loss, MSE, RMSE, MAE, MAPE: 150, 0.00268, 0.00268, 0.05028, 0.03170, 7.52%
Time spent: 11.91s
- Epoch 158, ExpID 39238
Train - Loss (one batch): 0.00302
Val - Loss, MSE, RMSE, MAE, MAPE: 0.00275, 0.00275, 0.05096, 0.03175, 244533.15%
Test - Best epoch, Loss, MSE, RMSE, MAE, MAPE: 150, 0.00268, 0.00268, 0.05028, 0.03170, 7.52%
Time spent: 11.87s
- Epoch 159, ExpID 39238
Train - Loss (one batch): 0.00171
Val - Loss, MSE, RMSE, MAE, MAPE: 0.00274, 0.00274, 0.05095, 0.03168, 250311.04%
Test - Best epoch, Loss, MSE, RMSE, MAE, MAPE: 150, 0.00268, 0.00268, 0.05028, 0.03170, 7.52%
Time spent: 11.89s
- Epoch 160, ExpID 39238
Train - Loss (one batch): 0.00198
Val - Loss, MSE, RMSE, MAE, MAPE: 0.00276, 0.00276, 0.05106, 0.03186, 253083.19%
Test - Best epoch, Loss, MSE, RMSE, MAE, MAPE: 150, 0.00268, 0.00268, 0.05028, 0.03170, 7.52%
Time spent: 11.88s
- Epoch 161, ExpID 39238
Train - Loss (one batch): 0.00167
Val - Loss, MSE, RMSE, MAE, MAPE: 0.00274, 0.00274, 0.05094, 0.03176, 242829.39%
Test - Best epoch, Loss, MSE, RMSE, MAE, MAPE: 150, 0.00268, 0.00268, 0.05028, 0.03170, 7.52%
Time spent: 11.90s
- Epoch 162, ExpID 39238
Train - Loss (one batch): 0.00262
Val - Loss, MSE, RMSE, MAE, MAPE: 0.00274, 0.00274, 0.05085, 0.03156, 251370.66%
Test - Best epoch, Loss, MSE, RMSE, MAE, MAPE: 162, 0.00267, 0.00267, 0.05019, 0.03178, 7.64%
Time spent: 13.26s
- Epoch 163, ExpID 39238
Train - Loss (one batch): 0.00280
Val - Loss, MSE, RMSE, MAE, MAPE: 0.00277, 0.00277, 0.05122, 0.03209, 253925.55%
Test - Best epoch, Loss, MSE, RMSE, MAE, MAPE: 162, 0.00267, 0.00267, 0.05019, 0.03178, 7.64%
Time spent: 11.88s
- Epoch 164, ExpID 39238
Train - Loss (one batch): 0.00201
Val - Loss, MSE, RMSE, MAE, MAPE: 0.00273, 0.00273, 0.05085, 0.03172, 245112.28%
Test - Best epoch, Loss, MSE, RMSE, MAE, MAPE: 164, 0.00269, 0.00269, 0.05029, 0.03181, 7.56%
Time spent: 13.26s
- Epoch 165, ExpID 39238
Train - Loss (one batch): 0.00184
Val - Loss, MSE, RMSE, MAE, MAPE: 0.00274, 0.00274, 0.05097, 0.03179, 251533.31%
Test - Best epoch, Loss, MSE, RMSE, MAE, MAPE: 164, 0.00269, 0.00269, 0.05029, 0.03181, 7.56%
Time spent: 11.82s
- Epoch 166, ExpID 39238
Train - Loss (one batch): 0.00227
Val - Loss, MSE, RMSE, MAE, MAPE: 0.00276, 0.00276, 0.05115, 0.03193, 247780.03%
Test - Best epoch, Loss, MSE, RMSE, MAE, MAPE: 164, 0.00269, 0.00269, 0.05029, 0.03181, 7.56%
Time spent: 11.87s
- Epoch 167, ExpID 39238
Train - Loss (one batch): 0.00226
Val - Loss, MSE, RMSE, MAE, MAPE: 0.00276, 0.00276, 0.05107, 0.03199, 254561.65%
Test - Best epoch, Loss, MSE, RMSE, MAE, MAPE: 164, 0.00269, 0.00269, 0.05029, 0.03181, 7.56%
Time spent: 11.94s
- Epoch 168, ExpID 39238
Train - Loss (one batch): 0.00402
Val - Loss, MSE, RMSE, MAE, MAPE: 0.00273, 0.00273, 0.05084, 0.03138, 252722.20%
Test - Best epoch, Loss, MSE, RMSE, MAE, MAPE: 168, 0.00267, 0.00267, 0.05012, 0.03158, 7.54%
Time spent: 13.29s
- Epoch 169, ExpID 39238
Train - Loss (one batch): 0.00214
Val - Loss, MSE, RMSE, MAE, MAPE: 0.00272, 0.00272, 0.05067, 0.03124, 249330.96%
Test - Best epoch, Loss, MSE, RMSE, MAE, MAPE: 169, 0.00265, 0.00265, 0.04999, 0.03140, 7.49%
Time spent: 13.27s
- Epoch 170, ExpID 39238
Train - Loss (one batch): 0.00211
Val - Loss, MSE, RMSE, MAE, MAPE: 0.00278, 0.00278, 0.05130, 0.03249, 256395.28%
Test - Best epoch, Loss, MSE, RMSE, MAE, MAPE: 169, 0.00265, 0.00265, 0.04999, 0.03140, 7.49%
Time spent: 11.86s
- Epoch 171, ExpID 39238
Train - Loss (one batch): 0.00182
Val - Loss, MSE, RMSE, MAE, MAPE: 0.00277, 0.00277, 0.05118, 0.03209, 255598.20%
Test - Best epoch, Loss, MSE, RMSE, MAE, MAPE: 169, 0.00265, 0.00265, 0.04999, 0.03140, 7.49%
Time spent: 11.93s
- Epoch 172, ExpID 39238
Train - Loss (one batch): 0.00226
Val - Loss, MSE, RMSE, MAE, MAPE: 0.00272, 0.00272, 0.05073, 0.03173, 255387.12%
Test - Best epoch, Loss, MSE, RMSE, MAE, MAPE: 169, 0.00265, 0.00265, 0.04999, 0.03140, 7.49%
Time spent: 11.92s
- Epoch 173, ExpID 39238
Train - Loss (one batch): 0.00198
Val - Loss, MSE, RMSE, MAE, MAPE: 0.00272, 0.00272, 0.05072, 0.03141, 245294.12%
Test - Best epoch, Loss, MSE, RMSE, MAE, MAPE: 169, 0.00265, 0.00265, 0.04999, 0.03140, 7.49%
Time spent: 12.02s
- Epoch 174, ExpID 39238
Train - Loss (one batch): 0.00223
Val - Loss, MSE, RMSE, MAE, MAPE: 0.00271, 0.00271, 0.05061, 0.03137, 251014.30%
Test - Best epoch, Loss, MSE, RMSE, MAE, MAPE: 174, 0.00268, 0.00268, 0.05017, 0.03171, 7.58%
Time spent: 13.33s
- Epoch 175, ExpID 39238
Train - Loss (one batch): 0.00270
Val - Loss, MSE, RMSE, MAE, MAPE: 0.00271, 0.00271, 0.05065, 0.03141, 248297.64%
Test - Best epoch, Loss, MSE, RMSE, MAE, MAPE: 174, 0.00268, 0.00268, 0.05017, 0.03171, 7.58%
Time spent: 11.92s
- Epoch 176, ExpID 39238
Train - Loss (one batch): 0.00189
Val - Loss, MSE, RMSE, MAE, MAPE: 0.00275, 0.00275, 0.05100, 0.03164, 244491.31%
Test - Best epoch, Loss, MSE, RMSE, MAE, MAPE: 174, 0.00268, 0.00268, 0.05017, 0.03171, 7.58%
Time spent: 11.90s
- Epoch 177, ExpID 39238
Train - Loss (one batch): 0.00161
Val - Loss, MSE, RMSE, MAE, MAPE: 0.00274, 0.00274, 0.05088, 0.03183, 251669.98%
Test - Best epoch, Loss, MSE, RMSE, MAE, MAPE: 174, 0.00268, 0.00268, 0.05017, 0.03171, 7.58%
Time spent: 11.88s
- Epoch 178, ExpID 39238
Train - Loss (one batch): 0.00243
Val - Loss, MSE, RMSE, MAE, MAPE: 0.00274, 0.00274, 0.05090, 0.03182, 248269.03%
Test - Best epoch, Loss, MSE, RMSE, MAE, MAPE: 174, 0.00268, 0.00268, 0.05017, 0.03171, 7.58%
Time spent: 11.92s
- Epoch 179, ExpID 39238
Train - Loss (one batch): 0.00276
Val - Loss, MSE, RMSE, MAE, MAPE: 0.00279, 0.00279, 0.05144, 0.03286, 258427.58%
Test - Best epoch, Loss, MSE, RMSE, MAE, MAPE: 174, 0.00268, 0.00268, 0.05017, 0.03171, 7.58%
Time spent: 11.87s
- Epoch 180, ExpID 39238
Train - Loss (one batch): 0.00244
Val - Loss, MSE, RMSE, MAE, MAPE: 0.00274, 0.00274, 0.05092, 0.03184, 249205.84%
Test - Best epoch, Loss, MSE, RMSE, MAE, MAPE: 174, 0.00268, 0.00268, 0.05017, 0.03171, 7.58%
Time spent: 12.02s
- Epoch 181, ExpID 39238
Train - Loss (one batch): 0.00234
Val - Loss, MSE, RMSE, MAE, MAPE: 0.00276, 0.00276, 0.05100, 0.03188, 259094.37%
Test - Best epoch, Loss, MSE, RMSE, MAE, MAPE: 174, 0.00268, 0.00268, 0.05017, 0.03171, 7.58%
Time spent: 11.94s
- Epoch 182, ExpID 39238
Train - Loss (one batch): 0.00248
Val - Loss, MSE, RMSE, MAE, MAPE: 0.00271, 0.00271, 0.05055, 0.03103, 247870.02%
Test - Best epoch, Loss, MSE, RMSE, MAE, MAPE: 182, 0.00264, 0.00264, 0.04987, 0.03139, 7.47%
Time spent: 13.26s
- Epoch 183, ExpID 39238
Train - Loss (one batch): 0.00205
Val - Loss, MSE, RMSE, MAE, MAPE: 0.00273, 0.00273, 0.05078, 0.03157, 252128.16%
Test - Best epoch, Loss, MSE, RMSE, MAE, MAPE: 182, 0.00264, 0.00264, 0.04987, 0.03139, 7.47%
Time spent: 11.88s
- Epoch 184, ExpID 39238
Train - Loss (one batch): 0.00203
Val - Loss, MSE, RMSE, MAE, MAPE: 0.00284, 0.00284, 0.05186, 0.03336, 257038.12%
Test - Best epoch, Loss, MSE, RMSE, MAE, MAPE: 182, 0.00264, 0.00264, 0.04987, 0.03139, 7.47%
Time spent: 11.96s
- Epoch 185, ExpID 39238
Train - Loss (one batch): 0.00220
Val - Loss, MSE, RMSE, MAE, MAPE: 0.00271, 0.00271, 0.05061, 0.03102, 246219.00%
Test - Best epoch, Loss, MSE, RMSE, MAE, MAPE: 182, 0.00264, 0.00264, 0.04987, 0.03139, 7.47%
Time spent: 11.89s
- Epoch 186, ExpID 39238
Train - Loss (one batch): 0.00286
Val - Loss, MSE, RMSE, MAE, MAPE: 0.00271, 0.00271, 0.05057, 0.03139, 246618.88%
Test - Best epoch, Loss, MSE, RMSE, MAE, MAPE: 186, 0.00266, 0.00266, 0.04999, 0.03165, 7.52%
Time spent: 13.27s
- Epoch 187, ExpID 39238
Train - Loss (one batch): 0.00256
Val - Loss, MSE, RMSE, MAE, MAPE: 0.00271, 0.00271, 0.05063, 0.03117, 251117.38%
Test - Best epoch, Loss, MSE, RMSE, MAE, MAPE: 186, 0.00266, 0.00266, 0.04999, 0.03165, 7.52%
Time spent: 11.93s
- Epoch 188, ExpID 39238
Train - Loss (one batch): 0.00135
Val - Loss, MSE, RMSE, MAE, MAPE: 0.00280, 0.00280, 0.05154, 0.03280, 250715.36%
Test - Best epoch, Loss, MSE, RMSE, MAE, MAPE: 186, 0.00266, 0.00266, 0.04999, 0.03165, 7.52%
Time spent: 11.90s
- Epoch 189, ExpID 39238
Train - Loss (one batch): 0.00254
Val - Loss, MSE, RMSE, MAE, MAPE: 0.00270, 0.00270, 0.05052, 0.03097, 251108.50%
Test - Best epoch, Loss, MSE, RMSE, MAE, MAPE: 189, 0.00265, 0.00265, 0.04989, 0.03127, 7.45%
Time spent: 13.26s
- Epoch 190, ExpID 39238
Train - Loss (one batch): 0.00290
Val - Loss, MSE, RMSE, MAE, MAPE: 0.00273, 0.00273, 0.05086, 0.03184, 250324.72%
Test - Best epoch, Loss, MSE, RMSE, MAE, MAPE: 189, 0.00265, 0.00265, 0.04989, 0.03127, 7.45%
Time spent: 11.89s
- Epoch 191, ExpID 39238
Train - Loss (one batch): 0.00180
Val - Loss, MSE, RMSE, MAE, MAPE: 0.00272, 0.00272, 0.05066, 0.03174, 250284.01%
Test - Best epoch, Loss, MSE, RMSE, MAE, MAPE: 189, 0.00265, 0.00265, 0.04989, 0.03127, 7.45%
Time spent: 11.90s
- Epoch 192, ExpID 39238
Train - Loss (one batch): 0.00265
Val - Loss, MSE, RMSE, MAE, MAPE: 0.00270, 0.00270, 0.05050, 0.03133, 249460.45%
Test - Best epoch, Loss, MSE, RMSE, MAE, MAPE: 192, 0.00265, 0.00265, 0.04991, 0.03154, 7.53%
Time spent: 13.31s
- Epoch 193, ExpID 39238
Train - Loss (one batch): 0.00265
Val - Loss, MSE, RMSE, MAE, MAPE: 0.00279, 0.00279, 0.05137, 0.03237, 250653.24%
Test - Best epoch, Loss, MSE, RMSE, MAE, MAPE: 192, 0.00265, 0.00265, 0.04991, 0.03154, 7.53%
Time spent: 11.92s
- Epoch 194, ExpID 39238
Train - Loss (one batch): 0.00220
Val - Loss, MSE, RMSE, MAE, MAPE: 0.00267, 0.00267, 0.05026, 0.03099, 251274.24%
Test - Best epoch, Loss, MSE, RMSE, MAE, MAPE: 194, 0.00263, 0.00263, 0.04972, 0.03130, 7.51%
Time spent: 13.31s
- Epoch 195, ExpID 39238
Train - Loss (one batch): 0.00199
Val - Loss, MSE, RMSE, MAE, MAPE: 0.00270, 0.00270, 0.05047, 0.03112, 248436.62%
Test - Best epoch, Loss, MSE, RMSE, MAE, MAPE: 194, 0.00263, 0.00263, 0.04972, 0.03130, 7.51%
Time spent: 12.00s
- Epoch 196, ExpID 39238
Train - Loss (one batch): 0.00199
Val - Loss, MSE, RMSE, MAE, MAPE: 0.00273, 0.00273, 0.05082, 0.03154, 243872.49%
Test - Best epoch, Loss, MSE, RMSE, MAE, MAPE: 194, 0.00263, 0.00263, 0.04972, 0.03130, 7.51%
Time spent: 11.88s
- Epoch 197, ExpID 39238
Train - Loss (one batch): 0.00280
Val - Loss, MSE, RMSE, MAE, MAPE: 0.00272, 0.00272, 0.05064, 0.03123, 247290.98%
Test - Best epoch, Loss, MSE, RMSE, MAE, MAPE: 194, 0.00263, 0.00263, 0.04972, 0.03130, 7.51%
Time spent: 11.88s
- Epoch 198, ExpID 39238
Train - Loss (one batch): 0.00260
Val - Loss, MSE, RMSE, MAE, MAPE: 0.00272, 0.00272, 0.05073, 0.03146, 251651.76%
Test - Best epoch, Loss, MSE, RMSE, MAE, MAPE: 194, 0.00263, 0.00263, 0.04972, 0.03130, 7.51%
Time spent: 11.93s
- Epoch 199, ExpID 39238
Train - Loss (one batch): 0.00213
Val - Loss, MSE, RMSE, MAE, MAPE: 0.00273, 0.00273, 0.05076, 0.03152, 247016.75%
Test - Best epoch, Loss, MSE, RMSE, MAE, MAPE: 194, 0.00263, 0.00263, 0.04972, 0.03130, 7.51%
Time spent: 11.89s
- Epoch 200, ExpID 39238
Train - Loss (one batch): 0.00227
Val - Loss, MSE, RMSE, MAE, MAPE: 0.00270, 0.00270, 0.05051, 0.03108, 246916.77%
Test - Best epoch, Loss, MSE, RMSE, MAE, MAPE: 194, 0.00263, 0.00263, 0.04972, 0.03130, 7.51%
Time spent: 11.84s
- Epoch 201, ExpID 39238
Train - Loss (one batch): 0.00175
Val - Loss, MSE, RMSE, MAE, MAPE: 0.00269, 0.00269, 0.05039, 0.03091, 247163.37%
Test - Best epoch, Loss, MSE, RMSE, MAE, MAPE: 194, 0.00263, 0.00263, 0.04972, 0.03130, 7.51%
Time spent: 12.00s
- Epoch 202, ExpID 39238
Train - Loss (one batch): 0.00200
Val - Loss, MSE, RMSE, MAE, MAPE: 0.00270, 0.00270, 0.05051, 0.03105, 247246.37%
Test - Best epoch, Loss, MSE, RMSE, MAE, MAPE: 194, 0.00263, 0.00263, 0.04972, 0.03130, 7.51%
Time spent: 11.87s
- Epoch 203, ExpID 39238
Train - Loss (one batch): 0.00251
Val - Loss, MSE, RMSE, MAE, MAPE: 0.00268, 0.00268, 0.05033, 0.03099, 247650.67%
Test - Best epoch, Loss, MSE, RMSE, MAE, MAPE: 194, 0.00263, 0.00263, 0.04972, 0.03130, 7.51%
Time spent: 11.91s
- Epoch 204, ExpID 39238
Train - Loss (one batch): 0.00240
Val - Loss, MSE, RMSE, MAE, MAPE: 0.00271, 0.00271, 0.05060, 0.03117, 248692.66%
Test - Best epoch, Loss, MSE, RMSE, MAE, MAPE: 194, 0.00263, 0.00263, 0.04972, 0.03130, 7.51%
Time spent: 12.00s
- Epoch 205, ExpID 39238
Train - Loss (one batch): 0.00260
Val - Loss, MSE, RMSE, MAE, MAPE: 0.00272, 0.00272, 0.05067, 0.03149, 248565.55%
Test - Best epoch, Loss, MSE, RMSE, MAE, MAPE: 194, 0.00263, 0.00263, 0.04972, 0.03130, 7.51%
Time spent: 12.02s
- Epoch 206, ExpID 39238
Train - Loss (one batch): 0.00208
Val - Loss, MSE, RMSE, MAE, MAPE: 0.00268, 0.00268, 0.05026, 0.03089, 249390.51%
Test - Best epoch, Loss, MSE, RMSE, MAE, MAPE: 194, 0.00263, 0.00263, 0.04972, 0.03130, 7.51%
Time spent: 11.89s
- Epoch 207, ExpID 39238
Train - Loss (one batch): 0.00267
Val - Loss, MSE, RMSE, MAE, MAPE: 0.00269, 0.00269, 0.05042, 0.03109, 246305.65%
Test - Best epoch, Loss, MSE, RMSE, MAE, MAPE: 194, 0.00263, 0.00263, 0.04972, 0.03130, 7.51%
Time spent: 11.90s
- Epoch 208, ExpID 39238
Train - Loss (one batch): 0.00187
Val - Loss, MSE, RMSE, MAE, MAPE: 0.00268, 0.00268, 0.05033, 0.03105, 251506.75%
Test - Best epoch, Loss, MSE, RMSE, MAE, MAPE: 194, 0.00263, 0.00263, 0.04972, 0.03130, 7.51%
Time spent: 11.90s
- Epoch 209, ExpID 39238
Train - Loss (one batch): 0.00211
Val - Loss, MSE, RMSE, MAE, MAPE: 0.00269, 0.00269, 0.05040, 0.03097, 250266.79%
Test - Best epoch, Loss, MSE, RMSE, MAE, MAPE: 194, 0.00263, 0.00263, 0.04972, 0.03130, 7.51%
Time spent: 11.91s
- Epoch 210, ExpID 39238
Train - Loss (one batch): 0.00186
Val - Loss, MSE, RMSE, MAE, MAPE: 0.00272, 0.00272, 0.05071, 0.03158, 246545.60%
Test - Best epoch, Loss, MSE, RMSE, MAE, MAPE: 194, 0.00263, 0.00263, 0.04972, 0.03130, 7.51%
Time spent: 11.89s
- Epoch 211, ExpID 39238
Train - Loss (one batch): 0.00246
Val - Loss, MSE, RMSE, MAE, MAPE: 0.00269, 0.00269, 0.05039, 0.03116, 251492.69%
Test - Best epoch, Loss, MSE, RMSE, MAE, MAPE: 194, 0.00263, 0.00263, 0.04972, 0.03130, 7.51%
Time spent: 11.99s
- Epoch 212, ExpID 39238
Train - Loss (one batch): 0.00224
Val - Loss, MSE, RMSE, MAE, MAPE: 0.00269, 0.00269, 0.05037, 0.03088, 253523.53%
Test - Best epoch, Loss, MSE, RMSE, MAE, MAPE: 194, 0.00263, 0.00263, 0.04972, 0.03130, 7.51%
Time spent: 11.94s
- Epoch 213, ExpID 39238
Train - Loss (one batch): 0.00276
Val - Loss, MSE, RMSE, MAE, MAPE: 0.00272, 0.00272, 0.05075, 0.03133, 247651.22%
Test - Best epoch, Loss, MSE, RMSE, MAE, MAPE: 194, 0.00263, 0.00263, 0.04972, 0.03130, 7.51%
Time spent: 11.94s
- Epoch 214, ExpID 39238
Train - Loss (one batch): 0.00357
Val - Loss, MSE, RMSE, MAE, MAPE: 0.00272, 0.00272, 0.05070, 0.03161, 249989.54%
Test - Best epoch, Loss, MSE, RMSE, MAE, MAPE: 194, 0.00263, 0.00263, 0.04972, 0.03130, 7.51%
Time spent: 11.85s
- Epoch 215, ExpID 39238
Train - Loss (one batch): 0.00243
Val - Loss, MSE, RMSE, MAE, MAPE: 0.00272, 0.00272, 0.05076, 0.03165, 249291.31%
Test - Best epoch, Loss, MSE, RMSE, MAE, MAPE: 194, 0.00263, 0.00263, 0.04972, 0.03130, 7.51%
Time spent: 11.89s
- Epoch 216, ExpID 39238
Train - Loss (one batch): 0.00250
Val - Loss, MSE, RMSE, MAE, MAPE: 0.00271, 0.00271, 0.05054, 0.03126, 248696.15%
Test - Best epoch, Loss, MSE, RMSE, MAE, MAPE: 194, 0.00263, 0.00263, 0.04972, 0.03130, 7.51%
Time spent: 11.92s
- Epoch 217, ExpID 39238
Train - Loss (one batch): 0.00243
Val - Loss, MSE, RMSE, MAE, MAPE: 0.00268, 0.00268, 0.05033, 0.03104, 247773.31%
Test - Best epoch, Loss, MSE, RMSE, MAE, MAPE: 194, 0.00263, 0.00263, 0.04972, 0.03130, 7.51%
Time spent: 11.88s
- Epoch 218, ExpID 39238
Train - Loss (one batch): 0.00241
Val - Loss, MSE, RMSE, MAE, MAPE: 0.00271, 0.00271, 0.05065, 0.03163, 248267.58%
Test - Best epoch, Loss, MSE, RMSE, MAE, MAPE: 194, 0.00263, 0.00263, 0.04972, 0.03130, 7.51%
Time spent: 11.90s
- Epoch 219, ExpID 39238
Train - Loss (one batch): 0.00184
Val - Loss, MSE, RMSE, MAE, MAPE: 0.00272, 0.00272, 0.05071, 0.03152, 248549.64%
Test - Best epoch, Loss, MSE, RMSE, MAE, MAPE: 194, 0.00263, 0.00263, 0.04972, 0.03130, 7.51%
Time spent: 11.92s
- Epoch 220, ExpID 39238
Train - Loss (one batch): 0.00170
Val - Loss, MSE, RMSE, MAE, MAPE: 0.00268, 0.00268, 0.05030, 0.03106, 249160.19%
Test - Best epoch, Loss, MSE, RMSE, MAE, MAPE: 194, 0.00263, 0.00263, 0.04972, 0.03130, 7.51%
Time spent: 11.88s
- Epoch 221, ExpID 39238
Train - Loss (one batch): 0.00226
Val - Loss, MSE, RMSE, MAE, MAPE: 0.00275, 0.00275, 0.05098, 0.03209, 251775.11%
Test - Best epoch, Loss, MSE, RMSE, MAE, MAPE: 194, 0.00263, 0.00263, 0.04972, 0.03130, 7.51%
Time spent: 11.90s
- Epoch 222, ExpID 39238
Train - Loss (one batch): 0.00217
Val - Loss, MSE, RMSE, MAE, MAPE: 0.00270, 0.00270, 0.05050, 0.03127, 249315.39%
Test - Best epoch, Loss, MSE, RMSE, MAE, MAPE: 194, 0.00263, 0.00263, 0.04972, 0.03130, 7.51%
Time spent: 11.52s
- Epoch 223, ExpID 39238
Train - Loss (one batch): 0.00225
Val - Loss, MSE, RMSE, MAE, MAPE: 0.00270, 0.00270, 0.05045, 0.03126, 250225.76%
Test - Best epoch, Loss, MSE, RMSE, MAE, MAPE: 194, 0.00263, 0.00263, 0.04972, 0.03130, 7.51%
Time spent: 11.74s
- Epoch 224, ExpID 39238
Train - Loss (one batch): 0.00188
Val - Loss, MSE, RMSE, MAE, MAPE: 0.00268, 0.00268, 0.05028, 0.03086, 251178.24%
Test - Best epoch, Loss, MSE, RMSE, MAE, MAPE: 194, 0.00263, 0.00263, 0.04972, 0.03130, 7.51%
Time spent: 11.93s
- Epoch 225, ExpID 39238
Train - Loss (one batch): 0.00150
Val - Loss, MSE, RMSE, MAE, MAPE: 0.00270, 0.00270, 0.05047, 0.03106, 246236.84%
Test - Best epoch, Loss, MSE, RMSE, MAE, MAPE: 194, 0.00263, 0.00263, 0.04972, 0.03130, 7.51%
Time spent: 11.90s
- Epoch 226, ExpID 39238
Train - Loss (one batch): 0.00225
Val - Loss, MSE, RMSE, MAE, MAPE: 0.00274, 0.00274, 0.05084, 0.03157, 251907.25%
Test - Best epoch, Loss, MSE, RMSE, MAE, MAPE: 194, 0.00263, 0.00263, 0.04972, 0.03130, 7.51%
Time spent: 11.91s
- Epoch 227, ExpID 39238
Train - Loss (one batch): 0.00241
Val - Loss, MSE, RMSE, MAE, MAPE: 0.00270, 0.00270, 0.05052, 0.03108, 246721.58%
Test - Best epoch, Loss, MSE, RMSE, MAE, MAPE: 194, 0.00263, 0.00263, 0.04972, 0.03130, 7.51%
Time spent: 11.93s
- Epoch 228, ExpID 39238
Train - Loss (one batch): 0.00158
Val - Loss, MSE, RMSE, MAE, MAPE: 0.00268, 0.00268, 0.05032, 0.03093, 253191.55%
Test - Best epoch, Loss, MSE, RMSE, MAE, MAPE: 194, 0.00263, 0.00263, 0.04972, 0.03130, 7.51%
Time spent: 11.95s
- Epoch 229, ExpID 39238
Train - Loss (one batch): 0.00260
Val - Loss, MSE, RMSE, MAE, MAPE: 0.00269, 0.00269, 0.05040, 0.03099, 251132.91%
Test - Best epoch, Loss, MSE, RMSE, MAE, MAPE: 194, 0.00263, 0.00263, 0.04972, 0.03130, 7.51%
Time spent: 11.92s
- Epoch 230, ExpID 39238
Train - Loss (one batch): 0.00257
Val - Loss, MSE, RMSE, MAE, MAPE: 0.00273, 0.00273, 0.05072, 0.03137, 257089.08%
Test - Best epoch, Loss, MSE, RMSE, MAE, MAPE: 194, 0.00263, 0.00263, 0.04972, 0.03130, 7.51%
Time spent: 11.94s
- Epoch 231, ExpID 39238
Train - Loss (one batch): 0.00177
Val - Loss, MSE, RMSE, MAE, MAPE: 0.00270, 0.00270, 0.05050, 0.03111, 244652.88%
Test - Best epoch, Loss, MSE, RMSE, MAE, MAPE: 194, 0.00263, 0.00263, 0.04972, 0.03130, 7.51%
Time spent: 11.92s
- Epoch 232, ExpID 39238
Train - Loss (one batch): 0.00184
Val - Loss, MSE, RMSE, MAE, MAPE: 0.00269, 0.00269, 0.05035, 0.03099, 252715.90%
Test - Best epoch, Loss, MSE, RMSE, MAE, MAPE: 194, 0.00263, 0.00263, 0.04972, 0.03130, 7.51%
Time spent: 12.00s
- Epoch 233, ExpID 39238
Train - Loss (one batch): 0.00206
Val - Loss, MSE, RMSE, MAE, MAPE: 0.00270, 0.00270, 0.05042, 0.03100, 247448.65%
Test - Best epoch, Loss, MSE, RMSE, MAE, MAPE: 194, 0.00263, 0.00263, 0.04972, 0.03130, 7.51%
Time spent: 11.98s
- Epoch 234, ExpID 39238
Train - Loss (one batch): 0.00189
Val - Loss, MSE, RMSE, MAE, MAPE: 0.00268, 0.00268, 0.05031, 0.03103, 248972.43%
Test - Best epoch, Loss, MSE, RMSE, MAE, MAPE: 194, 0.00263, 0.00263, 0.04972, 0.03130, 7.51%
Time spent: 11.91s
- Epoch 235, ExpID 39238
Train - Loss (one batch): 0.00166
Val - Loss, MSE, RMSE, MAE, MAPE: 0.00269, 0.00269, 0.05035, 0.03096, 251934.58%
Test - Best epoch, Loss, MSE, RMSE, MAE, MAPE: 194, 0.00263, 0.00263, 0.04972, 0.03130, 7.51%
Time spent: 11.92s
- Epoch 236, ExpID 39238
Train - Loss (one batch): 0.00244
Val - Loss, MSE, RMSE, MAE, MAPE: 0.00269, 0.00269, 0.05035, 0.03092, 246002.71%
Test - Best epoch, Loss, MSE, RMSE, MAE, MAPE: 194, 0.00263, 0.00263, 0.04972, 0.03130, 7.51%
Time spent: 11.88s
- Epoch 237, ExpID 39238
Train - Loss (one batch): 0.00288
Val - Loss, MSE, RMSE, MAE, MAPE: 0.00268, 0.00268, 0.05024, 0.03076, 247841.63%
Test - Best epoch, Loss, MSE, RMSE, MAE, MAPE: 194, 0.00263, 0.00263, 0.04972, 0.03130, 7.51%
Time spent: 11.93s
- Epoch 238, ExpID 39238
Train - Loss (one batch): 0.00230
Val - Loss, MSE, RMSE, MAE, MAPE: 0.00268, 0.00268, 0.05031, 0.03108, 253427.59%
Test - Best epoch, Loss, MSE, RMSE, MAE, MAPE: 194, 0.00263, 0.00263, 0.04972, 0.03130, 7.51%
Time spent: 11.96s
- Epoch 239, ExpID 39238
Train - Loss (one batch): 0.00179
Val - Loss, MSE, RMSE, MAE, MAPE: 0.00271, 0.00271, 0.05061, 0.03139, 251514.01%
Test - Best epoch, Loss, MSE, RMSE, MAE, MAPE: 194, 0.00263, 0.00263, 0.04972, 0.03130, 7.51%
Time spent: 11.94s
- Epoch 240, ExpID 39238
Train - Loss (one batch): 0.00283
Val - Loss, MSE, RMSE, MAE, MAPE: 0.00272, 0.00272, 0.05071, 0.03154, 246197.97%
Test - Best epoch, Loss, MSE, RMSE, MAE, MAPE: 194, 0.00263, 0.00263, 0.04972, 0.03130, 7.51%
Time spent: 11.90s
- Epoch 241, ExpID 39238
Train - Loss (one batch): 0.00199
Val - Loss, MSE, RMSE, MAE, MAPE: 0.00268, 0.00268, 0.05026, 0.03074, 254391.27%
Test - Best epoch, Loss, MSE, RMSE, MAE, MAPE: 194, 0.00263, 0.00263, 0.04972, 0.03130, 7.51%
Time spent: 11.99s
- Epoch 242, ExpID 39238
Train - Loss (one batch): 0.00224
Val - Loss, MSE, RMSE, MAE, MAPE: 0.00268, 0.00268, 0.05031, 0.03104, 251748.11%
Test - Best epoch, Loss, MSE, RMSE, MAE, MAPE: 194, 0.00263, 0.00263, 0.04972, 0.03130, 7.51%
Time spent: 11.98s
- Epoch 243, ExpID 39238
Train - Loss (one batch): 0.00221
Val - Loss, MSE, RMSE, MAE, MAPE: 0.00268, 0.00268, 0.05028, 0.03089, 253371.97%
Test - Best epoch, Loss, MSE, RMSE, MAE, MAPE: 194, 0.00263, 0.00263, 0.04972, 0.03130, 7.51%
Time spent: 11.91s
- Epoch 244, ExpID 39238
Train - Loss (one batch): 0.00242
Val - Loss, MSE, RMSE, MAE, MAPE: 0.00269, 0.00269, 0.05043, 0.03115, 249289.13%
Test - Best epoch, Loss, MSE, RMSE, MAE, MAPE: 194, 0.00263, 0.00263, 0.04972, 0.03130, 7.51%
Time spent: 11.90s
- Epoch 245, ExpID 39238
Train - Loss (one batch): 0.00263
Val - Loss, MSE, RMSE, MAE, MAPE: 0.00269, 0.00269, 0.05039, 0.03106, 248686.13%
Test - Best epoch, Loss, MSE, RMSE, MAE, MAPE: 194, 0.00263, 0.00263, 0.04972, 0.03130, 7.51%
Time spent: 11.91s
- Epoch 246, ExpID 39238
Train - Loss (one batch): 0.00253
Val - Loss, MSE, RMSE, MAE, MAPE: 0.00269, 0.00269, 0.05038, 0.03112, 246206.99%
Test - Best epoch, Loss, MSE, RMSE, MAE, MAPE: 194, 0.00263, 0.00263, 0.04972, 0.03130, 7.51%
Time spent: 11.88s
- Epoch 247, ExpID 39238
Train - Loss (one batch): 0.00258
Val - Loss, MSE, RMSE, MAE, MAPE: 0.00270, 0.00270, 0.05050, 0.03136, 254945.68%
Test - Best epoch, Loss, MSE, RMSE, MAE, MAPE: 194, 0.00263, 0.00263, 0.04972, 0.03130, 7.51%
Time spent: 11.90s
- Epoch 248, ExpID 39238
Train - Loss (one batch): 0.00312
Val - Loss, MSE, RMSE, MAE, MAPE: 0.00268, 0.00268, 0.05029, 0.03131, 252415.02%
Test - Best epoch, Loss, MSE, RMSE, MAE, MAPE: 194, 0.00263, 0.00263, 0.04972, 0.03130, 7.51%
Time spent: 11.89s
- Epoch 249, ExpID 39238
Train - Loss (one batch): 0.00255
Val - Loss, MSE, RMSE, MAE, MAPE: 0.00266, 0.00266, 0.05007, 0.03070, 246598.39%
Test - Best epoch, Loss, MSE, RMSE, MAE, MAPE: 249, 0.00261, 0.00261, 0.04947, 0.03092, 7.32%
Time spent: 13.35s
- Epoch 250, ExpID 39238
Train - Loss (one batch): 0.00216
Val - Loss, MSE, RMSE, MAE, MAPE: 0.00268, 0.00268, 0.05031, 0.03117, 248193.87%
Test - Best epoch, Loss, MSE, RMSE, MAE, MAPE: 249, 0.00261, 0.00261, 0.04947, 0.03092, 7.32%
Time spent: 11.90s
- Epoch 251, ExpID 39238
Train - Loss (one batch): 0.00205
Val - Loss, MSE, RMSE, MAE, MAPE: 0.00271, 0.00271, 0.05060, 0.03164, 252959.72%
Test - Best epoch, Loss, MSE, RMSE, MAE, MAPE: 249, 0.00261, 0.00261, 0.04947, 0.03092, 7.32%
Time spent: 11.91s
- Epoch 252, ExpID 39238
Train - Loss (one batch): 0.00295
Val - Loss, MSE, RMSE, MAE, MAPE: 0.00268, 0.00268, 0.05034, 0.03091, 250919.57%
Test - Best epoch, Loss, MSE, RMSE, MAE, MAPE: 249, 0.00261, 0.00261, 0.04947, 0.03092, 7.32%
Time spent: 11.92s
- Epoch 253, ExpID 39238
Train - Loss (one batch): 0.00190
Val - Loss, MSE, RMSE, MAE, MAPE: 0.00268, 0.00268, 0.05032, 0.03102, 251430.59%
Test - Best epoch, Loss, MSE, RMSE, MAE, MAPE: 249, 0.00261, 0.00261, 0.04947, 0.03092, 7.32%
Time spent: 11.92s
- Epoch 254, ExpID 39238
Train - Loss (one batch): 0.00186
Val - Loss, MSE, RMSE, MAE, MAPE: 0.00268, 0.00268, 0.05033, 0.03105, 248795.31%
Test - Best epoch, Loss, MSE, RMSE, MAE, MAPE: 249, 0.00261, 0.00261, 0.04947, 0.03092, 7.32%
Time spent: 11.90s
- Epoch 255, ExpID 39238
Train - Loss (one batch): 0.00252
Val - Loss, MSE, RMSE, MAE, MAPE: 0.00269, 0.00269, 0.05043, 0.03107, 256377.98%
Test - Best epoch, Loss, MSE, RMSE, MAE, MAPE: 249, 0.00261, 0.00261, 0.04947, 0.03092, 7.32%
Time spent: 11.71s
- Epoch 256, ExpID 39238
Train - Loss (one batch): 0.00271
Val - Loss, MSE, RMSE, MAE, MAPE: 0.00268, 0.00268, 0.05034, 0.03124, 246114.84%
Test - Best epoch, Loss, MSE, RMSE, MAE, MAPE: 249, 0.00261, 0.00261, 0.04947, 0.03092, 7.32%
Time spent: 11.78s
- Epoch 257, ExpID 39238
Train - Loss (one batch): 0.00149
Val - Loss, MSE, RMSE, MAE, MAPE: 0.00268, 0.00268, 0.05032, 0.03091, 251168.82%
Test - Best epoch, Loss, MSE, RMSE, MAE, MAPE: 249, 0.00261, 0.00261, 0.04947, 0.03092, 7.32%
Time spent: 11.94s
- Epoch 258, ExpID 39238
Train - Loss (one batch): 0.00221
Val - Loss, MSE, RMSE, MAE, MAPE: 0.00270, 0.00270, 0.05047, 0.03108, 252750.61%
Test - Best epoch, Loss, MSE, RMSE, MAE, MAPE: 249, 0.00261, 0.00261, 0.04947, 0.03092, 7.32%
Time spent: 11.80s
- Epoch 259, ExpID 39238
Train - Loss (one batch): 0.00242
Val - Loss, MSE, RMSE, MAE, MAPE: 0.00268, 0.00268, 0.05025, 0.03097, 249659.41%
Test - Best epoch, Loss, MSE, RMSE, MAE, MAPE: 249, 0.00261, 0.00261, 0.04947, 0.03092, 7.32%
Time spent: 11.91s
- Epoch 260, ExpID 39238
Train - Loss (one batch): 0.00258
Val - Loss, MSE, RMSE, MAE, MAPE: 0.00271, 0.00271, 0.05053, 0.03136, 252617.27%
Test - Best epoch, Loss, MSE, RMSE, MAE, MAPE: 249, 0.00261, 0.00261, 0.04947, 0.03092, 7.32%
Time spent: 11.96s
- Epoch 261, ExpID 39238
Train - Loss (one batch): 0.00264
Val - Loss, MSE, RMSE, MAE, MAPE: 0.00269, 0.00269, 0.05040, 0.03137, 248764.96%
Test - Best epoch, Loss, MSE, RMSE, MAE, MAPE: 249, 0.00261, 0.00261, 0.04947, 0.03092, 7.32%
Time spent: 11.89s
- Epoch 262, ExpID 39238
Train - Loss (one batch): 0.00335
Val - Loss, MSE, RMSE, MAE, MAPE: 0.00266, 0.00266, 0.05009, 0.03073, 249403.25%
Test - Best epoch, Loss, MSE, RMSE, MAE, MAPE: 249, 0.00261, 0.00261, 0.04947, 0.03092, 7.32%
Time spent: 11.91s
- Epoch 263, ExpID 39238
Train - Loss (one batch): 0.00261
Val - Loss, MSE, RMSE, MAE, MAPE: 0.00267, 0.00267, 0.05024, 0.03104, 250005.04%
Test - Best epoch, Loss, MSE, RMSE, MAE, MAPE: 249, 0.00261, 0.00261, 0.04947, 0.03092, 7.32%
Time spent: 11.95s
- Epoch 264, ExpID 39238
Train - Loss (one batch): 0.00337
Val - Loss, MSE, RMSE, MAE, MAPE: 0.00270, 0.00270, 0.05051, 0.03145, 252899.54%
Test - Best epoch, Loss, MSE, RMSE, MAE, MAPE: 249, 0.00261, 0.00261, 0.04947, 0.03092, 7.32%
Time spent: 11.89s
- Epoch 265, ExpID 39238
Train - Loss (one batch): 0.00260
Val - Loss, MSE, RMSE, MAE, MAPE: 0.00270, 0.00270, 0.05049, 0.03097, 245121.58%
Test - Best epoch, Loss, MSE, RMSE, MAE, MAPE: 249, 0.00261, 0.00261, 0.04947, 0.03092, 7.32%
Time spent: 11.91s
- Epoch 266, ExpID 39238
Train - Loss (one batch): 0.00226
Val - Loss, MSE, RMSE, MAE, MAPE: 0.00267, 0.00267, 0.05022, 0.03089, 255204.29%
Test - Best epoch, Loss, MSE, RMSE, MAE, MAPE: 249, 0.00261, 0.00261, 0.04947, 0.03092, 7.32%
Time spent: 11.93s
- Epoch 267, ExpID 39238
Train - Loss (one batch): 0.00496
Val - Loss, MSE, RMSE, MAE, MAPE: 0.00268, 0.00268, 0.05031, 0.03110, 251712.11%
Test - Best epoch, Loss, MSE, RMSE, MAE, MAPE: 249, 0.00261, 0.00261, 0.04947, 0.03092, 7.32%
Time spent: 11.96s
- Epoch 268, ExpID 39238
Train - Loss (one batch): 0.00208
Val - Loss, MSE, RMSE, MAE, MAPE: 0.00270, 0.00270, 0.05048, 0.03131, 248330.30%
Test - Best epoch, Loss, MSE, RMSE, MAE, MAPE: 249, 0.00261, 0.00261, 0.04947, 0.03092, 7.32%
Time spent: 11.90s
- Epoch 269, ExpID 39238
Train - Loss (one batch): 0.00294
Val - Loss, MSE, RMSE, MAE, MAPE: 0.00267, 0.00267, 0.05021, 0.03100, 244784.94%
Test - Best epoch, Loss, MSE, RMSE, MAE, MAPE: 249, 0.00261, 0.00261, 0.04947, 0.03092, 7.32%
Time spent: 11.97s
- Epoch 270, ExpID 39238
Train - Loss (one batch): 0.00185
Val - Loss, MSE, RMSE, MAE, MAPE: 0.00267, 0.00267, 0.05013, 0.03074, 248441.78%
Test - Best epoch, Loss, MSE, RMSE, MAE, MAPE: 249, 0.00261, 0.00261, 0.04947, 0.03092, 7.32%
Time spent: 11.87s
- Epoch 271, ExpID 39238
Train - Loss (one batch): 0.00179
Val - Loss, MSE, RMSE, MAE, MAPE: 0.00268, 0.00268, 0.05031, 0.03098, 248978.01%
Test - Best epoch, Loss, MSE, RMSE, MAE, MAPE: 249, 0.00261, 0.00261, 0.04947, 0.03092, 7.32%
Time spent: 11.85s
- Epoch 272, ExpID 39238
Train - Loss (one batch): 0.00267
Val - Loss, MSE, RMSE, MAE, MAPE: 0.00267, 0.00267, 0.05023, 0.03095, 250958.87%
Test - Best epoch, Loss, MSE, RMSE, MAE, MAPE: 249, 0.00261, 0.00261, 0.04947, 0.03092, 7.32%
Time spent: 11.93s
- Epoch 273, ExpID 39238
Train - Loss (one batch): 0.00219
Val - Loss, MSE, RMSE, MAE, MAPE: 0.00268, 0.00268, 0.05036, 0.03142, 254639.87%
Test - Best epoch, Loss, MSE, RMSE, MAE, MAPE: 249, 0.00261, 0.00261, 0.04947, 0.03092, 7.32%
Time spent: 11.90s
- Epoch 274, ExpID 39238
Train - Loss (one batch): 0.00263
Val - Loss, MSE, RMSE, MAE, MAPE: 0.00267, 0.00267, 0.05023, 0.03098, 254395.94%
Test - Best epoch, Loss, MSE, RMSE, MAE, MAPE: 249, 0.00261, 0.00261, 0.04947, 0.03092, 7.32%
Time spent: 11.93s
- Epoch 275, ExpID 39238
Train - Loss (one batch): 0.00175
Val - Loss, MSE, RMSE, MAE, MAPE: 0.00269, 0.00269, 0.05039, 0.03117, 253086.89%
Test - Best epoch, Loss, MSE, RMSE, MAE, MAPE: 249, 0.00261, 0.00261, 0.04947, 0.03092, 7.32%
Time spent: 11.91s
- Epoch 276, ExpID 39238
Train - Loss (one batch): 0.00267
Val - Loss, MSE, RMSE, MAE, MAPE: 0.00267, 0.00267, 0.05021, 0.03079, 253693.37%
Test - Best epoch, Loss, MSE, RMSE, MAE, MAPE: 249, 0.00261, 0.00261, 0.04947, 0.03092, 7.32%
Time spent: 11.83s
- Epoch 277, ExpID 39238
Train - Loss (one batch): 0.00168
Val - Loss, MSE, RMSE, MAE, MAPE: 0.00268, 0.00268, 0.05023, 0.03096, 254181.70%
Test - Best epoch, Loss, MSE, RMSE, MAE, MAPE: 249, 0.00261, 0.00261, 0.04947, 0.03092, 7.32%
Time spent: 11.91s
- Epoch 278, ExpID 39238
Train - Loss (one batch): 0.00199
Val - Loss, MSE, RMSE, MAE, MAPE: 0.00266, 0.00266, 0.05012, 0.03081, 252359.95%
Test - Best epoch, Loss, MSE, RMSE, MAE, MAPE: 249, 0.00261, 0.00261, 0.04947, 0.03092, 7.32%
Time spent: 11.94s
- Epoch 279, ExpID 39238
Train - Loss (one batch): 0.00246
Val - Loss, MSE, RMSE, MAE, MAPE: 0.00268, 0.00268, 0.05026, 0.03081, 251811.81%
Test - Best epoch, Loss, MSE, RMSE, MAE, MAPE: 249, 0.00261, 0.00261, 0.04947, 0.03092, 7.32%
Time spent: 11.83s
- Epoch 280, ExpID 39238
Train - Loss (one batch): 0.00260
Val - Loss, MSE, RMSE, MAE, MAPE: 0.00267, 0.00267, 0.05020, 0.03073, 249724.56%
Test - Best epoch, Loss, MSE, RMSE, MAE, MAPE: 249, 0.00261, 0.00261, 0.04947, 0.03092, 7.32%
Time spent: 11.92s
- Epoch 281, ExpID 39238
Train - Loss (one batch): 0.00161
Val - Loss, MSE, RMSE, MAE, MAPE: 0.00271, 0.00271, 0.05057, 0.03125, 249097.09%
Test - Best epoch, Loss, MSE, RMSE, MAE, MAPE: 249, 0.00261, 0.00261, 0.04947, 0.03092, 7.32%
Time spent: 11.97s
- Epoch 282, ExpID 39238
Train - Loss (one batch): 0.00220
Val - Loss, MSE, RMSE, MAE, MAPE: 0.00267, 0.00267, 0.05012, 0.03075, 243903.49%
Test - Best epoch, Loss, MSE, RMSE, MAE, MAPE: 249, 0.00261, 0.00261, 0.04947, 0.03092, 7.32%
Time spent: 11.92s
- Epoch 283, ExpID 39238
Train - Loss (one batch): 0.00188
Val - Loss, MSE, RMSE, MAE, MAPE: 0.00266, 0.00266, 0.05007, 0.03085, 251120.93%
Test - Best epoch, Loss, MSE, RMSE, MAE, MAPE: 283, 0.00260, 0.00260, 0.04935, 0.03096, 7.41%
Time spent: 13.26s
- Epoch 284, ExpID 39238
Train - Loss (one batch): 0.00259
Val - Loss, MSE, RMSE, MAE, MAPE: 0.00267, 0.00267, 0.05020, 0.03063, 248798.06%
Test - Best epoch, Loss, MSE, RMSE, MAE, MAPE: 283, 0.00260, 0.00260, 0.04935, 0.03096, 7.41%
Time spent: 11.93s
- Epoch 285, ExpID 39238
Train - Loss (one batch): 0.00210
Val - Loss, MSE, RMSE, MAE, MAPE: 0.00266, 0.00266, 0.05013, 0.03081, 253342.23%
Test - Best epoch, Loss, MSE, RMSE, MAE, MAPE: 283, 0.00260, 0.00260, 0.04935, 0.03096, 7.41%
Time spent: 11.91s
- Epoch 286, ExpID 39238
Train - Loss (one batch): 0.00364
Val - Loss, MSE, RMSE, MAE, MAPE: 0.00267, 0.00267, 0.05021, 0.03115, 254203.51%
Test - Best epoch, Loss, MSE, RMSE, MAE, MAPE: 283, 0.00260, 0.00260, 0.04935, 0.03096, 7.41%
Time spent: 11.92s
- Epoch 287, ExpID 39238
Train - Loss (one batch): 0.00228
Val - Loss, MSE, RMSE, MAE, MAPE: 0.00265, 0.00265, 0.05000, 0.03078, 252810.90%
Test - Best epoch, Loss, MSE, RMSE, MAE, MAPE: 287, 0.00259, 0.00259, 0.04933, 0.03095, 7.43%
Time spent: 13.31s
- Epoch 288, ExpID 39238
Train - Loss (one batch): 0.00182
Val - Loss, MSE, RMSE, MAE, MAPE: 0.00268, 0.00268, 0.05031, 0.03095, 249915.54%
Test - Best epoch, Loss, MSE, RMSE, MAE, MAPE: 287, 0.00259, 0.00259, 0.04933, 0.03095, 7.43%
Time spent: 11.93s
- Epoch 289, ExpID 39238
Train - Loss (one batch): 0.00200
Val - Loss, MSE, RMSE, MAE, MAPE: 0.00266, 0.00266, 0.05009, 0.03076, 248433.31%
Test - Best epoch, Loss, MSE, RMSE, MAE, MAPE: 287, 0.00259, 0.00259, 0.04933, 0.03095, 7.43%
Time spent: 11.87s
- Epoch 290, ExpID 39238
Train - Loss (one batch): 0.00241
Val - Loss, MSE, RMSE, MAE, MAPE: 0.00265, 0.00265, 0.04998, 0.03075, 248523.34%
Test - Best epoch, Loss, MSE, RMSE, MAE, MAPE: 290, 0.00260, 0.00260, 0.04940, 0.03099, 7.39%
Time spent: 13.28s
slurmstepd: error: *** JOB 276805 ON test-000 CANCELLED AT 2025-11-09T13:08:33 DUE TO TIME LIMIT ***
