/home/solgi/MSP-IMTS/tPatchGNN/run_models.py
2025-11-09 21:46:57
run_models.py --dataset physionet --history 24 --quantization 1.0 --hid_dim 32 --te_dim 10 --node_dim 10 --nlayer 1 --tf_layer 1 --nhead 1 --batch_size 16 --lr 1e-3 --patience 12 --epoch 600 --seed 1 --gpu 0 --multi_scales 2,8 --multi_strides 2,8 --fusion concat
Namespace(multi_scales='2,8', multi_strides='2,8', fusion='concat', state='def', n=100000000, hop=1, nhead=1, tf_layer=1, nlayer=1, epoch=600, patience=12, history=24, patch_size=24, stride=24, logmode='a', lr=0.001, w_decay=0.0, batch_size=16, save='experiments/', load=None, seed=1, dataset='physionet', quantization=1.0, model='tPatchGNN', outlayer='Linear', hid_dim=32, te_dim=10, node_dim=10, gpu='0', npatch=1, device=device(type='cuda'), PID=4119351, ndim=41)
- Epoch 000, ExpID 35921
Train - Loss (one batch): 0.02630
Val - Loss, MSE, RMSE, MAE, MAPE: 0.02840, 0.02840, 0.16824, 0.08344, 11425068.76%
Test - Best epoch, Loss, MSE, RMSE, MAE, MAPE: 0, 0.02839, 0.02839, 0.16809, 0.08294, 10706404.05%
Time spent: 126.42s
- Epoch 001, ExpID 35921
Train - Loss (one batch): 0.02723
Val - Loss, MSE, RMSE, MAE, MAPE: 0.02574, 0.02574, 0.16018, 0.07850, 9664465.62%
Test - Best epoch, Loss, MSE, RMSE, MAE, MAPE: 1, 0.02577, 0.02577, 0.16012, 0.07795, 9189528.60%
Time spent: 125.05s
- Epoch 002, ExpID 35921
Train - Loss (one batch): 0.02420
Val - Loss, MSE, RMSE, MAE, MAPE: 0.02429, 0.02429, 0.15560, 0.07482, 8530046.74%
Test - Best epoch, Loss, MSE, RMSE, MAE, MAPE: 2, 0.02433, 0.02433, 0.15554, 0.07423, 7988669.75%
Time spent: 124.22s
- Epoch 003, ExpID 35921
Train - Loss (one batch): 0.02671
Val - Loss, MSE, RMSE, MAE, MAPE: 0.02332, 0.02332, 0.15246, 0.07299, 8715433.15%
Test - Best epoch, Loss, MSE, RMSE, MAE, MAPE: 3, 0.02337, 0.02337, 0.15244, 0.07246, 8202694.97%
Time spent: 124.66s
- Epoch 004, ExpID 35921
Train - Loss (one batch): 0.02391
Val - Loss, MSE, RMSE, MAE, MAPE: 0.02257, 0.02257, 0.15000, 0.07134, 8444178.62%
Test - Best epoch, Loss, MSE, RMSE, MAE, MAPE: 4, 0.02262, 0.02262, 0.14995, 0.07073, 7829975.95%
Time spent: 124.16s
- Epoch 005, ExpID 35921
Train - Loss (one batch): 0.02040
Val - Loss, MSE, RMSE, MAE, MAPE: 0.02220, 0.02220, 0.14876, 0.07227, 8984877.45%
Test - Best epoch, Loss, MSE, RMSE, MAE, MAPE: 5, 0.02224, 0.02224, 0.14868, 0.07162, 8344262.11%
Time spent: 125.04s
- Epoch 006, ExpID 35921
Train - Loss (one batch): 0.02191
Val - Loss, MSE, RMSE, MAE, MAPE: 0.02185, 0.02185, 0.14757, 0.07168, 8629512.10%
Test - Best epoch, Loss, MSE, RMSE, MAE, MAPE: 6, 0.02189, 0.02189, 0.14751, 0.07106, 7952525.08%
Time spent: 123.82s
- Epoch 007, ExpID 35921
Train - Loss (one batch): 0.02173
Val - Loss, MSE, RMSE, MAE, MAPE: 0.02162, 0.02162, 0.14679, 0.07073, 8321398.22%
Test - Best epoch, Loss, MSE, RMSE, MAE, MAPE: 7, 0.02167, 0.02167, 0.14673, 0.07013, 7649584.21%
Time spent: 124.98s
- Epoch 008, ExpID 35921
Train - Loss (one batch): 0.01912
Val - Loss, MSE, RMSE, MAE, MAPE: 0.02146, 0.02146, 0.14625, 0.07046, 7807536.86%
Test - Best epoch, Loss, MSE, RMSE, MAE, MAPE: 8, 0.02151, 0.02151, 0.14621, 0.06991, 7062088.41%
Time spent: 125.67s
- Epoch 009, ExpID 35921
Train - Loss (one batch): 0.02025
Val - Loss, MSE, RMSE, MAE, MAPE: 0.02131, 0.02131, 0.14573, 0.06965, 7850276.68%
Test - Best epoch, Loss, MSE, RMSE, MAE, MAPE: 9, 0.02136, 0.02136, 0.14568, 0.06906, 7127704.69%
Time spent: 123.93s
- Epoch 010, ExpID 35921
Train - Loss (one batch): 0.01875
Val - Loss, MSE, RMSE, MAE, MAPE: 0.02125, 0.02125, 0.14552, 0.07048, 8547616.99%
Test - Best epoch, Loss, MSE, RMSE, MAE, MAPE: 10, 0.02131, 0.02131, 0.14551, 0.06995, 7937944.59%
Time spent: 124.76s
- Epoch 011, ExpID 35921
Train - Loss (one batch): 0.02344
Val - Loss, MSE, RMSE, MAE, MAPE: 0.02112, 0.02112, 0.14508, 0.06911, 8489259.13%
Test - Best epoch, Loss, MSE, RMSE, MAE, MAPE: 11, 0.02118, 0.02118, 0.14507, 0.06858, 7850543.89%
Time spent: 123.55s
- Epoch 012, ExpID 35921
Train - Loss (one batch): 0.02044
Val - Loss, MSE, RMSE, MAE, MAPE: 0.02088, 0.02088, 0.14425, 0.06846, 7918545.83%
Test - Best epoch, Loss, MSE, RMSE, MAE, MAPE: 12, 0.02094, 0.02094, 0.14424, 0.06792, 7278521.47%
Time spent: 124.79s
- Epoch 013, ExpID 35921
Train - Loss (one batch): 0.01872
Val - Loss, MSE, RMSE, MAE, MAPE: 0.02067, 0.02067, 0.14352, 0.06816, 7935232.00%
Test - Best epoch, Loss, MSE, RMSE, MAE, MAPE: 13, 0.02074, 0.02074, 0.14356, 0.06767, 7271136.60%
Time spent: 124.05s
- Epoch 014, ExpID 35921
Train - Loss (one batch): 0.02090
Val - Loss, MSE, RMSE, MAE, MAPE: 0.02050, 0.02050, 0.14293, 0.06793, 7646836.30%
Test - Best epoch, Loss, MSE, RMSE, MAE, MAPE: 14, 0.02057, 0.02057, 0.14296, 0.06747, 6941378.60%
Time spent: 123.99s
- Epoch 015, ExpID 35921
Train - Loss (one batch): 0.02104
Val - Loss, MSE, RMSE, MAE, MAPE: 0.02043, 0.02043, 0.14269, 0.06789, 8251899.51%
Test - Best epoch, Loss, MSE, RMSE, MAE, MAPE: 15, 0.02051, 0.02051, 0.14274, 0.06742, 7616651.29%
Time spent: 125.90s
- Epoch 016, ExpID 35921
Train - Loss (one batch): 0.02161
Val - Loss, MSE, RMSE, MAE, MAPE: 0.02033, 0.02033, 0.14233, 0.06731, 7946947.46%
Test - Best epoch, Loss, MSE, RMSE, MAE, MAPE: 16, 0.02041, 0.02041, 0.14239, 0.06687, 7260026.69%
Time spent: 125.38s
- Epoch 017, ExpID 35921
Train - Loss (one batch): 0.02589
Val - Loss, MSE, RMSE, MAE, MAPE: 0.02036, 0.02036, 0.14243, 0.06767, 7918195.73%
Test - Best epoch, Loss, MSE, RMSE, MAE, MAPE: 16, 0.02041, 0.02041, 0.14239, 0.06687, 7260026.69%
Time spent: 106.00s
- Epoch 018, ExpID 35921
Train - Loss (one batch): 0.02190
Val - Loss, MSE, RMSE, MAE, MAPE: 0.02030, 0.02030, 0.14225, 0.06778, 8804840.63%
Test - Best epoch, Loss, MSE, RMSE, MAE, MAPE: 18, 0.02038, 0.02038, 0.14230, 0.06736, 8135487.47%
Time spent: 123.60s
- Epoch 019, ExpID 35921
Train - Loss (one batch): 0.02229
Val - Loss, MSE, RMSE, MAE, MAPE: 0.02024, 0.02024, 0.14204, 0.06736, 8110163.27%
Test - Best epoch, Loss, MSE, RMSE, MAE, MAPE: 19, 0.02033, 0.02033, 0.14212, 0.06695, 7391776.16%
Time spent: 124.30s
- Epoch 020, ExpID 35921
Train - Loss (one batch): 0.01866
Val - Loss, MSE, RMSE, MAE, MAPE: 0.02023, 0.02023, 0.14198, 0.06718, 7754887.33%
Test - Best epoch, Loss, MSE, RMSE, MAE, MAPE: 20, 0.02031, 0.02031, 0.14204, 0.06675, 7067204.55%
Time spent: 123.05s
- Epoch 021, ExpID 35921
Train - Loss (one batch): 0.02103
Val - Loss, MSE, RMSE, MAE, MAPE: 0.02022, 0.02022, 0.14195, 0.06748, 8594869.33%
Test - Best epoch, Loss, MSE, RMSE, MAE, MAPE: 21, 0.02030, 0.02030, 0.14201, 0.06709, 7905908.92%
Time spent: 123.96s
- Epoch 022, ExpID 35921
Train - Loss (one batch): 0.01901
Val - Loss, MSE, RMSE, MAE, MAPE: 0.02023, 0.02023, 0.14200, 0.06708, 7859758.38%
Test - Best epoch, Loss, MSE, RMSE, MAE, MAPE: 21, 0.02030, 0.02030, 0.14201, 0.06709, 7905908.92%
Time spent: 106.07s
- Epoch 023, ExpID 35921
Train - Loss (one batch): 0.01861
Val - Loss, MSE, RMSE, MAE, MAPE: 0.02019, 0.02019, 0.14186, 0.06718, 8106413.20%
Test - Best epoch, Loss, MSE, RMSE, MAE, MAPE: 23, 0.02028, 0.02028, 0.14195, 0.06678, 7425386.81%
Time spent: 125.75s
- Epoch 024, ExpID 35921
Train - Loss (one batch): 0.02011
Val - Loss, MSE, RMSE, MAE, MAPE: 0.02018, 0.02018, 0.14180, 0.06681, 8308123.03%
Test - Best epoch, Loss, MSE, RMSE, MAE, MAPE: 24, 0.02026, 0.02026, 0.14186, 0.06638, 7662156.35%
Time spent: 125.05s
- Epoch 025, ExpID 35921
Train - Loss (one batch): 0.02103
Val - Loss, MSE, RMSE, MAE, MAPE: 0.02022, 0.02022, 0.14197, 0.06769, 8043940.73%
Test - Best epoch, Loss, MSE, RMSE, MAE, MAPE: 24, 0.02026, 0.02026, 0.14186, 0.06638, 7662156.35%
Time spent: 104.77s
- Epoch 026, ExpID 35921
Train - Loss (one batch): 0.02197
Val - Loss, MSE, RMSE, MAE, MAPE: 0.02020, 0.02020, 0.14187, 0.06750, 8479543.79%
Test - Best epoch, Loss, MSE, RMSE, MAE, MAPE: 24, 0.02026, 0.02026, 0.14186, 0.06638, 7662156.35%
Time spent: 104.42s
- Epoch 027, ExpID 35921
Train - Loss (one batch): 0.01722
Val - Loss, MSE, RMSE, MAE, MAPE: 0.02018, 0.02018, 0.14183, 0.06678, 7359840.24%
Test - Best epoch, Loss, MSE, RMSE, MAE, MAPE: 24, 0.02026, 0.02026, 0.14186, 0.06638, 7662156.35%
Time spent: 104.84s
- Epoch 028, ExpID 35921
Train - Loss (one batch): 0.01806
Val - Loss, MSE, RMSE, MAE, MAPE: 0.02016, 0.02016, 0.14174, 0.06696, 7681445.56%
Test - Best epoch, Loss, MSE, RMSE, MAE, MAPE: 28, 0.02025, 0.02025, 0.14184, 0.06658, 7077005.61%
Time spent: 123.33s
- Epoch 029, ExpID 35921
Train - Loss (one batch): 0.02076
Val - Loss, MSE, RMSE, MAE, MAPE: 0.02014, 0.02014, 0.14167, 0.06682, 8075084.77%
Test - Best epoch, Loss, MSE, RMSE, MAE, MAPE: 29, 0.02023, 0.02023, 0.14175, 0.06642, 7436601.81%
Time spent: 124.59s
- Epoch 030, ExpID 35921
Train - Loss (one batch): 0.01807
Val - Loss, MSE, RMSE, MAE, MAPE: 0.02015, 0.02015, 0.14171, 0.06691, 8383570.22%
Test - Best epoch, Loss, MSE, RMSE, MAE, MAPE: 29, 0.02023, 0.02023, 0.14175, 0.06642, 7436601.81%
Time spent: 105.37s
- Epoch 031, ExpID 35921
Train - Loss (one batch): 0.02090
Val - Loss, MSE, RMSE, MAE, MAPE: 0.02013, 0.02013, 0.14163, 0.06714, 8287465.81%
Test - Best epoch, Loss, MSE, RMSE, MAE, MAPE: 31, 0.02023, 0.02023, 0.14174, 0.06676, 7677788.88%
Time spent: 124.35s
- Epoch 032, ExpID 35921
Train - Loss (one batch): 0.01789
Val - Loss, MSE, RMSE, MAE, MAPE: 0.02012, 0.02012, 0.14162, 0.06733, 8518412.21%
Test - Best epoch, Loss, MSE, RMSE, MAE, MAPE: 32, 0.02023, 0.02023, 0.14176, 0.06702, 7865431.52%
Time spent: 124.68s
- Epoch 033, ExpID 35921
Train - Loss (one batch): 0.02359
Val - Loss, MSE, RMSE, MAE, MAPE: 0.02015, 0.02015, 0.14171, 0.06749, 10037411.70%
Test - Best epoch, Loss, MSE, RMSE, MAE, MAPE: 32, 0.02023, 0.02023, 0.14176, 0.06702, 7865431.52%
Time spent: 105.63s
- Epoch 034, ExpID 35921
Train - Loss (one batch): 0.01663
Val - Loss, MSE, RMSE, MAE, MAPE: 0.02013, 0.02013, 0.14163, 0.06725, 8099441.36%
Test - Best epoch, Loss, MSE, RMSE, MAE, MAPE: 32, 0.02023, 0.02023, 0.14176, 0.06702, 7865431.52%
Time spent: 104.98s
- Epoch 035, ExpID 35921
Train - Loss (one batch): 0.01771
Val - Loss, MSE, RMSE, MAE, MAPE: 0.02010, 0.02010, 0.14154, 0.06647, 7581331.19%
Test - Best epoch, Loss, MSE, RMSE, MAE, MAPE: 35, 0.02019, 0.02019, 0.14162, 0.06609, 6940067.23%
Time spent: 122.12s
- Epoch 036, ExpID 35921
Train - Loss (one batch): 0.02275
Val - Loss, MSE, RMSE, MAE, MAPE: 0.02014, 0.02014, 0.14169, 0.06810, 8794469.10%
Test - Best epoch, Loss, MSE, RMSE, MAE, MAPE: 35, 0.02019, 0.02019, 0.14162, 0.06609, 6940067.23%
Time spent: 104.95s
- Epoch 037, ExpID 35921
Train - Loss (one batch): 0.02045
Val - Loss, MSE, RMSE, MAE, MAPE: 0.02010, 0.02010, 0.14153, 0.06739, 7527674.87%
Test - Best epoch, Loss, MSE, RMSE, MAE, MAPE: 37, 0.02019, 0.02019, 0.14163, 0.06701, 6855060.38%
Time spent: 123.06s
- Epoch 038, ExpID 35921
Train - Loss (one batch): 0.01701
Val - Loss, MSE, RMSE, MAE, MAPE: 0.02009, 0.02009, 0.14149, 0.06707, 8763729.94%
Test - Best epoch, Loss, MSE, RMSE, MAE, MAPE: 38, 0.02017, 0.02017, 0.14156, 0.06665, 8076392.47%
Time spent: 123.28s
- Epoch 039, ExpID 35921
Train - Loss (one batch): 0.02072
Val - Loss, MSE, RMSE, MAE, MAPE: 0.02012, 0.02012, 0.14160, 0.06755, 8883389.40%
Test - Best epoch, Loss, MSE, RMSE, MAE, MAPE: 38, 0.02017, 0.02017, 0.14156, 0.06665, 8076392.47%
Time spent: 105.33s
- Epoch 040, ExpID 35921
Train - Loss (one batch): 0.02180
Val - Loss, MSE, RMSE, MAE, MAPE: 0.02011, 0.02011, 0.14157, 0.06739, 7863543.84%
Test - Best epoch, Loss, MSE, RMSE, MAE, MAPE: 38, 0.02017, 0.02017, 0.14156, 0.06665, 8076392.47%
Time spent: 105.34s
- Epoch 041, ExpID 35921
Train - Loss (one batch): 0.01753
Val - Loss, MSE, RMSE, MAE, MAPE: 0.02009, 0.02009, 0.14150, 0.06741, 8662664.33%
Test - Best epoch, Loss, MSE, RMSE, MAE, MAPE: 38, 0.02017, 0.02017, 0.14156, 0.06665, 8076392.47%
Time spent: 105.36s
- Epoch 042, ExpID 35921
Train - Loss (one batch): 0.02034
Val - Loss, MSE, RMSE, MAE, MAPE: 0.02007, 0.02007, 0.14144, 0.06643, 7958874.38%
Test - Best epoch, Loss, MSE, RMSE, MAE, MAPE: 42, 0.02016, 0.02016, 0.14152, 0.06612, 7314507.94%
Time spent: 124.55s
- Epoch 043, ExpID 35921
Train - Loss (one batch): 0.01704
Val - Loss, MSE, RMSE, MAE, MAPE: 0.02004, 0.02004, 0.14132, 0.06664, 7601379.01%
Test - Best epoch, Loss, MSE, RMSE, MAE, MAPE: 43, 0.02014, 0.02014, 0.14144, 0.06630, 6929351.71%
Time spent: 123.80s
- Epoch 044, ExpID 35921
Train - Loss (one batch): 0.02155
Val - Loss, MSE, RMSE, MAE, MAPE: 0.02005, 0.02005, 0.14136, 0.06672, 8006935.62%
Test - Best epoch, Loss, MSE, RMSE, MAE, MAPE: 43, 0.02014, 0.02014, 0.14144, 0.06630, 6929351.71%
Time spent: 106.18s
- Epoch 045, ExpID 35921
Train - Loss (one batch): 0.02317
Val - Loss, MSE, RMSE, MAE, MAPE: 0.02008, 0.02008, 0.14146, 0.06714, 9194018.15%
Test - Best epoch, Loss, MSE, RMSE, MAE, MAPE: 43, 0.02014, 0.02014, 0.14144, 0.06630, 6929351.71%
Time spent: 105.79s
- Epoch 046, ExpID 35921
Train - Loss (one batch): 0.02140
Val - Loss, MSE, RMSE, MAE, MAPE: 0.02004, 0.02004, 0.14131, 0.06666, 8258172.68%
Test - Best epoch, Loss, MSE, RMSE, MAE, MAPE: 46, 0.02013, 0.02013, 0.14142, 0.06632, 7552420.27%
Time spent: 124.19s
- Epoch 047, ExpID 35921
Train - Loss (one batch): 0.02004
Val - Loss, MSE, RMSE, MAE, MAPE: 0.02004, 0.02004, 0.14131, 0.06661, 8244551.51%
Test - Best epoch, Loss, MSE, RMSE, MAE, MAPE: 47, 0.02012, 0.02012, 0.14138, 0.06620, 7576190.38%
Time spent: 125.50s
- Epoch 048, ExpID 35921
Train - Loss (one batch): 0.01951
Val - Loss, MSE, RMSE, MAE, MAPE: 0.02005, 0.02005, 0.14135, 0.06737, 7618307.65%
Test - Best epoch, Loss, MSE, RMSE, MAE, MAPE: 47, 0.02012, 0.02012, 0.14138, 0.06620, 7576190.38%
Time spent: 106.60s
- Epoch 049, ExpID 35921
Train - Loss (one batch): 0.02131
Val - Loss, MSE, RMSE, MAE, MAPE: 0.02005, 0.02005, 0.14137, 0.06686, 8167153.80%
Test - Best epoch, Loss, MSE, RMSE, MAE, MAPE: 47, 0.02012, 0.02012, 0.14138, 0.06620, 7576190.38%
Time spent: 105.64s
- Epoch 050, ExpID 35921
Train - Loss (one batch): 0.02731
Val - Loss, MSE, RMSE, MAE, MAPE: 0.02005, 0.02005, 0.14135, 0.06644, 7294892.77%
Test - Best epoch, Loss, MSE, RMSE, MAE, MAPE: 47, 0.02012, 0.02012, 0.14138, 0.06620, 7576190.38%
Time spent: 104.60s
- Epoch 051, ExpID 35921
Train - Loss (one batch): 0.01819
Val - Loss, MSE, RMSE, MAE, MAPE: 0.02002, 0.02002, 0.14124, 0.06719, 8313264.41%
Test - Best epoch, Loss, MSE, RMSE, MAE, MAPE: 51, 0.02011, 0.02011, 0.14134, 0.06684, 7666180.00%
Time spent: 123.83s
- Epoch 052, ExpID 35921
Train - Loss (one batch): 0.02067
Val - Loss, MSE, RMSE, MAE, MAPE: 0.02002, 0.02002, 0.14126, 0.06693, 7543441.17%
Test - Best epoch, Loss, MSE, RMSE, MAE, MAPE: 51, 0.02011, 0.02011, 0.14134, 0.06684, 7666180.00%
Time spent: 105.51s
- Epoch 053, ExpID 35921
Train - Loss (one batch): 0.02094
Val - Loss, MSE, RMSE, MAE, MAPE: 0.02000, 0.02000, 0.14117, 0.06629, 7821109.74%
Test - Best epoch, Loss, MSE, RMSE, MAE, MAPE: 53, 0.02009, 0.02009, 0.14128, 0.06592, 7184153.67%
Time spent: 122.36s
- Epoch 054, ExpID 35921
Train - Loss (one batch): 0.01652
Val - Loss, MSE, RMSE, MAE, MAPE: 0.02002, 0.02002, 0.14124, 0.06623, 8036700.66%
Test - Best epoch, Loss, MSE, RMSE, MAE, MAPE: 53, 0.02009, 0.02009, 0.14128, 0.06592, 7184153.67%
Time spent: 105.99s
- Epoch 055, ExpID 35921
Train - Loss (one batch): 0.02142
Val - Loss, MSE, RMSE, MAE, MAPE: 0.02000, 0.02000, 0.14118, 0.06675, 7530711.00%
Test - Best epoch, Loss, MSE, RMSE, MAE, MAPE: 53, 0.02009, 0.02009, 0.14128, 0.06592, 7184153.67%
Time spent: 106.42s
- Epoch 056, ExpID 35921
Train - Loss (one batch): 0.01900
Val - Loss, MSE, RMSE, MAE, MAPE: 0.01999, 0.01999, 0.14113, 0.06631, 8621169.80%
Test - Best epoch, Loss, MSE, RMSE, MAE, MAPE: 56, 0.02009, 0.02009, 0.14126, 0.06600, 8017141.97%
Time spent: 124.99s
- Epoch 057, ExpID 35921
Train - Loss (one batch): 0.02455
Val - Loss, MSE, RMSE, MAE, MAPE: 0.02001, 0.02001, 0.14120, 0.06682, 8080977.26%
Test - Best epoch, Loss, MSE, RMSE, MAE, MAPE: 56, 0.02009, 0.02009, 0.14126, 0.06600, 8017141.97%
Time spent: 105.93s
- Epoch 058, ExpID 35921
Train - Loss (one batch): 0.01880
Val - Loss, MSE, RMSE, MAE, MAPE: 0.02000, 0.02000, 0.14117, 0.06656, 7732638.36%
Test - Best epoch, Loss, MSE, RMSE, MAE, MAPE: 56, 0.02009, 0.02009, 0.14126, 0.06600, 8017141.97%
Time spent: 106.63s
- Epoch 059, ExpID 35921
Train - Loss (one batch): 0.01818
Val - Loss, MSE, RMSE, MAE, MAPE: 0.02002, 0.02002, 0.14125, 0.06745, 10154241.17%
Test - Best epoch, Loss, MSE, RMSE, MAE, MAPE: 56, 0.02009, 0.02009, 0.14126, 0.06600, 8017141.97%
Time spent: 106.92s
- Epoch 060, ExpID 35921
Train - Loss (one batch): 0.02421
Val - Loss, MSE, RMSE, MAE, MAPE: 0.01999, 0.01999, 0.14114, 0.06639, 7496045.49%
Test - Best epoch, Loss, MSE, RMSE, MAE, MAPE: 56, 0.02009, 0.02009, 0.14126, 0.06600, 8017141.97%
Time spent: 105.73s
- Epoch 061, ExpID 35921
Train - Loss (one batch): 0.02044
Val - Loss, MSE, RMSE, MAE, MAPE: 0.01999, 0.01999, 0.14115, 0.06752, 7926121.17%
Test - Best epoch, Loss, MSE, RMSE, MAE, MAPE: 56, 0.02009, 0.02009, 0.14126, 0.06600, 8017141.97%
Time spent: 106.00s
- Epoch 062, ExpID 35921
Train - Loss (one batch): 0.02040
Val - Loss, MSE, RMSE, MAE, MAPE: 0.02000, 0.02000, 0.14117, 0.06713, 8375298.66%
Test - Best epoch, Loss, MSE, RMSE, MAE, MAPE: 56, 0.02009, 0.02009, 0.14126, 0.06600, 8017141.97%
Time spent: 107.33s
- Epoch 063, ExpID 35921
Train - Loss (one batch): 0.01930
Val - Loss, MSE, RMSE, MAE, MAPE: 0.02000, 0.02000, 0.14120, 0.06682, 9050657.11%
Test - Best epoch, Loss, MSE, RMSE, MAE, MAPE: 56, 0.02009, 0.02009, 0.14126, 0.06600, 8017141.97%
Time spent: 104.67s
- Epoch 064, ExpID 35921
Train - Loss (one batch): 0.02090
Val - Loss, MSE, RMSE, MAE, MAPE: 0.01996, 0.01996, 0.14104, 0.06623, 7840540.19%
Test - Best epoch, Loss, MSE, RMSE, MAE, MAPE: 64, 0.02006, 0.02006, 0.14117, 0.06592, 7144665.74%
Time spent: 123.89s
- Epoch 065, ExpID 35921
Train - Loss (one batch): 0.02113
Val - Loss, MSE, RMSE, MAE, MAPE: 0.01994, 0.01994, 0.14098, 0.06610, 7135282.46%
Test - Best epoch, Loss, MSE, RMSE, MAE, MAPE: 65, 0.02005, 0.02005, 0.14112, 0.06582, 6504851.46%
Time spent: 123.38s
- Epoch 066, ExpID 35921
Train - Loss (one batch): 0.02245
Val - Loss, MSE, RMSE, MAE, MAPE: 0.01994, 0.01994, 0.14097, 0.06668, 7855909.37%
Test - Best epoch, Loss, MSE, RMSE, MAE, MAPE: 66, 0.02005, 0.02005, 0.14112, 0.06635, 7215103.05%
Time spent: 124.61s
- Epoch 067, ExpID 35921
Train - Loss (one batch): 0.02115
Val - Loss, MSE, RMSE, MAE, MAPE: 0.02006, 0.02006, 0.14141, 0.06887, 7827144.25%
Test - Best epoch, Loss, MSE, RMSE, MAE, MAPE: 66, 0.02005, 0.02005, 0.14112, 0.06635, 7215103.05%
Time spent: 105.44s
- Epoch 068, ExpID 35921
Train - Loss (one batch): 0.02113
Val - Loss, MSE, RMSE, MAE, MAPE: 0.01993, 0.01993, 0.14094, 0.06621, 7478453.40%
Test - Best epoch, Loss, MSE, RMSE, MAE, MAPE: 68, 0.02004, 0.02004, 0.14108, 0.06589, 6721138.07%
Time spent: 123.17s
- Epoch 069, ExpID 35921
Train - Loss (one batch): 0.02012
Val - Loss, MSE, RMSE, MAE, MAPE: 0.01997, 0.01997, 0.14106, 0.06724, 7836922.74%
Test - Best epoch, Loss, MSE, RMSE, MAE, MAPE: 68, 0.02004, 0.02004, 0.14108, 0.06589, 6721138.07%
Time spent: 106.93s
- Epoch 070, ExpID 35921
Train - Loss (one batch): 0.01855
Val - Loss, MSE, RMSE, MAE, MAPE: 0.01996, 0.01996, 0.14103, 0.06656, 7587786.83%
Test - Best epoch, Loss, MSE, RMSE, MAE, MAPE: 68, 0.02004, 0.02004, 0.14108, 0.06589, 6721138.07%
Time spent: 106.12s
- Epoch 071, ExpID 35921
Train - Loss (one batch): 0.02166
Val - Loss, MSE, RMSE, MAE, MAPE: 0.01996, 0.01996, 0.14103, 0.06766, 8494845.62%
Test - Best epoch, Loss, MSE, RMSE, MAE, MAPE: 68, 0.02004, 0.02004, 0.14108, 0.06589, 6721138.07%
Time spent: 103.56s
- Epoch 072, ExpID 35921
Train - Loss (one batch): 0.02005
Val - Loss, MSE, RMSE, MAE, MAPE: 0.01992, 0.01992, 0.14089, 0.06659, 7311290.13%
Test - Best epoch, Loss, MSE, RMSE, MAE, MAPE: 72, 0.02003, 0.02003, 0.14106, 0.06634, 6649041.86%
Time spent: 126.63s
- Epoch 073, ExpID 35921
Train - Loss (one batch): 0.01615
Val - Loss, MSE, RMSE, MAE, MAPE: 0.02001, 0.02001, 0.14121, 0.06812, 9475245.38%
Test - Best epoch, Loss, MSE, RMSE, MAE, MAPE: 72, 0.02003, 0.02003, 0.14106, 0.06634, 6649041.86%
Time spent: 106.40s
- Epoch 074, ExpID 35921
Train - Loss (one batch): 0.01903
Val - Loss, MSE, RMSE, MAE, MAPE: 0.01992, 0.01992, 0.14090, 0.06594, 7464331.39%
Test - Best epoch, Loss, MSE, RMSE, MAE, MAPE: 72, 0.02003, 0.02003, 0.14106, 0.06634, 6649041.86%
Time spent: 106.15s
- Epoch 075, ExpID 35921
Train - Loss (one batch): 0.02026
Val - Loss, MSE, RMSE, MAE, MAPE: 0.01990, 0.01990, 0.14084, 0.06608, 7301555.83%
Test - Best epoch, Loss, MSE, RMSE, MAE, MAPE: 75, 0.02002, 0.02002, 0.14100, 0.06577, 6592332.22%
Time spent: 124.03s
- Epoch 076, ExpID 35921
Train - Loss (one batch): 0.02016
Val - Loss, MSE, RMSE, MAE, MAPE: 0.01992, 0.01992, 0.14090, 0.06623, 7580799.59%
Test - Best epoch, Loss, MSE, RMSE, MAE, MAPE: 75, 0.02002, 0.02002, 0.14100, 0.06577, 6592332.22%
Time spent: 105.02s
- Epoch 077, ExpID 35921
Train - Loss (one batch): 0.02118
Val - Loss, MSE, RMSE, MAE, MAPE: 0.01991, 0.01991, 0.14088, 0.06673, 8428568.43%
Test - Best epoch, Loss, MSE, RMSE, MAE, MAPE: 75, 0.02002, 0.02002, 0.14100, 0.06577, 6592332.22%
Time spent: 105.14s
- Epoch 078, ExpID 35921
Train - Loss (one batch): 0.02079
Val - Loss, MSE, RMSE, MAE, MAPE: 0.01996, 0.01996, 0.14103, 0.06764, 9051403.39%
Test - Best epoch, Loss, MSE, RMSE, MAE, MAPE: 75, 0.02002, 0.02002, 0.14100, 0.06577, 6592332.22%
Time spent: 106.27s
- Epoch 079, ExpID 35921
Train - Loss (one batch): 0.01750
Val - Loss, MSE, RMSE, MAE, MAPE: 0.01989, 0.01989, 0.14079, 0.06642, 8033592.59%
Test - Best epoch, Loss, MSE, RMSE, MAE, MAPE: 79, 0.01999, 0.01999, 0.14092, 0.06610, 7318181.90%
Time spent: 123.64s
- Epoch 080, ExpID 35921
Train - Loss (one batch): 0.02088
Val - Loss, MSE, RMSE, MAE, MAPE: 0.01989, 0.01989, 0.14079, 0.06613, 7269994.09%
Test - Best epoch, Loss, MSE, RMSE, MAE, MAPE: 80, 0.02000, 0.02000, 0.14094, 0.06581, 6553146.64%
Time spent: 123.48s
- Epoch 081, ExpID 35921
Train - Loss (one batch): 0.01909
Val - Loss, MSE, RMSE, MAE, MAPE: 0.01988, 0.01988, 0.14076, 0.06598, 7216743.87%
Test - Best epoch, Loss, MSE, RMSE, MAE, MAPE: 81, 0.01999, 0.01999, 0.14092, 0.06573, 6520179.73%
Time spent: 123.60s
- Epoch 082, ExpID 35921
Train - Loss (one batch): 0.01857
Val - Loss, MSE, RMSE, MAE, MAPE: 0.01989, 0.01989, 0.14080, 0.06649, 7720312.80%
Test - Best epoch, Loss, MSE, RMSE, MAE, MAPE: 81, 0.01999, 0.01999, 0.14092, 0.06573, 6520179.73%
Time spent: 104.92s
- Epoch 083, ExpID 35921
Train - Loss (one batch): 0.01954
Val - Loss, MSE, RMSE, MAE, MAPE: 0.01995, 0.01995, 0.14102, 0.06681, 8996369.28%
Test - Best epoch, Loss, MSE, RMSE, MAE, MAPE: 81, 0.01999, 0.01999, 0.14092, 0.06573, 6520179.73%
Time spent: 104.96s
- Epoch 084, ExpID 35921
Train - Loss (one batch): 0.02170
Val - Loss, MSE, RMSE, MAE, MAPE: 0.01990, 0.01990, 0.14084, 0.06719, 7429996.60%
Test - Best epoch, Loss, MSE, RMSE, MAE, MAPE: 81, 0.01999, 0.01999, 0.14092, 0.06573, 6520179.73%
Time spent: 106.45s
- Epoch 085, ExpID 35921
Train - Loss (one batch): 0.01867
Val - Loss, MSE, RMSE, MAE, MAPE: 0.01991, 0.01991, 0.14086, 0.06737, 8178455.09%
Test - Best epoch, Loss, MSE, RMSE, MAE, MAPE: 81, 0.01999, 0.01999, 0.14092, 0.06573, 6520179.73%
Time spent: 105.39s
- Epoch 086, ExpID 35921
Train - Loss (one batch): 0.02184
Val - Loss, MSE, RMSE, MAE, MAPE: 0.01990, 0.01990, 0.14084, 0.06657, 8572323.63%
Test - Best epoch, Loss, MSE, RMSE, MAE, MAPE: 81, 0.01999, 0.01999, 0.14092, 0.06573, 6520179.73%
Time spent: 103.94s
- Epoch 087, ExpID 35921
Train - Loss (one batch): 0.01957
Val - Loss, MSE, RMSE, MAE, MAPE: 0.01989, 0.01989, 0.14080, 0.06775, 8526444.83%
Test - Best epoch, Loss, MSE, RMSE, MAE, MAPE: 81, 0.01999, 0.01999, 0.14092, 0.06573, 6520179.73%
Time spent: 105.37s
- Epoch 088, ExpID 35921
Train - Loss (one batch): 0.01982
Val - Loss, MSE, RMSE, MAE, MAPE: 0.01991, 0.01991, 0.14086, 0.06714, 8024417.71%
Test - Best epoch, Loss, MSE, RMSE, MAE, MAPE: 81, 0.01999, 0.01999, 0.14092, 0.06573, 6520179.73%
Time spent: 106.32s
- Epoch 089, ExpID 35921
Train - Loss (one batch): 0.02326
Val - Loss, MSE, RMSE, MAE, MAPE: 0.01991, 0.01991, 0.14085, 0.06789, 8901754.30%
Test - Best epoch, Loss, MSE, RMSE, MAE, MAPE: 81, 0.01999, 0.01999, 0.14092, 0.06573, 6520179.73%
Time spent: 106.14s
- Epoch 090, ExpID 35921
Train - Loss (one batch): 0.02133
Val - Loss, MSE, RMSE, MAE, MAPE: 0.01990, 0.01990, 0.14082, 0.06787, 8748201.60%
Test - Best epoch, Loss, MSE, RMSE, MAE, MAPE: 81, 0.01999, 0.01999, 0.14092, 0.06573, 6520179.73%
Time spent: 103.89s
- Epoch 091, ExpID 35921
Train - Loss (one batch): 0.01724
Val - Loss, MSE, RMSE, MAE, MAPE: 0.01988, 0.01988, 0.14077, 0.06736, 8374246.72%
Test - Best epoch, Loss, MSE, RMSE, MAE, MAPE: 81, 0.01999, 0.01999, 0.14092, 0.06573, 6520179.73%
Time spent: 105.41s
- Epoch 092, ExpID 35921
Train - Loss (one batch): 0.02302
Val - Loss, MSE, RMSE, MAE, MAPE: 0.01990, 0.01990, 0.14084, 0.06744, 8767735.97%
Test - Best epoch, Loss, MSE, RMSE, MAE, MAPE: 81, 0.01999, 0.01999, 0.14092, 0.06573, 6520179.73%
Time spent: 105.10s
- Epoch 093, ExpID 35921
Train - Loss (one batch): 0.01815
Val - Loss, MSE, RMSE, MAE, MAPE: 0.01987, 0.01987, 0.14072, 0.06671, 7788227.43%
Test - Best epoch, Loss, MSE, RMSE, MAE, MAPE: 93, 0.01998, 0.01998, 0.14088, 0.06644, 7186643.29%
Time spent: 125.21s
- Epoch 094, ExpID 35921
Train - Loss (one batch): 0.02446
Val - Loss, MSE, RMSE, MAE, MAPE: 0.01984, 0.01984, 0.14060, 0.06592, 7357770.07%
Test - Best epoch, Loss, MSE, RMSE, MAE, MAPE: 94, 0.01995, 0.01995, 0.14076, 0.06561, 6590259.14%
Time spent: 125.76s
- Epoch 095, ExpID 35921
Train - Loss (one batch): 0.01925
Val - Loss, MSE, RMSE, MAE, MAPE: 0.01988, 0.01988, 0.14074, 0.06654, 8971808.90%
Test - Best epoch, Loss, MSE, RMSE, MAE, MAPE: 94, 0.01995, 0.01995, 0.14076, 0.06561, 6590259.14%
Time spent: 106.01s
- Epoch 096, ExpID 35921
Train - Loss (one batch): 0.01865
Val - Loss, MSE, RMSE, MAE, MAPE: 0.01989, 0.01989, 0.14080, 0.06735, 8484252.82%
Test - Best epoch, Loss, MSE, RMSE, MAE, MAPE: 94, 0.01995, 0.01995, 0.14076, 0.06561, 6590259.14%
Time spent: 105.37s
- Epoch 097, ExpID 35921
Train - Loss (one batch): 0.01973
Val - Loss, MSE, RMSE, MAE, MAPE: 0.01987, 0.01987, 0.14071, 0.06683, 7759141.08%
Test - Best epoch, Loss, MSE, RMSE, MAE, MAPE: 94, 0.01995, 0.01995, 0.14076, 0.06561, 6590259.14%
Time spent: 105.63s
- Epoch 098, ExpID 35921
Train - Loss (one batch): 0.01931
Val - Loss, MSE, RMSE, MAE, MAPE: 0.01986, 0.01986, 0.14068, 0.06653, 6892675.00%
Test - Best epoch, Loss, MSE, RMSE, MAE, MAPE: 94, 0.01995, 0.01995, 0.14076, 0.06561, 6590259.14%
Time spent: 106.86s
- Epoch 099, ExpID 35921
Train - Loss (one batch): 0.02096
Val - Loss, MSE, RMSE, MAE, MAPE: 0.01982, 0.01982, 0.14056, 0.06631, 7366619.37%
Test - Best epoch, Loss, MSE, RMSE, MAE, MAPE: 99, 0.01994, 0.01994, 0.14073, 0.06602, 6726522.19%
Time spent: 124.42s
- Epoch 100, ExpID 35921
Train - Loss (one batch): 0.02460
Val - Loss, MSE, RMSE, MAE, MAPE: 0.01988, 0.01988, 0.14075, 0.06800, 9188609.74%
Test - Best epoch, Loss, MSE, RMSE, MAE, MAPE: 99, 0.01994, 0.01994, 0.14073, 0.06602, 6726522.19%
Time spent: 104.90s
- Epoch 101, ExpID 35921
Train - Loss (one batch): 0.01921
Val - Loss, MSE, RMSE, MAE, MAPE: 0.01985, 0.01985, 0.14065, 0.06668, 7321294.72%
Test - Best epoch, Loss, MSE, RMSE, MAE, MAPE: 99, 0.01994, 0.01994, 0.14073, 0.06602, 6726522.19%
Time spent: 105.10s
- Epoch 102, ExpID 35921
Train - Loss (one batch): 0.01801
Val - Loss, MSE, RMSE, MAE, MAPE: 0.01981, 0.01981, 0.14053, 0.06622, 7501670.32%
Test - Best epoch, Loss, MSE, RMSE, MAE, MAPE: 102, 0.01993, 0.01993, 0.14070, 0.06592, 6769275.30%
Time spent: 124.17s
- Epoch 103, ExpID 35921
Train - Loss (one batch): 0.02464
Val - Loss, MSE, RMSE, MAE, MAPE: 0.01983, 0.01983, 0.14059, 0.06689, 9419889.99%
Test - Best epoch, Loss, MSE, RMSE, MAE, MAPE: 102, 0.01993, 0.01993, 0.14070, 0.06592, 6769275.30%
Time spent: 105.45s
- Epoch 104, ExpID 35921
Train - Loss (one batch): 0.02028
Val - Loss, MSE, RMSE, MAE, MAPE: 0.01985, 0.01985, 0.14065, 0.06585, 7365368.96%
Test - Best epoch, Loss, MSE, RMSE, MAE, MAPE: 102, 0.01993, 0.01993, 0.14070, 0.06592, 6769275.30%
Time spent: 105.54s
- Epoch 105, ExpID 35921
Train - Loss (one batch): 0.02222
Val - Loss, MSE, RMSE, MAE, MAPE: 0.01989, 0.01989, 0.14080, 0.06782, 8214775.38%
Test - Best epoch, Loss, MSE, RMSE, MAE, MAPE: 102, 0.01993, 0.01993, 0.14070, 0.06592, 6769275.30%
Time spent: 105.19s
- Epoch 106, ExpID 35921
Train - Loss (one batch): 0.02320
Val - Loss, MSE, RMSE, MAE, MAPE: 0.01985, 0.01985, 0.14065, 0.06651, 7603566.50%
Test - Best epoch, Loss, MSE, RMSE, MAE, MAPE: 102, 0.01993, 0.01993, 0.14070, 0.06592, 6769275.30%
Time spent: 107.15s
- Epoch 107, ExpID 35921
Train - Loss (one batch): 0.01754
Val - Loss, MSE, RMSE, MAE, MAPE: 0.01984, 0.01984, 0.14063, 0.06706, 7652282.26%
Test - Best epoch, Loss, MSE, RMSE, MAE, MAPE: 102, 0.01993, 0.01993, 0.14070, 0.06592, 6769275.30%
Time spent: 107.26s
- Epoch 108, ExpID 35921
Train - Loss (one batch): 0.01982
Val - Loss, MSE, RMSE, MAE, MAPE: 0.01980, 0.01980, 0.14047, 0.06604, 7492703.35%
Test - Best epoch, Loss, MSE, RMSE, MAE, MAPE: 108, 0.01991, 0.01991, 0.14064, 0.06573, 6880457.26%
Time spent: 124.43s
- Epoch 109, ExpID 35921
Train - Loss (one batch): 0.02427
Val - Loss, MSE, RMSE, MAE, MAPE: 0.01981, 0.01981, 0.14052, 0.06634, 8446111.09%
Test - Best epoch, Loss, MSE, RMSE, MAE, MAPE: 108, 0.01991, 0.01991, 0.14064, 0.06573, 6880457.26%
Time spent: 106.45s
- Epoch 110, ExpID 35921
Train - Loss (one batch): 0.02168
Val - Loss, MSE, RMSE, MAE, MAPE: 0.01981, 0.01981, 0.14051, 0.06655, 8242663.76%
Test - Best epoch, Loss, MSE, RMSE, MAE, MAPE: 108, 0.01991, 0.01991, 0.14064, 0.06573, 6880457.26%
Time spent: 105.48s
- Epoch 111, ExpID 35921
Train - Loss (one batch): 0.01958
Val - Loss, MSE, RMSE, MAE, MAPE: 0.01983, 0.01983, 0.14058, 0.06731, 7470532.18%
Test - Best epoch, Loss, MSE, RMSE, MAE, MAPE: 108, 0.01991, 0.01991, 0.14064, 0.06573, 6880457.26%
Time spent: 106.70s
- Epoch 112, ExpID 35921
Train - Loss (one batch): 0.01756
Val - Loss, MSE, RMSE, MAE, MAPE: 0.01991, 0.01991, 0.14086, 0.06870, 12695257.04%
Test - Best epoch, Loss, MSE, RMSE, MAE, MAPE: 108, 0.01991, 0.01991, 0.14064, 0.06573, 6880457.26%
Time spent: 105.70s
- Epoch 113, ExpID 35921
Train - Loss (one batch): 0.01777
Val - Loss, MSE, RMSE, MAE, MAPE: 0.01981, 0.01981, 0.14052, 0.06607, 7018915.29%
Test - Best epoch, Loss, MSE, RMSE, MAE, MAPE: 108, 0.01991, 0.01991, 0.14064, 0.06573, 6880457.26%
Time spent: 106.55s
- Epoch 114, ExpID 35921
Train - Loss (one batch): 0.02547
Val - Loss, MSE, RMSE, MAE, MAPE: 0.01984, 0.01984, 0.14061, 0.06729, 8564973.19%
Test - Best epoch, Loss, MSE, RMSE, MAE, MAPE: 108, 0.01991, 0.01991, 0.14064, 0.06573, 6880457.26%
Time spent: 107.75s
- Epoch 115, ExpID 35921
Train - Loss (one batch): 0.01843
Val - Loss, MSE, RMSE, MAE, MAPE: 0.01981, 0.01981, 0.14053, 0.06692, 8364272.00%
Test - Best epoch, Loss, MSE, RMSE, MAE, MAPE: 108, 0.01991, 0.01991, 0.14064, 0.06573, 6880457.26%
Time spent: 106.52s
- Epoch 116, ExpID 35921
Train - Loss (one batch): 0.02092
Val - Loss, MSE, RMSE, MAE, MAPE: 0.01981, 0.01981, 0.14053, 0.06616, 7961613.83%
Test - Best epoch, Loss, MSE, RMSE, MAE, MAPE: 108, 0.01991, 0.01991, 0.14064, 0.06573, 6880457.26%
Time spent: 103.57s
- Epoch 117, ExpID 35921
Train - Loss (one batch): 0.01987
Val - Loss, MSE, RMSE, MAE, MAPE: 0.01984, 0.01984, 0.14060, 0.06657, 8868166.92%
Test - Best epoch, Loss, MSE, RMSE, MAE, MAPE: 108, 0.01991, 0.01991, 0.14064, 0.06573, 6880457.26%
Time spent: 104.48s
- Epoch 118, ExpID 35921
Train - Loss (one batch): 0.01722
Val - Loss, MSE, RMSE, MAE, MAPE: 0.01978, 0.01978, 0.14042, 0.06640, 8423610.53%
Test - Best epoch, Loss, MSE, RMSE, MAE, MAPE: 118, 0.01990, 0.01990, 0.14059, 0.06614, 7876271.83%
Time spent: 123.69s
- Epoch 119, ExpID 35921
Train - Loss (one batch): 0.02298
Val - Loss, MSE, RMSE, MAE, MAPE: 0.01978, 0.01978, 0.14041, 0.06643, 8068026.39%
Test - Best epoch, Loss, MSE, RMSE, MAE, MAPE: 119, 0.01990, 0.01990, 0.14059, 0.06617, 7420144.31%
Time spent: 124.85s
- Epoch 120, ExpID 35921
Train - Loss (one batch): 0.01666
Val - Loss, MSE, RMSE, MAE, MAPE: 0.01981, 0.01981, 0.14052, 0.06698, 8318208.15%
Test - Best epoch, Loss, MSE, RMSE, MAE, MAPE: 119, 0.01990, 0.01990, 0.14059, 0.06617, 7420144.31%
Time spent: 105.89s
- Epoch 121, ExpID 35921
Train - Loss (one batch): 0.02009
Val - Loss, MSE, RMSE, MAE, MAPE: 0.01981, 0.01981, 0.14052, 0.06740, 7953891.84%
Test - Best epoch, Loss, MSE, RMSE, MAE, MAPE: 119, 0.01990, 0.01990, 0.14059, 0.06617, 7420144.31%
Time spent: 105.80s
- Epoch 122, ExpID 35921
Train - Loss (one batch): 0.01766
Val - Loss, MSE, RMSE, MAE, MAPE: 0.01979, 0.01979, 0.14044, 0.06663, 7577922.48%
Test - Best epoch, Loss, MSE, RMSE, MAE, MAPE: 119, 0.01990, 0.01990, 0.14059, 0.06617, 7420144.31%
Time spent: 106.03s
- Epoch 123, ExpID 35921
Train - Loss (one batch): 0.01456
Val - Loss, MSE, RMSE, MAE, MAPE: 0.01978, 0.01978, 0.14042, 0.06635, 7649149.56%
Test - Best epoch, Loss, MSE, RMSE, MAE, MAPE: 119, 0.01990, 0.01990, 0.14059, 0.06617, 7420144.31%
Time spent: 105.33s
- Epoch 124, ExpID 35921
Train - Loss (one batch): 0.02014
Val - Loss, MSE, RMSE, MAE, MAPE: 0.01978, 0.01978, 0.14039, 0.06648, 7721433.23%
Test - Best epoch, Loss, MSE, RMSE, MAE, MAPE: 124, 0.01988, 0.01988, 0.14053, 0.06621, 7039954.92%
Time spent: 123.45s
- Epoch 125, ExpID 35921
Train - Loss (one batch): 0.01900
Val - Loss, MSE, RMSE, MAE, MAPE: 0.01978, 0.01978, 0.14039, 0.06576, 7106669.33%
Test - Best epoch, Loss, MSE, RMSE, MAE, MAPE: 124, 0.01988, 0.01988, 0.14053, 0.06621, 7039954.92%
Time spent: 105.74s
- Epoch 126, ExpID 35921
Train - Loss (one batch): 0.02115
Val - Loss, MSE, RMSE, MAE, MAPE: 0.01979, 0.01979, 0.14042, 0.06664, 7152271.72%
Test - Best epoch, Loss, MSE, RMSE, MAE, MAPE: 124, 0.01988, 0.01988, 0.14053, 0.06621, 7039954.92%
Time spent: 107.14s
- Epoch 127, ExpID 35921
Train - Loss (one batch): 0.01520
Val - Loss, MSE, RMSE, MAE, MAPE: 0.01979, 0.01979, 0.14044, 0.06654, 7528881.36%
Test - Best epoch, Loss, MSE, RMSE, MAE, MAPE: 124, 0.01988, 0.01988, 0.14053, 0.06621, 7039954.92%
Time spent: 106.69s
- Epoch 128, ExpID 35921
Train - Loss (one batch): 0.01988
Val - Loss, MSE, RMSE, MAE, MAPE: 0.01976, 0.01976, 0.14035, 0.06576, 7557304.14%
Test - Best epoch, Loss, MSE, RMSE, MAE, MAPE: 128, 0.01988, 0.01988, 0.14054, 0.06553, 6937056.24%
Time spent: 124.11s
- Epoch 129, ExpID 35921
Train - Loss (one batch): 0.01833
Val - Loss, MSE, RMSE, MAE, MAPE: 0.01981, 0.01981, 0.14053, 0.06757, 7889506.42%
Test - Best epoch, Loss, MSE, RMSE, MAE, MAPE: 128, 0.01988, 0.01988, 0.14054, 0.06553, 6937056.24%
Time spent: 105.38s
- Epoch 130, ExpID 35921
Train - Loss (one batch): 0.02114
Val - Loss, MSE, RMSE, MAE, MAPE: 0.01977, 0.01977, 0.14038, 0.06655, 7650173.34%
Test - Best epoch, Loss, MSE, RMSE, MAE, MAPE: 128, 0.01988, 0.01988, 0.14054, 0.06553, 6937056.24%
Time spent: 106.12s
- Epoch 131, ExpID 35921
Train - Loss (one batch): 0.01660
Val - Loss, MSE, RMSE, MAE, MAPE: 0.01996, 0.01996, 0.14104, 0.06712, 8895965.47%
Test - Best epoch, Loss, MSE, RMSE, MAE, MAPE: 128, 0.01988, 0.01988, 0.14054, 0.06553, 6937056.24%
Time spent: 105.35s
- Epoch 132, ExpID 35921
Train - Loss (one batch): 0.02172
Val - Loss, MSE, RMSE, MAE, MAPE: 0.01980, 0.01980, 0.14048, 0.06728, 7769066.90%
Test - Best epoch, Loss, MSE, RMSE, MAE, MAPE: 128, 0.01988, 0.01988, 0.14054, 0.06553, 6937056.24%
Time spent: 105.05s
- Epoch 133, ExpID 35921
Train - Loss (one batch): 0.02106
Val - Loss, MSE, RMSE, MAE, MAPE: 0.01978, 0.01978, 0.14040, 0.06613, 8247605.60%
Test - Best epoch, Loss, MSE, RMSE, MAE, MAPE: 128, 0.01988, 0.01988, 0.14054, 0.06553, 6937056.24%
Time spent: 105.62s
- Epoch 134, ExpID 35921
Train - Loss (one batch): 0.01940
Val - Loss, MSE, RMSE, MAE, MAPE: 0.01975, 0.01975, 0.14028, 0.06582, 7209373.33%
Test - Best epoch, Loss, MSE, RMSE, MAE, MAPE: 134, 0.01986, 0.01986, 0.14046, 0.06553, 6509448.94%
Time spent: 124.54s
- Epoch 135, ExpID 35921
Train - Loss (one batch): 0.01974
Val - Loss, MSE, RMSE, MAE, MAPE: 0.01975, 0.01975, 0.14029, 0.06579, 8096121.64%
Test - Best epoch, Loss, MSE, RMSE, MAE, MAPE: 134, 0.01986, 0.01986, 0.14046, 0.06553, 6509448.94%
Time spent: 106.56s
- Epoch 136, ExpID 35921
Train - Loss (one batch): 0.01747
Val - Loss, MSE, RMSE, MAE, MAPE: 0.01983, 0.01983, 0.14057, 0.06839, 9456979.95%
Test - Best epoch, Loss, MSE, RMSE, MAE, MAPE: 134, 0.01986, 0.01986, 0.14046, 0.06553, 6509448.94%
Time spent: 106.60s
- Epoch 137, ExpID 35921
Train - Loss (one batch): 0.02103
Val - Loss, MSE, RMSE, MAE, MAPE: 0.01976, 0.01976, 0.14032, 0.06646, 8421711.06%
Test - Best epoch, Loss, MSE, RMSE, MAE, MAPE: 134, 0.01986, 0.01986, 0.14046, 0.06553, 6509448.94%
Time spent: 104.67s
- Epoch 138, ExpID 35921
Train - Loss (one batch): 0.02358
Val - Loss, MSE, RMSE, MAE, MAPE: 0.01975, 0.01975, 0.14031, 0.06678, 8107729.71%
Test - Best epoch, Loss, MSE, RMSE, MAE, MAPE: 134, 0.01986, 0.01986, 0.14046, 0.06553, 6509448.94%
Time spent: 106.87s
- Epoch 139, ExpID 35921
Train - Loss (one batch): 0.02455
Val - Loss, MSE, RMSE, MAE, MAPE: 0.01974, 0.01974, 0.14027, 0.06624, 7395183.71%
Test - Best epoch, Loss, MSE, RMSE, MAE, MAPE: 139, 0.01986, 0.01986, 0.14045, 0.06597, 6719817.53%
Time spent: 121.79s
- Epoch 140, ExpID 35921
Train - Loss (one batch): 0.01550
Val - Loss, MSE, RMSE, MAE, MAPE: 0.01974, 0.01974, 0.14027, 0.06618, 9232815.52%
Test - Best epoch, Loss, MSE, RMSE, MAE, MAPE: 139, 0.01986, 0.01986, 0.14045, 0.06597, 6719817.53%
Time spent: 104.90s
- Epoch 141, ExpID 35921
Train - Loss (one batch): 0.01966
Val - Loss, MSE, RMSE, MAE, MAPE: 0.01975, 0.01975, 0.14030, 0.06613, 7292228.73%
Test - Best epoch, Loss, MSE, RMSE, MAE, MAPE: 139, 0.01986, 0.01986, 0.14045, 0.06597, 6719817.53%
Time spent: 105.87s
- Epoch 142, ExpID 35921
Train - Loss (one batch): 0.02267
Val - Loss, MSE, RMSE, MAE, MAPE: 0.01974, 0.01974, 0.14026, 0.06610, 7870936.01%
Test - Best epoch, Loss, MSE, RMSE, MAE, MAPE: 142, 0.01985, 0.01985, 0.14040, 0.06580, 7149670.36%
Time spent: 125.77s
- Epoch 143, ExpID 35921
Train - Loss (one batch): 0.02301
Val - Loss, MSE, RMSE, MAE, MAPE: 0.01975, 0.01975, 0.14031, 0.06668, 8748777.08%
Test - Best epoch, Loss, MSE, RMSE, MAE, MAPE: 142, 0.01985, 0.01985, 0.14040, 0.06580, 7149670.36%
Time spent: 107.15s
- Epoch 144, ExpID 35921
Train - Loss (one batch): 0.02307
Val - Loss, MSE, RMSE, MAE, MAPE: 0.01975, 0.01975, 0.14029, 0.06689, 8238041.81%
Test - Best epoch, Loss, MSE, RMSE, MAE, MAPE: 142, 0.01985, 0.01985, 0.14040, 0.06580, 7149670.36%
Time spent: 105.91s
- Epoch 145, ExpID 35921
Train - Loss (one batch): 0.01913
Val - Loss, MSE, RMSE, MAE, MAPE: 0.01977, 0.01977, 0.14035, 0.06728, 8809262.02%
Test - Best epoch, Loss, MSE, RMSE, MAE, MAPE: 142, 0.01985, 0.01985, 0.14040, 0.06580, 7149670.36%
Time spent: 105.06s
- Epoch 146, ExpID 35921
Train - Loss (one batch): 0.01925
Val - Loss, MSE, RMSE, MAE, MAPE: 0.01977, 0.01977, 0.14038, 0.06696, 8311969.49%
Test - Best epoch, Loss, MSE, RMSE, MAE, MAPE: 142, 0.01985, 0.01985, 0.14040, 0.06580, 7149670.36%
Time spent: 106.48s
- Epoch 147, ExpID 35921
Train - Loss (one batch): 0.01722
Val - Loss, MSE, RMSE, MAE, MAPE: 0.01972, 0.01972, 0.14021, 0.06586, 8527068.73%
Test - Best epoch, Loss, MSE, RMSE, MAE, MAPE: 147, 0.01984, 0.01984, 0.14037, 0.06556, 7749508.96%
Time spent: 124.19s
- Epoch 148, ExpID 35921
Train - Loss (one batch): 0.01730
Val - Loss, MSE, RMSE, MAE, MAPE: 0.01976, 0.01976, 0.14033, 0.06642, 9014999.24%
Test - Best epoch, Loss, MSE, RMSE, MAE, MAPE: 147, 0.01984, 0.01984, 0.14037, 0.06556, 7749508.96%
Time spent: 105.74s
- Epoch 149, ExpID 35921
Train - Loss (one batch): 0.01682
Val - Loss, MSE, RMSE, MAE, MAPE: 0.01973, 0.01973, 0.14024, 0.06621, 7737317.23%
Test - Best epoch, Loss, MSE, RMSE, MAE, MAPE: 147, 0.01984, 0.01984, 0.14037, 0.06556, 7749508.96%
Time spent: 105.52s
- Epoch 150, ExpID 35921
Train - Loss (one batch): 0.01741
Val - Loss, MSE, RMSE, MAE, MAPE: 0.01976, 0.01976, 0.14032, 0.06619, 7947488.93%
Test - Best epoch, Loss, MSE, RMSE, MAE, MAPE: 147, 0.01984, 0.01984, 0.14037, 0.06556, 7749508.96%
Time spent: 104.83s
- Epoch 151, ExpID 35921
Train - Loss (one batch): 0.02033
Val - Loss, MSE, RMSE, MAE, MAPE: 0.01974, 0.01974, 0.14027, 0.06645, 7582941.15%
Test - Best epoch, Loss, MSE, RMSE, MAE, MAPE: 147, 0.01984, 0.01984, 0.14037, 0.06556, 7749508.96%
Time spent: 104.87s
- Epoch 152, ExpID 35921
Train - Loss (one batch): 0.02038
Val - Loss, MSE, RMSE, MAE, MAPE: 0.01978, 0.01978, 0.14040, 0.06709, 8258245.38%
Test - Best epoch, Loss, MSE, RMSE, MAE, MAPE: 147, 0.01984, 0.01984, 0.14037, 0.06556, 7749508.96%
Time spent: 105.74s
- Epoch 153, ExpID 35921
Train - Loss (one batch): 0.01876
Val - Loss, MSE, RMSE, MAE, MAPE: 0.01974, 0.01974, 0.14025, 0.06711, 9007058.87%
Test - Best epoch, Loss, MSE, RMSE, MAE, MAPE: 147, 0.01984, 0.01984, 0.14037, 0.06556, 7749508.96%
Time spent: 105.80s
- Epoch 154, ExpID 35921
Train - Loss (one batch): 0.01865
Val - Loss, MSE, RMSE, MAE, MAPE: 0.01976, 0.01976, 0.14034, 0.06714, 8658630.56%
Test - Best epoch, Loss, MSE, RMSE, MAE, MAPE: 147, 0.01984, 0.01984, 0.14037, 0.06556, 7749508.96%
Time spent: 106.37s
- Epoch 155, ExpID 35921
Train - Loss (one batch): 0.02109
Val - Loss, MSE, RMSE, MAE, MAPE: 0.01978, 0.01978, 0.14041, 0.06639, 7872279.30%
Test - Best epoch, Loss, MSE, RMSE, MAE, MAPE: 147, 0.01984, 0.01984, 0.14037, 0.06556, 7749508.96%
Time spent: 106.77s
- Epoch 156, ExpID 35921
Train - Loss (one batch): 0.02020
Val - Loss, MSE, RMSE, MAE, MAPE: 0.01974, 0.01974, 0.14026, 0.06678, 7922319.31%
Test - Best epoch, Loss, MSE, RMSE, MAE, MAPE: 147, 0.01984, 0.01984, 0.14037, 0.06556, 7749508.96%
Time spent: 106.08s
- Epoch 157, ExpID 35921
Train - Loss (one batch): 0.02004
Val - Loss, MSE, RMSE, MAE, MAPE: 0.01972, 0.01972, 0.14021, 0.06600, 7631105.94%
Test - Best epoch, Loss, MSE, RMSE, MAE, MAPE: 157, 0.01983, 0.01983, 0.14034, 0.06572, 6872888.58%
Time spent: 125.42s
- Epoch 158, ExpID 35921
Train - Loss (one batch): 0.02099
Val - Loss, MSE, RMSE, MAE, MAPE: 0.01972, 0.01972, 0.14018, 0.06658, 8596705.50%
Test - Best epoch, Loss, MSE, RMSE, MAE, MAPE: 158, 0.01985, 0.01985, 0.14040, 0.06639, 7924700.14%
Time spent: 123.50s
- Epoch 159, ExpID 35921
Train - Loss (one batch): 0.02056
Val - Loss, MSE, RMSE, MAE, MAPE: 0.01969, 0.01969, 0.14009, 0.06567, 7928994.43%
Test - Best epoch, Loss, MSE, RMSE, MAE, MAPE: 159, 0.01982, 0.01982, 0.14030, 0.06544, 7133962.68%
Time spent: 123.73s
- Epoch 160, ExpID 35921
Train - Loss (one batch): 0.01848
Val - Loss, MSE, RMSE, MAE, MAPE: 0.01974, 0.01974, 0.14027, 0.06680, 8066788.48%
Test - Best epoch, Loss, MSE, RMSE, MAE, MAPE: 159, 0.01982, 0.01982, 0.14030, 0.06544, 7133962.68%
Time spent: 105.80s
- Epoch 161, ExpID 35921
Train - Loss (one batch): 0.02083
Val - Loss, MSE, RMSE, MAE, MAPE: 0.01971, 0.01971, 0.14017, 0.06626, 7523106.01%
Test - Best epoch, Loss, MSE, RMSE, MAE, MAPE: 159, 0.01982, 0.01982, 0.14030, 0.06544, 7133962.68%
Time spent: 105.21s
- Epoch 162, ExpID 35921
Train - Loss (one batch): 0.02116
Val - Loss, MSE, RMSE, MAE, MAPE: 0.01977, 0.01977, 0.14037, 0.06749, 8862081.02%
Test - Best epoch, Loss, MSE, RMSE, MAE, MAPE: 159, 0.01982, 0.01982, 0.14030, 0.06544, 7133962.68%
Time spent: 105.77s
- Epoch 163, ExpID 35921
Train - Loss (one batch): 0.01645
Val - Loss, MSE, RMSE, MAE, MAPE: 0.01972, 0.01972, 0.14019, 0.06651, 7912515.82%
Test - Best epoch, Loss, MSE, RMSE, MAE, MAPE: 159, 0.01982, 0.01982, 0.14030, 0.06544, 7133962.68%
Time spent: 105.83s
- Epoch 164, ExpID 35921
Train - Loss (one batch): 0.02149
Val - Loss, MSE, RMSE, MAE, MAPE: 0.01973, 0.01973, 0.14021, 0.06645, 7468667.90%
Test - Best epoch, Loss, MSE, RMSE, MAE, MAPE: 159, 0.01982, 0.01982, 0.14030, 0.06544, 7133962.68%
Time spent: 105.86s
- Epoch 165, ExpID 35921
Train - Loss (one batch): 0.02192
Val - Loss, MSE, RMSE, MAE, MAPE: 0.01971, 0.01971, 0.14014, 0.06645, 7391666.75%
Test - Best epoch, Loss, MSE, RMSE, MAE, MAPE: 159, 0.01982, 0.01982, 0.14030, 0.06544, 7133962.68%
Time spent: 105.24s
- Epoch 166, ExpID 35921
Train - Loss (one batch): 0.02194
Val - Loss, MSE, RMSE, MAE, MAPE: 0.01971, 0.01971, 0.14015, 0.06647, 8250639.96%
Test - Best epoch, Loss, MSE, RMSE, MAE, MAPE: 159, 0.01982, 0.01982, 0.14030, 0.06544, 7133962.68%
Time spent: 105.11s
- Epoch 167, ExpID 35921
Train - Loss (one batch): 0.01937
Val - Loss, MSE, RMSE, MAE, MAPE: 0.01969, 0.01969, 0.14009, 0.06621, 7672679.00%
Test - Best epoch, Loss, MSE, RMSE, MAE, MAPE: 167, 0.01981, 0.01981, 0.14027, 0.06596, 6942090.73%
Time spent: 124.01s
- Epoch 168, ExpID 35921
Train - Loss (one batch): 0.02046
Val - Loss, MSE, RMSE, MAE, MAPE: 0.01973, 0.01973, 0.14022, 0.06615, 8938110.88%
Test - Best epoch, Loss, MSE, RMSE, MAE, MAPE: 167, 0.01981, 0.01981, 0.14027, 0.06596, 6942090.73%
Time spent: 106.38s
- Epoch 169, ExpID 35921
Train - Loss (one batch): 0.02541
Val - Loss, MSE, RMSE, MAE, MAPE: 0.01970, 0.01970, 0.14013, 0.06634, 8193715.90%
Test - Best epoch, Loss, MSE, RMSE, MAE, MAPE: 167, 0.01981, 0.01981, 0.14027, 0.06596, 6942090.73%
Time spent: 105.62s
- Epoch 170, ExpID 35921
Train - Loss (one batch): 0.01805
Val - Loss, MSE, RMSE, MAE, MAPE: 0.01980, 0.01980, 0.14049, 0.06886, 9736820.47%
Test - Best epoch, Loss, MSE, RMSE, MAE, MAPE: 167, 0.01981, 0.01981, 0.14027, 0.06596, 6942090.73%
Time spent: 105.61s
- Epoch 171, ExpID 35921
Train - Loss (one batch): 0.01709
Val - Loss, MSE, RMSE, MAE, MAPE: 0.01971, 0.01971, 0.14017, 0.06662, 8155199.58%
Test - Best epoch, Loss, MSE, RMSE, MAE, MAPE: 167, 0.01981, 0.01981, 0.14027, 0.06596, 6942090.73%
Time spent: 106.23s
- Epoch 172, ExpID 35921
Train - Loss (one batch): 0.02108
Val - Loss, MSE, RMSE, MAE, MAPE: 0.01970, 0.01970, 0.14011, 0.06552, 7541712.55%
Test - Best epoch, Loss, MSE, RMSE, MAE, MAPE: 167, 0.01981, 0.01981, 0.14027, 0.06596, 6942090.73%
Time spent: 104.81s
- Epoch 173, ExpID 35921
Train - Loss (one batch): 0.01935
Val - Loss, MSE, RMSE, MAE, MAPE: 0.01971, 0.01971, 0.14015, 0.06668, 10367988.95%
Test - Best epoch, Loss, MSE, RMSE, MAE, MAPE: 167, 0.01981, 0.01981, 0.14027, 0.06596, 6942090.73%
Time spent: 104.98s
- Epoch 174, ExpID 35921
Train - Loss (one batch): 0.01702
Val - Loss, MSE, RMSE, MAE, MAPE: 0.01969, 0.01969, 0.14008, 0.06580, 8125450.39%
Test - Best epoch, Loss, MSE, RMSE, MAE, MAPE: 174, 0.01981, 0.01981, 0.14027, 0.06556, 7239230.50%
Time spent: 124.42s
- Epoch 175, ExpID 35921
Train - Loss (one batch): 0.02051
Val - Loss, MSE, RMSE, MAE, MAPE: 0.01973, 0.01973, 0.14022, 0.06741, 8539024.16%
Test - Best epoch, Loss, MSE, RMSE, MAE, MAPE: 174, 0.01981, 0.01981, 0.14027, 0.06556, 7239230.50%
Time spent: 106.24s
- Epoch 176, ExpID 35921
Train - Loss (one batch): 0.01791
Val - Loss, MSE, RMSE, MAE, MAPE: 0.01976, 0.01976, 0.14034, 0.06602, 8250696.87%
Test - Best epoch, Loss, MSE, RMSE, MAE, MAPE: 174, 0.01981, 0.01981, 0.14027, 0.06556, 7239230.50%
Time spent: 105.62s
- Epoch 177, ExpID 35921
Train - Loss (one batch): 0.01914
Val - Loss, MSE, RMSE, MAE, MAPE: 0.01973, 0.01973, 0.14024, 0.06730, 7390187.76%
Test - Best epoch, Loss, MSE, RMSE, MAE, MAPE: 174, 0.01981, 0.01981, 0.14027, 0.06556, 7239230.50%
Time spent: 106.62s
- Epoch 178, ExpID 35921
Train - Loss (one batch): 0.01457
Val - Loss, MSE, RMSE, MAE, MAPE: 0.01969, 0.01969, 0.14009, 0.06651, 8435112.92%
Test - Best epoch, Loss, MSE, RMSE, MAE, MAPE: 174, 0.01981, 0.01981, 0.14027, 0.06556, 7239230.50%
Time spent: 106.58s
- Epoch 179, ExpID 35921
Train - Loss (one batch): 0.01939
Val - Loss, MSE, RMSE, MAE, MAPE: 0.01970, 0.01970, 0.14011, 0.06607, 7982060.86%
Test - Best epoch, Loss, MSE, RMSE, MAE, MAPE: 174, 0.01981, 0.01981, 0.14027, 0.06556, 7239230.50%
Time spent: 105.56s
- Epoch 180, ExpID 35921
Train - Loss (one batch): 0.01986
Val - Loss, MSE, RMSE, MAE, MAPE: 0.01970, 0.01970, 0.14011, 0.06641, 7965752.22%
Test - Best epoch, Loss, MSE, RMSE, MAE, MAPE: 174, 0.01981, 0.01981, 0.14027, 0.06556, 7239230.50%
Time spent: 105.60s
- Epoch 181, ExpID 35921
Train - Loss (one batch): 0.02068
Val - Loss, MSE, RMSE, MAE, MAPE: 0.01968, 0.01968, 0.14003, 0.06551, 7177998.37%
Test - Best epoch, Loss, MSE, RMSE, MAE, MAPE: 181, 0.01980, 0.01980, 0.14025, 0.06529, 6535740.44%
Time spent: 124.41s
- Epoch 182, ExpID 35921
Train - Loss (one batch): 0.01802
Val - Loss, MSE, RMSE, MAE, MAPE: 0.01968, 0.01968, 0.14006, 0.06557, 7666576.43%
Test - Best epoch, Loss, MSE, RMSE, MAE, MAPE: 181, 0.01980, 0.01980, 0.14025, 0.06529, 6535740.44%
Time spent: 105.37s
- Epoch 183, ExpID 35921
Train - Loss (one batch): 0.02022
Val - Loss, MSE, RMSE, MAE, MAPE: 0.01971, 0.01971, 0.14015, 0.06680, 7528255.73%
Test - Best epoch, Loss, MSE, RMSE, MAE, MAPE: 181, 0.01980, 0.01980, 0.14025, 0.06529, 6535740.44%
Time spent: 106.43s
- Epoch 184, ExpID 35921
Train - Loss (one batch): 0.01885
Val - Loss, MSE, RMSE, MAE, MAPE: 0.01969, 0.01969, 0.14008, 0.06605, 7436604.10%
Test - Best epoch, Loss, MSE, RMSE, MAE, MAPE: 181, 0.01980, 0.01980, 0.14025, 0.06529, 6535740.44%
Time spent: 105.15s
- Epoch 185, ExpID 35921
Train - Loss (one batch): 0.01716
Val - Loss, MSE, RMSE, MAE, MAPE: 0.01975, 0.01975, 0.14029, 0.06755, 8170011.05%
Test - Best epoch, Loss, MSE, RMSE, MAE, MAPE: 181, 0.01980, 0.01980, 0.14025, 0.06529, 6535740.44%
Time spent: 106.02s
- Epoch 186, ExpID 35921
Train - Loss (one batch): 0.01985
Val - Loss, MSE, RMSE, MAE, MAPE: 0.01971, 0.01971, 0.14014, 0.06620, 6936029.30%
Test - Best epoch, Loss, MSE, RMSE, MAE, MAPE: 181, 0.01980, 0.01980, 0.14025, 0.06529, 6535740.44%
Time spent: 106.20s
- Epoch 187, ExpID 35921
Train - Loss (one batch): 0.01800
Val - Loss, MSE, RMSE, MAE, MAPE: 0.01969, 0.01969, 0.14010, 0.06620, 8882119.69%
Test - Best epoch, Loss, MSE, RMSE, MAE, MAPE: 181, 0.01980, 0.01980, 0.14025, 0.06529, 6535740.44%
Time spent: 105.74s
- Epoch 188, ExpID 35921
Train - Loss (one batch): 0.02305
Val - Loss, MSE, RMSE, MAE, MAPE: 0.01968, 0.01968, 0.14005, 0.06623, 7545909.36%
Test - Best epoch, Loss, MSE, RMSE, MAE, MAPE: 181, 0.01980, 0.01980, 0.14025, 0.06529, 6535740.44%
Time spent: 105.69s
- Epoch 189, ExpID 35921
Train - Loss (one batch): 0.02160
Val - Loss, MSE, RMSE, MAE, MAPE: 0.01968, 0.01968, 0.14004, 0.06628, 7729397.45%
Test - Best epoch, Loss, MSE, RMSE, MAE, MAPE: 181, 0.01980, 0.01980, 0.14025, 0.06529, 6535740.44%
Time spent: 105.53s
- Epoch 190, ExpID 35921
Train - Loss (one batch): 0.01793
Val - Loss, MSE, RMSE, MAE, MAPE: 0.01973, 0.01973, 0.14022, 0.06763, 8851792.42%
Test - Best epoch, Loss, MSE, RMSE, MAE, MAPE: 181, 0.01980, 0.01980, 0.14025, 0.06529, 6535740.44%
Time spent: 106.58s
- Epoch 191, ExpID 35921
Train - Loss (one batch): 0.02048
Val - Loss, MSE, RMSE, MAE, MAPE: 0.01971, 0.01971, 0.14015, 0.06669, 8041431.47%
Test - Best epoch, Loss, MSE, RMSE, MAE, MAPE: 181, 0.01980, 0.01980, 0.14025, 0.06529, 6535740.44%
Time spent: 105.76s
- Epoch 192, ExpID 35921
Train - Loss (one batch): 0.01808
Val - Loss, MSE, RMSE, MAE, MAPE: 0.01967, 0.01967, 0.14002, 0.06617, 7616928.05%
Test - Best epoch, Loss, MSE, RMSE, MAE, MAPE: 192, 0.01979, 0.01979, 0.14019, 0.06592, 6861964.26%
Time spent: 123.99s
- Epoch 193, ExpID 35921
Train - Loss (one batch): 0.01819
Val - Loss, MSE, RMSE, MAE, MAPE: 0.01968, 0.01968, 0.14005, 0.06647, 7665861.71%
Test - Best epoch, Loss, MSE, RMSE, MAE, MAPE: 192, 0.01979, 0.01979, 0.14019, 0.06592, 6861964.26%
Time spent: 105.03s
- Epoch 194, ExpID 35921
Train - Loss (one batch): 0.02037
Val - Loss, MSE, RMSE, MAE, MAPE: 0.01967, 0.01967, 0.14000, 0.06609, 6789272.02%
Test - Best epoch, Loss, MSE, RMSE, MAE, MAPE: 194, 0.01980, 0.01980, 0.14022, 0.06587, 6170308.95%
Time spent: 124.16s
- Epoch 195, ExpID 35921
Train - Loss (one batch): 0.01794
Val - Loss, MSE, RMSE, MAE, MAPE: 0.01973, 0.01973, 0.14024, 0.06789, 8890401.66%
Test - Best epoch, Loss, MSE, RMSE, MAE, MAPE: 194, 0.01980, 0.01980, 0.14022, 0.06587, 6170308.95%
Time spent: 105.11s
- Epoch 196, ExpID 35921
Train - Loss (one batch): 0.01815
Val - Loss, MSE, RMSE, MAE, MAPE: 0.01967, 0.01967, 0.14002, 0.06659, 8474533.24%
Test - Best epoch, Loss, MSE, RMSE, MAE, MAPE: 194, 0.01980, 0.01980, 0.14022, 0.06587, 6170308.95%
Time spent: 103.93s
- Epoch 197, ExpID 35921
Train - Loss (one batch): 0.01838
Val - Loss, MSE, RMSE, MAE, MAPE: 0.01965, 0.01965, 0.13995, 0.06566, 7312081.30%
Test - Best epoch, Loss, MSE, RMSE, MAE, MAPE: 197, 0.01978, 0.01978, 0.14016, 0.06539, 6622048.61%
Time spent: 123.12s
- Epoch 198, ExpID 35921
Train - Loss (one batch): 0.01845
Val - Loss, MSE, RMSE, MAE, MAPE: 0.01969, 0.01969, 0.14009, 0.06676, 7732452.35%
Test - Best epoch, Loss, MSE, RMSE, MAE, MAPE: 197, 0.01978, 0.01978, 0.14016, 0.06539, 6622048.61%
Time spent: 106.51s
- Epoch 199, ExpID 35921
Train - Loss (one batch): 0.01988
Val - Loss, MSE, RMSE, MAE, MAPE: 0.01966, 0.01966, 0.13997, 0.06578, 7449676.37%
Test - Best epoch, Loss, MSE, RMSE, MAE, MAPE: 197, 0.01978, 0.01978, 0.14016, 0.06539, 6622048.61%
Time spent: 105.37s
- Epoch 200, ExpID 35921
Train - Loss (one batch): 0.01869
Val - Loss, MSE, RMSE, MAE, MAPE: 0.01968, 0.01968, 0.14006, 0.06669, 7604346.68%
Test - Best epoch, Loss, MSE, RMSE, MAE, MAPE: 197, 0.01978, 0.01978, 0.14016, 0.06539, 6622048.61%
Time spent: 105.61s
- Epoch 201, ExpID 35921
Train - Loss (one batch): 0.01866
Val - Loss, MSE, RMSE, MAE, MAPE: 0.01968, 0.01968, 0.14003, 0.06639, 8068594.18%
Test - Best epoch, Loss, MSE, RMSE, MAE, MAPE: 197, 0.01978, 0.01978, 0.14016, 0.06539, 6622048.61%
Time spent: 104.96s
- Epoch 202, ExpID 35921
Train - Loss (one batch): 0.01673
Val - Loss, MSE, RMSE, MAE, MAPE: 0.01967, 0.01967, 0.14002, 0.06573, 8354609.54%
Test - Best epoch, Loss, MSE, RMSE, MAE, MAPE: 197, 0.01978, 0.01978, 0.14016, 0.06539, 6622048.61%
Time spent: 106.01s
- Epoch 203, ExpID 35921
Train - Loss (one batch): 0.01670
Val - Loss, MSE, RMSE, MAE, MAPE: 0.01966, 0.01966, 0.13996, 0.06615, 7607695.97%
Test - Best epoch, Loss, MSE, RMSE, MAE, MAPE: 197, 0.01978, 0.01978, 0.14016, 0.06539, 6622048.61%
Time spent: 105.44s
- Epoch 204, ExpID 35921
Train - Loss (one batch): 0.01853
Val - Loss, MSE, RMSE, MAE, MAPE: 0.01965, 0.01965, 0.13995, 0.06561, 6548133.42%
Test - Best epoch, Loss, MSE, RMSE, MAE, MAPE: 197, 0.01978, 0.01978, 0.14016, 0.06539, 6622048.61%
Time spent: 105.85s
- Epoch 205, ExpID 35921
Train - Loss (one batch): 0.02264
Val - Loss, MSE, RMSE, MAE, MAPE: 0.01969, 0.01969, 0.14010, 0.06719, 7822412.39%
Test - Best epoch, Loss, MSE, RMSE, MAE, MAPE: 197, 0.01978, 0.01978, 0.14016, 0.06539, 6622048.61%
Time spent: 105.24s
- Epoch 206, ExpID 35921
Train - Loss (one batch): 0.02118
Val - Loss, MSE, RMSE, MAE, MAPE: 0.01969, 0.01969, 0.14010, 0.06729, 9966425.74%
Test - Best epoch, Loss, MSE, RMSE, MAE, MAPE: 197, 0.01978, 0.01978, 0.14016, 0.06539, 6622048.61%
Time spent: 105.70s
- Epoch 207, ExpID 35921
Train - Loss (one batch): 0.02270
Val - Loss, MSE, RMSE, MAE, MAPE: 0.01967, 0.01967, 0.14000, 0.06603, 7635698.31%
Test - Best epoch, Loss, MSE, RMSE, MAE, MAPE: 197, 0.01978, 0.01978, 0.14016, 0.06539, 6622048.61%
Time spent: 105.40s
- Epoch 208, ExpID 35921
Train - Loss (one batch): 0.02284
Val - Loss, MSE, RMSE, MAE, MAPE: 0.01964, 0.01964, 0.13992, 0.06644, 7729382.96%
Test - Best epoch, Loss, MSE, RMSE, MAE, MAPE: 208, 0.01977, 0.01977, 0.14012, 0.06620, 7013554.90%
Time spent: 124.08s
- Epoch 209, ExpID 35921
Train - Loss (one batch): 0.01748
Val - Loss, MSE, RMSE, MAE, MAPE: 0.01966, 0.01966, 0.13998, 0.06632, 7724458.04%
Test - Best epoch, Loss, MSE, RMSE, MAE, MAPE: 208, 0.01977, 0.01977, 0.14012, 0.06620, 7013554.90%
Time spent: 107.17s
- Epoch 210, ExpID 35921
Train - Loss (one batch): 0.02261
Val - Loss, MSE, RMSE, MAE, MAPE: 0.01967, 0.01967, 0.14002, 0.06659, 7437265.46%
Test - Best epoch, Loss, MSE, RMSE, MAE, MAPE: 208, 0.01977, 0.01977, 0.14012, 0.06620, 7013554.90%
Time spent: 105.46s
- Epoch 211, ExpID 35921
Train - Loss (one batch): 0.01744
Val - Loss, MSE, RMSE, MAE, MAPE: 0.01968, 0.01968, 0.14006, 0.06717, 9202359.78%
Test - Best epoch, Loss, MSE, RMSE, MAE, MAPE: 208, 0.01977, 0.01977, 0.14012, 0.06620, 7013554.90%
Time spent: 105.97s
- Epoch 212, ExpID 35921
Train - Loss (one batch): 0.01583
Val - Loss, MSE, RMSE, MAE, MAPE: 0.01971, 0.01971, 0.14016, 0.06741, 7321701.92%
Test - Best epoch, Loss, MSE, RMSE, MAE, MAPE: 208, 0.01977, 0.01977, 0.14012, 0.06620, 7013554.90%
Time spent: 106.15s
- Epoch 213, ExpID 35921
Train - Loss (one batch): 0.01661
Val - Loss, MSE, RMSE, MAE, MAPE: 0.01967, 0.01967, 0.14003, 0.06738, 8982443.44%
Test - Best epoch, Loss, MSE, RMSE, MAE, MAPE: 208, 0.01977, 0.01977, 0.14012, 0.06620, 7013554.90%
Time spent: 105.86s
- Epoch 214, ExpID 35921
Train - Loss (one batch): 0.01904
Val - Loss, MSE, RMSE, MAE, MAPE: 0.01964, 0.01964, 0.13992, 0.06596, 6977246.65%
Test - Best epoch, Loss, MSE, RMSE, MAE, MAPE: 214, 0.01976, 0.01976, 0.14011, 0.06576, 6364794.84%
Time spent: 125.19s
- Epoch 215, ExpID 35921
Train - Loss (one batch): 0.02224
Val - Loss, MSE, RMSE, MAE, MAPE: 0.01965, 0.01965, 0.13992, 0.06557, 7515949.97%
Test - Best epoch, Loss, MSE, RMSE, MAE, MAPE: 214, 0.01976, 0.01976, 0.14011, 0.06576, 6364794.84%
Time spent: 104.99s
- Epoch 216, ExpID 35921
Train - Loss (one batch): 0.01757
Val - Loss, MSE, RMSE, MAE, MAPE: 0.01964, 0.01964, 0.13992, 0.06545, 7329400.33%
Test - Best epoch, Loss, MSE, RMSE, MAE, MAPE: 214, 0.01976, 0.01976, 0.14011, 0.06576, 6364794.84%
Time spent: 107.44s
- Epoch 217, ExpID 35921
Train - Loss (one batch): 0.01937
Val - Loss, MSE, RMSE, MAE, MAPE: 0.01964, 0.01964, 0.13991, 0.06628, 7575597.88%
Test - Best epoch, Loss, MSE, RMSE, MAE, MAPE: 217, 0.01975, 0.01975, 0.14004, 0.06604, 6631768.98%
Time spent: 124.92s
- Epoch 218, ExpID 35921
Train - Loss (one batch): 0.02193
Val - Loss, MSE, RMSE, MAE, MAPE: 0.01969, 0.01969, 0.14007, 0.06685, 7701578.91%
Test - Best epoch, Loss, MSE, RMSE, MAE, MAPE: 217, 0.01975, 0.01975, 0.14004, 0.06604, 6631768.98%
Time spent: 104.97s
- Epoch 219, ExpID 35921
Train - Loss (one batch): 0.01885
Val - Loss, MSE, RMSE, MAE, MAPE: 0.01967, 0.01967, 0.14001, 0.06628, 7223212.50%
Test - Best epoch, Loss, MSE, RMSE, MAE, MAPE: 217, 0.01975, 0.01975, 0.14004, 0.06604, 6631768.98%
Time spent: 106.59s
- Epoch 220, ExpID 35921
Train - Loss (one batch): 0.01829
Val - Loss, MSE, RMSE, MAE, MAPE: 0.01973, 0.01973, 0.14022, 0.06802, 10354777.64%
Test - Best epoch, Loss, MSE, RMSE, MAE, MAPE: 217, 0.01975, 0.01975, 0.14004, 0.06604, 6631768.98%
Time spent: 105.16s
- Epoch 221, ExpID 35921
Train - Loss (one batch): 0.01898
Val - Loss, MSE, RMSE, MAE, MAPE: 0.01965, 0.01965, 0.13994, 0.06612, 7736143.76%
Test - Best epoch, Loss, MSE, RMSE, MAE, MAPE: 217, 0.01975, 0.01975, 0.14004, 0.06604, 6631768.98%
Time spent: 105.36s
- Epoch 222, ExpID 35921
Train - Loss (one batch): 0.02349
Val - Loss, MSE, RMSE, MAE, MAPE: 0.01964, 0.01964, 0.13991, 0.06607, 7345398.64%
Test - Best epoch, Loss, MSE, RMSE, MAE, MAPE: 222, 0.01975, 0.01975, 0.14005, 0.06582, 6431495.09%
Time spent: 124.84s
- Epoch 223, ExpID 35921
Train - Loss (one batch): 0.01735
Val - Loss, MSE, RMSE, MAE, MAPE: 0.01962, 0.01962, 0.13983, 0.06587, 7370172.07%
Test - Best epoch, Loss, MSE, RMSE, MAE, MAPE: 223, 0.01975, 0.01975, 0.14006, 0.06565, 6782683.86%
Time spent: 125.15s
- Epoch 224, ExpID 35921
Train - Loss (one batch): 0.02245
Val - Loss, MSE, RMSE, MAE, MAPE: 0.01965, 0.01965, 0.13993, 0.06598, 7795363.69%
Test - Best epoch, Loss, MSE, RMSE, MAE, MAPE: 223, 0.01975, 0.01975, 0.14006, 0.06565, 6782683.86%
Time spent: 104.55s
- Epoch 225, ExpID 35921
Train - Loss (one batch): 0.02219
Val - Loss, MSE, RMSE, MAE, MAPE: 0.01966, 0.01966, 0.13996, 0.06675, 8045427.83%
Test - Best epoch, Loss, MSE, RMSE, MAE, MAPE: 223, 0.01975, 0.01975, 0.14006, 0.06565, 6782683.86%
Time spent: 105.68s
- Epoch 226, ExpID 35921
Train - Loss (one batch): 0.02176
Val - Loss, MSE, RMSE, MAE, MAPE: 0.01966, 0.01966, 0.13998, 0.06630, 7497653.58%
Test - Best epoch, Loss, MSE, RMSE, MAE, MAPE: 223, 0.01975, 0.01975, 0.14006, 0.06565, 6782683.86%
Time spent: 106.19s
- Epoch 227, ExpID 35921
Train - Loss (one batch): 0.01872
Val - Loss, MSE, RMSE, MAE, MAPE: 0.01964, 0.01964, 0.13992, 0.06640, 7728354.61%
Test - Best epoch, Loss, MSE, RMSE, MAE, MAPE: 223, 0.01975, 0.01975, 0.14006, 0.06565, 6782683.86%
Time spent: 105.79s
- Epoch 228, ExpID 35921
Train - Loss (one batch): 0.02151
Val - Loss, MSE, RMSE, MAE, MAPE: 0.01964, 0.01964, 0.13990, 0.06617, 7530186.85%
Test - Best epoch, Loss, MSE, RMSE, MAE, MAPE: 223, 0.01975, 0.01975, 0.14006, 0.06565, 6782683.86%
Time spent: 104.94s
- Epoch 229, ExpID 35921
Train - Loss (one batch): 0.01990
Val - Loss, MSE, RMSE, MAE, MAPE: 0.01962, 0.01962, 0.13984, 0.06538, 7482879.86%
Test - Best epoch, Loss, MSE, RMSE, MAE, MAPE: 223, 0.01975, 0.01975, 0.14006, 0.06565, 6782683.86%
Time spent: 106.49s
- Epoch 230, ExpID 35921
Train - Loss (one batch): 0.01831
Val - Loss, MSE, RMSE, MAE, MAPE: 0.01963, 0.01963, 0.13988, 0.06629, 7536757.41%
Test - Best epoch, Loss, MSE, RMSE, MAE, MAPE: 223, 0.01975, 0.01975, 0.14006, 0.06565, 6782683.86%
Time spent: 104.56s
- Epoch 231, ExpID 35921
Train - Loss (one batch): 0.01672
Val - Loss, MSE, RMSE, MAE, MAPE: 0.01963, 0.01963, 0.13986, 0.06559, 7328581.10%
Test - Best epoch, Loss, MSE, RMSE, MAE, MAPE: 223, 0.01975, 0.01975, 0.14006, 0.06565, 6782683.86%
Time spent: 104.52s
- Epoch 232, ExpID 35921
Train - Loss (one batch): 0.02176
Val - Loss, MSE, RMSE, MAE, MAPE: 0.01964, 0.01964, 0.13990, 0.06659, 7350018.38%
Test - Best epoch, Loss, MSE, RMSE, MAE, MAPE: 223, 0.01975, 0.01975, 0.14006, 0.06565, 6782683.86%
Time spent: 104.63s
- Epoch 233, ExpID 35921
Train - Loss (one batch): 0.01664
Val - Loss, MSE, RMSE, MAE, MAPE: 0.01965, 0.01965, 0.13993, 0.06653, 8294620.65%
Test - Best epoch, Loss, MSE, RMSE, MAE, MAPE: 223, 0.01975, 0.01975, 0.14006, 0.06565, 6782683.86%
Time spent: 104.28s
- Epoch 234, ExpID 35921
Train - Loss (one batch): 0.01701
Val - Loss, MSE, RMSE, MAE, MAPE: 0.01965, 0.01965, 0.13994, 0.06619, 7623736.42%
Test - Best epoch, Loss, MSE, RMSE, MAE, MAPE: 223, 0.01975, 0.01975, 0.14006, 0.06565, 6782683.86%
Time spent: 105.55s
- Epoch 235, ExpID 35921
Train - Loss (one batch): 0.01616
Val - Loss, MSE, RMSE, MAE, MAPE: 0.01962, 0.01962, 0.13982, 0.06516, 6689156.73%
Test - Best epoch, Loss, MSE, RMSE, MAE, MAPE: 235, 0.01974, 0.01974, 0.14004, 0.06497, 5975942.00%
Time spent: 123.83s
- Epoch 236, ExpID 35921
Train - Loss (one batch): 0.01796
Val - Loss, MSE, RMSE, MAE, MAPE: 0.01965, 0.01965, 0.13995, 0.06701, 7626065.54%
Test - Best epoch, Loss, MSE, RMSE, MAE, MAPE: 235, 0.01974, 0.01974, 0.14004, 0.06497, 5975942.00%
Time spent: 105.87s
- Epoch 237, ExpID 35921
Train - Loss (one batch): 0.01690
Val - Loss, MSE, RMSE, MAE, MAPE: 0.01961, 0.01961, 0.13981, 0.06532, 6991070.56%
Test - Best epoch, Loss, MSE, RMSE, MAE, MAPE: 237, 0.01973, 0.01973, 0.13997, 0.06508, 6280383.40%
Time spent: 122.23s
- Epoch 238, ExpID 35921
Train - Loss (one batch): 0.01827
Val - Loss, MSE, RMSE, MAE, MAPE: 0.01964, 0.01964, 0.13989, 0.06629, 7989843.78%
Test - Best epoch, Loss, MSE, RMSE, MAE, MAPE: 237, 0.01973, 0.01973, 0.13997, 0.06508, 6280383.40%
Time spent: 105.15s
- Epoch 239, ExpID 35921
Train - Loss (one batch): 0.02172
Val - Loss, MSE, RMSE, MAE, MAPE: 0.01966, 0.01966, 0.13998, 0.06691, 7933196.42%
Test - Best epoch, Loss, MSE, RMSE, MAE, MAPE: 237, 0.01973, 0.01973, 0.13997, 0.06508, 6280383.40%
Time spent: 107.27s
- Epoch 240, ExpID 35921
Train - Loss (one batch): 0.01777
Val - Loss, MSE, RMSE, MAE, MAPE: 0.01970, 0.01970, 0.14011, 0.06769, 8416663.14%
Test - Best epoch, Loss, MSE, RMSE, MAE, MAPE: 237, 0.01973, 0.01973, 0.13997, 0.06508, 6280383.40%
Time spent: 105.25s
- Epoch 241, ExpID 35921
Train - Loss (one batch): 0.02361
Val - Loss, MSE, RMSE, MAE, MAPE: 0.01961, 0.01961, 0.13980, 0.06568, 8073414.83%
Test - Best epoch, Loss, MSE, RMSE, MAE, MAPE: 241, 0.01972, 0.01972, 0.13996, 0.06543, 7350852.20%
Time spent: 124.60s
- Epoch 242, ExpID 35921
Train - Loss (one batch): 0.01894
Val - Loss, MSE, RMSE, MAE, MAPE: 0.01962, 0.01962, 0.13982, 0.06585, 7221067.32%
Test - Best epoch, Loss, MSE, RMSE, MAE, MAPE: 241, 0.01972, 0.01972, 0.13996, 0.06543, 7350852.20%
Time spent: 106.39s
- Epoch 243, ExpID 35921
Train - Loss (one batch): 0.01834
Val - Loss, MSE, RMSE, MAE, MAPE: 0.01962, 0.01962, 0.13982, 0.06585, 7641112.14%
Test - Best epoch, Loss, MSE, RMSE, MAE, MAPE: 241, 0.01972, 0.01972, 0.13996, 0.06543, 7350852.20%
Time spent: 105.68s
- Epoch 244, ExpID 35921
Train - Loss (one batch): 0.01623
Val - Loss, MSE, RMSE, MAE, MAPE: 0.01964, 0.01964, 0.13989, 0.06658, 8018607.60%
Test - Best epoch, Loss, MSE, RMSE, MAE, MAPE: 241, 0.01972, 0.01972, 0.13996, 0.06543, 7350852.20%
Time spent: 106.71s
- Epoch 245, ExpID 35921
Train - Loss (one batch): 0.01490
Val - Loss, MSE, RMSE, MAE, MAPE: 0.01964, 0.01964, 0.13991, 0.06677, 8902570.81%
Test - Best epoch, Loss, MSE, RMSE, MAE, MAPE: 241, 0.01972, 0.01972, 0.13996, 0.06543, 7350852.20%
Time spent: 105.79s
- Epoch 246, ExpID 35921
Train - Loss (one batch): 0.01945
Val - Loss, MSE, RMSE, MAE, MAPE: 0.01961, 0.01961, 0.13981, 0.06577, 7506417.72%
Test - Best epoch, Loss, MSE, RMSE, MAE, MAPE: 241, 0.01972, 0.01972, 0.13996, 0.06543, 7350852.20%
Time spent: 106.88s
- Epoch 247, ExpID 35921
Train - Loss (one batch): 0.02067
Val - Loss, MSE, RMSE, MAE, MAPE: 0.01963, 0.01963, 0.13986, 0.06560, 7192209.75%
Test - Best epoch, Loss, MSE, RMSE, MAE, MAPE: 241, 0.01972, 0.01972, 0.13996, 0.06543, 7350852.20%
Time spent: 105.22s
- Epoch 248, ExpID 35921
Train - Loss (one batch): 0.01727
Val - Loss, MSE, RMSE, MAE, MAPE: 0.01969, 0.01969, 0.14007, 0.06710, 8196298.00%
Test - Best epoch, Loss, MSE, RMSE, MAE, MAPE: 241, 0.01972, 0.01972, 0.13996, 0.06543, 7350852.20%
Time spent: 105.74s
- Epoch 249, ExpID 35921
Train - Loss (one batch): 0.02158
Val - Loss, MSE, RMSE, MAE, MAPE: 0.01961, 0.01961, 0.13981, 0.06611, 8460601.86%
Test - Best epoch, Loss, MSE, RMSE, MAE, MAPE: 241, 0.01972, 0.01972, 0.13996, 0.06543, 7350852.20%
Time spent: 105.59s
- Epoch 250, ExpID 35921
Train - Loss (one batch): 0.01963
Val - Loss, MSE, RMSE, MAE, MAPE: 0.01963, 0.01963, 0.13987, 0.06654, 7891212.95%
Test - Best epoch, Loss, MSE, RMSE, MAE, MAPE: 241, 0.01972, 0.01972, 0.13996, 0.06543, 7350852.20%
Time spent: 105.73s
- Epoch 251, ExpID 35921
Train - Loss (one batch): 0.01888
Val - Loss, MSE, RMSE, MAE, MAPE: 0.01966, 0.01966, 0.13997, 0.06724, 7739644.65%
Test - Best epoch, Loss, MSE, RMSE, MAE, MAPE: 241, 0.01972, 0.01972, 0.13996, 0.06543, 7350852.20%
Time spent: 106.10s
- Epoch 252, ExpID 35921
Train - Loss (one batch): 0.02043
Val - Loss, MSE, RMSE, MAE, MAPE: 0.01969, 0.01969, 0.14009, 0.06709, 9893088.36%
Test - Best epoch, Loss, MSE, RMSE, MAE, MAPE: 241, 0.01972, 0.01972, 0.13996, 0.06543, 7350852.20%
Time spent: 105.85s
- Epoch 253, ExpID 35921
Train - Loss (one batch): 0.02002
Val - Loss, MSE, RMSE, MAE, MAPE: 0.01964, 0.01964, 0.13992, 0.06720, 8644054.44%
Test - Best epoch, Loss, MSE, RMSE, MAE, MAPE: 241, 0.01972, 0.01972, 0.13996, 0.06543, 7350852.20%
Time spent: 104.75s
PID, device: 4119351 cuda
Total records: 12000
Dataset n_samples: 12000 7200 2400 2400
overlap train∩val: 0 train∩test: 0 val∩test: 0
Test record ids (first 20): ['141908', '143709', '142213', '162190', '138704', '160585', '150290', '156241', '137485', '150340', '135674', '141404', '135171', '133764', '146552', '154493', '136155', '146314', '136706', '134994']
Test record ids (last 20): ['143505', '138293', '144879', '147553', '139211', '150556', '133287', '162637', '147110', '157654', '143326', '137795', '143915', '151353', '151772', '139738', '162735', '143245', '139112', '143576']
data_max: tensor([9.0000e+01, 1.0000e+00, 4.6230e+02, 4.0000e+00, 4.7200e+02, 5.0000e+00,
        4.1060e+03, 1.6920e+04, 2.3950e+04, 8.2800e+01, 2.0900e+02, 3.4200e+02,
        2.2000e+01, 2.7200e+02, 1.0000e+00, 1.5000e+01, 1.5910e+03, 5.2000e+01,
        6.1800e+01, 3.0000e+02, 2.2900e+01, 2.9300e+01, 2.2400e+01, 3.0000e+02,
        1.0000e+00, 1.8000e+02, 2.1100e+02, 2.2800e+02, 3.0000e+02, 1.0000e+02,
        5.0000e+02, 7.3500e+02, 2.2920e+03, 1.0000e+02, 1.0000e+02, 2.9500e+02,
        4.2200e+01, 4.9600e+01, 2.9910e+01, 1.1000e+04, 5.2800e+02],
       device='cuda:0')
data_min: tensor([ 1.5000e+01, -1.0000e+00, -1.0000e+00,  1.0000e+00, -1.0000e+00,
         1.0000e+00,  8.0000e+00,  1.0000e+00,  4.0000e+00,  0.0000e+00,
         0.0000e+00,  3.5000e+01,  1.0000e-01, -1.0000e+00,  2.1000e-01,
         3.0000e+00,  8.0000e+00,  5.0000e+00,  5.5000e+00,  0.0000e+00,
         1.8000e+00,  3.0000e-01,  4.0000e-01,  0.0000e+00,  1.0000e+00,
         9.8000e+01, -1.0000e+00,  0.0000e+00,  0.0000e+00,  0.0000e+00,
         0.0000e+00,  0.0000e+00,  5.0000e+00,  0.0000e+00,  0.0000e+00,
         0.0000e+00, -1.7800e+01,  3.0000e-01,  1.0000e-02,  0.0000e+00,
         0.0000e+00], device='cuda:0')
time_max: tensor(48., device='cuda:0')
[MS] batch keys: ['X_list', 'tt_list', 'mk_list', 'npatches', 'tp_to_predict', 'data_to_predict', 'mask_predicted_data']
[MS] #scales: 2
[MS] per-scale shapes: [(16, 12, 54, 41), (16, 3, 54, 41)]
[MS] data_to_predict: (16, 47, 41)
[MS] mask_predicted_data sum: 3160.0
[MS] tt_list mins/maxes: [(0.0, 0.020775463432073593), (0.0, 0.020775463432073593)]
[MS] tp_to_predict min/max: 0.0 0.9986111521720886
[MS] use_ms=True fusion=concat scales=2,8 strides=2,8 npatches_per_scale=[12, 3]
n_train_batches: 450
Exp has been early stopped!
