/home/solgi/MSP-IMTS/tPatchGNN/run_models.py
2025-11-09 19:04:25
run_models.py --dataset physionet --history 24 --quantization 1.0 --hid_dim 32 --te_dim 10 --node_dim 10 --nlayer 1 --tf_layer 1 --nhead 1 --batch_size 32 --lr 1e-3 --patience 12 --epoch 600 --seed 1 --gpu 0 --multi_scales 2,8 --multi_strides 2,8 --fusion concat
Namespace(multi_scales='2,8', multi_strides='2,8', fusion='concat', state='def', n=100000000, hop=1, nhead=1, tf_layer=1, nlayer=1, epoch=600, patience=12, history=24, patch_size=24, stride=24, logmode='a', lr=0.001, w_decay=0.0, batch_size=32, save='experiments/', load=None, seed=1, dataset='physionet', quantization=1.0, model='tPatchGNN', outlayer='Linear', hid_dim=32, te_dim=10, node_dim=10, gpu='0', npatch=1, device=device(type='cuda'), PID=4083598, ndim=41)
PID, device: 4083598 cuda
Total records: 12000
Dataset n_samples: 12000 7200 2400 2400
overlap train∩val: 0 train∩test: 0 val∩test: 0
Test record ids (first 20): ['141908', '143709', '142213', '162190', '138704', '160585', '150290', '156241', '137485', '150340', '135674', '141404', '135171', '133764', '146552', '154493', '136155', '146314', '136706', '134994']
Test record ids (last 20): ['143505', '138293', '144879', '147553', '139211', '150556', '133287', '162637', '147110', '157654', '143326', '137795', '143915', '151353', '151772', '139738', '162735', '143245', '139112', '143576']
data_max: tensor([9.0000e+01, 1.0000e+00, 4.6230e+02, 4.0000e+00, 4.7200e+02, 5.0000e+00,
        4.1060e+03, 1.6920e+04, 2.3950e+04, 8.2800e+01, 2.0900e+02, 3.4200e+02,
        2.2000e+01, 2.7200e+02, 1.0000e+00, 1.5000e+01, 1.5910e+03, 5.2000e+01,
        6.1800e+01, 3.0000e+02, 2.2900e+01, 2.9300e+01, 2.2400e+01, 3.0000e+02,
        1.0000e+00, 1.8000e+02, 2.1100e+02, 2.2800e+02, 3.0000e+02, 1.0000e+02,
        5.0000e+02, 7.3500e+02, 2.2920e+03, 1.0000e+02, 1.0000e+02, 2.9500e+02,
        4.2200e+01, 4.9600e+01, 2.9910e+01, 1.1000e+04, 5.2800e+02],
       device='cuda:0')
data_min: tensor([ 1.5000e+01, -1.0000e+00, -1.0000e+00,  1.0000e+00, -1.0000e+00,
         1.0000e+00,  8.0000e+00,  1.0000e+00,  4.0000e+00,  0.0000e+00,
         0.0000e+00,  3.5000e+01,  1.0000e-01, -1.0000e+00,  2.1000e-01,
         3.0000e+00,  8.0000e+00,  5.0000e+00,  5.5000e+00,  0.0000e+00,
         1.8000e+00,  3.0000e-01,  4.0000e-01,  0.0000e+00,  1.0000e+00,
         9.8000e+01, -1.0000e+00,  0.0000e+00,  0.0000e+00,  0.0000e+00,
         0.0000e+00,  0.0000e+00,  5.0000e+00,  0.0000e+00,  0.0000e+00,
         0.0000e+00, -1.7800e+01,  3.0000e-01,  1.0000e-02,  0.0000e+00,
         0.0000e+00], device='cuda:0')
time_max: tensor(48., device='cuda:0')
[MS] batch keys: ['X_list', 'tt_list', 'mk_list', 'npatches', 'tp_to_predict', 'data_to_predict', 'mask_predicted_data']
[MS] #scales: 2
[MS] per-scale shapes: [(32, 12, 54, 41), (32, 3, 54, 41)]
[MS] data_to_predict: (32, 51, 41)
[MS] mask_predicted_data sum: 6067.0
[MS] tt_list mins/maxes: [(0.0, 0.02078993245959282), (0.0, 0.02078993245959282)]
[MS] tp_to_predict min/max: 0.0 0.9989583492279053
[MS] use_ms=True fusion=concat scales=2,8 strides=2,8 npatches_per_scale=[12, 3]
n_train_batches: 225
Traceback (most recent call last):
  File "/home/solgi/MSP-IMTS/tPatchGNN/run_models.py", line 240, in <module>
    out = model(batch_dict["X_list"], batch_dict["tt_list"], batch_dict["mk_list"], batch_dict["tp_to_predict"])
  File "/home/solgi/miniconda3/envs/solgiland/lib/python3.9/site-packages/torch/nn/modules/module.py", line 1501, in _call_impl
    return forward_call(*args, **kwargs)
  File "/home/solgi/MSP-IMTS/tPatchGNN/model/multiscale_tpatchgnn.py", line 72, in forward
    reps.append(mdl.encode_from_patched(X.to(device), tt.to(device), mk.to(device)))  # (B, N, D_k)
  File "/home/solgi/MSP-IMTS/tPatchGNN/model/tPatchGNN.py", line 306, in encode_from_patched
    h = self.IMTS_Model(X_, mk_)  # (B, N, hid_dim)
  File "/home/solgi/MSP-IMTS/tPatchGNN/model/tPatchGNN.py", line 245, in IMTS_Model
    x_patch = self.TTCN(x, mask_X) # (B*N*M, hid_dim-1)
  File "/home/solgi/MSP-IMTS/tPatchGNN/model/tPatchGNN.py", line 229, in TTCN
    ttcn_out = torch.einsum('nlf,nlqf->nq', X_int, Filter_seqnorm)
  File "/home/solgi/miniconda3/envs/solgiland/lib/python3.9/site-packages/torch/functional.py", line 378, in einsum
    return _VF.einsum(equation, operands)  # type: ignore[attr-defined]
torch.cuda.OutOfMemoryError: CUDA out of memory. Tried to allocate 1.50 GiB (GPU 0; 7.79 GiB total capacity; 5.35 GiB already allocated; 1.27 GiB free; 6.27 GiB reserved in total by PyTorch) If reserved memory is >> allocated memory try setting max_split_size_mb to avoid fragmentation.  See documentation for Memory Management and PYTORCH_CUDA_ALLOC_CONF
