2025-12-22 00:42:33,336 | INFO | - Epoch 000, ExpID 74694 best_epoch=0 improved=1
2025-12-22 00:42:33,336 | INFO | Train - Loss (last batch): 0.01387
2025-12-22 00:42:33,336 | INFO | Val - Loss, MSE, MAE: 0.01615, 0.01615, 0.09714
2025-12-22 00:42:33,336 | INFO | Test - Best epoch, Loss, MSE, MAE: 0, 0.01486, 0.01486, 0.09339
2025-12-22 00:42:33,336 | INFO | Test - Points (EXACT): total_masked=96963 correct=19041 right_rate=19.6374%
2025-12-22 00:42:39,199 | INFO | - Epoch 001, ExpID 74694 best_epoch=1 improved=1
2025-12-22 00:42:39,199 | INFO | Train - Loss (last batch): 0.00835
2025-12-22 00:42:39,199 | INFO | Val - Loss, MSE, MAE: 0.00894, 0.00894, 0.07223
2025-12-22 00:42:39,199 | INFO | Test - Best epoch, Loss, MSE, MAE: 1, 0.00822, 0.00822, 0.07011
2025-12-22 00:42:39,199 | INFO | Test - Points (EXACT): total_masked=96963 correct=24441 right_rate=25.2065%
2025-12-22 00:42:45,067 | INFO | - Epoch 002, ExpID 74694 best_epoch=2 improved=1
2025-12-22 00:42:45,067 | INFO | Train - Loss (last batch): 0.00449
2025-12-22 00:42:45,067 | INFO | Val - Loss, MSE, MAE: 0.00443, 0.00443, 0.04640
2025-12-22 00:42:45,067 | INFO | Test - Best epoch, Loss, MSE, MAE: 2, 0.00413, 0.00413, 0.04418
2025-12-22 00:42:45,067 | INFO | Test - Points (EXACT): total_masked=96963 correct=41640 right_rate=42.9442%
2025-12-22 00:42:50,927 | INFO | - Epoch 003, ExpID 74694 best_epoch=3 improved=1
2025-12-22 00:42:50,927 | INFO | Train - Loss (last batch): 0.00384
2025-12-22 00:42:50,927 | INFO | Val - Loss, MSE, MAE: 0.00422, 0.00422, 0.04448
2025-12-22 00:42:50,927 | INFO | Test - Best epoch, Loss, MSE, MAE: 3, 0.00396, 0.00396, 0.04262
2025-12-22 00:42:50,927 | INFO | Test - Points (EXACT): total_masked=96963 correct=43068 right_rate=44.4169%
2025-12-22 00:42:56,817 | INFO | - Epoch 004, ExpID 74694 best_epoch=4 improved=1
2025-12-22 00:42:56,817 | INFO | Train - Loss (last batch): 0.00312
2025-12-22 00:42:56,817 | INFO | Val - Loss, MSE, MAE: 0.00404, 0.00404, 0.04321
2025-12-22 00:42:56,817 | INFO | Test - Best epoch, Loss, MSE, MAE: 4, 0.00381, 0.00381, 0.04157
2025-12-22 00:42:56,817 | INFO | Test - Points (EXACT): total_masked=96963 correct=44125 right_rate=45.5070%
2025-12-22 00:43:02,723 | INFO | - Epoch 005, ExpID 74694 best_epoch=5 improved=1
2025-12-22 00:43:02,723 | INFO | Train - Loss (last batch): 0.00393
2025-12-22 00:43:02,724 | INFO | Val - Loss, MSE, MAE: 0.00365, 0.00365, 0.03958
2025-12-22 00:43:02,724 | INFO | Test - Best epoch, Loss, MSE, MAE: 5, 0.00346, 0.00346, 0.03838
2025-12-22 00:43:02,724 | INFO | Test - Points (EXACT): total_masked=96963 correct=49191 right_rate=50.7317%
2025-12-22 00:43:08,041 | INFO | - Epoch 006, ExpID 74694 best_epoch=5 improved=0
2025-12-22 00:43:08,042 | INFO | Train - Loss (last batch): 0.00340
2025-12-22 00:43:08,042 | INFO | Val - Loss, MSE, MAE: 0.00443, 0.00443, 0.04822
2025-12-22 00:43:08,042 | INFO | Test - Best epoch, Loss, MSE, MAE: 5, 0.00346, 0.00346, 0.03838
2025-12-22 00:43:08,042 | INFO | Test - Points (EXACT): total_masked=96963 correct=49191 right_rate=50.7317%
2025-12-22 00:43:13,937 | INFO | - Epoch 007, ExpID 74694 best_epoch=7 improved=1
2025-12-22 00:43:13,937 | INFO | Train - Loss (last batch): 0.00299
2025-12-22 00:43:13,937 | INFO | Val - Loss, MSE, MAE: 0.00349, 0.00349, 0.03870
2025-12-22 00:43:13,937 | INFO | Test - Best epoch, Loss, MSE, MAE: 7, 0.00335, 0.00335, 0.03777
2025-12-22 00:43:13,937 | INFO | Test - Points (EXACT): total_masked=96963 correct=49545 right_rate=51.0968%
2025-12-22 00:43:19,793 | INFO | - Epoch 008, ExpID 74694 best_epoch=8 improved=1
2025-12-22 00:43:19,793 | INFO | Train - Loss (last batch): 0.00243
2025-12-22 00:43:19,793 | INFO | Val - Loss, MSE, MAE: 0.00329, 0.00329, 0.03640
2025-12-22 00:43:19,793 | INFO | Test - Best epoch, Loss, MSE, MAE: 8, 0.00316, 0.00316, 0.03570
2025-12-22 00:43:19,793 | INFO | Test - Points (EXACT): total_masked=96963 correct=53170 right_rate=54.8353%
2025-12-22 00:43:25,663 | INFO | - Epoch 009, ExpID 74694 best_epoch=9 improved=1
2025-12-22 00:43:25,663 | INFO | Train - Loss (last batch): 0.00193
2025-12-22 00:43:25,663 | INFO | Val - Loss, MSE, MAE: 0.00320, 0.00320, 0.03527
2025-12-22 00:43:25,663 | INFO | Test - Best epoch, Loss, MSE, MAE: 9, 0.00309, 0.00309, 0.03485
2025-12-22 00:43:25,663 | INFO | Test - Points (EXACT): total_masked=96963 correct=54042 right_rate=55.7347%
2025-12-22 00:43:31,520 | INFO | - Epoch 010, ExpID 74694 best_epoch=10 improved=1
2025-12-22 00:43:31,520 | INFO | Train - Loss (last batch): 0.00253
2025-12-22 00:43:31,520 | INFO | Val - Loss, MSE, MAE: 0.00314, 0.00314, 0.03483
2025-12-22 00:43:31,520 | INFO | Test - Best epoch, Loss, MSE, MAE: 10, 0.00303, 0.00303, 0.03426
2025-12-22 00:43:31,520 | INFO | Test - Points (EXACT): total_masked=96963 correct=55532 right_rate=57.2713%
2025-12-22 00:43:36,785 | INFO | - Epoch 011, ExpID 74694 best_epoch=10 improved=0
2025-12-22 00:43:36,785 | INFO | Train - Loss (last batch): 0.00243
2025-12-22 00:43:36,785 | INFO | Val - Loss, MSE, MAE: 0.00324, 0.00324, 0.03650
2025-12-22 00:43:36,785 | INFO | Test - Best epoch, Loss, MSE, MAE: 10, 0.00303, 0.00303, 0.03426
2025-12-22 00:43:36,785 | INFO | Test - Points (EXACT): total_masked=96963 correct=55532 right_rate=57.2713%
2025-12-22 00:43:42,654 | INFO | - Epoch 012, ExpID 74694 best_epoch=12 improved=1
2025-12-22 00:43:42,654 | INFO | Train - Loss (last batch): 0.00212
2025-12-22 00:43:42,654 | INFO | Val - Loss, MSE, MAE: 0.00313, 0.00313, 0.03460
2025-12-22 00:43:42,654 | INFO | Test - Best epoch, Loss, MSE, MAE: 12, 0.00302, 0.00302, 0.03406
2025-12-22 00:43:42,654 | INFO | Test - Points (EXACT): total_masked=96963 correct=55809 right_rate=57.5570%
2025-12-22 00:43:48,517 | INFO | - Epoch 013, ExpID 74694 best_epoch=13 improved=1
2025-12-22 00:43:48,517 | INFO | Train - Loss (last batch): 0.00233
2025-12-22 00:43:48,517 | INFO | Val - Loss, MSE, MAE: 0.00309, 0.00309, 0.03424
2025-12-22 00:43:48,517 | INFO | Test - Best epoch, Loss, MSE, MAE: 13, 0.00298, 0.00298, 0.03383
2025-12-22 00:43:48,517 | INFO | Test - Points (EXACT): total_masked=96963 correct=56118 right_rate=57.8757%
2025-12-22 00:43:54,367 | INFO | - Epoch 014, ExpID 74694 best_epoch=14 improved=1
2025-12-22 00:43:54,367 | INFO | Train - Loss (last batch): 0.00388
2025-12-22 00:43:54,367 | INFO | Val - Loss, MSE, MAE: 0.00306, 0.00306, 0.03399
2025-12-22 00:43:54,367 | INFO | Test - Best epoch, Loss, MSE, MAE: 14, 0.00296, 0.00296, 0.03357
2025-12-22 00:43:54,367 | INFO | Test - Points (EXACT): total_masked=96963 correct=56494 right_rate=58.2635%
2025-12-22 00:44:00,252 | INFO | - Epoch 015, ExpID 74694 best_epoch=15 improved=1
2025-12-22 00:44:00,252 | INFO | Train - Loss (last batch): 0.00226
2025-12-22 00:44:00,252 | INFO | Val - Loss, MSE, MAE: 0.00306, 0.00306, 0.03379
2025-12-22 00:44:00,252 | INFO | Test - Best epoch, Loss, MSE, MAE: 15, 0.00296, 0.00296, 0.03344
2025-12-22 00:44:00,252 | INFO | Test - Points (EXACT): total_masked=96963 correct=56578 right_rate=58.3501%
2025-12-22 00:44:06,115 | INFO | - Epoch 016, ExpID 74694 best_epoch=16 improved=1
2025-12-22 00:44:06,115 | INFO | Train - Loss (last batch): 0.00303
2025-12-22 00:44:06,115 | INFO | Val - Loss, MSE, MAE: 0.00302, 0.00302, 0.03381
2025-12-22 00:44:06,115 | INFO | Test - Best epoch, Loss, MSE, MAE: 16, 0.00292, 0.00292, 0.03339
2025-12-22 00:44:06,115 | INFO | Test - Points (EXACT): total_masked=96963 correct=56200 right_rate=57.9603%
2025-12-22 00:44:11,385 | INFO | - Epoch 017, ExpID 74694 best_epoch=16 improved=0
2025-12-22 00:44:11,385 | INFO | Train - Loss (last batch): 0.00315
2025-12-22 00:44:11,385 | INFO | Val - Loss, MSE, MAE: 0.00308, 0.00308, 0.03403
2025-12-22 00:44:11,385 | INFO | Test - Best epoch, Loss, MSE, MAE: 16, 0.00292, 0.00292, 0.03339
2025-12-22 00:44:11,385 | INFO | Test - Points (EXACT): total_masked=96963 correct=56200 right_rate=57.9603%
2025-12-22 00:44:16,666 | INFO | - Epoch 018, ExpID 74694 best_epoch=16 improved=0
2025-12-22 00:44:16,666 | INFO | Train - Loss (last batch): 0.00209
2025-12-22 00:44:16,666 | INFO | Val - Loss, MSE, MAE: 0.00305, 0.00305, 0.03397
2025-12-22 00:44:16,666 | INFO | Test - Best epoch, Loss, MSE, MAE: 16, 0.00292, 0.00292, 0.03339
2025-12-22 00:44:16,666 | INFO | Test - Points (EXACT): total_masked=96963 correct=56200 right_rate=57.9603%
2025-12-22 00:44:21,945 | INFO | - Epoch 019, ExpID 74694 best_epoch=16 improved=0
2025-12-22 00:44:21,945 | INFO | Train - Loss (last batch): 0.00294
2025-12-22 00:44:21,945 | INFO | Val - Loss, MSE, MAE: 0.00302, 0.00302, 0.03341
2025-12-22 00:44:21,945 | INFO | Test - Best epoch, Loss, MSE, MAE: 16, 0.00292, 0.00292, 0.03339
2025-12-22 00:44:21,945 | INFO | Test - Points (EXACT): total_masked=96963 correct=56200 right_rate=57.9603%
2025-12-22 00:44:27,214 | INFO | - Epoch 020, ExpID 74694 best_epoch=16 improved=0
2025-12-22 00:44:27,214 | INFO | Train - Loss (last batch): 0.00241
2025-12-22 00:44:27,214 | INFO | Val - Loss, MSE, MAE: 0.00302, 0.00302, 0.03336
2025-12-22 00:44:27,214 | INFO | Test - Best epoch, Loss, MSE, MAE: 16, 0.00292, 0.00292, 0.03339
2025-12-22 00:44:27,214 | INFO | Test - Points (EXACT): total_masked=96963 correct=56200 right_rate=57.9603%
2025-12-22 00:44:33,077 | INFO | - Epoch 021, ExpID 74694 best_epoch=21 improved=1
2025-12-22 00:44:33,077 | INFO | Train - Loss (last batch): 0.00302
2025-12-22 00:44:33,077 | INFO | Val - Loss, MSE, MAE: 0.00302, 0.00302, 0.03362
2025-12-22 00:44:33,077 | INFO | Test - Best epoch, Loss, MSE, MAE: 21, 0.00293, 0.00293, 0.03325
2025-12-22 00:44:33,077 | INFO | Test - Points (EXACT): total_masked=96963 correct=56755 right_rate=58.5326%
2025-12-22 00:44:38,372 | INFO | - Epoch 022, ExpID 74694 best_epoch=21 improved=0
2025-12-22 00:44:38,372 | INFO | Train - Loss (last batch): 0.00232
2025-12-22 00:44:38,372 | INFO | Val - Loss, MSE, MAE: 0.00305, 0.00305, 0.03417
2025-12-22 00:44:38,372 | INFO | Test - Best epoch, Loss, MSE, MAE: 21, 0.00293, 0.00293, 0.03325
2025-12-22 00:44:38,372 | INFO | Test - Points (EXACT): total_masked=96963 correct=56755 right_rate=58.5326%
2025-12-22 00:44:44,242 | INFO | - Epoch 023, ExpID 74694 best_epoch=23 improved=1
2025-12-22 00:44:44,242 | INFO | Train - Loss (last batch): 0.00306
2025-12-22 00:44:44,242 | INFO | Val - Loss, MSE, MAE: 0.00299, 0.00299, 0.03331
2025-12-22 00:44:44,242 | INFO | Test - Best epoch, Loss, MSE, MAE: 23, 0.00290, 0.00290, 0.03306
2025-12-22 00:44:44,243 | INFO | Test - Points (EXACT): total_masked=96963 correct=57035 right_rate=58.8214%
2025-12-22 00:44:49,526 | INFO | - Epoch 024, ExpID 74694 best_epoch=23 improved=0
2025-12-22 00:44:49,526 | INFO | Train - Loss (last batch): 0.00205
2025-12-22 00:44:49,526 | INFO | Val - Loss, MSE, MAE: 0.00303, 0.00303, 0.03355
2025-12-22 00:44:49,526 | INFO | Test - Best epoch, Loss, MSE, MAE: 23, 0.00290, 0.00290, 0.03306
2025-12-22 00:44:49,526 | INFO | Test - Points (EXACT): total_masked=96963 correct=57035 right_rate=58.8214%
2025-12-22 00:44:54,825 | INFO | - Epoch 025, ExpID 74694 best_epoch=23 improved=0
2025-12-22 00:44:54,825 | INFO | Train - Loss (last batch): 0.00270
2025-12-22 00:44:54,825 | INFO | Val - Loss, MSE, MAE: 0.00299, 0.00299, 0.03328
2025-12-22 00:44:54,825 | INFO | Test - Best epoch, Loss, MSE, MAE: 23, 0.00290, 0.00290, 0.03306
2025-12-22 00:44:54,826 | INFO | Test - Points (EXACT): total_masked=96963 correct=57035 right_rate=58.8214%
2025-12-22 00:45:00,111 | INFO | - Epoch 026, ExpID 74694 best_epoch=23 improved=0
2025-12-22 00:45:00,111 | INFO | Train - Loss (last batch): 0.00222
2025-12-22 00:45:00,111 | INFO | Val - Loss, MSE, MAE: 0.00320, 0.00320, 0.03645
2025-12-22 00:45:00,111 | INFO | Test - Best epoch, Loss, MSE, MAE: 23, 0.00290, 0.00290, 0.03306
2025-12-22 00:45:00,111 | INFO | Test - Points (EXACT): total_masked=96963 correct=57035 right_rate=58.8214%
2025-12-22 00:45:05,401 | INFO | - Epoch 027, ExpID 74694 best_epoch=23 improved=0
2025-12-22 00:45:05,401 | INFO | Train - Loss (last batch): 0.00349
2025-12-22 00:45:05,401 | INFO | Val - Loss, MSE, MAE: 0.00301, 0.00301, 0.03375
2025-12-22 00:45:05,401 | INFO | Test - Best epoch, Loss, MSE, MAE: 23, 0.00290, 0.00290, 0.03306
2025-12-22 00:45:05,401 | INFO | Test - Points (EXACT): total_masked=96963 correct=57035 right_rate=58.8214%
2025-12-22 00:45:11,259 | INFO | - Epoch 028, ExpID 74694 best_epoch=28 improved=1
2025-12-22 00:45:11,260 | INFO | Train - Loss (last batch): 0.00251
2025-12-22 00:45:11,260 | INFO | Val - Loss, MSE, MAE: 0.00297, 0.00297, 0.03295
2025-12-22 00:45:11,260 | INFO | Test - Best epoch, Loss, MSE, MAE: 28, 0.00288, 0.00288, 0.03265
2025-12-22 00:45:11,260 | INFO | Test - Points (EXACT): total_masked=96963 correct=57637 right_rate=59.4423%
2025-12-22 00:45:16,520 | INFO | - Epoch 029, ExpID 74694 best_epoch=28 improved=0
2025-12-22 00:45:16,520 | INFO | Train - Loss (last batch): 0.00294
2025-12-22 00:45:16,521 | INFO | Val - Loss, MSE, MAE: 0.00299, 0.00299, 0.03354
2025-12-22 00:45:16,521 | INFO | Test - Best epoch, Loss, MSE, MAE: 28, 0.00288, 0.00288, 0.03265
2025-12-22 00:45:16,521 | INFO | Test - Points (EXACT): total_masked=96963 correct=57637 right_rate=59.4423%
2025-12-22 00:45:21,809 | INFO | - Epoch 030, ExpID 74694 best_epoch=28 improved=0
2025-12-22 00:45:21,809 | INFO | Train - Loss (last batch): 0.00303
2025-12-22 00:45:21,809 | INFO | Val - Loss, MSE, MAE: 0.00309, 0.00309, 0.03464
2025-12-22 00:45:21,809 | INFO | Test - Best epoch, Loss, MSE, MAE: 28, 0.00288, 0.00288, 0.03265
2025-12-22 00:45:21,809 | INFO | Test - Points (EXACT): total_masked=96963 correct=57637 right_rate=59.4423%
2025-12-22 00:45:27,102 | INFO | - Epoch 031, ExpID 74694 best_epoch=28 improved=0
2025-12-22 00:45:27,103 | INFO | Train - Loss (last batch): 0.00178
2025-12-22 00:45:27,103 | INFO | Val - Loss, MSE, MAE: 0.00299, 0.00299, 0.03316
2025-12-22 00:45:27,103 | INFO | Test - Best epoch, Loss, MSE, MAE: 28, 0.00288, 0.00288, 0.03265
2025-12-22 00:45:27,103 | INFO | Test - Points (EXACT): total_masked=96963 correct=57637 right_rate=59.4423%
2025-12-22 00:45:32,397 | INFO | - Epoch 032, ExpID 74694 best_epoch=28 improved=0
2025-12-22 00:45:32,397 | INFO | Train - Loss (last batch): 0.00285
2025-12-22 00:45:32,397 | INFO | Val - Loss, MSE, MAE: 0.00320, 0.00320, 0.03648
2025-12-22 00:45:32,397 | INFO | Test - Best epoch, Loss, MSE, MAE: 28, 0.00288, 0.00288, 0.03265
2025-12-22 00:45:32,397 | INFO | Test - Points (EXACT): total_masked=96963 correct=57637 right_rate=59.4423%
2025-12-22 00:45:38,287 | INFO | - Epoch 033, ExpID 74694 best_epoch=33 improved=1
2025-12-22 00:45:38,288 | INFO | Train - Loss (last batch): 0.00209
2025-12-22 00:45:38,288 | INFO | Val - Loss, MSE, MAE: 0.00294, 0.00294, 0.03289
2025-12-22 00:45:38,288 | INFO | Test - Best epoch, Loss, MSE, MAE: 33, 0.00286, 0.00286, 0.03264
2025-12-22 00:45:38,288 | INFO | Test - Points (EXACT): total_masked=96963 correct=57370 right_rate=59.1669%
2025-12-22 00:45:43,571 | INFO | - Epoch 034, ExpID 74694 best_epoch=33 improved=0
2025-12-22 00:45:43,571 | INFO | Train - Loss (last batch): 0.00281
2025-12-22 00:45:43,571 | INFO | Val - Loss, MSE, MAE: 0.00301, 0.00301, 0.03414
2025-12-22 00:45:43,571 | INFO | Test - Best epoch, Loss, MSE, MAE: 33, 0.00286, 0.00286, 0.03264
2025-12-22 00:45:43,571 | INFO | Test - Points (EXACT): total_masked=96963 correct=57370 right_rate=59.1669%
2025-12-22 00:45:48,850 | INFO | - Epoch 035, ExpID 74694 best_epoch=33 improved=0
2025-12-22 00:45:48,850 | INFO | Train - Loss (last batch): 0.00233
2025-12-22 00:45:48,851 | INFO | Val - Loss, MSE, MAE: 0.00296, 0.00296, 0.03313
2025-12-22 00:45:48,851 | INFO | Test - Best epoch, Loss, MSE, MAE: 33, 0.00286, 0.00286, 0.03264
2025-12-22 00:45:48,851 | INFO | Test - Points (EXACT): total_masked=96963 correct=57370 right_rate=59.1669%
2025-12-22 00:45:54,142 | INFO | - Epoch 036, ExpID 74694 best_epoch=33 improved=0
2025-12-22 00:45:54,142 | INFO | Train - Loss (last batch): 0.00355
2025-12-22 00:45:54,142 | INFO | Val - Loss, MSE, MAE: 0.00301, 0.00301, 0.03421
2025-12-22 00:45:54,142 | INFO | Test - Best epoch, Loss, MSE, MAE: 33, 0.00286, 0.00286, 0.03264
2025-12-22 00:45:54,142 | INFO | Test - Points (EXACT): total_masked=96963 correct=57370 right_rate=59.1669%
2025-12-22 00:45:59,455 | INFO | - Epoch 037, ExpID 74694 best_epoch=33 improved=0
2025-12-22 00:45:59,455 | INFO | Train - Loss (last batch): 0.00223
2025-12-22 00:45:59,455 | INFO | Val - Loss, MSE, MAE: 0.00295, 0.00295, 0.03275
2025-12-22 00:45:59,455 | INFO | Test - Best epoch, Loss, MSE, MAE: 33, 0.00286, 0.00286, 0.03264
2025-12-22 00:45:59,455 | INFO | Test - Points (EXACT): total_masked=96963 correct=57370 right_rate=59.1669%
2025-12-22 00:46:04,740 | INFO | - Epoch 038, ExpID 74694 best_epoch=33 improved=0
2025-12-22 00:46:04,741 | INFO | Train - Loss (last batch): 0.00259
2025-12-22 00:46:04,741 | INFO | Val - Loss, MSE, MAE: 0.00301, 0.00301, 0.03356
2025-12-22 00:46:04,741 | INFO | Test - Best epoch, Loss, MSE, MAE: 33, 0.00286, 0.00286, 0.03264
2025-12-22 00:46:04,741 | INFO | Test - Points (EXACT): total_masked=96963 correct=57370 right_rate=59.1669%
2025-12-22 00:46:10,046 | INFO | - Epoch 039, ExpID 74694 best_epoch=33 improved=0
2025-12-22 00:46:10,047 | INFO | Train - Loss (last batch): 0.00263
2025-12-22 00:46:10,047 | INFO | Val - Loss, MSE, MAE: 0.00310, 0.00310, 0.03544
2025-12-22 00:46:10,047 | INFO | Test - Best epoch, Loss, MSE, MAE: 33, 0.00286, 0.00286, 0.03264
2025-12-22 00:46:10,047 | INFO | Test - Points (EXACT): total_masked=96963 correct=57370 right_rate=59.1669%
2025-12-22 00:46:15,918 | INFO | - Epoch 040, ExpID 74694 best_epoch=40 improved=1
2025-12-22 00:46:15,918 | INFO | Train - Loss (last batch): 0.00241
2025-12-22 00:46:15,918 | INFO | Val - Loss, MSE, MAE: 0.00292, 0.00292, 0.03299
2025-12-22 00:46:15,918 | INFO | Test - Best epoch, Loss, MSE, MAE: 40, 0.00285, 0.00285, 0.03278
2025-12-22 00:46:15,918 | INFO | Test - Points (EXACT): total_masked=96963 correct=57167 right_rate=58.9575%
2025-12-22 00:46:21,231 | INFO | - Epoch 041, ExpID 74694 best_epoch=40 improved=0
2025-12-22 00:46:21,231 | INFO | Train - Loss (last batch): 0.00228
2025-12-22 00:46:21,231 | INFO | Val - Loss, MSE, MAE: 0.00293, 0.00293, 0.03299
2025-12-22 00:46:21,231 | INFO | Test - Best epoch, Loss, MSE, MAE: 40, 0.00285, 0.00285, 0.03278
2025-12-22 00:46:21,231 | INFO | Test - Points (EXACT): total_masked=96963 correct=57167 right_rate=58.9575%
2025-12-22 00:46:26,518 | INFO | - Epoch 042, ExpID 74694 best_epoch=40 improved=0
2025-12-22 00:46:26,518 | INFO | Train - Loss (last batch): 0.00177
2025-12-22 00:46:26,518 | INFO | Val - Loss, MSE, MAE: 0.00292, 0.00292, 0.03260
2025-12-22 00:46:26,518 | INFO | Test - Best epoch, Loss, MSE, MAE: 40, 0.00285, 0.00285, 0.03278
2025-12-22 00:46:26,518 | INFO | Test - Points (EXACT): total_masked=96963 correct=57167 right_rate=58.9575%
2025-12-22 00:46:31,815 | INFO | - Epoch 043, ExpID 74694 best_epoch=40 improved=0
2025-12-22 00:46:31,816 | INFO | Train - Loss (last batch): 0.00340
2025-12-22 00:46:31,816 | INFO | Val - Loss, MSE, MAE: 0.00293, 0.00293, 0.03301
2025-12-22 00:46:31,816 | INFO | Test - Best epoch, Loss, MSE, MAE: 40, 0.00285, 0.00285, 0.03278
2025-12-22 00:46:31,816 | INFO | Test - Points (EXACT): total_masked=96963 correct=57167 right_rate=58.9575%
2025-12-22 00:46:37,099 | INFO | - Epoch 044, ExpID 74694 best_epoch=40 improved=0
2025-12-22 00:46:37,099 | INFO | Train - Loss (last batch): 0.00265
2025-12-22 00:46:37,099 | INFO | Val - Loss, MSE, MAE: 0.00295, 0.00295, 0.03311
2025-12-22 00:46:37,099 | INFO | Test - Best epoch, Loss, MSE, MAE: 40, 0.00285, 0.00285, 0.03278
2025-12-22 00:46:37,099 | INFO | Test - Points (EXACT): total_masked=96963 correct=57167 right_rate=58.9575%
2025-12-22 00:46:42,989 | INFO | - Epoch 045, ExpID 74694 best_epoch=45 improved=1
2025-12-22 00:46:42,989 | INFO | Train - Loss (last batch): 0.00193
2025-12-22 00:46:42,989 | INFO | Val - Loss, MSE, MAE: 0.00292, 0.00292, 0.03295
2025-12-22 00:46:42,989 | INFO | Test - Best epoch, Loss, MSE, MAE: 45, 0.00283, 0.00283, 0.03267
2025-12-22 00:46:42,989 | INFO | Test - Points (EXACT): total_masked=96963 correct=57018 right_rate=58.8039%
2025-12-22 00:46:48,877 | INFO | - Epoch 046, ExpID 74694 best_epoch=46 improved=1
2025-12-22 00:46:48,878 | INFO | Train - Loss (last batch): 0.00346
2025-12-22 00:46:48,878 | INFO | Val - Loss, MSE, MAE: 0.00291, 0.00291, 0.03256
2025-12-22 00:46:48,878 | INFO | Test - Best epoch, Loss, MSE, MAE: 46, 0.00283, 0.00283, 0.03234
2025-12-22 00:46:48,878 | INFO | Test - Points (EXACT): total_masked=96963 correct=57879 right_rate=59.6918%
2025-12-22 00:46:54,768 | INFO | - Epoch 047, ExpID 74694 best_epoch=47 improved=1
2025-12-22 00:46:54,768 | INFO | Train - Loss (last batch): 0.00133
2025-12-22 00:46:54,768 | INFO | Val - Loss, MSE, MAE: 0.00290, 0.00290, 0.03258
2025-12-22 00:46:54,768 | INFO | Test - Best epoch, Loss, MSE, MAE: 47, 0.00283, 0.00283, 0.03240
2025-12-22 00:46:54,768 | INFO | Test - Points (EXACT): total_masked=96963 correct=57827 right_rate=59.6382%
2025-12-22 00:47:00,089 | INFO | - Epoch 048, ExpID 74694 best_epoch=47 improved=0
2025-12-22 00:47:00,090 | INFO | Train - Loss (last batch): 0.00242
2025-12-22 00:47:00,090 | INFO | Val - Loss, MSE, MAE: 0.00300, 0.00300, 0.03418
2025-12-22 00:47:00,090 | INFO | Test - Best epoch, Loss, MSE, MAE: 47, 0.00283, 0.00283, 0.03240
2025-12-22 00:47:00,090 | INFO | Test - Points (EXACT): total_masked=96963 correct=57827 right_rate=59.6382%
2025-12-22 00:47:05,707 | INFO | - Epoch 049, ExpID 74694 best_epoch=47 improved=0
2025-12-22 00:47:05,707 | INFO | Train - Loss (last batch): 0.00281
2025-12-22 00:47:05,707 | INFO | Val - Loss, MSE, MAE: 0.00291, 0.00291, 0.03305
2025-12-22 00:47:05,707 | INFO | Test - Best epoch, Loss, MSE, MAE: 47, 0.00283, 0.00283, 0.03240
2025-12-22 00:47:05,707 | INFO | Test - Points (EXACT): total_masked=96963 correct=57827 right_rate=59.6382%
2025-12-22 00:47:10,993 | INFO | - Epoch 050, ExpID 74694 best_epoch=47 improved=0
2025-12-22 00:47:10,993 | INFO | Train - Loss (last batch): 0.00333
2025-12-22 00:47:10,993 | INFO | Val - Loss, MSE, MAE: 0.00308, 0.00308, 0.03524
2025-12-22 00:47:10,993 | INFO | Test - Best epoch, Loss, MSE, MAE: 47, 0.00283, 0.00283, 0.03240
2025-12-22 00:47:10,993 | INFO | Test - Points (EXACT): total_masked=96963 correct=57827 right_rate=59.6382%
2025-12-22 00:47:16,901 | INFO | - Epoch 051, ExpID 74694 best_epoch=51 improved=1
2025-12-22 00:47:16,901 | INFO | Train - Loss (last batch): 0.00302
2025-12-22 00:47:16,901 | INFO | Val - Loss, MSE, MAE: 0.00290, 0.00290, 0.03263
2025-12-22 00:47:16,901 | INFO | Test - Best epoch, Loss, MSE, MAE: 51, 0.00283, 0.00283, 0.03241
2025-12-22 00:47:16,901 | INFO | Test - Points (EXACT): total_masked=96963 correct=57801 right_rate=59.6114%
2025-12-22 00:47:22,791 | INFO | - Epoch 052, ExpID 74694 best_epoch=52 improved=1
2025-12-22 00:47:22,792 | INFO | Train - Loss (last batch): 0.00257
2025-12-22 00:47:22,792 | INFO | Val - Loss, MSE, MAE: 0.00288, 0.00288, 0.03260
2025-12-22 00:47:22,792 | INFO | Test - Best epoch, Loss, MSE, MAE: 52, 0.00282, 0.00282, 0.03249
2025-12-22 00:47:22,792 | INFO | Test - Points (EXACT): total_masked=96963 correct=57424 right_rate=59.2226%
2025-12-22 00:47:28,689 | INFO | - Epoch 053, ExpID 74694 best_epoch=53 improved=1
2025-12-22 00:47:28,689 | INFO | Train - Loss (last batch): 0.00185
2025-12-22 00:47:28,689 | INFO | Val - Loss, MSE, MAE: 0.00288, 0.00288, 0.03263
2025-12-22 00:47:28,689 | INFO | Test - Best epoch, Loss, MSE, MAE: 53, 0.00280, 0.00280, 0.03246
2025-12-22 00:47:28,689 | INFO | Test - Points (EXACT): total_masked=96963 correct=57276 right_rate=59.0700%
2025-12-22 00:47:34,000 | INFO | - Epoch 054, ExpID 74694 best_epoch=53 improved=0
2025-12-22 00:47:34,000 | INFO | Train - Loss (last batch): 0.00222
2025-12-22 00:47:34,000 | INFO | Val - Loss, MSE, MAE: 0.00290, 0.00290, 0.03259
2025-12-22 00:47:34,001 | INFO | Test - Best epoch, Loss, MSE, MAE: 53, 0.00280, 0.00280, 0.03246
2025-12-22 00:47:34,001 | INFO | Test - Points (EXACT): total_masked=96963 correct=57276 right_rate=59.0700%
2025-12-22 00:47:39,315 | INFO | - Epoch 055, ExpID 74694 best_epoch=53 improved=0
2025-12-22 00:47:39,315 | INFO | Train - Loss (last batch): 0.00405
2025-12-22 00:47:39,315 | INFO | Val - Loss, MSE, MAE: 0.00288, 0.00288, 0.03253
2025-12-22 00:47:39,315 | INFO | Test - Best epoch, Loss, MSE, MAE: 53, 0.00280, 0.00280, 0.03246
2025-12-22 00:47:39,315 | INFO | Test - Points (EXACT): total_masked=96963 correct=57276 right_rate=59.0700%
2025-12-22 00:47:44,621 | INFO | - Epoch 056, ExpID 74694 best_epoch=53 improved=0
2025-12-22 00:47:44,621 | INFO | Train - Loss (last batch): 0.00172
2025-12-22 00:47:44,621 | INFO | Val - Loss, MSE, MAE: 0.00288, 0.00288, 0.03239
2025-12-22 00:47:44,621 | INFO | Test - Best epoch, Loss, MSE, MAE: 53, 0.00280, 0.00280, 0.03246
2025-12-22 00:47:44,621 | INFO | Test - Points (EXACT): total_masked=96963 correct=57276 right_rate=59.0700%
2025-12-22 00:47:50,534 | INFO | - Epoch 057, ExpID 74694 best_epoch=57 improved=1
2025-12-22 00:47:50,534 | INFO | Train - Loss (last batch): 0.00327
2025-12-22 00:47:50,534 | INFO | Val - Loss, MSE, MAE: 0.00288, 0.00288, 0.03226
2025-12-22 00:47:50,534 | INFO | Test - Best epoch, Loss, MSE, MAE: 57, 0.00280, 0.00280, 0.03206
2025-12-22 00:47:50,534 | INFO | Test - Points (EXACT): total_masked=96963 correct=58206 right_rate=60.0291%
2025-12-22 00:47:56,440 | INFO | - Epoch 058, ExpID 74694 best_epoch=58 improved=1
2025-12-22 00:47:56,440 | INFO | Train - Loss (last batch): 0.00353
2025-12-22 00:47:56,440 | INFO | Val - Loss, MSE, MAE: 0.00287, 0.00287, 0.03238
2025-12-22 00:47:56,440 | INFO | Test - Best epoch, Loss, MSE, MAE: 58, 0.00280, 0.00280, 0.03224
2025-12-22 00:47:56,440 | INFO | Test - Points (EXACT): total_masked=96963 correct=57935 right_rate=59.7496%
2025-12-22 00:48:01,728 | INFO | - Epoch 059, ExpID 74694 best_epoch=58 improved=0
2025-12-22 00:48:01,728 | INFO | Train - Loss (last batch): 0.00290
2025-12-22 00:48:01,728 | INFO | Val - Loss, MSE, MAE: 0.00289, 0.00289, 0.03266
2025-12-22 00:48:01,728 | INFO | Test - Best epoch, Loss, MSE, MAE: 58, 0.00280, 0.00280, 0.03224
2025-12-22 00:48:01,728 | INFO | Test - Points (EXACT): total_masked=96963 correct=57935 right_rate=59.7496%
2025-12-22 00:48:07,032 | INFO | - Epoch 060, ExpID 74694 best_epoch=58 improved=0
2025-12-22 00:48:07,032 | INFO | Train - Loss (last batch): 0.00347
2025-12-22 00:48:07,032 | INFO | Val - Loss, MSE, MAE: 0.00290, 0.00290, 0.03274
2025-12-22 00:48:07,032 | INFO | Test - Best epoch, Loss, MSE, MAE: 58, 0.00280, 0.00280, 0.03224
2025-12-22 00:48:07,032 | INFO | Test - Points (EXACT): total_masked=96963 correct=57935 right_rate=59.7496%
2025-12-22 00:48:12,917 | INFO | - Epoch 061, ExpID 74694 best_epoch=61 improved=1
2025-12-22 00:48:12,917 | INFO | Train - Loss (last batch): 0.00275
2025-12-22 00:48:12,917 | INFO | Val - Loss, MSE, MAE: 0.00285, 0.00285, 0.03248
2025-12-22 00:48:12,917 | INFO | Test - Best epoch, Loss, MSE, MAE: 61, 0.00279, 0.00279, 0.03238
2025-12-22 00:48:12,917 | INFO | Test - Points (EXACT): total_masked=96963 correct=57373 right_rate=59.1700%
2025-12-22 00:48:18,229 | INFO | - Epoch 062, ExpID 74694 best_epoch=61 improved=0
2025-12-22 00:48:18,229 | INFO | Train - Loss (last batch): 0.00179
2025-12-22 00:48:18,229 | INFO | Val - Loss, MSE, MAE: 0.00294, 0.00294, 0.03333
2025-12-22 00:48:18,229 | INFO | Test - Best epoch, Loss, MSE, MAE: 61, 0.00279, 0.00279, 0.03238
2025-12-22 00:48:18,229 | INFO | Test - Points (EXACT): total_masked=96963 correct=57373 right_rate=59.1700%
2025-12-22 00:48:23,566 | INFO | - Epoch 063, ExpID 74694 best_epoch=61 improved=0
2025-12-22 00:48:23,566 | INFO | Train - Loss (last batch): 0.00165
2025-12-22 00:48:23,566 | INFO | Val - Loss, MSE, MAE: 0.00288, 0.00288, 0.03285
2025-12-22 00:48:23,566 | INFO | Test - Best epoch, Loss, MSE, MAE: 61, 0.00279, 0.00279, 0.03238
2025-12-22 00:48:23,566 | INFO | Test - Points (EXACT): total_masked=96963 correct=57373 right_rate=59.1700%
2025-12-22 00:48:28,875 | INFO | - Epoch 064, ExpID 74694 best_epoch=61 improved=0
2025-12-22 00:48:28,875 | INFO | Train - Loss (last batch): 0.00355
2025-12-22 00:48:28,875 | INFO | Val - Loss, MSE, MAE: 0.00290, 0.00290, 0.03277
2025-12-22 00:48:28,875 | INFO | Test - Best epoch, Loss, MSE, MAE: 61, 0.00279, 0.00279, 0.03238
2025-12-22 00:48:28,875 | INFO | Test - Points (EXACT): total_masked=96963 correct=57373 right_rate=59.1700%
2025-12-22 00:48:34,187 | INFO | - Epoch 065, ExpID 74694 best_epoch=61 improved=0
2025-12-22 00:48:34,187 | INFO | Train - Loss (last batch): 0.00357
2025-12-22 00:48:34,187 | INFO | Val - Loss, MSE, MAE: 0.00291, 0.00291, 0.03323
2025-12-22 00:48:34,187 | INFO | Test - Best epoch, Loss, MSE, MAE: 61, 0.00279, 0.00279, 0.03238
2025-12-22 00:48:34,187 | INFO | Test - Points (EXACT): total_masked=96963 correct=57373 right_rate=59.1700%
2025-12-22 00:48:40,077 | INFO | - Epoch 066, ExpID 74694 best_epoch=66 improved=1
2025-12-22 00:48:40,077 | INFO | Train - Loss (last batch): 0.00305
2025-12-22 00:48:40,077 | INFO | Val - Loss, MSE, MAE: 0.00285, 0.00285, 0.03247
2025-12-22 00:48:40,077 | INFO | Test - Best epoch, Loss, MSE, MAE: 66, 0.00279, 0.00279, 0.03243
2025-12-22 00:48:40,077 | INFO | Test - Points (EXACT): total_masked=96963 correct=57440 right_rate=59.2391%
2025-12-22 00:48:45,386 | INFO | - Epoch 067, ExpID 74694 best_epoch=66 improved=0
2025-12-22 00:48:45,387 | INFO | Train - Loss (last batch): 0.00260
2025-12-22 00:48:45,387 | INFO | Val - Loss, MSE, MAE: 0.00289, 0.00289, 0.03324
2025-12-22 00:48:45,387 | INFO | Test - Best epoch, Loss, MSE, MAE: 66, 0.00279, 0.00279, 0.03243
2025-12-22 00:48:45,387 | INFO | Test - Points (EXACT): total_masked=96963 correct=57440 right_rate=59.2391%
2025-12-22 00:48:50,707 | INFO | - Epoch 068, ExpID 74694 best_epoch=66 improved=0
2025-12-22 00:48:50,707 | INFO | Train - Loss (last batch): 0.00210
2025-12-22 00:48:50,707 | INFO | Val - Loss, MSE, MAE: 0.00285, 0.00285, 0.03229
2025-12-22 00:48:50,707 | INFO | Test - Best epoch, Loss, MSE, MAE: 66, 0.00279, 0.00279, 0.03243
2025-12-22 00:48:50,707 | INFO | Test - Points (EXACT): total_masked=96963 correct=57440 right_rate=59.2391%
2025-12-22 00:48:56,008 | INFO | - Epoch 069, ExpID 74694 best_epoch=66 improved=0
2025-12-22 00:48:56,008 | INFO | Train - Loss (last batch): 0.00170
2025-12-22 00:48:56,008 | INFO | Val - Loss, MSE, MAE: 0.00292, 0.00292, 0.03354
2025-12-22 00:48:56,008 | INFO | Test - Best epoch, Loss, MSE, MAE: 66, 0.00279, 0.00279, 0.03243
2025-12-22 00:48:56,008 | INFO | Test - Points (EXACT): total_masked=96963 correct=57440 right_rate=59.2391%
2025-12-22 00:49:01,313 | INFO | - Epoch 070, ExpID 74694 best_epoch=66 improved=0
2025-12-22 00:49:01,313 | INFO | Train - Loss (last batch): 0.00272
2025-12-22 00:49:01,313 | INFO | Val - Loss, MSE, MAE: 0.00286, 0.00286, 0.03260
2025-12-22 00:49:01,313 | INFO | Test - Best epoch, Loss, MSE, MAE: 66, 0.00279, 0.00279, 0.03243
2025-12-22 00:49:01,313 | INFO | Test - Points (EXACT): total_masked=96963 correct=57440 right_rate=59.2391%
2025-12-22 00:49:07,203 | INFO | - Epoch 071, ExpID 74694 best_epoch=71 improved=1
2025-12-22 00:49:07,203 | INFO | Train - Loss (last batch): 0.00224
2025-12-22 00:49:07,203 | INFO | Val - Loss, MSE, MAE: 0.00284, 0.00284, 0.03222
2025-12-22 00:49:07,203 | INFO | Test - Best epoch, Loss, MSE, MAE: 71, 0.00277, 0.00277, 0.03213
2025-12-22 00:49:07,203 | INFO | Test - Points (EXACT): total_masked=96963 correct=57981 right_rate=59.7970%
2025-12-22 00:49:13,073 | INFO | - Epoch 072, ExpID 74694 best_epoch=72 improved=1
2025-12-22 00:49:13,074 | INFO | Train - Loss (last batch): 0.00213
2025-12-22 00:49:13,074 | INFO | Val - Loss, MSE, MAE: 0.00284, 0.00284, 0.03230
2025-12-22 00:49:13,074 | INFO | Test - Best epoch, Loss, MSE, MAE: 72, 0.00277, 0.00277, 0.03221
2025-12-22 00:49:13,074 | INFO | Test - Points (EXACT): total_masked=96963 correct=57678 right_rate=59.4845%
2025-12-22 00:49:18,369 | INFO | - Epoch 073, ExpID 74694 best_epoch=72 improved=0
2025-12-22 00:49:18,369 | INFO | Train - Loss (last batch): 0.00227
2025-12-22 00:49:18,369 | INFO | Val - Loss, MSE, MAE: 0.00286, 0.00286, 0.03256
2025-12-22 00:49:18,369 | INFO | Test - Best epoch, Loss, MSE, MAE: 72, 0.00277, 0.00277, 0.03221
2025-12-22 00:49:18,369 | INFO | Test - Points (EXACT): total_masked=96963 correct=57678 right_rate=59.4845%
2025-12-22 00:49:23,687 | INFO | - Epoch 074, ExpID 74694 best_epoch=72 improved=0
2025-12-22 00:49:23,687 | INFO | Train - Loss (last batch): 0.00122
2025-12-22 00:49:23,688 | INFO | Val - Loss, MSE, MAE: 0.00285, 0.00285, 0.03260
2025-12-22 00:49:23,688 | INFO | Test - Best epoch, Loss, MSE, MAE: 72, 0.00277, 0.00277, 0.03221
2025-12-22 00:49:23,688 | INFO | Test - Points (EXACT): total_masked=96963 correct=57678 right_rate=59.4845%
2025-12-22 00:49:28,996 | INFO | - Epoch 075, ExpID 74694 best_epoch=72 improved=0
2025-12-22 00:49:28,996 | INFO | Train - Loss (last batch): 0.00246
2025-12-22 00:49:28,996 | INFO | Val - Loss, MSE, MAE: 0.00284, 0.00284, 0.03241
2025-12-22 00:49:28,996 | INFO | Test - Best epoch, Loss, MSE, MAE: 72, 0.00277, 0.00277, 0.03221
2025-12-22 00:49:28,996 | INFO | Test - Points (EXACT): total_masked=96963 correct=57678 right_rate=59.4845%
2025-12-22 00:49:34,333 | INFO | - Epoch 076, ExpID 74694 best_epoch=72 improved=0
2025-12-22 00:49:34,333 | INFO | Train - Loss (last batch): 0.00238
2025-12-22 00:49:34,333 | INFO | Val - Loss, MSE, MAE: 0.00291, 0.00291, 0.03312
2025-12-22 00:49:34,333 | INFO | Test - Best epoch, Loss, MSE, MAE: 72, 0.00277, 0.00277, 0.03221
2025-12-22 00:49:34,333 | INFO | Test - Points (EXACT): total_masked=96963 correct=57678 right_rate=59.4845%
2025-12-22 00:49:39,629 | INFO | - Epoch 077, ExpID 74694 best_epoch=72 improved=0
2025-12-22 00:49:39,629 | INFO | Train - Loss (last batch): 0.00317
2025-12-22 00:49:39,629 | INFO | Val - Loss, MSE, MAE: 0.00291, 0.00291, 0.03337
2025-12-22 00:49:39,629 | INFO | Test - Best epoch, Loss, MSE, MAE: 72, 0.00277, 0.00277, 0.03221
2025-12-22 00:49:39,629 | INFO | Test - Points (EXACT): total_masked=96963 correct=57678 right_rate=59.4845%
2025-12-22 00:49:45,537 | INFO | - Epoch 078, ExpID 74694 best_epoch=78 improved=1
2025-12-22 00:49:45,537 | INFO | Train - Loss (last batch): 0.00190
2025-12-22 00:49:45,537 | INFO | Val - Loss, MSE, MAE: 0.00281, 0.00281, 0.03192
2025-12-22 00:49:45,537 | INFO | Test - Best epoch, Loss, MSE, MAE: 78, 0.00275, 0.00275, 0.03184
2025-12-22 00:49:45,537 | INFO | Test - Points (EXACT): total_masked=96963 correct=58379 right_rate=60.2075%
2025-12-22 00:49:50,849 | INFO | - Epoch 079, ExpID 74694 best_epoch=78 improved=0
2025-12-22 00:49:50,849 | INFO | Train - Loss (last batch): 0.00191
2025-12-22 00:49:50,849 | INFO | Val - Loss, MSE, MAE: 0.00284, 0.00284, 0.03211
2025-12-22 00:49:50,849 | INFO | Test - Best epoch, Loss, MSE, MAE: 78, 0.00275, 0.00275, 0.03184
2025-12-22 00:49:50,849 | INFO | Test - Points (EXACT): total_masked=96963 correct=58379 right_rate=60.2075%
2025-12-22 00:49:56,182 | INFO | - Epoch 080, ExpID 74694 best_epoch=78 improved=0
2025-12-22 00:49:56,182 | INFO | Train - Loss (last batch): 0.00183
2025-12-22 00:49:56,182 | INFO | Val - Loss, MSE, MAE: 0.00282, 0.00282, 0.03202
2025-12-22 00:49:56,182 | INFO | Test - Best epoch, Loss, MSE, MAE: 78, 0.00275, 0.00275, 0.03184
2025-12-22 00:49:56,182 | INFO | Test - Points (EXACT): total_masked=96963 correct=58379 right_rate=60.2075%
2025-12-22 00:50:01,496 | INFO | - Epoch 081, ExpID 74694 best_epoch=78 improved=0
2025-12-22 00:50:01,497 | INFO | Train - Loss (last batch): 0.00224
2025-12-22 00:50:01,497 | INFO | Val - Loss, MSE, MAE: 0.00283, 0.00283, 0.03230
2025-12-22 00:50:01,497 | INFO | Test - Best epoch, Loss, MSE, MAE: 78, 0.00275, 0.00275, 0.03184
2025-12-22 00:50:01,497 | INFO | Test - Points (EXACT): total_masked=96963 correct=58379 right_rate=60.2075%
2025-12-22 00:50:07,437 | INFO | - Epoch 082, ExpID 74694 best_epoch=82 improved=1
2025-12-22 00:50:07,437 | INFO | Train - Loss (last batch): 0.00211
2025-12-22 00:50:07,437 | INFO | Val - Loss, MSE, MAE: 0.00281, 0.00281, 0.03208
2025-12-22 00:50:07,437 | INFO | Test - Best epoch, Loss, MSE, MAE: 82, 0.00275, 0.00275, 0.03204
2025-12-22 00:50:07,437 | INFO | Test - Points (EXACT): total_masked=96963 correct=57960 right_rate=59.7754%
2025-12-22 00:50:12,761 | INFO | - Epoch 083, ExpID 74694 best_epoch=82 improved=0
2025-12-22 00:50:12,761 | INFO | Train - Loss (last batch): 0.00329
2025-12-22 00:50:12,761 | INFO | Val - Loss, MSE, MAE: 0.00285, 0.00285, 0.03263
2025-12-22 00:50:12,761 | INFO | Test - Best epoch, Loss, MSE, MAE: 82, 0.00275, 0.00275, 0.03204
2025-12-22 00:50:12,761 | INFO | Test - Points (EXACT): total_masked=96963 correct=57960 right_rate=59.7754%
2025-12-22 00:50:18,076 | INFO | - Epoch 084, ExpID 74694 best_epoch=82 improved=0
2025-12-22 00:50:18,076 | INFO | Train - Loss (last batch): 0.00256
2025-12-22 00:50:18,076 | INFO | Val - Loss, MSE, MAE: 0.00298, 0.00298, 0.03454
2025-12-22 00:50:18,076 | INFO | Test - Best epoch, Loss, MSE, MAE: 82, 0.00275, 0.00275, 0.03204
2025-12-22 00:50:18,076 | INFO | Test - Points (EXACT): total_masked=96963 correct=57960 right_rate=59.7754%
2025-12-22 00:50:23,376 | INFO | - Epoch 085, ExpID 74694 best_epoch=82 improved=0
2025-12-22 00:50:23,376 | INFO | Train - Loss (last batch): 0.00264
2025-12-22 00:50:23,376 | INFO | Val - Loss, MSE, MAE: 0.00282, 0.00282, 0.03205
2025-12-22 00:50:23,376 | INFO | Test - Best epoch, Loss, MSE, MAE: 82, 0.00275, 0.00275, 0.03204
2025-12-22 00:50:23,376 | INFO | Test - Points (EXACT): total_masked=96963 correct=57960 right_rate=59.7754%
2025-12-22 00:50:28,693 | INFO | - Epoch 086, ExpID 74694 best_epoch=82 improved=0
2025-12-22 00:50:28,693 | INFO | Train - Loss (last batch): 0.00254
2025-12-22 00:50:28,693 | INFO | Val - Loss, MSE, MAE: 0.00291, 0.00291, 0.03365
2025-12-22 00:50:28,693 | INFO | Test - Best epoch, Loss, MSE, MAE: 82, 0.00275, 0.00275, 0.03204
2025-12-22 00:50:28,693 | INFO | Test - Points (EXACT): total_masked=96963 correct=57960 right_rate=59.7754%
2025-12-22 00:50:33,989 | INFO | - Epoch 087, ExpID 74694 best_epoch=82 improved=0
2025-12-22 00:50:33,989 | INFO | Train - Loss (last batch): 0.00250
2025-12-22 00:50:33,989 | INFO | Val - Loss, MSE, MAE: 0.00284, 0.00284, 0.03234
2025-12-22 00:50:33,989 | INFO | Test - Best epoch, Loss, MSE, MAE: 82, 0.00275, 0.00275, 0.03204
2025-12-22 00:50:33,989 | INFO | Test - Points (EXACT): total_masked=96963 correct=57960 right_rate=59.7754%
2025-12-22 00:50:39,271 | INFO | - Epoch 088, ExpID 74694 best_epoch=82 improved=0
2025-12-22 00:50:39,271 | INFO | Train - Loss (last batch): 0.00310
2025-12-22 00:50:39,271 | INFO | Val - Loss, MSE, MAE: 0.00290, 0.00290, 0.03350
2025-12-22 00:50:39,271 | INFO | Test - Best epoch, Loss, MSE, MAE: 82, 0.00275, 0.00275, 0.03204
2025-12-22 00:50:39,271 | INFO | Test - Points (EXACT): total_masked=96963 correct=57960 right_rate=59.7754%
2025-12-22 00:50:45,171 | INFO | - Epoch 089, ExpID 74694 best_epoch=89 improved=1
2025-12-22 00:50:45,171 | INFO | Train - Loss (last batch): 0.00240
2025-12-22 00:50:45,171 | INFO | Val - Loss, MSE, MAE: 0.00280, 0.00280, 0.03192
2025-12-22 00:50:45,171 | INFO | Test - Best epoch, Loss, MSE, MAE: 89, 0.00274, 0.00274, 0.03198
2025-12-22 00:50:45,171 | INFO | Test - Points (EXACT): total_masked=96963 correct=58023 right_rate=59.8404%
2025-12-22 00:50:50,462 | INFO | - Epoch 090, ExpID 74694 best_epoch=89 improved=0
2025-12-22 00:50:50,462 | INFO | Train - Loss (last batch): 0.00313
2025-12-22 00:50:50,462 | INFO | Val - Loss, MSE, MAE: 0.00314, 0.00314, 0.03687
2025-12-22 00:50:50,462 | INFO | Test - Best epoch, Loss, MSE, MAE: 89, 0.00274, 0.00274, 0.03198
2025-12-22 00:50:50,462 | INFO | Test - Points (EXACT): total_masked=96963 correct=58023 right_rate=59.8404%
2025-12-22 00:50:56,341 | INFO | - Epoch 091, ExpID 74694 best_epoch=91 improved=1
2025-12-22 00:50:56,341 | INFO | Train - Loss (last batch): 0.00275
2025-12-22 00:50:56,341 | INFO | Val - Loss, MSE, MAE: 0.00279, 0.00279, 0.03183
2025-12-22 00:50:56,341 | INFO | Test - Best epoch, Loss, MSE, MAE: 91, 0.00273, 0.00273, 0.03184
2025-12-22 00:50:56,341 | INFO | Test - Points (EXACT): total_masked=96963 correct=58218 right_rate=60.0415%
2025-12-22 00:51:01,637 | INFO | - Epoch 092, ExpID 74694 best_epoch=91 improved=0
2025-12-22 00:51:01,637 | INFO | Train - Loss (last batch): 0.00335
2025-12-22 00:51:01,637 | INFO | Val - Loss, MSE, MAE: 0.00281, 0.00281, 0.03204
2025-12-22 00:51:01,637 | INFO | Test - Best epoch, Loss, MSE, MAE: 91, 0.00273, 0.00273, 0.03184
2025-12-22 00:51:01,637 | INFO | Test - Points (EXACT): total_masked=96963 correct=58218 right_rate=60.0415%
2025-12-22 00:51:06,929 | INFO | - Epoch 093, ExpID 74694 best_epoch=91 improved=0
2025-12-22 00:51:06,929 | INFO | Train - Loss (last batch): 0.00258
2025-12-22 00:51:06,929 | INFO | Val - Loss, MSE, MAE: 0.00288, 0.00288, 0.03316
2025-12-22 00:51:06,929 | INFO | Test - Best epoch, Loss, MSE, MAE: 91, 0.00273, 0.00273, 0.03184
2025-12-22 00:51:06,929 | INFO | Test - Points (EXACT): total_masked=96963 correct=58218 right_rate=60.0415%
2025-12-22 00:51:12,236 | INFO | - Epoch 094, ExpID 74694 best_epoch=91 improved=0
2025-12-22 00:51:12,236 | INFO | Train - Loss (last batch): 0.00288
2025-12-22 00:51:12,236 | INFO | Val - Loss, MSE, MAE: 0.00306, 0.00306, 0.03590
2025-12-22 00:51:12,236 | INFO | Test - Best epoch, Loss, MSE, MAE: 91, 0.00273, 0.00273, 0.03184
2025-12-22 00:51:12,236 | INFO | Test - Points (EXACT): total_masked=96963 correct=58218 right_rate=60.0415%
2025-12-22 00:51:17,537 | INFO | - Epoch 095, ExpID 74694 best_epoch=91 improved=0
2025-12-22 00:51:17,537 | INFO | Train - Loss (last batch): 0.00223
2025-12-22 00:51:17,537 | INFO | Val - Loss, MSE, MAE: 0.00281, 0.00281, 0.03227
2025-12-22 00:51:17,537 | INFO | Test - Best epoch, Loss, MSE, MAE: 91, 0.00273, 0.00273, 0.03184
2025-12-22 00:51:17,537 | INFO | Test - Points (EXACT): total_masked=96963 correct=58218 right_rate=60.0415%
2025-12-22 00:51:22,824 | INFO | - Epoch 096, ExpID 74694 best_epoch=91 improved=0
2025-12-22 00:51:22,824 | INFO | Train - Loss (last batch): 0.00246
2025-12-22 00:51:22,824 | INFO | Val - Loss, MSE, MAE: 0.00280, 0.00280, 0.03206
2025-12-22 00:51:22,824 | INFO | Test - Best epoch, Loss, MSE, MAE: 91, 0.00273, 0.00273, 0.03184
2025-12-22 00:51:22,824 | INFO | Test - Points (EXACT): total_masked=96963 correct=58218 right_rate=60.0415%
2025-12-22 00:51:28,134 | INFO | - Epoch 097, ExpID 74694 best_epoch=91 improved=0
2025-12-22 00:51:28,134 | INFO | Train - Loss (last batch): 0.00283
2025-12-22 00:51:28,134 | INFO | Val - Loss, MSE, MAE: 0.00288, 0.00288, 0.03329
2025-12-22 00:51:28,134 | INFO | Test - Best epoch, Loss, MSE, MAE: 91, 0.00273, 0.00273, 0.03184
2025-12-22 00:51:28,134 | INFO | Test - Points (EXACT): total_masked=96963 correct=58218 right_rate=60.0415%
2025-12-22 00:51:33,425 | INFO | - Epoch 098, ExpID 74694 best_epoch=91 improved=0
2025-12-22 00:51:33,425 | INFO | Train - Loss (last batch): 0.00278
2025-12-22 00:51:33,425 | INFO | Val - Loss, MSE, MAE: 0.00289, 0.00289, 0.03333
2025-12-22 00:51:33,425 | INFO | Test - Best epoch, Loss, MSE, MAE: 91, 0.00273, 0.00273, 0.03184
2025-12-22 00:51:33,425 | INFO | Test - Points (EXACT): total_masked=96963 correct=58218 right_rate=60.0415%
2025-12-22 00:51:38,737 | INFO | - Epoch 099, ExpID 74694 best_epoch=91 improved=0
2025-12-22 00:51:38,737 | INFO | Train - Loss (last batch): 0.00266
2025-12-22 00:51:38,737 | INFO | Val - Loss, MSE, MAE: 0.00289, 0.00289, 0.03334
2025-12-22 00:51:38,737 | INFO | Test - Best epoch, Loss, MSE, MAE: 91, 0.00273, 0.00273, 0.03184
2025-12-22 00:51:38,737 | INFO | Test - Points (EXACT): total_masked=96963 correct=58218 right_rate=60.0415%
2025-12-22 00:51:44,056 | INFO | - Epoch 100, ExpID 74694 best_epoch=91 improved=0
2025-12-22 00:51:44,056 | INFO | Train - Loss (last batch): 0.00270
2025-12-22 00:51:44,056 | INFO | Val - Loss, MSE, MAE: 0.00282, 0.00282, 0.03215
2025-12-22 00:51:44,056 | INFO | Test - Best epoch, Loss, MSE, MAE: 91, 0.00273, 0.00273, 0.03184
2025-12-22 00:51:44,056 | INFO | Test - Points (EXACT): total_masked=96963 correct=58218 right_rate=60.0415%
2025-12-22 00:51:49,376 | INFO | - Epoch 101, ExpID 74694 best_epoch=91 improved=0
2025-12-22 00:51:49,376 | INFO | Train - Loss (last batch): 0.00217
2025-12-22 00:51:49,376 | INFO | Val - Loss, MSE, MAE: 0.00282, 0.00282, 0.03238
2025-12-22 00:51:49,377 | INFO | Test - Best epoch, Loss, MSE, MAE: 91, 0.00273, 0.00273, 0.03184
2025-12-22 00:51:49,377 | INFO | Test - Points (EXACT): total_masked=96963 correct=58218 right_rate=60.0415%
2025-12-22 00:51:54,704 | INFO | - Epoch 102, ExpID 74694 best_epoch=91 improved=0
2025-12-22 00:51:54,704 | INFO | Train - Loss (last batch): 0.00231
2025-12-22 00:51:54,704 | INFO | Val - Loss, MSE, MAE: 0.00281, 0.00281, 0.03212
2025-12-22 00:51:54,704 | INFO | Test - Best epoch, Loss, MSE, MAE: 91, 0.00273, 0.00273, 0.03184
2025-12-22 00:51:54,704 | INFO | Test - Points (EXACT): total_masked=96963 correct=58218 right_rate=60.0415%
2025-12-22 00:52:00,601 | INFO | - Epoch 103, ExpID 74694 best_epoch=103 improved=1
2025-12-22 00:52:00,601 | INFO | Train - Loss (last batch): 0.00288
2025-12-22 00:52:00,601 | INFO | Val - Loss, MSE, MAE: 0.00279, 0.00279, 0.03183
2025-12-22 00:52:00,601 | INFO | Test - Best epoch, Loss, MSE, MAE: 103, 0.00272, 0.00272, 0.03175
2025-12-22 00:52:00,601 | INFO | Test - Points (EXACT): total_masked=96963 correct=58309 right_rate=60.1353%
2025-12-22 00:52:05,917 | INFO | - Epoch 104, ExpID 74694 best_epoch=103 improved=0
2025-12-22 00:52:05,917 | INFO | Train - Loss (last batch): 0.00440
2025-12-22 00:52:05,917 | INFO | Val - Loss, MSE, MAE: 0.00279, 0.00279, 0.03190
2025-12-22 00:52:05,917 | INFO | Test - Best epoch, Loss, MSE, MAE: 103, 0.00272, 0.00272, 0.03175
2025-12-22 00:52:05,917 | INFO | Test - Points (EXACT): total_masked=96963 correct=58309 right_rate=60.1353%
2025-12-22 00:52:11,234 | INFO | - Epoch 105, ExpID 74694 best_epoch=103 improved=0
2025-12-22 00:52:11,234 | INFO | Train - Loss (last batch): 0.00208
2025-12-22 00:52:11,234 | INFO | Val - Loss, MSE, MAE: 0.00294, 0.00294, 0.03419
2025-12-22 00:52:11,234 | INFO | Test - Best epoch, Loss, MSE, MAE: 103, 0.00272, 0.00272, 0.03175
2025-12-22 00:52:11,234 | INFO | Test - Points (EXACT): total_masked=96963 correct=58309 right_rate=60.1353%
2025-12-22 00:52:16,546 | INFO | - Epoch 106, ExpID 74694 best_epoch=103 improved=0
2025-12-22 00:52:16,546 | INFO | Train - Loss (last batch): 0.00156
2025-12-22 00:52:16,546 | INFO | Val - Loss, MSE, MAE: 0.00287, 0.00287, 0.03301
2025-12-22 00:52:16,546 | INFO | Test - Best epoch, Loss, MSE, MAE: 103, 0.00272, 0.00272, 0.03175
2025-12-22 00:52:16,547 | INFO | Test - Points (EXACT): total_masked=96963 correct=58309 right_rate=60.1353%
2025-12-22 00:52:21,849 | INFO | - Epoch 107, ExpID 74694 best_epoch=103 improved=0
2025-12-22 00:52:21,849 | INFO | Train - Loss (last batch): 0.00224
2025-12-22 00:52:21,849 | INFO | Val - Loss, MSE, MAE: 0.00286, 0.00286, 0.03297
2025-12-22 00:52:21,849 | INFO | Test - Best epoch, Loss, MSE, MAE: 103, 0.00272, 0.00272, 0.03175
2025-12-22 00:52:21,849 | INFO | Test - Points (EXACT): total_masked=96963 correct=58309 right_rate=60.1353%
2025-12-22 00:52:27,177 | INFO | - Epoch 108, ExpID 74694 best_epoch=103 improved=0
2025-12-22 00:52:27,177 | INFO | Train - Loss (last batch): 0.00303
2025-12-22 00:52:27,177 | INFO | Val - Loss, MSE, MAE: 0.00280, 0.00280, 0.03210
2025-12-22 00:52:27,177 | INFO | Test - Best epoch, Loss, MSE, MAE: 103, 0.00272, 0.00272, 0.03175
2025-12-22 00:52:27,177 | INFO | Test - Points (EXACT): total_masked=96963 correct=58309 right_rate=60.1353%
2025-12-22 00:52:32,488 | INFO | - Epoch 109, ExpID 74694 best_epoch=103 improved=0
2025-12-22 00:52:32,488 | INFO | Train - Loss (last batch): 0.00241
2025-12-22 00:52:32,488 | INFO | Val - Loss, MSE, MAE: 0.00281, 0.00281, 0.03226
2025-12-22 00:52:32,488 | INFO | Test - Best epoch, Loss, MSE, MAE: 103, 0.00272, 0.00272, 0.03175
2025-12-22 00:52:32,488 | INFO | Test - Points (EXACT): total_masked=96963 correct=58309 right_rate=60.1353%
2025-12-22 00:52:37,821 | INFO | - Epoch 110, ExpID 74694 best_epoch=103 improved=0
2025-12-22 00:52:37,821 | INFO | Train - Loss (last batch): 0.00342
2025-12-22 00:52:37,821 | INFO | Val - Loss, MSE, MAE: 0.00279, 0.00279, 0.03194
2025-12-22 00:52:37,821 | INFO | Test - Best epoch, Loss, MSE, MAE: 103, 0.00272, 0.00272, 0.03175
2025-12-22 00:52:37,821 | INFO | Test - Points (EXACT): total_masked=96963 correct=58309 right_rate=60.1353%
2025-12-22 00:52:43,128 | INFO | - Epoch 111, ExpID 74694 best_epoch=103 improved=0
2025-12-22 00:52:43,128 | INFO | Train - Loss (last batch): 0.00277
2025-12-22 00:52:43,128 | INFO | Val - Loss, MSE, MAE: 0.00292, 0.00292, 0.03385
2025-12-22 00:52:43,128 | INFO | Test - Best epoch, Loss, MSE, MAE: 103, 0.00272, 0.00272, 0.03175
2025-12-22 00:52:43,128 | INFO | Test - Points (EXACT): total_masked=96963 correct=58309 right_rate=60.1353%
2025-12-22 00:52:48,436 | INFO | - Epoch 112, ExpID 74694 best_epoch=103 improved=0
2025-12-22 00:52:48,437 | INFO | Train - Loss (last batch): 0.00215
2025-12-22 00:52:48,437 | INFO | Val - Loss, MSE, MAE: 0.00291, 0.00291, 0.03394
2025-12-22 00:52:48,437 | INFO | Test - Best epoch, Loss, MSE, MAE: 103, 0.00272, 0.00272, 0.03175
2025-12-22 00:52:48,437 | INFO | Test - Points (EXACT): total_masked=96963 correct=58309 right_rate=60.1353%
2025-12-22 00:52:53,729 | INFO | - Epoch 113, ExpID 74694 best_epoch=103 improved=0
2025-12-22 00:52:53,729 | INFO | Train - Loss (last batch): 0.00250
2025-12-22 00:52:53,729 | INFO | Val - Loss, MSE, MAE: 0.00279, 0.00279, 0.03202
2025-12-22 00:52:53,729 | INFO | Test - Best epoch, Loss, MSE, MAE: 103, 0.00272, 0.00272, 0.03175
2025-12-22 00:52:53,729 | INFO | Test - Points (EXACT): total_masked=96963 correct=58309 right_rate=60.1353%
2025-12-22 00:52:59,617 | INFO | - Epoch 114, ExpID 74694 best_epoch=114 improved=1
2025-12-22 00:52:59,617 | INFO | Train - Loss (last batch): 0.00257
2025-12-22 00:52:59,617 | INFO | Val - Loss, MSE, MAE: 0.00278, 0.00278, 0.03164
2025-12-22 00:52:59,617 | INFO | Test - Best epoch, Loss, MSE, MAE: 114, 0.00271, 0.00271, 0.03161
2025-12-22 00:52:59,617 | INFO | Test - Points (EXACT): total_masked=96963 correct=58456 right_rate=60.2869%
2025-12-22 00:53:04,925 | INFO | - Epoch 115, ExpID 74694 best_epoch=114 improved=0
2025-12-22 00:53:04,925 | INFO | Train - Loss (last batch): 0.00179
2025-12-22 00:53:04,925 | INFO | Val - Loss, MSE, MAE: 0.00282, 0.00282, 0.03243
2025-12-22 00:53:04,925 | INFO | Test - Best epoch, Loss, MSE, MAE: 114, 0.00271, 0.00271, 0.03161
2025-12-22 00:53:04,925 | INFO | Test - Points (EXACT): total_masked=96963 correct=58456 right_rate=60.2869%
2025-12-22 00:53:10,227 | INFO | - Epoch 116, ExpID 74694 best_epoch=114 improved=0
2025-12-22 00:53:10,228 | INFO | Train - Loss (last batch): 0.00252
2025-12-22 00:53:10,228 | INFO | Val - Loss, MSE, MAE: 0.00278, 0.00278, 0.03170
2025-12-22 00:53:10,228 | INFO | Test - Best epoch, Loss, MSE, MAE: 114, 0.00271, 0.00271, 0.03161
2025-12-22 00:53:10,228 | INFO | Test - Points (EXACT): total_masked=96963 correct=58456 right_rate=60.2869%
2025-12-22 00:53:15,533 | INFO | - Epoch 117, ExpID 74694 best_epoch=114 improved=0
2025-12-22 00:53:15,533 | INFO | Train - Loss (last batch): 0.00265
2025-12-22 00:53:15,533 | INFO | Val - Loss, MSE, MAE: 0.00285, 0.00285, 0.03293
2025-12-22 00:53:15,533 | INFO | Test - Best epoch, Loss, MSE, MAE: 114, 0.00271, 0.00271, 0.03161
2025-12-22 00:53:15,533 | INFO | Test - Points (EXACT): total_masked=96963 correct=58456 right_rate=60.2869%
2025-12-22 00:53:20,836 | INFO | - Epoch 118, ExpID 74694 best_epoch=114 improved=0
2025-12-22 00:53:20,836 | INFO | Train - Loss (last batch): 0.00220
2025-12-22 00:53:20,836 | INFO | Val - Loss, MSE, MAE: 0.00279, 0.00279, 0.03182
2025-12-22 00:53:20,836 | INFO | Test - Best epoch, Loss, MSE, MAE: 114, 0.00271, 0.00271, 0.03161
2025-12-22 00:53:20,836 | INFO | Test - Points (EXACT): total_masked=96963 correct=58456 right_rate=60.2869%
2025-12-22 00:53:26,150 | INFO | - Epoch 119, ExpID 74694 best_epoch=114 improved=0
2025-12-22 00:53:26,150 | INFO | Train - Loss (last batch): 0.00224
2025-12-22 00:53:26,150 | INFO | Val - Loss, MSE, MAE: 0.00279, 0.00279, 0.03195
2025-12-22 00:53:26,151 | INFO | Test - Best epoch, Loss, MSE, MAE: 114, 0.00271, 0.00271, 0.03161
2025-12-22 00:53:26,151 | INFO | Test - Points (EXACT): total_masked=96963 correct=58456 right_rate=60.2869%
2025-12-22 00:53:31,452 | INFO | - Epoch 120, ExpID 74694 best_epoch=114 improved=0
2025-12-22 00:53:31,453 | INFO | Train - Loss (last batch): 0.00251
2025-12-22 00:53:31,453 | INFO | Val - Loss, MSE, MAE: 0.00284, 0.00284, 0.03266
2025-12-22 00:53:31,453 | INFO | Test - Best epoch, Loss, MSE, MAE: 114, 0.00271, 0.00271, 0.03161
2025-12-22 00:53:31,453 | INFO | Test - Points (EXACT): total_masked=96963 correct=58456 right_rate=60.2869%
2025-12-22 00:53:36,760 | INFO | - Epoch 121, ExpID 74694 best_epoch=114 improved=0
2025-12-22 00:53:36,760 | INFO | Train - Loss (last batch): 0.00194
2025-12-22 00:53:36,760 | INFO | Val - Loss, MSE, MAE: 0.00280, 0.00280, 0.03203
2025-12-22 00:53:36,760 | INFO | Test - Best epoch, Loss, MSE, MAE: 114, 0.00271, 0.00271, 0.03161
2025-12-22 00:53:36,760 | INFO | Test - Points (EXACT): total_masked=96963 correct=58456 right_rate=60.2869%
2025-12-22 00:53:42,069 | INFO | - Epoch 122, ExpID 74694 best_epoch=114 improved=0
2025-12-22 00:53:42,069 | INFO | Train - Loss (last batch): 0.00227
2025-12-22 00:53:42,069 | INFO | Val - Loss, MSE, MAE: 0.00279, 0.00279, 0.03192
2025-12-22 00:53:42,069 | INFO | Test - Best epoch, Loss, MSE, MAE: 114, 0.00271, 0.00271, 0.03161
2025-12-22 00:53:42,069 | INFO | Test - Points (EXACT): total_masked=96963 correct=58456 right_rate=60.2869%
2025-12-22 00:53:47,380 | INFO | - Epoch 123, ExpID 74694 best_epoch=114 improved=0
2025-12-22 00:53:47,380 | INFO | Train - Loss (last batch): 0.00130
2025-12-22 00:53:47,380 | INFO | Val - Loss, MSE, MAE: 0.00288, 0.00288, 0.03328
2025-12-22 00:53:47,380 | INFO | Test - Best epoch, Loss, MSE, MAE: 114, 0.00271, 0.00271, 0.03161
2025-12-22 00:53:47,380 | INFO | Test - Points (EXACT): total_masked=96963 correct=58456 right_rate=60.2869%
2025-12-22 00:53:52,684 | INFO | - Epoch 124, ExpID 74694 best_epoch=114 improved=0
2025-12-22 00:53:52,684 | INFO | Train - Loss (last batch): 0.00251
2025-12-22 00:53:52,684 | INFO | Val - Loss, MSE, MAE: 0.00283, 0.00283, 0.03258
2025-12-22 00:53:52,684 | INFO | Test - Best epoch, Loss, MSE, MAE: 114, 0.00271, 0.00271, 0.03161
2025-12-22 00:53:52,684 | INFO | Test - Points (EXACT): total_masked=96963 correct=58456 right_rate=60.2869%
2025-12-22 00:53:57,995 | INFO | - Epoch 125, ExpID 74694 best_epoch=114 improved=0
2025-12-22 00:53:57,995 | INFO | Train - Loss (last batch): 0.00220
2025-12-22 00:53:57,995 | INFO | Val - Loss, MSE, MAE: 0.00281, 0.00281, 0.03216
2025-12-22 00:53:57,995 | INFO | Test - Best epoch, Loss, MSE, MAE: 114, 0.00271, 0.00271, 0.03161
2025-12-22 00:53:57,995 | INFO | Test - Points (EXACT): total_masked=96963 correct=58456 right_rate=60.2869%
2025-12-22 00:54:03,295 | INFO | - Epoch 126, ExpID 74694 best_epoch=114 improved=0
2025-12-22 00:54:03,296 | INFO | Train - Loss (last batch): 0.00264
2025-12-22 00:54:03,296 | INFO | Val - Loss, MSE, MAE: 0.00282, 0.00282, 0.03244
2025-12-22 00:54:03,296 | INFO | Test - Best epoch, Loss, MSE, MAE: 114, 0.00271, 0.00271, 0.03161
2025-12-22 00:54:03,296 | INFO | Test - Points (EXACT): total_masked=96963 correct=58456 right_rate=60.2869%
2025-12-22 00:54:08,609 | INFO | - Epoch 127, ExpID 74694 best_epoch=114 improved=0
2025-12-22 00:54:08,609 | INFO | Train - Loss (last batch): 0.00183
2025-12-22 00:54:08,609 | INFO | Val - Loss, MSE, MAE: 0.00289, 0.00289, 0.03352
2025-12-22 00:54:08,609 | INFO | Test - Best epoch, Loss, MSE, MAE: 114, 0.00271, 0.00271, 0.03161
2025-12-22 00:54:08,609 | INFO | Test - Points (EXACT): total_masked=96963 correct=58456 right_rate=60.2869%
2025-12-22 00:54:13,917 | INFO | - Epoch 128, ExpID 74694 best_epoch=114 improved=0
2025-12-22 00:54:13,917 | INFO | Train - Loss (last batch): 0.00284
2025-12-22 00:54:13,917 | INFO | Val - Loss, MSE, MAE: 0.00281, 0.00281, 0.03215
2025-12-22 00:54:13,917 | INFO | Test - Best epoch, Loss, MSE, MAE: 114, 0.00271, 0.00271, 0.03161
2025-12-22 00:54:13,917 | INFO | Test - Points (EXACT): total_masked=96963 correct=58456 right_rate=60.2869%
2025-12-22 00:54:19,205 | INFO | - Epoch 129, ExpID 74694 best_epoch=114 improved=0
2025-12-22 00:54:19,205 | INFO | Train - Loss (last batch): 0.00240
2025-12-22 00:54:19,205 | INFO | Val - Loss, MSE, MAE: 0.00282, 0.00282, 0.03241
2025-12-22 00:54:19,205 | INFO | Test - Best epoch, Loss, MSE, MAE: 114, 0.00271, 0.00271, 0.03161
2025-12-22 00:54:19,205 | INFO | Test - Points (EXACT): total_masked=96963 correct=58456 right_rate=60.2869%
2025-12-22 00:54:24,501 | INFO | - Epoch 130, ExpID 74694 best_epoch=114 improved=0
2025-12-22 00:54:24,501 | INFO | Train - Loss (last batch): 0.00139
2025-12-22 00:54:24,501 | INFO | Val - Loss, MSE, MAE: 0.00281, 0.00281, 0.03221
2025-12-22 00:54:24,501 | INFO | Test - Best epoch, Loss, MSE, MAE: 114, 0.00271, 0.00271, 0.03161
2025-12-22 00:54:24,501 | INFO | Test - Points (EXACT): total_masked=96963 correct=58456 right_rate=60.2869%
2025-12-22 00:54:29,816 | INFO | - Epoch 131, ExpID 74694 best_epoch=114 improved=0
2025-12-22 00:54:29,817 | INFO | Train - Loss (last batch): 0.00267
2025-12-22 00:54:29,817 | INFO | Val - Loss, MSE, MAE: 0.00281, 0.00281, 0.03226
2025-12-22 00:54:29,817 | INFO | Test - Best epoch, Loss, MSE, MAE: 114, 0.00271, 0.00271, 0.03161
2025-12-22 00:54:29,817 | INFO | Test - Points (EXACT): total_masked=96963 correct=58456 right_rate=60.2869%
2025-12-22 00:54:35,118 | INFO | - Epoch 132, ExpID 74694 best_epoch=114 improved=0
2025-12-22 00:54:35,118 | INFO | Train - Loss (last batch): 0.00192
2025-12-22 00:54:35,118 | INFO | Val - Loss, MSE, MAE: 0.00281, 0.00281, 0.03229
2025-12-22 00:54:35,118 | INFO | Test - Best epoch, Loss, MSE, MAE: 114, 0.00271, 0.00271, 0.03161
2025-12-22 00:54:35,118 | INFO | Test - Points (EXACT): total_masked=96963 correct=58456 right_rate=60.2869%
2025-12-22 00:54:40,418 | INFO | - Epoch 133, ExpID 74694 best_epoch=114 improved=0
2025-12-22 00:54:40,418 | INFO | Train - Loss (last batch): 0.00245
2025-12-22 00:54:40,418 | INFO | Val - Loss, MSE, MAE: 0.00284, 0.00284, 0.03266
2025-12-22 00:54:40,418 | INFO | Test - Best epoch, Loss, MSE, MAE: 114, 0.00271, 0.00271, 0.03161
2025-12-22 00:54:40,418 | INFO | Test - Points (EXACT): total_masked=96963 correct=58456 right_rate=60.2869%
2025-12-22 00:54:45,727 | INFO | - Epoch 134, ExpID 74694 best_epoch=114 improved=0
2025-12-22 00:54:45,727 | INFO | Train - Loss (last batch): 0.00165
2025-12-22 00:54:45,728 | INFO | Val - Loss, MSE, MAE: 0.00282, 0.00282, 0.03250
2025-12-22 00:54:45,728 | INFO | Test - Best epoch, Loss, MSE, MAE: 114, 0.00271, 0.00271, 0.03161
2025-12-22 00:54:45,728 | INFO | Test - Points (EXACT): total_masked=96963 correct=58456 right_rate=60.2869%
2025-12-22 00:54:51,096 | INFO | - Epoch 135, ExpID 74694 best_epoch=114 improved=0
2025-12-22 00:54:51,096 | INFO | Train - Loss (last batch): 0.00221
2025-12-22 00:54:51,096 | INFO | Val - Loss, MSE, MAE: 0.00281, 0.00281, 0.03226
2025-12-22 00:54:51,096 | INFO | Test - Best epoch, Loss, MSE, MAE: 114, 0.00271, 0.00271, 0.03161
2025-12-22 00:54:51,096 | INFO | Test - Points (EXACT): total_masked=96963 correct=58456 right_rate=60.2869%
2025-12-22 00:54:56,397 | INFO | - Epoch 136, ExpID 74694 best_epoch=114 improved=0
2025-12-22 00:54:56,398 | INFO | Train - Loss (last batch): 0.00232
2025-12-22 00:54:56,398 | INFO | Val - Loss, MSE, MAE: 0.00281, 0.00281, 0.03220
2025-12-22 00:54:56,398 | INFO | Test - Best epoch, Loss, MSE, MAE: 114, 0.00271, 0.00271, 0.03161
2025-12-22 00:54:56,398 | INFO | Test - Points (EXACT): total_masked=96963 correct=58456 right_rate=60.2869%
2025-12-22 00:55:01,696 | INFO | - Epoch 137, ExpID 74694 best_epoch=114 improved=0
2025-12-22 00:55:01,730 | INFO | Train - Loss (last batch): 0.00218
2025-12-22 00:55:01,730 | INFO | Val - Loss, MSE, MAE: 0.00280, 0.00280, 0.03218
2025-12-22 00:55:01,730 | INFO | Test - Best epoch, Loss, MSE, MAE: 114, 0.00271, 0.00271, 0.03161
2025-12-22 00:55:01,730 | INFO | Test - Points (EXACT): total_masked=96963 correct=58456 right_rate=60.2869%
2025-12-22 00:55:07,033 | INFO | - Epoch 138, ExpID 74694 best_epoch=114 improved=0
2025-12-22 00:55:07,106 | INFO | Train - Loss (last batch): 0.00290
2025-12-22 00:55:07,106 | INFO | Val - Loss, MSE, MAE: 0.00282, 0.00282, 0.03250
2025-12-22 00:55:07,106 | INFO | Test - Best epoch, Loss, MSE, MAE: 114, 0.00271, 0.00271, 0.03161
2025-12-22 00:55:07,106 | INFO | Test - Points (EXACT): total_masked=96963 correct=58456 right_rate=60.2869%
2025-12-22 00:55:12,397 | INFO | - Epoch 139, ExpID 74694 best_epoch=114 improved=0
2025-12-22 00:55:12,397 | INFO | Train - Loss (last batch): 0.00293
2025-12-22 00:55:12,397 | INFO | Val - Loss, MSE, MAE: 0.00284, 0.00284, 0.03263
2025-12-22 00:55:12,397 | INFO | Test - Best epoch, Loss, MSE, MAE: 114, 0.00271, 0.00271, 0.03161
2025-12-22 00:55:12,397 | INFO | Test - Points (EXACT): total_masked=96963 correct=58456 right_rate=60.2869%
2025-12-22 00:55:17,712 | INFO | - Epoch 140, ExpID 74694 best_epoch=114 improved=0
2025-12-22 00:55:17,712 | INFO | Train - Loss (last batch): 0.00296
2025-12-22 00:55:17,712 | INFO | Val - Loss, MSE, MAE: 0.00281, 0.00281, 0.03233
2025-12-22 00:55:17,712 | INFO | Test - Best epoch, Loss, MSE, MAE: 114, 0.00271, 0.00271, 0.03161
2025-12-22 00:55:17,712 | INFO | Test - Points (EXACT): total_masked=96963 correct=58456 right_rate=60.2869%
2025-12-22 00:55:23,001 | INFO | - Epoch 141, ExpID 74694 best_epoch=114 improved=0
2025-12-22 00:55:23,001 | INFO | Train - Loss (last batch): 0.00275
2025-12-22 00:55:23,001 | INFO | Val - Loss, MSE, MAE: 0.00283, 0.00283, 0.03250
2025-12-22 00:55:23,001 | INFO | Test - Best epoch, Loss, MSE, MAE: 114, 0.00271, 0.00271, 0.03161
2025-12-22 00:55:23,001 | INFO | Test - Points (EXACT): total_masked=96963 correct=58456 right_rate=60.2869%
2025-12-22 00:55:28,281 | INFO | - Epoch 142, ExpID 74694 best_epoch=114 improved=0
2025-12-22 00:55:28,282 | INFO | Train - Loss (last batch): 0.00211
2025-12-22 00:55:28,282 | INFO | Val - Loss, MSE, MAE: 0.00280, 0.00280, 0.03214
2025-12-22 00:55:28,282 | INFO | Test - Best epoch, Loss, MSE, MAE: 114, 0.00271, 0.00271, 0.03161
2025-12-22 00:55:28,282 | INFO | Test - Points (EXACT): total_masked=96963 correct=58456 right_rate=60.2869%
2025-12-22 00:55:33,604 | INFO | - Epoch 143, ExpID 74694 best_epoch=114 improved=0
2025-12-22 00:55:33,604 | INFO | Train - Loss (last batch): 0.00260
2025-12-22 00:55:33,604 | INFO | Val - Loss, MSE, MAE: 0.00281, 0.00281, 0.03222
2025-12-22 00:55:33,604 | INFO | Test - Best epoch, Loss, MSE, MAE: 114, 0.00271, 0.00271, 0.03161
2025-12-22 00:55:33,604 | INFO | Test - Points (EXACT): total_masked=96963 correct=58456 right_rate=60.2869%
2025-12-22 00:55:38,912 | INFO | - Epoch 144, ExpID 74694 best_epoch=114 improved=0
2025-12-22 00:55:38,912 | INFO | Train - Loss (last batch): 0.00268
2025-12-22 00:55:38,912 | INFO | Val - Loss, MSE, MAE: 0.00281, 0.00281, 0.03229
2025-12-22 00:55:38,912 | INFO | Test - Best epoch, Loss, MSE, MAE: 114, 0.00271, 0.00271, 0.03161
2025-12-22 00:55:38,912 | INFO | Test - Points (EXACT): total_masked=96963 correct=58456 right_rate=60.2869%
2025-12-22 00:55:44,201 | INFO | - Epoch 145, ExpID 74694 best_epoch=114 improved=0
2025-12-22 00:55:44,201 | INFO | Train - Loss (last batch): 0.00249
2025-12-22 00:55:44,201 | INFO | Val - Loss, MSE, MAE: 0.00282, 0.00282, 0.03242
2025-12-22 00:55:44,201 | INFO | Test - Best epoch, Loss, MSE, MAE: 114, 0.00271, 0.00271, 0.03161
2025-12-22 00:55:44,201 | INFO | Test - Points (EXACT): total_masked=96963 correct=58456 right_rate=60.2869%
2025-12-22 00:55:49,515 | INFO | - Epoch 146, ExpID 74694 best_epoch=114 improved=0
2025-12-22 00:55:49,515 | INFO | Train - Loss (last batch): 0.00222
2025-12-22 00:55:49,515 | INFO | Val - Loss, MSE, MAE: 0.00281, 0.00281, 0.03226
2025-12-22 00:55:49,515 | INFO | Test - Best epoch, Loss, MSE, MAE: 114, 0.00271, 0.00271, 0.03161
2025-12-22 00:55:49,515 | INFO | Test - Points (EXACT): total_masked=96963 correct=58456 right_rate=60.2869%
2025-12-22 00:55:54,892 | INFO | - Epoch 147, ExpID 74694 best_epoch=114 improved=0
2025-12-22 00:55:54,892 | INFO | Train - Loss (last batch): 0.00236
2025-12-22 00:55:54,892 | INFO | Val - Loss, MSE, MAE: 0.00283, 0.00283, 0.03254
2025-12-22 00:55:54,892 | INFO | Test - Best epoch, Loss, MSE, MAE: 114, 0.00271, 0.00271, 0.03161
2025-12-22 00:55:54,892 | INFO | Test - Points (EXACT): total_masked=96963 correct=58456 right_rate=60.2869%
2025-12-22 00:56:00,196 | INFO | - Epoch 148, ExpID 74694 best_epoch=114 improved=0
2025-12-22 00:56:00,196 | INFO | Train - Loss (last batch): 0.00203
2025-12-22 00:56:00,196 | INFO | Val - Loss, MSE, MAE: 0.00281, 0.00281, 0.03230
2025-12-22 00:56:00,196 | INFO | Test - Best epoch, Loss, MSE, MAE: 114, 0.00271, 0.00271, 0.03161
2025-12-22 00:56:00,196 | INFO | Test - Points (EXACT): total_masked=96963 correct=58456 right_rate=60.2869%
2025-12-22 00:56:05,500 | INFO | - Epoch 149, ExpID 74694 best_epoch=114 improved=0
2025-12-22 00:56:05,500 | INFO | Train - Loss (last batch): 0.00219
2025-12-22 00:56:05,500 | INFO | Val - Loss, MSE, MAE: 0.00281, 0.00281, 0.03228
2025-12-22 00:56:05,500 | INFO | Test - Best epoch, Loss, MSE, MAE: 114, 0.00271, 0.00271, 0.03161
2025-12-22 00:56:05,500 | INFO | Test - Points (EXACT): total_masked=96963 correct=58456 right_rate=60.2869%
2025-12-22 00:56:10,789 | INFO | - Epoch 150, ExpID 74694 best_epoch=114 improved=0
2025-12-22 00:56:10,789 | INFO | Train - Loss (last batch): 0.00179
2025-12-22 00:56:10,789 | INFO | Val - Loss, MSE, MAE: 0.00281, 0.00281, 0.03232
2025-12-22 00:56:10,789 | INFO | Test - Best epoch, Loss, MSE, MAE: 114, 0.00271, 0.00271, 0.03161
2025-12-22 00:56:10,789 | INFO | Test - Points (EXACT): total_masked=96963 correct=58456 right_rate=60.2869%
2025-12-22 00:56:16,093 | INFO | - Epoch 151, ExpID 74694 best_epoch=114 improved=0
2025-12-22 00:56:16,093 | INFO | Train - Loss (last batch): 0.00242
2025-12-22 00:56:16,093 | INFO | Val - Loss, MSE, MAE: 0.00281, 0.00281, 0.03224
2025-12-22 00:56:16,093 | INFO | Test - Best epoch, Loss, MSE, MAE: 114, 0.00271, 0.00271, 0.03161
2025-12-22 00:56:16,093 | INFO | Test - Points (EXACT): total_masked=96963 correct=58456 right_rate=60.2869%
2025-12-22 00:56:21,393 | INFO | - Epoch 152, ExpID 74694 best_epoch=114 improved=0
2025-12-22 00:56:21,393 | INFO | Train - Loss (last batch): 0.00222
2025-12-22 00:56:21,393 | INFO | Val - Loss, MSE, MAE: 0.00281, 0.00281, 0.03224
2025-12-22 00:56:21,393 | INFO | Test - Best epoch, Loss, MSE, MAE: 114, 0.00271, 0.00271, 0.03161
2025-12-22 00:56:21,393 | INFO | Test - Points (EXACT): total_masked=96963 correct=58456 right_rate=60.2869%
2025-12-22 00:56:26,702 | INFO | - Epoch 153, ExpID 74694 best_epoch=114 improved=0
2025-12-22 00:56:26,702 | INFO | Train - Loss (last batch): 0.00228
2025-12-22 00:56:26,702 | INFO | Val - Loss, MSE, MAE: 0.00283, 0.00283, 0.03261
2025-12-22 00:56:26,702 | INFO | Test - Best epoch, Loss, MSE, MAE: 114, 0.00271, 0.00271, 0.03161
2025-12-22 00:56:26,702 | INFO | Test - Points (EXACT): total_masked=96963 correct=58456 right_rate=60.2869%
2025-12-22 00:56:32,001 | INFO | - Epoch 154, ExpID 74694 best_epoch=114 improved=0
2025-12-22 00:56:32,001 | INFO | Train - Loss (last batch): 0.00193
2025-12-22 00:56:32,001 | INFO | Val - Loss, MSE, MAE: 0.00281, 0.00281, 0.03220
2025-12-22 00:56:32,001 | INFO | Test - Best epoch, Loss, MSE, MAE: 114, 0.00271, 0.00271, 0.03161
2025-12-22 00:56:32,001 | INFO | Test - Points (EXACT): total_masked=96963 correct=58456 right_rate=60.2869%
