2025-12-22 01:31:57,336 | INFO | - Epoch 000, ExpID 80676 best_epoch=0 improved=1
2025-12-22 01:31:57,337 | INFO | Train - Loss (last batch): 0.02232
2025-12-22 01:31:57,337 | INFO | Val - Loss, MSE, MAE: 0.02356, 0.02356, 0.11978
2025-12-22 01:31:57,337 | INFO | Test - Best epoch, Loss, MSE, MAE: 0, 0.02207, 0.02207, 0.11507
2025-12-22 01:31:57,337 | INFO | Test - Points (EXACT): total_masked=96963 correct=13906 right_rate=14.3416%
2025-12-22 01:32:02,085 | INFO | - Epoch 001, ExpID 80676 best_epoch=1 improved=1
2025-12-22 01:32:02,085 | INFO | Train - Loss (last batch): 0.01424
2025-12-22 01:32:02,085 | INFO | Val - Loss, MSE, MAE: 0.01507, 0.01507, 0.09355
2025-12-22 01:32:02,085 | INFO | Test - Best epoch, Loss, MSE, MAE: 1, 0.01421, 0.01421, 0.09155
2025-12-22 01:32:02,085 | INFO | Test - Points (EXACT): total_masked=96963 correct=19244 right_rate=19.8467%
2025-12-22 01:32:06,851 | INFO | - Epoch 002, ExpID 80676 best_epoch=2 improved=1
2025-12-22 01:32:06,851 | INFO | Train - Loss (last batch): 0.01300
2025-12-22 01:32:06,851 | INFO | Val - Loss, MSE, MAE: 0.01461, 0.01461, 0.09186
2025-12-22 01:32:06,851 | INFO | Test - Best epoch, Loss, MSE, MAE: 2, 0.01367, 0.01367, 0.08956
2025-12-22 01:32:06,851 | INFO | Test - Points (EXACT): total_masked=96963 correct=19446 right_rate=20.0551%
2025-12-22 01:32:11,621 | INFO | - Epoch 003, ExpID 80676 best_epoch=3 improved=1
2025-12-22 01:32:11,621 | INFO | Train - Loss (last batch): 0.01090
2025-12-22 01:32:11,621 | INFO | Val - Loss, MSE, MAE: 0.01164, 0.01164, 0.08067
2025-12-22 01:32:11,621 | INFO | Test - Best epoch, Loss, MSE, MAE: 3, 0.01059, 0.01059, 0.07786
2025-12-22 01:32:11,621 | INFO | Test - Points (EXACT): total_masked=96963 correct=23221 right_rate=23.9483%
2025-12-22 01:32:16,389 | INFO | - Epoch 004, ExpID 80676 best_epoch=4 improved=1
2025-12-22 01:32:16,389 | INFO | Train - Loss (last batch): 0.00424
2025-12-22 01:32:16,389 | INFO | Val - Loss, MSE, MAE: 0.00535, 0.00535, 0.05258
2025-12-22 01:32:16,389 | INFO | Test - Best epoch, Loss, MSE, MAE: 4, 0.00514, 0.00514, 0.05118
2025-12-22 01:32:16,389 | INFO | Test - Points (EXACT): total_masked=96963 correct=33940 right_rate=35.0030%
2025-12-22 01:32:21,158 | INFO | - Epoch 005, ExpID 80676 best_epoch=5 improved=1
2025-12-22 01:32:21,158 | INFO | Train - Loss (last batch): 0.00373
2025-12-22 01:32:21,158 | INFO | Val - Loss, MSE, MAE: 0.00437, 0.00437, 0.04636
2025-12-22 01:32:21,158 | INFO | Test - Best epoch, Loss, MSE, MAE: 5, 0.00416, 0.00416, 0.04513
2025-12-22 01:32:21,158 | INFO | Test - Points (EXACT): total_masked=96963 correct=38172 right_rate=39.3676%
2025-12-22 01:32:25,935 | INFO | - Epoch 006, ExpID 80676 best_epoch=6 improved=1
2025-12-22 01:32:25,935 | INFO | Train - Loss (last batch): 0.00354
2025-12-22 01:32:25,935 | INFO | Val - Loss, MSE, MAE: 0.00378, 0.00378, 0.04106
2025-12-22 01:32:25,935 | INFO | Test - Best epoch, Loss, MSE, MAE: 6, 0.00361, 0.00361, 0.04009
2025-12-22 01:32:25,936 | INFO | Test - Points (EXACT): total_masked=96963 correct=46360 right_rate=47.8121%
2025-12-22 01:32:30,827 | INFO | - Epoch 007, ExpID 80676 best_epoch=7 improved=1
2025-12-22 01:32:30,827 | INFO | Train - Loss (last batch): 0.00253
2025-12-22 01:32:30,827 | INFO | Val - Loss, MSE, MAE: 0.00375, 0.00375, 0.04077
2025-12-22 01:32:30,827 | INFO | Test - Best epoch, Loss, MSE, MAE: 7, 0.00359, 0.00359, 0.04003
2025-12-22 01:32:30,828 | INFO | Test - Points (EXACT): total_masked=96963 correct=46428 right_rate=47.8822%
2025-12-22 01:32:35,674 | INFO | - Epoch 008, ExpID 80676 best_epoch=8 improved=1
2025-12-22 01:32:35,674 | INFO | Train - Loss (last batch): 0.00244
2025-12-22 01:32:35,674 | INFO | Val - Loss, MSE, MAE: 0.00340, 0.00340, 0.03716
2025-12-22 01:32:35,674 | INFO | Test - Best epoch, Loss, MSE, MAE: 8, 0.00325, 0.00325, 0.03625
2025-12-22 01:32:35,674 | INFO | Test - Points (EXACT): total_masked=96963 correct=51400 right_rate=53.0099%
2025-12-22 01:32:40,480 | INFO | - Epoch 009, ExpID 80676 best_epoch=9 improved=1
2025-12-22 01:32:40,480 | INFO | Train - Loss (last batch): 0.00330
2025-12-22 01:32:40,480 | INFO | Val - Loss, MSE, MAE: 0.00332, 0.00332, 0.03614
2025-12-22 01:32:40,480 | INFO | Test - Best epoch, Loss, MSE, MAE: 9, 0.00316, 0.00316, 0.03530
2025-12-22 01:32:40,480 | INFO | Test - Points (EXACT): total_masked=96963 correct=53610 right_rate=55.2891%
2025-12-22 01:32:45,297 | INFO | - Epoch 010, ExpID 80676 best_epoch=10 improved=1
2025-12-22 01:32:45,297 | INFO | Train - Loss (last batch): 0.00314
2025-12-22 01:32:45,297 | INFO | Val - Loss, MSE, MAE: 0.00331, 0.00331, 0.03614
2025-12-22 01:32:45,297 | INFO | Test - Best epoch, Loss, MSE, MAE: 10, 0.00316, 0.00316, 0.03527
2025-12-22 01:32:45,297 | INFO | Test - Points (EXACT): total_masked=96963 correct=53378 right_rate=55.0499%
2025-12-22 01:32:50,109 | INFO | - Epoch 011, ExpID 80676 best_epoch=11 improved=1
2025-12-22 01:32:50,109 | INFO | Train - Loss (last batch): 0.00294
2025-12-22 01:32:50,109 | INFO | Val - Loss, MSE, MAE: 0.00327, 0.00327, 0.03565
2025-12-22 01:32:50,109 | INFO | Test - Best epoch, Loss, MSE, MAE: 11, 0.00311, 0.00311, 0.03487
2025-12-22 01:32:50,109 | INFO | Test - Points (EXACT): total_masked=96963 correct=54142 right_rate=55.8378%
2025-12-22 01:32:54,380 | INFO | - Epoch 012, ExpID 80676 best_epoch=11 improved=0
2025-12-22 01:32:54,380 | INFO | Train - Loss (last batch): 0.00276
2025-12-22 01:32:54,380 | INFO | Val - Loss, MSE, MAE: 0.00334, 0.00334, 0.03672
2025-12-22 01:32:54,381 | INFO | Test - Best epoch, Loss, MSE, MAE: 11, 0.00311, 0.00311, 0.03487
2025-12-22 01:32:54,381 | INFO | Test - Points (EXACT): total_masked=96963 correct=54142 right_rate=55.8378%
2025-12-22 01:32:59,181 | INFO | - Epoch 013, ExpID 80676 best_epoch=13 improved=1
2025-12-22 01:32:59,181 | INFO | Train - Loss (last batch): 0.00260
2025-12-22 01:32:59,181 | INFO | Val - Loss, MSE, MAE: 0.00322, 0.00322, 0.03525
2025-12-22 01:32:59,181 | INFO | Test - Best epoch, Loss, MSE, MAE: 13, 0.00307, 0.00307, 0.03457
2025-12-22 01:32:59,181 | INFO | Test - Points (EXACT): total_masked=96963 correct=55037 right_rate=56.7608%
2025-12-22 01:33:03,980 | INFO | - Epoch 014, ExpID 80676 best_epoch=14 improved=1
2025-12-22 01:33:03,980 | INFO | Train - Loss (last batch): 0.00323
2025-12-22 01:33:03,980 | INFO | Val - Loss, MSE, MAE: 0.00322, 0.00322, 0.03524
2025-12-22 01:33:03,980 | INFO | Test - Best epoch, Loss, MSE, MAE: 14, 0.00307, 0.00307, 0.03461
2025-12-22 01:33:03,980 | INFO | Test - Points (EXACT): total_masked=96963 correct=54598 right_rate=56.3081%
2025-12-22 01:33:08,242 | INFO | - Epoch 015, ExpID 80676 best_epoch=14 improved=0
2025-12-22 01:33:08,242 | INFO | Train - Loss (last batch): 0.00338
2025-12-22 01:33:08,242 | INFO | Val - Loss, MSE, MAE: 0.00329, 0.00329, 0.03613
2025-12-22 01:33:08,242 | INFO | Test - Best epoch, Loss, MSE, MAE: 14, 0.00307, 0.00307, 0.03461
2025-12-22 01:33:08,242 | INFO | Test - Points (EXACT): total_masked=96963 correct=54598 right_rate=56.3081%
2025-12-22 01:33:12,516 | INFO | - Epoch 016, ExpID 80676 best_epoch=14 improved=0
2025-12-22 01:33:12,516 | INFO | Train - Loss (last batch): 0.00295
2025-12-22 01:33:12,516 | INFO | Val - Loss, MSE, MAE: 0.00335, 0.00335, 0.03702
2025-12-22 01:33:12,516 | INFO | Test - Best epoch, Loss, MSE, MAE: 14, 0.00307, 0.00307, 0.03461
2025-12-22 01:33:12,516 | INFO | Test - Points (EXACT): total_masked=96963 correct=54598 right_rate=56.3081%
2025-12-22 01:33:17,319 | INFO | - Epoch 017, ExpID 80676 best_epoch=17 improved=1
2025-12-22 01:33:17,319 | INFO | Train - Loss (last batch): 0.00249
2025-12-22 01:33:17,320 | INFO | Val - Loss, MSE, MAE: 0.00315, 0.00315, 0.03443
2025-12-22 01:33:17,320 | INFO | Test - Best epoch, Loss, MSE, MAE: 17, 0.00301, 0.00301, 0.03391
2025-12-22 01:33:17,320 | INFO | Test - Points (EXACT): total_masked=96963 correct=55850 right_rate=57.5993%
2025-12-22 01:33:22,110 | INFO | - Epoch 018, ExpID 80676 best_epoch=17 improved=0
2025-12-22 01:33:22,110 | INFO | Train - Loss (last batch): 0.00311
2025-12-22 01:33:22,110 | INFO | Val - Loss, MSE, MAE: 0.00322, 0.00322, 0.03579
2025-12-22 01:33:22,110 | INFO | Test - Best epoch, Loss, MSE, MAE: 17, 0.00301, 0.00301, 0.03391
2025-12-22 01:33:22,110 | INFO | Test - Points (EXACT): total_masked=96963 correct=55850 right_rate=57.5993%
2025-12-22 01:33:26,363 | INFO | - Epoch 019, ExpID 80676 best_epoch=17 improved=0
2025-12-22 01:33:26,363 | INFO | Train - Loss (last batch): 0.00231
2025-12-22 01:33:26,364 | INFO | Val - Loss, MSE, MAE: 0.00317, 0.00317, 0.03485
2025-12-22 01:33:26,364 | INFO | Test - Best epoch, Loss, MSE, MAE: 17, 0.00301, 0.00301, 0.03391
2025-12-22 01:33:26,364 | INFO | Test - Points (EXACT): total_masked=96963 correct=55850 right_rate=57.5993%
2025-12-22 01:33:31,169 | INFO | - Epoch 020, ExpID 80676 best_epoch=20 improved=1
2025-12-22 01:33:31,169 | INFO | Train - Loss (last batch): 0.00339
2025-12-22 01:33:31,169 | INFO | Val - Loss, MSE, MAE: 0.00308, 0.00308, 0.03388
2025-12-22 01:33:31,169 | INFO | Test - Best epoch, Loss, MSE, MAE: 20, 0.00295, 0.00295, 0.03347
2025-12-22 01:33:31,169 | INFO | Test - Points (EXACT): total_masked=96963 correct=56247 right_rate=58.0087%
2025-12-22 01:33:35,479 | INFO | - Epoch 021, ExpID 80676 best_epoch=20 improved=0
2025-12-22 01:33:35,479 | INFO | Train - Loss (last batch): 0.00344
2025-12-22 01:33:35,479 | INFO | Val - Loss, MSE, MAE: 0.00309, 0.00309, 0.03393
2025-12-22 01:33:35,479 | INFO | Test - Best epoch, Loss, MSE, MAE: 20, 0.00295, 0.00295, 0.03347
2025-12-22 01:33:35,479 | INFO | Test - Points (EXACT): total_masked=96963 correct=56247 right_rate=58.0087%
2025-12-22 01:33:39,740 | INFO | - Epoch 022, ExpID 80676 best_epoch=20 improved=0
2025-12-22 01:33:39,740 | INFO | Train - Loss (last batch): 0.00302
2025-12-22 01:33:39,741 | INFO | Val - Loss, MSE, MAE: 0.00309, 0.00309, 0.03383
2025-12-22 01:33:39,741 | INFO | Test - Best epoch, Loss, MSE, MAE: 20, 0.00295, 0.00295, 0.03347
2025-12-22 01:33:39,741 | INFO | Test - Points (EXACT): total_masked=96963 correct=56247 right_rate=58.0087%
2025-12-22 01:33:44,540 | INFO | - Epoch 023, ExpID 80676 best_epoch=23 improved=1
2025-12-22 01:33:44,540 | INFO | Train - Loss (last batch): 0.00258
2025-12-22 01:33:44,540 | INFO | Val - Loss, MSE, MAE: 0.00304, 0.00304, 0.03343
2025-12-22 01:33:44,540 | INFO | Test - Best epoch, Loss, MSE, MAE: 23, 0.00291, 0.00291, 0.03303
2025-12-22 01:33:44,540 | INFO | Test - Points (EXACT): total_masked=96963 correct=56866 right_rate=58.6471%
2025-12-22 01:33:48,810 | INFO | - Epoch 024, ExpID 80676 best_epoch=23 improved=0
2025-12-22 01:33:48,810 | INFO | Train - Loss (last batch): 0.00262
2025-12-22 01:33:48,811 | INFO | Val - Loss, MSE, MAE: 0.00304, 0.00304, 0.03337
2025-12-22 01:33:48,811 | INFO | Test - Best epoch, Loss, MSE, MAE: 23, 0.00291, 0.00291, 0.03303
2025-12-22 01:33:48,811 | INFO | Test - Points (EXACT): total_masked=96963 correct=56866 right_rate=58.6471%
2025-12-22 01:33:53,602 | INFO | - Epoch 025, ExpID 80676 best_epoch=25 improved=1
2025-12-22 01:33:53,855 | INFO | Train - Loss (last batch): 0.00261
2025-12-22 01:33:53,855 | INFO | Val - Loss, MSE, MAE: 0.00303, 0.00303, 0.03336
2025-12-22 01:33:53,855 | INFO | Test - Best epoch, Loss, MSE, MAE: 25, 0.00290, 0.00290, 0.03294
2025-12-22 01:33:53,855 | INFO | Test - Points (EXACT): total_masked=96963 correct=57065 right_rate=58.8523%
2025-12-22 01:33:58,126 | INFO | - Epoch 026, ExpID 80676 best_epoch=25 improved=0
2025-12-22 01:33:58,127 | INFO | Train - Loss (last batch): 0.00267
2025-12-22 01:33:58,127 | INFO | Val - Loss, MSE, MAE: 0.00321, 0.00321, 0.03585
2025-12-22 01:33:58,127 | INFO | Test - Best epoch, Loss, MSE, MAE: 25, 0.00290, 0.00290, 0.03294
2025-12-22 01:33:58,127 | INFO | Test - Points (EXACT): total_masked=96963 correct=57065 right_rate=58.8523%
2025-12-22 01:34:02,402 | INFO | - Epoch 027, ExpID 80676 best_epoch=25 improved=0
2025-12-22 01:34:02,402 | INFO | Train - Loss (last batch): 0.00283
2025-12-22 01:34:02,402 | INFO | Val - Loss, MSE, MAE: 0.00304, 0.00304, 0.03339
2025-12-22 01:34:02,402 | INFO | Test - Best epoch, Loss, MSE, MAE: 25, 0.00290, 0.00290, 0.03294
2025-12-22 01:34:02,402 | INFO | Test - Points (EXACT): total_masked=96963 correct=57065 right_rate=58.8523%
2025-12-22 01:34:06,676 | INFO | - Epoch 028, ExpID 80676 best_epoch=25 improved=0
2025-12-22 01:34:06,676 | INFO | Train - Loss (last batch): 0.00271
2025-12-22 01:34:06,676 | INFO | Val - Loss, MSE, MAE: 0.00313, 0.00313, 0.03464
2025-12-22 01:34:06,676 | INFO | Test - Best epoch, Loss, MSE, MAE: 25, 0.00290, 0.00290, 0.03294
2025-12-22 01:34:06,676 | INFO | Test - Points (EXACT): total_masked=96963 correct=57065 right_rate=58.8523%
2025-12-22 01:34:10,960 | INFO | - Epoch 029, ExpID 80676 best_epoch=25 improved=0
2025-12-22 01:34:10,960 | INFO | Train - Loss (last batch): 0.00256
2025-12-22 01:34:10,960 | INFO | Val - Loss, MSE, MAE: 0.00338, 0.00338, 0.03839
2025-12-22 01:34:10,960 | INFO | Test - Best epoch, Loss, MSE, MAE: 25, 0.00290, 0.00290, 0.03294
2025-12-22 01:34:10,960 | INFO | Test - Points (EXACT): total_masked=96963 correct=57065 right_rate=58.8523%
2025-12-22 01:34:15,238 | INFO | - Epoch 030, ExpID 80676 best_epoch=25 improved=0
2025-12-22 01:34:15,238 | INFO | Train - Loss (last batch): 0.00226
2025-12-22 01:34:15,239 | INFO | Val - Loss, MSE, MAE: 0.00312, 0.00312, 0.03475
2025-12-22 01:34:15,239 | INFO | Test - Best epoch, Loss, MSE, MAE: 25, 0.00290, 0.00290, 0.03294
2025-12-22 01:34:15,239 | INFO | Test - Points (EXACT): total_masked=96963 correct=57065 right_rate=58.8523%
2025-12-22 01:34:20,035 | INFO | - Epoch 031, ExpID 80676 best_epoch=31 improved=1
2025-12-22 01:34:20,035 | INFO | Train - Loss (last batch): 0.00256
2025-12-22 01:34:20,035 | INFO | Val - Loss, MSE, MAE: 0.00300, 0.00300, 0.03298
2025-12-22 01:34:20,035 | INFO | Test - Best epoch, Loss, MSE, MAE: 31, 0.00287, 0.00287, 0.03259
2025-12-22 01:34:20,035 | INFO | Test - Points (EXACT): total_masked=96963 correct=57315 right_rate=59.1102%
2025-12-22 01:34:24,817 | INFO | - Epoch 032, ExpID 80676 best_epoch=32 improved=1
2025-12-22 01:34:24,817 | INFO | Train - Loss (last batch): 0.00247
2025-12-22 01:34:24,817 | INFO | Val - Loss, MSE, MAE: 0.00300, 0.00300, 0.03311
2025-12-22 01:34:24,817 | INFO | Test - Best epoch, Loss, MSE, MAE: 32, 0.00287, 0.00287, 0.03270
2025-12-22 01:34:24,817 | INFO | Test - Points (EXACT): total_masked=96963 correct=57250 right_rate=59.0431%
2025-12-22 01:34:29,611 | INFO | - Epoch 033, ExpID 80676 best_epoch=33 improved=1
2025-12-22 01:34:29,611 | INFO | Train - Loss (last batch): 0.00234
2025-12-22 01:34:29,611 | INFO | Val - Loss, MSE, MAE: 0.00300, 0.00300, 0.03292
2025-12-22 01:34:29,611 | INFO | Test - Best epoch, Loss, MSE, MAE: 33, 0.00287, 0.00287, 0.03254
2025-12-22 01:34:29,611 | INFO | Test - Points (EXACT): total_masked=96963 correct=57514 right_rate=59.3154%
2025-12-22 01:34:34,405 | INFO | - Epoch 034, ExpID 80676 best_epoch=34 improved=1
2025-12-22 01:34:34,405 | INFO | Train - Loss (last batch): 0.00219
2025-12-22 01:34:34,405 | INFO | Val - Loss, MSE, MAE: 0.00297, 0.00297, 0.03271
2025-12-22 01:34:34,405 | INFO | Test - Best epoch, Loss, MSE, MAE: 34, 0.00284, 0.00284, 0.03231
2025-12-22 01:34:34,405 | INFO | Test - Points (EXACT): total_masked=96963 correct=57834 right_rate=59.6454%
2025-12-22 01:34:38,671 | INFO | - Epoch 035, ExpID 80676 best_epoch=34 improved=0
2025-12-22 01:34:38,671 | INFO | Train - Loss (last batch): 0.00264
2025-12-22 01:34:38,671 | INFO | Val - Loss, MSE, MAE: 0.00297, 0.00297, 0.03270
2025-12-22 01:34:38,671 | INFO | Test - Best epoch, Loss, MSE, MAE: 34, 0.00284, 0.00284, 0.03231
2025-12-22 01:34:38,671 | INFO | Test - Points (EXACT): total_masked=96963 correct=57834 right_rate=59.6454%
2025-12-22 01:34:42,946 | INFO | - Epoch 036, ExpID 80676 best_epoch=34 improved=0
2025-12-22 01:34:42,946 | INFO | Train - Loss (last batch): 0.00303
2025-12-22 01:34:42,946 | INFO | Val - Loss, MSE, MAE: 0.00311, 0.00311, 0.03474
2025-12-22 01:34:42,946 | INFO | Test - Best epoch, Loss, MSE, MAE: 34, 0.00284, 0.00284, 0.03231
2025-12-22 01:34:42,946 | INFO | Test - Points (EXACT): total_masked=96963 correct=57834 right_rate=59.6454%
2025-12-22 01:34:47,219 | INFO | - Epoch 037, ExpID 80676 best_epoch=34 improved=0
2025-12-22 01:34:47,219 | INFO | Train - Loss (last batch): 0.00285
2025-12-22 01:34:47,219 | INFO | Val - Loss, MSE, MAE: 0.00297, 0.00297, 0.03265
2025-12-22 01:34:47,219 | INFO | Test - Best epoch, Loss, MSE, MAE: 34, 0.00284, 0.00284, 0.03231
2025-12-22 01:34:47,219 | INFO | Test - Points (EXACT): total_masked=96963 correct=57834 right_rate=59.6454%
2025-12-22 01:34:51,494 | INFO | - Epoch 038, ExpID 80676 best_epoch=34 improved=0
2025-12-22 01:34:51,494 | INFO | Train - Loss (last batch): 0.00350
2025-12-22 01:34:51,494 | INFO | Val - Loss, MSE, MAE: 0.00311, 0.00311, 0.03491
2025-12-22 01:34:51,494 | INFO | Test - Best epoch, Loss, MSE, MAE: 34, 0.00284, 0.00284, 0.03231
2025-12-22 01:34:51,494 | INFO | Test - Points (EXACT): total_masked=96963 correct=57834 right_rate=59.6454%
2025-12-22 01:34:55,772 | INFO | - Epoch 039, ExpID 80676 best_epoch=34 improved=0
2025-12-22 01:34:55,772 | INFO | Train - Loss (last batch): 0.00293
2025-12-22 01:34:55,772 | INFO | Val - Loss, MSE, MAE: 0.00299, 0.00299, 0.03313
2025-12-22 01:34:55,772 | INFO | Test - Best epoch, Loss, MSE, MAE: 34, 0.00284, 0.00284, 0.03231
2025-12-22 01:34:55,772 | INFO | Test - Points (EXACT): total_masked=96963 correct=57834 right_rate=59.6454%
2025-12-22 01:35:00,046 | INFO | - Epoch 040, ExpID 80676 best_epoch=34 improved=0
2025-12-22 01:35:00,047 | INFO | Train - Loss (last batch): 0.00254
2025-12-22 01:35:00,047 | INFO | Val - Loss, MSE, MAE: 0.00299, 0.00299, 0.03330
2025-12-22 01:35:00,047 | INFO | Test - Best epoch, Loss, MSE, MAE: 34, 0.00284, 0.00284, 0.03231
2025-12-22 01:35:00,047 | INFO | Test - Points (EXACT): total_masked=96963 correct=57834 right_rate=59.6454%
2025-12-22 01:35:04,348 | INFO | - Epoch 041, ExpID 80676 best_epoch=34 improved=0
2025-12-22 01:35:04,348 | INFO | Train - Loss (last batch): 0.00252
2025-12-22 01:35:04,349 | INFO | Val - Loss, MSE, MAE: 0.00317, 0.00317, 0.03551
2025-12-22 01:35:04,349 | INFO | Test - Best epoch, Loss, MSE, MAE: 34, 0.00284, 0.00284, 0.03231
2025-12-22 01:35:04,349 | INFO | Test - Points (EXACT): total_masked=96963 correct=57834 right_rate=59.6454%
2025-12-22 01:35:08,658 | INFO | - Epoch 042, ExpID 80676 best_epoch=34 improved=0
2025-12-22 01:35:08,658 | INFO | Train - Loss (last batch): 0.00208
2025-12-22 01:35:08,658 | INFO | Val - Loss, MSE, MAE: 0.00314, 0.00314, 0.03533
2025-12-22 01:35:08,658 | INFO | Test - Best epoch, Loss, MSE, MAE: 34, 0.00284, 0.00284, 0.03231
2025-12-22 01:35:08,659 | INFO | Test - Points (EXACT): total_masked=96963 correct=57834 right_rate=59.6454%
2025-12-22 01:35:12,954 | INFO | - Epoch 043, ExpID 80676 best_epoch=34 improved=0
2025-12-22 01:35:12,954 | INFO | Train - Loss (last batch): 0.00262
2025-12-22 01:35:12,954 | INFO | Val - Loss, MSE, MAE: 0.00303, 0.00303, 0.03351
2025-12-22 01:35:12,954 | INFO | Test - Best epoch, Loss, MSE, MAE: 34, 0.00284, 0.00284, 0.03231
2025-12-22 01:35:12,954 | INFO | Test - Points (EXACT): total_masked=96963 correct=57834 right_rate=59.6454%
2025-12-22 01:35:17,766 | INFO | - Epoch 044, ExpID 80676 best_epoch=44 improved=1
2025-12-22 01:35:17,766 | INFO | Train - Loss (last batch): 0.00278
2025-12-22 01:35:17,766 | INFO | Val - Loss, MSE, MAE: 0.00297, 0.00297, 0.03273
2025-12-22 01:35:17,766 | INFO | Test - Best epoch, Loss, MSE, MAE: 44, 0.00283, 0.00283, 0.03234
2025-12-22 01:35:17,766 | INFO | Test - Points (EXACT): total_masked=96963 correct=57743 right_rate=59.5516%
2025-12-22 01:35:22,053 | INFO | - Epoch 045, ExpID 80676 best_epoch=44 improved=0
2025-12-22 01:35:22,053 | INFO | Train - Loss (last batch): 0.00269
2025-12-22 01:35:22,053 | INFO | Val - Loss, MSE, MAE: 0.00298, 0.00298, 0.03291
2025-12-22 01:35:22,053 | INFO | Test - Best epoch, Loss, MSE, MAE: 44, 0.00283, 0.00283, 0.03234
2025-12-22 01:35:22,053 | INFO | Test - Points (EXACT): total_masked=96963 correct=57743 right_rate=59.5516%
2025-12-22 01:35:26,873 | INFO | - Epoch 046, ExpID 80676 best_epoch=46 improved=1
2025-12-22 01:35:26,873 | INFO | Train - Loss (last batch): 0.00286
2025-12-22 01:35:26,873 | INFO | Val - Loss, MSE, MAE: 0.00295, 0.00295, 0.03246
2025-12-22 01:35:26,873 | INFO | Test - Best epoch, Loss, MSE, MAE: 46, 0.00282, 0.00282, 0.03207
2025-12-22 01:35:26,873 | INFO | Test - Points (EXACT): total_masked=96963 correct=58117 right_rate=59.9373%
2025-12-22 01:35:31,153 | INFO | - Epoch 047, ExpID 80676 best_epoch=46 improved=0
2025-12-22 01:35:31,154 | INFO | Train - Loss (last batch): 0.00265
2025-12-22 01:35:31,154 | INFO | Val - Loss, MSE, MAE: 0.00300, 0.00300, 0.03333
2025-12-22 01:35:31,154 | INFO | Test - Best epoch, Loss, MSE, MAE: 46, 0.00282, 0.00282, 0.03207
2025-12-22 01:35:31,154 | INFO | Test - Points (EXACT): total_masked=96963 correct=58117 right_rate=59.9373%
2025-12-22 01:35:35,458 | INFO | - Epoch 048, ExpID 80676 best_epoch=46 improved=0
2025-12-22 01:35:35,458 | INFO | Train - Loss (last batch): 0.00260
2025-12-22 01:35:35,458 | INFO | Val - Loss, MSE, MAE: 0.00297, 0.00297, 0.03285
2025-12-22 01:35:35,458 | INFO | Test - Best epoch, Loss, MSE, MAE: 46, 0.00282, 0.00282, 0.03207
2025-12-22 01:35:35,458 | INFO | Test - Points (EXACT): total_masked=96963 correct=58117 right_rate=59.9373%
2025-12-22 01:35:39,764 | INFO | - Epoch 049, ExpID 80676 best_epoch=46 improved=0
2025-12-22 01:35:39,764 | INFO | Train - Loss (last batch): 0.00194
2025-12-22 01:35:39,764 | INFO | Val - Loss, MSE, MAE: 0.00298, 0.00298, 0.03288
2025-12-22 01:35:39,764 | INFO | Test - Best epoch, Loss, MSE, MAE: 46, 0.00282, 0.00282, 0.03207
2025-12-22 01:35:39,764 | INFO | Test - Points (EXACT): total_masked=96963 correct=58117 right_rate=59.9373%
2025-12-22 01:35:44,065 | INFO | - Epoch 050, ExpID 80676 best_epoch=46 improved=0
2025-12-22 01:35:44,065 | INFO | Train - Loss (last batch): 0.00220
2025-12-22 01:35:44,065 | INFO | Val - Loss, MSE, MAE: 0.00300, 0.00300, 0.03327
2025-12-22 01:35:44,065 | INFO | Test - Best epoch, Loss, MSE, MAE: 46, 0.00282, 0.00282, 0.03207
2025-12-22 01:35:44,066 | INFO | Test - Points (EXACT): total_masked=96963 correct=58117 right_rate=59.9373%
2025-12-22 01:35:48,384 | INFO | - Epoch 051, ExpID 80676 best_epoch=46 improved=0
2025-12-22 01:35:48,384 | INFO | Train - Loss (last batch): 0.00265
2025-12-22 01:35:48,384 | INFO | Val - Loss, MSE, MAE: 0.00300, 0.00300, 0.03333
2025-12-22 01:35:48,384 | INFO | Test - Best epoch, Loss, MSE, MAE: 46, 0.00282, 0.00282, 0.03207
2025-12-22 01:35:48,384 | INFO | Test - Points (EXACT): total_masked=96963 correct=58117 right_rate=59.9373%
2025-12-22 01:35:53,224 | INFO | - Epoch 052, ExpID 80676 best_epoch=52 improved=1
2025-12-22 01:35:53,224 | INFO | Train - Loss (last batch): 0.00256
2025-12-22 01:35:53,224 | INFO | Val - Loss, MSE, MAE: 0.00294, 0.00294, 0.03252
2025-12-22 01:35:53,224 | INFO | Test - Best epoch, Loss, MSE, MAE: 52, 0.00281, 0.00281, 0.03218
2025-12-22 01:35:53,224 | INFO | Test - Points (EXACT): total_masked=96963 correct=58008 right_rate=59.8249%
2025-12-22 01:35:58,062 | INFO | - Epoch 053, ExpID 80676 best_epoch=53 improved=1
2025-12-22 01:35:58,062 | INFO | Train - Loss (last batch): 0.00285
2025-12-22 01:35:58,062 | INFO | Val - Loss, MSE, MAE: 0.00293, 0.00293, 0.03236
2025-12-22 01:35:58,062 | INFO | Test - Best epoch, Loss, MSE, MAE: 53, 0.00280, 0.00280, 0.03199
2025-12-22 01:35:58,062 | INFO | Test - Points (EXACT): total_masked=96963 correct=58242 right_rate=60.0662%
2025-12-22 01:36:02,336 | INFO | - Epoch 054, ExpID 80676 best_epoch=53 improved=0
2025-12-22 01:36:02,336 | INFO | Train - Loss (last batch): 0.00281
2025-12-22 01:36:02,336 | INFO | Val - Loss, MSE, MAE: 0.00294, 0.00294, 0.03245
2025-12-22 01:36:02,336 | INFO | Test - Best epoch, Loss, MSE, MAE: 53, 0.00280, 0.00280, 0.03199
2025-12-22 01:36:02,336 | INFO | Test - Points (EXACT): total_masked=96963 correct=58242 right_rate=60.0662%
2025-12-22 01:36:06,604 | INFO | - Epoch 055, ExpID 80676 best_epoch=53 improved=0
2025-12-22 01:36:06,604 | INFO | Train - Loss (last batch): 0.00224
2025-12-22 01:36:06,604 | INFO | Val - Loss, MSE, MAE: 0.00294, 0.00294, 0.03243
2025-12-22 01:36:06,604 | INFO | Test - Best epoch, Loss, MSE, MAE: 53, 0.00280, 0.00280, 0.03199
2025-12-22 01:36:06,604 | INFO | Test - Points (EXACT): total_masked=96963 correct=58242 right_rate=60.0662%
2025-12-22 01:36:10,879 | INFO | - Epoch 056, ExpID 80676 best_epoch=53 improved=0
2025-12-22 01:36:10,879 | INFO | Train - Loss (last batch): 0.00298
2025-12-22 01:36:10,879 | INFO | Val - Loss, MSE, MAE: 0.00307, 0.00307, 0.03445
2025-12-22 01:36:10,879 | INFO | Test - Best epoch, Loss, MSE, MAE: 53, 0.00280, 0.00280, 0.03199
2025-12-22 01:36:10,879 | INFO | Test - Points (EXACT): total_masked=96963 correct=58242 right_rate=60.0662%
2025-12-22 01:36:15,153 | INFO | - Epoch 057, ExpID 80676 best_epoch=53 improved=0
2025-12-22 01:36:15,153 | INFO | Train - Loss (last batch): 0.00222
2025-12-22 01:36:15,153 | INFO | Val - Loss, MSE, MAE: 0.00300, 0.00300, 0.03344
2025-12-22 01:36:15,153 | INFO | Test - Best epoch, Loss, MSE, MAE: 53, 0.00280, 0.00280, 0.03199
2025-12-22 01:36:15,153 | INFO | Test - Points (EXACT): total_masked=96963 correct=58242 right_rate=60.0662%
2025-12-22 01:36:19,977 | INFO | - Epoch 058, ExpID 80676 best_epoch=58 improved=1
2025-12-22 01:36:19,977 | INFO | Train - Loss (last batch): 0.00269
2025-12-22 01:36:19,977 | INFO | Val - Loss, MSE, MAE: 0.00293, 0.00293, 0.03236
2025-12-22 01:36:19,977 | INFO | Test - Best epoch, Loss, MSE, MAE: 58, 0.00279, 0.00279, 0.03200
2025-12-22 01:36:19,977 | INFO | Test - Points (EXACT): total_masked=96963 correct=58215 right_rate=60.0384%
2025-12-22 01:36:24,771 | INFO | - Epoch 059, ExpID 80676 best_epoch=59 improved=1
2025-12-22 01:36:24,771 | INFO | Train - Loss (last batch): 0.00291
2025-12-22 01:36:24,771 | INFO | Val - Loss, MSE, MAE: 0.00293, 0.00293, 0.03232
2025-12-22 01:36:24,771 | INFO | Test - Best epoch, Loss, MSE, MAE: 59, 0.00279, 0.00279, 0.03193
2025-12-22 01:36:24,771 | INFO | Test - Points (EXACT): total_masked=96963 correct=58320 right_rate=60.1467%
2025-12-22 01:36:29,055 | INFO | - Epoch 060, ExpID 80676 best_epoch=59 improved=0
2025-12-22 01:36:29,055 | INFO | Train - Loss (last batch): 0.00266
2025-12-22 01:36:29,055 | INFO | Val - Loss, MSE, MAE: 0.00295, 0.00295, 0.03250
2025-12-22 01:36:29,055 | INFO | Test - Best epoch, Loss, MSE, MAE: 59, 0.00279, 0.00279, 0.03193
2025-12-22 01:36:29,055 | INFO | Test - Points (EXACT): total_masked=96963 correct=58320 right_rate=60.1467%
2025-12-22 01:36:33,331 | INFO | - Epoch 061, ExpID 80676 best_epoch=59 improved=0
2025-12-22 01:36:33,331 | INFO | Train - Loss (last batch): 0.00268
2025-12-22 01:36:33,331 | INFO | Val - Loss, MSE, MAE: 0.00297, 0.00297, 0.03299
2025-12-22 01:36:33,331 | INFO | Test - Best epoch, Loss, MSE, MAE: 59, 0.00279, 0.00279, 0.03193
2025-12-22 01:36:33,331 | INFO | Test - Points (EXACT): total_masked=96963 correct=58320 right_rate=60.1467%
2025-12-22 01:36:37,612 | INFO | - Epoch 062, ExpID 80676 best_epoch=59 improved=0
2025-12-22 01:36:37,612 | INFO | Train - Loss (last batch): 0.00287
2025-12-22 01:36:37,612 | INFO | Val - Loss, MSE, MAE: 0.00298, 0.00298, 0.03302
2025-12-22 01:36:37,612 | INFO | Test - Best epoch, Loss, MSE, MAE: 59, 0.00279, 0.00279, 0.03193
2025-12-22 01:36:37,612 | INFO | Test - Points (EXACT): total_masked=96963 correct=58320 right_rate=60.1467%
2025-12-22 01:36:42,416 | INFO | - Epoch 063, ExpID 80676 best_epoch=63 improved=1
2025-12-22 01:36:42,416 | INFO | Train - Loss (last batch): 0.00276
2025-12-22 01:36:42,416 | INFO | Val - Loss, MSE, MAE: 0.00292, 0.00292, 0.03228
2025-12-22 01:36:42,416 | INFO | Test - Best epoch, Loss, MSE, MAE: 63, 0.00279, 0.00279, 0.03189
2025-12-22 01:36:42,416 | INFO | Test - Points (EXACT): total_masked=96963 correct=58291 right_rate=60.1167%
2025-12-22 01:36:46,676 | INFO | - Epoch 064, ExpID 80676 best_epoch=63 improved=0
2025-12-22 01:36:46,676 | INFO | Train - Loss (last batch): 0.00302
2025-12-22 01:36:46,676 | INFO | Val - Loss, MSE, MAE: 0.00295, 0.00295, 0.03264
2025-12-22 01:36:46,677 | INFO | Test - Best epoch, Loss, MSE, MAE: 63, 0.00279, 0.00279, 0.03189
2025-12-22 01:36:46,677 | INFO | Test - Points (EXACT): total_masked=96963 correct=58291 right_rate=60.1167%
2025-12-22 01:36:50,964 | INFO | - Epoch 065, ExpID 80676 best_epoch=63 improved=0
2025-12-22 01:36:50,964 | INFO | Train - Loss (last batch): 0.00330
2025-12-22 01:36:50,965 | INFO | Val - Loss, MSE, MAE: 0.00296, 0.00296, 0.03298
2025-12-22 01:36:50,965 | INFO | Test - Best epoch, Loss, MSE, MAE: 63, 0.00279, 0.00279, 0.03189
2025-12-22 01:36:50,965 | INFO | Test - Points (EXACT): total_masked=96963 correct=58291 right_rate=60.1167%
2025-12-22 01:36:55,251 | INFO | - Epoch 066, ExpID 80676 best_epoch=63 improved=0
2025-12-22 01:36:55,251 | INFO | Train - Loss (last batch): 0.00304
2025-12-22 01:36:55,251 | INFO | Val - Loss, MSE, MAE: 0.00293, 0.00293, 0.03261
2025-12-22 01:36:55,252 | INFO | Test - Best epoch, Loss, MSE, MAE: 63, 0.00279, 0.00279, 0.03189
2025-12-22 01:36:55,252 | INFO | Test - Points (EXACT): total_masked=96963 correct=58291 right_rate=60.1167%
2025-12-22 01:36:59,527 | INFO | - Epoch 067, ExpID 80676 best_epoch=63 improved=0
2025-12-22 01:36:59,527 | INFO | Train - Loss (last batch): 0.00251
2025-12-22 01:36:59,527 | INFO | Val - Loss, MSE, MAE: 0.00294, 0.00294, 0.03254
2025-12-22 01:36:59,527 | INFO | Test - Best epoch, Loss, MSE, MAE: 63, 0.00279, 0.00279, 0.03189
2025-12-22 01:36:59,527 | INFO | Test - Points (EXACT): total_masked=96963 correct=58291 right_rate=60.1167%
2025-12-22 01:37:04,338 | INFO | - Epoch 068, ExpID 80676 best_epoch=68 improved=1
2025-12-22 01:37:04,338 | INFO | Train - Loss (last batch): 0.00241
2025-12-22 01:37:04,338 | INFO | Val - Loss, MSE, MAE: 0.00292, 0.00292, 0.03228
2025-12-22 01:37:04,338 | INFO | Test - Best epoch, Loss, MSE, MAE: 68, 0.00278, 0.00278, 0.03191
2025-12-22 01:37:04,338 | INFO | Test - Points (EXACT): total_masked=96963 correct=58214 right_rate=60.0373%
2025-12-22 01:37:08,602 | INFO | - Epoch 069, ExpID 80676 best_epoch=68 improved=0
2025-12-22 01:37:08,856 | INFO | Train - Loss (last batch): 0.00257
2025-12-22 01:37:08,856 | INFO | Val - Loss, MSE, MAE: 0.00303, 0.00303, 0.03402
2025-12-22 01:37:08,856 | INFO | Test - Best epoch, Loss, MSE, MAE: 68, 0.00278, 0.00278, 0.03191
2025-12-22 01:37:08,856 | INFO | Test - Points (EXACT): total_masked=96963 correct=58214 right_rate=60.0373%
2025-12-22 01:37:13,663 | INFO | - Epoch 070, ExpID 80676 best_epoch=70 improved=1
2025-12-22 01:37:13,663 | INFO | Train - Loss (last batch): 0.00219
2025-12-22 01:37:13,663 | INFO | Val - Loss, MSE, MAE: 0.00291, 0.00291, 0.03219
2025-12-22 01:37:13,663 | INFO | Test - Best epoch, Loss, MSE, MAE: 70, 0.00278, 0.00278, 0.03183
2025-12-22 01:37:13,663 | INFO | Test - Points (EXACT): total_masked=96963 correct=58375 right_rate=60.2034%
2025-12-22 01:37:18,471 | INFO | - Epoch 071, ExpID 80676 best_epoch=71 improved=1
2025-12-22 01:37:18,471 | INFO | Train - Loss (last batch): 0.00268
2025-12-22 01:37:18,471 | INFO | Val - Loss, MSE, MAE: 0.00291, 0.00291, 0.03224
2025-12-22 01:37:18,471 | INFO | Test - Best epoch, Loss, MSE, MAE: 71, 0.00278, 0.00278, 0.03191
2025-12-22 01:37:18,471 | INFO | Test - Points (EXACT): total_masked=96963 correct=58145 right_rate=59.9662%
2025-12-22 01:37:22,755 | INFO | - Epoch 072, ExpID 80676 best_epoch=71 improved=0
2025-12-22 01:37:22,755 | INFO | Train - Loss (last batch): 0.00347
2025-12-22 01:37:22,755 | INFO | Val - Loss, MSE, MAE: 0.00292, 0.00292, 0.03230
2025-12-22 01:37:22,755 | INFO | Test - Best epoch, Loss, MSE, MAE: 71, 0.00278, 0.00278, 0.03191
2025-12-22 01:37:22,755 | INFO | Test - Points (EXACT): total_masked=96963 correct=58145 right_rate=59.9662%
2025-12-22 01:37:27,561 | INFO | - Epoch 073, ExpID 80676 best_epoch=73 improved=1
2025-12-22 01:37:27,561 | INFO | Train - Loss (last batch): 0.00198
2025-12-22 01:37:27,561 | INFO | Val - Loss, MSE, MAE: 0.00290, 0.00290, 0.03212
2025-12-22 01:37:27,561 | INFO | Test - Best epoch, Loss, MSE, MAE: 73, 0.00277, 0.00277, 0.03177
2025-12-22 01:37:27,561 | INFO | Test - Points (EXACT): total_masked=96963 correct=58371 right_rate=60.1993%
2025-12-22 01:37:31,834 | INFO | - Epoch 074, ExpID 80676 best_epoch=73 improved=0
2025-12-22 01:37:31,834 | INFO | Train - Loss (last batch): 0.00187
2025-12-22 01:37:31,834 | INFO | Val - Loss, MSE, MAE: 0.00293, 0.00293, 0.03258
2025-12-22 01:37:31,834 | INFO | Test - Best epoch, Loss, MSE, MAE: 73, 0.00277, 0.00277, 0.03177
2025-12-22 01:37:31,834 | INFO | Test - Points (EXACT): total_masked=96963 correct=58371 right_rate=60.1993%
2025-12-22 01:37:36,103 | INFO | - Epoch 075, ExpID 80676 best_epoch=73 improved=0
2025-12-22 01:37:36,103 | INFO | Train - Loss (last batch): 0.00239
2025-12-22 01:37:36,103 | INFO | Val - Loss, MSE, MAE: 0.00298, 0.00298, 0.03316
2025-12-22 01:37:36,103 | INFO | Test - Best epoch, Loss, MSE, MAE: 73, 0.00277, 0.00277, 0.03177
2025-12-22 01:37:36,103 | INFO | Test - Points (EXACT): total_masked=96963 correct=58371 right_rate=60.1993%
2025-12-22 01:37:40,364 | INFO | - Epoch 076, ExpID 80676 best_epoch=73 improved=0
2025-12-22 01:37:40,364 | INFO | Train - Loss (last batch): 0.00268
2025-12-22 01:37:40,364 | INFO | Val - Loss, MSE, MAE: 0.00293, 0.00293, 0.03273
2025-12-22 01:37:40,364 | INFO | Test - Best epoch, Loss, MSE, MAE: 73, 0.00277, 0.00277, 0.03177
2025-12-22 01:37:40,364 | INFO | Test - Points (EXACT): total_masked=96963 correct=58371 right_rate=60.1993%
2025-12-22 01:37:44,648 | INFO | - Epoch 077, ExpID 80676 best_epoch=73 improved=0
2025-12-22 01:37:44,648 | INFO | Train - Loss (last batch): 0.00244
2025-12-22 01:37:44,648 | INFO | Val - Loss, MSE, MAE: 0.00298, 0.00298, 0.03351
2025-12-22 01:37:44,648 | INFO | Test - Best epoch, Loss, MSE, MAE: 73, 0.00277, 0.00277, 0.03177
2025-12-22 01:37:44,648 | INFO | Test - Points (EXACT): total_masked=96963 correct=58371 right_rate=60.1993%
2025-12-22 01:37:48,927 | INFO | - Epoch 078, ExpID 80676 best_epoch=73 improved=0
2025-12-22 01:37:48,927 | INFO | Train - Loss (last batch): 0.00242
2025-12-22 01:37:48,927 | INFO | Val - Loss, MSE, MAE: 0.00294, 0.00294, 0.03269
2025-12-22 01:37:48,927 | INFO | Test - Best epoch, Loss, MSE, MAE: 73, 0.00277, 0.00277, 0.03177
2025-12-22 01:37:48,927 | INFO | Test - Points (EXACT): total_masked=96963 correct=58371 right_rate=60.1993%
2025-12-22 01:37:53,212 | INFO | - Epoch 079, ExpID 80676 best_epoch=73 improved=0
2025-12-22 01:37:53,212 | INFO | Train - Loss (last batch): 0.00264
2025-12-22 01:37:53,212 | INFO | Val - Loss, MSE, MAE: 0.00291, 0.00291, 0.03222
2025-12-22 01:37:53,212 | INFO | Test - Best epoch, Loss, MSE, MAE: 73, 0.00277, 0.00277, 0.03177
2025-12-22 01:37:53,212 | INFO | Test - Points (EXACT): total_masked=96963 correct=58371 right_rate=60.1993%
2025-12-22 01:37:57,488 | INFO | - Epoch 080, ExpID 80676 best_epoch=73 improved=0
2025-12-22 01:37:57,488 | INFO | Train - Loss (last batch): 0.00256
2025-12-22 01:37:57,488 | INFO | Val - Loss, MSE, MAE: 0.00291, 0.00291, 0.03219
2025-12-22 01:37:57,488 | INFO | Test - Best epoch, Loss, MSE, MAE: 73, 0.00277, 0.00277, 0.03177
2025-12-22 01:37:57,488 | INFO | Test - Points (EXACT): total_masked=96963 correct=58371 right_rate=60.1993%
2025-12-22 01:38:01,764 | INFO | - Epoch 081, ExpID 80676 best_epoch=73 improved=0
2025-12-22 01:38:01,764 | INFO | Train - Loss (last batch): 0.00269
2025-12-22 01:38:01,764 | INFO | Val - Loss, MSE, MAE: 0.00295, 0.00295, 0.03287
2025-12-22 01:38:01,764 | INFO | Test - Best epoch, Loss, MSE, MAE: 73, 0.00277, 0.00277, 0.03177
2025-12-22 01:38:01,764 | INFO | Test - Points (EXACT): total_masked=96963 correct=58371 right_rate=60.1993%
2025-12-22 01:38:06,048 | INFO | - Epoch 082, ExpID 80676 best_epoch=73 improved=0
2025-12-22 01:38:06,048 | INFO | Train - Loss (last batch): 0.00277
2025-12-22 01:38:06,048 | INFO | Val - Loss, MSE, MAE: 0.00290, 0.00290, 0.03210
2025-12-22 01:38:06,048 | INFO | Test - Best epoch, Loss, MSE, MAE: 73, 0.00277, 0.00277, 0.03177
2025-12-22 01:38:06,048 | INFO | Test - Points (EXACT): total_masked=96963 correct=58371 right_rate=60.1993%
2025-12-22 01:38:10,315 | INFO | - Epoch 083, ExpID 80676 best_epoch=73 improved=0
2025-12-22 01:38:10,315 | INFO | Train - Loss (last batch): 0.00268
2025-12-22 01:38:10,315 | INFO | Val - Loss, MSE, MAE: 0.00290, 0.00290, 0.03215
2025-12-22 01:38:10,315 | INFO | Test - Best epoch, Loss, MSE, MAE: 73, 0.00277, 0.00277, 0.03177
2025-12-22 01:38:10,315 | INFO | Test - Points (EXACT): total_masked=96963 correct=58371 right_rate=60.1993%
2025-12-22 01:38:14,594 | INFO | - Epoch 084, ExpID 80676 best_epoch=73 improved=0
2025-12-22 01:38:14,595 | INFO | Train - Loss (last batch): 0.00258
2025-12-22 01:38:14,595 | INFO | Val - Loss, MSE, MAE: 0.00299, 0.00299, 0.03355
2025-12-22 01:38:14,595 | INFO | Test - Best epoch, Loss, MSE, MAE: 73, 0.00277, 0.00277, 0.03177
2025-12-22 01:38:14,595 | INFO | Test - Points (EXACT): total_masked=96963 correct=58371 right_rate=60.1993%
2025-12-22 01:38:18,872 | INFO | - Epoch 085, ExpID 80676 best_epoch=73 improved=0
2025-12-22 01:38:18,873 | INFO | Train - Loss (last batch): 0.00250
2025-12-22 01:38:18,873 | INFO | Val - Loss, MSE, MAE: 0.00291, 0.00291, 0.03235
2025-12-22 01:38:18,873 | INFO | Test - Best epoch, Loss, MSE, MAE: 73, 0.00277, 0.00277, 0.03177
2025-12-22 01:38:18,873 | INFO | Test - Points (EXACT): total_masked=96963 correct=58371 right_rate=60.1993%
2025-12-22 01:38:23,158 | INFO | - Epoch 086, ExpID 80676 best_epoch=73 improved=0
2025-12-22 01:38:23,159 | INFO | Train - Loss (last batch): 0.00261
2025-12-22 01:38:23,159 | INFO | Val - Loss, MSE, MAE: 0.00294, 0.00294, 0.03283
2025-12-22 01:38:23,159 | INFO | Test - Best epoch, Loss, MSE, MAE: 73, 0.00277, 0.00277, 0.03177
2025-12-22 01:38:23,159 | INFO | Test - Points (EXACT): total_masked=96963 correct=58371 right_rate=60.1993%
2025-12-22 01:38:27,450 | INFO | - Epoch 087, ExpID 80676 best_epoch=73 improved=0
2025-12-22 01:38:27,451 | INFO | Train - Loss (last batch): 0.00247
2025-12-22 01:38:27,451 | INFO | Val - Loss, MSE, MAE: 0.00292, 0.00292, 0.03258
2025-12-22 01:38:27,451 | INFO | Test - Best epoch, Loss, MSE, MAE: 73, 0.00277, 0.00277, 0.03177
2025-12-22 01:38:27,451 | INFO | Test - Points (EXACT): total_masked=96963 correct=58371 right_rate=60.1993%
2025-12-22 01:38:31,745 | INFO | - Epoch 088, ExpID 80676 best_epoch=73 improved=0
2025-12-22 01:38:31,745 | INFO | Train - Loss (last batch): 0.00329
2025-12-22 01:38:31,745 | INFO | Val - Loss, MSE, MAE: 0.00291, 0.00291, 0.03239
2025-12-22 01:38:31,745 | INFO | Test - Best epoch, Loss, MSE, MAE: 73, 0.00277, 0.00277, 0.03177
2025-12-22 01:38:31,745 | INFO | Test - Points (EXACT): total_masked=96963 correct=58371 right_rate=60.1993%
2025-12-22 01:38:36,565 | INFO | - Epoch 089, ExpID 80676 best_epoch=89 improved=1
2025-12-22 01:38:36,565 | INFO | Train - Loss (last batch): 0.00324
2025-12-22 01:38:36,565 | INFO | Val - Loss, MSE, MAE: 0.00290, 0.00290, 0.03216
2025-12-22 01:38:36,565 | INFO | Test - Best epoch, Loss, MSE, MAE: 89, 0.00277, 0.00277, 0.03186
2025-12-22 01:38:36,565 | INFO | Test - Points (EXACT): total_masked=96963 correct=58100 right_rate=59.9198%
2025-12-22 01:38:40,854 | INFO | - Epoch 090, ExpID 80676 best_epoch=89 improved=0
2025-12-22 01:38:40,854 | INFO | Train - Loss (last batch): 0.00263
2025-12-22 01:38:40,854 | INFO | Val - Loss, MSE, MAE: 0.00291, 0.00291, 0.03222
2025-12-22 01:38:40,854 | INFO | Test - Best epoch, Loss, MSE, MAE: 89, 0.00277, 0.00277, 0.03186
2025-12-22 01:38:40,854 | INFO | Test - Points (EXACT): total_masked=96963 correct=58100 right_rate=59.9198%
2025-12-22 01:38:45,116 | INFO | - Epoch 091, ExpID 80676 best_epoch=89 improved=0
2025-12-22 01:38:45,116 | INFO | Train - Loss (last batch): 0.00207
2025-12-22 01:38:45,116 | INFO | Val - Loss, MSE, MAE: 0.00293, 0.00293, 0.03259
2025-12-22 01:38:45,116 | INFO | Test - Best epoch, Loss, MSE, MAE: 89, 0.00277, 0.00277, 0.03186
2025-12-22 01:38:45,116 | INFO | Test - Points (EXACT): total_masked=96963 correct=58100 right_rate=59.9198%
2025-12-22 01:38:49,922 | INFO | - Epoch 092, ExpID 80676 best_epoch=92 improved=1
2025-12-22 01:38:49,922 | INFO | Train - Loss (last batch): 0.00253
2025-12-22 01:38:49,922 | INFO | Val - Loss, MSE, MAE: 0.00289, 0.00289, 0.03209
2025-12-22 01:38:49,922 | INFO | Test - Best epoch, Loss, MSE, MAE: 92, 0.00276, 0.00276, 0.03180
2025-12-22 01:38:49,922 | INFO | Test - Points (EXACT): total_masked=96963 correct=58296 right_rate=60.1219%
2025-12-22 01:38:54,203 | INFO | - Epoch 093, ExpID 80676 best_epoch=92 improved=0
2025-12-22 01:38:54,203 | INFO | Train - Loss (last batch): 0.00270
2025-12-22 01:38:54,204 | INFO | Val - Loss, MSE, MAE: 0.00297, 0.00297, 0.03329
2025-12-22 01:38:54,204 | INFO | Test - Best epoch, Loss, MSE, MAE: 92, 0.00276, 0.00276, 0.03180
2025-12-22 01:38:54,204 | INFO | Test - Points (EXACT): total_masked=96963 correct=58296 right_rate=60.1219%
2025-12-22 01:38:58,493 | INFO | - Epoch 094, ExpID 80676 best_epoch=92 improved=0
2025-12-22 01:38:58,493 | INFO | Train - Loss (last batch): 0.00266
2025-12-22 01:38:58,493 | INFO | Val - Loss, MSE, MAE: 0.00290, 0.00290, 0.03218
2025-12-22 01:38:58,493 | INFO | Test - Best epoch, Loss, MSE, MAE: 92, 0.00276, 0.00276, 0.03180
2025-12-22 01:38:58,493 | INFO | Test - Points (EXACT): total_masked=96963 correct=58296 right_rate=60.1219%
2025-12-22 01:39:02,769 | INFO | - Epoch 095, ExpID 80676 best_epoch=92 improved=0
2025-12-22 01:39:02,769 | INFO | Train - Loss (last batch): 0.00246
2025-12-22 01:39:02,769 | INFO | Val - Loss, MSE, MAE: 0.00291, 0.00291, 0.03248
2025-12-22 01:39:02,769 | INFO | Test - Best epoch, Loss, MSE, MAE: 92, 0.00276, 0.00276, 0.03180
2025-12-22 01:39:02,769 | INFO | Test - Points (EXACT): total_masked=96963 correct=58296 right_rate=60.1219%
2025-12-22 01:39:07,049 | INFO | - Epoch 096, ExpID 80676 best_epoch=92 improved=0
2025-12-22 01:39:07,049 | INFO | Train - Loss (last batch): 0.00238
2025-12-22 01:39:07,049 | INFO | Val - Loss, MSE, MAE: 0.00291, 0.00291, 0.03247
2025-12-22 01:39:07,049 | INFO | Test - Best epoch, Loss, MSE, MAE: 92, 0.00276, 0.00276, 0.03180
2025-12-22 01:39:07,049 | INFO | Test - Points (EXACT): total_masked=96963 correct=58296 right_rate=60.1219%
2025-12-22 01:39:11,332 | INFO | - Epoch 097, ExpID 80676 best_epoch=92 improved=0
2025-12-22 01:39:11,332 | INFO | Train - Loss (last batch): 0.00265
2025-12-22 01:39:11,332 | INFO | Val - Loss, MSE, MAE: 0.00290, 0.00290, 0.03222
2025-12-22 01:39:11,332 | INFO | Test - Best epoch, Loss, MSE, MAE: 92, 0.00276, 0.00276, 0.03180
2025-12-22 01:39:11,332 | INFO | Test - Points (EXACT): total_masked=96963 correct=58296 right_rate=60.1219%
2025-12-22 01:39:16,153 | INFO | - Epoch 098, ExpID 80676 best_epoch=98 improved=1
2025-12-22 01:39:16,153 | INFO | Train - Loss (last batch): 0.00269
2025-12-22 01:39:16,153 | INFO | Val - Loss, MSE, MAE: 0.00288, 0.00288, 0.03205
2025-12-22 01:39:16,154 | INFO | Test - Best epoch, Loss, MSE, MAE: 98, 0.00275, 0.00275, 0.03175
2025-12-22 01:39:16,154 | INFO | Test - Points (EXACT): total_masked=96963 correct=58324 right_rate=60.1508%
2025-12-22 01:39:20,445 | INFO | - Epoch 099, ExpID 80676 best_epoch=98 improved=0
2025-12-22 01:39:20,445 | INFO | Train - Loss (last batch): 0.00282
2025-12-22 01:39:20,445 | INFO | Val - Loss, MSE, MAE: 0.00292, 0.00292, 0.03268
2025-12-22 01:39:20,445 | INFO | Test - Best epoch, Loss, MSE, MAE: 98, 0.00275, 0.00275, 0.03175
2025-12-22 01:39:20,445 | INFO | Test - Points (EXACT): total_masked=96963 correct=58324 right_rate=60.1508%
2025-12-22 01:39:24,738 | INFO | - Epoch 100, ExpID 80676 best_epoch=98 improved=0
2025-12-22 01:39:24,738 | INFO | Train - Loss (last batch): 0.00221
2025-12-22 01:39:24,738 | INFO | Val - Loss, MSE, MAE: 0.00288, 0.00288, 0.03207
2025-12-22 01:39:24,738 | INFO | Test - Best epoch, Loss, MSE, MAE: 98, 0.00275, 0.00275, 0.03175
2025-12-22 01:39:24,738 | INFO | Test - Points (EXACT): total_masked=96963 correct=58324 right_rate=60.1508%
2025-12-22 01:39:29,015 | INFO | - Epoch 101, ExpID 80676 best_epoch=98 improved=0
2025-12-22 01:39:29,015 | INFO | Train - Loss (last batch): 0.00302
2025-12-22 01:39:29,015 | INFO | Val - Loss, MSE, MAE: 0.00297, 0.00297, 0.03352
2025-12-22 01:39:29,015 | INFO | Test - Best epoch, Loss, MSE, MAE: 98, 0.00275, 0.00275, 0.03175
2025-12-22 01:39:29,015 | INFO | Test - Points (EXACT): total_masked=96963 correct=58324 right_rate=60.1508%
2025-12-22 01:39:33,296 | INFO | - Epoch 102, ExpID 80676 best_epoch=98 improved=0
2025-12-22 01:39:33,296 | INFO | Train - Loss (last batch): 0.00297
2025-12-22 01:39:33,296 | INFO | Val - Loss, MSE, MAE: 0.00289, 0.00289, 0.03218
2025-12-22 01:39:33,297 | INFO | Test - Best epoch, Loss, MSE, MAE: 98, 0.00275, 0.00275, 0.03175
2025-12-22 01:39:33,297 | INFO | Test - Points (EXACT): total_masked=96963 correct=58324 right_rate=60.1508%
2025-12-22 01:39:37,584 | INFO | - Epoch 103, ExpID 80676 best_epoch=98 improved=0
2025-12-22 01:39:37,584 | INFO | Train - Loss (last batch): 0.00266
2025-12-22 01:39:37,584 | INFO | Val - Loss, MSE, MAE: 0.00289, 0.00289, 0.03208
2025-12-22 01:39:37,584 | INFO | Test - Best epoch, Loss, MSE, MAE: 98, 0.00275, 0.00275, 0.03175
2025-12-22 01:39:37,584 | INFO | Test - Points (EXACT): total_masked=96963 correct=58324 right_rate=60.1508%
2025-12-22 01:39:41,849 | INFO | - Epoch 104, ExpID 80676 best_epoch=98 improved=0
2025-12-22 01:39:41,849 | INFO | Train - Loss (last batch): 0.00223
2025-12-22 01:39:41,850 | INFO | Val - Loss, MSE, MAE: 0.00292, 0.00292, 0.03254
2025-12-22 01:39:41,850 | INFO | Test - Best epoch, Loss, MSE, MAE: 98, 0.00275, 0.00275, 0.03175
2025-12-22 01:39:41,850 | INFO | Test - Points (EXACT): total_masked=96963 correct=58324 right_rate=60.1508%
2025-12-22 01:39:46,115 | INFO | - Epoch 105, ExpID 80676 best_epoch=98 improved=0
2025-12-22 01:39:46,115 | INFO | Train - Loss (last batch): 0.00205
2025-12-22 01:39:46,115 | INFO | Val - Loss, MSE, MAE: 0.00289, 0.00289, 0.03214
2025-12-22 01:39:46,115 | INFO | Test - Best epoch, Loss, MSE, MAE: 98, 0.00275, 0.00275, 0.03175
2025-12-22 01:39:46,115 | INFO | Test - Points (EXACT): total_masked=96963 correct=58324 right_rate=60.1508%
2025-12-22 01:39:50,378 | INFO | - Epoch 106, ExpID 80676 best_epoch=98 improved=0
2025-12-22 01:39:50,378 | INFO | Train - Loss (last batch): 0.00248
2025-12-22 01:39:50,378 | INFO | Val - Loss, MSE, MAE: 0.00289, 0.00289, 0.03206
2025-12-22 01:39:50,378 | INFO | Test - Best epoch, Loss, MSE, MAE: 98, 0.00275, 0.00275, 0.03175
2025-12-22 01:39:50,378 | INFO | Test - Points (EXACT): total_masked=96963 correct=58324 right_rate=60.1508%
2025-12-22 01:39:54,638 | INFO | - Epoch 107, ExpID 80676 best_epoch=98 improved=0
2025-12-22 01:39:54,638 | INFO | Train - Loss (last batch): 0.00274
2025-12-22 01:39:54,638 | INFO | Val - Loss, MSE, MAE: 0.00289, 0.00289, 0.03224
2025-12-22 01:39:54,638 | INFO | Test - Best epoch, Loss, MSE, MAE: 98, 0.00275, 0.00275, 0.03175
2025-12-22 01:39:54,638 | INFO | Test - Points (EXACT): total_masked=96963 correct=58324 right_rate=60.1508%
2025-12-22 01:39:58,901 | INFO | - Epoch 108, ExpID 80676 best_epoch=98 improved=0
2025-12-22 01:39:58,901 | INFO | Train - Loss (last batch): 0.00345
2025-12-22 01:39:58,901 | INFO | Val - Loss, MSE, MAE: 0.00289, 0.00289, 0.03212
2025-12-22 01:39:58,901 | INFO | Test - Best epoch, Loss, MSE, MAE: 98, 0.00275, 0.00275, 0.03175
2025-12-22 01:39:58,901 | INFO | Test - Points (EXACT): total_masked=96963 correct=58324 right_rate=60.1508%
2025-12-22 01:40:03,157 | INFO | - Epoch 109, ExpID 80676 best_epoch=98 improved=0
2025-12-22 01:40:03,157 | INFO | Train - Loss (last batch): 0.00340
2025-12-22 01:40:03,157 | INFO | Val - Loss, MSE, MAE: 0.00289, 0.00289, 0.03224
2025-12-22 01:40:03,157 | INFO | Test - Best epoch, Loss, MSE, MAE: 98, 0.00275, 0.00275, 0.03175
2025-12-22 01:40:03,157 | INFO | Test - Points (EXACT): total_masked=96963 correct=58324 right_rate=60.1508%
2025-12-22 01:40:07,435 | INFO | - Epoch 110, ExpID 80676 best_epoch=98 improved=0
2025-12-22 01:40:07,435 | INFO | Train - Loss (last batch): 0.00278
2025-12-22 01:40:07,435 | INFO | Val - Loss, MSE, MAE: 0.00291, 0.00291, 0.03254
2025-12-22 01:40:07,435 | INFO | Test - Best epoch, Loss, MSE, MAE: 98, 0.00275, 0.00275, 0.03175
2025-12-22 01:40:07,435 | INFO | Test - Points (EXACT): total_masked=96963 correct=58324 right_rate=60.1508%
2025-12-22 01:40:11,729 | INFO | - Epoch 111, ExpID 80676 best_epoch=98 improved=0
2025-12-22 01:40:11,730 | INFO | Train - Loss (last batch): 0.00246
2025-12-22 01:40:11,730 | INFO | Val - Loss, MSE, MAE: 0.00289, 0.00289, 0.03219
2025-12-22 01:40:11,730 | INFO | Test - Best epoch, Loss, MSE, MAE: 98, 0.00275, 0.00275, 0.03175
2025-12-22 01:40:11,730 | INFO | Test - Points (EXACT): total_masked=96963 correct=58324 right_rate=60.1508%
2025-12-22 01:40:16,018 | INFO | - Epoch 112, ExpID 80676 best_epoch=98 improved=0
2025-12-22 01:40:16,018 | INFO | Train - Loss (last batch): 0.00242
2025-12-22 01:40:16,018 | INFO | Val - Loss, MSE, MAE: 0.00291, 0.00291, 0.03255
2025-12-22 01:40:16,018 | INFO | Test - Best epoch, Loss, MSE, MAE: 98, 0.00275, 0.00275, 0.03175
2025-12-22 01:40:16,018 | INFO | Test - Points (EXACT): total_masked=96963 correct=58324 right_rate=60.1508%
2025-12-22 01:40:20,292 | INFO | - Epoch 113, ExpID 80676 best_epoch=98 improved=0
2025-12-22 01:40:20,292 | INFO | Train - Loss (last batch): 0.00202
2025-12-22 01:40:20,292 | INFO | Val - Loss, MSE, MAE: 0.00288, 0.00288, 0.03211
2025-12-22 01:40:20,292 | INFO | Test - Best epoch, Loss, MSE, MAE: 98, 0.00275, 0.00275, 0.03175
2025-12-22 01:40:20,292 | INFO | Test - Points (EXACT): total_masked=96963 correct=58324 right_rate=60.1508%
2025-12-22 01:40:24,566 | INFO | - Epoch 114, ExpID 80676 best_epoch=98 improved=0
2025-12-22 01:40:24,566 | INFO | Train - Loss (last batch): 0.00253
2025-12-22 01:40:24,566 | INFO | Val - Loss, MSE, MAE: 0.00289, 0.00289, 0.03213
2025-12-22 01:40:24,566 | INFO | Test - Best epoch, Loss, MSE, MAE: 98, 0.00275, 0.00275, 0.03175
2025-12-22 01:40:24,566 | INFO | Test - Points (EXACT): total_masked=96963 correct=58324 right_rate=60.1508%
2025-12-22 01:40:28,826 | INFO | - Epoch 115, ExpID 80676 best_epoch=98 improved=0
2025-12-22 01:40:28,826 | INFO | Train - Loss (last batch): 0.00263
2025-12-22 01:40:28,826 | INFO | Val - Loss, MSE, MAE: 0.00290, 0.00290, 0.03245
2025-12-22 01:40:28,826 | INFO | Test - Best epoch, Loss, MSE, MAE: 98, 0.00275, 0.00275, 0.03175
2025-12-22 01:40:28,826 | INFO | Test - Points (EXACT): total_masked=96963 correct=58324 right_rate=60.1508%
2025-12-22 01:40:33,070 | INFO | - Epoch 116, ExpID 80676 best_epoch=98 improved=0
2025-12-22 01:40:33,070 | INFO | Train - Loss (last batch): 0.00328
2025-12-22 01:40:33,070 | INFO | Val - Loss, MSE, MAE: 0.00293, 0.00293, 0.03279
2025-12-22 01:40:33,070 | INFO | Test - Best epoch, Loss, MSE, MAE: 98, 0.00275, 0.00275, 0.03175
2025-12-22 01:40:33,070 | INFO | Test - Points (EXACT): total_masked=96963 correct=58324 right_rate=60.1508%
2025-12-22 01:40:37,343 | INFO | - Epoch 117, ExpID 80676 best_epoch=98 improved=0
2025-12-22 01:40:37,343 | INFO | Train - Loss (last batch): 0.00214
2025-12-22 01:40:37,343 | INFO | Val - Loss, MSE, MAE: 0.00291, 0.00291, 0.03240
2025-12-22 01:40:37,343 | INFO | Test - Best epoch, Loss, MSE, MAE: 98, 0.00275, 0.00275, 0.03175
2025-12-22 01:40:37,343 | INFO | Test - Points (EXACT): total_masked=96963 correct=58324 right_rate=60.1508%
2025-12-22 01:40:41,623 | INFO | - Epoch 118, ExpID 80676 best_epoch=98 improved=0
2025-12-22 01:40:41,623 | INFO | Train - Loss (last batch): 0.00243
2025-12-22 01:40:41,623 | INFO | Val - Loss, MSE, MAE: 0.00289, 0.00289, 0.03220
2025-12-22 01:40:41,623 | INFO | Test - Best epoch, Loss, MSE, MAE: 98, 0.00275, 0.00275, 0.03175
2025-12-22 01:40:41,623 | INFO | Test - Points (EXACT): total_masked=96963 correct=58324 right_rate=60.1508%
2025-12-22 01:40:45,920 | INFO | - Epoch 119, ExpID 80676 best_epoch=98 improved=0
2025-12-22 01:40:45,920 | INFO | Train - Loss (last batch): 0.00301
2025-12-22 01:40:45,920 | INFO | Val - Loss, MSE, MAE: 0.00290, 0.00290, 0.03232
2025-12-22 01:40:45,920 | INFO | Test - Best epoch, Loss, MSE, MAE: 98, 0.00275, 0.00275, 0.03175
2025-12-22 01:40:45,920 | INFO | Test - Points (EXACT): total_masked=96963 correct=58324 right_rate=60.1508%
2025-12-22 01:40:50,211 | INFO | - Epoch 120, ExpID 80676 best_epoch=98 improved=0
2025-12-22 01:40:50,211 | INFO | Train - Loss (last batch): 0.00276
2025-12-22 01:40:50,211 | INFO | Val - Loss, MSE, MAE: 0.00289, 0.00289, 0.03208
2025-12-22 01:40:50,211 | INFO | Test - Best epoch, Loss, MSE, MAE: 98, 0.00275, 0.00275, 0.03175
2025-12-22 01:40:50,211 | INFO | Test - Points (EXACT): total_masked=96963 correct=58324 right_rate=60.1508%
2025-12-22 01:40:54,454 | INFO | - Epoch 121, ExpID 80676 best_epoch=98 improved=0
2025-12-22 01:40:54,454 | INFO | Train - Loss (last batch): 0.00253
2025-12-22 01:40:54,454 | INFO | Val - Loss, MSE, MAE: 0.00289, 0.00289, 0.03221
2025-12-22 01:40:54,454 | INFO | Test - Best epoch, Loss, MSE, MAE: 98, 0.00275, 0.00275, 0.03175
2025-12-22 01:40:54,454 | INFO | Test - Points (EXACT): total_masked=96963 correct=58324 right_rate=60.1508%
2025-12-22 01:40:58,711 | INFO | - Epoch 122, ExpID 80676 best_epoch=98 improved=0
2025-12-22 01:40:58,712 | INFO | Train - Loss (last batch): 0.00251
2025-12-22 01:40:58,712 | INFO | Val - Loss, MSE, MAE: 0.00290, 0.00290, 0.03230
2025-12-22 01:40:58,712 | INFO | Test - Best epoch, Loss, MSE, MAE: 98, 0.00275, 0.00275, 0.03175
2025-12-22 01:40:58,712 | INFO | Test - Points (EXACT): total_masked=96963 correct=58324 right_rate=60.1508%
2025-12-22 01:41:02,964 | INFO | - Epoch 123, ExpID 80676 best_epoch=98 improved=0
2025-12-22 01:41:02,964 | INFO | Train - Loss (last batch): 0.00259
2025-12-22 01:41:02,964 | INFO | Val - Loss, MSE, MAE: 0.00289, 0.00289, 0.03216
2025-12-22 01:41:02,964 | INFO | Test - Best epoch, Loss, MSE, MAE: 98, 0.00275, 0.00275, 0.03175
2025-12-22 01:41:02,964 | INFO | Test - Points (EXACT): total_masked=96963 correct=58324 right_rate=60.1508%
2025-12-22 01:41:07,217 | INFO | - Epoch 124, ExpID 80676 best_epoch=98 improved=0
2025-12-22 01:41:07,217 | INFO | Train - Loss (last batch): 0.00198
2025-12-22 01:41:07,217 | INFO | Val - Loss, MSE, MAE: 0.00292, 0.00292, 0.03257
2025-12-22 01:41:07,217 | INFO | Test - Best epoch, Loss, MSE, MAE: 98, 0.00275, 0.00275, 0.03175
2025-12-22 01:41:07,217 | INFO | Test - Points (EXACT): total_masked=96963 correct=58324 right_rate=60.1508%
2025-12-22 01:41:11,465 | INFO | - Epoch 125, ExpID 80676 best_epoch=98 improved=0
2025-12-22 01:41:11,465 | INFO | Train - Loss (last batch): 0.00209
2025-12-22 01:41:11,465 | INFO | Val - Loss, MSE, MAE: 0.00289, 0.00289, 0.03218
2025-12-22 01:41:11,465 | INFO | Test - Best epoch, Loss, MSE, MAE: 98, 0.00275, 0.00275, 0.03175
2025-12-22 01:41:11,465 | INFO | Test - Points (EXACT): total_masked=96963 correct=58324 right_rate=60.1508%
2025-12-22 01:41:15,721 | INFO | - Epoch 126, ExpID 80676 best_epoch=98 improved=0
2025-12-22 01:41:15,721 | INFO | Train - Loss (last batch): 0.00231
2025-12-22 01:41:15,721 | INFO | Val - Loss, MSE, MAE: 0.00290, 0.00290, 0.03242
2025-12-22 01:41:15,721 | INFO | Test - Best epoch, Loss, MSE, MAE: 98, 0.00275, 0.00275, 0.03175
2025-12-22 01:41:15,721 | INFO | Test - Points (EXACT): total_masked=96963 correct=58324 right_rate=60.1508%
2025-12-22 01:41:19,959 | INFO | - Epoch 127, ExpID 80676 best_epoch=98 improved=0
2025-12-22 01:41:19,959 | INFO | Train - Loss (last batch): 0.00238
2025-12-22 01:41:19,959 | INFO | Val - Loss, MSE, MAE: 0.00290, 0.00290, 0.03228
2025-12-22 01:41:19,959 | INFO | Test - Best epoch, Loss, MSE, MAE: 98, 0.00275, 0.00275, 0.03175
2025-12-22 01:41:19,959 | INFO | Test - Points (EXACT): total_masked=96963 correct=58324 right_rate=60.1508%
2025-12-22 01:41:24,203 | INFO | - Epoch 128, ExpID 80676 best_epoch=98 improved=0
2025-12-22 01:41:24,203 | INFO | Train - Loss (last batch): 0.00316
2025-12-22 01:41:24,203 | INFO | Val - Loss, MSE, MAE: 0.00290, 0.00290, 0.03227
2025-12-22 01:41:24,203 | INFO | Test - Best epoch, Loss, MSE, MAE: 98, 0.00275, 0.00275, 0.03175
2025-12-22 01:41:24,203 | INFO | Test - Points (EXACT): total_masked=96963 correct=58324 right_rate=60.1508%
2025-12-22 01:41:28,466 | INFO | - Epoch 129, ExpID 80676 best_epoch=98 improved=0
2025-12-22 01:41:28,466 | INFO | Train - Loss (last batch): 0.00317
2025-12-22 01:41:28,466 | INFO | Val - Loss, MSE, MAE: 0.00289, 0.00289, 0.03231
2025-12-22 01:41:28,466 | INFO | Test - Best epoch, Loss, MSE, MAE: 98, 0.00275, 0.00275, 0.03175
2025-12-22 01:41:28,466 | INFO | Test - Points (EXACT): total_masked=96963 correct=58324 right_rate=60.1508%
2025-12-22 01:41:32,725 | INFO | - Epoch 130, ExpID 80676 best_epoch=98 improved=0
2025-12-22 01:41:32,725 | INFO | Train - Loss (last batch): 0.00246
2025-12-22 01:41:32,725 | INFO | Val - Loss, MSE, MAE: 0.00290, 0.00290, 0.03239
2025-12-22 01:41:32,725 | INFO | Test - Best epoch, Loss, MSE, MAE: 98, 0.00275, 0.00275, 0.03175
2025-12-22 01:41:32,725 | INFO | Test - Points (EXACT): total_masked=96963 correct=58324 right_rate=60.1508%
2025-12-22 01:41:37,515 | INFO | - Epoch 131, ExpID 80676 best_epoch=131 improved=1
2025-12-22 01:41:37,515 | INFO | Train - Loss (last batch): 0.00289
2025-12-22 01:41:37,515 | INFO | Val - Loss, MSE, MAE: 0.00288, 0.00288, 0.03204
2025-12-22 01:41:37,515 | INFO | Test - Best epoch, Loss, MSE, MAE: 131, 0.00275, 0.00275, 0.03176
2025-12-22 01:41:37,515 | INFO | Test - Points (EXACT): total_masked=96963 correct=58273 right_rate=60.0982%
2025-12-22 01:41:41,761 | INFO | - Epoch 132, ExpID 80676 best_epoch=131 improved=0
2025-12-22 01:41:41,761 | INFO | Train - Loss (last batch): 0.00241
2025-12-22 01:41:41,761 | INFO | Val - Loss, MSE, MAE: 0.00289, 0.00289, 0.03228
2025-12-22 01:41:41,761 | INFO | Test - Best epoch, Loss, MSE, MAE: 131, 0.00275, 0.00275, 0.03176
2025-12-22 01:41:41,761 | INFO | Test - Points (EXACT): total_masked=96963 correct=58273 right_rate=60.0982%
2025-12-22 01:41:46,019 | INFO | - Epoch 133, ExpID 80676 best_epoch=131 improved=0
2025-12-22 01:41:46,020 | INFO | Train - Loss (last batch): 0.00218
2025-12-22 01:41:46,020 | INFO | Val - Loss, MSE, MAE: 0.00290, 0.00290, 0.03236
2025-12-22 01:41:46,020 | INFO | Test - Best epoch, Loss, MSE, MAE: 131, 0.00275, 0.00275, 0.03176
2025-12-22 01:41:46,020 | INFO | Test - Points (EXACT): total_masked=96963 correct=58273 right_rate=60.0982%
2025-12-22 01:41:50,295 | INFO | - Epoch 134, ExpID 80676 best_epoch=131 improved=0
2025-12-22 01:41:50,295 | INFO | Train - Loss (last batch): 0.00258
2025-12-22 01:41:50,295 | INFO | Val - Loss, MSE, MAE: 0.00290, 0.00290, 0.03230
2025-12-22 01:41:50,295 | INFO | Test - Best epoch, Loss, MSE, MAE: 131, 0.00275, 0.00275, 0.03176
2025-12-22 01:41:50,295 | INFO | Test - Points (EXACT): total_masked=96963 correct=58273 right_rate=60.0982%
2025-12-22 01:41:55,098 | INFO | - Epoch 135, ExpID 80676 best_epoch=135 improved=1
2025-12-22 01:41:55,098 | INFO | Train - Loss (last batch): 0.00307
2025-12-22 01:41:55,098 | INFO | Val - Loss, MSE, MAE: 0.00288, 0.00288, 0.03204
2025-12-22 01:41:55,098 | INFO | Test - Best epoch, Loss, MSE, MAE: 135, 0.00275, 0.00275, 0.03179
2025-12-22 01:41:55,098 | INFO | Test - Points (EXACT): total_masked=96963 correct=58265 right_rate=60.0899%
2025-12-22 01:41:59,365 | INFO | - Epoch 136, ExpID 80676 best_epoch=135 improved=0
2025-12-22 01:41:59,365 | INFO | Train - Loss (last batch): 0.00242
2025-12-22 01:41:59,365 | INFO | Val - Loss, MSE, MAE: 0.00289, 0.00289, 0.03223
2025-12-22 01:41:59,365 | INFO | Test - Best epoch, Loss, MSE, MAE: 135, 0.00275, 0.00275, 0.03179
2025-12-22 01:41:59,365 | INFO | Test - Points (EXACT): total_masked=96963 correct=58265 right_rate=60.0899%
2025-12-22 01:42:03,644 | INFO | - Epoch 137, ExpID 80676 best_epoch=135 improved=0
2025-12-22 01:42:03,644 | INFO | Train - Loss (last batch): 0.00243
2025-12-22 01:42:03,644 | INFO | Val - Loss, MSE, MAE: 0.00289, 0.00289, 0.03226
2025-12-22 01:42:03,644 | INFO | Test - Best epoch, Loss, MSE, MAE: 135, 0.00275, 0.00275, 0.03179
2025-12-22 01:42:03,644 | INFO | Test - Points (EXACT): total_masked=96963 correct=58265 right_rate=60.0899%
2025-12-22 01:42:07,900 | INFO | - Epoch 138, ExpID 80676 best_epoch=135 improved=0
2025-12-22 01:42:07,900 | INFO | Train - Loss (last batch): 0.00307
2025-12-22 01:42:07,900 | INFO | Val - Loss, MSE, MAE: 0.00290, 0.00290, 0.03232
2025-12-22 01:42:07,900 | INFO | Test - Best epoch, Loss, MSE, MAE: 135, 0.00275, 0.00275, 0.03179
2025-12-22 01:42:07,901 | INFO | Test - Points (EXACT): total_masked=96963 correct=58265 right_rate=60.0899%
2025-12-22 01:42:12,170 | INFO | - Epoch 139, ExpID 80676 best_epoch=135 improved=0
2025-12-22 01:42:12,170 | INFO | Train - Loss (last batch): 0.00196
2025-12-22 01:42:12,170 | INFO | Val - Loss, MSE, MAE: 0.00288, 0.00288, 0.03208
2025-12-22 01:42:12,170 | INFO | Test - Best epoch, Loss, MSE, MAE: 135, 0.00275, 0.00275, 0.03179
2025-12-22 01:42:12,170 | INFO | Test - Points (EXACT): total_masked=96963 correct=58265 right_rate=60.0899%
2025-12-22 01:42:16,438 | INFO | - Epoch 140, ExpID 80676 best_epoch=135 improved=0
2025-12-22 01:42:16,438 | INFO | Train - Loss (last batch): 0.00249
2025-12-22 01:42:16,438 | INFO | Val - Loss, MSE, MAE: 0.00289, 0.00289, 0.03227
2025-12-22 01:42:16,438 | INFO | Test - Best epoch, Loss, MSE, MAE: 135, 0.00275, 0.00275, 0.03179
2025-12-22 01:42:16,438 | INFO | Test - Points (EXACT): total_masked=96963 correct=58265 right_rate=60.0899%
2025-12-22 01:42:20,690 | INFO | - Epoch 141, ExpID 80676 best_epoch=135 improved=0
2025-12-22 01:42:20,690 | INFO | Train - Loss (last batch): 0.00215
2025-12-22 01:42:20,690 | INFO | Val - Loss, MSE, MAE: 0.00289, 0.00289, 0.03218
2025-12-22 01:42:20,690 | INFO | Test - Best epoch, Loss, MSE, MAE: 135, 0.00275, 0.00275, 0.03179
2025-12-22 01:42:20,690 | INFO | Test - Points (EXACT): total_masked=96963 correct=58265 right_rate=60.0899%
2025-12-22 01:42:24,953 | INFO | - Epoch 142, ExpID 80676 best_epoch=135 improved=0
2025-12-22 01:42:24,953 | INFO | Train - Loss (last batch): 0.00250
2025-12-22 01:42:24,953 | INFO | Val - Loss, MSE, MAE: 0.00289, 0.00289, 0.03218
2025-12-22 01:42:24,953 | INFO | Test - Best epoch, Loss, MSE, MAE: 135, 0.00275, 0.00275, 0.03179
2025-12-22 01:42:24,953 | INFO | Test - Points (EXACT): total_masked=96963 correct=58265 right_rate=60.0899%
2025-12-22 01:42:29,209 | INFO | - Epoch 143, ExpID 80676 best_epoch=135 improved=0
2025-12-22 01:42:29,209 | INFO | Train - Loss (last batch): 0.00313
2025-12-22 01:42:29,209 | INFO | Val - Loss, MSE, MAE: 0.00288, 0.00288, 0.03203
2025-12-22 01:42:29,209 | INFO | Test - Best epoch, Loss, MSE, MAE: 135, 0.00275, 0.00275, 0.03179
2025-12-22 01:42:29,209 | INFO | Test - Points (EXACT): total_masked=96963 correct=58265 right_rate=60.0899%
2025-12-22 01:42:33,465 | INFO | - Epoch 144, ExpID 80676 best_epoch=135 improved=0
2025-12-22 01:42:33,466 | INFO | Train - Loss (last batch): 0.00261
2025-12-22 01:42:33,466 | INFO | Val - Loss, MSE, MAE: 0.00290, 0.00290, 0.03232
2025-12-22 01:42:33,466 | INFO | Test - Best epoch, Loss, MSE, MAE: 135, 0.00275, 0.00275, 0.03179
2025-12-22 01:42:33,466 | INFO | Test - Points (EXACT): total_masked=96963 correct=58265 right_rate=60.0899%
2025-12-22 01:42:37,741 | INFO | - Epoch 145, ExpID 80676 best_epoch=135 improved=0
2025-12-22 01:42:37,741 | INFO | Train - Loss (last batch): 0.00271
2025-12-22 01:42:37,741 | INFO | Val - Loss, MSE, MAE: 0.00290, 0.00290, 0.03233
2025-12-22 01:42:37,741 | INFO | Test - Best epoch, Loss, MSE, MAE: 135, 0.00275, 0.00275, 0.03179
2025-12-22 01:42:37,741 | INFO | Test - Points (EXACT): total_masked=96963 correct=58265 right_rate=60.0899%
2025-12-22 01:42:42,011 | INFO | - Epoch 146, ExpID 80676 best_epoch=135 improved=0
2025-12-22 01:42:42,011 | INFO | Train - Loss (last batch): 0.00238
2025-12-22 01:42:42,011 | INFO | Val - Loss, MSE, MAE: 0.00289, 0.00289, 0.03224
2025-12-22 01:42:42,011 | INFO | Test - Best epoch, Loss, MSE, MAE: 135, 0.00275, 0.00275, 0.03179
2025-12-22 01:42:42,011 | INFO | Test - Points (EXACT): total_masked=96963 correct=58265 right_rate=60.0899%
2025-12-22 01:42:46,282 | INFO | - Epoch 147, ExpID 80676 best_epoch=135 improved=0
2025-12-22 01:42:46,282 | INFO | Train - Loss (last batch): 0.00295
2025-12-22 01:42:46,282 | INFO | Val - Loss, MSE, MAE: 0.00289, 0.00289, 0.03221
2025-12-22 01:42:46,282 | INFO | Test - Best epoch, Loss, MSE, MAE: 135, 0.00275, 0.00275, 0.03179
2025-12-22 01:42:46,282 | INFO | Test - Points (EXACT): total_masked=96963 correct=58265 right_rate=60.0899%
2025-12-22 01:42:50,557 | INFO | - Epoch 148, ExpID 80676 best_epoch=135 improved=0
2025-12-22 01:42:50,557 | INFO | Train - Loss (last batch): 0.00291
2025-12-22 01:42:50,557 | INFO | Val - Loss, MSE, MAE: 0.00288, 0.00288, 0.03211
2025-12-22 01:42:50,557 | INFO | Test - Best epoch, Loss, MSE, MAE: 135, 0.00275, 0.00275, 0.03179
2025-12-22 01:42:50,557 | INFO | Test - Points (EXACT): total_masked=96963 correct=58265 right_rate=60.0899%
2025-12-22 01:42:54,826 | INFO | - Epoch 149, ExpID 80676 best_epoch=135 improved=0
2025-12-22 01:42:54,826 | INFO | Train - Loss (last batch): 0.00249
2025-12-22 01:42:54,826 | INFO | Val - Loss, MSE, MAE: 0.00289, 0.00289, 0.03226
2025-12-22 01:42:54,826 | INFO | Test - Best epoch, Loss, MSE, MAE: 135, 0.00275, 0.00275, 0.03179
2025-12-22 01:42:54,826 | INFO | Test - Points (EXACT): total_masked=96963 correct=58265 right_rate=60.0899%
2025-12-22 01:42:59,094 | INFO | - Epoch 150, ExpID 80676 best_epoch=135 improved=0
2025-12-22 01:42:59,094 | INFO | Train - Loss (last batch): 0.00267
2025-12-22 01:42:59,094 | INFO | Val - Loss, MSE, MAE: 0.00288, 0.00288, 0.03211
2025-12-22 01:42:59,094 | INFO | Test - Best epoch, Loss, MSE, MAE: 135, 0.00275, 0.00275, 0.03179
2025-12-22 01:42:59,094 | INFO | Test - Points (EXACT): total_masked=96963 correct=58265 right_rate=60.0899%
2025-12-22 01:43:03,344 | INFO | - Epoch 151, ExpID 80676 best_epoch=135 improved=0
2025-12-22 01:43:03,345 | INFO | Train - Loss (last batch): 0.00204
2025-12-22 01:43:03,345 | INFO | Val - Loss, MSE, MAE: 0.00288, 0.00288, 0.03210
2025-12-22 01:43:03,345 | INFO | Test - Best epoch, Loss, MSE, MAE: 135, 0.00275, 0.00275, 0.03179
2025-12-22 01:43:03,345 | INFO | Test - Points (EXACT): total_masked=96963 correct=58265 right_rate=60.0899%
2025-12-22 01:43:07,597 | INFO | - Epoch 152, ExpID 80676 best_epoch=135 improved=0
2025-12-22 01:43:07,597 | INFO | Train - Loss (last batch): 0.00258
2025-12-22 01:43:07,597 | INFO | Val - Loss, MSE, MAE: 0.00289, 0.00289, 0.03219
2025-12-22 01:43:07,597 | INFO | Test - Best epoch, Loss, MSE, MAE: 135, 0.00275, 0.00275, 0.03179
2025-12-22 01:43:07,597 | INFO | Test - Points (EXACT): total_masked=96963 correct=58265 right_rate=60.0899%
2025-12-22 01:43:11,861 | INFO | - Epoch 153, ExpID 80676 best_epoch=135 improved=0
2025-12-22 01:43:11,861 | INFO | Train - Loss (last batch): 0.00289
2025-12-22 01:43:11,861 | INFO | Val - Loss, MSE, MAE: 0.00289, 0.00289, 0.03230
2025-12-22 01:43:11,862 | INFO | Test - Best epoch, Loss, MSE, MAE: 135, 0.00275, 0.00275, 0.03179
2025-12-22 01:43:11,862 | INFO | Test - Points (EXACT): total_masked=96963 correct=58265 right_rate=60.0899%
2025-12-22 01:43:16,122 | INFO | - Epoch 154, ExpID 80676 best_epoch=135 improved=0
2025-12-22 01:43:16,122 | INFO | Train - Loss (last batch): 0.00243
2025-12-22 01:43:16,122 | INFO | Val - Loss, MSE, MAE: 0.00289, 0.00289, 0.03229
2025-12-22 01:43:16,122 | INFO | Test - Best epoch, Loss, MSE, MAE: 135, 0.00275, 0.00275, 0.03179
2025-12-22 01:43:16,122 | INFO | Test - Points (EXACT): total_masked=96963 correct=58265 right_rate=60.0899%
2025-12-22 01:43:20,365 | INFO | - Epoch 155, ExpID 80676 best_epoch=135 improved=0
2025-12-22 01:43:20,365 | INFO | Train - Loss (last batch): 0.00336
2025-12-22 01:43:20,365 | INFO | Val - Loss, MSE, MAE: 0.00289, 0.00289, 0.03231
2025-12-22 01:43:20,365 | INFO | Test - Best epoch, Loss, MSE, MAE: 135, 0.00275, 0.00275, 0.03179
2025-12-22 01:43:20,365 | INFO | Test - Points (EXACT): total_masked=96963 correct=58265 right_rate=60.0899%
2025-12-22 01:43:24,623 | INFO | - Epoch 156, ExpID 80676 best_epoch=135 improved=0
2025-12-22 01:43:24,623 | INFO | Train - Loss (last batch): 0.00230
2025-12-22 01:43:24,623 | INFO | Val - Loss, MSE, MAE: 0.00289, 0.00289, 0.03221
2025-12-22 01:43:24,623 | INFO | Test - Best epoch, Loss, MSE, MAE: 135, 0.00275, 0.00275, 0.03179
2025-12-22 01:43:24,624 | INFO | Test - Points (EXACT): total_masked=96963 correct=58265 right_rate=60.0899%
2025-12-22 01:43:28,879 | INFO | - Epoch 157, ExpID 80676 best_epoch=135 improved=0
2025-12-22 01:43:28,879 | INFO | Train - Loss (last batch): 0.00260
2025-12-22 01:43:28,879 | INFO | Val - Loss, MSE, MAE: 0.00288, 0.00288, 0.03211
2025-12-22 01:43:28,879 | INFO | Test - Best epoch, Loss, MSE, MAE: 135, 0.00275, 0.00275, 0.03179
2025-12-22 01:43:28,879 | INFO | Test - Points (EXACT): total_masked=96963 correct=58265 right_rate=60.0899%
2025-12-22 01:43:33,130 | INFO | - Epoch 158, ExpID 80676 best_epoch=135 improved=0
2025-12-22 01:43:33,130 | INFO | Train - Loss (last batch): 0.00196
2025-12-22 01:43:33,130 | INFO | Val - Loss, MSE, MAE: 0.00291, 0.00291, 0.03249
2025-12-22 01:43:33,130 | INFO | Test - Best epoch, Loss, MSE, MAE: 135, 0.00275, 0.00275, 0.03179
2025-12-22 01:43:33,130 | INFO | Test - Points (EXACT): total_masked=96963 correct=58265 right_rate=60.0899%
2025-12-22 01:43:37,377 | INFO | - Epoch 159, ExpID 80676 best_epoch=135 improved=0
2025-12-22 01:43:37,377 | INFO | Train - Loss (last batch): 0.00285
2025-12-22 01:43:37,377 | INFO | Val - Loss, MSE, MAE: 0.00289, 0.00289, 0.03218
2025-12-22 01:43:37,377 | INFO | Test - Best epoch, Loss, MSE, MAE: 135, 0.00275, 0.00275, 0.03179
2025-12-22 01:43:37,377 | INFO | Test - Points (EXACT): total_masked=96963 correct=58265 right_rate=60.0899%
2025-12-22 01:43:41,641 | INFO | - Epoch 160, ExpID 80676 best_epoch=135 improved=0
2025-12-22 01:43:41,641 | INFO | Train - Loss (last batch): 0.00206
2025-12-22 01:43:41,641 | INFO | Val - Loss, MSE, MAE: 0.00289, 0.00289, 0.03218
2025-12-22 01:43:41,641 | INFO | Test - Best epoch, Loss, MSE, MAE: 135, 0.00275, 0.00275, 0.03179
2025-12-22 01:43:41,641 | INFO | Test - Points (EXACT): total_masked=96963 correct=58265 right_rate=60.0899%
2025-12-22 01:43:45,876 | INFO | - Epoch 161, ExpID 80676 best_epoch=135 improved=0
2025-12-22 01:43:45,876 | INFO | Train - Loss (last batch): 0.00200
2025-12-22 01:43:45,876 | INFO | Val - Loss, MSE, MAE: 0.00290, 0.00290, 0.03235
2025-12-22 01:43:45,876 | INFO | Test - Best epoch, Loss, MSE, MAE: 135, 0.00275, 0.00275, 0.03179
2025-12-22 01:43:45,876 | INFO | Test - Points (EXACT): total_masked=96963 correct=58265 right_rate=60.0899%
2025-12-22 01:43:50,138 | INFO | - Epoch 162, ExpID 80676 best_epoch=135 improved=0
2025-12-22 01:43:50,138 | INFO | Train - Loss (last batch): 0.00265
2025-12-22 01:43:50,138 | INFO | Val - Loss, MSE, MAE: 0.00289, 0.00289, 0.03219
2025-12-22 01:43:50,138 | INFO | Test - Best epoch, Loss, MSE, MAE: 135, 0.00275, 0.00275, 0.03179
2025-12-22 01:43:50,138 | INFO | Test - Points (EXACT): total_masked=96963 correct=58265 right_rate=60.0899%
2025-12-22 01:43:54,407 | INFO | - Epoch 163, ExpID 80676 best_epoch=135 improved=0
2025-12-22 01:43:54,407 | INFO | Train - Loss (last batch): 0.00210
2025-12-22 01:43:54,407 | INFO | Val - Loss, MSE, MAE: 0.00288, 0.00288, 0.03209
2025-12-22 01:43:54,407 | INFO | Test - Best epoch, Loss, MSE, MAE: 135, 0.00275, 0.00275, 0.03179
2025-12-22 01:43:54,407 | INFO | Test - Points (EXACT): total_masked=96963 correct=58265 right_rate=60.0899%
2025-12-22 01:43:58,658 | INFO | - Epoch 164, ExpID 80676 best_epoch=135 improved=0
2025-12-22 01:43:58,658 | INFO | Train - Loss (last batch): 0.00185
2025-12-22 01:43:58,658 | INFO | Val - Loss, MSE, MAE: 0.00289, 0.00289, 0.03217
2025-12-22 01:43:58,658 | INFO | Test - Best epoch, Loss, MSE, MAE: 135, 0.00275, 0.00275, 0.03179
2025-12-22 01:43:58,658 | INFO | Test - Points (EXACT): total_masked=96963 correct=58265 right_rate=60.0899%
2025-12-22 01:44:02,908 | INFO | - Epoch 165, ExpID 80676 best_epoch=135 improved=0
2025-12-22 01:44:02,908 | INFO | Train - Loss (last batch): 0.00245
2025-12-22 01:44:02,908 | INFO | Val - Loss, MSE, MAE: 0.00289, 0.00289, 0.03229
2025-12-22 01:44:02,908 | INFO | Test - Best epoch, Loss, MSE, MAE: 135, 0.00275, 0.00275, 0.03179
2025-12-22 01:44:02,908 | INFO | Test - Points (EXACT): total_masked=96963 correct=58265 right_rate=60.0899%
2025-12-22 01:44:07,136 | INFO | - Epoch 166, ExpID 80676 best_epoch=135 improved=0
2025-12-22 01:44:07,136 | INFO | Train - Loss (last batch): 0.00272
2025-12-22 01:44:07,136 | INFO | Val - Loss, MSE, MAE: 0.00289, 0.00289, 0.03218
2025-12-22 01:44:07,136 | INFO | Test - Best epoch, Loss, MSE, MAE: 135, 0.00275, 0.00275, 0.03179
2025-12-22 01:44:07,136 | INFO | Test - Points (EXACT): total_masked=96963 correct=58265 right_rate=60.0899%
2025-12-22 01:44:11,395 | INFO | - Epoch 167, ExpID 80676 best_epoch=135 improved=0
2025-12-22 01:44:11,395 | INFO | Train - Loss (last batch): 0.00249
2025-12-22 01:44:11,395 | INFO | Val - Loss, MSE, MAE: 0.00289, 0.00289, 0.03227
2025-12-22 01:44:11,395 | INFO | Test - Best epoch, Loss, MSE, MAE: 135, 0.00275, 0.00275, 0.03179
2025-12-22 01:44:11,396 | INFO | Test - Points (EXACT): total_masked=96963 correct=58265 right_rate=60.0899%
2025-12-22 01:44:15,661 | INFO | - Epoch 168, ExpID 80676 best_epoch=135 improved=0
2025-12-22 01:44:15,661 | INFO | Train - Loss (last batch): 0.00220
2025-12-22 01:44:15,661 | INFO | Val - Loss, MSE, MAE: 0.00288, 0.00288, 0.03215
2025-12-22 01:44:15,661 | INFO | Test - Best epoch, Loss, MSE, MAE: 135, 0.00275, 0.00275, 0.03179
2025-12-22 01:44:15,661 | INFO | Test - Points (EXACT): total_masked=96963 correct=58265 right_rate=60.0899%
2025-12-22 01:44:19,918 | INFO | - Epoch 169, ExpID 80676 best_epoch=135 improved=0
2025-12-22 01:44:19,918 | INFO | Train - Loss (last batch): 0.00254
2025-12-22 01:44:19,918 | INFO | Val - Loss, MSE, MAE: 0.00289, 0.00289, 0.03223
2025-12-22 01:44:19,918 | INFO | Test - Best epoch, Loss, MSE, MAE: 135, 0.00275, 0.00275, 0.03179
2025-12-22 01:44:19,918 | INFO | Test - Points (EXACT): total_masked=96963 correct=58265 right_rate=60.0899%
2025-12-22 01:44:24,152 | INFO | - Epoch 170, ExpID 80676 best_epoch=135 improved=0
2025-12-22 01:44:24,152 | INFO | Train - Loss (last batch): 0.00261
2025-12-22 01:44:24,152 | INFO | Val - Loss, MSE, MAE: 0.00289, 0.00289, 0.03218
2025-12-22 01:44:24,152 | INFO | Test - Best epoch, Loss, MSE, MAE: 135, 0.00275, 0.00275, 0.03179
2025-12-22 01:44:24,152 | INFO | Test - Points (EXACT): total_masked=96963 correct=58265 right_rate=60.0899%
2025-12-22 01:44:28,378 | INFO | - Epoch 171, ExpID 80676 best_epoch=135 improved=0
2025-12-22 01:44:28,378 | INFO | Train - Loss (last batch): 0.00274
2025-12-22 01:44:28,378 | INFO | Val - Loss, MSE, MAE: 0.00289, 0.00289, 0.03224
2025-12-22 01:44:28,378 | INFO | Test - Best epoch, Loss, MSE, MAE: 135, 0.00275, 0.00275, 0.03179
2025-12-22 01:44:28,378 | INFO | Test - Points (EXACT): total_masked=96963 correct=58265 right_rate=60.0899%
2025-12-22 01:44:32,625 | INFO | - Epoch 172, ExpID 80676 best_epoch=135 improved=0
2025-12-22 01:44:32,625 | INFO | Train - Loss (last batch): 0.00227
2025-12-22 01:44:32,625 | INFO | Val - Loss, MSE, MAE: 0.00288, 0.00288, 0.03210
2025-12-22 01:44:32,625 | INFO | Test - Best epoch, Loss, MSE, MAE: 135, 0.00275, 0.00275, 0.03179
2025-12-22 01:44:32,625 | INFO | Test - Points (EXACT): total_masked=96963 correct=58265 right_rate=60.0899%
2025-12-22 01:44:36,888 | INFO | - Epoch 173, ExpID 80676 best_epoch=135 improved=0
2025-12-22 01:44:36,888 | INFO | Train - Loss (last batch): 0.00279
2025-12-22 01:44:36,888 | INFO | Val - Loss, MSE, MAE: 0.00289, 0.00289, 0.03216
2025-12-22 01:44:36,888 | INFO | Test - Best epoch, Loss, MSE, MAE: 135, 0.00275, 0.00275, 0.03179
2025-12-22 01:44:36,888 | INFO | Test - Points (EXACT): total_masked=96963 correct=58265 right_rate=60.0899%
2025-12-22 01:44:41,151 | INFO | - Epoch 174, ExpID 80676 best_epoch=135 improved=0
2025-12-22 01:44:41,151 | INFO | Train - Loss (last batch): 0.00241
2025-12-22 01:44:41,151 | INFO | Val - Loss, MSE, MAE: 0.00288, 0.00288, 0.03213
2025-12-22 01:44:41,151 | INFO | Test - Best epoch, Loss, MSE, MAE: 135, 0.00275, 0.00275, 0.03179
2025-12-22 01:44:41,151 | INFO | Test - Points (EXACT): total_masked=96963 correct=58265 right_rate=60.0899%
2025-12-22 01:44:45,408 | INFO | - Epoch 175, ExpID 80676 best_epoch=135 improved=0
2025-12-22 01:44:45,408 | INFO | Train - Loss (last batch): 0.00294
2025-12-22 01:44:45,409 | INFO | Val - Loss, MSE, MAE: 0.00289, 0.00289, 0.03219
2025-12-22 01:44:45,409 | INFO | Test - Best epoch, Loss, MSE, MAE: 135, 0.00275, 0.00275, 0.03179
2025-12-22 01:44:45,409 | INFO | Test - Points (EXACT): total_masked=96963 correct=58265 right_rate=60.0899%
