2025-12-22 00:44:39,575 | INFO | - Epoch 000, ExpID 40102 best_epoch=0 improved=1
2025-12-22 00:44:39,576 | INFO | Train - Loss (last batch): 0.01770
2025-12-22 00:44:39,576 | INFO | Val - Loss, MSE, MAE: 0.01489, 0.01489, 0.09538
2025-12-22 00:44:39,576 | INFO | Test - Best epoch, Loss, MSE, MAE: 0, 0.01446, 0.01446, 0.09452
2025-12-22 00:44:39,576 | INFO | Test - Points (EXACT): total_masked=96963 correct=16957 right_rate=17.4881%
2025-12-22 00:44:45,863 | INFO | - Epoch 001, ExpID 40102 best_epoch=1 improved=1
2025-12-22 00:44:45,863 | INFO | Train - Loss (last batch): 0.00431
2025-12-22 00:44:45,863 | INFO | Val - Loss, MSE, MAE: 0.00617, 0.00617, 0.05678
2025-12-22 00:44:45,863 | INFO | Test - Best epoch, Loss, MSE, MAE: 1, 0.00540, 0.00540, 0.05279
2025-12-22 00:44:45,863 | INFO | Test - Points (EXACT): total_masked=96963 correct=35983 right_rate=37.1100%
2025-12-22 00:44:52,308 | INFO | - Epoch 002, ExpID 40102 best_epoch=2 improved=1
2025-12-22 00:44:52,308 | INFO | Train - Loss (last batch): 0.00400
2025-12-22 00:44:52,308 | INFO | Val - Loss, MSE, MAE: 0.00382, 0.00382, 0.04076
2025-12-22 00:44:52,308 | INFO | Test - Best epoch, Loss, MSE, MAE: 2, 0.00357, 0.00357, 0.03918
2025-12-22 00:44:52,308 | INFO | Test - Points (EXACT): total_masked=96963 correct=49037 right_rate=50.5729%
2025-12-22 00:44:58,130 | INFO | - Epoch 003, ExpID 40102 best_epoch=3 improved=1
2025-12-22 00:44:58,130 | INFO | Train - Loss (last batch): 0.00279
2025-12-22 00:44:58,130 | INFO | Val - Loss, MSE, MAE: 0.00358, 0.00358, 0.03847
2025-12-22 00:44:58,130 | INFO | Test - Best epoch, Loss, MSE, MAE: 3, 0.00339, 0.00339, 0.03743
2025-12-22 00:44:58,130 | INFO | Test - Points (EXACT): total_masked=96963 correct=51244 right_rate=52.8490%
2025-12-22 00:45:04,645 | INFO | - Epoch 004, ExpID 40102 best_epoch=4 improved=1
2025-12-22 00:45:04,645 | INFO | Train - Loss (last batch): 0.00377
2025-12-22 00:45:04,645 | INFO | Val - Loss, MSE, MAE: 0.00347, 0.00347, 0.03735
2025-12-22 00:45:04,645 | INFO | Test - Best epoch, Loss, MSE, MAE: 4, 0.00331, 0.00331, 0.03668
2025-12-22 00:45:04,645 | INFO | Test - Points (EXACT): total_masked=96963 correct=52196 right_rate=53.8308%
2025-12-22 00:45:10,920 | INFO | - Epoch 005, ExpID 40102 best_epoch=5 improved=1
2025-12-22 00:45:10,920 | INFO | Train - Loss (last batch): 0.00264
2025-12-22 00:45:10,920 | INFO | Val - Loss, MSE, MAE: 0.00341, 0.00341, 0.03696
2025-12-22 00:45:10,920 | INFO | Test - Best epoch, Loss, MSE, MAE: 5, 0.00326, 0.00326, 0.03630
2025-12-22 00:45:10,920 | INFO | Test - Points (EXACT): total_masked=96963 correct=52671 right_rate=54.3207%
2025-12-22 00:45:18,412 | INFO | - Epoch 006, ExpID 40102 best_epoch=6 improved=1
2025-12-22 00:45:18,412 | INFO | Train - Loss (last batch): 0.00360
2025-12-22 00:45:18,412 | INFO | Val - Loss, MSE, MAE: 0.00332, 0.00332, 0.03619
2025-12-22 00:45:18,412 | INFO | Test - Best epoch, Loss, MSE, MAE: 6, 0.00317, 0.00317, 0.03544
2025-12-22 00:45:18,412 | INFO | Test - Points (EXACT): total_masked=96963 correct=53926 right_rate=55.6150%
2025-12-22 00:45:24,833 | INFO | - Epoch 007, ExpID 40102 best_epoch=7 improved=1
2025-12-22 00:45:24,833 | INFO | Train - Loss (last batch): 0.00345
2025-12-22 00:45:24,833 | INFO | Val - Loss, MSE, MAE: 0.00328, 0.00328, 0.03561
2025-12-22 00:45:24,833 | INFO | Test - Best epoch, Loss, MSE, MAE: 7, 0.00314, 0.00314, 0.03502
2025-12-22 00:45:24,833 | INFO | Test - Points (EXACT): total_masked=96963 correct=54713 right_rate=56.4267%
2025-12-22 00:45:31,116 | INFO | - Epoch 008, ExpID 40102 best_epoch=8 improved=1
2025-12-22 00:45:31,116 | INFO | Train - Loss (last batch): 0.00242
2025-12-22 00:45:31,116 | INFO | Val - Loss, MSE, MAE: 0.00324, 0.00324, 0.03543
2025-12-22 00:45:31,116 | INFO | Test - Best epoch, Loss, MSE, MAE: 8, 0.00311, 0.00311, 0.03499
2025-12-22 00:45:31,116 | INFO | Test - Points (EXACT): total_masked=96963 correct=54558 right_rate=56.2668%
2025-12-22 00:45:36,746 | INFO | - Epoch 009, ExpID 40102 best_epoch=8 improved=0
2025-12-22 00:45:36,746 | INFO | Train - Loss (last batch): 0.00348
2025-12-22 00:45:36,746 | INFO | Val - Loss, MSE, MAE: 0.00340, 0.00340, 0.03746
2025-12-22 00:45:36,746 | INFO | Test - Best epoch, Loss, MSE, MAE: 8, 0.00311, 0.00311, 0.03499
2025-12-22 00:45:36,746 | INFO | Test - Points (EXACT): total_masked=96963 correct=54558 right_rate=56.2668%
2025-12-22 00:45:42,381 | INFO | - Epoch 010, ExpID 40102 best_epoch=8 improved=0
2025-12-22 00:45:42,382 | INFO | Train - Loss (last batch): 0.00442
2025-12-22 00:45:42,382 | INFO | Val - Loss, MSE, MAE: 0.00332, 0.00332, 0.03645
2025-12-22 00:45:42,382 | INFO | Test - Best epoch, Loss, MSE, MAE: 8, 0.00311, 0.00311, 0.03499
2025-12-22 00:45:42,382 | INFO | Test - Points (EXACT): total_masked=96963 correct=54558 right_rate=56.2668%
2025-12-22 00:45:48,653 | INFO | - Epoch 011, ExpID 40102 best_epoch=11 improved=1
2025-12-22 00:45:48,653 | INFO | Train - Loss (last batch): 0.00351
2025-12-22 00:45:48,653 | INFO | Val - Loss, MSE, MAE: 0.00313, 0.00313, 0.03417
2025-12-22 00:45:48,653 | INFO | Test - Best epoch, Loss, MSE, MAE: 11, 0.00301, 0.00301, 0.03370
2025-12-22 00:45:48,653 | INFO | Test - Points (EXACT): total_masked=96963 correct=56576 right_rate=58.3480%
2025-12-22 00:45:55,554 | INFO | - Epoch 012, ExpID 40102 best_epoch=12 improved=1
2025-12-22 00:45:55,554 | INFO | Train - Loss (last batch): 0.00309
2025-12-22 00:45:55,554 | INFO | Val - Loss, MSE, MAE: 0.00309, 0.00309, 0.03403
2025-12-22 00:45:55,554 | INFO | Test - Best epoch, Loss, MSE, MAE: 12, 0.00297, 0.00297, 0.03349
2025-12-22 00:45:55,554 | INFO | Test - Points (EXACT): total_masked=96963 correct=56397 right_rate=58.1634%
2025-12-22 00:46:01,877 | INFO | - Epoch 013, ExpID 40102 best_epoch=13 improved=1
2025-12-22 00:46:01,877 | INFO | Train - Loss (last batch): 0.00219
2025-12-22 00:46:01,877 | INFO | Val - Loss, MSE, MAE: 0.00308, 0.00308, 0.03373
2025-12-22 00:46:01,877 | INFO | Test - Best epoch, Loss, MSE, MAE: 13, 0.00297, 0.00297, 0.03325
2025-12-22 00:46:01,877 | INFO | Test - Points (EXACT): total_masked=96963 correct=57153 right_rate=58.9431%
2025-12-22 00:46:07,910 | INFO | - Epoch 014, ExpID 40102 best_epoch=13 improved=0
2025-12-22 00:46:07,910 | INFO | Train - Loss (last batch): 0.00240
2025-12-22 00:46:07,910 | INFO | Val - Loss, MSE, MAE: 0.00319, 0.00319, 0.03548
2025-12-22 00:46:07,910 | INFO | Test - Best epoch, Loss, MSE, MAE: 13, 0.00297, 0.00297, 0.03325
2025-12-22 00:46:07,910 | INFO | Test - Points (EXACT): total_masked=96963 correct=57153 right_rate=58.9431%
2025-12-22 00:46:14,257 | INFO | - Epoch 015, ExpID 40102 best_epoch=15 improved=1
2025-12-22 00:46:14,257 | INFO | Train - Loss (last batch): 0.00310
2025-12-22 00:46:14,257 | INFO | Val - Loss, MSE, MAE: 0.00303, 0.00303, 0.03338
2025-12-22 00:46:14,257 | INFO | Test - Best epoch, Loss, MSE, MAE: 15, 0.00292, 0.00292, 0.03305
2025-12-22 00:46:14,257 | INFO | Test - Points (EXACT): total_masked=96963 correct=57344 right_rate=59.1401%
2025-12-22 00:46:19,989 | INFO | - Epoch 016, ExpID 40102 best_epoch=15 improved=0
2025-12-22 00:46:19,989 | INFO | Train - Loss (last batch): 0.00248
2025-12-22 00:46:19,989 | INFO | Val - Loss, MSE, MAE: 0.00315, 0.00315, 0.03518
2025-12-22 00:46:19,989 | INFO | Test - Best epoch, Loss, MSE, MAE: 15, 0.00292, 0.00292, 0.03305
2025-12-22 00:46:19,989 | INFO | Test - Points (EXACT): total_masked=96963 correct=57344 right_rate=59.1401%
2025-12-22 00:46:25,636 | INFO | - Epoch 017, ExpID 40102 best_epoch=15 improved=0
2025-12-22 00:46:25,636 | INFO | Train - Loss (last batch): 0.00279
2025-12-22 00:46:25,637 | INFO | Val - Loss, MSE, MAE: 0.00306, 0.00306, 0.03421
2025-12-22 00:46:25,637 | INFO | Test - Best epoch, Loss, MSE, MAE: 15, 0.00292, 0.00292, 0.03305
2025-12-22 00:46:25,637 | INFO | Test - Points (EXACT): total_masked=96963 correct=57344 right_rate=59.1401%
2025-12-22 00:46:31,275 | INFO | - Epoch 018, ExpID 40102 best_epoch=15 improved=0
2025-12-22 00:46:31,275 | INFO | Train - Loss (last batch): 0.00251
2025-12-22 00:46:31,275 | INFO | Val - Loss, MSE, MAE: 0.00310, 0.00310, 0.03445
2025-12-22 00:46:31,275 | INFO | Test - Best epoch, Loss, MSE, MAE: 15, 0.00292, 0.00292, 0.03305
2025-12-22 00:46:31,275 | INFO | Test - Points (EXACT): total_masked=96963 correct=57344 right_rate=59.1401%
2025-12-22 00:46:36,897 | INFO | - Epoch 019, ExpID 40102 best_epoch=15 improved=0
2025-12-22 00:46:36,898 | INFO | Train - Loss (last batch): 0.00332
2025-12-22 00:46:36,898 | INFO | Val - Loss, MSE, MAE: 0.00305, 0.00305, 0.03372
2025-12-22 00:46:36,898 | INFO | Test - Best epoch, Loss, MSE, MAE: 15, 0.00292, 0.00292, 0.03305
2025-12-22 00:46:36,898 | INFO | Test - Points (EXACT): total_masked=96963 correct=57344 right_rate=59.1401%
2025-12-22 00:46:42,564 | INFO | - Epoch 020, ExpID 40102 best_epoch=15 improved=0
2025-12-22 00:46:42,564 | INFO | Train - Loss (last batch): 0.00237
2025-12-22 00:46:42,564 | INFO | Val - Loss, MSE, MAE: 0.00318, 0.00318, 0.03563
2025-12-22 00:46:42,564 | INFO | Test - Best epoch, Loss, MSE, MAE: 15, 0.00292, 0.00292, 0.03305
2025-12-22 00:46:42,564 | INFO | Test - Points (EXACT): total_masked=96963 correct=57344 right_rate=59.1401%
2025-12-22 00:46:48,216 | INFO | - Epoch 021, ExpID 40102 best_epoch=15 improved=0
2025-12-22 00:46:48,216 | INFO | Train - Loss (last batch): 0.00255
2025-12-22 00:46:48,216 | INFO | Val - Loss, MSE, MAE: 0.00320, 0.00320, 0.03597
2025-12-22 00:46:48,216 | INFO | Test - Best epoch, Loss, MSE, MAE: 15, 0.00292, 0.00292, 0.03305
2025-12-22 00:46:48,216 | INFO | Test - Points (EXACT): total_masked=96963 correct=57344 right_rate=59.1401%
2025-12-22 00:46:53,885 | INFO | - Epoch 022, ExpID 40102 best_epoch=15 improved=0
2025-12-22 00:46:53,885 | INFO | Train - Loss (last batch): 0.00309
2025-12-22 00:46:53,885 | INFO | Val - Loss, MSE, MAE: 0.00329, 0.00329, 0.03717
2025-12-22 00:46:53,885 | INFO | Test - Best epoch, Loss, MSE, MAE: 15, 0.00292, 0.00292, 0.03305
2025-12-22 00:46:53,885 | INFO | Test - Points (EXACT): total_masked=96963 correct=57344 right_rate=59.1401%
2025-12-22 00:47:00,271 | INFO | - Epoch 023, ExpID 40102 best_epoch=23 improved=1
2025-12-22 00:47:00,271 | INFO | Train - Loss (last batch): 0.00244
2025-12-22 00:47:00,271 | INFO | Val - Loss, MSE, MAE: 0.00298, 0.00298, 0.03279
2025-12-22 00:47:00,271 | INFO | Test - Best epoch, Loss, MSE, MAE: 23, 0.00288, 0.00288, 0.03240
2025-12-22 00:47:00,271 | INFO | Test - Points (EXACT): total_masked=96963 correct=58075 right_rate=59.8940%
2025-12-22 00:47:05,588 | INFO | - Epoch 024, ExpID 40102 best_epoch=23 improved=0
2025-12-22 00:47:05,588 | INFO | Train - Loss (last batch): 0.00235
2025-12-22 00:47:05,588 | INFO | Val - Loss, MSE, MAE: 0.00307, 0.00307, 0.03446
2025-12-22 00:47:05,588 | INFO | Test - Best epoch, Loss, MSE, MAE: 23, 0.00288, 0.00288, 0.03240
2025-12-22 00:47:05,588 | INFO | Test - Points (EXACT): total_masked=96963 correct=58075 right_rate=59.8940%
2025-12-22 00:47:13,011 | INFO | - Epoch 025, ExpID 40102 best_epoch=25 improved=1
2025-12-22 00:47:13,011 | INFO | Train - Loss (last batch): 0.00344
2025-12-22 00:47:13,011 | INFO | Val - Loss, MSE, MAE: 0.00298, 0.00298, 0.03313
2025-12-22 00:47:13,011 | INFO | Test - Best epoch, Loss, MSE, MAE: 25, 0.00288, 0.00288, 0.03279
2025-12-22 00:47:13,011 | INFO | Test - Points (EXACT): total_masked=96963 correct=57761 right_rate=59.5701%
2025-12-22 00:47:18,308 | INFO | - Epoch 026, ExpID 40102 best_epoch=25 improved=0
2025-12-22 00:47:18,308 | INFO | Train - Loss (last batch): 0.00328
2025-12-22 00:47:18,309 | INFO | Val - Loss, MSE, MAE: 0.00301, 0.00301, 0.03395
2025-12-22 00:47:18,309 | INFO | Test - Best epoch, Loss, MSE, MAE: 25, 0.00288, 0.00288, 0.03279
2025-12-22 00:47:18,309 | INFO | Test - Points (EXACT): total_masked=96963 correct=57761 right_rate=59.5701%
2025-12-22 00:47:23,618 | INFO | - Epoch 027, ExpID 40102 best_epoch=25 improved=0
2025-12-22 00:47:23,618 | INFO | Train - Loss (last batch): 0.00266
2025-12-22 00:47:23,619 | INFO | Val - Loss, MSE, MAE: 0.00309, 0.00309, 0.03480
2025-12-22 00:47:23,619 | INFO | Test - Best epoch, Loss, MSE, MAE: 25, 0.00288, 0.00288, 0.03279
2025-12-22 00:47:23,619 | INFO | Test - Points (EXACT): total_masked=96963 correct=57761 right_rate=59.5701%
2025-12-22 00:47:28,594 | INFO | - Epoch 028, ExpID 40102 best_epoch=25 improved=0
2025-12-22 00:47:28,594 | INFO | Train - Loss (last batch): 0.00273
2025-12-22 00:47:28,594 | INFO | Val - Loss, MSE, MAE: 0.00328, 0.00328, 0.03750
2025-12-22 00:47:28,594 | INFO | Test - Best epoch, Loss, MSE, MAE: 25, 0.00288, 0.00288, 0.03279
2025-12-22 00:47:28,594 | INFO | Test - Points (EXACT): total_masked=96963 correct=57761 right_rate=59.5701%
2025-12-22 00:47:33,534 | INFO | - Epoch 029, ExpID 40102 best_epoch=25 improved=0
2025-12-22 00:47:33,535 | INFO | Train - Loss (last batch): 0.00257
2025-12-22 00:47:33,535 | INFO | Val - Loss, MSE, MAE: 0.00317, 0.00317, 0.03567
2025-12-22 00:47:33,535 | INFO | Test - Best epoch, Loss, MSE, MAE: 25, 0.00288, 0.00288, 0.03279
2025-12-22 00:47:33,535 | INFO | Test - Points (EXACT): total_masked=96963 correct=57761 right_rate=59.5701%
2025-12-22 00:47:38,471 | INFO | - Epoch 030, ExpID 40102 best_epoch=25 improved=0
2025-12-22 00:47:38,472 | INFO | Train - Loss (last batch): 0.00320
2025-12-22 00:47:38,472 | INFO | Val - Loss, MSE, MAE: 0.00310, 0.00310, 0.03459
2025-12-22 00:47:38,472 | INFO | Test - Best epoch, Loss, MSE, MAE: 25, 0.00288, 0.00288, 0.03279
2025-12-22 00:47:38,472 | INFO | Test - Points (EXACT): total_masked=96963 correct=57761 right_rate=59.5701%
2025-12-22 00:47:43,418 | INFO | - Epoch 031, ExpID 40102 best_epoch=25 improved=0
2025-12-22 00:47:43,418 | INFO | Train - Loss (last batch): 0.00282
2025-12-22 00:47:43,418 | INFO | Val - Loss, MSE, MAE: 0.00319, 0.00319, 0.03638
2025-12-22 00:47:43,418 | INFO | Test - Best epoch, Loss, MSE, MAE: 25, 0.00288, 0.00288, 0.03279
2025-12-22 00:47:43,418 | INFO | Test - Points (EXACT): total_masked=96963 correct=57761 right_rate=59.5701%
2025-12-22 00:47:48,350 | INFO | - Epoch 032, ExpID 40102 best_epoch=25 improved=0
2025-12-22 00:47:48,350 | INFO | Train - Loss (last batch): 0.00309
2025-12-22 00:47:48,350 | INFO | Val - Loss, MSE, MAE: 0.00318, 0.00318, 0.03592
2025-12-22 00:47:48,350 | INFO | Test - Best epoch, Loss, MSE, MAE: 25, 0.00288, 0.00288, 0.03279
2025-12-22 00:47:48,350 | INFO | Test - Points (EXACT): total_masked=96963 correct=57761 right_rate=59.5701%
2025-12-22 00:47:53,313 | INFO | - Epoch 033, ExpID 40102 best_epoch=25 improved=0
2025-12-22 00:47:53,313 | INFO | Train - Loss (last batch): 0.00302
2025-12-22 00:47:53,313 | INFO | Val - Loss, MSE, MAE: 0.00302, 0.00302, 0.03392
2025-12-22 00:47:53,313 | INFO | Test - Best epoch, Loss, MSE, MAE: 25, 0.00288, 0.00288, 0.03279
2025-12-22 00:47:53,313 | INFO | Test - Points (EXACT): total_masked=96963 correct=57761 right_rate=59.5701%
2025-12-22 00:47:58,247 | INFO | - Epoch 034, ExpID 40102 best_epoch=25 improved=0
2025-12-22 00:47:58,247 | INFO | Train - Loss (last batch): 0.00193
2025-12-22 00:47:58,247 | INFO | Val - Loss, MSE, MAE: 0.00321, 0.00321, 0.03650
2025-12-22 00:47:58,247 | INFO | Test - Best epoch, Loss, MSE, MAE: 25, 0.00288, 0.00288, 0.03279
2025-12-22 00:47:58,247 | INFO | Test - Points (EXACT): total_masked=96963 correct=57761 right_rate=59.5701%
2025-12-22 00:48:03,179 | INFO | - Epoch 035, ExpID 40102 best_epoch=25 improved=0
2025-12-22 00:48:03,180 | INFO | Train - Loss (last batch): 0.00386
2025-12-22 00:48:03,180 | INFO | Val - Loss, MSE, MAE: 0.00305, 0.00305, 0.03439
2025-12-22 00:48:03,180 | INFO | Test - Best epoch, Loss, MSE, MAE: 25, 0.00288, 0.00288, 0.03279
2025-12-22 00:48:03,180 | INFO | Test - Points (EXACT): total_masked=96963 correct=57761 right_rate=59.5701%
2025-12-22 00:48:08,120 | INFO | - Epoch 036, ExpID 40102 best_epoch=25 improved=0
2025-12-22 00:48:08,120 | INFO | Train - Loss (last batch): 0.00183
2025-12-22 00:48:08,120 | INFO | Val - Loss, MSE, MAE: 0.00317, 0.00317, 0.03598
2025-12-22 00:48:08,120 | INFO | Test - Best epoch, Loss, MSE, MAE: 25, 0.00288, 0.00288, 0.03279
2025-12-22 00:48:08,120 | INFO | Test - Points (EXACT): total_masked=96963 correct=57761 right_rate=59.5701%
2025-12-22 00:48:13,069 | INFO | - Epoch 037, ExpID 40102 best_epoch=25 improved=0
2025-12-22 00:48:13,069 | INFO | Train - Loss (last batch): 0.00219
2025-12-22 00:48:13,069 | INFO | Val - Loss, MSE, MAE: 0.00302, 0.00302, 0.03416
2025-12-22 00:48:13,069 | INFO | Test - Best epoch, Loss, MSE, MAE: 25, 0.00288, 0.00288, 0.03279
2025-12-22 00:48:13,069 | INFO | Test - Points (EXACT): total_masked=96963 correct=57761 right_rate=59.5701%
2025-12-22 00:48:19,961 | INFO | - Epoch 038, ExpID 40102 best_epoch=25 improved=0
2025-12-22 00:48:19,961 | INFO | Train - Loss (last batch): 0.00312
2025-12-22 00:48:19,961 | INFO | Val - Loss, MSE, MAE: 0.00308, 0.00308, 0.03471
2025-12-22 00:48:19,961 | INFO | Test - Best epoch, Loss, MSE, MAE: 25, 0.00288, 0.00288, 0.03279
2025-12-22 00:48:19,961 | INFO | Test - Points (EXACT): total_masked=96963 correct=57761 right_rate=59.5701%
2025-12-22 00:48:25,588 | INFO | - Epoch 039, ExpID 40102 best_epoch=25 improved=0
2025-12-22 00:48:25,588 | INFO | Train - Loss (last batch): 0.00265
2025-12-22 00:48:25,588 | INFO | Val - Loss, MSE, MAE: 0.00301, 0.00301, 0.03368
2025-12-22 00:48:25,588 | INFO | Test - Best epoch, Loss, MSE, MAE: 25, 0.00288, 0.00288, 0.03279
2025-12-22 00:48:25,588 | INFO | Test - Points (EXACT): total_masked=96963 correct=57761 right_rate=59.5701%
2025-12-22 00:48:32,026 | INFO | - Epoch 040, ExpID 40102 best_epoch=25 improved=0
2025-12-22 00:48:32,026 | INFO | Train - Loss (last batch): 0.00212
2025-12-22 00:48:32,026 | INFO | Val - Loss, MSE, MAE: 0.00309, 0.00309, 0.03507
2025-12-22 00:48:32,026 | INFO | Test - Best epoch, Loss, MSE, MAE: 25, 0.00288, 0.00288, 0.03279
2025-12-22 00:48:32,026 | INFO | Test - Points (EXACT): total_masked=96963 correct=57761 right_rate=59.5701%
2025-12-22 00:48:37,838 | INFO | - Epoch 041, ExpID 40102 best_epoch=25 improved=0
2025-12-22 00:48:37,839 | INFO | Train - Loss (last batch): 0.00335
2025-12-22 00:48:37,839 | INFO | Val - Loss, MSE, MAE: 0.00299, 0.00299, 0.03389
2025-12-22 00:48:37,839 | INFO | Test - Best epoch, Loss, MSE, MAE: 25, 0.00288, 0.00288, 0.03279
2025-12-22 00:48:37,839 | INFO | Test - Points (EXACT): total_masked=96963 correct=57761 right_rate=59.5701%
2025-12-22 00:48:43,688 | INFO | - Epoch 042, ExpID 40102 best_epoch=42 improved=1
2025-12-22 00:48:43,688 | INFO | Train - Loss (last batch): 0.00258
2025-12-22 00:48:43,688 | INFO | Val - Loss, MSE, MAE: 0.00297, 0.00297, 0.03326
2025-12-22 00:48:43,688 | INFO | Test - Best epoch, Loss, MSE, MAE: 42, 0.00289, 0.00289, 0.03304
2025-12-22 00:48:43,688 | INFO | Test - Points (EXACT): total_masked=96963 correct=57049 right_rate=58.8358%
2025-12-22 00:48:49,293 | INFO | - Epoch 043, ExpID 40102 best_epoch=42 improved=0
2025-12-22 00:48:49,294 | INFO | Train - Loss (last batch): 0.00243
2025-12-22 00:48:49,294 | INFO | Val - Loss, MSE, MAE: 0.00320, 0.00320, 0.03636
2025-12-22 00:48:49,294 | INFO | Test - Best epoch, Loss, MSE, MAE: 42, 0.00289, 0.00289, 0.03304
2025-12-22 00:48:49,294 | INFO | Test - Points (EXACT): total_masked=96963 correct=57049 right_rate=58.8358%
2025-12-22 00:48:55,799 | INFO | - Epoch 044, ExpID 40102 best_epoch=42 improved=0
2025-12-22 00:48:55,800 | INFO | Train - Loss (last batch): 0.00332
2025-12-22 00:48:55,800 | INFO | Val - Loss, MSE, MAE: 0.00300, 0.00300, 0.03366
2025-12-22 00:48:55,800 | INFO | Test - Best epoch, Loss, MSE, MAE: 42, 0.00289, 0.00289, 0.03304
2025-12-22 00:48:55,800 | INFO | Test - Points (EXACT): total_masked=96963 correct=57049 right_rate=58.8358%
2025-12-22 00:49:01,419 | INFO | - Epoch 045, ExpID 40102 best_epoch=42 improved=0
2025-12-22 00:49:01,419 | INFO | Train - Loss (last batch): 0.00272
2025-12-22 00:49:01,419 | INFO | Val - Loss, MSE, MAE: 0.00303, 0.00303, 0.03445
2025-12-22 00:49:01,419 | INFO | Test - Best epoch, Loss, MSE, MAE: 42, 0.00289, 0.00289, 0.03304
2025-12-22 00:49:01,419 | INFO | Test - Points (EXACT): total_masked=96963 correct=57049 right_rate=58.8358%
2025-12-22 00:49:07,052 | INFO | - Epoch 046, ExpID 40102 best_epoch=42 improved=0
2025-12-22 00:49:07,052 | INFO | Train - Loss (last batch): 0.00404
2025-12-22 00:49:07,052 | INFO | Val - Loss, MSE, MAE: 0.00324, 0.00324, 0.03733
2025-12-22 00:49:07,052 | INFO | Test - Best epoch, Loss, MSE, MAE: 42, 0.00289, 0.00289, 0.03304
2025-12-22 00:49:07,052 | INFO | Test - Points (EXACT): total_masked=96963 correct=57049 right_rate=58.8358%
2025-12-22 00:49:12,674 | INFO | - Epoch 047, ExpID 40102 best_epoch=42 improved=0
2025-12-22 00:49:12,674 | INFO | Train - Loss (last batch): 0.00226
2025-12-22 00:49:12,674 | INFO | Val - Loss, MSE, MAE: 0.00314, 0.00314, 0.03599
2025-12-22 00:49:12,674 | INFO | Test - Best epoch, Loss, MSE, MAE: 42, 0.00289, 0.00289, 0.03304
2025-12-22 00:49:12,674 | INFO | Test - Points (EXACT): total_masked=96963 correct=57049 right_rate=58.8358%
2025-12-22 00:49:19,017 | INFO | - Epoch 048, ExpID 40102 best_epoch=42 improved=0
2025-12-22 00:49:19,017 | INFO | Train - Loss (last batch): 0.00298
2025-12-22 00:49:19,017 | INFO | Val - Loss, MSE, MAE: 0.00300, 0.00300, 0.03367
2025-12-22 00:49:19,017 | INFO | Test - Best epoch, Loss, MSE, MAE: 42, 0.00289, 0.00289, 0.03304
2025-12-22 00:49:19,017 | INFO | Test - Points (EXACT): total_masked=96963 correct=57049 right_rate=58.8358%
2025-12-22 00:49:24,648 | INFO | - Epoch 049, ExpID 40102 best_epoch=42 improved=0
2025-12-22 00:49:24,648 | INFO | Train - Loss (last batch): 0.00295
2025-12-22 00:49:24,648 | INFO | Val - Loss, MSE, MAE: 0.00299, 0.00299, 0.03387
2025-12-22 00:49:24,648 | INFO | Test - Best epoch, Loss, MSE, MAE: 42, 0.00289, 0.00289, 0.03304
2025-12-22 00:49:24,648 | INFO | Test - Points (EXACT): total_masked=96963 correct=57049 right_rate=58.8358%
2025-12-22 00:49:30,297 | INFO | - Epoch 050, ExpID 40102 best_epoch=42 improved=0
2025-12-22 00:49:30,297 | INFO | Train - Loss (last batch): 0.00304
2025-12-22 00:49:30,297 | INFO | Val - Loss, MSE, MAE: 0.00300, 0.00300, 0.03414
2025-12-22 00:49:30,297 | INFO | Test - Best epoch, Loss, MSE, MAE: 42, 0.00289, 0.00289, 0.03304
2025-12-22 00:49:30,297 | INFO | Test - Points (EXACT): total_masked=96963 correct=57049 right_rate=58.8358%
2025-12-22 00:49:35,985 | INFO | - Epoch 051, ExpID 40102 best_epoch=42 improved=0
2025-12-22 00:49:35,985 | INFO | Train - Loss (last batch): 0.00225
2025-12-22 00:49:35,985 | INFO | Val - Loss, MSE, MAE: 0.00307, 0.00307, 0.03512
2025-12-22 00:49:35,985 | INFO | Test - Best epoch, Loss, MSE, MAE: 42, 0.00289, 0.00289, 0.03304
2025-12-22 00:49:35,985 | INFO | Test - Points (EXACT): total_masked=96963 correct=57049 right_rate=58.8358%
2025-12-22 00:49:42,014 | INFO | - Epoch 052, ExpID 40102 best_epoch=42 improved=0
2025-12-22 00:49:42,014 | INFO | Train - Loss (last batch): 0.00232
2025-12-22 00:49:42,014 | INFO | Val - Loss, MSE, MAE: 0.00303, 0.00303, 0.03429
2025-12-22 00:49:42,014 | INFO | Test - Best epoch, Loss, MSE, MAE: 42, 0.00289, 0.00289, 0.03304
2025-12-22 00:49:42,014 | INFO | Test - Points (EXACT): total_masked=96963 correct=57049 right_rate=58.8358%
2025-12-22 00:49:47,791 | INFO | - Epoch 053, ExpID 40102 best_epoch=53 improved=1
2025-12-22 00:49:47,791 | INFO | Train - Loss (last batch): 0.00239
2025-12-22 00:49:47,791 | INFO | Val - Loss, MSE, MAE: 0.00297, 0.00297, 0.03348
2025-12-22 00:49:47,791 | INFO | Test - Best epoch, Loss, MSE, MAE: 53, 0.00289, 0.00289, 0.03333
2025-12-22 00:49:47,791 | INFO | Test - Points (EXACT): total_masked=96963 correct=56762 right_rate=58.5399%
2025-12-22 00:49:53,865 | INFO | - Epoch 054, ExpID 40102 best_epoch=53 improved=0
2025-12-22 00:49:53,865 | INFO | Train - Loss (last batch): 0.00301
2025-12-22 00:49:53,865 | INFO | Val - Loss, MSE, MAE: 0.00304, 0.00304, 0.03472
2025-12-22 00:49:53,865 | INFO | Test - Best epoch, Loss, MSE, MAE: 53, 0.00289, 0.00289, 0.03333
2025-12-22 00:49:53,865 | INFO | Test - Points (EXACT): total_masked=96963 correct=56762 right_rate=58.5399%
2025-12-22 00:49:58,802 | INFO | - Epoch 055, ExpID 40102 best_epoch=53 improved=0
2025-12-22 00:49:58,803 | INFO | Train - Loss (last batch): 0.00232
2025-12-22 00:49:58,803 | INFO | Val - Loss, MSE, MAE: 0.00310, 0.00310, 0.03543
2025-12-22 00:49:58,803 | INFO | Test - Best epoch, Loss, MSE, MAE: 53, 0.00289, 0.00289, 0.03333
2025-12-22 00:49:58,803 | INFO | Test - Points (EXACT): total_masked=96963 correct=56762 right_rate=58.5399%
2025-12-22 00:50:03,752 | INFO | - Epoch 056, ExpID 40102 best_epoch=53 improved=0
2025-12-22 00:50:03,752 | INFO | Train - Loss (last batch): 0.00227
2025-12-22 00:50:03,752 | INFO | Val - Loss, MSE, MAE: 0.00335, 0.00335, 0.03889
2025-12-22 00:50:03,752 | INFO | Test - Best epoch, Loss, MSE, MAE: 53, 0.00289, 0.00289, 0.03333
2025-12-22 00:50:03,752 | INFO | Test - Points (EXACT): total_masked=96963 correct=56762 right_rate=58.5399%
2025-12-22 00:50:08,690 | INFO | - Epoch 057, ExpID 40102 best_epoch=53 improved=0
2025-12-22 00:50:08,690 | INFO | Train - Loss (last batch): 0.00264
2025-12-22 00:50:08,690 | INFO | Val - Loss, MSE, MAE: 0.00297, 0.00297, 0.03357
2025-12-22 00:50:08,690 | INFO | Test - Best epoch, Loss, MSE, MAE: 53, 0.00289, 0.00289, 0.03333
2025-12-22 00:50:08,690 | INFO | Test - Points (EXACT): total_masked=96963 correct=56762 right_rate=58.5399%
2025-12-22 00:50:14,089 | INFO | - Epoch 058, ExpID 40102 best_epoch=53 improved=0
2025-12-22 00:50:14,089 | INFO | Train - Loss (last batch): 0.00204
2025-12-22 00:50:14,089 | INFO | Val - Loss, MSE, MAE: 0.00314, 0.00314, 0.03602
2025-12-22 00:50:14,089 | INFO | Test - Best epoch, Loss, MSE, MAE: 53, 0.00289, 0.00289, 0.03333
2025-12-22 00:50:14,089 | INFO | Test - Points (EXACT): total_masked=96963 correct=56762 right_rate=58.5399%
2025-12-22 00:50:19,458 | INFO | - Epoch 059, ExpID 40102 best_epoch=53 improved=0
2025-12-22 00:50:19,458 | INFO | Train - Loss (last batch): 0.00236
2025-12-22 00:50:19,458 | INFO | Val - Loss, MSE, MAE: 0.00300, 0.00300, 0.03412
2025-12-22 00:50:19,458 | INFO | Test - Best epoch, Loss, MSE, MAE: 53, 0.00289, 0.00289, 0.03333
2025-12-22 00:50:19,458 | INFO | Test - Points (EXACT): total_masked=96963 correct=56762 right_rate=58.5399%
2025-12-22 00:50:25,558 | INFO | - Epoch 060, ExpID 40102 best_epoch=60 improved=1
2025-12-22 00:50:25,558 | INFO | Train - Loss (last batch): 0.00327
2025-12-22 00:50:25,559 | INFO | Val - Loss, MSE, MAE: 0.00297, 0.00297, 0.03350
2025-12-22 00:50:25,559 | INFO | Test - Best epoch, Loss, MSE, MAE: 60, 0.00289, 0.00289, 0.03333
2025-12-22 00:50:25,559 | INFO | Test - Points (EXACT): total_masked=96963 correct=56725 right_rate=58.5017%
2025-12-22 00:50:31,228 | INFO | - Epoch 061, ExpID 40102 best_epoch=60 improved=0
2025-12-22 00:50:31,228 | INFO | Train - Loss (last batch): 0.00171
2025-12-22 00:50:31,228 | INFO | Val - Loss, MSE, MAE: 0.00310, 0.00310, 0.03562
2025-12-22 00:50:31,228 | INFO | Test - Best epoch, Loss, MSE, MAE: 60, 0.00289, 0.00289, 0.03333
2025-12-22 00:50:31,228 | INFO | Test - Points (EXACT): total_masked=96963 correct=56725 right_rate=58.5017%
2025-12-22 00:50:36,870 | INFO | - Epoch 062, ExpID 40102 best_epoch=60 improved=0
2025-12-22 00:50:36,870 | INFO | Train - Loss (last batch): 0.00205
2025-12-22 00:50:36,870 | INFO | Val - Loss, MSE, MAE: 0.00318, 0.00318, 0.03673
2025-12-22 00:50:36,870 | INFO | Test - Best epoch, Loss, MSE, MAE: 60, 0.00289, 0.00289, 0.03333
2025-12-22 00:50:36,870 | INFO | Test - Points (EXACT): total_masked=96963 correct=56725 right_rate=58.5017%
2025-12-22 00:50:43,224 | INFO | - Epoch 063, ExpID 40102 best_epoch=60 improved=0
2025-12-22 00:50:43,224 | INFO | Train - Loss (last batch): 0.00262
2025-12-22 00:50:43,224 | INFO | Val - Loss, MSE, MAE: 0.00306, 0.00306, 0.03490
2025-12-22 00:50:43,224 | INFO | Test - Best epoch, Loss, MSE, MAE: 60, 0.00289, 0.00289, 0.03333
2025-12-22 00:50:43,224 | INFO | Test - Points (EXACT): total_masked=96963 correct=56725 right_rate=58.5017%
2025-12-22 00:50:48,855 | INFO | - Epoch 064, ExpID 40102 best_epoch=60 improved=0
2025-12-22 00:50:48,855 | INFO | Train - Loss (last batch): 0.00241
2025-12-22 00:50:48,855 | INFO | Val - Loss, MSE, MAE: 0.00302, 0.00302, 0.03431
2025-12-22 00:50:48,855 | INFO | Test - Best epoch, Loss, MSE, MAE: 60, 0.00289, 0.00289, 0.03333
2025-12-22 00:50:48,855 | INFO | Test - Points (EXACT): total_masked=96963 correct=56725 right_rate=58.5017%
2025-12-22 00:50:55,173 | INFO | - Epoch 065, ExpID 40102 best_epoch=65 improved=1
2025-12-22 00:50:55,173 | INFO | Train - Loss (last batch): 0.00217
2025-12-22 00:50:55,174 | INFO | Val - Loss, MSE, MAE: 0.00296, 0.00296, 0.03348
2025-12-22 00:50:55,174 | INFO | Test - Best epoch, Loss, MSE, MAE: 65, 0.00289, 0.00289, 0.03331
2025-12-22 00:50:55,174 | INFO | Test - Points (EXACT): total_masked=96963 correct=56736 right_rate=58.5130%
2025-12-22 00:51:00,819 | INFO | - Epoch 066, ExpID 40102 best_epoch=65 improved=0
2025-12-22 00:51:00,819 | INFO | Train - Loss (last batch): 0.00243
2025-12-22 00:51:00,819 | INFO | Val - Loss, MSE, MAE: 0.00312, 0.00312, 0.03592
2025-12-22 00:51:00,819 | INFO | Test - Best epoch, Loss, MSE, MAE: 65, 0.00289, 0.00289, 0.03331
2025-12-22 00:51:00,819 | INFO | Test - Points (EXACT): total_masked=96963 correct=56736 right_rate=58.5130%
2025-12-22 00:51:06,475 | INFO | - Epoch 067, ExpID 40102 best_epoch=65 improved=0
2025-12-22 00:51:06,475 | INFO | Train - Loss (last batch): 0.00236
2025-12-22 00:51:06,475 | INFO | Val - Loss, MSE, MAE: 0.00311, 0.00311, 0.03572
2025-12-22 00:51:06,475 | INFO | Test - Best epoch, Loss, MSE, MAE: 65, 0.00289, 0.00289, 0.03331
2025-12-22 00:51:06,475 | INFO | Test - Points (EXACT): total_masked=96963 correct=56736 right_rate=58.5130%
2025-12-22 00:51:12,218 | INFO | - Epoch 068, ExpID 40102 best_epoch=65 improved=0
2025-12-22 00:51:12,219 | INFO | Train - Loss (last batch): 0.00318
2025-12-22 00:51:12,219 | INFO | Val - Loss, MSE, MAE: 0.00304, 0.00304, 0.03473
2025-12-22 00:51:12,219 | INFO | Test - Best epoch, Loss, MSE, MAE: 65, 0.00289, 0.00289, 0.03331
2025-12-22 00:51:12,219 | INFO | Test - Points (EXACT): total_masked=96963 correct=56736 right_rate=58.5130%
2025-12-22 00:51:17,847 | INFO | - Epoch 069, ExpID 40102 best_epoch=65 improved=0
2025-12-22 00:51:17,847 | INFO | Train - Loss (last batch): 0.00214
2025-12-22 00:51:17,847 | INFO | Val - Loss, MSE, MAE: 0.00301, 0.00301, 0.03423
2025-12-22 00:51:17,847 | INFO | Test - Best epoch, Loss, MSE, MAE: 65, 0.00289, 0.00289, 0.03331
2025-12-22 00:51:17,847 | INFO | Test - Points (EXACT): total_masked=96963 correct=56736 right_rate=58.5130%
2025-12-22 00:51:23,880 | INFO | - Epoch 070, ExpID 40102 best_epoch=65 improved=0
2025-12-22 00:51:23,881 | INFO | Train - Loss (last batch): 0.00265
2025-12-22 00:51:23,881 | INFO | Val - Loss, MSE, MAE: 0.00300, 0.00300, 0.03412
2025-12-22 00:51:23,881 | INFO | Test - Best epoch, Loss, MSE, MAE: 65, 0.00289, 0.00289, 0.03331
2025-12-22 00:51:23,881 | INFO | Test - Points (EXACT): total_masked=96963 correct=56736 right_rate=58.5130%
2025-12-22 00:51:29,578 | INFO | - Epoch 071, ExpID 40102 best_epoch=65 improved=0
2025-12-22 00:51:29,578 | INFO | Train - Loss (last batch): 0.00350
2025-12-22 00:51:29,578 | INFO | Val - Loss, MSE, MAE: 0.00300, 0.00300, 0.03416
2025-12-22 00:51:29,578 | INFO | Test - Best epoch, Loss, MSE, MAE: 65, 0.00289, 0.00289, 0.03331
2025-12-22 00:51:29,578 | INFO | Test - Points (EXACT): total_masked=96963 correct=56736 right_rate=58.5130%
2025-12-22 00:51:35,237 | INFO | - Epoch 072, ExpID 40102 best_epoch=65 improved=0
2025-12-22 00:51:35,238 | INFO | Train - Loss (last batch): 0.00269
2025-12-22 00:51:35,238 | INFO | Val - Loss, MSE, MAE: 0.00314, 0.00314, 0.03626
2025-12-22 00:51:35,238 | INFO | Test - Best epoch, Loss, MSE, MAE: 65, 0.00289, 0.00289, 0.03331
2025-12-22 00:51:35,238 | INFO | Test - Points (EXACT): total_masked=96963 correct=56736 right_rate=58.5130%
2025-12-22 00:51:40,896 | INFO | - Epoch 073, ExpID 40102 best_epoch=65 improved=0
2025-12-22 00:51:40,896 | INFO | Train - Loss (last batch): 0.00277
2025-12-22 00:51:40,896 | INFO | Val - Loss, MSE, MAE: 0.00300, 0.00300, 0.03420
2025-12-22 00:51:40,896 | INFO | Test - Best epoch, Loss, MSE, MAE: 65, 0.00289, 0.00289, 0.03331
2025-12-22 00:51:40,896 | INFO | Test - Points (EXACT): total_masked=96963 correct=56736 right_rate=58.5130%
2025-12-22 00:51:46,562 | INFO | - Epoch 074, ExpID 40102 best_epoch=65 improved=0
2025-12-22 00:51:46,562 | INFO | Train - Loss (last batch): 0.00254
2025-12-22 00:51:46,562 | INFO | Val - Loss, MSE, MAE: 0.00306, 0.00306, 0.03503
2025-12-22 00:51:46,562 | INFO | Test - Best epoch, Loss, MSE, MAE: 65, 0.00289, 0.00289, 0.03331
2025-12-22 00:51:46,562 | INFO | Test - Points (EXACT): total_masked=96963 correct=56736 right_rate=58.5130%
2025-12-22 00:51:52,219 | INFO | - Epoch 075, ExpID 40102 best_epoch=65 improved=0
2025-12-22 00:51:52,219 | INFO | Train - Loss (last batch): 0.00347
2025-12-22 00:51:52,220 | INFO | Val - Loss, MSE, MAE: 0.00306, 0.00306, 0.03508
2025-12-22 00:51:52,220 | INFO | Test - Best epoch, Loss, MSE, MAE: 65, 0.00289, 0.00289, 0.03331
2025-12-22 00:51:52,220 | INFO | Test - Points (EXACT): total_masked=96963 correct=56736 right_rate=58.5130%
2025-12-22 00:51:58,684 | INFO | - Epoch 076, ExpID 40102 best_epoch=65 improved=0
2025-12-22 00:51:58,685 | INFO | Train - Loss (last batch): 0.00327
2025-12-22 00:51:58,685 | INFO | Val - Loss, MSE, MAE: 0.00305, 0.00305, 0.03496
2025-12-22 00:51:58,685 | INFO | Test - Best epoch, Loss, MSE, MAE: 65, 0.00289, 0.00289, 0.03331
2025-12-22 00:51:58,685 | INFO | Test - Points (EXACT): total_masked=96963 correct=56736 right_rate=58.5130%
2025-12-22 00:52:04,310 | INFO | - Epoch 077, ExpID 40102 best_epoch=65 improved=0
2025-12-22 00:52:04,311 | INFO | Train - Loss (last batch): 0.00179
2025-12-22 00:52:04,311 | INFO | Val - Loss, MSE, MAE: 0.00304, 0.00304, 0.03485
2025-12-22 00:52:04,311 | INFO | Test - Best epoch, Loss, MSE, MAE: 65, 0.00289, 0.00289, 0.03331
2025-12-22 00:52:04,311 | INFO | Test - Points (EXACT): total_masked=96963 correct=56736 right_rate=58.5130%
2025-12-22 00:52:09,958 | INFO | - Epoch 078, ExpID 40102 best_epoch=65 improved=0
2025-12-22 00:52:09,958 | INFO | Train - Loss (last batch): 0.00238
2025-12-22 00:52:09,958 | INFO | Val - Loss, MSE, MAE: 0.00308, 0.00308, 0.03534
2025-12-22 00:52:09,958 | INFO | Test - Best epoch, Loss, MSE, MAE: 65, 0.00289, 0.00289, 0.03331
2025-12-22 00:52:09,958 | INFO | Test - Points (EXACT): total_masked=96963 correct=56736 right_rate=58.5130%
2025-12-22 00:52:15,608 | INFO | - Epoch 079, ExpID 40102 best_epoch=65 improved=0
2025-12-22 00:52:15,609 | INFO | Train - Loss (last batch): 0.00366
2025-12-22 00:52:15,609 | INFO | Val - Loss, MSE, MAE: 0.00301, 0.00301, 0.03436
2025-12-22 00:52:15,609 | INFO | Test - Best epoch, Loss, MSE, MAE: 65, 0.00289, 0.00289, 0.03331
2025-12-22 00:52:15,609 | INFO | Test - Points (EXACT): total_masked=96963 correct=56736 right_rate=58.5130%
2025-12-22 00:52:21,241 | INFO | - Epoch 080, ExpID 40102 best_epoch=65 improved=0
2025-12-22 00:52:21,241 | INFO | Train - Loss (last batch): 0.00393
2025-12-22 00:52:21,241 | INFO | Val - Loss, MSE, MAE: 0.00298, 0.00298, 0.03389
2025-12-22 00:52:21,241 | INFO | Test - Best epoch, Loss, MSE, MAE: 65, 0.00289, 0.00289, 0.03331
2025-12-22 00:52:21,241 | INFO | Test - Points (EXACT): total_masked=96963 correct=56736 right_rate=58.5130%
2025-12-22 00:52:26,891 | INFO | - Epoch 081, ExpID 40102 best_epoch=65 improved=0
2025-12-22 00:52:26,891 | INFO | Train - Loss (last batch): 0.00201
2025-12-22 00:52:26,891 | INFO | Val - Loss, MSE, MAE: 0.00305, 0.00305, 0.03494
2025-12-22 00:52:26,891 | INFO | Test - Best epoch, Loss, MSE, MAE: 65, 0.00289, 0.00289, 0.03331
2025-12-22 00:52:26,891 | INFO | Test - Points (EXACT): total_masked=96963 correct=56736 right_rate=58.5130%
2025-12-22 00:52:32,511 | INFO | - Epoch 082, ExpID 40102 best_epoch=65 improved=0
2025-12-22 00:52:32,511 | INFO | Train - Loss (last batch): 0.00237
2025-12-22 00:52:32,511 | INFO | Val - Loss, MSE, MAE: 0.00305, 0.00305, 0.03495
2025-12-22 00:52:32,511 | INFO | Test - Best epoch, Loss, MSE, MAE: 65, 0.00289, 0.00289, 0.03331
2025-12-22 00:52:32,511 | INFO | Test - Points (EXACT): total_masked=96963 correct=56736 right_rate=58.5130%
2025-12-22 00:52:38,935 | INFO | - Epoch 083, ExpID 40102 best_epoch=65 improved=0
2025-12-22 00:52:38,935 | INFO | Train - Loss (last batch): 0.00230
2025-12-22 00:52:38,935 | INFO | Val - Loss, MSE, MAE: 0.00312, 0.00312, 0.03592
2025-12-22 00:52:38,935 | INFO | Test - Best epoch, Loss, MSE, MAE: 65, 0.00289, 0.00289, 0.03331
2025-12-22 00:52:38,935 | INFO | Test - Points (EXACT): total_masked=96963 correct=56736 right_rate=58.5130%
2025-12-22 00:52:45,200 | INFO | - Epoch 084, ExpID 40102 best_epoch=65 improved=0
2025-12-22 00:52:45,200 | INFO | Train - Loss (last batch): 0.00206
2025-12-22 00:52:45,200 | INFO | Val - Loss, MSE, MAE: 0.00303, 0.00303, 0.03475
2025-12-22 00:52:45,200 | INFO | Test - Best epoch, Loss, MSE, MAE: 65, 0.00289, 0.00289, 0.03331
2025-12-22 00:52:45,200 | INFO | Test - Points (EXACT): total_masked=96963 correct=56736 right_rate=58.5130%
2025-12-22 00:52:50,830 | INFO | - Epoch 085, ExpID 40102 best_epoch=65 improved=0
2025-12-22 00:52:50,830 | INFO | Train - Loss (last batch): 0.00296
2025-12-22 00:52:50,830 | INFO | Val - Loss, MSE, MAE: 0.00310, 0.00310, 0.03555
2025-12-22 00:52:50,830 | INFO | Test - Best epoch, Loss, MSE, MAE: 65, 0.00289, 0.00289, 0.03331
2025-12-22 00:52:50,830 | INFO | Test - Points (EXACT): total_masked=96963 correct=56736 right_rate=58.5130%
2025-12-22 00:52:56,486 | INFO | - Epoch 086, ExpID 40102 best_epoch=65 improved=0
2025-12-22 00:52:56,486 | INFO | Train - Loss (last batch): 0.00254
2025-12-22 00:52:56,486 | INFO | Val - Loss, MSE, MAE: 0.00304, 0.00304, 0.03482
2025-12-22 00:52:56,486 | INFO | Test - Best epoch, Loss, MSE, MAE: 65, 0.00289, 0.00289, 0.03331
2025-12-22 00:52:56,486 | INFO | Test - Points (EXACT): total_masked=96963 correct=56736 right_rate=58.5130%
2025-12-22 00:53:02,122 | INFO | - Epoch 087, ExpID 40102 best_epoch=65 improved=0
2025-12-22 00:53:02,122 | INFO | Train - Loss (last batch): 0.00300
2025-12-22 00:53:02,122 | INFO | Val - Loss, MSE, MAE: 0.00310, 0.00310, 0.03563
2025-12-22 00:53:02,122 | INFO | Test - Best epoch, Loss, MSE, MAE: 65, 0.00289, 0.00289, 0.03331
2025-12-22 00:53:02,122 | INFO | Test - Points (EXACT): total_masked=96963 correct=56736 right_rate=58.5130%
2025-12-22 00:53:07,745 | INFO | - Epoch 088, ExpID 40102 best_epoch=65 improved=0
2025-12-22 00:53:07,745 | INFO | Train - Loss (last batch): 0.00176
2025-12-22 00:53:07,745 | INFO | Val - Loss, MSE, MAE: 0.00306, 0.00306, 0.03502
2025-12-22 00:53:07,745 | INFO | Test - Best epoch, Loss, MSE, MAE: 65, 0.00289, 0.00289, 0.03331
2025-12-22 00:53:07,745 | INFO | Test - Points (EXACT): total_masked=96963 correct=56736 right_rate=58.5130%
2025-12-22 00:53:13,383 | INFO | - Epoch 089, ExpID 40102 best_epoch=65 improved=0
2025-12-22 00:53:13,383 | INFO | Train - Loss (last batch): 0.00347
2025-12-22 00:53:13,383 | INFO | Val - Loss, MSE, MAE: 0.00302, 0.00302, 0.03454
2025-12-22 00:53:13,383 | INFO | Test - Best epoch, Loss, MSE, MAE: 65, 0.00289, 0.00289, 0.03331
2025-12-22 00:53:13,383 | INFO | Test - Points (EXACT): total_masked=96963 correct=56736 right_rate=58.5130%
2025-12-22 00:53:19,547 | INFO | - Epoch 090, ExpID 40102 best_epoch=65 improved=0
2025-12-22 00:53:19,547 | INFO | Train - Loss (last batch): 0.00337
2025-12-22 00:53:19,547 | INFO | Val - Loss, MSE, MAE: 0.00299, 0.00299, 0.03403
2025-12-22 00:53:19,547 | INFO | Test - Best epoch, Loss, MSE, MAE: 65, 0.00289, 0.00289, 0.03331
2025-12-22 00:53:19,547 | INFO | Test - Points (EXACT): total_masked=96963 correct=56736 right_rate=58.5130%
2025-12-22 00:53:24,947 | INFO | - Epoch 091, ExpID 40102 best_epoch=65 improved=0
2025-12-22 00:53:24,947 | INFO | Train - Loss (last batch): 0.00210
2025-12-22 00:53:24,947 | INFO | Val - Loss, MSE, MAE: 0.00302, 0.00302, 0.03444
2025-12-22 00:53:24,947 | INFO | Test - Best epoch, Loss, MSE, MAE: 65, 0.00289, 0.00289, 0.03331
2025-12-22 00:53:24,947 | INFO | Test - Points (EXACT): total_masked=96963 correct=56736 right_rate=58.5130%
2025-12-22 00:53:29,881 | INFO | - Epoch 092, ExpID 40102 best_epoch=65 improved=0
2025-12-22 00:53:29,882 | INFO | Train - Loss (last batch): 0.00261
2025-12-22 00:53:29,882 | INFO | Val - Loss, MSE, MAE: 0.00304, 0.00304, 0.03485
2025-12-22 00:53:29,882 | INFO | Test - Best epoch, Loss, MSE, MAE: 65, 0.00289, 0.00289, 0.03331
2025-12-22 00:53:29,882 | INFO | Test - Points (EXACT): total_masked=96963 correct=56736 right_rate=58.5130%
2025-12-22 00:53:34,846 | INFO | - Epoch 093, ExpID 40102 best_epoch=65 improved=0
2025-12-22 00:53:34,847 | INFO | Train - Loss (last batch): 0.00307
2025-12-22 00:53:34,847 | INFO | Val - Loss, MSE, MAE: 0.00303, 0.00303, 0.03457
2025-12-22 00:53:34,847 | INFO | Test - Best epoch, Loss, MSE, MAE: 65, 0.00289, 0.00289, 0.03331
2025-12-22 00:53:34,847 | INFO | Test - Points (EXACT): total_masked=96963 correct=56736 right_rate=58.5130%
2025-12-22 00:53:39,785 | INFO | - Epoch 094, ExpID 40102 best_epoch=65 improved=0
2025-12-22 00:53:39,785 | INFO | Train - Loss (last batch): 0.00191
2025-12-22 00:53:39,785 | INFO | Val - Loss, MSE, MAE: 0.00307, 0.00307, 0.03517
2025-12-22 00:53:39,785 | INFO | Test - Best epoch, Loss, MSE, MAE: 65, 0.00289, 0.00289, 0.03331
2025-12-22 00:53:39,785 | INFO | Test - Points (EXACT): total_masked=96963 correct=56736 right_rate=58.5130%
2025-12-22 00:53:44,725 | INFO | - Epoch 095, ExpID 40102 best_epoch=65 improved=0
2025-12-22 00:53:44,725 | INFO | Train - Loss (last batch): 0.00143
2025-12-22 00:53:44,725 | INFO | Val - Loss, MSE, MAE: 0.00308, 0.00308, 0.03531
2025-12-22 00:53:44,725 | INFO | Test - Best epoch, Loss, MSE, MAE: 65, 0.00289, 0.00289, 0.03331
2025-12-22 00:53:44,725 | INFO | Test - Points (EXACT): total_masked=96963 correct=56736 right_rate=58.5130%
2025-12-22 00:53:49,662 | INFO | - Epoch 096, ExpID 40102 best_epoch=65 improved=0
2025-12-22 00:53:49,662 | INFO | Train - Loss (last batch): 0.00219
2025-12-22 00:53:49,662 | INFO | Val - Loss, MSE, MAE: 0.00307, 0.00307, 0.03519
2025-12-22 00:53:49,662 | INFO | Test - Best epoch, Loss, MSE, MAE: 65, 0.00289, 0.00289, 0.03331
2025-12-22 00:53:49,662 | INFO | Test - Points (EXACT): total_masked=96963 correct=56736 right_rate=58.5130%
2025-12-22 00:53:54,609 | INFO | - Epoch 097, ExpID 40102 best_epoch=65 improved=0
2025-12-22 00:53:54,609 | INFO | Train - Loss (last batch): 0.00232
2025-12-22 00:53:54,609 | INFO | Val - Loss, MSE, MAE: 0.00305, 0.00305, 0.03493
2025-12-22 00:53:54,609 | INFO | Test - Best epoch, Loss, MSE, MAE: 65, 0.00289, 0.00289, 0.03331
2025-12-22 00:53:54,609 | INFO | Test - Points (EXACT): total_masked=96963 correct=56736 right_rate=58.5130%
2025-12-22 00:53:59,534 | INFO | - Epoch 098, ExpID 40102 best_epoch=65 improved=0
2025-12-22 00:53:59,534 | INFO | Train - Loss (last batch): 0.00196
2025-12-22 00:53:59,535 | INFO | Val - Loss, MSE, MAE: 0.00306, 0.00306, 0.03509
2025-12-22 00:53:59,535 | INFO | Test - Best epoch, Loss, MSE, MAE: 65, 0.00289, 0.00289, 0.03331
2025-12-22 00:53:59,535 | INFO | Test - Points (EXACT): total_masked=96963 correct=56736 right_rate=58.5130%
2025-12-22 00:54:04,477 | INFO | - Epoch 099, ExpID 40102 best_epoch=65 improved=0
2025-12-22 00:54:04,477 | INFO | Train - Loss (last batch): 0.00262
2025-12-22 00:54:04,477 | INFO | Val - Loss, MSE, MAE: 0.00304, 0.00304, 0.03479
2025-12-22 00:54:04,477 | INFO | Test - Best epoch, Loss, MSE, MAE: 65, 0.00289, 0.00289, 0.03331
2025-12-22 00:54:04,477 | INFO | Test - Points (EXACT): total_masked=96963 correct=56736 right_rate=58.5130%
2025-12-22 00:54:09,625 | INFO | - Epoch 100, ExpID 40102 best_epoch=65 improved=0
2025-12-22 00:54:09,625 | INFO | Train - Loss (last batch): 0.00283
2025-12-22 00:54:09,625 | INFO | Val - Loss, MSE, MAE: 0.00304, 0.00304, 0.03474
2025-12-22 00:54:09,625 | INFO | Test - Best epoch, Loss, MSE, MAE: 65, 0.00289, 0.00289, 0.03331
2025-12-22 00:54:09,625 | INFO | Test - Points (EXACT): total_masked=96963 correct=56736 right_rate=58.5130%
2025-12-22 00:54:14,580 | INFO | - Epoch 101, ExpID 40102 best_epoch=65 improved=0
2025-12-22 00:54:14,580 | INFO | Train - Loss (last batch): 0.00214
2025-12-22 00:54:14,580 | INFO | Val - Loss, MSE, MAE: 0.00308, 0.00308, 0.03537
2025-12-22 00:54:14,580 | INFO | Test - Best epoch, Loss, MSE, MAE: 65, 0.00289, 0.00289, 0.03331
2025-12-22 00:54:14,580 | INFO | Test - Points (EXACT): total_masked=96963 correct=56736 right_rate=58.5130%
2025-12-22 00:54:19,528 | INFO | - Epoch 102, ExpID 40102 best_epoch=65 improved=0
2025-12-22 00:54:19,528 | INFO | Train - Loss (last batch): 0.00309
2025-12-22 00:54:19,528 | INFO | Val - Loss, MSE, MAE: 0.00312, 0.00312, 0.03589
2025-12-22 00:54:19,528 | INFO | Test - Best epoch, Loss, MSE, MAE: 65, 0.00289, 0.00289, 0.03331
2025-12-22 00:54:19,528 | INFO | Test - Points (EXACT): total_masked=96963 correct=56736 right_rate=58.5130%
2025-12-22 00:54:25,651 | INFO | - Epoch 103, ExpID 40102 best_epoch=65 improved=0
2025-12-22 00:54:25,651 | INFO | Train - Loss (last batch): 0.00273
2025-12-22 00:54:25,651 | INFO | Val - Loss, MSE, MAE: 0.00306, 0.00306, 0.03513
2025-12-22 00:54:25,651 | INFO | Test - Best epoch, Loss, MSE, MAE: 65, 0.00289, 0.00289, 0.03331
2025-12-22 00:54:25,651 | INFO | Test - Points (EXACT): total_masked=96963 correct=56736 right_rate=58.5130%
2025-12-22 00:54:30,607 | INFO | - Epoch 104, ExpID 40102 best_epoch=65 improved=0
2025-12-22 00:54:30,607 | INFO | Train - Loss (last batch): 0.00339
2025-12-22 00:54:30,607 | INFO | Val - Loss, MSE, MAE: 0.00304, 0.00304, 0.03479
2025-12-22 00:54:30,607 | INFO | Test - Best epoch, Loss, MSE, MAE: 65, 0.00289, 0.00289, 0.03331
2025-12-22 00:54:30,607 | INFO | Test - Points (EXACT): total_masked=96963 correct=56736 right_rate=58.5130%
2025-12-22 00:54:35,567 | INFO | - Epoch 105, ExpID 40102 best_epoch=65 improved=0
2025-12-22 00:54:35,567 | INFO | Train - Loss (last batch): 0.00283
2025-12-22 00:54:35,568 | INFO | Val - Loss, MSE, MAE: 0.00307, 0.00307, 0.03521
2025-12-22 00:54:35,568 | INFO | Test - Best epoch, Loss, MSE, MAE: 65, 0.00289, 0.00289, 0.03331
2025-12-22 00:54:35,568 | INFO | Test - Points (EXACT): total_masked=96963 correct=56736 right_rate=58.5130%
