2025-12-22 01:33:15,506 | INFO | - Epoch 000, ExpID 31735 best_epoch=0 improved=1
2025-12-22 01:33:15,506 | INFO | Train - Loss (last batch): 0.02216
2025-12-22 01:33:15,506 | INFO | Val - Loss, MSE, MAE: 0.02225, 0.02225, 0.11992
2025-12-22 01:33:15,506 | INFO | Test - Best epoch, Loss, MSE, MAE: 0, 0.02147, 0.02147, 0.11745
2025-12-22 01:33:15,507 | INFO | Test - Points (EXACT): total_masked=96963 correct=12877 right_rate=13.2803%
2025-12-22 01:33:20,112 | INFO | - Epoch 001, ExpID 31735 best_epoch=1 improved=1
2025-12-22 01:33:20,112 | INFO | Train - Loss (last batch): 0.01439
2025-12-22 01:33:20,112 | INFO | Val - Loss, MSE, MAE: 0.01598, 0.01598, 0.09875
2025-12-22 01:33:20,112 | INFO | Test - Best epoch, Loss, MSE, MAE: 1, 0.01538, 0.01538, 0.09759
2025-12-22 01:33:20,112 | INFO | Test - Points (EXACT): total_masked=96963 correct=16894 right_rate=17.4231%
2025-12-22 01:33:24,716 | INFO | - Epoch 002, ExpID 31735 best_epoch=2 improved=1
2025-12-22 01:33:24,716 | INFO | Train - Loss (last batch): 0.01556
2025-12-22 01:33:24,716 | INFO | Val - Loss, MSE, MAE: 0.01511, 0.01511, 0.09525
2025-12-22 01:33:24,716 | INFO | Test - Best epoch, Loss, MSE, MAE: 2, 0.01445, 0.01445, 0.09364
2025-12-22 01:33:24,716 | INFO | Test - Points (EXACT): total_masked=96963 correct=18800 right_rate=19.3888%
2025-12-22 01:33:29,323 | INFO | - Epoch 003, ExpID 31735 best_epoch=3 improved=1
2025-12-22 01:33:29,323 | INFO | Train - Loss (last batch): 0.01151
2025-12-22 01:33:29,323 | INFO | Val - Loss, MSE, MAE: 0.01379, 0.01379, 0.09194
2025-12-22 01:33:29,323 | INFO | Test - Best epoch, Loss, MSE, MAE: 3, 0.01299, 0.01299, 0.08934
2025-12-22 01:33:29,323 | INFO | Test - Points (EXACT): total_masked=96963 correct=20060 right_rate=20.6883%
2025-12-22 01:33:33,946 | INFO | - Epoch 004, ExpID 31735 best_epoch=4 improved=1
2025-12-22 01:33:33,946 | INFO | Train - Loss (last batch): 0.00515
2025-12-22 01:33:33,946 | INFO | Val - Loss, MSE, MAE: 0.00455, 0.00455, 0.04555
2025-12-22 01:33:33,946 | INFO | Test - Best epoch, Loss, MSE, MAE: 4, 0.00438, 0.00438, 0.04452
2025-12-22 01:33:33,946 | INFO | Test - Points (EXACT): total_masked=96963 correct=43350 right_rate=44.7078%
2025-12-22 01:33:38,558 | INFO | - Epoch 005, ExpID 31735 best_epoch=5 improved=1
2025-12-22 01:33:38,558 | INFO | Train - Loss (last batch): 0.00465
2025-12-22 01:33:38,558 | INFO | Val - Loss, MSE, MAE: 0.00416, 0.00416, 0.04314
2025-12-22 01:33:38,558 | INFO | Test - Best epoch, Loss, MSE, MAE: 5, 0.00399, 0.00399, 0.04187
2025-12-22 01:33:38,558 | INFO | Test - Points (EXACT): total_masked=96963 correct=46023 right_rate=47.4645%
2025-12-22 01:33:43,704 | INFO | - Epoch 006, ExpID 31735 best_epoch=6 improved=1
2025-12-22 01:33:43,705 | INFO | Train - Loss (last batch): 0.00406
2025-12-22 01:33:43,705 | INFO | Val - Loss, MSE, MAE: 0.00362, 0.00362, 0.03858
2025-12-22 01:33:43,705 | INFO | Test - Best epoch, Loss, MSE, MAE: 6, 0.00347, 0.00347, 0.03748
2025-12-22 01:33:43,705 | INFO | Test - Points (EXACT): total_masked=96963 correct=51079 right_rate=52.6789%
2025-12-22 01:33:48,804 | INFO | - Epoch 007, ExpID 31735 best_epoch=7 improved=1
2025-12-22 01:33:48,804 | INFO | Train - Loss (last batch): 0.00355
2025-12-22 01:33:48,804 | INFO | Val - Loss, MSE, MAE: 0.00361, 0.00361, 0.03865
2025-12-22 01:33:48,804 | INFO | Test - Best epoch, Loss, MSE, MAE: 7, 0.00345, 0.00345, 0.03755
2025-12-22 01:33:48,804 | INFO | Test - Points (EXACT): total_masked=96963 correct=51853 right_rate=53.4771%
2025-12-22 01:33:53,889 | INFO | - Epoch 008, ExpID 31735 best_epoch=8 improved=1
2025-12-22 01:33:53,889 | INFO | Train - Loss (last batch): 0.00324
2025-12-22 01:33:53,889 | INFO | Val - Loss, MSE, MAE: 0.00337, 0.00337, 0.03624
2025-12-22 01:33:53,889 | INFO | Test - Best epoch, Loss, MSE, MAE: 8, 0.00323, 0.00323, 0.03537
2025-12-22 01:33:53,889 | INFO | Test - Points (EXACT): total_masked=96963 correct=54308 right_rate=56.0090%
2025-12-22 01:33:58,971 | INFO | - Epoch 009, ExpID 31735 best_epoch=9 improved=1
2025-12-22 01:33:58,972 | INFO | Train - Loss (last batch): 0.00342
2025-12-22 01:33:58,972 | INFO | Val - Loss, MSE, MAE: 0.00333, 0.00333, 0.03575
2025-12-22 01:33:58,972 | INFO | Test - Best epoch, Loss, MSE, MAE: 9, 0.00319, 0.00319, 0.03493
2025-12-22 01:33:58,972 | INFO | Test - Points (EXACT): total_masked=96963 correct=55025 right_rate=56.7485%
2025-12-22 01:34:04,447 | INFO | - Epoch 010, ExpID 31735 best_epoch=10 improved=1
2025-12-22 01:34:04,447 | INFO | Train - Loss (last batch): 0.00341
2025-12-22 01:34:04,447 | INFO | Val - Loss, MSE, MAE: 0.00330, 0.00330, 0.03577
2025-12-22 01:34:04,447 | INFO | Test - Best epoch, Loss, MSE, MAE: 10, 0.00317, 0.00317, 0.03509
2025-12-22 01:34:04,447 | INFO | Test - Points (EXACT): total_masked=96963 correct=54703 right_rate=56.4164%
2025-12-22 01:34:09,601 | INFO | - Epoch 011, ExpID 31735 best_epoch=11 improved=1
2025-12-22 01:34:09,601 | INFO | Train - Loss (last batch): 0.00345
2025-12-22 01:34:09,601 | INFO | Val - Loss, MSE, MAE: 0.00329, 0.00329, 0.03553
2025-12-22 01:34:09,601 | INFO | Test - Best epoch, Loss, MSE, MAE: 11, 0.00315, 0.00315, 0.03479
2025-12-22 01:34:09,601 | INFO | Test - Points (EXACT): total_masked=96963 correct=54958 right_rate=56.6794%
2025-12-22 01:34:14,225 | INFO | - Epoch 012, ExpID 31735 best_epoch=11 improved=0
2025-12-22 01:34:14,225 | INFO | Train - Loss (last batch): 0.00327
2025-12-22 01:34:14,226 | INFO | Val - Loss, MSE, MAE: 0.00336, 0.00336, 0.03679
2025-12-22 01:34:14,226 | INFO | Test - Best epoch, Loss, MSE, MAE: 11, 0.00315, 0.00315, 0.03479
2025-12-22 01:34:14,226 | INFO | Test - Points (EXACT): total_masked=96963 correct=54958 right_rate=56.6794%
2025-12-22 01:34:18,725 | INFO | - Epoch 013, ExpID 31735 best_epoch=11 improved=0
2025-12-22 01:34:18,725 | INFO | Train - Loss (last batch): 0.00264
2025-12-22 01:34:18,725 | INFO | Val - Loss, MSE, MAE: 0.00335, 0.00335, 0.03686
2025-12-22 01:34:18,725 | INFO | Test - Best epoch, Loss, MSE, MAE: 11, 0.00315, 0.00315, 0.03479
2025-12-22 01:34:18,725 | INFO | Test - Points (EXACT): total_masked=96963 correct=54958 right_rate=56.6794%
2025-12-22 01:34:23,609 | INFO | - Epoch 014, ExpID 31735 best_epoch=14 improved=1
2025-12-22 01:34:23,609 | INFO | Train - Loss (last batch): 0.00267
2025-12-22 01:34:23,609 | INFO | Val - Loss, MSE, MAE: 0.00322, 0.00322, 0.03470
2025-12-22 01:34:23,609 | INFO | Test - Best epoch, Loss, MSE, MAE: 14, 0.00309, 0.00309, 0.03417
2025-12-22 01:34:23,609 | INFO | Test - Points (EXACT): total_masked=96963 correct=56084 right_rate=57.8406%
2025-12-22 01:34:28,368 | INFO | - Epoch 015, ExpID 31735 best_epoch=15 improved=1
2025-12-22 01:34:28,368 | INFO | Train - Loss (last batch): 0.00386
2025-12-22 01:34:28,368 | INFO | Val - Loss, MSE, MAE: 0.00319, 0.00319, 0.03446
2025-12-22 01:34:28,368 | INFO | Test - Best epoch, Loss, MSE, MAE: 15, 0.00307, 0.00307, 0.03392
2025-12-22 01:34:28,368 | INFO | Test - Points (EXACT): total_masked=96963 correct=56258 right_rate=58.0201%
2025-12-22 01:34:33,300 | INFO | - Epoch 016, ExpID 31735 best_epoch=16 improved=1
2025-12-22 01:34:33,300 | INFO | Train - Loss (last batch): 0.00249
2025-12-22 01:34:33,300 | INFO | Val - Loss, MSE, MAE: 0.00317, 0.00317, 0.03438
2025-12-22 01:34:33,300 | INFO | Test - Best epoch, Loss, MSE, MAE: 16, 0.00305, 0.00305, 0.03387
2025-12-22 01:34:33,300 | INFO | Test - Points (EXACT): total_masked=96963 correct=56368 right_rate=58.1335%
2025-12-22 01:34:38,407 | INFO | - Epoch 017, ExpID 31735 best_epoch=17 improved=1
2025-12-22 01:34:38,407 | INFO | Train - Loss (last batch): 0.00229
2025-12-22 01:34:38,407 | INFO | Val - Loss, MSE, MAE: 0.00315, 0.00315, 0.03426
2025-12-22 01:34:38,407 | INFO | Test - Best epoch, Loss, MSE, MAE: 17, 0.00303, 0.00303, 0.03374
2025-12-22 01:34:38,407 | INFO | Test - Points (EXACT): total_masked=96963 correct=56471 right_rate=58.2397%
2025-12-22 01:34:43,513 | INFO | - Epoch 018, ExpID 31735 best_epoch=18 improved=1
2025-12-22 01:34:43,513 | INFO | Train - Loss (last batch): 0.00228
2025-12-22 01:34:43,513 | INFO | Val - Loss, MSE, MAE: 0.00312, 0.00312, 0.03391
2025-12-22 01:34:43,513 | INFO | Test - Best epoch, Loss, MSE, MAE: 18, 0.00300, 0.00300, 0.03341
2025-12-22 01:34:43,513 | INFO | Test - Points (EXACT): total_masked=96963 correct=56805 right_rate=58.5842%
2025-12-22 01:34:48,044 | INFO | - Epoch 019, ExpID 31735 best_epoch=18 improved=0
2025-12-22 01:34:48,044 | INFO | Train - Loss (last batch): 0.00341
2025-12-22 01:34:48,044 | INFO | Val - Loss, MSE, MAE: 0.00313, 0.00313, 0.03388
2025-12-22 01:34:48,044 | INFO | Test - Best epoch, Loss, MSE, MAE: 18, 0.00300, 0.00300, 0.03341
2025-12-22 01:34:48,044 | INFO | Test - Points (EXACT): total_masked=96963 correct=56805 right_rate=58.5842%
2025-12-22 01:34:52,561 | INFO | - Epoch 020, ExpID 31735 best_epoch=18 improved=0
2025-12-22 01:34:52,561 | INFO | Train - Loss (last batch): 0.00343
2025-12-22 01:34:52,561 | INFO | Val - Loss, MSE, MAE: 0.00313, 0.00313, 0.03390
2025-12-22 01:34:52,561 | INFO | Test - Best epoch, Loss, MSE, MAE: 18, 0.00300, 0.00300, 0.03341
2025-12-22 01:34:52,561 | INFO | Test - Points (EXACT): total_masked=96963 correct=56805 right_rate=58.5842%
2025-12-22 01:34:57,652 | INFO | - Epoch 021, ExpID 31735 best_epoch=21 improved=1
2025-12-22 01:34:57,652 | INFO | Train - Loss (last batch): 0.00255
2025-12-22 01:34:57,652 | INFO | Val - Loss, MSE, MAE: 0.00309, 0.00309, 0.03358
2025-12-22 01:34:57,652 | INFO | Test - Best epoch, Loss, MSE, MAE: 21, 0.00297, 0.00297, 0.03315
2025-12-22 01:34:57,652 | INFO | Test - Points (EXACT): total_masked=96963 correct=57254 right_rate=59.0473%
2025-12-22 01:35:02,185 | INFO | - Epoch 022, ExpID 31735 best_epoch=21 improved=0
2025-12-22 01:35:02,186 | INFO | Train - Loss (last batch): 0.00310
2025-12-22 01:35:02,186 | INFO | Val - Loss, MSE, MAE: 0.00310, 0.00310, 0.03374
2025-12-22 01:35:02,186 | INFO | Test - Best epoch, Loss, MSE, MAE: 21, 0.00297, 0.00297, 0.03315
2025-12-22 01:35:02,186 | INFO | Test - Points (EXACT): total_masked=96963 correct=57254 right_rate=59.0473%
2025-12-22 01:35:07,269 | INFO | - Epoch 023, ExpID 31735 best_epoch=23 improved=1
2025-12-22 01:35:07,269 | INFO | Train - Loss (last batch): 0.00239
2025-12-22 01:35:07,270 | INFO | Val - Loss, MSE, MAE: 0.00309, 0.00309, 0.03363
2025-12-22 01:35:07,270 | INFO | Test - Best epoch, Loss, MSE, MAE: 23, 0.00297, 0.00297, 0.03319
2025-12-22 01:35:07,270 | INFO | Test - Points (EXACT): total_masked=96963 correct=57105 right_rate=58.8936%
2025-12-22 01:35:12,401 | INFO | - Epoch 024, ExpID 31735 best_epoch=24 improved=1
2025-12-22 01:35:12,401 | INFO | Train - Loss (last batch): 0.00346
2025-12-22 01:35:12,401 | INFO | Val - Loss, MSE, MAE: 0.00306, 0.00306, 0.03325
2025-12-22 01:35:12,401 | INFO | Test - Best epoch, Loss, MSE, MAE: 24, 0.00294, 0.00294, 0.03283
2025-12-22 01:35:12,401 | INFO | Test - Points (EXACT): total_masked=96963 correct=57335 right_rate=59.1308%
2025-12-22 01:35:16,990 | INFO | - Epoch 025, ExpID 31735 best_epoch=24 improved=0
2025-12-22 01:35:16,990 | INFO | Train - Loss (last batch): 0.00269
2025-12-22 01:35:16,990 | INFO | Val - Loss, MSE, MAE: 0.00307, 0.00307, 0.03332
2025-12-22 01:35:16,991 | INFO | Test - Best epoch, Loss, MSE, MAE: 24, 0.00294, 0.00294, 0.03283
2025-12-22 01:35:16,991 | INFO | Test - Points (EXACT): total_masked=96963 correct=57335 right_rate=59.1308%
2025-12-22 01:35:21,524 | INFO | - Epoch 026, ExpID 31735 best_epoch=24 improved=0
2025-12-22 01:35:21,524 | INFO | Train - Loss (last batch): 0.00275
2025-12-22 01:35:21,524 | INFO | Val - Loss, MSE, MAE: 0.00309, 0.00309, 0.03398
2025-12-22 01:35:21,524 | INFO | Test - Best epoch, Loss, MSE, MAE: 24, 0.00294, 0.00294, 0.03283
2025-12-22 01:35:21,524 | INFO | Test - Points (EXACT): total_masked=96963 correct=57335 right_rate=59.1308%
2025-12-22 01:35:26,611 | INFO | - Epoch 027, ExpID 31735 best_epoch=27 improved=1
2025-12-22 01:35:26,611 | INFO | Train - Loss (last batch): 0.00282
2025-12-22 01:35:26,611 | INFO | Val - Loss, MSE, MAE: 0.00306, 0.00306, 0.03345
2025-12-22 01:35:26,611 | INFO | Test - Best epoch, Loss, MSE, MAE: 27, 0.00294, 0.00294, 0.03299
2025-12-22 01:35:26,611 | INFO | Test - Points (EXACT): total_masked=96963 correct=57053 right_rate=58.8400%
2025-12-22 01:35:31,720 | INFO | - Epoch 028, ExpID 31735 best_epoch=28 improved=1
2025-12-22 01:35:31,720 | INFO | Train - Loss (last batch): 0.00276
2025-12-22 01:35:31,720 | INFO | Val - Loss, MSE, MAE: 0.00305, 0.00305, 0.03315
2025-12-22 01:35:31,720 | INFO | Test - Best epoch, Loss, MSE, MAE: 28, 0.00293, 0.00293, 0.03269
2025-12-22 01:35:31,720 | INFO | Test - Points (EXACT): total_masked=96963 correct=57425 right_rate=59.2236%
2025-12-22 01:35:36,807 | INFO | - Epoch 029, ExpID 31735 best_epoch=29 improved=1
2025-12-22 01:35:36,807 | INFO | Train - Loss (last batch): 0.00251
2025-12-22 01:35:36,807 | INFO | Val - Loss, MSE, MAE: 0.00304, 0.00304, 0.03296
2025-12-22 01:35:36,807 | INFO | Test - Best epoch, Loss, MSE, MAE: 29, 0.00292, 0.00292, 0.03252
2025-12-22 01:35:36,807 | INFO | Test - Points (EXACT): total_masked=96963 correct=57661 right_rate=59.4670%
2025-12-22 01:35:41,789 | INFO | - Epoch 030, ExpID 31735 best_epoch=30 improved=1
2025-12-22 01:35:41,789 | INFO | Train - Loss (last batch): 0.00270
2025-12-22 01:35:41,790 | INFO | Val - Loss, MSE, MAE: 0.00304, 0.00304, 0.03299
2025-12-22 01:35:41,790 | INFO | Test - Best epoch, Loss, MSE, MAE: 30, 0.00291, 0.00291, 0.03253
2025-12-22 01:35:41,790 | INFO | Test - Points (EXACT): total_masked=96963 correct=57661 right_rate=59.4670%
2025-12-22 01:35:46,560 | INFO | - Epoch 031, ExpID 31735 best_epoch=31 improved=1
2025-12-22 01:35:46,560 | INFO | Train - Loss (last batch): 0.00253
2025-12-22 01:35:46,560 | INFO | Val - Loss, MSE, MAE: 0.00302, 0.00302, 0.03302
2025-12-22 01:35:46,561 | INFO | Test - Best epoch, Loss, MSE, MAE: 31, 0.00290, 0.00290, 0.03258
2025-12-22 01:35:46,561 | INFO | Test - Points (EXACT): total_masked=96963 correct=57554 right_rate=59.3567%
2025-12-22 01:35:51,286 | INFO | - Epoch 032, ExpID 31735 best_epoch=32 improved=1
2025-12-22 01:35:51,286 | INFO | Train - Loss (last batch): 0.00286
2025-12-22 01:35:51,286 | INFO | Val - Loss, MSE, MAE: 0.00302, 0.00302, 0.03288
2025-12-22 01:35:51,286 | INFO | Test - Best epoch, Loss, MSE, MAE: 32, 0.00289, 0.00289, 0.03246
2025-12-22 01:35:51,286 | INFO | Test - Points (EXACT): total_masked=96963 correct=57810 right_rate=59.6207%
2025-12-22 01:35:55,379 | INFO | - Epoch 033, ExpID 31735 best_epoch=32 improved=0
2025-12-22 01:35:55,379 | INFO | Train - Loss (last batch): 0.00313
2025-12-22 01:35:55,379 | INFO | Val - Loss, MSE, MAE: 0.00303, 0.00303, 0.03298
2025-12-22 01:35:55,379 | INFO | Test - Best epoch, Loss, MSE, MAE: 32, 0.00289, 0.00289, 0.03246
2025-12-22 01:35:55,380 | INFO | Test - Points (EXACT): total_masked=96963 correct=57810 right_rate=59.6207%
2025-12-22 01:35:59,480 | INFO | - Epoch 034, ExpID 31735 best_epoch=32 improved=0
2025-12-22 01:35:59,480 | INFO | Train - Loss (last batch): 0.00273
2025-12-22 01:35:59,480 | INFO | Val - Loss, MSE, MAE: 0.00302, 0.00302, 0.03283
2025-12-22 01:35:59,480 | INFO | Test - Best epoch, Loss, MSE, MAE: 32, 0.00289, 0.00289, 0.03246
2025-12-22 01:35:59,480 | INFO | Test - Points (EXACT): total_masked=96963 correct=57810 right_rate=59.6207%
2025-12-22 01:36:04,099 | INFO | - Epoch 035, ExpID 31735 best_epoch=35 improved=1
2025-12-22 01:36:04,099 | INFO | Train - Loss (last batch): 0.00287
2025-12-22 01:36:04,099 | INFO | Val - Loss, MSE, MAE: 0.00302, 0.00302, 0.03288
2025-12-22 01:36:04,099 | INFO | Test - Best epoch, Loss, MSE, MAE: 35, 0.00290, 0.00290, 0.03248
2025-12-22 01:36:04,099 | INFO | Test - Points (EXACT): total_masked=96963 correct=57789 right_rate=59.5990%
2025-12-22 01:36:08,186 | INFO | - Epoch 036, ExpID 31735 best_epoch=35 improved=0
2025-12-22 01:36:08,186 | INFO | Train - Loss (last batch): 0.00287
2025-12-22 01:36:08,186 | INFO | Val - Loss, MSE, MAE: 0.00313, 0.00313, 0.03536
2025-12-22 01:36:08,186 | INFO | Test - Best epoch, Loss, MSE, MAE: 35, 0.00290, 0.00290, 0.03248
2025-12-22 01:36:08,186 | INFO | Test - Points (EXACT): total_masked=96963 correct=57789 right_rate=59.5990%
2025-12-22 01:36:12,280 | INFO | - Epoch 037, ExpID 31735 best_epoch=35 improved=0
2025-12-22 01:36:12,280 | INFO | Train - Loss (last batch): 0.00280
2025-12-22 01:36:12,280 | INFO | Val - Loss, MSE, MAE: 0.00308, 0.00308, 0.03405
2025-12-22 01:36:12,281 | INFO | Test - Best epoch, Loss, MSE, MAE: 35, 0.00290, 0.00290, 0.03248
2025-12-22 01:36:12,281 | INFO | Test - Points (EXACT): total_masked=96963 correct=57789 right_rate=59.5990%
2025-12-22 01:36:16,386 | INFO | - Epoch 038, ExpID 31735 best_epoch=35 improved=0
2025-12-22 01:36:16,386 | INFO | Train - Loss (last batch): 0.00209
2025-12-22 01:36:16,386 | INFO | Val - Loss, MSE, MAE: 0.00302, 0.00302, 0.03299
2025-12-22 01:36:16,386 | INFO | Test - Best epoch, Loss, MSE, MAE: 35, 0.00290, 0.00290, 0.03248
2025-12-22 01:36:16,386 | INFO | Test - Points (EXACT): total_masked=96963 correct=57789 right_rate=59.5990%
2025-12-22 01:36:20,486 | INFO | - Epoch 039, ExpID 31735 best_epoch=35 improved=0
2025-12-22 01:36:20,486 | INFO | Train - Loss (last batch): 0.00272
2025-12-22 01:36:20,486 | INFO | Val - Loss, MSE, MAE: 0.00303, 0.00303, 0.03340
2025-12-22 01:36:20,486 | INFO | Test - Best epoch, Loss, MSE, MAE: 35, 0.00290, 0.00290, 0.03248
2025-12-22 01:36:20,486 | INFO | Test - Points (EXACT): total_masked=96963 correct=57789 right_rate=59.5990%
2025-12-22 01:36:25,101 | INFO | - Epoch 040, ExpID 31735 best_epoch=40 improved=1
2025-12-22 01:36:25,101 | INFO | Train - Loss (last batch): 0.00257
2025-12-22 01:36:25,101 | INFO | Val - Loss, MSE, MAE: 0.00301, 0.00301, 0.03280
2025-12-22 01:36:25,101 | INFO | Test - Best epoch, Loss, MSE, MAE: 40, 0.00289, 0.00289, 0.03232
2025-12-22 01:36:25,101 | INFO | Test - Points (EXACT): total_masked=96963 correct=57980 right_rate=59.7960%
2025-12-22 01:36:29,710 | INFO | - Epoch 041, ExpID 31735 best_epoch=41 improved=1
2025-12-22 01:36:29,710 | INFO | Train - Loss (last batch): 0.00356
2025-12-22 01:36:29,710 | INFO | Val - Loss, MSE, MAE: 0.00301, 0.00301, 0.03311
2025-12-22 01:36:29,710 | INFO | Test - Best epoch, Loss, MSE, MAE: 41, 0.00289, 0.00289, 0.03267
2025-12-22 01:36:29,710 | INFO | Test - Points (EXACT): total_masked=96963 correct=57554 right_rate=59.3567%
2025-12-22 01:36:34,337 | INFO | - Epoch 042, ExpID 31735 best_epoch=42 improved=1
2025-12-22 01:36:34,337 | INFO | Train - Loss (last batch): 0.00288
2025-12-22 01:36:34,337 | INFO | Val - Loss, MSE, MAE: 0.00301, 0.00301, 0.03310
2025-12-22 01:36:34,337 | INFO | Test - Best epoch, Loss, MSE, MAE: 42, 0.00288, 0.00288, 0.03260
2025-12-22 01:36:34,337 | INFO | Test - Points (EXACT): total_masked=96963 correct=57455 right_rate=59.2546%
2025-12-22 01:36:38,956 | INFO | - Epoch 043, ExpID 31735 best_epoch=43 improved=1
2025-12-22 01:36:38,956 | INFO | Train - Loss (last batch): 0.00269
2025-12-22 01:36:38,956 | INFO | Val - Loss, MSE, MAE: 0.00298, 0.00298, 0.03263
2025-12-22 01:36:38,956 | INFO | Test - Best epoch, Loss, MSE, MAE: 43, 0.00286, 0.00286, 0.03218
2025-12-22 01:36:38,956 | INFO | Test - Points (EXACT): total_masked=96963 correct=58061 right_rate=59.8795%
2025-12-22 01:36:43,050 | INFO | - Epoch 044, ExpID 31735 best_epoch=43 improved=0
2025-12-22 01:36:43,050 | INFO | Train - Loss (last batch): 0.00223
2025-12-22 01:36:43,050 | INFO | Val - Loss, MSE, MAE: 0.00299, 0.00299, 0.03261
2025-12-22 01:36:43,050 | INFO | Test - Best epoch, Loss, MSE, MAE: 43, 0.00286, 0.00286, 0.03218
2025-12-22 01:36:43,050 | INFO | Test - Points (EXACT): total_masked=96963 correct=58061 right_rate=59.8795%
2025-12-22 01:36:47,673 | INFO | - Epoch 045, ExpID 31735 best_epoch=45 improved=1
2025-12-22 01:36:47,673 | INFO | Train - Loss (last batch): 0.00328
2025-12-22 01:36:47,673 | INFO | Val - Loss, MSE, MAE: 0.00298, 0.00298, 0.03247
2025-12-22 01:36:47,673 | INFO | Test - Best epoch, Loss, MSE, MAE: 45, 0.00285, 0.00285, 0.03205
2025-12-22 01:36:47,673 | INFO | Test - Points (EXACT): total_masked=96963 correct=58272 right_rate=60.0972%
2025-12-22 01:36:51,783 | INFO | - Epoch 046, ExpID 31735 best_epoch=45 improved=0
2025-12-22 01:36:51,783 | INFO | Train - Loss (last batch): 0.00301
2025-12-22 01:36:51,784 | INFO | Val - Loss, MSE, MAE: 0.00317, 0.00317, 0.03609
2025-12-22 01:36:51,784 | INFO | Test - Best epoch, Loss, MSE, MAE: 45, 0.00285, 0.00285, 0.03205
2025-12-22 01:36:51,784 | INFO | Test - Points (EXACT): total_masked=96963 correct=58272 right_rate=60.0972%
2025-12-22 01:36:55,879 | INFO | - Epoch 047, ExpID 31735 best_epoch=45 improved=0
2025-12-22 01:36:55,879 | INFO | Train - Loss (last batch): 0.00336
2025-12-22 01:36:55,879 | INFO | Val - Loss, MSE, MAE: 0.00301, 0.00301, 0.03345
2025-12-22 01:36:55,879 | INFO | Test - Best epoch, Loss, MSE, MAE: 45, 0.00285, 0.00285, 0.03205
2025-12-22 01:36:55,879 | INFO | Test - Points (EXACT): total_masked=96963 correct=58272 right_rate=60.0972%
2025-12-22 01:37:00,496 | INFO | - Epoch 048, ExpID 31735 best_epoch=48 improved=1
2025-12-22 01:37:00,496 | INFO | Train - Loss (last batch): 0.00234
2025-12-22 01:37:00,496 | INFO | Val - Loss, MSE, MAE: 0.00297, 0.00297, 0.03240
2025-12-22 01:37:00,496 | INFO | Test - Best epoch, Loss, MSE, MAE: 48, 0.00285, 0.00285, 0.03198
2025-12-22 01:37:00,496 | INFO | Test - Points (EXACT): total_masked=96963 correct=58417 right_rate=60.2467%
2025-12-22 01:37:04,603 | INFO | - Epoch 049, ExpID 31735 best_epoch=48 improved=0
2025-12-22 01:37:04,603 | INFO | Train - Loss (last batch): 0.00296
2025-12-22 01:37:04,603 | INFO | Val - Loss, MSE, MAE: 0.00300, 0.00300, 0.03285
2025-12-22 01:37:04,603 | INFO | Test - Best epoch, Loss, MSE, MAE: 48, 0.00285, 0.00285, 0.03198
2025-12-22 01:37:04,603 | INFO | Test - Points (EXACT): total_masked=96963 correct=58417 right_rate=60.2467%
2025-12-22 01:37:08,699 | INFO | - Epoch 050, ExpID 31735 best_epoch=48 improved=0
2025-12-22 01:37:08,856 | INFO | Train - Loss (last batch): 0.00324
2025-12-22 01:37:08,856 | INFO | Val - Loss, MSE, MAE: 0.00298, 0.00298, 0.03268
2025-12-22 01:37:08,856 | INFO | Test - Best epoch, Loss, MSE, MAE: 48, 0.00285, 0.00285, 0.03198
2025-12-22 01:37:08,856 | INFO | Test - Points (EXACT): total_masked=96963 correct=58417 right_rate=60.2467%
2025-12-22 01:37:12,950 | INFO | - Epoch 051, ExpID 31735 best_epoch=48 improved=0
2025-12-22 01:37:12,951 | INFO | Train - Loss (last batch): 0.00297
2025-12-22 01:37:12,951 | INFO | Val - Loss, MSE, MAE: 0.00299, 0.00299, 0.03265
2025-12-22 01:37:12,951 | INFO | Test - Best epoch, Loss, MSE, MAE: 48, 0.00285, 0.00285, 0.03198
2025-12-22 01:37:12,951 | INFO | Test - Points (EXACT): total_masked=96963 correct=58417 right_rate=60.2467%
2025-12-22 01:37:17,048 | INFO | - Epoch 052, ExpID 31735 best_epoch=48 improved=0
2025-12-22 01:37:17,048 | INFO | Train - Loss (last batch): 0.00219
2025-12-22 01:37:17,048 | INFO | Val - Loss, MSE, MAE: 0.00298, 0.00298, 0.03280
2025-12-22 01:37:17,048 | INFO | Test - Best epoch, Loss, MSE, MAE: 48, 0.00285, 0.00285, 0.03198
2025-12-22 01:37:17,049 | INFO | Test - Points (EXACT): total_masked=96963 correct=58417 right_rate=60.2467%
2025-12-22 01:37:21,154 | INFO | - Epoch 053, ExpID 31735 best_epoch=48 improved=0
2025-12-22 01:37:21,154 | INFO | Train - Loss (last batch): 0.00239
2025-12-22 01:37:21,154 | INFO | Val - Loss, MSE, MAE: 0.00298, 0.00298, 0.03286
2025-12-22 01:37:21,154 | INFO | Test - Best epoch, Loss, MSE, MAE: 48, 0.00285, 0.00285, 0.03198
2025-12-22 01:37:21,155 | INFO | Test - Points (EXACT): total_masked=96963 correct=58417 right_rate=60.2467%
2025-12-22 01:37:25,781 | INFO | - Epoch 054, ExpID 31735 best_epoch=54 improved=1
2025-12-22 01:37:25,781 | INFO | Train - Loss (last batch): 0.00183
2025-12-22 01:37:25,781 | INFO | Val - Loss, MSE, MAE: 0.00296, 0.00296, 0.03244
2025-12-22 01:37:25,781 | INFO | Test - Best epoch, Loss, MSE, MAE: 54, 0.00284, 0.00284, 0.03198
2025-12-22 01:37:25,781 | INFO | Test - Points (EXACT): total_masked=96963 correct=58277 right_rate=60.1023%
2025-12-22 01:37:30,399 | INFO | - Epoch 055, ExpID 31735 best_epoch=55 improved=1
2025-12-22 01:37:30,399 | INFO | Train - Loss (last batch): 0.00265
2025-12-22 01:37:30,399 | INFO | Val - Loss, MSE, MAE: 0.00296, 0.00296, 0.03238
2025-12-22 01:37:30,399 | INFO | Test - Best epoch, Loss, MSE, MAE: 55, 0.00283, 0.00283, 0.03197
2025-12-22 01:37:30,399 | INFO | Test - Points (EXACT): total_masked=96963 correct=58364 right_rate=60.1920%
2025-12-22 01:37:34,501 | INFO | - Epoch 056, ExpID 31735 best_epoch=55 improved=0
2025-12-22 01:37:34,501 | INFO | Train - Loss (last batch): 0.00246
2025-12-22 01:37:34,501 | INFO | Val - Loss, MSE, MAE: 0.00303, 0.00303, 0.03361
2025-12-22 01:37:34,501 | INFO | Test - Best epoch, Loss, MSE, MAE: 55, 0.00283, 0.00283, 0.03197
2025-12-22 01:37:34,502 | INFO | Test - Points (EXACT): total_masked=96963 correct=58364 right_rate=60.1920%
2025-12-22 01:37:39,113 | INFO | - Epoch 057, ExpID 31735 best_epoch=57 improved=1
2025-12-22 01:37:39,113 | INFO | Train - Loss (last batch): 0.00294
2025-12-22 01:37:39,113 | INFO | Val - Loss, MSE, MAE: 0.00296, 0.00296, 0.03242
2025-12-22 01:37:39,113 | INFO | Test - Best epoch, Loss, MSE, MAE: 57, 0.00283, 0.00283, 0.03203
2025-12-22 01:37:39,113 | INFO | Test - Points (EXACT): total_masked=96963 correct=58341 right_rate=60.1683%
2025-12-22 01:37:43,221 | INFO | - Epoch 058, ExpID 31735 best_epoch=57 improved=0
2025-12-22 01:37:43,221 | INFO | Train - Loss (last batch): 0.00277
2025-12-22 01:37:43,221 | INFO | Val - Loss, MSE, MAE: 0.00296, 0.00296, 0.03243
2025-12-22 01:37:43,222 | INFO | Test - Best epoch, Loss, MSE, MAE: 57, 0.00283, 0.00283, 0.03203
2025-12-22 01:37:43,222 | INFO | Test - Points (EXACT): total_masked=96963 correct=58341 right_rate=60.1683%
2025-12-22 01:37:47,329 | INFO | - Epoch 059, ExpID 31735 best_epoch=57 improved=0
2025-12-22 01:37:47,329 | INFO | Train - Loss (last batch): 0.00213
2025-12-22 01:37:47,329 | INFO | Val - Loss, MSE, MAE: 0.00299, 0.00299, 0.03319
2025-12-22 01:37:47,329 | INFO | Test - Best epoch, Loss, MSE, MAE: 57, 0.00283, 0.00283, 0.03203
2025-12-22 01:37:47,329 | INFO | Test - Points (EXACT): total_masked=96963 correct=58341 right_rate=60.1683%
2025-12-22 01:37:51,945 | INFO | - Epoch 060, ExpID 31735 best_epoch=60 improved=1
2025-12-22 01:37:51,945 | INFO | Train - Loss (last batch): 0.00283
2025-12-22 01:37:51,945 | INFO | Val - Loss, MSE, MAE: 0.00295, 0.00295, 0.03234
2025-12-22 01:37:51,945 | INFO | Test - Best epoch, Loss, MSE, MAE: 60, 0.00282, 0.00282, 0.03194
2025-12-22 01:37:51,945 | INFO | Test - Points (EXACT): total_masked=96963 correct=58368 right_rate=60.1962%
2025-12-22 01:37:56,047 | INFO | - Epoch 061, ExpID 31735 best_epoch=60 improved=0
2025-12-22 01:37:56,047 | INFO | Train - Loss (last batch): 0.00301
2025-12-22 01:37:56,047 | INFO | Val - Loss, MSE, MAE: 0.00298, 0.00298, 0.03276
2025-12-22 01:37:56,047 | INFO | Test - Best epoch, Loss, MSE, MAE: 60, 0.00282, 0.00282, 0.03194
2025-12-22 01:37:56,047 | INFO | Test - Points (EXACT): total_masked=96963 correct=58368 right_rate=60.1962%
2025-12-22 01:38:00,138 | INFO | - Epoch 062, ExpID 31735 best_epoch=60 improved=0
2025-12-22 01:38:00,138 | INFO | Train - Loss (last batch): 0.00254
2025-12-22 01:38:00,138 | INFO | Val - Loss, MSE, MAE: 0.00301, 0.00301, 0.03374
2025-12-22 01:38:00,138 | INFO | Test - Best epoch, Loss, MSE, MAE: 60, 0.00282, 0.00282, 0.03194
2025-12-22 01:38:00,138 | INFO | Test - Points (EXACT): total_masked=96963 correct=58368 right_rate=60.1962%
2025-12-22 01:38:04,235 | INFO | - Epoch 063, ExpID 31735 best_epoch=60 improved=0
2025-12-22 01:38:04,235 | INFO | Train - Loss (last batch): 0.00262
2025-12-22 01:38:04,235 | INFO | Val - Loss, MSE, MAE: 0.00309, 0.00309, 0.03492
2025-12-22 01:38:04,235 | INFO | Test - Best epoch, Loss, MSE, MAE: 60, 0.00282, 0.00282, 0.03194
2025-12-22 01:38:04,235 | INFO | Test - Points (EXACT): total_masked=96963 correct=58368 right_rate=60.1962%
2025-12-22 01:38:08,332 | INFO | - Epoch 064, ExpID 31735 best_epoch=60 improved=0
2025-12-22 01:38:08,332 | INFO | Train - Loss (last batch): 0.00268
2025-12-22 01:38:08,332 | INFO | Val - Loss, MSE, MAE: 0.00296, 0.00296, 0.03294
2025-12-22 01:38:08,332 | INFO | Test - Best epoch, Loss, MSE, MAE: 60, 0.00282, 0.00282, 0.03194
2025-12-22 01:38:08,332 | INFO | Test - Points (EXACT): total_masked=96963 correct=58368 right_rate=60.1962%
2025-12-22 01:38:12,428 | INFO | - Epoch 065, ExpID 31735 best_epoch=60 improved=0
2025-12-22 01:38:12,428 | INFO | Train - Loss (last batch): 0.00302
2025-12-22 01:38:12,428 | INFO | Val - Loss, MSE, MAE: 0.00299, 0.00299, 0.03330
2025-12-22 01:38:12,428 | INFO | Test - Best epoch, Loss, MSE, MAE: 60, 0.00282, 0.00282, 0.03194
2025-12-22 01:38:12,428 | INFO | Test - Points (EXACT): total_masked=96963 correct=58368 right_rate=60.1962%
2025-12-22 01:38:16,547 | INFO | - Epoch 066, ExpID 31735 best_epoch=60 improved=0
2025-12-22 01:38:16,547 | INFO | Train - Loss (last batch): 0.00259
2025-12-22 01:38:16,547 | INFO | Val - Loss, MSE, MAE: 0.00296, 0.00296, 0.03252
2025-12-22 01:38:16,547 | INFO | Test - Best epoch, Loss, MSE, MAE: 60, 0.00282, 0.00282, 0.03194
2025-12-22 01:38:16,547 | INFO | Test - Points (EXACT): total_masked=96963 correct=58368 right_rate=60.1962%
2025-12-22 01:38:20,649 | INFO | - Epoch 067, ExpID 31735 best_epoch=60 improved=0
2025-12-22 01:38:20,649 | INFO | Train - Loss (last batch): 0.00266
2025-12-22 01:38:20,649 | INFO | Val - Loss, MSE, MAE: 0.00296, 0.00296, 0.03283
2025-12-22 01:38:20,649 | INFO | Test - Best epoch, Loss, MSE, MAE: 60, 0.00282, 0.00282, 0.03194
2025-12-22 01:38:20,649 | INFO | Test - Points (EXACT): total_masked=96963 correct=58368 right_rate=60.1962%
2025-12-22 01:38:24,758 | INFO | - Epoch 068, ExpID 31735 best_epoch=60 improved=0
2025-12-22 01:38:24,758 | INFO | Train - Loss (last batch): 0.00224
2025-12-22 01:38:24,758 | INFO | Val - Loss, MSE, MAE: 0.00298, 0.00298, 0.03320
2025-12-22 01:38:24,759 | INFO | Test - Best epoch, Loss, MSE, MAE: 60, 0.00282, 0.00282, 0.03194
2025-12-22 01:38:24,759 | INFO | Test - Points (EXACT): total_masked=96963 correct=58368 right_rate=60.1962%
2025-12-22 01:38:28,858 | INFO | - Epoch 069, ExpID 31735 best_epoch=60 improved=0
2025-12-22 01:38:28,858 | INFO | Train - Loss (last batch): 0.00268
2025-12-22 01:38:28,858 | INFO | Val - Loss, MSE, MAE: 0.00305, 0.00305, 0.03428
2025-12-22 01:38:28,858 | INFO | Test - Best epoch, Loss, MSE, MAE: 60, 0.00282, 0.00282, 0.03194
2025-12-22 01:38:28,858 | INFO | Test - Points (EXACT): total_masked=96963 correct=58368 right_rate=60.1962%
2025-12-22 01:38:33,492 | INFO | - Epoch 070, ExpID 31735 best_epoch=70 improved=1
2025-12-22 01:38:33,492 | INFO | Train - Loss (last batch): 0.00250
2025-12-22 01:38:33,492 | INFO | Val - Loss, MSE, MAE: 0.00293, 0.00293, 0.03236
2025-12-22 01:38:33,492 | INFO | Test - Best epoch, Loss, MSE, MAE: 70, 0.00281, 0.00281, 0.03190
2025-12-22 01:38:33,492 | INFO | Test - Points (EXACT): total_masked=96963 correct=58336 right_rate=60.1632%
2025-12-22 01:38:38,110 | INFO | - Epoch 071, ExpID 31735 best_epoch=71 improved=1
2025-12-22 01:38:38,110 | INFO | Train - Loss (last batch): 0.00331
2025-12-22 01:38:38,110 | INFO | Val - Loss, MSE, MAE: 0.00293, 0.00293, 0.03246
2025-12-22 01:38:38,110 | INFO | Test - Best epoch, Loss, MSE, MAE: 71, 0.00280, 0.00280, 0.03199
2025-12-22 01:38:38,110 | INFO | Test - Points (EXACT): total_masked=96963 correct=58042 right_rate=59.8599%
2025-12-22 01:38:42,201 | INFO | - Epoch 072, ExpID 31735 best_epoch=71 improved=0
2025-12-22 01:38:42,201 | INFO | Train - Loss (last batch): 0.00274
2025-12-22 01:38:42,201 | INFO | Val - Loss, MSE, MAE: 0.00296, 0.00296, 0.03291
2025-12-22 01:38:42,201 | INFO | Test - Best epoch, Loss, MSE, MAE: 71, 0.00280, 0.00280, 0.03199
2025-12-22 01:38:42,201 | INFO | Test - Points (EXACT): total_masked=96963 correct=58042 right_rate=59.8599%
2025-12-22 01:38:46,732 | INFO | - Epoch 073, ExpID 31735 best_epoch=71 improved=0
2025-12-22 01:38:46,732 | INFO | Train - Loss (last batch): 0.00200
2025-12-22 01:38:46,732 | INFO | Val - Loss, MSE, MAE: 0.00295, 0.00295, 0.03264
2025-12-22 01:38:46,732 | INFO | Test - Best epoch, Loss, MSE, MAE: 71, 0.00280, 0.00280, 0.03199
2025-12-22 01:38:46,732 | INFO | Test - Points (EXACT): total_masked=96963 correct=58042 right_rate=59.8599%
2025-12-22 01:38:51,350 | INFO | - Epoch 074, ExpID 31735 best_epoch=71 improved=0
2025-12-22 01:38:51,350 | INFO | Train - Loss (last batch): 0.00314
2025-12-22 01:38:51,350 | INFO | Val - Loss, MSE, MAE: 0.00297, 0.00297, 0.03291
2025-12-22 01:38:51,350 | INFO | Test - Best epoch, Loss, MSE, MAE: 71, 0.00280, 0.00280, 0.03199
2025-12-22 01:38:51,350 | INFO | Test - Points (EXACT): total_masked=96963 correct=58042 right_rate=59.8599%
2025-12-22 01:38:55,724 | INFO | - Epoch 075, ExpID 31735 best_epoch=71 improved=0
2025-12-22 01:38:55,724 | INFO | Train - Loss (last batch): 0.00214
2025-12-22 01:38:55,724 | INFO | Val - Loss, MSE, MAE: 0.00294, 0.00294, 0.03258
2025-12-22 01:38:55,724 | INFO | Test - Best epoch, Loss, MSE, MAE: 71, 0.00280, 0.00280, 0.03199
2025-12-22 01:38:55,724 | INFO | Test - Points (EXACT): total_masked=96963 correct=58042 right_rate=59.8599%
2025-12-22 01:38:59,906 | INFO | - Epoch 076, ExpID 31735 best_epoch=71 improved=0
2025-12-22 01:38:59,907 | INFO | Train - Loss (last batch): 0.00265
2025-12-22 01:38:59,907 | INFO | Val - Loss, MSE, MAE: 0.00297, 0.00297, 0.03319
2025-12-22 01:38:59,907 | INFO | Test - Best epoch, Loss, MSE, MAE: 71, 0.00280, 0.00280, 0.03199
2025-12-22 01:38:59,907 | INFO | Test - Points (EXACT): total_masked=96963 correct=58042 right_rate=59.8599%
2025-12-22 01:39:05,285 | INFO | - Epoch 077, ExpID 31735 best_epoch=77 improved=1
2025-12-22 01:39:05,285 | INFO | Train - Loss (last batch): 0.00219
2025-12-22 01:39:05,285 | INFO | Val - Loss, MSE, MAE: 0.00293, 0.00293, 0.03231
2025-12-22 01:39:05,285 | INFO | Test - Best epoch, Loss, MSE, MAE: 77, 0.00280, 0.00280, 0.03188
2025-12-22 01:39:05,285 | INFO | Test - Points (EXACT): total_masked=96963 correct=58302 right_rate=60.1281%
2025-12-22 01:39:09,795 | INFO | - Epoch 078, ExpID 31735 best_epoch=77 improved=0
2025-12-22 01:39:09,795 | INFO | Train - Loss (last batch): 0.00266
2025-12-22 01:39:09,795 | INFO | Val - Loss, MSE, MAE: 0.00295, 0.00295, 0.03301
2025-12-22 01:39:09,795 | INFO | Test - Best epoch, Loss, MSE, MAE: 77, 0.00280, 0.00280, 0.03188
2025-12-22 01:39:09,795 | INFO | Test - Points (EXACT): total_masked=96963 correct=58302 right_rate=60.1281%
2025-12-22 01:39:14,317 | INFO | - Epoch 079, ExpID 31735 best_epoch=77 improved=0
2025-12-22 01:39:14,318 | INFO | Train - Loss (last batch): 0.00283
2025-12-22 01:39:14,318 | INFO | Val - Loss, MSE, MAE: 0.00295, 0.00295, 0.03288
2025-12-22 01:39:14,318 | INFO | Test - Best epoch, Loss, MSE, MAE: 77, 0.00280, 0.00280, 0.03188
2025-12-22 01:39:14,318 | INFO | Test - Points (EXACT): total_masked=96963 correct=58302 right_rate=60.1281%
2025-12-22 01:39:19,411 | INFO | - Epoch 080, ExpID 31735 best_epoch=80 improved=1
2025-12-22 01:39:19,411 | INFO | Train - Loss (last batch): 0.00207
2025-12-22 01:39:19,411 | INFO | Val - Loss, MSE, MAE: 0.00293, 0.00293, 0.03245
2025-12-22 01:39:19,411 | INFO | Test - Best epoch, Loss, MSE, MAE: 80, 0.00280, 0.00280, 0.03196
2025-12-22 01:39:19,411 | INFO | Test - Points (EXACT): total_masked=96963 correct=58102 right_rate=59.9218%
2025-12-22 01:39:24,518 | INFO | - Epoch 081, ExpID 31735 best_epoch=81 improved=1
2025-12-22 01:39:24,518 | INFO | Train - Loss (last batch): 0.00287
2025-12-22 01:39:24,518 | INFO | Val - Loss, MSE, MAE: 0.00292, 0.00292, 0.03224
2025-12-22 01:39:24,518 | INFO | Test - Best epoch, Loss, MSE, MAE: 81, 0.00279, 0.00279, 0.03181
2025-12-22 01:39:24,518 | INFO | Test - Points (EXACT): total_masked=96963 correct=58377 right_rate=60.2054%
2025-12-22 01:39:29,023 | INFO | - Epoch 082, ExpID 31735 best_epoch=81 improved=0
2025-12-22 01:39:29,023 | INFO | Train - Loss (last batch): 0.00257
2025-12-22 01:39:29,023 | INFO | Val - Loss, MSE, MAE: 0.00298, 0.00298, 0.03324
2025-12-22 01:39:29,023 | INFO | Test - Best epoch, Loss, MSE, MAE: 81, 0.00279, 0.00279, 0.03181
2025-12-22 01:39:29,023 | INFO | Test - Points (EXACT): total_masked=96963 correct=58377 right_rate=60.2054%
2025-12-22 01:39:33,532 | INFO | - Epoch 083, ExpID 31735 best_epoch=81 improved=0
2025-12-22 01:39:33,533 | INFO | Train - Loss (last batch): 0.00203
2025-12-22 01:39:33,533 | INFO | Val - Loss, MSE, MAE: 0.00293, 0.00293, 0.03234
2025-12-22 01:39:33,533 | INFO | Test - Best epoch, Loss, MSE, MAE: 81, 0.00279, 0.00279, 0.03181
2025-12-22 01:39:33,533 | INFO | Test - Points (EXACT): total_masked=96963 correct=58377 right_rate=60.2054%
2025-12-22 01:39:38,042 | INFO | - Epoch 084, ExpID 31735 best_epoch=81 improved=0
2025-12-22 01:39:38,042 | INFO | Train - Loss (last batch): 0.00208
2025-12-22 01:39:38,042 | INFO | Val - Loss, MSE, MAE: 0.00292, 0.00292, 0.03245
2025-12-22 01:39:38,042 | INFO | Test - Best epoch, Loss, MSE, MAE: 81, 0.00279, 0.00279, 0.03181
2025-12-22 01:39:38,042 | INFO | Test - Points (EXACT): total_masked=96963 correct=58377 right_rate=60.2054%
2025-12-22 01:39:42,554 | INFO | - Epoch 085, ExpID 31735 best_epoch=81 improved=0
2025-12-22 01:39:42,554 | INFO | Train - Loss (last batch): 0.00256
2025-12-22 01:39:42,554 | INFO | Val - Loss, MSE, MAE: 0.00297, 0.00297, 0.03333
2025-12-22 01:39:42,554 | INFO | Test - Best epoch, Loss, MSE, MAE: 81, 0.00279, 0.00279, 0.03181
2025-12-22 01:39:42,554 | INFO | Test - Points (EXACT): total_masked=96963 correct=58377 right_rate=60.2054%
2025-12-22 01:39:47,072 | INFO | - Epoch 086, ExpID 31735 best_epoch=81 improved=0
2025-12-22 01:39:47,072 | INFO | Train - Loss (last batch): 0.00248
2025-12-22 01:39:47,072 | INFO | Val - Loss, MSE, MAE: 0.00292, 0.00292, 0.03228
2025-12-22 01:39:47,072 | INFO | Test - Best epoch, Loss, MSE, MAE: 81, 0.00279, 0.00279, 0.03181
2025-12-22 01:39:47,072 | INFO | Test - Points (EXACT): total_masked=96963 correct=58377 right_rate=60.2054%
2025-12-22 01:39:51,583 | INFO | - Epoch 087, ExpID 31735 best_epoch=81 improved=0
2025-12-22 01:39:51,583 | INFO | Train - Loss (last batch): 0.00258
2025-12-22 01:39:51,583 | INFO | Val - Loss, MSE, MAE: 0.00297, 0.00297, 0.03341
2025-12-22 01:39:51,583 | INFO | Test - Best epoch, Loss, MSE, MAE: 81, 0.00279, 0.00279, 0.03181
2025-12-22 01:39:51,583 | INFO | Test - Points (EXACT): total_masked=96963 correct=58377 right_rate=60.2054%
2025-12-22 01:39:56,089 | INFO | - Epoch 088, ExpID 31735 best_epoch=81 improved=0
2025-12-22 01:39:56,089 | INFO | Train - Loss (last batch): 0.00308
2025-12-22 01:39:56,089 | INFO | Val - Loss, MSE, MAE: 0.00292, 0.00292, 0.03244
2025-12-22 01:39:56,089 | INFO | Test - Best epoch, Loss, MSE, MAE: 81, 0.00279, 0.00279, 0.03181
2025-12-22 01:39:56,089 | INFO | Test - Points (EXACT): total_masked=96963 correct=58377 right_rate=60.2054%
2025-12-22 01:40:01,190 | INFO | - Epoch 089, ExpID 31735 best_epoch=89 improved=1
2025-12-22 01:40:01,190 | INFO | Train - Loss (last batch): 0.00289
2025-12-22 01:40:01,190 | INFO | Val - Loss, MSE, MAE: 0.00292, 0.00292, 0.03237
2025-12-22 01:40:01,190 | INFO | Test - Best epoch, Loss, MSE, MAE: 89, 0.00279, 0.00279, 0.03190
2025-12-22 01:40:01,190 | INFO | Test - Points (EXACT): total_masked=96963 correct=58151 right_rate=59.9724%
2025-12-22 01:40:05,708 | INFO | - Epoch 090, ExpID 31735 best_epoch=89 improved=0
2025-12-22 01:40:05,708 | INFO | Train - Loss (last batch): 0.00233
2025-12-22 01:40:05,708 | INFO | Val - Loss, MSE, MAE: 0.00295, 0.00295, 0.03269
2025-12-22 01:40:05,708 | INFO | Test - Best epoch, Loss, MSE, MAE: 89, 0.00279, 0.00279, 0.03190
2025-12-22 01:40:05,708 | INFO | Test - Points (EXACT): total_masked=96963 correct=58151 right_rate=59.9724%
2025-12-22 01:40:10,798 | INFO | - Epoch 091, ExpID 31735 best_epoch=91 improved=1
2025-12-22 01:40:10,798 | INFO | Train - Loss (last batch): 0.00272
2025-12-22 01:40:10,798 | INFO | Val - Loss, MSE, MAE: 0.00291, 0.00291, 0.03218
2025-12-22 01:40:10,798 | INFO | Test - Best epoch, Loss, MSE, MAE: 91, 0.00278, 0.00278, 0.03179
2025-12-22 01:40:10,798 | INFO | Test - Points (EXACT): total_masked=96963 correct=58335 right_rate=60.1621%
2025-12-22 01:40:15,311 | INFO | - Epoch 092, ExpID 31735 best_epoch=91 improved=0
2025-12-22 01:40:15,311 | INFO | Train - Loss (last batch): 0.00209
2025-12-22 01:40:15,311 | INFO | Val - Loss, MSE, MAE: 0.00292, 0.00292, 0.03226
2025-12-22 01:40:15,311 | INFO | Test - Best epoch, Loss, MSE, MAE: 91, 0.00278, 0.00278, 0.03179
2025-12-22 01:40:15,311 | INFO | Test - Points (EXACT): total_masked=96963 correct=58335 right_rate=60.1621%
2025-12-22 01:40:19,840 | INFO | - Epoch 093, ExpID 31735 best_epoch=91 improved=0
2025-12-22 01:40:19,840 | INFO | Train - Loss (last batch): 0.00227
2025-12-22 01:40:19,840 | INFO | Val - Loss, MSE, MAE: 0.00294, 0.00294, 0.03276
2025-12-22 01:40:19,840 | INFO | Test - Best epoch, Loss, MSE, MAE: 91, 0.00278, 0.00278, 0.03179
2025-12-22 01:40:19,840 | INFO | Test - Points (EXACT): total_masked=96963 correct=58335 right_rate=60.1621%
2025-12-22 01:40:24,369 | INFO | - Epoch 094, ExpID 31735 best_epoch=91 improved=0
2025-12-22 01:40:24,369 | INFO | Train - Loss (last batch): 0.00302
2025-12-22 01:40:24,369 | INFO | Val - Loss, MSE, MAE: 0.00292, 0.00292, 0.03226
2025-12-22 01:40:24,369 | INFO | Test - Best epoch, Loss, MSE, MAE: 91, 0.00278, 0.00278, 0.03179
2025-12-22 01:40:24,369 | INFO | Test - Points (EXACT): total_masked=96963 correct=58335 right_rate=60.1621%
2025-12-22 01:40:28,855 | INFO | - Epoch 095, ExpID 31735 best_epoch=91 improved=0
2025-12-22 01:40:28,855 | INFO | Train - Loss (last batch): 0.00234
2025-12-22 01:40:28,855 | INFO | Val - Loss, MSE, MAE: 0.00292, 0.00292, 0.03231
2025-12-22 01:40:28,855 | INFO | Test - Best epoch, Loss, MSE, MAE: 91, 0.00278, 0.00278, 0.03179
2025-12-22 01:40:28,855 | INFO | Test - Points (EXACT): total_masked=96963 correct=58335 right_rate=60.1621%
2025-12-22 01:40:33,727 | INFO | - Epoch 096, ExpID 31735 best_epoch=96 improved=1
2025-12-22 01:40:33,727 | INFO | Train - Loss (last batch): 0.00203
2025-12-22 01:40:33,727 | INFO | Val - Loss, MSE, MAE: 0.00291, 0.00291, 0.03213
2025-12-22 01:40:33,728 | INFO | Test - Best epoch, Loss, MSE, MAE: 96, 0.00278, 0.00278, 0.03173
2025-12-22 01:40:33,728 | INFO | Test - Points (EXACT): total_masked=96963 correct=58502 right_rate=60.3344%
2025-12-22 01:40:37,932 | INFO | - Epoch 097, ExpID 31735 best_epoch=96 improved=0
2025-12-22 01:40:37,932 | INFO | Train - Loss (last batch): 0.00270
2025-12-22 01:40:37,932 | INFO | Val - Loss, MSE, MAE: 0.00293, 0.00293, 0.03256
2025-12-22 01:40:37,932 | INFO | Test - Best epoch, Loss, MSE, MAE: 96, 0.00278, 0.00278, 0.03173
2025-12-22 01:40:37,932 | INFO | Test - Points (EXACT): total_masked=96963 correct=58502 right_rate=60.3344%
2025-12-22 01:40:42,035 | INFO | - Epoch 098, ExpID 31735 best_epoch=96 improved=0
2025-12-22 01:40:42,035 | INFO | Train - Loss (last batch): 0.00201
2025-12-22 01:40:42,035 | INFO | Val - Loss, MSE, MAE: 0.00292, 0.00292, 0.03249
2025-12-22 01:40:42,035 | INFO | Test - Best epoch, Loss, MSE, MAE: 96, 0.00278, 0.00278, 0.03173
2025-12-22 01:40:42,035 | INFO | Test - Points (EXACT): total_masked=96963 correct=58502 right_rate=60.3344%
2025-12-22 01:40:46,154 | INFO | - Epoch 099, ExpID 31735 best_epoch=96 improved=0
2025-12-22 01:40:46,154 | INFO | Train - Loss (last batch): 0.00220
2025-12-22 01:40:46,154 | INFO | Val - Loss, MSE, MAE: 0.00295, 0.00295, 0.03292
2025-12-22 01:40:46,154 | INFO | Test - Best epoch, Loss, MSE, MAE: 96, 0.00278, 0.00278, 0.03173
2025-12-22 01:40:46,154 | INFO | Test - Points (EXACT): total_masked=96963 correct=58502 right_rate=60.3344%
2025-12-22 01:40:50,261 | INFO | - Epoch 100, ExpID 31735 best_epoch=96 improved=0
2025-12-22 01:40:50,261 | INFO | Train - Loss (last batch): 0.00273
2025-12-22 01:40:50,261 | INFO | Val - Loss, MSE, MAE: 0.00292, 0.00292, 0.03235
2025-12-22 01:40:50,261 | INFO | Test - Best epoch, Loss, MSE, MAE: 96, 0.00278, 0.00278, 0.03173
2025-12-22 01:40:50,261 | INFO | Test - Points (EXACT): total_masked=96963 correct=58502 right_rate=60.3344%
2025-12-22 01:40:54,368 | INFO | - Epoch 101, ExpID 31735 best_epoch=96 improved=0
2025-12-22 01:40:54,368 | INFO | Train - Loss (last batch): 0.00295
2025-12-22 01:40:54,368 | INFO | Val - Loss, MSE, MAE: 0.00292, 0.00292, 0.03241
2025-12-22 01:40:54,368 | INFO | Test - Best epoch, Loss, MSE, MAE: 96, 0.00278, 0.00278, 0.03173
2025-12-22 01:40:54,368 | INFO | Test - Points (EXACT): total_masked=96963 correct=58502 right_rate=60.3344%
2025-12-22 01:40:58,462 | INFO | - Epoch 102, ExpID 31735 best_epoch=96 improved=0
2025-12-22 01:40:58,462 | INFO | Train - Loss (last batch): 0.00273
2025-12-22 01:40:58,462 | INFO | Val - Loss, MSE, MAE: 0.00292, 0.00292, 0.03237
2025-12-22 01:40:58,462 | INFO | Test - Best epoch, Loss, MSE, MAE: 96, 0.00278, 0.00278, 0.03173
2025-12-22 01:40:58,462 | INFO | Test - Points (EXACT): total_masked=96963 correct=58502 right_rate=60.3344%
2025-12-22 01:41:02,568 | INFO | - Epoch 103, ExpID 31735 best_epoch=96 improved=0
2025-12-22 01:41:02,568 | INFO | Train - Loss (last batch): 0.00237
2025-12-22 01:41:02,568 | INFO | Val - Loss, MSE, MAE: 0.00292, 0.00292, 0.03246
2025-12-22 01:41:02,568 | INFO | Test - Best epoch, Loss, MSE, MAE: 96, 0.00278, 0.00278, 0.03173
2025-12-22 01:41:02,568 | INFO | Test - Points (EXACT): total_masked=96963 correct=58502 right_rate=60.3344%
2025-12-22 01:41:06,675 | INFO | - Epoch 104, ExpID 31735 best_epoch=96 improved=0
2025-12-22 01:41:06,676 | INFO | Train - Loss (last batch): 0.00285
2025-12-22 01:41:06,676 | INFO | Val - Loss, MSE, MAE: 0.00293, 0.00293, 0.03297
2025-12-22 01:41:06,676 | INFO | Test - Best epoch, Loss, MSE, MAE: 96, 0.00278, 0.00278, 0.03173
2025-12-22 01:41:06,676 | INFO | Test - Points (EXACT): total_masked=96963 correct=58502 right_rate=60.3344%
2025-12-22 01:41:10,793 | INFO | - Epoch 105, ExpID 31735 best_epoch=96 improved=0
2025-12-22 01:41:10,793 | INFO | Train - Loss (last batch): 0.00345
2025-12-22 01:41:10,793 | INFO | Val - Loss, MSE, MAE: 0.00301, 0.00301, 0.03427
2025-12-22 01:41:10,793 | INFO | Test - Best epoch, Loss, MSE, MAE: 96, 0.00278, 0.00278, 0.03173
2025-12-22 01:41:10,794 | INFO | Test - Points (EXACT): total_masked=96963 correct=58502 right_rate=60.3344%
2025-12-22 01:41:14,902 | INFO | - Epoch 106, ExpID 31735 best_epoch=96 improved=0
2025-12-22 01:41:14,902 | INFO | Train - Loss (last batch): 0.00290
2025-12-22 01:41:14,902 | INFO | Val - Loss, MSE, MAE: 0.00293, 0.00293, 0.03278
2025-12-22 01:41:14,902 | INFO | Test - Best epoch, Loss, MSE, MAE: 96, 0.00278, 0.00278, 0.03173
2025-12-22 01:41:14,902 | INFO | Test - Points (EXACT): total_masked=96963 correct=58502 right_rate=60.3344%
2025-12-22 01:41:19,006 | INFO | - Epoch 107, ExpID 31735 best_epoch=96 improved=0
2025-12-22 01:41:19,006 | INFO | Train - Loss (last batch): 0.00290
2025-12-22 01:41:19,006 | INFO | Val - Loss, MSE, MAE: 0.00292, 0.00292, 0.03254
2025-12-22 01:41:19,006 | INFO | Test - Best epoch, Loss, MSE, MAE: 96, 0.00278, 0.00278, 0.03173
2025-12-22 01:41:19,006 | INFO | Test - Points (EXACT): total_masked=96963 correct=58502 right_rate=60.3344%
2025-12-22 01:41:23,815 | INFO | - Epoch 108, ExpID 31735 best_epoch=108 improved=1
2025-12-22 01:41:23,815 | INFO | Train - Loss (last batch): 0.00276
2025-12-22 01:41:23,815 | INFO | Val - Loss, MSE, MAE: 0.00291, 0.00291, 0.03223
2025-12-22 01:41:23,815 | INFO | Test - Best epoch, Loss, MSE, MAE: 108, 0.00278, 0.00278, 0.03175
2025-12-22 01:41:23,816 | INFO | Test - Points (EXACT): total_masked=96963 correct=58343 right_rate=60.1704%
2025-12-22 01:41:27,918 | INFO | - Epoch 109, ExpID 31735 best_epoch=108 improved=0
2025-12-22 01:41:27,918 | INFO | Train - Loss (last batch): 0.00285
2025-12-22 01:41:27,919 | INFO | Val - Loss, MSE, MAE: 0.00298, 0.00298, 0.03374
2025-12-22 01:41:27,919 | INFO | Test - Best epoch, Loss, MSE, MAE: 108, 0.00278, 0.00278, 0.03175
2025-12-22 01:41:27,919 | INFO | Test - Points (EXACT): total_masked=96963 correct=58343 right_rate=60.1704%
2025-12-22 01:41:32,559 | INFO | - Epoch 110, ExpID 31735 best_epoch=110 improved=1
2025-12-22 01:41:32,559 | INFO | Train - Loss (last batch): 0.00261
2025-12-22 01:41:32,559 | INFO | Val - Loss, MSE, MAE: 0.00290, 0.00290, 0.03225
2025-12-22 01:41:32,559 | INFO | Test - Best epoch, Loss, MSE, MAE: 110, 0.00277, 0.00277, 0.03180
2025-12-22 01:41:32,559 | INFO | Test - Points (EXACT): total_masked=96963 correct=58149 right_rate=59.9703%
2025-12-22 01:41:37,172 | INFO | - Epoch 111, ExpID 31735 best_epoch=110 improved=0
2025-12-22 01:41:37,172 | INFO | Train - Loss (last batch): 0.00269
2025-12-22 01:41:37,172 | INFO | Val - Loss, MSE, MAE: 0.00290, 0.00290, 0.03230
2025-12-22 01:41:37,172 | INFO | Test - Best epoch, Loss, MSE, MAE: 110, 0.00277, 0.00277, 0.03180
2025-12-22 01:41:37,172 | INFO | Test - Points (EXACT): total_masked=96963 correct=58149 right_rate=59.9703%
2025-12-22 01:41:41,723 | INFO | - Epoch 112, ExpID 31735 best_epoch=110 improved=0
2025-12-22 01:41:41,723 | INFO | Train - Loss (last batch): 0.00254
2025-12-22 01:41:41,723 | INFO | Val - Loss, MSE, MAE: 0.00294, 0.00294, 0.03301
2025-12-22 01:41:41,723 | INFO | Test - Best epoch, Loss, MSE, MAE: 110, 0.00277, 0.00277, 0.03180
2025-12-22 01:41:41,723 | INFO | Test - Points (EXACT): total_masked=96963 correct=58149 right_rate=59.9703%
2025-12-22 01:41:46,460 | INFO | - Epoch 113, ExpID 31735 best_epoch=110 improved=0
2025-12-22 01:41:46,461 | INFO | Train - Loss (last batch): 0.00241
2025-12-22 01:41:46,461 | INFO | Val - Loss, MSE, MAE: 0.00292, 0.00292, 0.03258
2025-12-22 01:41:46,461 | INFO | Test - Best epoch, Loss, MSE, MAE: 110, 0.00277, 0.00277, 0.03180
2025-12-22 01:41:46,461 | INFO | Test - Points (EXACT): total_masked=96963 correct=58149 right_rate=59.9703%
2025-12-22 01:41:50,982 | INFO | - Epoch 114, ExpID 31735 best_epoch=110 improved=0
2025-12-22 01:41:50,982 | INFO | Train - Loss (last batch): 0.00267
2025-12-22 01:41:50,982 | INFO | Val - Loss, MSE, MAE: 0.00292, 0.00292, 0.03255
2025-12-22 01:41:50,982 | INFO | Test - Best epoch, Loss, MSE, MAE: 110, 0.00277, 0.00277, 0.03180
2025-12-22 01:41:50,982 | INFO | Test - Points (EXACT): total_masked=96963 correct=58149 right_rate=59.9703%
2025-12-22 01:41:55,489 | INFO | - Epoch 115, ExpID 31735 best_epoch=110 improved=0
2025-12-22 01:41:55,489 | INFO | Train - Loss (last batch): 0.00285
2025-12-22 01:41:55,489 | INFO | Val - Loss, MSE, MAE: 0.00292, 0.00292, 0.03261
2025-12-22 01:41:55,489 | INFO | Test - Best epoch, Loss, MSE, MAE: 110, 0.00277, 0.00277, 0.03180
2025-12-22 01:41:55,489 | INFO | Test - Points (EXACT): total_masked=96963 correct=58149 right_rate=59.9703%
2025-12-22 01:42:00,007 | INFO | - Epoch 116, ExpID 31735 best_epoch=110 improved=0
2025-12-22 01:42:00,007 | INFO | Train - Loss (last batch): 0.00246
2025-12-22 01:42:00,007 | INFO | Val - Loss, MSE, MAE: 0.00290, 0.00290, 0.03230
2025-12-22 01:42:00,007 | INFO | Test - Best epoch, Loss, MSE, MAE: 110, 0.00277, 0.00277, 0.03180
2025-12-22 01:42:00,007 | INFO | Test - Points (EXACT): total_masked=96963 correct=58149 right_rate=59.9703%
2025-12-22 01:42:04,517 | INFO | - Epoch 117, ExpID 31735 best_epoch=110 improved=0
2025-12-22 01:42:04,518 | INFO | Train - Loss (last batch): 0.00276
2025-12-22 01:42:04,518 | INFO | Val - Loss, MSE, MAE: 0.00290, 0.00290, 0.03229
2025-12-22 01:42:04,518 | INFO | Test - Best epoch, Loss, MSE, MAE: 110, 0.00277, 0.00277, 0.03180
2025-12-22 01:42:04,518 | INFO | Test - Points (EXACT): total_masked=96963 correct=58149 right_rate=59.9703%
2025-12-22 01:42:09,021 | INFO | - Epoch 118, ExpID 31735 best_epoch=110 improved=0
2025-12-22 01:42:09,021 | INFO | Train - Loss (last batch): 0.00233
2025-12-22 01:42:09,021 | INFO | Val - Loss, MSE, MAE: 0.00294, 0.00294, 0.03308
2025-12-22 01:42:09,021 | INFO | Test - Best epoch, Loss, MSE, MAE: 110, 0.00277, 0.00277, 0.03180
2025-12-22 01:42:09,021 | INFO | Test - Points (EXACT): total_masked=96963 correct=58149 right_rate=59.9703%
2025-12-22 01:42:13,526 | INFO | - Epoch 119, ExpID 31735 best_epoch=110 improved=0
2025-12-22 01:42:13,526 | INFO | Train - Loss (last batch): 0.00292
2025-12-22 01:42:13,526 | INFO | Val - Loss, MSE, MAE: 0.00290, 0.00290, 0.03226
2025-12-22 01:42:13,526 | INFO | Test - Best epoch, Loss, MSE, MAE: 110, 0.00277, 0.00277, 0.03180
2025-12-22 01:42:13,526 | INFO | Test - Points (EXACT): total_masked=96963 correct=58149 right_rate=59.9703%
2025-12-22 01:42:18,034 | INFO | - Epoch 120, ExpID 31735 best_epoch=110 improved=0
2025-12-22 01:42:18,034 | INFO | Train - Loss (last batch): 0.00248
2025-12-22 01:42:18,034 | INFO | Val - Loss, MSE, MAE: 0.00290, 0.00290, 0.03226
2025-12-22 01:42:18,034 | INFO | Test - Best epoch, Loss, MSE, MAE: 110, 0.00277, 0.00277, 0.03180
2025-12-22 01:42:18,034 | INFO | Test - Points (EXACT): total_masked=96963 correct=58149 right_rate=59.9703%
2025-12-22 01:42:22,549 | INFO | - Epoch 121, ExpID 31735 best_epoch=110 improved=0
2025-12-22 01:42:22,549 | INFO | Train - Loss (last batch): 0.00282
2025-12-22 01:42:22,549 | INFO | Val - Loss, MSE, MAE: 0.00291, 0.00291, 0.03249
2025-12-22 01:42:22,549 | INFO | Test - Best epoch, Loss, MSE, MAE: 110, 0.00277, 0.00277, 0.03180
2025-12-22 01:42:22,549 | INFO | Test - Points (EXACT): total_masked=96963 correct=58149 right_rate=59.9703%
2025-12-22 01:42:27,056 | INFO | - Epoch 122, ExpID 31735 best_epoch=110 improved=0
2025-12-22 01:42:27,057 | INFO | Train - Loss (last batch): 0.00200
2025-12-22 01:42:27,057 | INFO | Val - Loss, MSE, MAE: 0.00291, 0.00291, 0.03257
2025-12-22 01:42:27,057 | INFO | Test - Best epoch, Loss, MSE, MAE: 110, 0.00277, 0.00277, 0.03180
2025-12-22 01:42:27,057 | INFO | Test - Points (EXACT): total_masked=96963 correct=58149 right_rate=59.9703%
2025-12-22 01:42:31,569 | INFO | - Epoch 123, ExpID 31735 best_epoch=110 improved=0
2025-12-22 01:42:31,569 | INFO | Train - Loss (last batch): 0.00220
2025-12-22 01:42:31,569 | INFO | Val - Loss, MSE, MAE: 0.00292, 0.00292, 0.03280
2025-12-22 01:42:31,569 | INFO | Test - Best epoch, Loss, MSE, MAE: 110, 0.00277, 0.00277, 0.03180
2025-12-22 01:42:31,569 | INFO | Test - Points (EXACT): total_masked=96963 correct=58149 right_rate=59.9703%
2025-12-22 01:42:36,078 | INFO | - Epoch 124, ExpID 31735 best_epoch=110 improved=0
2025-12-22 01:42:36,078 | INFO | Train - Loss (last batch): 0.00277
2025-12-22 01:42:36,078 | INFO | Val - Loss, MSE, MAE: 0.00291, 0.00291, 0.03249
2025-12-22 01:42:36,078 | INFO | Test - Best epoch, Loss, MSE, MAE: 110, 0.00277, 0.00277, 0.03180
2025-12-22 01:42:36,078 | INFO | Test - Points (EXACT): total_masked=96963 correct=58149 right_rate=59.9703%
2025-12-22 01:42:40,584 | INFO | - Epoch 125, ExpID 31735 best_epoch=110 improved=0
2025-12-22 01:42:40,584 | INFO | Train - Loss (last batch): 0.00332
2025-12-22 01:42:40,584 | INFO | Val - Loss, MSE, MAE: 0.00290, 0.00290, 0.03233
2025-12-22 01:42:40,584 | INFO | Test - Best epoch, Loss, MSE, MAE: 110, 0.00277, 0.00277, 0.03180
2025-12-22 01:42:40,584 | INFO | Test - Points (EXACT): total_masked=96963 correct=58149 right_rate=59.9703%
2025-12-22 01:42:45,099 | INFO | - Epoch 126, ExpID 31735 best_epoch=110 improved=0
2025-12-22 01:42:45,099 | INFO | Train - Loss (last batch): 0.00224
2025-12-22 01:42:45,099 | INFO | Val - Loss, MSE, MAE: 0.00290, 0.00290, 0.03237
2025-12-22 01:42:45,099 | INFO | Test - Best epoch, Loss, MSE, MAE: 110, 0.00277, 0.00277, 0.03180
2025-12-22 01:42:45,099 | INFO | Test - Points (EXACT): total_masked=96963 correct=58149 right_rate=59.9703%
2025-12-22 01:42:49,606 | INFO | - Epoch 127, ExpID 31735 best_epoch=110 improved=0
2025-12-22 01:42:49,606 | INFO | Train - Loss (last batch): 0.00268
2025-12-22 01:42:49,606 | INFO | Val - Loss, MSE, MAE: 0.00291, 0.00291, 0.03257
2025-12-22 01:42:49,606 | INFO | Test - Best epoch, Loss, MSE, MAE: 110, 0.00277, 0.00277, 0.03180
2025-12-22 01:42:49,606 | INFO | Test - Points (EXACT): total_masked=96963 correct=58149 right_rate=59.9703%
2025-12-22 01:42:54,132 | INFO | - Epoch 128, ExpID 31735 best_epoch=110 improved=0
2025-12-22 01:42:54,132 | INFO | Train - Loss (last batch): 0.00221
2025-12-22 01:42:54,132 | INFO | Val - Loss, MSE, MAE: 0.00291, 0.00291, 0.03240
2025-12-22 01:42:54,132 | INFO | Test - Best epoch, Loss, MSE, MAE: 110, 0.00277, 0.00277, 0.03180
2025-12-22 01:42:54,132 | INFO | Test - Points (EXACT): total_masked=96963 correct=58149 right_rate=59.9703%
2025-12-22 01:42:58,644 | INFO | - Epoch 129, ExpID 31735 best_epoch=110 improved=0
2025-12-22 01:42:58,644 | INFO | Train - Loss (last batch): 0.00188
2025-12-22 01:42:58,644 | INFO | Val - Loss, MSE, MAE: 0.00290, 0.00290, 0.03233
2025-12-22 01:42:58,644 | INFO | Test - Best epoch, Loss, MSE, MAE: 110, 0.00277, 0.00277, 0.03180
2025-12-22 01:42:58,644 | INFO | Test - Points (EXACT): total_masked=96963 correct=58149 right_rate=59.9703%
2025-12-22 01:43:03,172 | INFO | - Epoch 130, ExpID 31735 best_epoch=110 improved=0
2025-12-22 01:43:03,172 | INFO | Train - Loss (last batch): 0.00278
2025-12-22 01:43:03,172 | INFO | Val - Loss, MSE, MAE: 0.00292, 0.00292, 0.03278
2025-12-22 01:43:03,172 | INFO | Test - Best epoch, Loss, MSE, MAE: 110, 0.00277, 0.00277, 0.03180
2025-12-22 01:43:03,172 | INFO | Test - Points (EXACT): total_masked=96963 correct=58149 right_rate=59.9703%
2025-12-22 01:43:07,427 | INFO | - Epoch 131, ExpID 31735 best_epoch=110 improved=0
2025-12-22 01:43:07,427 | INFO | Train - Loss (last batch): 0.00242
2025-12-22 01:43:07,427 | INFO | Val - Loss, MSE, MAE: 0.00292, 0.00292, 0.03271
2025-12-22 01:43:07,427 | INFO | Test - Best epoch, Loss, MSE, MAE: 110, 0.00277, 0.00277, 0.03180
2025-12-22 01:43:07,427 | INFO | Test - Points (EXACT): total_masked=96963 correct=58149 right_rate=59.9703%
2025-12-22 01:43:11,569 | INFO | - Epoch 132, ExpID 31735 best_epoch=110 improved=0
2025-12-22 01:43:11,569 | INFO | Train - Loss (last batch): 0.00327
2025-12-22 01:43:11,569 | INFO | Val - Loss, MSE, MAE: 0.00292, 0.00292, 0.03266
2025-12-22 01:43:11,569 | INFO | Test - Best epoch, Loss, MSE, MAE: 110, 0.00277, 0.00277, 0.03180
2025-12-22 01:43:11,569 | INFO | Test - Points (EXACT): total_masked=96963 correct=58149 right_rate=59.9703%
2025-12-22 01:43:15,722 | INFO | - Epoch 133, ExpID 31735 best_epoch=110 improved=0
2025-12-22 01:43:15,722 | INFO | Train - Loss (last batch): 0.00207
2025-12-22 01:43:15,722 | INFO | Val - Loss, MSE, MAE: 0.00291, 0.00291, 0.03249
2025-12-22 01:43:15,722 | INFO | Test - Best epoch, Loss, MSE, MAE: 110, 0.00277, 0.00277, 0.03180
2025-12-22 01:43:15,722 | INFO | Test - Points (EXACT): total_masked=96963 correct=58149 right_rate=59.9703%
2025-12-22 01:43:19,941 | INFO | - Epoch 134, ExpID 31735 best_epoch=110 improved=0
2025-12-22 01:43:19,941 | INFO | Train - Loss (last batch): 0.00265
2025-12-22 01:43:19,941 | INFO | Val - Loss, MSE, MAE: 0.00290, 0.00290, 0.03227
2025-12-22 01:43:19,941 | INFO | Test - Best epoch, Loss, MSE, MAE: 110, 0.00277, 0.00277, 0.03180
2025-12-22 01:43:19,941 | INFO | Test - Points (EXACT): total_masked=96963 correct=58149 right_rate=59.9703%
2025-12-22 01:43:24,189 | INFO | - Epoch 135, ExpID 31735 best_epoch=110 improved=0
2025-12-22 01:43:24,189 | INFO | Train - Loss (last batch): 0.00290
2025-12-22 01:43:24,189 | INFO | Val - Loss, MSE, MAE: 0.00290, 0.00290, 0.03223
2025-12-22 01:43:24,189 | INFO | Test - Best epoch, Loss, MSE, MAE: 110, 0.00277, 0.00277, 0.03180
2025-12-22 01:43:24,189 | INFO | Test - Points (EXACT): total_masked=96963 correct=58149 right_rate=59.9703%
2025-12-22 01:43:28,693 | INFO | - Epoch 136, ExpID 31735 best_epoch=110 improved=0
2025-12-22 01:43:28,693 | INFO | Train - Loss (last batch): 0.00282
2025-12-22 01:43:28,693 | INFO | Val - Loss, MSE, MAE: 0.00290, 0.00290, 0.03225
2025-12-22 01:43:28,693 | INFO | Test - Best epoch, Loss, MSE, MAE: 110, 0.00277, 0.00277, 0.03180
2025-12-22 01:43:28,693 | INFO | Test - Points (EXACT): total_masked=96963 correct=58149 right_rate=59.9703%
2025-12-22 01:43:33,677 | INFO | - Epoch 137, ExpID 31735 best_epoch=110 improved=0
2025-12-22 01:43:33,677 | INFO | Train - Loss (last batch): 0.00288
2025-12-22 01:43:33,677 | INFO | Val - Loss, MSE, MAE: 0.00291, 0.00291, 0.03270
2025-12-22 01:43:33,677 | INFO | Test - Best epoch, Loss, MSE, MAE: 110, 0.00277, 0.00277, 0.03180
2025-12-22 01:43:33,677 | INFO | Test - Points (EXACT): total_masked=96963 correct=58149 right_rate=59.9703%
2025-12-22 01:43:38,189 | INFO | - Epoch 138, ExpID 31735 best_epoch=110 improved=0
2025-12-22 01:43:38,189 | INFO | Train - Loss (last batch): 0.00208
2025-12-22 01:43:38,189 | INFO | Val - Loss, MSE, MAE: 0.00290, 0.00290, 0.03224
2025-12-22 01:43:38,189 | INFO | Test - Best epoch, Loss, MSE, MAE: 110, 0.00277, 0.00277, 0.03180
2025-12-22 01:43:38,189 | INFO | Test - Points (EXACT): total_masked=96963 correct=58149 right_rate=59.9703%
2025-12-22 01:43:42,711 | INFO | - Epoch 139, ExpID 31735 best_epoch=110 improved=0
2025-12-22 01:43:42,711 | INFO | Train - Loss (last batch): 0.00242
2025-12-22 01:43:42,711 | INFO | Val - Loss, MSE, MAE: 0.00290, 0.00290, 0.03239
2025-12-22 01:43:42,711 | INFO | Test - Best epoch, Loss, MSE, MAE: 110, 0.00277, 0.00277, 0.03180
2025-12-22 01:43:42,711 | INFO | Test - Points (EXACT): total_masked=96963 correct=58149 right_rate=59.9703%
2025-12-22 01:43:47,242 | INFO | - Epoch 140, ExpID 31735 best_epoch=110 improved=0
2025-12-22 01:43:47,242 | INFO | Train - Loss (last batch): 0.00287
2025-12-22 01:43:47,242 | INFO | Val - Loss, MSE, MAE: 0.00290, 0.00290, 0.03232
2025-12-22 01:43:47,243 | INFO | Test - Best epoch, Loss, MSE, MAE: 110, 0.00277, 0.00277, 0.03180
2025-12-22 01:43:47,243 | INFO | Test - Points (EXACT): total_masked=96963 correct=58149 right_rate=59.9703%
2025-12-22 01:43:51,770 | INFO | - Epoch 141, ExpID 31735 best_epoch=110 improved=0
2025-12-22 01:43:51,770 | INFO | Train - Loss (last batch): 0.00238
2025-12-22 01:43:51,770 | INFO | Val - Loss, MSE, MAE: 0.00290, 0.00290, 0.03243
2025-12-22 01:43:51,770 | INFO | Test - Best epoch, Loss, MSE, MAE: 110, 0.00277, 0.00277, 0.03180
2025-12-22 01:43:51,770 | INFO | Test - Points (EXACT): total_masked=96963 correct=58149 right_rate=59.9703%
2025-12-22 01:43:56,299 | INFO | - Epoch 142, ExpID 31735 best_epoch=110 improved=0
2025-12-22 01:43:56,299 | INFO | Train - Loss (last batch): 0.00270
2025-12-22 01:43:56,299 | INFO | Val - Loss, MSE, MAE: 0.00290, 0.00290, 0.03241
2025-12-22 01:43:56,299 | INFO | Test - Best epoch, Loss, MSE, MAE: 110, 0.00277, 0.00277, 0.03180
2025-12-22 01:43:56,299 | INFO | Test - Points (EXACT): total_masked=96963 correct=58149 right_rate=59.9703%
2025-12-22 01:44:00,815 | INFO | - Epoch 143, ExpID 31735 best_epoch=110 improved=0
2025-12-22 01:44:00,815 | INFO | Train - Loss (last batch): 0.00215
2025-12-22 01:44:00,815 | INFO | Val - Loss, MSE, MAE: 0.00290, 0.00290, 0.03235
2025-12-22 01:44:00,815 | INFO | Test - Best epoch, Loss, MSE, MAE: 110, 0.00277, 0.00277, 0.03180
2025-12-22 01:44:00,815 | INFO | Test - Points (EXACT): total_masked=96963 correct=58149 right_rate=59.9703%
2025-12-22 01:44:05,349 | INFO | - Epoch 144, ExpID 31735 best_epoch=110 improved=0
2025-12-22 01:44:05,349 | INFO | Train - Loss (last batch): 0.00219
2025-12-22 01:44:05,349 | INFO | Val - Loss, MSE, MAE: 0.00290, 0.00290, 0.03235
2025-12-22 01:44:05,349 | INFO | Test - Best epoch, Loss, MSE, MAE: 110, 0.00277, 0.00277, 0.03180
2025-12-22 01:44:05,349 | INFO | Test - Points (EXACT): total_masked=96963 correct=58149 right_rate=59.9703%
2025-12-22 01:44:09,875 | INFO | - Epoch 145, ExpID 31735 best_epoch=110 improved=0
2025-12-22 01:44:09,875 | INFO | Train - Loss (last batch): 0.00268
2025-12-22 01:44:09,875 | INFO | Val - Loss, MSE, MAE: 0.00290, 0.00290, 0.03241
2025-12-22 01:44:09,875 | INFO | Test - Best epoch, Loss, MSE, MAE: 110, 0.00277, 0.00277, 0.03180
2025-12-22 01:44:09,875 | INFO | Test - Points (EXACT): total_masked=96963 correct=58149 right_rate=59.9703%
2025-12-22 01:44:14,407 | INFO | - Epoch 146, ExpID 31735 best_epoch=110 improved=0
2025-12-22 01:44:14,407 | INFO | Train - Loss (last batch): 0.00233
2025-12-22 01:44:14,407 | INFO | Val - Loss, MSE, MAE: 0.00290, 0.00290, 0.03236
2025-12-22 01:44:14,407 | INFO | Test - Best epoch, Loss, MSE, MAE: 110, 0.00277, 0.00277, 0.03180
2025-12-22 01:44:14,407 | INFO | Test - Points (EXACT): total_masked=96963 correct=58149 right_rate=59.9703%
2025-12-22 01:44:18,926 | INFO | - Epoch 147, ExpID 31735 best_epoch=110 improved=0
2025-12-22 01:44:18,927 | INFO | Train - Loss (last batch): 0.00344
2025-12-22 01:44:18,927 | INFO | Val - Loss, MSE, MAE: 0.00290, 0.00290, 0.03237
2025-12-22 01:44:18,927 | INFO | Test - Best epoch, Loss, MSE, MAE: 110, 0.00277, 0.00277, 0.03180
2025-12-22 01:44:18,927 | INFO | Test - Points (EXACT): total_masked=96963 correct=58149 right_rate=59.9703%
2025-12-22 01:44:24,039 | INFO | - Epoch 148, ExpID 31735 best_epoch=148 improved=1
2025-12-22 01:44:24,039 | INFO | Train - Loss (last batch): 0.00262
2025-12-22 01:44:24,039 | INFO | Val - Loss, MSE, MAE: 0.00289, 0.00289, 0.03216
2025-12-22 01:44:24,039 | INFO | Test - Best epoch, Loss, MSE, MAE: 148, 0.00277, 0.00277, 0.03172
2025-12-22 01:44:24,039 | INFO | Test - Points (EXACT): total_masked=96963 correct=58315 right_rate=60.1415%
2025-12-22 01:44:28,544 | INFO | - Epoch 149, ExpID 31735 best_epoch=148 improved=0
2025-12-22 01:44:28,544 | INFO | Train - Loss (last batch): 0.00289
2025-12-22 01:44:28,544 | INFO | Val - Loss, MSE, MAE: 0.00289, 0.00289, 0.03221
2025-12-22 01:44:28,544 | INFO | Test - Best epoch, Loss, MSE, MAE: 148, 0.00277, 0.00277, 0.03172
2025-12-22 01:44:28,544 | INFO | Test - Points (EXACT): total_masked=96963 correct=58315 right_rate=60.1415%
2025-12-22 01:44:33,064 | INFO | - Epoch 150, ExpID 31735 best_epoch=148 improved=0
2025-12-22 01:44:33,065 | INFO | Train - Loss (last batch): 0.00229
2025-12-22 01:44:33,065 | INFO | Val - Loss, MSE, MAE: 0.00290, 0.00290, 0.03237
2025-12-22 01:44:33,065 | INFO | Test - Best epoch, Loss, MSE, MAE: 148, 0.00277, 0.00277, 0.03172
2025-12-22 01:44:33,065 | INFO | Test - Points (EXACT): total_masked=96963 correct=58315 right_rate=60.1415%
2025-12-22 01:44:37,744 | INFO | - Epoch 151, ExpID 31735 best_epoch=148 improved=0
2025-12-22 01:44:37,744 | INFO | Train - Loss (last batch): 0.00235
2025-12-22 01:44:37,744 | INFO | Val - Loss, MSE, MAE: 0.00289, 0.00289, 0.03223
2025-12-22 01:44:37,744 | INFO | Test - Best epoch, Loss, MSE, MAE: 148, 0.00277, 0.00277, 0.03172
2025-12-22 01:44:37,744 | INFO | Test - Points (EXACT): total_masked=96963 correct=58315 right_rate=60.1415%
2025-12-22 01:44:42,265 | INFO | - Epoch 152, ExpID 31735 best_epoch=148 improved=0
2025-12-22 01:44:42,265 | INFO | Train - Loss (last batch): 0.00210
2025-12-22 01:44:42,265 | INFO | Val - Loss, MSE, MAE: 0.00291, 0.00291, 0.03257
2025-12-22 01:44:42,266 | INFO | Test - Best epoch, Loss, MSE, MAE: 148, 0.00277, 0.00277, 0.03172
2025-12-22 01:44:42,266 | INFO | Test - Points (EXACT): total_masked=96963 correct=58315 right_rate=60.1415%
2025-12-22 01:44:46,892 | INFO | - Epoch 153, ExpID 31735 best_epoch=148 improved=0
2025-12-22 01:44:46,892 | INFO | Train - Loss (last batch): 0.00232
2025-12-22 01:44:46,892 | INFO | Val - Loss, MSE, MAE: 0.00290, 0.00290, 0.03235
2025-12-22 01:44:46,893 | INFO | Test - Best epoch, Loss, MSE, MAE: 148, 0.00277, 0.00277, 0.03172
2025-12-22 01:44:46,893 | INFO | Test - Points (EXACT): total_masked=96963 correct=58315 right_rate=60.1415%
2025-12-22 01:44:51,405 | INFO | - Epoch 154, ExpID 31735 best_epoch=148 improved=0
2025-12-22 01:44:51,405 | INFO | Train - Loss (last batch): 0.00308
2025-12-22 01:44:51,405 | INFO | Val - Loss, MSE, MAE: 0.00291, 0.00291, 0.03247
2025-12-22 01:44:51,405 | INFO | Test - Best epoch, Loss, MSE, MAE: 148, 0.00277, 0.00277, 0.03172
2025-12-22 01:44:51,405 | INFO | Test - Points (EXACT): total_masked=96963 correct=58315 right_rate=60.1415%
2025-12-22 01:44:55,829 | INFO | - Epoch 155, ExpID 31735 best_epoch=148 improved=0
2025-12-22 01:44:55,830 | INFO | Train - Loss (last batch): 0.00224
2025-12-22 01:44:55,830 | INFO | Val - Loss, MSE, MAE: 0.00290, 0.00290, 0.03231
2025-12-22 01:44:55,830 | INFO | Test - Best epoch, Loss, MSE, MAE: 148, 0.00277, 0.00277, 0.03172
2025-12-22 01:44:55,830 | INFO | Test - Points (EXACT): total_masked=96963 correct=58315 right_rate=60.1415%
2025-12-22 01:45:00,066 | INFO | - Epoch 156, ExpID 31735 best_epoch=148 improved=0
2025-12-22 01:45:00,066 | INFO | Train - Loss (last batch): 0.00243
2025-12-22 01:45:00,066 | INFO | Val - Loss, MSE, MAE: 0.00290, 0.00290, 0.03226
2025-12-22 01:45:00,066 | INFO | Test - Best epoch, Loss, MSE, MAE: 148, 0.00277, 0.00277, 0.03172
2025-12-22 01:45:00,066 | INFO | Test - Points (EXACT): total_masked=96963 correct=58315 right_rate=60.1415%
2025-12-22 01:45:04,261 | INFO | - Epoch 157, ExpID 31735 best_epoch=148 improved=0
2025-12-22 01:45:04,261 | INFO | Train - Loss (last batch): 0.00247
2025-12-22 01:45:04,261 | INFO | Val - Loss, MSE, MAE: 0.00290, 0.00290, 0.03234
2025-12-22 01:45:04,261 | INFO | Test - Best epoch, Loss, MSE, MAE: 148, 0.00277, 0.00277, 0.03172
2025-12-22 01:45:04,261 | INFO | Test - Points (EXACT): total_masked=96963 correct=58315 right_rate=60.1415%
2025-12-22 01:45:08,890 | INFO | - Epoch 158, ExpID 31735 best_epoch=148 improved=0
2025-12-22 01:45:08,890 | INFO | Train - Loss (last batch): 0.00312
2025-12-22 01:45:08,890 | INFO | Val - Loss, MSE, MAE: 0.00289, 0.00289, 0.03226
2025-12-22 01:45:08,890 | INFO | Test - Best epoch, Loss, MSE, MAE: 148, 0.00277, 0.00277, 0.03172
2025-12-22 01:45:08,890 | INFO | Test - Points (EXACT): total_masked=96963 correct=58315 right_rate=60.1415%
2025-12-22 01:45:13,458 | INFO | - Epoch 159, ExpID 31735 best_epoch=148 improved=0
2025-12-22 01:45:13,458 | INFO | Train - Loss (last batch): 0.00229
2025-12-22 01:45:13,458 | INFO | Val - Loss, MSE, MAE: 0.00290, 0.00290, 0.03235
2025-12-22 01:45:13,458 | INFO | Test - Best epoch, Loss, MSE, MAE: 148, 0.00277, 0.00277, 0.03172
2025-12-22 01:45:13,458 | INFO | Test - Points (EXACT): total_masked=96963 correct=58315 right_rate=60.1415%
2025-12-22 01:45:17,970 | INFO | - Epoch 160, ExpID 31735 best_epoch=148 improved=0
2025-12-22 01:45:17,971 | INFO | Train - Loss (last batch): 0.00283
2025-12-22 01:45:17,971 | INFO | Val - Loss, MSE, MAE: 0.00290, 0.00290, 0.03227
2025-12-22 01:45:17,971 | INFO | Test - Best epoch, Loss, MSE, MAE: 148, 0.00277, 0.00277, 0.03172
2025-12-22 01:45:17,971 | INFO | Test - Points (EXACT): total_masked=96963 correct=58315 right_rate=60.1415%
2025-12-22 01:45:22,507 | INFO | - Epoch 161, ExpID 31735 best_epoch=148 improved=0
2025-12-22 01:45:22,507 | INFO | Train - Loss (last batch): 0.00225
2025-12-22 01:45:22,507 | INFO | Val - Loss, MSE, MAE: 0.00290, 0.00290, 0.03243
2025-12-22 01:45:22,507 | INFO | Test - Best epoch, Loss, MSE, MAE: 148, 0.00277, 0.00277, 0.03172
2025-12-22 01:45:22,507 | INFO | Test - Points (EXACT): total_masked=96963 correct=58315 right_rate=60.1415%
2025-12-22 01:45:27,029 | INFO | - Epoch 162, ExpID 31735 best_epoch=148 improved=0
2025-12-22 01:45:27,029 | INFO | Train - Loss (last batch): 0.00289
2025-12-22 01:45:27,029 | INFO | Val - Loss, MSE, MAE: 0.00291, 0.00291, 0.03251
2025-12-22 01:45:27,029 | INFO | Test - Best epoch, Loss, MSE, MAE: 148, 0.00277, 0.00277, 0.03172
2025-12-22 01:45:27,029 | INFO | Test - Points (EXACT): total_masked=96963 correct=58315 right_rate=60.1415%
2025-12-22 01:45:31,560 | INFO | - Epoch 163, ExpID 31735 best_epoch=148 improved=0
2025-12-22 01:45:31,560 | INFO | Train - Loss (last batch): 0.00220
2025-12-22 01:45:31,560 | INFO | Val - Loss, MSE, MAE: 0.00290, 0.00290, 0.03234
2025-12-22 01:45:31,560 | INFO | Test - Best epoch, Loss, MSE, MAE: 148, 0.00277, 0.00277, 0.03172
2025-12-22 01:45:31,560 | INFO | Test - Points (EXACT): total_masked=96963 correct=58315 right_rate=60.1415%
2025-12-22 01:45:36,685 | INFO | - Epoch 164, ExpID 31735 best_epoch=164 improved=1
2025-12-22 01:45:36,685 | INFO | Train - Loss (last batch): 0.00284
2025-12-22 01:45:36,685 | INFO | Val - Loss, MSE, MAE: 0.00289, 0.00289, 0.03216
2025-12-22 01:45:36,685 | INFO | Test - Best epoch, Loss, MSE, MAE: 164, 0.00277, 0.00277, 0.03172
2025-12-22 01:45:36,685 | INFO | Test - Points (EXACT): total_masked=96963 correct=58277 right_rate=60.1023%
2025-12-22 01:45:41,208 | INFO | - Epoch 165, ExpID 31735 best_epoch=164 improved=0
2025-12-22 01:45:41,209 | INFO | Train - Loss (last batch): 0.00366
2025-12-22 01:45:41,209 | INFO | Val - Loss, MSE, MAE: 0.00290, 0.00290, 0.03236
2025-12-22 01:45:41,209 | INFO | Test - Best epoch, Loss, MSE, MAE: 164, 0.00277, 0.00277, 0.03172
2025-12-22 01:45:41,209 | INFO | Test - Points (EXACT): total_masked=96963 correct=58277 right_rate=60.1023%
2025-12-22 01:45:45,719 | INFO | - Epoch 166, ExpID 31735 best_epoch=164 improved=0
2025-12-22 01:45:45,719 | INFO | Train - Loss (last batch): 0.00225
2025-12-22 01:45:45,719 | INFO | Val - Loss, MSE, MAE: 0.00291, 0.00291, 0.03250
2025-12-22 01:45:45,719 | INFO | Test - Best epoch, Loss, MSE, MAE: 164, 0.00277, 0.00277, 0.03172
2025-12-22 01:45:45,719 | INFO | Test - Points (EXACT): total_masked=96963 correct=58277 right_rate=60.1023%
2025-12-22 01:45:50,238 | INFO | - Epoch 167, ExpID 31735 best_epoch=164 improved=0
2025-12-22 01:45:50,238 | INFO | Train - Loss (last batch): 0.00253
2025-12-22 01:45:50,239 | INFO | Val - Loss, MSE, MAE: 0.00290, 0.00290, 0.03244
2025-12-22 01:45:50,239 | INFO | Test - Best epoch, Loss, MSE, MAE: 164, 0.00277, 0.00277, 0.03172
2025-12-22 01:45:50,239 | INFO | Test - Points (EXACT): total_masked=96963 correct=58277 right_rate=60.1023%
2025-12-22 01:45:55,377 | INFO | - Epoch 168, ExpID 31735 best_epoch=168 improved=1
2025-12-22 01:45:55,377 | INFO | Train - Loss (last batch): 0.00326
2025-12-22 01:45:55,377 | INFO | Val - Loss, MSE, MAE: 0.00289, 0.00289, 0.03215
2025-12-22 01:45:55,377 | INFO | Test - Best epoch, Loss, MSE, MAE: 168, 0.00277, 0.00277, 0.03171
2025-12-22 01:45:55,377 | INFO | Test - Points (EXACT): total_masked=96963 correct=58370 right_rate=60.1982%
2025-12-22 01:45:59,879 | INFO | - Epoch 169, ExpID 31735 best_epoch=168 improved=0
2025-12-22 01:45:59,879 | INFO | Train - Loss (last batch): 0.00267
2025-12-22 01:45:59,879 | INFO | Val - Loss, MSE, MAE: 0.00290, 0.00290, 0.03237
2025-12-22 01:45:59,879 | INFO | Test - Best epoch, Loss, MSE, MAE: 168, 0.00277, 0.00277, 0.03171
2025-12-22 01:45:59,879 | INFO | Test - Points (EXACT): total_masked=96963 correct=58370 right_rate=60.1982%
2025-12-22 01:46:04,463 | INFO | - Epoch 170, ExpID 31735 best_epoch=168 improved=0
2025-12-22 01:46:04,463 | INFO | Train - Loss (last batch): 0.00314
2025-12-22 01:46:04,463 | INFO | Val - Loss, MSE, MAE: 0.00290, 0.00290, 0.03243
2025-12-22 01:46:04,464 | INFO | Test - Best epoch, Loss, MSE, MAE: 168, 0.00277, 0.00277, 0.03171
2025-12-22 01:46:04,464 | INFO | Test - Points (EXACT): total_masked=96963 correct=58370 right_rate=60.1982%
2025-12-22 01:46:08,974 | INFO | - Epoch 171, ExpID 31735 best_epoch=168 improved=0
2025-12-22 01:46:08,974 | INFO | Train - Loss (last batch): 0.00247
2025-12-22 01:46:08,974 | INFO | Val - Loss, MSE, MAE: 0.00290, 0.00290, 0.03233
2025-12-22 01:46:08,974 | INFO | Test - Best epoch, Loss, MSE, MAE: 168, 0.00277, 0.00277, 0.03171
2025-12-22 01:46:08,974 | INFO | Test - Points (EXACT): total_masked=96963 correct=58370 right_rate=60.1982%
2025-12-22 01:46:13,317 | INFO | - Epoch 172, ExpID 31735 best_epoch=168 improved=0
2025-12-22 01:46:13,317 | INFO | Train - Loss (last batch): 0.00283
2025-12-22 01:46:13,317 | INFO | Val - Loss, MSE, MAE: 0.00290, 0.00290, 0.03235
2025-12-22 01:46:13,317 | INFO | Test - Best epoch, Loss, MSE, MAE: 168, 0.00277, 0.00277, 0.03171
2025-12-22 01:46:13,317 | INFO | Test - Points (EXACT): total_masked=96963 correct=58370 right_rate=60.1982%
2025-12-22 01:46:18,546 | INFO | - Epoch 173, ExpID 31735 best_epoch=173 improved=1
2025-12-22 01:46:18,546 | INFO | Train - Loss (last batch): 0.00183
2025-12-22 01:46:18,546 | INFO | Val - Loss, MSE, MAE: 0.00289, 0.00289, 0.03210
2025-12-22 01:46:18,546 | INFO | Test - Best epoch, Loss, MSE, MAE: 173, 0.00276, 0.00276, 0.03168
2025-12-22 01:46:18,546 | INFO | Test - Points (EXACT): total_masked=96963 correct=58418 right_rate=60.2477%
2025-12-22 01:46:23,078 | INFO | - Epoch 174, ExpID 31735 best_epoch=173 improved=0
2025-12-22 01:46:23,078 | INFO | Train - Loss (last batch): 0.00178
2025-12-22 01:46:23,078 | INFO | Val - Loss, MSE, MAE: 0.00290, 0.00290, 0.03246
2025-12-22 01:46:23,078 | INFO | Test - Best epoch, Loss, MSE, MAE: 173, 0.00276, 0.00276, 0.03168
2025-12-22 01:46:23,078 | INFO | Test - Points (EXACT): total_masked=96963 correct=58418 right_rate=60.2477%
2025-12-22 01:46:27,728 | INFO | - Epoch 175, ExpID 31735 best_epoch=173 improved=0
2025-12-22 01:46:27,728 | INFO | Train - Loss (last batch): 0.00219
2025-12-22 01:46:27,728 | INFO | Val - Loss, MSE, MAE: 0.00289, 0.00289, 0.03224
2025-12-22 01:46:27,728 | INFO | Test - Best epoch, Loss, MSE, MAE: 173, 0.00276, 0.00276, 0.03168
2025-12-22 01:46:27,728 | INFO | Test - Points (EXACT): total_masked=96963 correct=58418 right_rate=60.2477%
2025-12-22 01:46:32,247 | INFO | - Epoch 176, ExpID 31735 best_epoch=173 improved=0
2025-12-22 01:46:32,247 | INFO | Train - Loss (last batch): 0.00241
2025-12-22 01:46:32,247 | INFO | Val - Loss, MSE, MAE: 0.00290, 0.00290, 0.03239
2025-12-22 01:46:32,247 | INFO | Test - Best epoch, Loss, MSE, MAE: 173, 0.00276, 0.00276, 0.03168
2025-12-22 01:46:32,247 | INFO | Test - Points (EXACT): total_masked=96963 correct=58418 right_rate=60.2477%
2025-12-22 01:46:36,755 | INFO | - Epoch 177, ExpID 31735 best_epoch=173 improved=0
2025-12-22 01:46:36,755 | INFO | Train - Loss (last batch): 0.00287
2025-12-22 01:46:36,755 | INFO | Val - Loss, MSE, MAE: 0.00290, 0.00290, 0.03234
2025-12-22 01:46:36,756 | INFO | Test - Best epoch, Loss, MSE, MAE: 173, 0.00276, 0.00276, 0.03168
2025-12-22 01:46:36,756 | INFO | Test - Points (EXACT): total_masked=96963 correct=58418 right_rate=60.2477%
2025-12-22 01:46:41,295 | INFO | - Epoch 178, ExpID 31735 best_epoch=173 improved=0
2025-12-22 01:46:41,295 | INFO | Train - Loss (last batch): 0.00419
2025-12-22 01:46:41,295 | INFO | Val - Loss, MSE, MAE: 0.00289, 0.00289, 0.03227
2025-12-22 01:46:41,295 | INFO | Test - Best epoch, Loss, MSE, MAE: 173, 0.00276, 0.00276, 0.03168
2025-12-22 01:46:41,295 | INFO | Test - Points (EXACT): total_masked=96963 correct=58418 right_rate=60.2477%
2025-12-22 01:46:45,809 | INFO | - Epoch 179, ExpID 31735 best_epoch=173 improved=0
2025-12-22 01:46:45,809 | INFO | Train - Loss (last batch): 0.00206
2025-12-22 01:46:45,809 | INFO | Val - Loss, MSE, MAE: 0.00291, 0.00291, 0.03265
2025-12-22 01:46:45,809 | INFO | Test - Best epoch, Loss, MSE, MAE: 173, 0.00276, 0.00276, 0.03168
2025-12-22 01:46:45,810 | INFO | Test - Points (EXACT): total_masked=96963 correct=58418 right_rate=60.2477%
2025-12-22 01:46:50,323 | INFO | - Epoch 180, ExpID 31735 best_epoch=173 improved=0
2025-12-22 01:46:50,323 | INFO | Train - Loss (last batch): 0.00202
2025-12-22 01:46:50,323 | INFO | Val - Loss, MSE, MAE: 0.00290, 0.00290, 0.03237
2025-12-22 01:46:50,323 | INFO | Test - Best epoch, Loss, MSE, MAE: 173, 0.00276, 0.00276, 0.03168
2025-12-22 01:46:50,323 | INFO | Test - Points (EXACT): total_masked=96963 correct=58418 right_rate=60.2477%
2025-12-22 01:46:54,827 | INFO | - Epoch 181, ExpID 31735 best_epoch=173 improved=0
2025-12-22 01:46:54,827 | INFO | Train - Loss (last batch): 0.00228
2025-12-22 01:46:54,827 | INFO | Val - Loss, MSE, MAE: 0.00290, 0.00290, 0.03241
2025-12-22 01:46:54,827 | INFO | Test - Best epoch, Loss, MSE, MAE: 173, 0.00276, 0.00276, 0.03168
2025-12-22 01:46:54,827 | INFO | Test - Points (EXACT): total_masked=96963 correct=58418 right_rate=60.2477%
2025-12-22 01:46:59,345 | INFO | - Epoch 182, ExpID 31735 best_epoch=173 improved=0
2025-12-22 01:46:59,345 | INFO | Train - Loss (last batch): 0.00290
2025-12-22 01:46:59,345 | INFO | Val - Loss, MSE, MAE: 0.00291, 0.00291, 0.03259
2025-12-22 01:46:59,345 | INFO | Test - Best epoch, Loss, MSE, MAE: 173, 0.00276, 0.00276, 0.03168
2025-12-22 01:46:59,345 | INFO | Test - Points (EXACT): total_masked=96963 correct=58418 right_rate=60.2477%
2025-12-22 01:47:03,859 | INFO | - Epoch 183, ExpID 31735 best_epoch=173 improved=0
2025-12-22 01:47:03,859 | INFO | Train - Loss (last batch): 0.00248
2025-12-22 01:47:03,859 | INFO | Val - Loss, MSE, MAE: 0.00290, 0.00290, 0.03244
2025-12-22 01:47:03,859 | INFO | Test - Best epoch, Loss, MSE, MAE: 173, 0.00276, 0.00276, 0.03168
2025-12-22 01:47:03,859 | INFO | Test - Points (EXACT): total_masked=96963 correct=58418 right_rate=60.2477%
2025-12-22 01:47:08,367 | INFO | - Epoch 184, ExpID 31735 best_epoch=173 improved=0
2025-12-22 01:47:08,367 | INFO | Train - Loss (last batch): 0.00240
2025-12-22 01:47:08,367 | INFO | Val - Loss, MSE, MAE: 0.00291, 0.00291, 0.03252
2025-12-22 01:47:08,367 | INFO | Test - Best epoch, Loss, MSE, MAE: 173, 0.00276, 0.00276, 0.03168
2025-12-22 01:47:08,367 | INFO | Test - Points (EXACT): total_masked=96963 correct=58418 right_rate=60.2477%
2025-12-22 01:47:12,884 | INFO | - Epoch 185, ExpID 31735 best_epoch=173 improved=0
2025-12-22 01:47:12,884 | INFO | Train - Loss (last batch): 0.00242
2025-12-22 01:47:12,884 | INFO | Val - Loss, MSE, MAE: 0.00291, 0.00291, 0.03254
2025-12-22 01:47:12,884 | INFO | Test - Best epoch, Loss, MSE, MAE: 173, 0.00276, 0.00276, 0.03168
2025-12-22 01:47:12,884 | INFO | Test - Points (EXACT): total_masked=96963 correct=58418 right_rate=60.2477%
2025-12-22 01:47:17,392 | INFO | - Epoch 186, ExpID 31735 best_epoch=173 improved=0
2025-12-22 01:47:17,393 | INFO | Train - Loss (last batch): 0.00199
2025-12-22 01:47:17,393 | INFO | Val - Loss, MSE, MAE: 0.00289, 0.00289, 0.03219
2025-12-22 01:47:17,393 | INFO | Test - Best epoch, Loss, MSE, MAE: 173, 0.00276, 0.00276, 0.03168
2025-12-22 01:47:17,393 | INFO | Test - Points (EXACT): total_masked=96963 correct=58418 right_rate=60.2477%
2025-12-22 01:47:21,892 | INFO | - Epoch 187, ExpID 31735 best_epoch=173 improved=0
2025-12-22 01:47:21,892 | INFO | Train - Loss (last batch): 0.00261
2025-12-22 01:47:21,892 | INFO | Val - Loss, MSE, MAE: 0.00290, 0.00290, 0.03235
2025-12-22 01:47:21,892 | INFO | Test - Best epoch, Loss, MSE, MAE: 173, 0.00276, 0.00276, 0.03168
2025-12-22 01:47:21,892 | INFO | Test - Points (EXACT): total_masked=96963 correct=58418 right_rate=60.2477%
2025-12-22 01:47:26,412 | INFO | - Epoch 188, ExpID 31735 best_epoch=173 improved=0
2025-12-22 01:47:26,412 | INFO | Train - Loss (last batch): 0.00226
2025-12-22 01:47:26,412 | INFO | Val - Loss, MSE, MAE: 0.00289, 0.00289, 0.03221
2025-12-22 01:47:26,412 | INFO | Test - Best epoch, Loss, MSE, MAE: 173, 0.00276, 0.00276, 0.03168
2025-12-22 01:47:26,412 | INFO | Test - Points (EXACT): total_masked=96963 correct=58418 right_rate=60.2477%
2025-12-22 01:47:30,927 | INFO | - Epoch 189, ExpID 31735 best_epoch=173 improved=0
2025-12-22 01:47:30,928 | INFO | Train - Loss (last batch): 0.00247
2025-12-22 01:47:30,928 | INFO | Val - Loss, MSE, MAE: 0.00290, 0.00290, 0.03240
2025-12-22 01:47:30,928 | INFO | Test - Best epoch, Loss, MSE, MAE: 173, 0.00276, 0.00276, 0.03168
2025-12-22 01:47:30,928 | INFO | Test - Points (EXACT): total_masked=96963 correct=58418 right_rate=60.2477%
2025-12-22 01:47:35,437 | INFO | - Epoch 190, ExpID 31735 best_epoch=173 improved=0
2025-12-22 01:47:35,437 | INFO | Train - Loss (last batch): 0.00228
2025-12-22 01:47:35,437 | INFO | Val - Loss, MSE, MAE: 0.00289, 0.00289, 0.03224
2025-12-22 01:47:35,437 | INFO | Test - Best epoch, Loss, MSE, MAE: 173, 0.00276, 0.00276, 0.03168
2025-12-22 01:47:35,437 | INFO | Test - Points (EXACT): total_masked=96963 correct=58418 right_rate=60.2477%
2025-12-22 01:47:39,959 | INFO | - Epoch 191, ExpID 31735 best_epoch=173 improved=0
2025-12-22 01:47:39,959 | INFO | Train - Loss (last batch): 0.00268
2025-12-22 01:47:39,959 | INFO | Val - Loss, MSE, MAE: 0.00291, 0.00291, 0.03249
2025-12-22 01:47:39,959 | INFO | Test - Best epoch, Loss, MSE, MAE: 173, 0.00276, 0.00276, 0.03168
2025-12-22 01:47:39,959 | INFO | Test - Points (EXACT): total_masked=96963 correct=58418 right_rate=60.2477%
2025-12-22 01:47:44,482 | INFO | - Epoch 192, ExpID 31735 best_epoch=173 improved=0
2025-12-22 01:47:44,482 | INFO | Train - Loss (last batch): 0.00264
2025-12-22 01:47:44,482 | INFO | Val - Loss, MSE, MAE: 0.00290, 0.00290, 0.03229
2025-12-22 01:47:44,482 | INFO | Test - Best epoch, Loss, MSE, MAE: 173, 0.00276, 0.00276, 0.03168
2025-12-22 01:47:44,483 | INFO | Test - Points (EXACT): total_masked=96963 correct=58418 right_rate=60.2477%
2025-12-22 01:47:48,994 | INFO | - Epoch 193, ExpID 31735 best_epoch=173 improved=0
2025-12-22 01:47:48,994 | INFO | Train - Loss (last batch): 0.00276
2025-12-22 01:47:48,994 | INFO | Val - Loss, MSE, MAE: 0.00290, 0.00290, 0.03236
2025-12-22 01:47:48,994 | INFO | Test - Best epoch, Loss, MSE, MAE: 173, 0.00276, 0.00276, 0.03168
2025-12-22 01:47:48,994 | INFO | Test - Points (EXACT): total_masked=96963 correct=58418 right_rate=60.2477%
2025-12-22 01:47:53,505 | INFO | - Epoch 194, ExpID 31735 best_epoch=173 improved=0
2025-12-22 01:47:53,505 | INFO | Train - Loss (last batch): 0.00313
2025-12-22 01:47:53,505 | INFO | Val - Loss, MSE, MAE: 0.00291, 0.00291, 0.03251
2025-12-22 01:47:53,505 | INFO | Test - Best epoch, Loss, MSE, MAE: 173, 0.00276, 0.00276, 0.03168
2025-12-22 01:47:53,505 | INFO | Test - Points (EXACT): total_masked=96963 correct=58418 right_rate=60.2477%
2025-12-22 01:47:58,008 | INFO | - Epoch 195, ExpID 31735 best_epoch=173 improved=0
2025-12-22 01:47:58,008 | INFO | Train - Loss (last batch): 0.00262
2025-12-22 01:47:58,008 | INFO | Val - Loss, MSE, MAE: 0.00289, 0.00289, 0.03220
2025-12-22 01:47:58,008 | INFO | Test - Best epoch, Loss, MSE, MAE: 173, 0.00276, 0.00276, 0.03168
2025-12-22 01:47:58,008 | INFO | Test - Points (EXACT): total_masked=96963 correct=58418 right_rate=60.2477%
2025-12-22 01:48:02,519 | INFO | - Epoch 196, ExpID 31735 best_epoch=173 improved=0
2025-12-22 01:48:02,519 | INFO | Train - Loss (last batch): 0.00218
2025-12-22 01:48:02,519 | INFO | Val - Loss, MSE, MAE: 0.00290, 0.00290, 0.03248
2025-12-22 01:48:02,519 | INFO | Test - Best epoch, Loss, MSE, MAE: 173, 0.00276, 0.00276, 0.03168
2025-12-22 01:48:02,519 | INFO | Test - Points (EXACT): total_masked=96963 correct=58418 right_rate=60.2477%
2025-12-22 01:48:07,025 | INFO | - Epoch 197, ExpID 31735 best_epoch=173 improved=0
2025-12-22 01:48:07,025 | INFO | Train - Loss (last batch): 0.00319
2025-12-22 01:48:07,025 | INFO | Val - Loss, MSE, MAE: 0.00289, 0.00289, 0.03225
2025-12-22 01:48:07,025 | INFO | Test - Best epoch, Loss, MSE, MAE: 173, 0.00276, 0.00276, 0.03168
2025-12-22 01:48:07,025 | INFO | Test - Points (EXACT): total_masked=96963 correct=58418 right_rate=60.2477%
2025-12-22 01:48:11,549 | INFO | - Epoch 198, ExpID 31735 best_epoch=173 improved=0
2025-12-22 01:48:11,549 | INFO | Train - Loss (last batch): 0.00321
2025-12-22 01:48:11,549 | INFO | Val - Loss, MSE, MAE: 0.00290, 0.00290, 0.03238
2025-12-22 01:48:11,549 | INFO | Test - Best epoch, Loss, MSE, MAE: 173, 0.00276, 0.00276, 0.03168
2025-12-22 01:48:11,549 | INFO | Test - Points (EXACT): total_masked=96963 correct=58418 right_rate=60.2477%
2025-12-22 01:48:16,054 | INFO | - Epoch 199, ExpID 31735 best_epoch=173 improved=0
2025-12-22 01:48:16,054 | INFO | Train - Loss (last batch): 0.00242
2025-12-22 01:48:16,054 | INFO | Val - Loss, MSE, MAE: 0.00290, 0.00290, 0.03239
2025-12-22 01:48:16,055 | INFO | Test - Best epoch, Loss, MSE, MAE: 173, 0.00276, 0.00276, 0.03168
2025-12-22 01:48:16,055 | INFO | Test - Points (EXACT): total_masked=96963 correct=58418 right_rate=60.2477%
2025-12-22 01:48:20,571 | INFO | - Epoch 200, ExpID 31735 best_epoch=173 improved=0
2025-12-22 01:48:20,571 | INFO | Train - Loss (last batch): 0.00285
2025-12-22 01:48:20,571 | INFO | Val - Loss, MSE, MAE: 0.00289, 0.00289, 0.03213
2025-12-22 01:48:20,571 | INFO | Test - Best epoch, Loss, MSE, MAE: 173, 0.00276, 0.00276, 0.03168
2025-12-22 01:48:20,571 | INFO | Test - Points (EXACT): total_masked=96963 correct=58418 right_rate=60.2477%
2025-12-22 01:48:25,095 | INFO | - Epoch 201, ExpID 31735 best_epoch=173 improved=0
2025-12-22 01:48:25,095 | INFO | Train - Loss (last batch): 0.00221
2025-12-22 01:48:25,095 | INFO | Val - Loss, MSE, MAE: 0.00290, 0.00290, 0.03228
2025-12-22 01:48:25,095 | INFO | Test - Best epoch, Loss, MSE, MAE: 173, 0.00276, 0.00276, 0.03168
2025-12-22 01:48:25,095 | INFO | Test - Points (EXACT): total_masked=96963 correct=58418 right_rate=60.2477%
2025-12-22 01:48:29,601 | INFO | - Epoch 202, ExpID 31735 best_epoch=173 improved=0
2025-12-22 01:48:29,601 | INFO | Train - Loss (last batch): 0.00202
2025-12-22 01:48:29,601 | INFO | Val - Loss, MSE, MAE: 0.00289, 0.00289, 0.03219
2025-12-22 01:48:29,601 | INFO | Test - Best epoch, Loss, MSE, MAE: 173, 0.00276, 0.00276, 0.03168
2025-12-22 01:48:29,601 | INFO | Test - Points (EXACT): total_masked=96963 correct=58418 right_rate=60.2477%
2025-12-22 01:48:34,109 | INFO | - Epoch 203, ExpID 31735 best_epoch=173 improved=0
2025-12-22 01:48:34,109 | INFO | Train - Loss (last batch): 0.00250
2025-12-22 01:48:34,109 | INFO | Val - Loss, MSE, MAE: 0.00290, 0.00290, 0.03234
2025-12-22 01:48:34,109 | INFO | Test - Best epoch, Loss, MSE, MAE: 173, 0.00276, 0.00276, 0.03168
2025-12-22 01:48:34,109 | INFO | Test - Points (EXACT): total_masked=96963 correct=58418 right_rate=60.2477%
2025-12-22 01:48:38,620 | INFO | - Epoch 204, ExpID 31735 best_epoch=173 improved=0
2025-12-22 01:48:38,620 | INFO | Train - Loss (last batch): 0.00202
2025-12-22 01:48:38,621 | INFO | Val - Loss, MSE, MAE: 0.00290, 0.00290, 0.03229
2025-12-22 01:48:38,621 | INFO | Test - Best epoch, Loss, MSE, MAE: 173, 0.00276, 0.00276, 0.03168
2025-12-22 01:48:38,621 | INFO | Test - Points (EXACT): total_masked=96963 correct=58418 right_rate=60.2477%
2025-12-22 01:48:43,136 | INFO | - Epoch 205, ExpID 31735 best_epoch=173 improved=0
2025-12-22 01:48:43,136 | INFO | Train - Loss (last batch): 0.00276
2025-12-22 01:48:43,136 | INFO | Val - Loss, MSE, MAE: 0.00289, 0.00289, 0.03224
2025-12-22 01:48:43,136 | INFO | Test - Best epoch, Loss, MSE, MAE: 173, 0.00276, 0.00276, 0.03168
2025-12-22 01:48:43,136 | INFO | Test - Points (EXACT): total_masked=96963 correct=58418 right_rate=60.2477%
2025-12-22 01:48:47,641 | INFO | - Epoch 206, ExpID 31735 best_epoch=173 improved=0
2025-12-22 01:48:47,642 | INFO | Train - Loss (last batch): 0.00226
2025-12-22 01:48:47,642 | INFO | Val - Loss, MSE, MAE: 0.00290, 0.00290, 0.03239
2025-12-22 01:48:47,642 | INFO | Test - Best epoch, Loss, MSE, MAE: 173, 0.00276, 0.00276, 0.03168
2025-12-22 01:48:47,642 | INFO | Test - Points (EXACT): total_masked=96963 correct=58418 right_rate=60.2477%
2025-12-22 01:48:52,162 | INFO | - Epoch 207, ExpID 31735 best_epoch=173 improved=0
2025-12-22 01:48:52,162 | INFO | Train - Loss (last batch): 0.00254
2025-12-22 01:48:52,162 | INFO | Val - Loss, MSE, MAE: 0.00290, 0.00290, 0.03238
2025-12-22 01:48:52,162 | INFO | Test - Best epoch, Loss, MSE, MAE: 173, 0.00276, 0.00276, 0.03168
2025-12-22 01:48:52,162 | INFO | Test - Points (EXACT): total_masked=96963 correct=58418 right_rate=60.2477%
2025-12-22 01:48:56,664 | INFO | - Epoch 208, ExpID 31735 best_epoch=173 improved=0
2025-12-22 01:48:56,664 | INFO | Train - Loss (last batch): 0.00274
2025-12-22 01:48:56,664 | INFO | Val - Loss, MSE, MAE: 0.00290, 0.00290, 0.03234
2025-12-22 01:48:56,664 | INFO | Test - Best epoch, Loss, MSE, MAE: 173, 0.00276, 0.00276, 0.03168
2025-12-22 01:48:56,664 | INFO | Test - Points (EXACT): total_masked=96963 correct=58418 right_rate=60.2477%
2025-12-22 01:49:01,194 | INFO | - Epoch 209, ExpID 31735 best_epoch=173 improved=0
2025-12-22 01:49:01,194 | INFO | Train - Loss (last batch): 0.00328
2025-12-22 01:49:01,194 | INFO | Val - Loss, MSE, MAE: 0.00289, 0.00289, 0.03224
2025-12-22 01:49:01,194 | INFO | Test - Best epoch, Loss, MSE, MAE: 173, 0.00276, 0.00276, 0.03168
2025-12-22 01:49:01,194 | INFO | Test - Points (EXACT): total_masked=96963 correct=58418 right_rate=60.2477%
2025-12-22 01:49:05,707 | INFO | - Epoch 210, ExpID 31735 best_epoch=173 improved=0
2025-12-22 01:49:05,707 | INFO | Train - Loss (last batch): 0.00240
2025-12-22 01:49:05,707 | INFO | Val - Loss, MSE, MAE: 0.00289, 0.00289, 0.03229
2025-12-22 01:49:05,707 | INFO | Test - Best epoch, Loss, MSE, MAE: 173, 0.00276, 0.00276, 0.03168
2025-12-22 01:49:05,707 | INFO | Test - Points (EXACT): total_masked=96963 correct=58418 right_rate=60.2477%
2025-12-22 01:49:10,215 | INFO | - Epoch 211, ExpID 31735 best_epoch=173 improved=0
2025-12-22 01:49:10,215 | INFO | Train - Loss (last batch): 0.00196
2025-12-22 01:49:10,216 | INFO | Val - Loss, MSE, MAE: 0.00289, 0.00289, 0.03217
2025-12-22 01:49:10,216 | INFO | Test - Best epoch, Loss, MSE, MAE: 173, 0.00276, 0.00276, 0.03168
2025-12-22 01:49:10,216 | INFO | Test - Points (EXACT): total_masked=96963 correct=58418 right_rate=60.2477%
2025-12-22 01:49:14,736 | INFO | - Epoch 212, ExpID 31735 best_epoch=173 improved=0
2025-12-22 01:49:14,736 | INFO | Train - Loss (last batch): 0.00240
2025-12-22 01:49:14,736 | INFO | Val - Loss, MSE, MAE: 0.00290, 0.00290, 0.03234
2025-12-22 01:49:14,736 | INFO | Test - Best epoch, Loss, MSE, MAE: 173, 0.00276, 0.00276, 0.03168
2025-12-22 01:49:14,736 | INFO | Test - Points (EXACT): total_masked=96963 correct=58418 right_rate=60.2477%
2025-12-22 01:49:19,154 | INFO | - Epoch 213, ExpID 31735 best_epoch=173 improved=0
2025-12-22 01:49:19,154 | INFO | Train - Loss (last batch): 0.00351
2025-12-22 01:49:19,154 | INFO | Val - Loss, MSE, MAE: 0.00289, 0.00289, 0.03229
2025-12-22 01:49:19,155 | INFO | Test - Best epoch, Loss, MSE, MAE: 173, 0.00276, 0.00276, 0.03168
2025-12-22 01:49:19,155 | INFO | Test - Points (EXACT): total_masked=96963 correct=58418 right_rate=60.2477%
