2025-12-22 02:24:00,881 | INFO | - Epoch 000, ExpID 12332 best_epoch=0 improved=1
2025-12-22 02:24:00,881 | INFO | Train - Loss (last batch): 0.01459
2025-12-22 02:24:00,881 | INFO | Val - Loss, MSE, MAE: 0.01511, 0.01511, 0.09412
2025-12-22 02:24:00,881 | INFO | Test - Best epoch, Loss, MSE, MAE: 0, 0.01464, 0.01464, 0.09376
2025-12-22 02:24:00,881 | INFO | Test - Points (EXACT): total_masked=96963 correct=18292 right_rate=18.8649%
2025-12-22 02:24:06,236 | INFO | - Epoch 001, ExpID 12332 best_epoch=1 improved=1
2025-12-22 02:24:06,236 | INFO | Train - Loss (last batch): 0.00714
2025-12-22 02:24:06,236 | INFO | Val - Loss, MSE, MAE: 0.00490, 0.00490, 0.05038
2025-12-22 02:24:06,236 | INFO | Test - Best epoch, Loss, MSE, MAE: 1, 0.00478, 0.00478, 0.05004
2025-12-22 02:24:06,236 | INFO | Test - Points (EXACT): total_masked=96963 correct=31191 right_rate=32.1679%
2025-12-22 02:24:11,880 | INFO | - Epoch 002, ExpID 12332 best_epoch=2 improved=1
2025-12-22 02:24:11,880 | INFO | Train - Loss (last batch): 0.00385
2025-12-22 02:24:11,880 | INFO | Val - Loss, MSE, MAE: 0.00355, 0.00355, 0.03795
2025-12-22 02:24:11,881 | INFO | Test - Best epoch, Loss, MSE, MAE: 2, 0.00340, 0.00340, 0.03727
2025-12-22 02:24:11,881 | INFO | Test - Points (EXACT): total_masked=96963 correct=51906 right_rate=53.5318%
2025-12-22 02:24:17,311 | INFO | - Epoch 003, ExpID 12332 best_epoch=3 improved=1
2025-12-22 02:24:17,311 | INFO | Train - Loss (last batch): 0.00283
2025-12-22 02:24:17,312 | INFO | Val - Loss, MSE, MAE: 0.00351, 0.00351, 0.03840
2025-12-22 02:24:17,312 | INFO | Test - Best epoch, Loss, MSE, MAE: 3, 0.00339, 0.00339, 0.03797
2025-12-22 02:24:17,312 | INFO | Test - Points (EXACT): total_masked=96963 correct=50231 right_rate=51.8043%
2025-12-22 02:24:22,777 | INFO | - Epoch 004, ExpID 12332 best_epoch=4 improved=1
2025-12-22 02:24:22,777 | INFO | Train - Loss (last batch): 0.00362
2025-12-22 02:24:22,777 | INFO | Val - Loss, MSE, MAE: 0.00342, 0.00342, 0.03727
2025-12-22 02:24:22,777 | INFO | Test - Best epoch, Loss, MSE, MAE: 4, 0.00329, 0.00329, 0.03672
2025-12-22 02:24:22,777 | INFO | Test - Points (EXACT): total_masked=96963 correct=51968 right_rate=53.5957%
2025-12-22 02:24:27,485 | INFO | - Epoch 005, ExpID 12332 best_epoch=5 improved=1
2025-12-22 02:24:27,485 | INFO | Train - Loss (last batch): 0.00328
2025-12-22 02:24:27,485 | INFO | Val - Loss, MSE, MAE: 0.00330, 0.00330, 0.03611
2025-12-22 02:24:27,485 | INFO | Test - Best epoch, Loss, MSE, MAE: 5, 0.00320, 0.00320, 0.03586
2025-12-22 02:24:27,485 | INFO | Test - Points (EXACT): total_masked=96963 correct=53761 right_rate=55.4449%
2025-12-22 02:24:32,610 | INFO | - Epoch 006, ExpID 12332 best_epoch=6 improved=1
2025-12-22 02:24:32,610 | INFO | Train - Loss (last batch): 0.00372
2025-12-22 02:24:32,610 | INFO | Val - Loss, MSE, MAE: 0.00315, 0.00315, 0.03482
2025-12-22 02:24:32,610 | INFO | Test - Best epoch, Loss, MSE, MAE: 6, 0.00305, 0.00305, 0.03452
2025-12-22 02:24:32,610 | INFO | Test - Points (EXACT): total_masked=96963 correct=54917 right_rate=56.6371%
2025-12-22 02:24:38,262 | INFO | - Epoch 007, ExpID 12332 best_epoch=7 improved=1
2025-12-22 02:24:38,263 | INFO | Train - Loss (last batch): 0.00241
2025-12-22 02:24:38,263 | INFO | Val - Loss, MSE, MAE: 0.00303, 0.00303, 0.03283
2025-12-22 02:24:38,263 | INFO | Test - Best epoch, Loss, MSE, MAE: 7, 0.00293, 0.00293, 0.03254
2025-12-22 02:24:38,263 | INFO | Test - Points (EXACT): total_masked=96963 correct=57832 right_rate=59.6434%
2025-12-22 02:24:43,315 | INFO | - Epoch 008, ExpID 12332 best_epoch=7 improved=0
2025-12-22 02:24:43,315 | INFO | Train - Loss (last batch): 0.00277
2025-12-22 02:24:43,315 | INFO | Val - Loss, MSE, MAE: 0.00310, 0.00310, 0.03425
2025-12-22 02:24:43,315 | INFO | Test - Best epoch, Loss, MSE, MAE: 7, 0.00293, 0.00293, 0.03254
2025-12-22 02:24:43,315 | INFO | Test - Points (EXACT): total_masked=96963 correct=57832 right_rate=59.6434%
2025-12-22 02:24:48,187 | INFO | - Epoch 009, ExpID 12332 best_epoch=7 improved=0
2025-12-22 02:24:48,187 | INFO | Train - Loss (last batch): 0.00272
2025-12-22 02:24:48,187 | INFO | Val - Loss, MSE, MAE: 0.00308, 0.00308, 0.03452
2025-12-22 02:24:48,187 | INFO | Test - Best epoch, Loss, MSE, MAE: 7, 0.00293, 0.00293, 0.03254
2025-12-22 02:24:48,187 | INFO | Test - Points (EXACT): total_masked=96963 correct=57832 right_rate=59.6434%
2025-12-22 02:24:53,352 | INFO | - Epoch 010, ExpID 12332 best_epoch=7 improved=0
2025-12-22 02:24:53,352 | INFO | Train - Loss (last batch): 0.00229
2025-12-22 02:24:53,352 | INFO | Val - Loss, MSE, MAE: 0.00350, 0.00350, 0.04094
2025-12-22 02:24:53,352 | INFO | Test - Best epoch, Loss, MSE, MAE: 7, 0.00293, 0.00293, 0.03254
2025-12-22 02:24:53,352 | INFO | Test - Points (EXACT): total_masked=96963 correct=57832 right_rate=59.6434%
2025-12-22 02:24:58,488 | INFO | - Epoch 011, ExpID 12332 best_epoch=7 improved=0
2025-12-22 02:24:58,488 | INFO | Train - Loss (last batch): 0.00386
2025-12-22 02:24:58,488 | INFO | Val - Loss, MSE, MAE: 0.00313, 0.00313, 0.03542
2025-12-22 02:24:58,488 | INFO | Test - Best epoch, Loss, MSE, MAE: 7, 0.00293, 0.00293, 0.03254
2025-12-22 02:24:58,488 | INFO | Test - Points (EXACT): total_masked=96963 correct=57832 right_rate=59.6434%
2025-12-22 02:25:03,369 | INFO | - Epoch 012, ExpID 12332 best_epoch=7 improved=0
2025-12-22 02:25:03,369 | INFO | Train - Loss (last batch): 0.00285
2025-12-22 02:25:03,369 | INFO | Val - Loss, MSE, MAE: 0.00320, 0.00320, 0.03667
2025-12-22 02:25:03,369 | INFO | Test - Best epoch, Loss, MSE, MAE: 7, 0.00293, 0.00293, 0.03254
2025-12-22 02:25:03,369 | INFO | Test - Points (EXACT): total_masked=96963 correct=57832 right_rate=59.6434%
2025-12-22 02:25:08,100 | INFO | - Epoch 013, ExpID 12332 best_epoch=7 improved=0
2025-12-22 02:25:08,100 | INFO | Train - Loss (last batch): 0.00268
2025-12-22 02:25:08,100 | INFO | Val - Loss, MSE, MAE: 0.00334, 0.00334, 0.03870
2025-12-22 02:25:08,100 | INFO | Test - Best epoch, Loss, MSE, MAE: 7, 0.00293, 0.00293, 0.03254
2025-12-22 02:25:08,100 | INFO | Test - Points (EXACT): total_masked=96963 correct=57832 right_rate=59.6434%
2025-12-22 02:25:12,668 | INFO | - Epoch 014, ExpID 12332 best_epoch=7 improved=0
2025-12-22 02:25:12,669 | INFO | Train - Loss (last batch): 0.00302
2025-12-22 02:25:12,669 | INFO | Val - Loss, MSE, MAE: 0.00303, 0.00303, 0.03425
2025-12-22 02:25:12,669 | INFO | Test - Best epoch, Loss, MSE, MAE: 7, 0.00293, 0.00293, 0.03254
2025-12-22 02:25:12,669 | INFO | Test - Points (EXACT): total_masked=96963 correct=57832 right_rate=59.6434%
2025-12-22 02:25:16,895 | INFO | - Epoch 015, ExpID 12332 best_epoch=7 improved=0
2025-12-22 02:25:16,895 | INFO | Train - Loss (last batch): 0.00249
2025-12-22 02:25:16,895 | INFO | Val - Loss, MSE, MAE: 0.00307, 0.00307, 0.03476
2025-12-22 02:25:16,895 | INFO | Test - Best epoch, Loss, MSE, MAE: 7, 0.00293, 0.00293, 0.03254
2025-12-22 02:25:16,895 | INFO | Test - Points (EXACT): total_masked=96963 correct=57832 right_rate=59.6434%
2025-12-22 02:25:21,145 | INFO | - Epoch 016, ExpID 12332 best_epoch=7 improved=0
2025-12-22 02:25:21,145 | INFO | Train - Loss (last batch): 0.00245
2025-12-22 02:25:21,145 | INFO | Val - Loss, MSE, MAE: 0.00309, 0.00309, 0.03449
2025-12-22 02:25:21,145 | INFO | Test - Best epoch, Loss, MSE, MAE: 7, 0.00293, 0.00293, 0.03254
2025-12-22 02:25:21,145 | INFO | Test - Points (EXACT): total_masked=96963 correct=57832 right_rate=59.6434%
2025-12-22 02:25:26,719 | INFO | - Epoch 017, ExpID 12332 best_epoch=17 improved=1
2025-12-22 02:25:26,719 | INFO | Train - Loss (last batch): 0.00263
2025-12-22 02:25:26,719 | INFO | Val - Loss, MSE, MAE: 0.00290, 0.00290, 0.03204
2025-12-22 02:25:26,719 | INFO | Test - Best epoch, Loss, MSE, MAE: 17, 0.00281, 0.00281, 0.03179
2025-12-22 02:25:26,719 | INFO | Test - Points (EXACT): total_masked=96963 correct=58649 right_rate=60.4860%
2025-12-22 02:25:31,379 | INFO | - Epoch 018, ExpID 12332 best_epoch=17 improved=0
2025-12-22 02:25:31,379 | INFO | Train - Loss (last batch): 0.00210
2025-12-22 02:25:31,379 | INFO | Val - Loss, MSE, MAE: 0.00293, 0.00293, 0.03257
2025-12-22 02:25:31,379 | INFO | Test - Best epoch, Loss, MSE, MAE: 17, 0.00281, 0.00281, 0.03179
2025-12-22 02:25:31,379 | INFO | Test - Points (EXACT): total_masked=96963 correct=58649 right_rate=60.4860%
2025-12-22 02:25:35,821 | INFO | - Epoch 019, ExpID 12332 best_epoch=17 improved=0
2025-12-22 02:25:35,821 | INFO | Train - Loss (last batch): 0.00193
2025-12-22 02:25:35,821 | INFO | Val - Loss, MSE, MAE: 0.00323, 0.00323, 0.03763
2025-12-22 02:25:35,821 | INFO | Test - Best epoch, Loss, MSE, MAE: 17, 0.00281, 0.00281, 0.03179
2025-12-22 02:25:35,821 | INFO | Test - Points (EXACT): total_masked=96963 correct=58649 right_rate=60.4860%
2025-12-22 02:25:40,414 | INFO | - Epoch 020, ExpID 12332 best_epoch=17 improved=0
2025-12-22 02:25:40,414 | INFO | Train - Loss (last batch): 0.00270
2025-12-22 02:25:40,414 | INFO | Val - Loss, MSE, MAE: 0.00322, 0.00322, 0.03746
2025-12-22 02:25:40,414 | INFO | Test - Best epoch, Loss, MSE, MAE: 17, 0.00281, 0.00281, 0.03179
2025-12-22 02:25:40,414 | INFO | Test - Points (EXACT): total_masked=96963 correct=58649 right_rate=60.4860%
2025-12-22 02:25:44,933 | INFO | - Epoch 021, ExpID 12332 best_epoch=17 improved=0
2025-12-22 02:25:44,933 | INFO | Train - Loss (last batch): 0.00244
2025-12-22 02:25:44,933 | INFO | Val - Loss, MSE, MAE: 0.00291, 0.00291, 0.03219
2025-12-22 02:25:44,933 | INFO | Test - Best epoch, Loss, MSE, MAE: 17, 0.00281, 0.00281, 0.03179
2025-12-22 02:25:44,933 | INFO | Test - Points (EXACT): total_masked=96963 correct=58649 right_rate=60.4860%
2025-12-22 02:25:49,535 | INFO | - Epoch 022, ExpID 12332 best_epoch=17 improved=0
2025-12-22 02:25:49,535 | INFO | Train - Loss (last batch): 0.00281
2025-12-22 02:25:49,535 | INFO | Val - Loss, MSE, MAE: 0.00291, 0.00291, 0.03234
2025-12-22 02:25:49,535 | INFO | Test - Best epoch, Loss, MSE, MAE: 17, 0.00281, 0.00281, 0.03179
2025-12-22 02:25:49,536 | INFO | Test - Points (EXACT): total_masked=96963 correct=58649 right_rate=60.4860%
2025-12-22 02:25:54,371 | INFO | - Epoch 023, ExpID 12332 best_epoch=17 improved=0
2025-12-22 02:25:54,371 | INFO | Train - Loss (last batch): 0.00266
2025-12-22 02:25:54,371 | INFO | Val - Loss, MSE, MAE: 0.00295, 0.00295, 0.03337
2025-12-22 02:25:54,371 | INFO | Test - Best epoch, Loss, MSE, MAE: 17, 0.00281, 0.00281, 0.03179
2025-12-22 02:25:54,371 | INFO | Test - Points (EXACT): total_masked=96963 correct=58649 right_rate=60.4860%
2025-12-22 02:25:59,197 | INFO | - Epoch 024, ExpID 12332 best_epoch=17 improved=0
2025-12-22 02:25:59,197 | INFO | Train - Loss (last batch): 0.00263
2025-12-22 02:25:59,197 | INFO | Val - Loss, MSE, MAE: 0.00301, 0.00301, 0.03422
2025-12-22 02:25:59,197 | INFO | Test - Best epoch, Loss, MSE, MAE: 17, 0.00281, 0.00281, 0.03179
2025-12-22 02:25:59,197 | INFO | Test - Points (EXACT): total_masked=96963 correct=58649 right_rate=60.4860%
2025-12-22 02:26:03,808 | INFO | - Epoch 025, ExpID 12332 best_epoch=17 improved=0
2025-12-22 02:26:03,808 | INFO | Train - Loss (last batch): 0.00295
2025-12-22 02:26:03,808 | INFO | Val - Loss, MSE, MAE: 0.00308, 0.00308, 0.03547
2025-12-22 02:26:03,808 | INFO | Test - Best epoch, Loss, MSE, MAE: 17, 0.00281, 0.00281, 0.03179
2025-12-22 02:26:03,808 | INFO | Test - Points (EXACT): total_masked=96963 correct=58649 right_rate=60.4860%
2025-12-22 02:26:08,594 | INFO | - Epoch 026, ExpID 12332 best_epoch=17 improved=0
2025-12-22 02:26:08,594 | INFO | Train - Loss (last batch): 0.00323
2025-12-22 02:26:08,594 | INFO | Val - Loss, MSE, MAE: 0.00315, 0.00315, 0.03676
2025-12-22 02:26:08,594 | INFO | Test - Best epoch, Loss, MSE, MAE: 17, 0.00281, 0.00281, 0.03179
2025-12-22 02:26:08,594 | INFO | Test - Points (EXACT): total_masked=96963 correct=58649 right_rate=60.4860%
2025-12-22 02:26:13,526 | INFO | - Epoch 027, ExpID 12332 best_epoch=17 improved=0
2025-12-22 02:26:13,526 | INFO | Train - Loss (last batch): 0.00310
2025-12-22 02:26:13,526 | INFO | Val - Loss, MSE, MAE: 0.00301, 0.00301, 0.03420
2025-12-22 02:26:13,526 | INFO | Test - Best epoch, Loss, MSE, MAE: 17, 0.00281, 0.00281, 0.03179
2025-12-22 02:26:13,526 | INFO | Test - Points (EXACT): total_masked=96963 correct=58649 right_rate=60.4860%
2025-12-22 02:26:18,628 | INFO | - Epoch 028, ExpID 12332 best_epoch=17 improved=0
2025-12-22 02:26:18,628 | INFO | Train - Loss (last batch): 0.00266
2025-12-22 02:26:18,628 | INFO | Val - Loss, MSE, MAE: 0.00290, 0.00290, 0.03277
2025-12-22 02:26:18,628 | INFO | Test - Best epoch, Loss, MSE, MAE: 17, 0.00281, 0.00281, 0.03179
2025-12-22 02:26:18,628 | INFO | Test - Points (EXACT): total_masked=96963 correct=58649 right_rate=60.4860%
2025-12-22 02:26:23,186 | INFO | - Epoch 029, ExpID 12332 best_epoch=17 improved=0
2025-12-22 02:26:23,186 | INFO | Train - Loss (last batch): 0.00260
2025-12-22 02:26:23,186 | INFO | Val - Loss, MSE, MAE: 0.00309, 0.00309, 0.03559
2025-12-22 02:26:23,186 | INFO | Test - Best epoch, Loss, MSE, MAE: 17, 0.00281, 0.00281, 0.03179
2025-12-22 02:26:23,186 | INFO | Test - Points (EXACT): total_masked=96963 correct=58649 right_rate=60.4860%
2025-12-22 02:26:28,680 | INFO | - Epoch 030, ExpID 12332 best_epoch=30 improved=1
2025-12-22 02:26:28,680 | INFO | Train - Loss (last batch): 0.00288
2025-12-22 02:26:28,680 | INFO | Val - Loss, MSE, MAE: 0.00288, 0.00288, 0.03215
2025-12-22 02:26:28,680 | INFO | Test - Best epoch, Loss, MSE, MAE: 30, 0.00279, 0.00279, 0.03183
2025-12-22 02:26:28,680 | INFO | Test - Points (EXACT): total_masked=96963 correct=58210 right_rate=60.0332%
2025-12-22 02:26:33,220 | INFO | - Epoch 031, ExpID 12332 best_epoch=30 improved=0
2025-12-22 02:26:33,220 | INFO | Train - Loss (last batch): 0.00209
2025-12-22 02:26:33,220 | INFO | Val - Loss, MSE, MAE: 0.00313, 0.00313, 0.03611
2025-12-22 02:26:33,220 | INFO | Test - Best epoch, Loss, MSE, MAE: 30, 0.00279, 0.00279, 0.03183
2025-12-22 02:26:33,220 | INFO | Test - Points (EXACT): total_masked=96963 correct=58210 right_rate=60.0332%
2025-12-22 02:26:37,837 | INFO | - Epoch 032, ExpID 12332 best_epoch=30 improved=0
2025-12-22 02:26:37,837 | INFO | Train - Loss (last batch): 0.00284
2025-12-22 02:26:37,837 | INFO | Val - Loss, MSE, MAE: 0.00297, 0.00297, 0.03384
2025-12-22 02:26:37,837 | INFO | Test - Best epoch, Loss, MSE, MAE: 30, 0.00279, 0.00279, 0.03183
2025-12-22 02:26:37,837 | INFO | Test - Points (EXACT): total_masked=96963 correct=58210 right_rate=60.0332%
2025-12-22 02:26:42,640 | INFO | - Epoch 033, ExpID 12332 best_epoch=30 improved=0
2025-12-22 02:26:42,640 | INFO | Train - Loss (last batch): 0.00250
2025-12-22 02:26:42,641 | INFO | Val - Loss, MSE, MAE: 0.00307, 0.00307, 0.03541
2025-12-22 02:26:42,641 | INFO | Test - Best epoch, Loss, MSE, MAE: 30, 0.00279, 0.00279, 0.03183
2025-12-22 02:26:42,641 | INFO | Test - Points (EXACT): total_masked=96963 correct=58210 right_rate=60.0332%
2025-12-22 02:26:47,496 | INFO | - Epoch 034, ExpID 12332 best_epoch=30 improved=0
2025-12-22 02:26:47,496 | INFO | Train - Loss (last batch): 0.00343
2025-12-22 02:26:47,496 | INFO | Val - Loss, MSE, MAE: 0.00292, 0.00292, 0.03297
2025-12-22 02:26:47,496 | INFO | Test - Best epoch, Loss, MSE, MAE: 30, 0.00279, 0.00279, 0.03183
2025-12-22 02:26:47,496 | INFO | Test - Points (EXACT): total_masked=96963 correct=58210 right_rate=60.0332%
2025-12-22 02:26:52,350 | INFO | - Epoch 035, ExpID 12332 best_epoch=30 improved=0
2025-12-22 02:26:52,350 | INFO | Train - Loss (last batch): 0.00298
2025-12-22 02:26:52,350 | INFO | Val - Loss, MSE, MAE: 0.00306, 0.00306, 0.03530
2025-12-22 02:26:52,350 | INFO | Test - Best epoch, Loss, MSE, MAE: 30, 0.00279, 0.00279, 0.03183
2025-12-22 02:26:52,350 | INFO | Test - Points (EXACT): total_masked=96963 correct=58210 right_rate=60.0332%
2025-12-22 02:26:57,226 | INFO | - Epoch 036, ExpID 12332 best_epoch=30 improved=0
2025-12-22 02:26:57,226 | INFO | Train - Loss (last batch): 0.00247
2025-12-22 02:26:57,227 | INFO | Val - Loss, MSE, MAE: 0.00326, 0.00326, 0.03836
2025-12-22 02:26:57,227 | INFO | Test - Best epoch, Loss, MSE, MAE: 30, 0.00279, 0.00279, 0.03183
2025-12-22 02:26:57,227 | INFO | Test - Points (EXACT): total_masked=96963 correct=58210 right_rate=60.0332%
2025-12-22 02:27:02,063 | INFO | - Epoch 037, ExpID 12332 best_epoch=30 improved=0
2025-12-22 02:27:02,063 | INFO | Train - Loss (last batch): 0.00314
2025-12-22 02:27:02,063 | INFO | Val - Loss, MSE, MAE: 0.00307, 0.00307, 0.03551
2025-12-22 02:27:02,063 | INFO | Test - Best epoch, Loss, MSE, MAE: 30, 0.00279, 0.00279, 0.03183
2025-12-22 02:27:02,063 | INFO | Test - Points (EXACT): total_masked=96963 correct=58210 right_rate=60.0332%
2025-12-22 02:27:08,043 | INFO | - Epoch 038, ExpID 12332 best_epoch=38 improved=1
2025-12-22 02:27:08,043 | INFO | Train - Loss (last batch): 0.00238
2025-12-22 02:27:08,043 | INFO | Val - Loss, MSE, MAE: 0.00286, 0.00286, 0.03184
2025-12-22 02:27:08,043 | INFO | Test - Best epoch, Loss, MSE, MAE: 38, 0.00277, 0.00277, 0.03153
2025-12-22 02:27:08,043 | INFO | Test - Points (EXACT): total_masked=96963 correct=58748 right_rate=60.5881%
2025-12-22 02:27:12,959 | INFO | - Epoch 039, ExpID 12332 best_epoch=38 improved=0
2025-12-22 02:27:12,960 | INFO | Train - Loss (last batch): 0.00200
2025-12-22 02:27:12,960 | INFO | Val - Loss, MSE, MAE: 0.00292, 0.00292, 0.03308
2025-12-22 02:27:12,960 | INFO | Test - Best epoch, Loss, MSE, MAE: 38, 0.00277, 0.00277, 0.03153
2025-12-22 02:27:12,960 | INFO | Test - Points (EXACT): total_masked=96963 correct=58748 right_rate=60.5881%
2025-12-22 02:27:17,564 | INFO | - Epoch 040, ExpID 12332 best_epoch=38 improved=0
2025-12-22 02:27:17,564 | INFO | Train - Loss (last batch): 0.00214
2025-12-22 02:27:17,564 | INFO | Val - Loss, MSE, MAE: 0.00316, 0.00316, 0.03698
2025-12-22 02:27:17,564 | INFO | Test - Best epoch, Loss, MSE, MAE: 38, 0.00277, 0.00277, 0.03153
2025-12-22 02:27:17,564 | INFO | Test - Points (EXACT): total_masked=96963 correct=58748 right_rate=60.5881%
2025-12-22 02:27:21,946 | INFO | - Epoch 041, ExpID 12332 best_epoch=38 improved=0
2025-12-22 02:27:21,946 | INFO | Train - Loss (last batch): 0.00185
2025-12-22 02:27:21,947 | INFO | Val - Loss, MSE, MAE: 0.00286, 0.00286, 0.03198
2025-12-22 02:27:21,947 | INFO | Test - Best epoch, Loss, MSE, MAE: 38, 0.00277, 0.00277, 0.03153
2025-12-22 02:27:21,947 | INFO | Test - Points (EXACT): total_masked=96963 correct=58748 right_rate=60.5881%
2025-12-22 02:27:26,609 | INFO | - Epoch 042, ExpID 12332 best_epoch=38 improved=0
2025-12-22 02:27:26,609 | INFO | Train - Loss (last batch): 0.00144
2025-12-22 02:27:26,609 | INFO | Val - Loss, MSE, MAE: 0.00335, 0.00335, 0.03954
2025-12-22 02:27:26,609 | INFO | Test - Best epoch, Loss, MSE, MAE: 38, 0.00277, 0.00277, 0.03153
2025-12-22 02:27:26,609 | INFO | Test - Points (EXACT): total_masked=96963 correct=58748 right_rate=60.5881%
2025-12-22 02:27:30,875 | INFO | - Epoch 043, ExpID 12332 best_epoch=38 improved=0
2025-12-22 02:27:30,875 | INFO | Train - Loss (last batch): 0.00239
2025-12-22 02:27:30,875 | INFO | Val - Loss, MSE, MAE: 0.00314, 0.00314, 0.03670
2025-12-22 02:27:30,875 | INFO | Test - Best epoch, Loss, MSE, MAE: 38, 0.00277, 0.00277, 0.03153
2025-12-22 02:27:30,875 | INFO | Test - Points (EXACT): total_masked=96963 correct=58748 right_rate=60.5881%
2025-12-22 02:27:35,705 | INFO | - Epoch 044, ExpID 12332 best_epoch=38 improved=0
2025-12-22 02:27:35,705 | INFO | Train - Loss (last batch): 0.00239
2025-12-22 02:27:35,705 | INFO | Val - Loss, MSE, MAE: 0.00318, 0.00318, 0.03729
2025-12-22 02:27:35,705 | INFO | Test - Best epoch, Loss, MSE, MAE: 38, 0.00277, 0.00277, 0.03153
2025-12-22 02:27:35,705 | INFO | Test - Points (EXACT): total_masked=96963 correct=58748 right_rate=60.5881%
2025-12-22 02:27:40,475 | INFO | - Epoch 045, ExpID 12332 best_epoch=38 improved=0
2025-12-22 02:27:40,475 | INFO | Train - Loss (last batch): 0.00216
2025-12-22 02:27:40,475 | INFO | Val - Loss, MSE, MAE: 0.00304, 0.00304, 0.03546
2025-12-22 02:27:40,475 | INFO | Test - Best epoch, Loss, MSE, MAE: 38, 0.00277, 0.00277, 0.03153
2025-12-22 02:27:40,475 | INFO | Test - Points (EXACT): total_masked=96963 correct=58748 right_rate=60.5881%
2025-12-22 02:27:45,266 | INFO | - Epoch 046, ExpID 12332 best_epoch=38 improved=0
2025-12-22 02:27:45,267 | INFO | Train - Loss (last batch): 0.00249
2025-12-22 02:27:45,267 | INFO | Val - Loss, MSE, MAE: 0.00302, 0.00302, 0.03483
2025-12-22 02:27:45,267 | INFO | Test - Best epoch, Loss, MSE, MAE: 38, 0.00277, 0.00277, 0.03153
2025-12-22 02:27:45,267 | INFO | Test - Points (EXACT): total_masked=96963 correct=58748 right_rate=60.5881%
2025-12-22 02:27:50,040 | INFO | - Epoch 047, ExpID 12332 best_epoch=38 improved=0
2025-12-22 02:27:50,040 | INFO | Train - Loss (last batch): 0.00284
2025-12-22 02:27:50,040 | INFO | Val - Loss, MSE, MAE: 0.00308, 0.00308, 0.03588
2025-12-22 02:27:50,040 | INFO | Test - Best epoch, Loss, MSE, MAE: 38, 0.00277, 0.00277, 0.03153
2025-12-22 02:27:50,040 | INFO | Test - Points (EXACT): total_masked=96963 correct=58748 right_rate=60.5881%
2025-12-22 02:27:55,005 | INFO | - Epoch 048, ExpID 12332 best_epoch=38 improved=0
2025-12-22 02:27:55,005 | INFO | Train - Loss (last batch): 0.00216
2025-12-22 02:27:55,005 | INFO | Val - Loss, MSE, MAE: 0.00297, 0.00297, 0.03421
2025-12-22 02:27:55,005 | INFO | Test - Best epoch, Loss, MSE, MAE: 38, 0.00277, 0.00277, 0.03153
2025-12-22 02:27:55,005 | INFO | Test - Points (EXACT): total_masked=96963 correct=58748 right_rate=60.5881%
2025-12-22 02:28:00,006 | INFO | - Epoch 049, ExpID 12332 best_epoch=38 improved=0
2025-12-22 02:28:00,006 | INFO | Train - Loss (last batch): 0.00285
2025-12-22 02:28:00,006 | INFO | Val - Loss, MSE, MAE: 0.00300, 0.00300, 0.03462
2025-12-22 02:28:00,006 | INFO | Test - Best epoch, Loss, MSE, MAE: 38, 0.00277, 0.00277, 0.03153
2025-12-22 02:28:00,006 | INFO | Test - Points (EXACT): total_masked=96963 correct=58748 right_rate=60.5881%
2025-12-22 02:28:04,740 | INFO | - Epoch 050, ExpID 12332 best_epoch=38 improved=0
2025-12-22 02:28:04,741 | INFO | Train - Loss (last batch): 0.00239
2025-12-22 02:28:04,741 | INFO | Val - Loss, MSE, MAE: 0.00312, 0.00312, 0.03628
2025-12-22 02:28:04,741 | INFO | Test - Best epoch, Loss, MSE, MAE: 38, 0.00277, 0.00277, 0.03153
2025-12-22 02:28:04,741 | INFO | Test - Points (EXACT): total_masked=96963 correct=58748 right_rate=60.5881%
2025-12-22 02:28:09,364 | INFO | - Epoch 051, ExpID 12332 best_epoch=38 improved=0
2025-12-22 02:28:09,364 | INFO | Train - Loss (last batch): 0.00270
2025-12-22 02:28:09,364 | INFO | Val - Loss, MSE, MAE: 0.00296, 0.00296, 0.03399
2025-12-22 02:28:09,364 | INFO | Test - Best epoch, Loss, MSE, MAE: 38, 0.00277, 0.00277, 0.03153
2025-12-22 02:28:09,364 | INFO | Test - Points (EXACT): total_masked=96963 correct=58748 right_rate=60.5881%
2025-12-22 02:28:14,158 | INFO | - Epoch 052, ExpID 12332 best_epoch=38 improved=0
2025-12-22 02:28:14,158 | INFO | Train - Loss (last batch): 0.00245
2025-12-22 02:28:14,158 | INFO | Val - Loss, MSE, MAE: 0.00302, 0.00302, 0.03498
2025-12-22 02:28:14,158 | INFO | Test - Best epoch, Loss, MSE, MAE: 38, 0.00277, 0.00277, 0.03153
2025-12-22 02:28:14,158 | INFO | Test - Points (EXACT): total_masked=96963 correct=58748 right_rate=60.5881%
2025-12-22 02:28:18,752 | INFO | - Epoch 053, ExpID 12332 best_epoch=38 improved=0
2025-12-22 02:28:18,753 | INFO | Train - Loss (last batch): 0.00287
2025-12-22 02:28:18,753 | INFO | Val - Loss, MSE, MAE: 0.00318, 0.00318, 0.03732
2025-12-22 02:28:18,753 | INFO | Test - Best epoch, Loss, MSE, MAE: 38, 0.00277, 0.00277, 0.03153
2025-12-22 02:28:18,753 | INFO | Test - Points (EXACT): total_masked=96963 correct=58748 right_rate=60.5881%
2025-12-22 02:28:23,732 | INFO | - Epoch 054, ExpID 12332 best_epoch=38 improved=0
2025-12-22 02:28:23,732 | INFO | Train - Loss (last batch): 0.00216
2025-12-22 02:28:23,732 | INFO | Val - Loss, MSE, MAE: 0.00296, 0.00296, 0.03391
2025-12-22 02:28:23,732 | INFO | Test - Best epoch, Loss, MSE, MAE: 38, 0.00277, 0.00277, 0.03153
2025-12-22 02:28:23,732 | INFO | Test - Points (EXACT): total_masked=96963 correct=58748 right_rate=60.5881%
2025-12-22 02:28:28,693 | INFO | - Epoch 055, ExpID 12332 best_epoch=38 improved=0
2025-12-22 02:28:28,693 | INFO | Train - Loss (last batch): 0.00278
2025-12-22 02:28:28,693 | INFO | Val - Loss, MSE, MAE: 0.00311, 0.00311, 0.03624
2025-12-22 02:28:28,693 | INFO | Test - Best epoch, Loss, MSE, MAE: 38, 0.00277, 0.00277, 0.03153
2025-12-22 02:28:28,693 | INFO | Test - Points (EXACT): total_masked=96963 correct=58748 right_rate=60.5881%
2025-12-22 02:28:33,620 | INFO | - Epoch 056, ExpID 12332 best_epoch=38 improved=0
2025-12-22 02:28:33,621 | INFO | Train - Loss (last batch): 0.00226
2025-12-22 02:28:33,621 | INFO | Val - Loss, MSE, MAE: 0.00296, 0.00296, 0.03390
2025-12-22 02:28:33,621 | INFO | Test - Best epoch, Loss, MSE, MAE: 38, 0.00277, 0.00277, 0.03153
2025-12-22 02:28:33,621 | INFO | Test - Points (EXACT): total_masked=96963 correct=58748 right_rate=60.5881%
2025-12-22 02:28:38,538 | INFO | - Epoch 057, ExpID 12332 best_epoch=38 improved=0
2025-12-22 02:28:38,538 | INFO | Train - Loss (last batch): 0.00255
2025-12-22 02:28:38,539 | INFO | Val - Loss, MSE, MAE: 0.00310, 0.00310, 0.03618
2025-12-22 02:28:38,539 | INFO | Test - Best epoch, Loss, MSE, MAE: 38, 0.00277, 0.00277, 0.03153
2025-12-22 02:28:38,539 | INFO | Test - Points (EXACT): total_masked=96963 correct=58748 right_rate=60.5881%
2025-12-22 02:28:43,340 | INFO | - Epoch 058, ExpID 12332 best_epoch=38 improved=0
2025-12-22 02:28:43,340 | INFO | Train - Loss (last batch): 0.00280
2025-12-22 02:28:43,340 | INFO | Val - Loss, MSE, MAE: 0.00304, 0.00304, 0.03514
2025-12-22 02:28:43,340 | INFO | Test - Best epoch, Loss, MSE, MAE: 38, 0.00277, 0.00277, 0.03153
2025-12-22 02:28:43,340 | INFO | Test - Points (EXACT): total_masked=96963 correct=58748 right_rate=60.5881%
2025-12-22 02:28:47,696 | INFO | - Epoch 059, ExpID 12332 best_epoch=38 improved=0
2025-12-22 02:28:47,696 | INFO | Train - Loss (last batch): 0.00268
2025-12-22 02:28:47,696 | INFO | Val - Loss, MSE, MAE: 0.00300, 0.00300, 0.03473
2025-12-22 02:28:47,696 | INFO | Test - Best epoch, Loss, MSE, MAE: 38, 0.00277, 0.00277, 0.03153
2025-12-22 02:28:47,696 | INFO | Test - Points (EXACT): total_masked=96963 correct=58748 right_rate=60.5881%
2025-12-22 02:28:51,975 | INFO | - Epoch 060, ExpID 12332 best_epoch=38 improved=0
2025-12-22 02:28:51,975 | INFO | Train - Loss (last batch): 0.00240
2025-12-22 02:28:51,975 | INFO | Val - Loss, MSE, MAE: 0.00307, 0.00307, 0.03576
2025-12-22 02:28:51,975 | INFO | Test - Best epoch, Loss, MSE, MAE: 38, 0.00277, 0.00277, 0.03153
2025-12-22 02:28:51,975 | INFO | Test - Points (EXACT): total_masked=96963 correct=58748 right_rate=60.5881%
2025-12-22 02:28:56,317 | INFO | - Epoch 061, ExpID 12332 best_epoch=38 improved=0
2025-12-22 02:28:56,318 | INFO | Train - Loss (last batch): 0.00211
2025-12-22 02:28:56,318 | INFO | Val - Loss, MSE, MAE: 0.00294, 0.00294, 0.03381
2025-12-22 02:28:56,318 | INFO | Test - Best epoch, Loss, MSE, MAE: 38, 0.00277, 0.00277, 0.03153
2025-12-22 02:28:56,318 | INFO | Test - Points (EXACT): total_masked=96963 correct=58748 right_rate=60.5881%
2025-12-22 02:29:00,836 | INFO | - Epoch 062, ExpID 12332 best_epoch=38 improved=0
2025-12-22 02:29:00,836 | INFO | Train - Loss (last batch): 0.00223
2025-12-22 02:29:00,836 | INFO | Val - Loss, MSE, MAE: 0.00309, 0.00309, 0.03602
2025-12-22 02:29:00,836 | INFO | Test - Best epoch, Loss, MSE, MAE: 38, 0.00277, 0.00277, 0.03153
2025-12-22 02:29:00,836 | INFO | Test - Points (EXACT): total_masked=96963 correct=58748 right_rate=60.5881%
2025-12-22 02:29:05,384 | INFO | - Epoch 063, ExpID 12332 best_epoch=38 improved=0
2025-12-22 02:29:05,384 | INFO | Train - Loss (last batch): 0.00230
2025-12-22 02:29:05,384 | INFO | Val - Loss, MSE, MAE: 0.00292, 0.00292, 0.03340
2025-12-22 02:29:05,384 | INFO | Test - Best epoch, Loss, MSE, MAE: 38, 0.00277, 0.00277, 0.03153
2025-12-22 02:29:05,384 | INFO | Test - Points (EXACT): total_masked=96963 correct=58748 right_rate=60.5881%
2025-12-22 02:29:09,820 | INFO | - Epoch 064, ExpID 12332 best_epoch=38 improved=0
2025-12-22 02:29:09,820 | INFO | Train - Loss (last batch): 0.00351
2025-12-22 02:29:09,820 | INFO | Val - Loss, MSE, MAE: 0.00309, 0.00309, 0.03615
2025-12-22 02:29:09,820 | INFO | Test - Best epoch, Loss, MSE, MAE: 38, 0.00277, 0.00277, 0.03153
2025-12-22 02:29:09,820 | INFO | Test - Points (EXACT): total_masked=96963 correct=58748 right_rate=60.5881%
2025-12-22 02:29:14,243 | INFO | - Epoch 065, ExpID 12332 best_epoch=38 improved=0
2025-12-22 02:29:14,243 | INFO | Train - Loss (last batch): 0.00217
2025-12-22 02:29:14,243 | INFO | Val - Loss, MSE, MAE: 0.00313, 0.00313, 0.03680
2025-12-22 02:29:14,243 | INFO | Test - Best epoch, Loss, MSE, MAE: 38, 0.00277, 0.00277, 0.03153
2025-12-22 02:29:14,243 | INFO | Test - Points (EXACT): total_masked=96963 correct=58748 right_rate=60.5881%
2025-12-22 02:29:19,051 | INFO | - Epoch 066, ExpID 12332 best_epoch=38 improved=0
2025-12-22 02:29:19,052 | INFO | Train - Loss (last batch): 0.00334
2025-12-22 02:29:19,052 | INFO | Val - Loss, MSE, MAE: 0.00297, 0.00297, 0.03416
2025-12-22 02:29:19,052 | INFO | Test - Best epoch, Loss, MSE, MAE: 38, 0.00277, 0.00277, 0.03153
2025-12-22 02:29:19,052 | INFO | Test - Points (EXACT): total_masked=96963 correct=58748 right_rate=60.5881%
2025-12-22 02:29:23,802 | INFO | - Epoch 067, ExpID 12332 best_epoch=38 improved=0
2025-12-22 02:29:23,802 | INFO | Train - Loss (last batch): 0.00188
2025-12-22 02:29:23,802 | INFO | Val - Loss, MSE, MAE: 0.00300, 0.00300, 0.03472
2025-12-22 02:29:23,802 | INFO | Test - Best epoch, Loss, MSE, MAE: 38, 0.00277, 0.00277, 0.03153
2025-12-22 02:29:23,802 | INFO | Test - Points (EXACT): total_masked=96963 correct=58748 right_rate=60.5881%
2025-12-22 02:29:28,638 | INFO | - Epoch 068, ExpID 12332 best_epoch=38 improved=0
2025-12-22 02:29:28,639 | INFO | Train - Loss (last batch): 0.00199
2025-12-22 02:29:28,639 | INFO | Val - Loss, MSE, MAE: 0.00295, 0.00295, 0.03397
2025-12-22 02:29:28,639 | INFO | Test - Best epoch, Loss, MSE, MAE: 38, 0.00277, 0.00277, 0.03153
2025-12-22 02:29:28,639 | INFO | Test - Points (EXACT): total_masked=96963 correct=58748 right_rate=60.5881%
2025-12-22 02:29:33,441 | INFO | - Epoch 069, ExpID 12332 best_epoch=38 improved=0
2025-12-22 02:29:33,441 | INFO | Train - Loss (last batch): 0.00203
2025-12-22 02:29:33,441 | INFO | Val - Loss, MSE, MAE: 0.00308, 0.00308, 0.03591
2025-12-22 02:29:33,441 | INFO | Test - Best epoch, Loss, MSE, MAE: 38, 0.00277, 0.00277, 0.03153
2025-12-22 02:29:33,441 | INFO | Test - Points (EXACT): total_masked=96963 correct=58748 right_rate=60.5881%
2025-12-22 02:29:37,923 | INFO | - Epoch 070, ExpID 12332 best_epoch=38 improved=0
2025-12-22 02:29:37,923 | INFO | Train - Loss (last batch): 0.00273
2025-12-22 02:29:37,923 | INFO | Val - Loss, MSE, MAE: 0.00302, 0.00302, 0.03493
2025-12-22 02:29:37,923 | INFO | Test - Best epoch, Loss, MSE, MAE: 38, 0.00277, 0.00277, 0.03153
2025-12-22 02:29:37,923 | INFO | Test - Points (EXACT): total_masked=96963 correct=58748 right_rate=60.5881%
2025-12-22 02:29:43,453 | INFO | - Epoch 071, ExpID 12332 best_epoch=38 improved=0
2025-12-22 02:29:43,453 | INFO | Train - Loss (last batch): 0.00301
2025-12-22 02:29:43,453 | INFO | Val - Loss, MSE, MAE: 0.00300, 0.00300, 0.03466
2025-12-22 02:29:43,453 | INFO | Test - Best epoch, Loss, MSE, MAE: 38, 0.00277, 0.00277, 0.03153
2025-12-22 02:29:43,453 | INFO | Test - Points (EXACT): total_masked=96963 correct=58748 right_rate=60.5881%
2025-12-22 02:29:48,706 | INFO | - Epoch 072, ExpID 12332 best_epoch=38 improved=0
2025-12-22 02:29:48,706 | INFO | Train - Loss (last batch): 0.00193
2025-12-22 02:29:48,706 | INFO | Val - Loss, MSE, MAE: 0.00298, 0.00298, 0.03455
2025-12-22 02:29:48,706 | INFO | Test - Best epoch, Loss, MSE, MAE: 38, 0.00277, 0.00277, 0.03153
2025-12-22 02:29:48,706 | INFO | Test - Points (EXACT): total_masked=96963 correct=58748 right_rate=60.5881%
2025-12-22 02:29:53,722 | INFO | - Epoch 073, ExpID 12332 best_epoch=38 improved=0
2025-12-22 02:29:53,722 | INFO | Train - Loss (last batch): 0.00298
2025-12-22 02:29:53,722 | INFO | Val - Loss, MSE, MAE: 0.00308, 0.00308, 0.03587
2025-12-22 02:29:53,722 | INFO | Test - Best epoch, Loss, MSE, MAE: 38, 0.00277, 0.00277, 0.03153
2025-12-22 02:29:53,722 | INFO | Test - Points (EXACT): total_masked=96963 correct=58748 right_rate=60.5881%
2025-12-22 02:29:58,899 | INFO | - Epoch 074, ExpID 12332 best_epoch=38 improved=0
2025-12-22 02:29:58,899 | INFO | Train - Loss (last batch): 0.00245
2025-12-22 02:29:58,899 | INFO | Val - Loss, MSE, MAE: 0.00294, 0.00294, 0.03377
2025-12-22 02:29:58,899 | INFO | Test - Best epoch, Loss, MSE, MAE: 38, 0.00277, 0.00277, 0.03153
2025-12-22 02:29:58,899 | INFO | Test - Points (EXACT): total_masked=96963 correct=58748 right_rate=60.5881%
2025-12-22 02:30:03,830 | INFO | - Epoch 075, ExpID 12332 best_epoch=38 improved=0
2025-12-22 02:30:03,830 | INFO | Train - Loss (last batch): 0.00262
2025-12-22 02:30:03,830 | INFO | Val - Loss, MSE, MAE: 0.00301, 0.00301, 0.03490
2025-12-22 02:30:03,830 | INFO | Test - Best epoch, Loss, MSE, MAE: 38, 0.00277, 0.00277, 0.03153
2025-12-22 02:30:03,830 | INFO | Test - Points (EXACT): total_masked=96963 correct=58748 right_rate=60.5881%
2025-12-22 02:30:08,599 | INFO | - Epoch 076, ExpID 12332 best_epoch=38 improved=0
2025-12-22 02:30:08,600 | INFO | Train - Loss (last batch): 0.00264
2025-12-22 02:30:08,600 | INFO | Val - Loss, MSE, MAE: 0.00300, 0.00300, 0.03472
2025-12-22 02:30:08,600 | INFO | Test - Best epoch, Loss, MSE, MAE: 38, 0.00277, 0.00277, 0.03153
2025-12-22 02:30:08,600 | INFO | Test - Points (EXACT): total_masked=96963 correct=58748 right_rate=60.5881%
2025-12-22 02:30:13,425 | INFO | - Epoch 077, ExpID 12332 best_epoch=38 improved=0
2025-12-22 02:30:13,425 | INFO | Train - Loss (last batch): 0.00309
2025-12-22 02:30:13,425 | INFO | Val - Loss, MSE, MAE: 0.00300, 0.00300, 0.03474
2025-12-22 02:30:13,425 | INFO | Test - Best epoch, Loss, MSE, MAE: 38, 0.00277, 0.00277, 0.03153
2025-12-22 02:30:13,425 | INFO | Test - Points (EXACT): total_masked=96963 correct=58748 right_rate=60.5881%
2025-12-22 02:30:18,218 | INFO | - Epoch 078, ExpID 12332 best_epoch=38 improved=0
2025-12-22 02:30:18,219 | INFO | Train - Loss (last batch): 0.00254
2025-12-22 02:30:18,219 | INFO | Val - Loss, MSE, MAE: 0.00295, 0.00295, 0.03400
2025-12-22 02:30:18,219 | INFO | Test - Best epoch, Loss, MSE, MAE: 38, 0.00277, 0.00277, 0.03153
2025-12-22 02:30:18,219 | INFO | Test - Points (EXACT): total_masked=96963 correct=58748 right_rate=60.5881%
