2025-12-22 01:31:57,334 | INFO | TOP_ERR | split=test epoch=0 rank=1/10 b=37 t=28 var_idx=6 tp=1.313000 y_true=0.992233 y_pred=0.330845 diff=-0.661388 abs_err=0.661388
2025-12-22 01:31:57,335 | INFO | TOP_ERR | split=test epoch=0 rank=2/10 b=51 t=26 var_idx=6 tp=1.329000 y_true=0.920993 y_pred=0.330982 diff=-0.590011 abs_err=0.590011
2025-12-22 01:31:57,335 | INFO | TOP_ERR | split=test epoch=0 rank=3/10 b=38 t=6 var_idx=6 tp=1.088000 y_true=0.919100 y_pred=0.330071 diff=-0.589030 abs_err=0.589030
2025-12-22 01:31:57,335 | INFO | TOP_ERR | split=test epoch=0 rank=4/10 b=38 t=16 var_idx=6 tp=1.196000 y_true=0.916062 y_pred=0.330564 diff=-0.585498 abs_err=0.585498
2025-12-22 01:31:57,335 | INFO | TOP_ERR | split=test epoch=0 rank=5/10 b=48 t=9 var_idx=6 tp=1.106333 y_true=0.913059 y_pred=0.330444 diff=-0.582614 abs_err=0.582614
2025-12-22 01:31:57,335 | INFO | TOP_ERR | split=test epoch=0 rank=6/10 b=52 t=1 var_idx=6 tp=1.031667 y_true=0.908828 y_pred=0.330251 diff=-0.578577 abs_err=0.578577
2025-12-22 01:31:57,335 | INFO | TOP_ERR | split=test epoch=0 rank=7/10 b=54 t=9 var_idx=6 tp=1.121667 y_true=0.898450 y_pred=0.330542 diff=-0.567908 abs_err=0.567908
2025-12-22 01:31:57,335 | INFO | TOP_ERR | split=test epoch=0 rank=8/10 b=43 t=6 var_idx=6 tp=1.115000 y_true=0.898071 y_pred=0.330483 diff=-0.567588 abs_err=0.567588
2025-12-22 01:31:57,335 | INFO | TOP_ERR | split=test epoch=0 rank=9/10 b=45 t=8 var_idx=6 tp=1.097000 y_true=0.896630 y_pred=0.330395 diff=-0.566235 abs_err=0.566235
2025-12-22 01:31:57,336 | INFO | TOP_ERR | split=test epoch=0 rank=10/10 b=44 t=1 var_idx=6 tp=1.034000 y_true=0.890568 y_pred=0.330219 diff=-0.560349 abs_err=0.560349
2025-12-22 01:31:57,336 | INFO | TOP_BEST | split=test epoch=0 rank=1/3 b=17 t=12 var_idx=10 tp=1.180333 y_true=0.544278 y_pred=0.544289 diff=0.000012 abs_err=0.000012
2025-12-22 01:31:57,336 | INFO | TOP_BEST | split=test epoch=0 rank=2/3 b=15 t=7 var_idx=3 tp=1.085333 y_true=0.583216 y_pred=0.583199 diff=-0.000017 abs_err=0.000017
2025-12-22 01:31:57,336 | INFO | TOP_BEST | split=test epoch=0 rank=3/3 b=53 t=13 var_idx=11 tp=1.175667 y_true=0.542759 y_pred=0.542811 diff=0.000052 abs_err=0.000052
2025-12-22 01:31:57,336 | INFO | TOP_OK | split=test epoch=0 none_found (no exact matches)
2025-12-22 01:32:02,083 | INFO | TOP_ERR | split=test epoch=1 rank=1/10 b=37 t=28 var_idx=6 tp=1.313000 y_true=0.992233 y_pred=0.517521 diff=-0.474712 abs_err=0.474712
2025-12-22 01:32:02,083 | INFO | TOP_ERR | split=test epoch=1 rank=2/10 b=17 t=6 var_idx=6 tp=1.063000 y_true=0.053281 y_pred=0.515526 diff=0.462245 abs_err=0.462245
2025-12-22 01:32:02,083 | INFO | TOP_ERR | split=test epoch=1 rank=3/10 b=17 t=2 var_idx=6 tp=1.027000 y_true=0.054539 y_pred=0.515173 diff=0.460635 abs_err=0.460635
2025-12-22 01:32:02,084 | INFO | TOP_ERR | split=test epoch=1 rank=4/10 b=55 t=1 var_idx=11 tp=1.013667 y_true=0.160785 y_pred=0.573104 diff=0.412319 abs_err=0.412319
2025-12-22 01:32:02,084 | INFO | TOP_ERR | split=test epoch=1 rank=5/10 b=38 t=6 var_idx=6 tp=1.088000 y_true=0.919100 y_pred=0.515841 diff=-0.403259 abs_err=0.403259
2025-12-22 01:32:02,084 | INFO | TOP_ERR | split=test epoch=1 rank=6/10 b=51 t=26 var_idx=6 tp=1.329000 y_true=0.920993 y_pred=0.519355 diff=-0.401639 abs_err=0.401639
2025-12-22 01:32:02,084 | INFO | TOP_ERR | split=test epoch=1 rank=7/10 b=38 t=16 var_idx=6 tp=1.196000 y_true=0.916062 y_pred=0.516953 diff=-0.399110 abs_err=0.399110
2025-12-22 01:32:02,084 | INFO | TOP_ERR | split=test epoch=1 rank=8/10 b=17 t=2 var_idx=8 tp=1.027000 y_true=0.996743 y_pred=0.598965 diff=-0.397778 abs_err=0.397778
2025-12-22 01:32:02,084 | INFO | TOP_ERR | split=test epoch=1 rank=9/10 b=17 t=6 var_idx=8 tp=1.063000 y_true=0.996759 y_pred=0.599526 diff=-0.397233 abs_err=0.397233
2025-12-22 01:32:02,084 | INFO | TOP_ERR | split=test epoch=1 rank=10/10 b=48 t=9 var_idx=6 tp=1.106333 y_true=0.913059 y_pred=0.516848 diff=-0.396211 abs_err=0.396211
2025-12-22 01:32:02,085 | INFO | TOP_BEST | split=test epoch=1 rank=1/3 b=21 t=27 var_idx=6 tp=1.279667 y_true=0.516781 y_pred=0.516788 diff=0.000007 abs_err=0.000007
2025-12-22 01:32:02,085 | INFO | TOP_BEST | split=test epoch=1 rank=2/3 b=32 t=4 var_idx=6 tp=1.036667 y_true=0.516782 y_pred=0.516817 diff=0.000035 abs_err=0.000035
2025-12-22 01:32:02,085 | INFO | TOP_BEST | split=test epoch=1 rank=3/3 b=30 t=21 var_idx=11 tp=1.243667 y_true=0.575457 y_pred=0.575523 diff=0.000066 abs_err=0.000066
2025-12-22 01:32:02,085 | INFO | TOP_OK | split=test epoch=1 none_found (no exact matches)
2025-12-22 01:32:06,849 | INFO | TOP_ERR | split=test epoch=2 rank=1/10 b=17 t=6 var_idx=6 tp=1.063000 y_true=0.053281 y_pred=0.545170 diff=0.491889 abs_err=0.491888
2025-12-22 01:32:06,849 | INFO | TOP_ERR | split=test epoch=2 rank=2/10 b=17 t=2 var_idx=6 tp=1.027000 y_true=0.054539 y_pred=0.544817 diff=0.490278 abs_err=0.490278
2025-12-22 01:32:06,849 | INFO | TOP_ERR | split=test epoch=2 rank=3/10 b=37 t=28 var_idx=6 tp=1.313000 y_true=0.992233 y_pred=0.544542 diff=-0.447691 abs_err=0.447691
2025-12-22 01:32:06,849 | INFO | TOP_ERR | split=test epoch=2 rank=4/10 b=55 t=1 var_idx=11 tp=1.013667 y_true=0.160785 y_pred=0.561849 diff=0.401064 abs_err=0.401064
2025-12-22 01:32:06,849 | INFO | TOP_ERR | split=test epoch=2 rank=5/10 b=17 t=6 var_idx=7 tp=1.063000 y_true=0.869900 y_pred=0.487684 diff=-0.382216 abs_err=0.382216
2025-12-22 01:32:06,849 | INFO | TOP_ERR | split=test epoch=2 rank=6/10 b=17 t=2 var_idx=7 tp=1.027000 y_true=0.869051 y_pred=0.487575 diff=-0.381476 abs_err=0.381476
2025-12-22 01:32:06,849 | INFO | TOP_ERR | split=test epoch=2 rank=7/10 b=63 t=25 var_idx=9 tp=1.266333 y_true=0.174672 y_pred=0.550974 diff=0.376302 abs_err=0.376302
2025-12-22 01:32:06,849 | INFO | TOP_ERR | split=test epoch=2 rank=8/10 b=17 t=2 var_idx=8 tp=1.027000 y_true=0.996743 y_pred=0.621000 diff=-0.375743 abs_err=0.375743
2025-12-22 01:32:06,850 | INFO | TOP_ERR | split=test epoch=2 rank=9/10 b=17 t=6 var_idx=8 tp=1.063000 y_true=0.996759 y_pred=0.621514 diff=-0.375245 abs_err=0.375245
2025-12-22 01:32:06,850 | INFO | TOP_ERR | split=test epoch=2 rank=10/10 b=38 t=6 var_idx=6 tp=1.088000 y_true=0.919100 y_pred=0.545034 diff=-0.374066 abs_err=0.374066
2025-12-22 01:32:06,850 | INFO | TOP_BEST | split=test epoch=2 rank=1/3 b=11 t=18 var_idx=3 tp=1.193333 y_true=0.546289 y_pred=0.546264 diff=-0.000026 abs_err=0.000026
2025-12-22 01:32:06,850 | INFO | TOP_BEST | split=test epoch=2 rank=2/3 b=4 t=4 var_idx=1 tp=1.052000 y_true=0.468073 y_pred=0.468027 diff=-0.000045 abs_err=0.000045
2025-12-22 01:32:06,850 | INFO | TOP_BEST | split=test epoch=2 rank=3/3 b=33 t=21 var_idx=1 tp=1.225667 y_true=0.469958 y_pred=0.470007 diff=0.000049 abs_err=0.000049
2025-12-22 01:32:06,851 | INFO | TOP_OK | split=test epoch=2 none_found (no exact matches)
2025-12-22 01:32:11,619 | INFO | TOP_ERR | split=test epoch=3 rank=1/10 b=17 t=6 var_idx=6 tp=1.063000 y_true=0.053281 y_pred=0.595394 diff=0.542113 abs_err=0.542113
2025-12-22 01:32:11,619 | INFO | TOP_ERR | split=test epoch=3 rank=2/10 b=17 t=2 var_idx=6 tp=1.027000 y_true=0.054539 y_pred=0.594952 diff=0.540413 abs_err=0.540413
2025-12-22 01:32:11,619 | INFO | TOP_ERR | split=test epoch=3 rank=3/10 b=63 t=25 var_idx=9 tp=1.266333 y_true=0.174672 y_pred=0.604623 diff=0.429951 abs_err=0.429951
2025-12-22 01:32:11,619 | INFO | TOP_ERR | split=test epoch=3 rank=4/10 b=37 t=28 var_idx=6 tp=1.313000 y_true=0.992233 y_pred=0.572978 diff=-0.419255 abs_err=0.419255
2025-12-22 01:32:11,619 | INFO | TOP_ERR | split=test epoch=3 rank=5/10 b=55 t=1 var_idx=11 tp=1.013667 y_true=0.160785 y_pred=0.542420 diff=0.381635 abs_err=0.381635
2025-12-22 01:32:11,619 | INFO | TOP_ERR | split=test epoch=3 rank=6/10 b=17 t=6 var_idx=7 tp=1.063000 y_true=0.869900 y_pred=0.499253 diff=-0.370646 abs_err=0.370646
2025-12-22 01:32:11,619 | INFO | TOP_ERR | split=test epoch=3 rank=7/10 b=17 t=2 var_idx=7 tp=1.027000 y_true=0.869051 y_pred=0.499023 diff=-0.370028 abs_err=0.370028
2025-12-22 01:32:11,619 | INFO | TOP_ERR | split=test epoch=3 rank=8/10 b=17 t=2 var_idx=8 tp=1.027000 y_true=0.996743 y_pred=0.637490 diff=-0.359252 abs_err=0.359252
2025-12-22 01:32:11,620 | INFO | TOP_ERR | split=test epoch=3 rank=9/10 b=17 t=6 var_idx=8 tp=1.063000 y_true=0.996759 y_pred=0.638009 diff=-0.358750 abs_err=0.358750
2025-12-22 01:32:11,620 | INFO | TOP_ERR | split=test epoch=3 rank=10/10 b=37 t=28 var_idx=7 tp=1.313000 y_true=0.136750 y_pred=0.492003 diff=0.355254 abs_err=0.355254
2025-12-22 01:32:11,620 | INFO | TOP_BEST | split=test epoch=3 rank=1/3 b=2 t=15 var_idx=0 tp=1.178000 y_true=0.517576 y_pred=0.517570 diff=-0.000006 abs_err=0.000006
2025-12-22 01:32:11,620 | INFO | TOP_BEST | split=test epoch=3 rank=2/3 b=35 t=15 var_idx=0 tp=1.169000 y_true=0.542036 y_pred=0.542061 diff=0.000026 abs_err=0.000026
2025-12-22 01:32:11,620 | INFO | TOP_BEST | split=test epoch=3 rank=3/3 b=6 t=2 var_idx=0 tp=1.034000 y_true=0.523450 y_pred=0.523419 diff=-0.000031 abs_err=0.000031
2025-12-22 01:32:11,620 | INFO | TOP_OK | split=test epoch=3 none_found (no exact matches)
2025-12-22 01:32:16,387 | INFO | TOP_ERR | split=test epoch=4 rank=1/10 b=17 t=6 var_idx=6 tp=1.063000 y_true=0.053281 y_pred=0.763202 diff=0.709921 abs_err=0.709921
2025-12-22 01:32:16,387 | INFO | TOP_ERR | split=test epoch=4 rank=2/10 b=17 t=2 var_idx=6 tp=1.027000 y_true=0.054539 y_pred=0.762569 diff=0.708031 abs_err=0.708031
2025-12-22 01:32:16,387 | INFO | TOP_ERR | split=test epoch=4 rank=3/10 b=63 t=31 var_idx=6 tp=1.329333 y_true=0.235266 y_pred=0.628030 diff=0.392764 abs_err=0.392764
2025-12-22 01:32:16,387 | INFO | TOP_ERR | split=test epoch=4 rank=4/10 b=31 t=11 var_idx=3 tp=1.144667 y_true=0.259034 y_pred=0.643950 diff=0.384916 abs_err=0.384916
2025-12-22 01:32:16,387 | INFO | TOP_ERR | split=test epoch=4 rank=5/10 b=37 t=28 var_idx=7 tp=1.313000 y_true=0.136750 y_pred=0.516024 diff=0.379275 abs_err=0.379275
2025-12-22 01:32:16,387 | INFO | TOP_ERR | split=test epoch=4 rank=6/10 b=63 t=25 var_idx=9 tp=1.266333 y_true=0.174672 y_pred=0.545705 diff=0.371033 abs_err=0.371033
2025-12-22 01:32:16,388 | INFO | TOP_ERR | split=test epoch=4 rank=7/10 b=63 t=17 var_idx=6 tp=1.185000 y_true=0.263108 y_pred=0.626442 diff=0.363334 abs_err=0.363334
2025-12-22 01:32:16,388 | INFO | TOP_ERR | split=test epoch=4 rank=8/10 b=63 t=28 var_idx=6 tp=1.293333 y_true=0.264586 y_pred=0.627784 diff=0.363198 abs_err=0.363198
2025-12-22 01:32:16,388 | INFO | TOP_ERR | split=test epoch=4 rank=9/10 b=63 t=14 var_idx=6 tp=1.149000 y_true=0.276130 y_pred=0.625993 diff=0.349863 abs_err=0.349863
2025-12-22 01:32:16,388 | INFO | TOP_ERR | split=test epoch=4 rank=10/10 b=63 t=21 var_idx=6 tp=1.221000 y_true=0.279224 y_pred=0.626889 diff=0.347666 abs_err=0.347666
2025-12-22 01:32:16,388 | INFO | TOP_BEST | split=test epoch=4 rank=1/3 b=57 t=4 var_idx=8 tp=1.058667 y_true=0.618490 y_pred=0.618493 diff=0.000003 abs_err=0.000003
2025-12-22 01:32:16,389 | INFO | TOP_BEST | split=test epoch=4 rank=2/3 b=24 t=5 var_idx=11 tp=1.045333 y_true=0.614780 y_pred=0.614767 diff=-0.000013 abs_err=0.000013
2025-12-22 01:32:16,389 | INFO | TOP_BEST | split=test epoch=4 rank=3/3 b=48 t=1 var_idx=0 tp=1.016000 y_true=0.547923 y_pred=0.547956 diff=0.000033 abs_err=0.000033
2025-12-22 01:32:16,389 | INFO | TOP_OK | split=test epoch=4 none_found (no exact matches)
2025-12-22 01:32:21,156 | INFO | TOP_ERR | split=test epoch=5 rank=1/10 b=17 t=6 var_idx=6 tp=1.063000 y_true=0.053281 y_pred=0.758134 diff=0.704853 abs_err=0.704853
2025-12-22 01:32:21,156 | INFO | TOP_ERR | split=test epoch=5 rank=2/10 b=17 t=2 var_idx=6 tp=1.027000 y_true=0.054539 y_pred=0.757890 diff=0.703351 abs_err=0.703351
2025-12-22 01:32:21,157 | INFO | TOP_ERR | split=test epoch=5 rank=3/10 b=31 t=11 var_idx=3 tp=1.144667 y_true=0.259034 y_pred=0.672648 diff=0.413614 abs_err=0.413614
2025-12-22 01:32:21,157 | INFO | TOP_ERR | split=test epoch=5 rank=4/10 b=55 t=1 var_idx=11 tp=1.013667 y_true=0.160785 y_pred=0.527683 diff=0.366899 abs_err=0.366899
2025-12-22 01:32:21,157 | INFO | TOP_ERR | split=test epoch=5 rank=5/10 b=37 t=28 var_idx=7 tp=1.313000 y_true=0.136750 y_pred=0.498829 diff=0.362079 abs_err=0.362079
2025-12-22 01:32:21,157 | INFO | TOP_ERR | split=test epoch=5 rank=6/10 b=17 t=6 var_idx=7 tp=1.063000 y_true=0.869900 y_pred=0.513595 diff=-0.356305 abs_err=0.356305
2025-12-22 01:32:21,157 | INFO | TOP_ERR | split=test epoch=5 rank=7/10 b=17 t=2 var_idx=7 tp=1.027000 y_true=0.869051 y_pred=0.513245 diff=-0.355806 abs_err=0.355806
2025-12-22 01:32:21,157 | INFO | TOP_ERR | split=test epoch=5 rank=8/10 b=37 t=28 var_idx=6 tp=1.313000 y_true=0.992233 y_pred=0.641137 diff=-0.351096 abs_err=0.351096
2025-12-22 01:32:21,157 | INFO | TOP_ERR | split=test epoch=5 rank=9/10 b=31 t=11 var_idx=4 tp=1.144667 y_true=0.237305 y_pred=0.586198 diff=0.348893 abs_err=0.348893
2025-12-22 01:32:21,157 | INFO | TOP_ERR | split=test epoch=5 rank=10/10 b=49 t=7 var_idx=11 tp=1.106333 y_true=0.248853 y_pred=0.576333 diff=0.327480 abs_err=0.327480
2025-12-22 01:32:21,158 | INFO | TOP_BEST | split=test epoch=5 rank=1/3 b=23 t=20 var_idx=1 tp=1.207333 y_true=0.479535 y_pred=0.479524 diff=-0.000011 abs_err=0.000011
2025-12-22 01:32:21,158 | INFO | TOP_BEST | split=test epoch=5 rank=2/3 b=35 t=19 var_idx=2 tp=1.205000 y_true=0.399630 y_pred=0.399659 diff=0.000029 abs_err=0.000029
2025-12-22 01:32:21,158 | INFO | TOP_BEST | split=test epoch=5 rank=3/3 b=50 t=8 var_idx=11 tp=1.094667 y_true=0.520869 y_pred=0.520838 diff=-0.000031 abs_err=0.000031
2025-12-22 01:32:21,158 | INFO | TOP_OK | split=test epoch=5 none_found (no exact matches)
2025-12-22 01:32:25,933 | INFO | TOP_ERR | split=test epoch=6 rank=1/10 b=17 t=6 var_idx=6 tp=1.063000 y_true=0.053281 y_pred=0.773828 diff=0.720547 abs_err=0.720547
2025-12-22 01:32:25,934 | INFO | TOP_ERR | split=test epoch=6 rank=2/10 b=17 t=2 var_idx=6 tp=1.027000 y_true=0.054539 y_pred=0.773320 diff=0.718781 abs_err=0.718781
2025-12-22 01:32:25,934 | INFO | TOP_ERR | split=test epoch=6 rank=3/10 b=31 t=11 var_idx=3 tp=1.144667 y_true=0.259034 y_pred=0.674636 diff=0.415601 abs_err=0.415601
2025-12-22 01:32:25,934 | INFO | TOP_ERR | split=test epoch=6 rank=4/10 b=17 t=6 var_idx=7 tp=1.063000 y_true=0.869900 y_pred=0.489614 diff=-0.380286 abs_err=0.380286
2025-12-22 01:32:25,934 | INFO | TOP_ERR | split=test epoch=6 rank=5/10 b=17 t=2 var_idx=7 tp=1.027000 y_true=0.869051 y_pred=0.489274 diff=-0.379776 abs_err=0.379776
2025-12-22 01:32:25,934 | INFO | TOP_ERR | split=test epoch=6 rank=6/10 b=55 t=1 var_idx=11 tp=1.013667 y_true=0.160785 y_pred=0.534935 diff=0.374150 abs_err=0.374150
2025-12-22 01:32:25,934 | INFO | TOP_ERR | split=test epoch=6 rank=7/10 b=37 t=28 var_idx=6 tp=1.313000 y_true=0.992233 y_pred=0.641517 diff=-0.350716 abs_err=0.350716
2025-12-22 01:32:25,934 | INFO | TOP_ERR | split=test epoch=6 rank=8/10 b=31 t=11 var_idx=4 tp=1.144667 y_true=0.237305 y_pred=0.581516 diff=0.344211 abs_err=0.344211
2025-12-22 01:32:25,934 | INFO | TOP_ERR | split=test epoch=6 rank=9/10 b=37 t=28 var_idx=7 tp=1.313000 y_true=0.136750 y_pred=0.478620 diff=0.341870 abs_err=0.341870
2025-12-22 01:32:25,935 | INFO | TOP_ERR | split=test epoch=6 rank=10/10 b=49 t=7 var_idx=11 tp=1.106333 y_true=0.248853 y_pred=0.577891 diff=0.329038 abs_err=0.329038
2025-12-22 01:32:25,935 | INFO | TOP_BEST | split=test epoch=6 rank=1/3 b=52 t=10 var_idx=1 tp=1.157667 y_true=0.363378 y_pred=0.363359 diff=-0.000019 abs_err=0.000019
2025-12-22 01:32:25,935 | INFO | TOP_BEST | split=test epoch=6 rank=2/3 b=34 t=7 var_idx=3 tp=1.078667 y_true=0.608804 y_pred=0.608784 diff=-0.000020 abs_err=0.000020
2025-12-22 01:32:25,935 | INFO | TOP_BEST | split=test epoch=6 rank=3/3 b=50 t=22 var_idx=0 tp=1.247667 y_true=0.596013 y_pred=0.596057 diff=0.000045 abs_err=0.000045
2025-12-22 01:32:25,935 | INFO | TOP_OK | split=test epoch=6 none_found (no exact matches)
2025-12-22 01:32:30,745 | INFO | TOP_ERR | split=test epoch=7 rank=1/10 b=17 t=6 var_idx=6 tp=1.063000 y_true=0.053281 y_pred=0.781230 diff=0.727949 abs_err=0.727949
2025-12-22 01:32:30,825 | INFO | TOP_ERR | split=test epoch=7 rank=2/10 b=17 t=2 var_idx=6 tp=1.027000 y_true=0.054539 y_pred=0.780672 diff=0.726133 abs_err=0.726133
2025-12-22 01:32:30,825 | INFO | TOP_ERR | split=test epoch=7 rank=3/10 b=31 t=11 var_idx=3 tp=1.144667 y_true=0.259034 y_pred=0.682711 diff=0.423676 abs_err=0.423676
2025-12-22 01:32:30,826 | INFO | TOP_ERR | split=test epoch=7 rank=4/10 b=17 t=6 var_idx=7 tp=1.063000 y_true=0.869900 y_pred=0.479238 diff=-0.390661 abs_err=0.390661
2025-12-22 01:32:30,826 | INFO | TOP_ERR | split=test epoch=7 rank=5/10 b=17 t=2 var_idx=7 tp=1.027000 y_true=0.869051 y_pred=0.478899 diff=-0.390152 abs_err=0.390152
2025-12-22 01:32:30,826 | INFO | TOP_ERR | split=test epoch=7 rank=6/10 b=55 t=1 var_idx=11 tp=1.013667 y_true=0.160785 y_pred=0.537666 diff=0.376881 abs_err=0.376881
2025-12-22 01:32:30,826 | INFO | TOP_ERR | split=test epoch=7 rank=7/10 b=37 t=28 var_idx=6 tp=1.313000 y_true=0.992233 y_pred=0.644187 diff=-0.348046 abs_err=0.348046
2025-12-22 01:32:30,826 | INFO | TOP_ERR | split=test epoch=7 rank=8/10 b=31 t=11 var_idx=4 tp=1.144667 y_true=0.237305 y_pred=0.584068 diff=0.346762 abs_err=0.346762
2025-12-22 01:32:30,826 | INFO | TOP_ERR | split=test epoch=7 rank=9/10 b=37 t=28 var_idx=7 tp=1.313000 y_true=0.136750 y_pred=0.470381 diff=0.333631 abs_err=0.333631
2025-12-22 01:32:30,826 | INFO | TOP_ERR | split=test epoch=7 rank=10/10 b=49 t=7 var_idx=11 tp=1.106333 y_true=0.248853 y_pred=0.578281 diff=0.329428 abs_err=0.329428
2025-12-22 01:32:30,827 | INFO | TOP_BEST | split=test epoch=7 rank=1/3 b=19 t=21 var_idx=8 tp=1.225333 y_true=0.659875 y_pred=0.659868 diff=-0.000007 abs_err=0.000007
2025-12-22 01:32:30,827 | INFO | TOP_BEST | split=test epoch=7 rank=2/3 b=27 t=14 var_idx=7 tp=1.153667 y_true=0.659428 y_pred=0.659413 diff=-0.000014 abs_err=0.000014
2025-12-22 01:32:30,827 | INFO | TOP_BEST | split=test epoch=7 rank=3/3 b=27 t=8 var_idx=11 tp=1.090333 y_true=0.590850 y_pred=0.590824 diff=-0.000027 abs_err=0.000027
2025-12-22 01:32:30,827 | INFO | TOP_OK | split=test epoch=7 none_found (no exact matches)
2025-12-22 01:32:35,672 | INFO | TOP_ERR | split=test epoch=8 rank=1/10 b=17 t=6 var_idx=6 tp=1.063000 y_true=0.053281 y_pred=0.758960 diff=0.705678 abs_err=0.705678
2025-12-22 01:32:35,672 | INFO | TOP_ERR | split=test epoch=8 rank=2/10 b=17 t=2 var_idx=6 tp=1.027000 y_true=0.054539 y_pred=0.758400 diff=0.703862 abs_err=0.703862
2025-12-22 01:32:35,672 | INFO | TOP_ERR | split=test epoch=8 rank=3/10 b=17 t=6 var_idx=7 tp=1.063000 y_true=0.869900 y_pred=0.454549 diff=-0.415350 abs_err=0.415350
2025-12-22 01:32:35,672 | INFO | TOP_ERR | split=test epoch=8 rank=4/10 b=17 t=2 var_idx=7 tp=1.027000 y_true=0.869051 y_pred=0.453726 diff=-0.415325 abs_err=0.415325
2025-12-22 01:32:35,672 | INFO | TOP_ERR | split=test epoch=8 rank=5/10 b=31 t=11 var_idx=3 tp=1.144667 y_true=0.259034 y_pred=0.667610 diff=0.408575 abs_err=0.408575
2025-12-22 01:32:35,672 | INFO | TOP_ERR | split=test epoch=8 rank=6/10 b=37 t=28 var_idx=6 tp=1.313000 y_true=0.992233 y_pred=0.609522 diff=-0.382711 abs_err=0.382711
2025-12-22 01:32:35,672 | INFO | TOP_ERR | split=test epoch=8 rank=7/10 b=55 t=1 var_idx=11 tp=1.013667 y_true=0.160785 y_pred=0.519475 diff=0.358690 abs_err=0.358690
2025-12-22 01:32:35,673 | INFO | TOP_ERR | split=test epoch=8 rank=8/10 b=31 t=11 var_idx=4 tp=1.144667 y_true=0.237305 y_pred=0.566374 diff=0.329068 abs_err=0.329068
2025-12-22 01:32:35,673 | INFO | TOP_ERR | split=test epoch=8 rank=9/10 b=63 t=29 var_idx=10 tp=1.302333 y_true=0.792565 y_pred=0.475169 diff=-0.317396 abs_err=0.317396
2025-12-22 01:32:35,673 | INFO | TOP_ERR | split=test epoch=8 rank=10/10 b=37 t=28 var_idx=7 tp=1.313000 y_true=0.136750 y_pred=0.449445 diff=0.312695 abs_err=0.312696
2025-12-22 01:32:35,673 | INFO | TOP_BEST | split=test epoch=8 rank=1/3 b=25 t=11 var_idx=2 tp=1.117333 y_true=0.352402 y_pred=0.352402 diff=0.000001 abs_err=0.000001
2025-12-22 01:32:35,673 | INFO | TOP_BEST | split=test epoch=8 rank=2/3 b=20 t=20 var_idx=10 tp=1.225333 y_true=0.603705 y_pred=0.603706 diff=0.000001 abs_err=0.000001
2025-12-22 01:32:35,673 | INFO | TOP_BEST | split=test epoch=8 rank=3/3 b=40 t=20 var_idx=2 tp=1.232000 y_true=0.467634 y_pred=0.467638 diff=0.000004 abs_err=0.000004
2025-12-22 01:32:35,674 | INFO | TOP_OK | split=test epoch=8 rank=1/3 b=3 t=1 var_idx=5 tp=1.025333 y_true=0.558631 y_pred=0.558631
2025-12-22 01:32:40,478 | INFO | TOP_ERR | split=test epoch=9 rank=1/10 b=17 t=6 var_idx=6 tp=1.063000 y_true=0.053281 y_pred=0.757585 diff=0.704304 abs_err=0.704304
2025-12-22 01:32:40,478 | INFO | TOP_ERR | split=test epoch=9 rank=2/10 b=17 t=2 var_idx=6 tp=1.027000 y_true=0.054539 y_pred=0.757026 diff=0.702488 abs_err=0.702488
2025-12-22 01:32:40,478 | INFO | TOP_ERR | split=test epoch=9 rank=3/10 b=17 t=6 var_idx=7 tp=1.063000 y_true=0.869900 y_pred=0.459864 diff=-0.410036 abs_err=0.410036
2025-12-22 01:32:40,479 | INFO | TOP_ERR | split=test epoch=9 rank=4/10 b=17 t=2 var_idx=7 tp=1.027000 y_true=0.869051 y_pred=0.459260 diff=-0.409790 abs_err=0.409790
2025-12-22 01:32:40,479 | INFO | TOP_ERR | split=test epoch=9 rank=5/10 b=31 t=11 var_idx=3 tp=1.144667 y_true=0.259034 y_pred=0.664580 diff=0.405546 abs_err=0.405546
2025-12-22 01:32:40,479 | INFO | TOP_ERR | split=test epoch=9 rank=6/10 b=37 t=28 var_idx=6 tp=1.313000 y_true=0.992233 y_pred=0.610390 diff=-0.381843 abs_err=0.381843
2025-12-22 01:32:40,479 | INFO | TOP_ERR | split=test epoch=9 rank=7/10 b=55 t=1 var_idx=11 tp=1.013667 y_true=0.160785 y_pred=0.526554 diff=0.365769 abs_err=0.365769
2025-12-22 01:32:40,479 | INFO | TOP_ERR | split=test epoch=9 rank=8/10 b=31 t=11 var_idx=4 tp=1.144667 y_true=0.237305 y_pred=0.573176 diff=0.335870 abs_err=0.335870
2025-12-22 01:32:40,479 | INFO | TOP_ERR | split=test epoch=9 rank=9/10 b=37 t=28 var_idx=7 tp=1.313000 y_true=0.136750 y_pred=0.454797 diff=0.318047 abs_err=0.318047
2025-12-22 01:32:40,479 | INFO | TOP_ERR | split=test epoch=9 rank=10/10 b=49 t=7 var_idx=11 tp=1.106333 y_true=0.248853 y_pred=0.566057 diff=0.317204 abs_err=0.317204
2025-12-22 01:32:40,480 | INFO | TOP_BEST | split=test epoch=9 rank=1/3 b=35 t=26 var_idx=7 tp=1.295000 y_true=0.542221 y_pred=0.542221 diff=-0.000000 abs_err=0.000000
2025-12-22 01:32:40,480 | INFO | TOP_BEST | split=test epoch=9 rank=2/3 b=33 t=30 var_idx=10 tp=1.322000 y_true=0.648703 y_pred=0.648714 diff=0.000011 abs_err=0.000011
2025-12-22 01:32:40,480 | INFO | TOP_BEST | split=test epoch=9 rank=3/3 b=26 t=6 var_idx=0 tp=1.072333 y_true=0.593064 y_pred=0.593026 diff=-0.000038 abs_err=0.000038
2025-12-22 01:32:40,480 | INFO | TOP_OK | split=test epoch=9 none_found (no exact matches)
2025-12-22 01:32:45,295 | INFO | TOP_ERR | split=test epoch=10 rank=1/10 b=17 t=6 var_idx=6 tp=1.063000 y_true=0.053281 y_pred=0.749553 diff=0.696272 abs_err=0.696272
2025-12-22 01:32:45,295 | INFO | TOP_ERR | split=test epoch=10 rank=2/10 b=17 t=2 var_idx=6 tp=1.027000 y_true=0.054539 y_pred=0.748932 diff=0.694393 abs_err=0.694393
2025-12-22 01:32:45,296 | INFO | TOP_ERR | split=test epoch=10 rank=3/10 b=17 t=6 var_idx=7 tp=1.063000 y_true=0.869900 y_pred=0.455857 diff=-0.414042 abs_err=0.414042
2025-12-22 01:32:45,296 | INFO | TOP_ERR | split=test epoch=10 rank=4/10 b=17 t=2 var_idx=7 tp=1.027000 y_true=0.869051 y_pred=0.455254 diff=-0.413797 abs_err=0.413797
2025-12-22 01:32:45,296 | INFO | TOP_ERR | split=test epoch=10 rank=5/10 b=31 t=11 var_idx=3 tp=1.144667 y_true=0.259034 y_pred=0.668345 diff=0.409311 abs_err=0.409311
2025-12-22 01:32:45,296 | INFO | TOP_ERR | split=test epoch=10 rank=6/10 b=37 t=28 var_idx=6 tp=1.313000 y_true=0.992233 y_pred=0.595637 diff=-0.396596 abs_err=0.396596
2025-12-22 01:32:45,296 | INFO | TOP_ERR | split=test epoch=10 rank=7/10 b=55 t=1 var_idx=11 tp=1.013667 y_true=0.160785 y_pred=0.521585 diff=0.360800 abs_err=0.360800
2025-12-22 01:32:45,296 | INFO | TOP_ERR | split=test epoch=10 rank=8/10 b=31 t=11 var_idx=4 tp=1.144667 y_true=0.237305 y_pred=0.566737 diff=0.329431 abs_err=0.329431
2025-12-22 01:32:45,296 | INFO | TOP_ERR | split=test epoch=10 rank=9/10 b=37 t=28 var_idx=7 tp=1.313000 y_true=0.136750 y_pred=0.451109 diff=0.314360 abs_err=0.314360
2025-12-22 01:32:45,296 | INFO | TOP_ERR | split=test epoch=10 rank=10/10 b=63 t=29 var_idx=10 tp=1.302333 y_true=0.792565 y_pred=0.478609 diff=-0.313956 abs_err=0.313956
2025-12-22 01:32:45,297 | INFO | TOP_BEST | split=test epoch=10 rank=1/3 b=31 t=23 var_idx=11 tp=1.270667 y_true=0.573862 y_pred=0.573863 diff=0.000001 abs_err=0.000001
2025-12-22 01:32:45,297 | INFO | TOP_BEST | split=test epoch=10 rank=2/3 b=25 t=24 var_idx=9 tp=1.252667 y_true=0.567349 y_pred=0.567339 diff=-0.000010 abs_err=0.000010
2025-12-22 01:32:45,297 | INFO | TOP_BEST | split=test epoch=10 rank=3/3 b=60 t=21 var_idx=7 tp=1.248000 y_true=0.477583 y_pred=0.477593 diff=0.000010 abs_err=0.000010
2025-12-22 01:32:45,297 | INFO | TOP_OK | split=test epoch=10 none_found (no exact matches)
2025-12-22 01:32:50,107 | INFO | TOP_ERR | split=test epoch=11 rank=1/10 b=17 t=6 var_idx=6 tp=1.063000 y_true=0.053281 y_pred=0.749993 diff=0.696712 abs_err=0.696712
2025-12-22 01:32:50,107 | INFO | TOP_ERR | split=test epoch=11 rank=2/10 b=17 t=2 var_idx=6 tp=1.027000 y_true=0.054539 y_pred=0.749329 diff=0.694791 abs_err=0.694791
2025-12-22 01:32:50,107 | INFO | TOP_ERR | split=test epoch=11 rank=3/10 b=17 t=6 var_idx=7 tp=1.063000 y_true=0.869900 y_pred=0.457624 diff=-0.412276 abs_err=0.412276
2025-12-22 01:32:50,107 | INFO | TOP_ERR | split=test epoch=11 rank=4/10 b=17 t=2 var_idx=7 tp=1.027000 y_true=0.869051 y_pred=0.457021 diff=-0.412030 abs_err=0.412030
2025-12-22 01:32:50,107 | INFO | TOP_ERR | split=test epoch=11 rank=5/10 b=31 t=11 var_idx=3 tp=1.144667 y_true=0.259034 y_pred=0.667467 diff=0.408433 abs_err=0.408433
2025-12-22 01:32:50,107 | INFO | TOP_ERR | split=test epoch=11 rank=6/10 b=37 t=28 var_idx=6 tp=1.313000 y_true=0.992233 y_pred=0.598164 diff=-0.394069 abs_err=0.394069
2025-12-22 01:32:50,107 | INFO | TOP_ERR | split=test epoch=11 rank=7/10 b=55 t=1 var_idx=11 tp=1.013667 y_true=0.160785 y_pred=0.521141 diff=0.360357 abs_err=0.360357
2025-12-22 01:32:50,107 | INFO | TOP_ERR | split=test epoch=11 rank=8/10 b=31 t=11 var_idx=4 tp=1.144667 y_true=0.237305 y_pred=0.566837 diff=0.329532 abs_err=0.329532
2025-12-22 01:32:50,108 | INFO | TOP_ERR | split=test epoch=11 rank=9/10 b=37 t=28 var_idx=7 tp=1.313000 y_true=0.136750 y_pred=0.454062 diff=0.317312 abs_err=0.317312
2025-12-22 01:32:50,108 | INFO | TOP_ERR | split=test epoch=11 rank=10/10 b=49 t=7 var_idx=11 tp=1.106333 y_true=0.248853 y_pred=0.560037 diff=0.311184 abs_err=0.311184
2025-12-22 01:32:50,108 | INFO | TOP_BEST | split=test epoch=11 rank=1/3 b=37 t=0 var_idx=2 tp=1.006667 y_true=0.391248 y_pred=0.391233 diff=-0.000015 abs_err=0.000015
2025-12-22 01:32:50,108 | INFO | TOP_BEST | split=test epoch=11 rank=2/3 b=44 t=4 var_idx=3 tp=1.061000 y_true=0.625487 y_pred=0.625503 diff=0.000015 abs_err=0.000015
2025-12-22 01:32:50,108 | INFO | TOP_BEST | split=test epoch=11 rank=3/3 b=30 t=29 var_idx=0 tp=1.324667 y_true=0.584399 y_pred=0.584424 diff=0.000025 abs_err=0.000025
2025-12-22 01:32:50,108 | INFO | TOP_OK | split=test epoch=11 none_found (no exact matches)
2025-12-22 01:32:59,178 | INFO | TOP_ERR | split=test epoch=13 rank=1/10 b=17 t=6 var_idx=6 tp=1.063000 y_true=0.053281 y_pred=0.756633 diff=0.703352 abs_err=0.703352
2025-12-22 01:32:59,179 | INFO | TOP_ERR | split=test epoch=13 rank=2/10 b=17 t=2 var_idx=6 tp=1.027000 y_true=0.054539 y_pred=0.755828 diff=0.701290 abs_err=0.701290
2025-12-22 01:32:59,179 | INFO | TOP_ERR | split=test epoch=13 rank=3/10 b=31 t=11 var_idx=3 tp=1.144667 y_true=0.259034 y_pred=0.670555 diff=0.411521 abs_err=0.411521
2025-12-22 01:32:59,179 | INFO | TOP_ERR | split=test epoch=13 rank=4/10 b=17 t=6 var_idx=7 tp=1.063000 y_true=0.869900 y_pred=0.465755 diff=-0.404144 abs_err=0.404144
2025-12-22 01:32:59,179 | INFO | TOP_ERR | split=test epoch=13 rank=5/10 b=17 t=2 var_idx=7 tp=1.027000 y_true=0.869051 y_pred=0.465212 diff=-0.403839 abs_err=0.403839
2025-12-22 01:32:59,179 | INFO | TOP_ERR | split=test epoch=13 rank=6/10 b=37 t=28 var_idx=6 tp=1.313000 y_true=0.992233 y_pred=0.604926 diff=-0.387307 abs_err=0.387307
2025-12-22 01:32:59,180 | INFO | TOP_ERR | split=test epoch=13 rank=7/10 b=55 t=1 var_idx=11 tp=1.013667 y_true=0.160785 y_pred=0.529345 diff=0.368561 abs_err=0.368561
2025-12-22 01:32:59,180 | INFO | TOP_ERR | split=test epoch=13 rank=8/10 b=31 t=11 var_idx=4 tp=1.144667 y_true=0.237305 y_pred=0.578995 diff=0.341689 abs_err=0.341689
2025-12-22 01:32:59,180 | INFO | TOP_ERR | split=test epoch=13 rank=9/10 b=37 t=28 var_idx=7 tp=1.313000 y_true=0.136750 y_pred=0.462468 diff=0.325718 abs_err=0.325718
2025-12-22 01:32:59,180 | INFO | TOP_ERR | split=test epoch=13 rank=10/10 b=49 t=7 var_idx=11 tp=1.106333 y_true=0.248853 y_pred=0.567172 diff=0.318319 abs_err=0.318319
2025-12-22 01:32:59,180 | INFO | TOP_BEST | split=test epoch=13 rank=1/3 b=3 t=4 var_idx=5 tp=1.052000 y_true=0.486171 y_pred=0.486175 diff=0.000004 abs_err=0.000004
2025-12-22 01:32:59,180 | INFO | TOP_BEST | split=test epoch=13 rank=2/3 b=11 t=1 var_idx=5 tp=1.013000 y_true=0.563700 y_pred=0.563723 diff=0.000023 abs_err=0.000023
2025-12-22 01:32:59,181 | INFO | TOP_BEST | split=test epoch=13 rank=3/3 b=29 t=7 var_idx=11 tp=1.072667 y_true=0.589831 y_pred=0.589858 diff=0.000027 abs_err=0.000027
2025-12-22 01:32:59,181 | INFO | TOP_OK | split=test epoch=13 none_found (no exact matches)
2025-12-22 01:33:03,978 | INFO | TOP_ERR | split=test epoch=14 rank=1/10 b=17 t=6 var_idx=6 tp=1.063000 y_true=0.053281 y_pred=0.748002 diff=0.694721 abs_err=0.694721
2025-12-22 01:33:03,978 | INFO | TOP_ERR | split=test epoch=14 rank=2/10 b=17 t=2 var_idx=6 tp=1.027000 y_true=0.054539 y_pred=0.747197 diff=0.692659 abs_err=0.692659
2025-12-22 01:33:03,978 | INFO | TOP_ERR | split=test epoch=14 rank=3/10 b=17 t=6 var_idx=7 tp=1.063000 y_true=0.869900 y_pred=0.454562 diff=-0.415338 abs_err=0.415338
2025-12-22 01:33:03,978 | INFO | TOP_ERR | split=test epoch=14 rank=4/10 b=17 t=2 var_idx=7 tp=1.027000 y_true=0.869051 y_pred=0.454009 diff=-0.415042 abs_err=0.415042
2025-12-22 01:33:03,978 | INFO | TOP_ERR | split=test epoch=14 rank=5/10 b=31 t=11 var_idx=3 tp=1.144667 y_true=0.259034 y_pred=0.666139 diff=0.407104 abs_err=0.407104
2025-12-22 01:33:03,979 | INFO | TOP_ERR | split=test epoch=14 rank=6/10 b=37 t=28 var_idx=6 tp=1.313000 y_true=0.992233 y_pred=0.591942 diff=-0.400291 abs_err=0.400291
2025-12-22 01:33:03,979 | INFO | TOP_ERR | split=test epoch=14 rank=7/10 b=55 t=1 var_idx=11 tp=1.013667 y_true=0.160785 y_pred=0.519242 diff=0.358458 abs_err=0.358458
2025-12-22 01:33:03,979 | INFO | TOP_ERR | split=test epoch=14 rank=8/10 b=31 t=11 var_idx=4 tp=1.144667 y_true=0.237305 y_pred=0.565800 diff=0.328495 abs_err=0.328495
2025-12-22 01:33:03,979 | INFO | TOP_ERR | split=test epoch=14 rank=9/10 b=37 t=28 var_idx=7 tp=1.313000 y_true=0.136750 y_pred=0.452844 diff=0.316094 abs_err=0.316094
2025-12-22 01:33:03,979 | INFO | TOP_ERR | split=test epoch=14 rank=10/10 b=17 t=2 var_idx=8 tp=1.027000 y_true=0.996743 y_pred=0.683458 diff=-0.313284 abs_err=0.313284
2025-12-22 01:33:03,980 | INFO | TOP_BEST | split=test epoch=14 rank=1/3 b=53 t=24 var_idx=4 tp=1.302000 y_true=0.414794 y_pred=0.414801 diff=0.000007 abs_err=0.000007
2025-12-22 01:33:03,980 | INFO | TOP_BEST | split=test epoch=14 rank=2/3 b=25 t=23 var_idx=8 tp=1.243667 y_true=0.649431 y_pred=0.649440 diff=0.000009 abs_err=0.000009
2025-12-22 01:33:03,980 | INFO | TOP_BEST | split=test epoch=14 rank=3/3 b=56 t=3 var_idx=8 tp=1.031667 y_true=0.566242 y_pred=0.566252 diff=0.000010 abs_err=0.000010
2025-12-22 01:33:03,980 | INFO | TOP_OK | split=test epoch=14 none_found (no exact matches)
2025-12-22 01:33:17,317 | INFO | TOP_ERR | split=test epoch=17 rank=1/10 b=17 t=6 var_idx=6 tp=1.063000 y_true=0.053281 y_pred=0.753584 diff=0.700303 abs_err=0.700303
2025-12-22 01:33:17,318 | INFO | TOP_ERR | split=test epoch=17 rank=2/10 b=17 t=2 var_idx=6 tp=1.027000 y_true=0.054539 y_pred=0.752779 diff=0.698241 abs_err=0.698241
2025-12-22 01:33:17,318 | INFO | TOP_ERR | split=test epoch=17 rank=3/10 b=31 t=11 var_idx=3 tp=1.144667 y_true=0.259034 y_pred=0.670857 diff=0.411823 abs_err=0.411823
2025-12-22 01:33:17,318 | INFO | TOP_ERR | split=test epoch=17 rank=4/10 b=17 t=6 var_idx=7 tp=1.063000 y_true=0.869900 y_pred=0.463375 diff=-0.406525 abs_err=0.406525
2025-12-22 01:33:17,318 | INFO | TOP_ERR | split=test epoch=17 rank=5/10 b=17 t=2 var_idx=7 tp=1.027000 y_true=0.869051 y_pred=0.462803 diff=-0.406248 abs_err=0.406248
2025-12-22 01:33:17,318 | INFO | TOP_ERR | split=test epoch=17 rank=6/10 b=37 t=28 var_idx=6 tp=1.313000 y_true=0.992233 y_pred=0.599730 diff=-0.392503 abs_err=0.392503
2025-12-22 01:33:17,318 | INFO | TOP_ERR | split=test epoch=17 rank=7/10 b=55 t=1 var_idx=11 tp=1.013667 y_true=0.160785 y_pred=0.525342 diff=0.364557 abs_err=0.364557
2025-12-22 01:33:17,318 | INFO | TOP_ERR | split=test epoch=17 rank=8/10 b=31 t=11 var_idx=4 tp=1.144667 y_true=0.237305 y_pred=0.578066 diff=0.340760 abs_err=0.340760
2025-12-22 01:33:17,318 | INFO | TOP_ERR | split=test epoch=17 rank=9/10 b=37 t=28 var_idx=7 tp=1.313000 y_true=0.136750 y_pred=0.461322 diff=0.324572 abs_err=0.324572
2025-12-22 01:33:17,319 | INFO | TOP_ERR | split=test epoch=17 rank=10/10 b=49 t=7 var_idx=11 tp=1.106333 y_true=0.248853 y_pred=0.561342 diff=0.312489 abs_err=0.312489
2025-12-22 01:33:17,319 | INFO | TOP_BEST | split=test epoch=17 rank=1/3 b=58 t=5 var_idx=1 tp=1.067667 y_true=0.360516 y_pred=0.360534 diff=0.000018 abs_err=0.000018
2025-12-22 01:33:17,319 | INFO | TOP_BEST | split=test epoch=17 rank=2/3 b=29 t=9 var_idx=3 tp=1.090667 y_true=0.590254 y_pred=0.590232 diff=-0.000022 abs_err=0.000022
2025-12-22 01:33:17,319 | INFO | TOP_BEST | split=test epoch=17 rank=3/3 b=33 t=19 var_idx=8 tp=1.207667 y_true=0.653789 y_pred=0.653760 diff=-0.000028 abs_err=0.000028
2025-12-22 01:33:17,319 | INFO | TOP_OK | split=test epoch=17 none_found (no exact matches)
2025-12-22 01:33:31,167 | INFO | TOP_ERR | split=test epoch=20 rank=1/10 b=17 t=6 var_idx=6 tp=1.063000 y_true=0.053281 y_pred=0.748612 diff=0.695331 abs_err=0.695331
2025-12-22 01:33:31,167 | INFO | TOP_ERR | split=test epoch=20 rank=2/10 b=17 t=2 var_idx=6 tp=1.027000 y_true=0.054539 y_pred=0.747849 diff=0.693310 abs_err=0.693310
2025-12-22 01:33:31,167 | INFO | TOP_ERR | split=test epoch=20 rank=3/10 b=31 t=11 var_idx=3 tp=1.144667 y_true=0.259034 y_pred=0.674402 diff=0.415368 abs_err=0.415368
2025-12-22 01:33:31,167 | INFO | TOP_ERR | split=test epoch=20 rank=4/10 b=17 t=6 var_idx=7 tp=1.063000 y_true=0.869900 y_pred=0.463033 diff=-0.406866 abs_err=0.406866
2025-12-22 01:33:31,167 | INFO | TOP_ERR | split=test epoch=20 rank=5/10 b=17 t=2 var_idx=7 tp=1.027000 y_true=0.869051 y_pred=0.462436 diff=-0.406615 abs_err=0.406615
2025-12-22 01:33:31,167 | INFO | TOP_ERR | split=test epoch=20 rank=6/10 b=37 t=28 var_idx=6 tp=1.313000 y_true=0.992233 y_pred=0.600539 diff=-0.391694 abs_err=0.391694
2025-12-22 01:33:31,168 | INFO | TOP_ERR | split=test epoch=20 rank=7/10 b=55 t=1 var_idx=11 tp=1.013667 y_true=0.160785 y_pred=0.524592 diff=0.363807 abs_err=0.363807
2025-12-22 01:33:31,168 | INFO | TOP_ERR | split=test epoch=20 rank=8/10 b=31 t=11 var_idx=4 tp=1.144667 y_true=0.237305 y_pred=0.576756 diff=0.339450 abs_err=0.339450
2025-12-22 01:33:31,168 | INFO | TOP_ERR | split=test epoch=20 rank=9/10 b=37 t=28 var_idx=7 tp=1.313000 y_true=0.136750 y_pred=0.460477 diff=0.323727 abs_err=0.323727
2025-12-22 01:33:31,168 | INFO | TOP_ERR | split=test epoch=20 rank=10/10 b=10 t=22 var_idx=10 tp=1.265333 y_true=0.166149 y_pred=0.477612 diff=0.311462 abs_err=0.311462
2025-12-22 01:33:31,168 | INFO | TOP_BEST | split=test epoch=20 rank=1/3 b=41 t=21 var_idx=3 tp=1.268333 y_true=0.621403 y_pred=0.621375 diff=-0.000028 abs_err=0.000028
2025-12-22 01:33:31,169 | INFO | TOP_BEST | split=test epoch=20 rank=2/3 b=20 t=14 var_idx=6 tp=1.144333 y_true=0.526038 y_pred=0.526008 diff=-0.000030 abs_err=0.000030
2025-12-22 01:33:31,169 | INFO | TOP_BEST | split=test epoch=20 rank=3/3 b=2 t=18 var_idx=3 tp=1.205000 y_true=0.615669 y_pred=0.615704 diff=0.000035 abs_err=0.000035
2025-12-22 01:33:31,169 | INFO | TOP_OK | split=test epoch=20 none_found (no exact matches)
2025-12-22 01:33:44,538 | INFO | TOP_ERR | split=test epoch=23 rank=1/10 b=17 t=6 var_idx=6 tp=1.063000 y_true=0.053281 y_pred=0.736187 diff=0.682906 abs_err=0.682906
2025-12-22 01:33:44,538 | INFO | TOP_ERR | split=test epoch=23 rank=2/10 b=17 t=2 var_idx=6 tp=1.027000 y_true=0.054539 y_pred=0.735626 diff=0.681087 abs_err=0.681087
2025-12-22 01:33:44,538 | INFO | TOP_ERR | split=test epoch=23 rank=3/10 b=31 t=11 var_idx=3 tp=1.144667 y_true=0.259034 y_pred=0.674389 diff=0.415355 abs_err=0.415355
2025-12-22 01:33:44,538 | INFO | TOP_ERR | split=test epoch=23 rank=4/10 b=17 t=6 var_idx=7 tp=1.063000 y_true=0.869900 y_pred=0.459515 diff=-0.410385 abs_err=0.410385
2025-12-22 01:33:44,538 | INFO | TOP_ERR | split=test epoch=23 rank=5/10 b=17 t=2 var_idx=7 tp=1.027000 y_true=0.869051 y_pred=0.458918 diff=-0.410133 abs_err=0.410133
2025-12-22 01:33:44,539 | INFO | TOP_ERR | split=test epoch=23 rank=6/10 b=37 t=28 var_idx=6 tp=1.313000 y_true=0.992233 y_pred=0.587190 diff=-0.405043 abs_err=0.405043
2025-12-22 01:33:44,539 | INFO | TOP_ERR | split=test epoch=23 rank=7/10 b=55 t=1 var_idx=11 tp=1.013667 y_true=0.160785 y_pred=0.522902 diff=0.362117 abs_err=0.362117
2025-12-22 01:33:44,539 | INFO | TOP_ERR | split=test epoch=23 rank=8/10 b=31 t=11 var_idx=4 tp=1.144667 y_true=0.237305 y_pred=0.576046 diff=0.338740 abs_err=0.338740
2025-12-22 01:33:44,539 | INFO | TOP_ERR | split=test epoch=23 rank=9/10 b=37 t=28 var_idx=7 tp=1.313000 y_true=0.136750 y_pred=0.457303 diff=0.320553 abs_err=0.320553
2025-12-22 01:33:44,539 | INFO | TOP_ERR | split=test epoch=23 rank=10/10 b=10 t=22 var_idx=10 tp=1.265333 y_true=0.166149 y_pred=0.474367 diff=0.308218 abs_err=0.308218
2025-12-22 01:33:44,540 | INFO | TOP_BEST | split=test epoch=23 rank=1/3 b=25 t=0 var_idx=9 tp=1.000333 y_true=0.563884 y_pred=0.563890 diff=0.000006 abs_err=0.000006
2025-12-22 01:33:44,540 | INFO | TOP_BEST | split=test epoch=23 rank=2/3 b=49 t=21 var_idx=2 tp=1.259333 y_true=0.480377 y_pred=0.480389 diff=0.000012 abs_err=0.000012
2025-12-22 01:33:44,540 | INFO | TOP_BEST | split=test epoch=23 rank=3/3 b=55 t=21 var_idx=11 tp=1.230000 y_true=0.525123 y_pred=0.525150 diff=0.000027 abs_err=0.000027
2025-12-22 01:33:44,540 | INFO | TOP_OK | split=test epoch=23 none_found (no exact matches)
2025-12-22 01:33:53,599 | INFO | TOP_ERR | split=test epoch=25 rank=1/10 b=17 t=6 var_idx=6 tp=1.063000 y_true=0.053281 y_pred=0.738547 diff=0.685266 abs_err=0.685266
2025-12-22 01:33:53,600 | INFO | TOP_ERR | split=test epoch=25 rank=2/10 b=17 t=2 var_idx=6 tp=1.027000 y_true=0.054539 y_pred=0.737986 diff=0.683448 abs_err=0.683448
2025-12-22 01:33:53,600 | INFO | TOP_ERR | split=test epoch=25 rank=3/10 b=31 t=11 var_idx=3 tp=1.144667 y_true=0.259034 y_pred=0.674944 diff=0.415910 abs_err=0.415910
2025-12-22 01:33:53,600 | INFO | TOP_ERR | split=test epoch=25 rank=4/10 b=17 t=6 var_idx=7 tp=1.063000 y_true=0.869900 y_pred=0.461313 diff=-0.408587 abs_err=0.408587
2025-12-22 01:33:53,600 | INFO | TOP_ERR | split=test epoch=25 rank=5/10 b=17 t=2 var_idx=7 tp=1.027000 y_true=0.869051 y_pred=0.460947 diff=-0.408103 abs_err=0.408103
2025-12-22 01:33:53,600 | INFO | TOP_ERR | split=test epoch=25 rank=6/10 b=37 t=28 var_idx=6 tp=1.313000 y_true=0.992233 y_pred=0.592048 diff=-0.400185 abs_err=0.400185
2025-12-22 01:33:53,600 | INFO | TOP_ERR | split=test epoch=25 rank=7/10 b=55 t=1 var_idx=11 tp=1.013667 y_true=0.160785 y_pred=0.525947 diff=0.365162 abs_err=0.365162
2025-12-22 01:33:53,600 | INFO | TOP_ERR | split=test epoch=25 rank=8/10 b=31 t=11 var_idx=4 tp=1.144667 y_true=0.237305 y_pred=0.576124 diff=0.338818 abs_err=0.338818
2025-12-22 01:33:53,601 | INFO | TOP_ERR | split=test epoch=25 rank=9/10 b=37 t=28 var_idx=7 tp=1.313000 y_true=0.136750 y_pred=0.458702 diff=0.321953 abs_err=0.321953
2025-12-22 01:33:53,601 | INFO | TOP_ERR | split=test epoch=25 rank=10/10 b=49 t=7 var_idx=11 tp=1.106333 y_true=0.248853 y_pred=0.559520 diff=0.310667 abs_err=0.310667
2025-12-22 01:33:53,601 | INFO | TOP_BEST | split=test epoch=25 rank=1/3 b=30 t=26 var_idx=2 tp=1.288667 y_true=0.404366 y_pred=0.404361 diff=-0.000005 abs_err=0.000005
2025-12-22 01:33:53,601 | INFO | TOP_BEST | split=test epoch=25 rank=2/3 b=26 t=0 var_idx=1 tp=1.000333 y_true=0.492102 y_pred=0.492094 diff=-0.000008 abs_err=0.000008
2025-12-22 01:33:53,601 | INFO | TOP_BEST | split=test epoch=25 rank=3/3 b=11 t=2 var_idx=2 tp=1.022000 y_true=0.406256 y_pred=0.406238 diff=-0.000017 abs_err=0.000017
2025-12-22 01:33:53,601 | INFO | TOP_OK | split=test epoch=25 none_found (no exact matches)
2025-12-22 01:34:20,033 | INFO | TOP_ERR | split=test epoch=31 rank=1/10 b=17 t=6 var_idx=6 tp=1.063000 y_true=0.053281 y_pred=0.725899 diff=0.672618 abs_err=0.672618
2025-12-22 01:34:20,033 | INFO | TOP_ERR | split=test epoch=31 rank=2/10 b=17 t=2 var_idx=6 tp=1.027000 y_true=0.054539 y_pred=0.725339 diff=0.670800 abs_err=0.670800
2025-12-22 01:34:20,033 | INFO | TOP_ERR | split=test epoch=31 rank=3/10 b=31 t=11 var_idx=3 tp=1.144667 y_true=0.259034 y_pred=0.676151 diff=0.417117 abs_err=0.417117
2025-12-22 01:34:20,033 | INFO | TOP_ERR | split=test epoch=31 rank=4/10 b=37 t=28 var_idx=6 tp=1.313000 y_true=0.992233 y_pred=0.577954 diff=-0.414279 abs_err=0.414279
2025-12-22 01:34:20,033 | INFO | TOP_ERR | split=test epoch=31 rank=5/10 b=17 t=6 var_idx=7 tp=1.063000 y_true=0.869900 y_pred=0.459576 diff=-0.410323 abs_err=0.410323
2025-12-22 01:34:20,033 | INFO | TOP_ERR | split=test epoch=31 rank=6/10 b=17 t=2 var_idx=7 tp=1.027000 y_true=0.869051 y_pred=0.459211 diff=-0.409840 abs_err=0.409840
2025-12-22 01:34:20,034 | INFO | TOP_ERR | split=test epoch=31 rank=7/10 b=55 t=1 var_idx=11 tp=1.013667 y_true=0.160785 y_pred=0.523201 diff=0.362416 abs_err=0.362416
2025-12-22 01:34:20,034 | INFO | TOP_ERR | split=test epoch=31 rank=8/10 b=31 t=11 var_idx=4 tp=1.144667 y_true=0.237305 y_pred=0.574671 diff=0.337365 abs_err=0.337365
2025-12-22 01:34:20,034 | INFO | TOP_ERR | split=test epoch=31 rank=9/10 b=37 t=28 var_idx=7 tp=1.313000 y_true=0.136750 y_pred=0.456299 diff=0.319549 abs_err=0.319549
2025-12-22 01:34:20,034 | INFO | TOP_ERR | split=test epoch=31 rank=10/10 b=10 t=22 var_idx=10 tp=1.265333 y_true=0.166149 y_pred=0.476535 diff=0.310386 abs_err=0.310386
2025-12-22 01:34:20,034 | INFO | TOP_BEST | split=test epoch=31 rank=1/3 b=47 t=5 var_idx=2 tp=1.061000 y_true=0.474888 y_pred=0.474890 diff=0.000002 abs_err=0.000002
2025-12-22 01:34:20,035 | INFO | TOP_BEST | split=test epoch=31 rank=2/3 b=31 t=3 var_idx=7 tp=1.045667 y_true=0.671738 y_pred=0.671754 diff=0.000016 abs_err=0.000016
2025-12-22 01:34:20,035 | INFO | TOP_BEST | split=test epoch=31 rank=3/3 b=53 t=0 var_idx=0 tp=1.004667 y_true=0.551501 y_pred=0.551519 diff=0.000017 abs_err=0.000017
2025-12-22 01:34:20,035 | INFO | TOP_OK | split=test epoch=31 none_found (no exact matches)
2025-12-22 01:34:24,815 | INFO | TOP_ERR | split=test epoch=32 rank=1/10 b=17 t=6 var_idx=6 tp=1.063000 y_true=0.053281 y_pred=0.720541 diff=0.667260 abs_err=0.667260
2025-12-22 01:34:24,815 | INFO | TOP_ERR | split=test epoch=32 rank=2/10 b=17 t=2 var_idx=6 tp=1.027000 y_true=0.054539 y_pred=0.719981 diff=0.665442 abs_err=0.665442
2025-12-22 01:34:24,815 | INFO | TOP_ERR | split=test epoch=32 rank=3/10 b=37 t=28 var_idx=6 tp=1.313000 y_true=0.992233 y_pred=0.573414 diff=-0.418819 abs_err=0.418819
2025-12-22 01:34:24,815 | INFO | TOP_ERR | split=test epoch=32 rank=4/10 b=31 t=11 var_idx=3 tp=1.144667 y_true=0.259034 y_pred=0.672289 diff=0.413255 abs_err=0.413255
2025-12-22 01:34:24,815 | INFO | TOP_ERR | split=test epoch=32 rank=5/10 b=17 t=6 var_idx=7 tp=1.063000 y_true=0.869900 y_pred=0.458245 diff=-0.411654 abs_err=0.411654
2025-12-22 01:34:24,815 | INFO | TOP_ERR | split=test epoch=32 rank=6/10 b=17 t=2 var_idx=7 tp=1.027000 y_true=0.869051 y_pred=0.457880 diff=-0.411171 abs_err=0.411171
2025-12-22 01:34:24,816 | INFO | TOP_ERR | split=test epoch=32 rank=7/10 b=55 t=1 var_idx=11 tp=1.013667 y_true=0.160785 y_pred=0.525727 diff=0.364942 abs_err=0.364942
2025-12-22 01:34:24,816 | INFO | TOP_ERR | split=test epoch=32 rank=8/10 b=31 t=11 var_idx=4 tp=1.144667 y_true=0.237305 y_pred=0.573108 diff=0.335802 abs_err=0.335802
2025-12-22 01:34:24,816 | INFO | TOP_ERR | split=test epoch=32 rank=9/10 b=37 t=28 var_idx=7 tp=1.313000 y_true=0.136750 y_pred=0.455531 diff=0.318781 abs_err=0.318781
2025-12-22 01:34:24,816 | INFO | TOP_ERR | split=test epoch=32 rank=10/10 b=10 t=22 var_idx=10 tp=1.265333 y_true=0.166149 y_pred=0.474748 diff=0.308599 abs_err=0.308599
2025-12-22 01:34:24,816 | INFO | TOP_BEST | split=test epoch=32 rank=1/3 b=48 t=30 var_idx=8 tp=1.322333 y_true=0.556596 y_pred=0.556591 diff=-0.000005 abs_err=0.000005
2025-12-22 01:34:24,816 | INFO | TOP_BEST | split=test epoch=32 rank=2/3 b=31 t=3 var_idx=7 tp=1.045667 y_true=0.671738 y_pred=0.671750 diff=0.000012 abs_err=0.000012
2025-12-22 01:34:24,817 | INFO | TOP_BEST | split=test epoch=32 rank=3/3 b=2 t=2 var_idx=1 tp=1.034000 y_true=0.456091 y_pred=0.456104 diff=0.000013 abs_err=0.000013
2025-12-22 01:34:24,817 | INFO | TOP_OK | split=test epoch=32 none_found (no exact matches)
2025-12-22 01:34:29,609 | INFO | TOP_ERR | split=test epoch=33 rank=1/10 b=17 t=6 var_idx=6 tp=1.063000 y_true=0.053281 y_pred=0.730498 diff=0.677217 abs_err=0.677217
2025-12-22 01:34:29,609 | INFO | TOP_ERR | split=test epoch=33 rank=2/10 b=17 t=2 var_idx=6 tp=1.027000 y_true=0.054539 y_pred=0.729938 diff=0.675399 abs_err=0.675399
2025-12-22 01:34:29,609 | INFO | TOP_ERR | split=test epoch=33 rank=3/10 b=31 t=11 var_idx=3 tp=1.144667 y_true=0.259034 y_pred=0.679122 diff=0.420088 abs_err=0.420088
2025-12-22 01:34:29,609 | INFO | TOP_ERR | split=test epoch=33 rank=4/10 b=17 t=6 var_idx=7 tp=1.063000 y_true=0.869900 y_pred=0.460194 diff=-0.409706 abs_err=0.409706
2025-12-22 01:34:29,609 | INFO | TOP_ERR | split=test epoch=33 rank=5/10 b=17 t=2 var_idx=7 tp=1.027000 y_true=0.869051 y_pred=0.459829 diff=-0.409222 abs_err=0.409222
2025-12-22 01:34:29,609 | INFO | TOP_ERR | split=test epoch=33 rank=6/10 b=37 t=28 var_idx=6 tp=1.313000 y_true=0.992233 y_pred=0.584286 diff=-0.407947 abs_err=0.407947
2025-12-22 01:34:29,609 | INFO | TOP_ERR | split=test epoch=33 rank=7/10 b=55 t=1 var_idx=11 tp=1.013667 y_true=0.160785 y_pred=0.524291 diff=0.363506 abs_err=0.363506
2025-12-22 01:34:29,610 | INFO | TOP_ERR | split=test epoch=33 rank=8/10 b=31 t=11 var_idx=4 tp=1.144667 y_true=0.237305 y_pred=0.576532 diff=0.339227 abs_err=0.339227
2025-12-22 01:34:29,610 | INFO | TOP_ERR | split=test epoch=33 rank=9/10 b=37 t=28 var_idx=7 tp=1.313000 y_true=0.136750 y_pred=0.457110 diff=0.320361 abs_err=0.320361
2025-12-22 01:34:29,610 | INFO | TOP_ERR | split=test epoch=33 rank=10/10 b=10 t=22 var_idx=10 tp=1.265333 y_true=0.166149 y_pred=0.476607 diff=0.310457 abs_err=0.310457
2025-12-22 01:34:29,610 | INFO | TOP_BEST | split=test epoch=33 rank=1/3 b=59 t=14 var_idx=8 tp=1.149000 y_true=0.702793 y_pred=0.702794 diff=0.000001 abs_err=0.000001
2025-12-22 01:34:29,610 | INFO | TOP_BEST | split=test epoch=33 rank=2/3 b=10 t=27 var_idx=1 tp=1.319333 y_true=0.405429 y_pred=0.405436 diff=0.000007 abs_err=0.000007
2025-12-22 01:34:29,611 | INFO | TOP_BEST | split=test epoch=33 rank=3/3 b=6 t=14 var_idx=10 tp=1.157000 y_true=0.437031 y_pred=0.437038 diff=0.000007 abs_err=0.000007
2025-12-22 01:34:29,611 | INFO | TOP_OK | split=test epoch=33 none_found (no exact matches)
2025-12-22 01:34:34,403 | INFO | TOP_ERR | split=test epoch=34 rank=1/10 b=17 t=6 var_idx=6 tp=1.063000 y_true=0.053281 y_pred=0.725312 diff=0.672030 abs_err=0.672031
2025-12-22 01:34:34,403 | INFO | TOP_ERR | split=test epoch=34 rank=2/10 b=17 t=2 var_idx=6 tp=1.027000 y_true=0.054539 y_pred=0.724752 diff=0.670213 abs_err=0.670213
2025-12-22 01:34:34,403 | INFO | TOP_ERR | split=test epoch=34 rank=3/10 b=31 t=11 var_idx=3 tp=1.144667 y_true=0.259034 y_pred=0.672865 diff=0.413830 abs_err=0.413830
2025-12-22 01:34:34,403 | INFO | TOP_ERR | split=test epoch=34 rank=4/10 b=17 t=6 var_idx=7 tp=1.063000 y_true=0.869900 y_pred=0.459815 diff=-0.410085 abs_err=0.410085
2025-12-22 01:34:34,403 | INFO | TOP_ERR | split=test epoch=34 rank=5/10 b=17 t=2 var_idx=7 tp=1.027000 y_true=0.869051 y_pred=0.459449 diff=-0.409601 abs_err=0.409601
2025-12-22 01:34:34,404 | INFO | TOP_ERR | split=test epoch=34 rank=6/10 b=37 t=28 var_idx=6 tp=1.313000 y_true=0.992233 y_pred=0.584480 diff=-0.407753 abs_err=0.407753
2025-12-22 01:34:34,404 | INFO | TOP_ERR | split=test epoch=34 rank=7/10 b=55 t=1 var_idx=11 tp=1.013667 y_true=0.160785 y_pred=0.522505 diff=0.361720 abs_err=0.361720
2025-12-22 01:34:34,404 | INFO | TOP_ERR | split=test epoch=34 rank=8/10 b=31 t=11 var_idx=4 tp=1.144667 y_true=0.237305 y_pred=0.572752 diff=0.335447 abs_err=0.335447
2025-12-22 01:34:34,404 | INFO | TOP_ERR | split=test epoch=34 rank=9/10 b=37 t=28 var_idx=7 tp=1.313000 y_true=0.136750 y_pred=0.456472 diff=0.319723 abs_err=0.319723
2025-12-22 01:34:34,404 | INFO | TOP_ERR | split=test epoch=34 rank=10/10 b=17 t=2 var_idx=8 tp=1.027000 y_true=0.996743 y_pred=0.685787 diff=-0.310955 abs_err=0.310955
2025-12-22 01:34:34,405 | INFO | TOP_BEST | split=test epoch=34 rank=1/3 b=5 t=5 var_idx=10 tp=1.061000 y_true=0.433208 y_pred=0.433179 diff=-0.000029 abs_err=0.000029
2025-12-22 01:34:34,405 | INFO | TOP_BEST | split=test epoch=34 rank=2/3 b=28 t=0 var_idx=6 tp=1.000333 y_true=0.519174 y_pred=0.519210 diff=0.000035 abs_err=0.000035
2025-12-22 01:34:34,405 | INFO | TOP_BEST | split=test epoch=34 rank=3/3 b=40 t=27 var_idx=3 tp=1.313333 y_true=0.620136 y_pred=0.620171 diff=0.000035 abs_err=0.000035
2025-12-22 01:34:34,405 | INFO | TOP_OK | split=test epoch=34 none_found (no exact matches)
2025-12-22 01:35:17,764 | INFO | TOP_ERR | split=test epoch=44 rank=1/10 b=17 t=6 var_idx=6 tp=1.063000 y_true=0.053281 y_pred=0.712572 diff=0.659290 abs_err=0.659290
2025-12-22 01:35:17,764 | INFO | TOP_ERR | split=test epoch=44 rank=2/10 b=17 t=2 var_idx=6 tp=1.027000 y_true=0.054539 y_pred=0.712012 diff=0.657473 abs_err=0.657473
2025-12-22 01:35:17,764 | INFO | TOP_ERR | split=test epoch=44 rank=3/10 b=37 t=28 var_idx=6 tp=1.313000 y_true=0.992233 y_pred=0.573447 diff=-0.418786 abs_err=0.418786
2025-12-22 01:35:17,765 | INFO | TOP_ERR | split=test epoch=44 rank=4/10 b=17 t=6 var_idx=7 tp=1.063000 y_true=0.869900 y_pred=0.456388 diff=-0.413511 abs_err=0.413511
2025-12-22 01:35:17,765 | INFO | TOP_ERR | split=test epoch=44 rank=5/10 b=17 t=2 var_idx=7 tp=1.027000 y_true=0.869051 y_pred=0.456023 diff=-0.413027 abs_err=0.413027
2025-12-22 01:35:17,765 | INFO | TOP_ERR | split=test epoch=44 rank=6/10 b=31 t=11 var_idx=3 tp=1.144667 y_true=0.259034 y_pred=0.670999 diff=0.411965 abs_err=0.411965
2025-12-22 01:35:17,765 | INFO | TOP_ERR | split=test epoch=44 rank=7/10 b=55 t=1 var_idx=11 tp=1.013667 y_true=0.160785 y_pred=0.522181 diff=0.361396 abs_err=0.361396
2025-12-22 01:35:17,765 | INFO | TOP_ERR | split=test epoch=44 rank=8/10 b=31 t=11 var_idx=4 tp=1.144667 y_true=0.237305 y_pred=0.564211 diff=0.326905 abs_err=0.326905
2025-12-22 01:35:17,765 | INFO | TOP_ERR | split=test epoch=44 rank=9/10 b=37 t=28 var_idx=7 tp=1.313000 y_true=0.136750 y_pred=0.452845 diff=0.316096 abs_err=0.316096
2025-12-22 01:35:17,765 | INFO | TOP_ERR | split=test epoch=44 rank=10/10 b=32 t=28 var_idx=3 tp=1.316000 y_true=0.241737 y_pred=0.556150 diff=0.314413 abs_err=0.314413
2025-12-22 01:35:17,766 | INFO | TOP_BEST | split=test epoch=44 rank=1/3 b=53 t=15 var_idx=6 tp=1.202667 y_true=0.826668 y_pred=0.826664 diff=-0.000003 abs_err=0.000003
2025-12-22 01:35:17,766 | INFO | TOP_BEST | split=test epoch=44 rank=2/3 b=5 t=29 var_idx=11 tp=1.313333 y_true=0.495639 y_pred=0.495625 diff=-0.000015 abs_err=0.000015
2025-12-22 01:35:17,766 | INFO | TOP_BEST | split=test epoch=44 rank=3/3 b=47 t=5 var_idx=2 tp=1.061000 y_true=0.474888 y_pred=0.474904 diff=0.000016 abs_err=0.000016
2025-12-22 01:35:17,766 | INFO | TOP_OK | split=test epoch=44 none_found (no exact matches)
2025-12-22 01:35:26,871 | INFO | TOP_ERR | split=test epoch=46 rank=1/10 b=17 t=6 var_idx=6 tp=1.063000 y_true=0.053281 y_pred=0.720103 diff=0.666822 abs_err=0.666822
2025-12-22 01:35:26,871 | INFO | TOP_ERR | split=test epoch=46 rank=2/10 b=17 t=2 var_idx=6 tp=1.027000 y_true=0.054539 y_pred=0.719544 diff=0.665005 abs_err=0.665005
2025-12-22 01:35:26,871 | INFO | TOP_ERR | split=test epoch=46 rank=3/10 b=31 t=11 var_idx=3 tp=1.144667 y_true=0.259034 y_pred=0.674959 diff=0.415924 abs_err=0.415924
2025-12-22 01:35:26,871 | INFO | TOP_ERR | split=test epoch=46 rank=4/10 b=37 t=28 var_idx=6 tp=1.313000 y_true=0.992233 y_pred=0.579767 diff=-0.412466 abs_err=0.412466
2025-12-22 01:35:26,871 | INFO | TOP_ERR | split=test epoch=46 rank=5/10 b=17 t=6 var_idx=7 tp=1.063000 y_true=0.869900 y_pred=0.459313 diff=-0.410587 abs_err=0.410587
2025-12-22 01:35:26,871 | INFO | TOP_ERR | split=test epoch=46 rank=6/10 b=17 t=2 var_idx=7 tp=1.027000 y_true=0.869051 y_pred=0.459003 diff=-0.410048 abs_err=0.410048
2025-12-22 01:35:26,871 | INFO | TOP_ERR | split=test epoch=46 rank=7/10 b=55 t=1 var_idx=11 tp=1.013667 y_true=0.160785 y_pred=0.524670 diff=0.363885 abs_err=0.363885
2025-12-22 01:35:26,872 | INFO | TOP_ERR | split=test epoch=46 rank=8/10 b=31 t=11 var_idx=4 tp=1.144667 y_true=0.237305 y_pred=0.567193 diff=0.329887 abs_err=0.329887
2025-12-22 01:35:26,872 | INFO | TOP_ERR | split=test epoch=46 rank=9/10 b=32 t=28 var_idx=3 tp=1.316000 y_true=0.241737 y_pred=0.563857 diff=0.322120 abs_err=0.322120
2025-12-22 01:35:26,872 | INFO | TOP_ERR | split=test epoch=46 rank=10/10 b=37 t=28 var_idx=7 tp=1.313000 y_true=0.136750 y_pred=0.455060 diff=0.318311 abs_err=0.318310
2025-12-22 01:35:26,872 | INFO | TOP_BEST | split=test epoch=46 rank=1/3 b=25 t=3 var_idx=9 tp=1.036333 y_true=0.565290 y_pred=0.565284 diff=-0.000006 abs_err=0.000006
2025-12-22 01:35:26,872 | INFO | TOP_BEST | split=test epoch=46 rank=2/3 b=15 t=9 var_idx=6 tp=1.103333 y_true=0.628522 y_pred=0.628531 diff=0.000008 abs_err=0.000008
2025-12-22 01:35:26,873 | INFO | TOP_BEST | split=test epoch=46 rank=3/3 b=3 t=4 var_idx=5 tp=1.052000 y_true=0.486171 y_pred=0.486189 diff=0.000018 abs_err=0.000018
2025-12-22 01:35:26,873 | INFO | TOP_OK | split=test epoch=46 none_found (no exact matches)
2025-12-22 01:35:53,222 | INFO | TOP_ERR | split=test epoch=52 rank=1/10 b=17 t=6 var_idx=6 tp=1.063000 y_true=0.053281 y_pred=0.715701 diff=0.662420 abs_err=0.662420
2025-12-22 01:35:53,222 | INFO | TOP_ERR | split=test epoch=52 rank=2/10 b=17 t=2 var_idx=6 tp=1.027000 y_true=0.054539 y_pred=0.715141 diff=0.660603 abs_err=0.660603
2025-12-22 01:35:53,222 | INFO | TOP_ERR | split=test epoch=52 rank=3/10 b=37 t=28 var_idx=6 tp=1.313000 y_true=0.992233 y_pred=0.579273 diff=-0.412960 abs_err=0.412960
2025-12-22 01:35:53,222 | INFO | TOP_ERR | split=test epoch=52 rank=4/10 b=17 t=6 var_idx=7 tp=1.063000 y_true=0.869900 y_pred=0.457915 diff=-0.411984 abs_err=0.411984
2025-12-22 01:35:53,222 | INFO | TOP_ERR | split=test epoch=52 rank=5/10 b=31 t=11 var_idx=3 tp=1.144667 y_true=0.259034 y_pred=0.670856 diff=0.411822 abs_err=0.411822
2025-12-22 01:35:53,223 | INFO | TOP_ERR | split=test epoch=52 rank=6/10 b=17 t=2 var_idx=7 tp=1.027000 y_true=0.869051 y_pred=0.457605 diff=-0.411446 abs_err=0.411446
2025-12-22 01:35:53,223 | INFO | TOP_ERR | split=test epoch=52 rank=7/10 b=55 t=1 var_idx=11 tp=1.013667 y_true=0.160785 y_pred=0.522696 diff=0.361911 abs_err=0.361911
2025-12-22 01:35:53,223 | INFO | TOP_ERR | split=test epoch=52 rank=8/10 b=32 t=28 var_idx=3 tp=1.316000 y_true=0.241737 y_pred=0.570405 diff=0.328668 abs_err=0.328668
2025-12-22 01:35:53,223 | INFO | TOP_ERR | split=test epoch=52 rank=9/10 b=31 t=11 var_idx=4 tp=1.144667 y_true=0.237305 y_pred=0.561833 diff=0.324527 abs_err=0.324527
2025-12-22 01:35:53,223 | INFO | TOP_ERR | split=test epoch=52 rank=10/10 b=37 t=28 var_idx=7 tp=1.313000 y_true=0.136750 y_pred=0.452381 diff=0.315632 abs_err=0.315632
2025-12-22 01:35:53,223 | INFO | TOP_BEST | split=test epoch=52 rank=1/3 b=50 t=3 var_idx=1 tp=1.034333 y_true=0.357677 y_pred=0.357670 diff=-0.000006 abs_err=0.000006
2025-12-22 01:35:53,224 | INFO | TOP_BEST | split=test epoch=52 rank=2/3 b=10 t=27 var_idx=1 tp=1.319333 y_true=0.405429 y_pred=0.405423 diff=-0.000007 abs_err=0.000007
2025-12-22 01:35:53,224 | INFO | TOP_BEST | split=test epoch=52 rank=3/3 b=19 t=12 var_idx=11 tp=1.126333 y_true=0.580664 y_pred=0.580672 diff=0.000008 abs_err=0.000008
2025-12-22 01:35:53,224 | INFO | TOP_OK | split=test epoch=52 rank=1/3 b=11 t=5 var_idx=10 tp=1.069667 y_true=0.633704 y_pred=0.633704
2025-12-22 01:35:58,060 | INFO | TOP_ERR | split=test epoch=53 rank=1/10 b=17 t=6 var_idx=6 tp=1.063000 y_true=0.053281 y_pred=0.718426 diff=0.665144 abs_err=0.665145
2025-12-22 01:35:58,060 | INFO | TOP_ERR | split=test epoch=53 rank=2/10 b=17 t=2 var_idx=6 tp=1.027000 y_true=0.054539 y_pred=0.717866 diff=0.663328 abs_err=0.663328
2025-12-22 01:35:58,060 | INFO | TOP_ERR | split=test epoch=53 rank=3/10 b=31 t=11 var_idx=3 tp=1.144667 y_true=0.259034 y_pred=0.674634 diff=0.415600 abs_err=0.415600
2025-12-22 01:35:58,060 | INFO | TOP_ERR | split=test epoch=53 rank=4/10 b=37 t=28 var_idx=6 tp=1.313000 y_true=0.992233 y_pred=0.582668 diff=-0.409565 abs_err=0.409565
2025-12-22 01:35:58,061 | INFO | TOP_ERR | split=test epoch=53 rank=5/10 b=17 t=6 var_idx=7 tp=1.063000 y_true=0.869900 y_pred=0.460952 diff=-0.408948 abs_err=0.408948
2025-12-22 01:35:58,061 | INFO | TOP_ERR | split=test epoch=53 rank=6/10 b=17 t=2 var_idx=7 tp=1.027000 y_true=0.869051 y_pred=0.460642 diff=-0.408409 abs_err=0.408409
2025-12-22 01:35:58,061 | INFO | TOP_ERR | split=test epoch=53 rank=7/10 b=55 t=1 var_idx=11 tp=1.013667 y_true=0.160785 y_pred=0.525886 diff=0.365101 abs_err=0.365101
2025-12-22 01:35:58,061 | INFO | TOP_ERR | split=test epoch=53 rank=8/10 b=32 t=28 var_idx=3 tp=1.316000 y_true=0.241737 y_pred=0.574854 diff=0.333117 abs_err=0.333117
2025-12-22 01:35:58,061 | INFO | TOP_ERR | split=test epoch=53 rank=9/10 b=31 t=11 var_idx=4 tp=1.144667 y_true=0.237305 y_pred=0.566848 diff=0.329543 abs_err=0.329543
2025-12-22 01:35:58,061 | INFO | TOP_ERR | split=test epoch=53 rank=10/10 b=37 t=28 var_idx=7 tp=1.313000 y_true=0.136750 y_pred=0.455277 diff=0.318527 abs_err=0.318527
2025-12-22 01:35:58,062 | INFO | TOP_BEST | split=test epoch=53 rank=1/3 b=4 t=14 var_idx=6 tp=1.169000 y_true=0.314086 y_pred=0.314084 diff=-0.000002 abs_err=0.000002
2025-12-22 01:35:58,062 | INFO | TOP_BEST | split=test epoch=53 rank=2/3 b=19 t=31 var_idx=5 tp=1.324333 y_true=0.521437 y_pred=0.521431 diff=-0.000006 abs_err=0.000006
2025-12-22 01:35:58,062 | INFO | TOP_BEST | split=test epoch=53 rank=3/3 b=8 t=13 var_idx=9 tp=1.139333 y_true=0.402319 y_pred=0.402313 diff=-0.000006 abs_err=0.000006
2025-12-22 01:35:58,062 | INFO | TOP_OK | split=test epoch=53 none_found (no exact matches)
2025-12-22 01:36:19,975 | INFO | TOP_ERR | split=test epoch=58 rank=1/10 b=17 t=6 var_idx=6 tp=1.063000 y_true=0.053281 y_pred=0.719302 diff=0.666021 abs_err=0.666021
2025-12-22 01:36:19,975 | INFO | TOP_ERR | split=test epoch=58 rank=2/10 b=17 t=2 var_idx=6 tp=1.027000 y_true=0.054539 y_pred=0.718742 diff=0.664204 abs_err=0.664204
2025-12-22 01:36:19,975 | INFO | TOP_ERR | split=test epoch=58 rank=3/10 b=31 t=11 var_idx=3 tp=1.144667 y_true=0.259034 y_pred=0.671440 diff=0.412406 abs_err=0.412406
2025-12-22 01:36:19,976 | INFO | TOP_ERR | split=test epoch=58 rank=4/10 b=17 t=6 var_idx=7 tp=1.063000 y_true=0.869900 y_pred=0.459613 diff=-0.410287 abs_err=0.410287
2025-12-22 01:36:19,976 | INFO | TOP_ERR | split=test epoch=58 rank=5/10 b=17 t=2 var_idx=7 tp=1.027000 y_true=0.869051 y_pred=0.459303 diff=-0.409748 abs_err=0.409748
2025-12-22 01:36:19,976 | INFO | TOP_ERR | split=test epoch=58 rank=6/10 b=37 t=28 var_idx=6 tp=1.313000 y_true=0.992233 y_pred=0.584073 diff=-0.408160 abs_err=0.408160
2025-12-22 01:36:19,976 | INFO | TOP_ERR | split=test epoch=58 rank=7/10 b=55 t=1 var_idx=11 tp=1.013667 y_true=0.160785 y_pred=0.523853 diff=0.363068 abs_err=0.363068
2025-12-22 01:36:19,976 | INFO | TOP_ERR | split=test epoch=58 rank=8/10 b=32 t=28 var_idx=3 tp=1.316000 y_true=0.241737 y_pred=0.577707 diff=0.335970 abs_err=0.335970
2025-12-22 01:36:19,976 | INFO | TOP_ERR | split=test epoch=58 rank=9/10 b=31 t=11 var_idx=4 tp=1.144667 y_true=0.237305 y_pred=0.563170 diff=0.325865 abs_err=0.325865
2025-12-22 01:36:19,976 | INFO | TOP_ERR | split=test epoch=58 rank=10/10 b=32 t=3 var_idx=3 tp=1.027667 y_true=0.256621 y_pred=0.576832 diff=0.320211 abs_err=0.320211
2025-12-22 01:36:19,977 | INFO | TOP_BEST | split=test epoch=58 rank=1/3 b=58 t=28 var_idx=0 tp=1.320000 y_true=0.683749 y_pred=0.683766 diff=0.000017 abs_err=0.000017
2025-12-22 01:36:19,977 | INFO | TOP_BEST | split=test epoch=58 rank=2/3 b=23 t=19 var_idx=11 tp=1.198333 y_true=0.587700 y_pred=0.587719 diff=0.000019 abs_err=0.000019
2025-12-22 01:36:19,977 | INFO | TOP_BEST | split=test epoch=58 rank=3/3 b=48 t=5 var_idx=2 tp=1.052000 y_true=0.477292 y_pred=0.477314 diff=0.000022 abs_err=0.000022
2025-12-22 01:36:19,977 | INFO | TOP_OK | split=test epoch=58 none_found (no exact matches)
2025-12-22 01:36:24,768 | INFO | TOP_ERR | split=test epoch=59 rank=1/10 b=17 t=6 var_idx=6 tp=1.063000 y_true=0.053281 y_pred=0.720337 diff=0.667056 abs_err=0.667056
2025-12-22 01:36:24,769 | INFO | TOP_ERR | split=test epoch=59 rank=2/10 b=17 t=2 var_idx=6 tp=1.027000 y_true=0.054539 y_pred=0.719777 diff=0.665239 abs_err=0.665239
2025-12-22 01:36:24,769 | INFO | TOP_ERR | split=test epoch=59 rank=3/10 b=31 t=11 var_idx=3 tp=1.144667 y_true=0.259034 y_pred=0.675433 diff=0.416399 abs_err=0.416399
2025-12-22 01:36:24,769 | INFO | TOP_ERR | split=test epoch=59 rank=4/10 b=37 t=28 var_idx=6 tp=1.313000 y_true=0.992233 y_pred=0.584406 diff=-0.407827 abs_err=0.407827
2025-12-22 01:36:24,769 | INFO | TOP_ERR | split=test epoch=59 rank=5/10 b=17 t=6 var_idx=7 tp=1.063000 y_true=0.869900 y_pred=0.462843 diff=-0.407057 abs_err=0.407057
2025-12-22 01:36:24,769 | INFO | TOP_ERR | split=test epoch=59 rank=6/10 b=17 t=2 var_idx=7 tp=1.027000 y_true=0.869051 y_pred=0.462533 diff=-0.406518 abs_err=0.406518
2025-12-22 01:36:24,769 | INFO | TOP_ERR | split=test epoch=59 rank=7/10 b=55 t=1 var_idx=11 tp=1.013667 y_true=0.160785 y_pred=0.526259 diff=0.365474 abs_err=0.365474
2025-12-22 01:36:24,769 | INFO | TOP_ERR | split=test epoch=59 rank=8/10 b=32 t=28 var_idx=3 tp=1.316000 y_true=0.241737 y_pred=0.583370 diff=0.341633 abs_err=0.341633
2025-12-22 01:36:24,770 | INFO | TOP_ERR | split=test epoch=59 rank=9/10 b=31 t=11 var_idx=4 tp=1.144667 y_true=0.237305 y_pred=0.564580 diff=0.327275 abs_err=0.327275
2025-12-22 01:36:24,770 | INFO | TOP_ERR | split=test epoch=59 rank=10/10 b=32 t=3 var_idx=3 tp=1.027667 y_true=0.256621 y_pred=0.582375 diff=0.325753 abs_err=0.325753
2025-12-22 01:36:24,770 | INFO | TOP_BEST | split=test epoch=59 rank=1/3 b=6 t=3 var_idx=10 tp=1.052000 y_true=0.439468 y_pred=0.439473 diff=0.000005 abs_err=0.000005
2025-12-22 01:36:24,770 | INFO | TOP_BEST | split=test epoch=59 rank=2/3 b=50 t=18 var_idx=2 tp=1.211667 y_true=0.491535 y_pred=0.491516 diff=-0.000020 abs_err=0.000020
2025-12-22 01:36:24,770 | INFO | TOP_BEST | split=test epoch=59 rank=3/3 b=24 t=14 var_idx=8 tp=1.144333 y_true=0.663946 y_pred=0.663979 diff=0.000033 abs_err=0.000033
2025-12-22 01:36:24,770 | INFO | TOP_OK | split=test epoch=59 none_found (no exact matches)
2025-12-22 01:36:42,414 | INFO | TOP_ERR | split=test epoch=63 rank=1/10 b=17 t=6 var_idx=6 tp=1.063000 y_true=0.053281 y_pred=0.709383 diff=0.656102 abs_err=0.656102
2025-12-22 01:36:42,414 | INFO | TOP_ERR | split=test epoch=63 rank=2/10 b=17 t=2 var_idx=6 tp=1.027000 y_true=0.054539 y_pred=0.708824 diff=0.654285 abs_err=0.654285
2025-12-22 01:36:42,414 | INFO | TOP_ERR | split=test epoch=63 rank=3/10 b=37 t=28 var_idx=6 tp=1.313000 y_true=0.992233 y_pred=0.575131 diff=-0.417102 abs_err=0.417102
2025-12-22 01:36:42,414 | INFO | TOP_ERR | split=test epoch=63 rank=4/10 b=31 t=11 var_idx=3 tp=1.144667 y_true=0.259034 y_pred=0.673248 diff=0.414214 abs_err=0.414214
2025-12-22 01:36:42,414 | INFO | TOP_ERR | split=test epoch=63 rank=5/10 b=17 t=6 var_idx=7 tp=1.063000 y_true=0.869900 y_pred=0.461644 diff=-0.408256 abs_err=0.408256
2025-12-22 01:36:42,415 | INFO | TOP_ERR | split=test epoch=63 rank=6/10 b=17 t=2 var_idx=7 tp=1.027000 y_true=0.869051 y_pred=0.461334 diff=-0.407717 abs_err=0.407717
2025-12-22 01:36:42,415 | INFO | TOP_ERR | split=test epoch=63 rank=7/10 b=55 t=1 var_idx=11 tp=1.013667 y_true=0.160785 y_pred=0.525689 diff=0.364904 abs_err=0.364904
2025-12-22 01:36:42,415 | INFO | TOP_ERR | split=test epoch=63 rank=8/10 b=32 t=28 var_idx=3 tp=1.316000 y_true=0.241737 y_pred=0.586808 diff=0.345071 abs_err=0.345071
2025-12-22 01:36:42,415 | INFO | TOP_ERR | split=test epoch=63 rank=9/10 b=32 t=3 var_idx=3 tp=1.027667 y_true=0.256621 y_pred=0.585835 diff=0.329214 abs_err=0.329214
2025-12-22 01:36:42,415 | INFO | TOP_ERR | split=test epoch=63 rank=10/10 b=31 t=11 var_idx=4 tp=1.144667 y_true=0.237305 y_pred=0.563842 diff=0.326536 abs_err=0.326536
2025-12-22 01:36:42,416 | INFO | TOP_BEST | split=test epoch=63 rank=1/3 b=23 t=18 var_idx=6 tp=1.189333 y_true=0.493783 y_pred=0.493782 diff=-0.000001 abs_err=0.000001
2025-12-22 01:36:42,416 | INFO | TOP_BEST | split=test epoch=63 rank=2/3 b=14 t=16 var_idx=3 tp=1.166333 y_true=0.638034 y_pred=0.638035 diff=0.000002 abs_err=0.000002
2025-12-22 01:36:42,416 | INFO | TOP_BEST | split=test epoch=63 rank=3/3 b=47 t=0 var_idx=8 tp=1.007000 y_true=0.498751 y_pred=0.498745 diff=-0.000005 abs_err=0.000005
2025-12-22 01:36:42,416 | INFO | TOP_OK | split=test epoch=63 none_found (no exact matches)
2025-12-22 01:37:04,336 | INFO | TOP_ERR | split=test epoch=68 rank=1/10 b=17 t=6 var_idx=6 tp=1.063000 y_true=0.053281 y_pred=0.708612 diff=0.655331 abs_err=0.655331
2025-12-22 01:37:04,336 | INFO | TOP_ERR | split=test epoch=68 rank=2/10 b=17 t=2 var_idx=6 tp=1.027000 y_true=0.054539 y_pred=0.708053 diff=0.653515 abs_err=0.653515
2025-12-22 01:37:04,336 | INFO | TOP_ERR | split=test epoch=68 rank=3/10 b=37 t=28 var_idx=6 tp=1.313000 y_true=0.992233 y_pred=0.574168 diff=-0.418065 abs_err=0.418065
2025-12-22 01:37:04,336 | INFO | TOP_ERR | split=test epoch=68 rank=4/10 b=31 t=11 var_idx=3 tp=1.144667 y_true=0.259034 y_pred=0.670119 diff=0.411085 abs_err=0.411085
2025-12-22 01:37:04,336 | INFO | TOP_ERR | split=test epoch=68 rank=5/10 b=17 t=6 var_idx=7 tp=1.063000 y_true=0.869900 y_pred=0.462180 diff=-0.407720 abs_err=0.407720
2025-12-22 01:37:04,336 | INFO | TOP_ERR | split=test epoch=68 rank=6/10 b=17 t=2 var_idx=7 tp=1.027000 y_true=0.869051 y_pred=0.461870 diff=-0.407181 abs_err=0.407181
2025-12-22 01:37:04,336 | INFO | TOP_ERR | split=test epoch=68 rank=7/10 b=55 t=1 var_idx=11 tp=1.013667 y_true=0.160785 y_pred=0.523272 diff=0.362488 abs_err=0.362488
2025-12-22 01:37:04,336 | INFO | TOP_ERR | split=test epoch=68 rank=8/10 b=32 t=28 var_idx=3 tp=1.316000 y_true=0.241737 y_pred=0.591527 diff=0.349790 abs_err=0.349790
2025-12-22 01:37:04,337 | INFO | TOP_ERR | split=test epoch=68 rank=9/10 b=32 t=3 var_idx=3 tp=1.027667 y_true=0.256621 y_pred=0.591460 diff=0.334839 abs_err=0.334839
2025-12-22 01:37:04,337 | INFO | TOP_ERR | split=test epoch=68 rank=10/10 b=31 t=11 var_idx=4 tp=1.144667 y_true=0.237305 y_pred=0.560490 diff=0.323185 abs_err=0.323185
2025-12-22 01:37:04,337 | INFO | TOP_BEST | split=test epoch=68 rank=1/3 b=59 t=14 var_idx=7 tp=1.149000 y_true=0.464016 y_pred=0.464016 diff=0.000001 abs_err=0.000001
2025-12-22 01:37:04,337 | INFO | TOP_BEST | split=test epoch=68 rank=2/3 b=34 t=28 var_idx=3 tp=1.295000 y_true=0.587546 y_pred=0.587525 diff=-0.000020 abs_err=0.000020
2025-12-22 01:37:04,337 | INFO | TOP_BEST | split=test epoch=68 rank=3/3 b=21 t=13 var_idx=8 tp=1.135333 y_true=0.654265 y_pred=0.654289 diff=0.000024 abs_err=0.000024
2025-12-22 01:37:04,337 | INFO | TOP_OK | split=test epoch=68 none_found (no exact matches)
2025-12-22 01:37:13,661 | INFO | TOP_ERR | split=test epoch=70 rank=1/10 b=17 t=6 var_idx=6 tp=1.063000 y_true=0.053281 y_pred=0.710504 diff=0.657223 abs_err=0.657223
2025-12-22 01:37:13,661 | INFO | TOP_ERR | split=test epoch=70 rank=2/10 b=17 t=2 var_idx=6 tp=1.027000 y_true=0.054539 y_pred=0.709945 diff=0.655407 abs_err=0.655407
2025-12-22 01:37:13,661 | INFO | TOP_ERR | split=test epoch=70 rank=3/10 b=37 t=28 var_idx=6 tp=1.313000 y_true=0.992233 y_pred=0.577279 diff=-0.414954 abs_err=0.414954
2025-12-22 01:37:13,662 | INFO | TOP_ERR | split=test epoch=70 rank=4/10 b=31 t=11 var_idx=3 tp=1.144667 y_true=0.259034 y_pred=0.673617 diff=0.414583 abs_err=0.414583
2025-12-22 01:37:13,662 | INFO | TOP_ERR | split=test epoch=70 rank=5/10 b=17 t=6 var_idx=7 tp=1.063000 y_true=0.869900 y_pred=0.461695 diff=-0.408205 abs_err=0.408205
2025-12-22 01:37:13,662 | INFO | TOP_ERR | split=test epoch=70 rank=6/10 b=17 t=2 var_idx=7 tp=1.027000 y_true=0.869051 y_pred=0.461385 diff=-0.407666 abs_err=0.407666
2025-12-22 01:37:13,662 | INFO | TOP_ERR | split=test epoch=70 rank=7/10 b=55 t=1 var_idx=11 tp=1.013667 y_true=0.160785 y_pred=0.521950 diff=0.361165 abs_err=0.361165
2025-12-22 01:37:13,662 | INFO | TOP_ERR | split=test epoch=70 rank=8/10 b=32 t=28 var_idx=3 tp=1.316000 y_true=0.241737 y_pred=0.596475 diff=0.354738 abs_err=0.354738
2025-12-22 01:37:13,662 | INFO | TOP_ERR | split=test epoch=70 rank=9/10 b=32 t=3 var_idx=3 tp=1.027667 y_true=0.256621 y_pred=0.596071 diff=0.339450 abs_err=0.339450
2025-12-22 01:37:13,662 | INFO | TOP_ERR | split=test epoch=70 rank=10/10 b=31 t=11 var_idx=4 tp=1.144667 y_true=0.237305 y_pred=0.558162 diff=0.320857 abs_err=0.320857
2025-12-22 01:37:13,663 | INFO | TOP_BEST | split=test epoch=70 rank=1/3 b=2 t=17 var_idx=11 tp=1.196000 y_true=0.497106 y_pred=0.497107 diff=0.000001 abs_err=0.000001
2025-12-22 01:37:13,663 | INFO | TOP_BEST | split=test epoch=70 rank=2/3 b=18 t=26 var_idx=0 tp=1.288333 y_true=0.556114 y_pred=0.556105 diff=-0.000009 abs_err=0.000009
2025-12-22 01:37:13,663 | INFO | TOP_BEST | split=test epoch=70 rank=3/3 b=52 t=3 var_idx=5 tp=1.058667 y_true=0.596597 y_pred=0.596617 diff=0.000019 abs_err=0.000019
2025-12-22 01:37:13,663 | INFO | TOP_OK | split=test epoch=70 none_found (no exact matches)
2025-12-22 01:37:18,469 | INFO | TOP_ERR | split=test epoch=71 rank=1/10 b=17 t=6 var_idx=6 tp=1.063000 y_true=0.053281 y_pred=0.708448 diff=0.655167 abs_err=0.655167
2025-12-22 01:37:18,470 | INFO | TOP_ERR | split=test epoch=71 rank=2/10 b=17 t=2 var_idx=6 tp=1.027000 y_true=0.054539 y_pred=0.707889 diff=0.653350 abs_err=0.653350
2025-12-22 01:37:18,470 | INFO | TOP_ERR | split=test epoch=71 rank=3/10 b=37 t=28 var_idx=6 tp=1.313000 y_true=0.992233 y_pred=0.574799 diff=-0.417434 abs_err=0.417434
2025-12-22 01:37:18,470 | INFO | TOP_ERR | split=test epoch=71 rank=4/10 b=31 t=11 var_idx=3 tp=1.144667 y_true=0.259034 y_pred=0.670746 diff=0.411712 abs_err=0.411712
2025-12-22 01:37:18,470 | INFO | TOP_ERR | split=test epoch=71 rank=5/10 b=17 t=6 var_idx=7 tp=1.063000 y_true=0.869900 y_pred=0.462685 diff=-0.407215 abs_err=0.407215
2025-12-22 01:37:18,470 | INFO | TOP_ERR | split=test epoch=71 rank=6/10 b=17 t=2 var_idx=7 tp=1.027000 y_true=0.869051 y_pred=0.462375 diff=-0.406676 abs_err=0.406676
2025-12-22 01:37:18,470 | INFO | TOP_ERR | split=test epoch=71 rank=7/10 b=55 t=1 var_idx=11 tp=1.013667 y_true=0.160785 y_pred=0.522968 diff=0.362183 abs_err=0.362183
2025-12-22 01:37:18,470 | INFO | TOP_ERR | split=test epoch=71 rank=8/10 b=32 t=28 var_idx=3 tp=1.316000 y_true=0.241737 y_pred=0.595426 diff=0.353690 abs_err=0.353690
2025-12-22 01:37:18,470 | INFO | TOP_ERR | split=test epoch=71 rank=9/10 b=32 t=3 var_idx=3 tp=1.027667 y_true=0.256621 y_pred=0.595200 diff=0.338579 abs_err=0.338579
2025-12-22 01:37:18,470 | INFO | TOP_ERR | split=test epoch=71 rank=10/10 b=31 t=11 var_idx=4 tp=1.144667 y_true=0.237305 y_pred=0.561365 diff=0.324060 abs_err=0.324060
2025-12-22 01:37:18,471 | INFO | TOP_BEST | split=test epoch=71 rank=1/3 b=6 t=3 var_idx=10 tp=1.052000 y_true=0.439468 y_pred=0.439467 diff=-0.000000 abs_err=0.000000
2025-12-22 01:37:18,471 | INFO | TOP_BEST | split=test epoch=71 rank=2/3 b=34 t=3 var_idx=0 tp=1.033667 y_true=0.571912 y_pred=0.571914 diff=0.000002 abs_err=0.000002
2025-12-22 01:37:18,471 | INFO | TOP_BEST | split=test epoch=71 rank=3/3 b=15 t=0 var_idx=10 tp=1.004333 y_true=0.547842 y_pred=0.547848 diff=0.000006 abs_err=0.000006
2025-12-22 01:37:18,471 | INFO | TOP_OK | split=test epoch=71 none_found (no exact matches)
2025-12-22 01:37:27,559 | INFO | TOP_ERR | split=test epoch=73 rank=1/10 b=17 t=6 var_idx=6 tp=1.063000 y_true=0.053281 y_pred=0.708934 diff=0.655653 abs_err=0.655653
2025-12-22 01:37:27,559 | INFO | TOP_ERR | split=test epoch=73 rank=2/10 b=17 t=2 var_idx=6 tp=1.027000 y_true=0.054539 y_pred=0.708375 diff=0.653837 abs_err=0.653837
2025-12-22 01:37:27,559 | INFO | TOP_ERR | split=test epoch=73 rank=3/10 b=37 t=28 var_idx=6 tp=1.313000 y_true=0.992233 y_pred=0.578530 diff=-0.413703 abs_err=0.413703
2025-12-22 01:37:27,560 | INFO | TOP_ERR | split=test epoch=73 rank=4/10 b=31 t=11 var_idx=3 tp=1.144667 y_true=0.259034 y_pred=0.672506 diff=0.413471 abs_err=0.413471
2025-12-22 01:37:27,560 | INFO | TOP_ERR | split=test epoch=73 rank=5/10 b=17 t=6 var_idx=7 tp=1.063000 y_true=0.869900 y_pred=0.463352 diff=-0.406548 abs_err=0.406548
2025-12-22 01:37:27,560 | INFO | TOP_ERR | split=test epoch=73 rank=6/10 b=17 t=2 var_idx=7 tp=1.027000 y_true=0.869051 y_pred=0.463042 diff=-0.406009 abs_err=0.406009
2025-12-22 01:37:27,560 | INFO | TOP_ERR | split=test epoch=73 rank=7/10 b=55 t=1 var_idx=11 tp=1.013667 y_true=0.160785 y_pred=0.524551 diff=0.363766 abs_err=0.363766
2025-12-22 01:37:27,560 | INFO | TOP_ERR | split=test epoch=73 rank=8/10 b=32 t=28 var_idx=3 tp=1.316000 y_true=0.241737 y_pred=0.597335 diff=0.355598 abs_err=0.355598
2025-12-22 01:37:27,560 | INFO | TOP_ERR | split=test epoch=73 rank=9/10 b=32 t=3 var_idx=3 tp=1.027667 y_true=0.256621 y_pred=0.596840 diff=0.340218 abs_err=0.340218
2025-12-22 01:37:27,560 | INFO | TOP_ERR | split=test epoch=73 rank=10/10 b=31 t=11 var_idx=4 tp=1.144667 y_true=0.237305 y_pred=0.559419 diff=0.322114 abs_err=0.322114
2025-12-22 01:37:27,561 | INFO | TOP_BEST | split=test epoch=73 rank=1/3 b=36 t=4 var_idx=2 tp=1.051667 y_true=0.423218 y_pred=0.423218 diff=-0.000001 abs_err=0.000001
2025-12-22 01:37:27,561 | INFO | TOP_BEST | split=test epoch=73 rank=2/3 b=31 t=22 var_idx=7 tp=1.261667 y_true=0.672236 y_pred=0.672232 diff=-0.000004 abs_err=0.000004
2025-12-22 01:37:27,561 | INFO | TOP_BEST | split=test epoch=73 rank=3/3 b=28 t=16 var_idx=0 tp=1.162667 y_true=0.576741 y_pred=0.576736 diff=-0.000005 abs_err=0.000005
2025-12-22 01:37:27,561 | INFO | TOP_OK | split=test epoch=73 none_found (no exact matches)
2025-12-22 01:38:36,563 | INFO | TOP_ERR | split=test epoch=89 rank=1/10 b=17 t=6 var_idx=6 tp=1.063000 y_true=0.053281 y_pred=0.699545 diff=0.646264 abs_err=0.646264
2025-12-22 01:38:36,563 | INFO | TOP_ERR | split=test epoch=89 rank=2/10 b=17 t=2 var_idx=6 tp=1.027000 y_true=0.054539 y_pred=0.698987 diff=0.644448 abs_err=0.644448
2025-12-22 01:38:36,563 | INFO | TOP_ERR | split=test epoch=89 rank=3/10 b=37 t=28 var_idx=6 tp=1.313000 y_true=0.992233 y_pred=0.568438 diff=-0.423795 abs_err=0.423795
2025-12-22 01:38:36,563 | INFO | TOP_ERR | split=test epoch=89 rank=4/10 b=31 t=11 var_idx=3 tp=1.144667 y_true=0.259034 y_pred=0.671940 diff=0.412906 abs_err=0.412906
2025-12-22 01:38:36,564 | INFO | TOP_ERR | split=test epoch=89 rank=5/10 b=17 t=6 var_idx=7 tp=1.063000 y_true=0.869900 y_pred=0.463471 diff=-0.406428 abs_err=0.406428
2025-12-22 01:38:36,564 | INFO | TOP_ERR | split=test epoch=89 rank=6/10 b=17 t=2 var_idx=7 tp=1.027000 y_true=0.869051 y_pred=0.463162 diff=-0.405889 abs_err=0.405889
2025-12-22 01:38:36,564 | INFO | TOP_ERR | split=test epoch=89 rank=7/10 b=32 t=28 var_idx=3 tp=1.316000 y_true=0.241737 y_pred=0.611866 diff=0.370130 abs_err=0.370130
2025-12-22 01:38:36,564 | INFO | TOP_ERR | split=test epoch=89 rank=8/10 b=55 t=1 var_idx=11 tp=1.013667 y_true=0.160785 y_pred=0.523336 diff=0.362551 abs_err=0.362551
2025-12-22 01:38:36,564 | INFO | TOP_ERR | split=test epoch=89 rank=9/10 b=32 t=3 var_idx=3 tp=1.027667 y_true=0.256621 y_pred=0.612057 diff=0.355436 abs_err=0.355436
2025-12-22 01:38:36,564 | INFO | TOP_ERR | split=test epoch=89 rank=10/10 b=31 t=11 var_idx=4 tp=1.144667 y_true=0.237305 y_pred=0.560897 diff=0.323592 abs_err=0.323592
2025-12-22 01:38:36,565 | INFO | TOP_BEST | split=test epoch=89 rank=1/3 b=7 t=21 var_idx=10 tp=1.256333 y_true=0.448232 y_pred=0.448214 diff=-0.000018 abs_err=0.000018
2025-12-22 01:38:36,565 | INFO | TOP_BEST | split=test epoch=89 rank=2/3 b=39 t=26 var_idx=3 tp=1.286000 y_true=0.623796 y_pred=0.623841 diff=0.000045 abs_err=0.000045
2025-12-22 01:38:36,565 | INFO | TOP_BEST | split=test epoch=89 rank=3/3 b=53 t=15 var_idx=6 tp=1.202667 y_true=0.826668 y_pred=0.826618 diff=-0.000049 abs_err=0.000049
2025-12-22 01:38:36,565 | INFO | TOP_OK | split=test epoch=89 none_found (no exact matches)
2025-12-22 01:38:49,920 | INFO | TOP_ERR | split=test epoch=92 rank=1/10 b=17 t=6 var_idx=6 tp=1.063000 y_true=0.053281 y_pred=0.701763 diff=0.648482 abs_err=0.648482
2025-12-22 01:38:49,920 | INFO | TOP_ERR | split=test epoch=92 rank=2/10 b=17 t=2 var_idx=6 tp=1.027000 y_true=0.054539 y_pred=0.701205 diff=0.646666 abs_err=0.646666
2025-12-22 01:38:49,920 | INFO | TOP_ERR | split=test epoch=92 rank=3/10 b=37 t=28 var_idx=6 tp=1.313000 y_true=0.992233 y_pred=0.573415 diff=-0.418818 abs_err=0.418818
2025-12-22 01:38:49,920 | INFO | TOP_ERR | split=test epoch=92 rank=4/10 b=31 t=11 var_idx=3 tp=1.144667 y_true=0.259034 y_pred=0.669522 diff=0.410488 abs_err=0.410488
2025-12-22 01:38:49,921 | INFO | TOP_ERR | split=test epoch=92 rank=5/10 b=17 t=6 var_idx=7 tp=1.063000 y_true=0.869900 y_pred=0.463228 diff=-0.406671 abs_err=0.406671
2025-12-22 01:38:49,921 | INFO | TOP_ERR | split=test epoch=92 rank=6/10 b=17 t=2 var_idx=7 tp=1.027000 y_true=0.869051 y_pred=0.462919 diff=-0.406132 abs_err=0.406132
2025-12-22 01:38:49,921 | INFO | TOP_ERR | split=test epoch=92 rank=7/10 b=32 t=28 var_idx=3 tp=1.316000 y_true=0.241737 y_pred=0.609721 diff=0.367984 abs_err=0.367984
2025-12-22 01:38:49,921 | INFO | TOP_ERR | split=test epoch=92 rank=8/10 b=55 t=1 var_idx=11 tp=1.013667 y_true=0.160785 y_pred=0.521520 diff=0.360735 abs_err=0.360735
2025-12-22 01:38:49,921 | INFO | TOP_ERR | split=test epoch=92 rank=9/10 b=32 t=3 var_idx=3 tp=1.027667 y_true=0.256621 y_pred=0.609833 diff=0.353212 abs_err=0.353212
2025-12-22 01:38:49,921 | INFO | TOP_ERR | split=test epoch=92 rank=10/10 b=31 t=11 var_idx=4 tp=1.144667 y_true=0.237305 y_pred=0.558039 diff=0.320734 abs_err=0.320734
2025-12-22 01:38:49,922 | INFO | TOP_BEST | split=test epoch=92 rank=1/3 b=34 t=24 var_idx=0 tp=1.250000 y_true=0.570223 y_pred=0.570237 diff=0.000014 abs_err=0.000014
2025-12-22 01:38:49,922 | INFO | TOP_BEST | split=test epoch=92 rank=2/3 b=31 t=8 var_idx=7 tp=1.117667 y_true=0.672359 y_pred=0.672305 diff=-0.000053 abs_err=0.000053
2025-12-22 01:38:49,922 | INFO | TOP_BEST | split=test epoch=92 rank=3/3 b=34 t=28 var_idx=3 tp=1.295000 y_true=0.587546 y_pred=0.587480 diff=-0.000066 abs_err=0.000066
2025-12-22 01:38:49,922 | INFO | TOP_OK | split=test epoch=92 none_found (no exact matches)
2025-12-22 01:39:16,151 | INFO | TOP_ERR | split=test epoch=98 rank=1/10 b=17 t=6 var_idx=6 tp=1.063000 y_true=0.053281 y_pred=0.709124 diff=0.655843 abs_err=0.655843
2025-12-22 01:39:16,152 | INFO | TOP_ERR | split=test epoch=98 rank=2/10 b=17 t=2 var_idx=6 tp=1.027000 y_true=0.054539 y_pred=0.708566 diff=0.654027 abs_err=0.654027
2025-12-22 01:39:16,152 | INFO | TOP_ERR | split=test epoch=98 rank=3/10 b=31 t=11 var_idx=3 tp=1.144667 y_true=0.259034 y_pred=0.674674 diff=0.415640 abs_err=0.415640
2025-12-22 01:39:16,152 | INFO | TOP_ERR | split=test epoch=98 rank=4/10 b=37 t=28 var_idx=6 tp=1.313000 y_true=0.992233 y_pred=0.579455 diff=-0.412778 abs_err=0.412778
2025-12-22 01:39:16,152 | INFO | TOP_ERR | split=test epoch=98 rank=5/10 b=17 t=6 var_idx=7 tp=1.063000 y_true=0.869900 y_pred=0.466666 diff=-0.403233 abs_err=0.403233
2025-12-22 01:39:16,152 | INFO | TOP_ERR | split=test epoch=98 rank=6/10 b=17 t=2 var_idx=7 tp=1.027000 y_true=0.869051 y_pred=0.466357 diff=-0.402694 abs_err=0.402694
2025-12-22 01:39:16,152 | INFO | TOP_ERR | split=test epoch=98 rank=7/10 b=32 t=28 var_idx=3 tp=1.316000 y_true=0.241737 y_pred=0.619920 diff=0.378183 abs_err=0.378183
2025-12-22 01:39:16,152 | INFO | TOP_ERR | split=test epoch=98 rank=8/10 b=32 t=3 var_idx=3 tp=1.027667 y_true=0.256621 y_pred=0.620015 diff=0.363394 abs_err=0.363394
2025-12-22 01:39:16,152 | INFO | TOP_ERR | split=test epoch=98 rank=9/10 b=55 t=1 var_idx=11 tp=1.013667 y_true=0.160785 y_pred=0.523546 diff=0.362761 abs_err=0.362761
2025-12-22 01:39:16,153 | INFO | TOP_ERR | split=test epoch=98 rank=10/10 b=31 t=11 var_idx=4 tp=1.144667 y_true=0.237305 y_pred=0.560424 diff=0.323119 abs_err=0.323119
2025-12-22 01:39:16,153 | INFO | TOP_BEST | split=test epoch=98 rank=1/3 b=47 t=12 var_idx=0 tp=1.133333 y_true=0.559255 y_pred=0.559257 diff=0.000001 abs_err=0.000001
2025-12-22 01:39:16,153 | INFO | TOP_BEST | split=test epoch=98 rank=2/3 b=21 t=27 var_idx=6 tp=1.279667 y_true=0.516781 y_pred=0.516779 diff=-0.000002 abs_err=0.000002
2025-12-22 01:39:16,153 | INFO | TOP_BEST | split=test epoch=98 rank=3/3 b=7 t=21 var_idx=10 tp=1.256333 y_true=0.448232 y_pred=0.448218 diff=-0.000014 abs_err=0.000014
2025-12-22 01:39:16,153 | INFO | TOP_OK | split=test epoch=98 none_found (no exact matches)
2025-12-22 01:41:37,513 | INFO | TOP_ERR | split=test epoch=131 rank=1/10 b=17 t=6 var_idx=6 tp=1.063000 y_true=0.053281 y_pred=0.694317 diff=0.641036 abs_err=0.641036
2025-12-22 01:41:37,513 | INFO | TOP_ERR | split=test epoch=131 rank=2/10 b=17 t=2 var_idx=6 tp=1.027000 y_true=0.054539 y_pred=0.693759 diff=0.639220 abs_err=0.639220
2025-12-22 01:41:37,514 | INFO | TOP_ERR | split=test epoch=131 rank=3/10 b=37 t=28 var_idx=6 tp=1.313000 y_true=0.992233 y_pred=0.568252 diff=-0.423981 abs_err=0.423981
2025-12-22 01:41:37,514 | INFO | TOP_ERR | split=test epoch=131 rank=4/10 b=31 t=11 var_idx=3 tp=1.144667 y_true=0.259034 y_pred=0.670261 diff=0.411226 abs_err=0.411226
2025-12-22 01:41:37,514 | INFO | TOP_ERR | split=test epoch=131 rank=5/10 b=17 t=6 var_idx=7 tp=1.063000 y_true=0.869900 y_pred=0.464542 diff=-0.405357 abs_err=0.405357
2025-12-22 01:41:37,514 | INFO | TOP_ERR | split=test epoch=131 rank=6/10 b=17 t=2 var_idx=7 tp=1.027000 y_true=0.869051 y_pred=0.464233 diff=-0.404818 abs_err=0.404818
2025-12-22 01:41:37,514 | INFO | TOP_ERR | split=test epoch=131 rank=7/10 b=32 t=28 var_idx=3 tp=1.316000 y_true=0.241737 y_pred=0.623407 diff=0.381670 abs_err=0.381670
2025-12-22 01:41:37,514 | INFO | TOP_ERR | split=test epoch=131 rank=8/10 b=32 t=3 var_idx=3 tp=1.027667 y_true=0.256621 y_pred=0.623526 diff=0.366905 abs_err=0.366905
2025-12-22 01:41:37,514 | INFO | TOP_ERR | split=test epoch=131 rank=9/10 b=55 t=1 var_idx=11 tp=1.013667 y_true=0.160785 y_pred=0.520224 diff=0.359440 abs_err=0.359440
2025-12-22 01:41:37,514 | INFO | TOP_ERR | split=test epoch=131 rank=10/10 b=31 t=11 var_idx=4 tp=1.144667 y_true=0.237305 y_pred=0.556910 diff=0.319604 abs_err=0.319604
2025-12-22 01:41:37,515 | INFO | TOP_BEST | split=test epoch=131 rank=1/3 b=56 t=7 var_idx=9 tp=1.076667 y_true=0.690320 y_pred=0.690301 diff=-0.000020 abs_err=0.000020
2025-12-22 01:41:37,515 | INFO | TOP_BEST | split=test epoch=131 rank=2/3 b=60 t=23 var_idx=5 tp=1.275000 y_true=0.550681 y_pred=0.550712 diff=0.000032 abs_err=0.000032
2025-12-22 01:41:37,515 | INFO | TOP_BEST | split=test epoch=131 rank=3/3 b=1 t=14 var_idx=0 tp=1.151000 y_true=0.499605 y_pred=0.499550 diff=-0.000055 abs_err=0.000055
2025-12-22 01:41:37,515 | INFO | TOP_OK | split=test epoch=131 none_found (no exact matches)
2025-12-22 01:41:55,096 | INFO | TOP_ERR | split=test epoch=135 rank=1/10 b=17 t=6 var_idx=6 tp=1.063000 y_true=0.053281 y_pred=0.693352 diff=0.640071 abs_err=0.640071
2025-12-22 01:41:55,096 | INFO | TOP_ERR | split=test epoch=135 rank=2/10 b=17 t=2 var_idx=6 tp=1.027000 y_true=0.054539 y_pred=0.692794 diff=0.638255 abs_err=0.638255
2025-12-22 01:41:55,096 | INFO | TOP_ERR | split=test epoch=135 rank=3/10 b=37 t=28 var_idx=6 tp=1.313000 y_true=0.992233 y_pred=0.568467 diff=-0.423766 abs_err=0.423766
2025-12-22 01:41:55,096 | INFO | TOP_ERR | split=test epoch=135 rank=4/10 b=31 t=11 var_idx=3 tp=1.144667 y_true=0.259034 y_pred=0.669517 diff=0.410483 abs_err=0.410483
2025-12-22 01:41:55,096 | INFO | TOP_ERR | split=test epoch=135 rank=5/10 b=17 t=6 var_idx=7 tp=1.063000 y_true=0.869900 y_pred=0.464687 diff=-0.405213 abs_err=0.405213
2025-12-22 01:41:55,097 | INFO | TOP_ERR | split=test epoch=135 rank=6/10 b=17 t=2 var_idx=7 tp=1.027000 y_true=0.869051 y_pred=0.464378 diff=-0.404673 abs_err=0.404673
2025-12-22 01:41:55,097 | INFO | TOP_ERR | split=test epoch=135 rank=7/10 b=32 t=28 var_idx=3 tp=1.316000 y_true=0.241737 y_pred=0.623010 diff=0.381273 abs_err=0.381273
2025-12-22 01:41:55,097 | INFO | TOP_ERR | split=test epoch=135 rank=8/10 b=32 t=3 var_idx=3 tp=1.027667 y_true=0.256621 y_pred=0.623116 diff=0.366495 abs_err=0.366495
2025-12-22 01:41:55,097 | INFO | TOP_ERR | split=test epoch=135 rank=9/10 b=55 t=1 var_idx=11 tp=1.013667 y_true=0.160785 y_pred=0.520068 diff=0.359283 abs_err=0.359283
2025-12-22 01:41:55,097 | INFO | TOP_ERR | split=test epoch=135 rank=10/10 b=31 t=11 var_idx=4 tp=1.144667 y_true=0.237305 y_pred=0.556980 diff=0.319674 abs_err=0.319674
2025-12-22 01:41:55,097 | INFO | TOP_BEST | split=test epoch=135 rank=1/3 b=1 t=14 var_idx=0 tp=1.151000 y_true=0.499605 y_pred=0.499603 diff=-0.000001 abs_err=0.000001
2025-12-22 01:41:55,098 | INFO | TOP_BEST | split=test epoch=135 rank=2/3 b=31 t=9 var_idx=9 tp=1.126667 y_true=0.537999 y_pred=0.538002 diff=0.000003 abs_err=0.000003
2025-12-22 01:41:55,098 | INFO | TOP_BEST | split=test epoch=135 rank=3/3 b=22 t=6 var_idx=9 tp=1.063333 y_true=0.551608 y_pred=0.551613 diff=0.000005 abs_err=0.000005
2025-12-22 01:41:55,098 | INFO | TOP_OK | split=test epoch=135 none_found (no exact matches)
