2025-12-22 00:42:11,565 | INFO | - Epoch 000, ExpID 57928 best_epoch=0 improved=1
2025-12-22 00:42:11,565 | INFO | Train - Loss (last batch): 0.01579
2025-12-22 00:42:11,565 | INFO | Val - Loss, MSE, MAE: 0.01528, 0.01528, 0.09465
2025-12-22 00:42:11,565 | INFO | Test - Best epoch, Loss, MSE, MAE: 0, 0.01451, 0.01451, 0.09298
2025-12-22 00:42:11,565 | INFO | Test - Points (EXACT): total_masked=96963 correct=18573 right_rate=19.1547%
2025-12-22 00:42:17,512 | INFO | - Epoch 001, ExpID 57928 best_epoch=1 improved=1
2025-12-22 00:42:17,512 | INFO | Train - Loss (last batch): 0.01064
2025-12-22 00:42:17,512 | INFO | Val - Loss, MSE, MAE: 0.01041, 0.01041, 0.07684
2025-12-22 00:42:17,512 | INFO | Test - Best epoch, Loss, MSE, MAE: 1, 0.00963, 0.00963, 0.07435
2025-12-22 00:42:17,512 | INFO | Test - Points (EXACT): total_masked=96963 correct=24271 right_rate=25.0312%
2025-12-22 00:42:23,477 | INFO | - Epoch 002, ExpID 57928 best_epoch=2 improved=1
2025-12-22 00:42:23,477 | INFO | Train - Loss (last batch): 0.00350
2025-12-22 00:42:23,477 | INFO | Val - Loss, MSE, MAE: 0.00387, 0.00387, 0.04063
2025-12-22 00:42:23,477 | INFO | Test - Best epoch, Loss, MSE, MAE: 2, 0.00368, 0.00368, 0.03944
2025-12-22 00:42:23,477 | INFO | Test - Points (EXACT): total_masked=96963 correct=49691 right_rate=51.2474%
2025-12-22 00:42:29,536 | INFO | - Epoch 003, ExpID 57928 best_epoch=3 improved=1
2025-12-22 00:42:29,536 | INFO | Train - Loss (last batch): 0.00292
2025-12-22 00:42:29,536 | INFO | Val - Loss, MSE, MAE: 0.00353, 0.00353, 0.03732
2025-12-22 00:42:29,536 | INFO | Test - Best epoch, Loss, MSE, MAE: 3, 0.00336, 0.00336, 0.03635
2025-12-22 00:42:29,536 | INFO | Test - Points (EXACT): total_masked=96963 correct=53711 right_rate=55.3933%
2025-12-22 00:42:35,515 | INFO | - Epoch 004, ExpID 57928 best_epoch=4 improved=1
2025-12-22 00:42:35,515 | INFO | Train - Loss (last batch): 0.00237
2025-12-22 00:42:35,515 | INFO | Val - Loss, MSE, MAE: 0.00341, 0.00341, 0.03625
2025-12-22 00:42:35,515 | INFO | Test - Best epoch, Loss, MSE, MAE: 4, 0.00324, 0.00324, 0.03535
2025-12-22 00:42:35,516 | INFO | Test - Points (EXACT): total_masked=96963 correct=54808 right_rate=56.5247%
2025-12-22 00:42:41,489 | INFO | - Epoch 005, ExpID 57928 best_epoch=5 improved=1
2025-12-22 00:42:41,489 | INFO | Train - Loss (last batch): 0.00378
2025-12-22 00:42:41,489 | INFO | Val - Loss, MSE, MAE: 0.00340, 0.00340, 0.03641
2025-12-22 00:42:41,489 | INFO | Test - Best epoch, Loss, MSE, MAE: 5, 0.00324, 0.00324, 0.03568
2025-12-22 00:42:41,489 | INFO | Test - Points (EXACT): total_masked=96963 correct=53349 right_rate=55.0200%
2025-12-22 00:42:47,479 | INFO | - Epoch 006, ExpID 57928 best_epoch=6 improved=1
2025-12-22 00:42:47,479 | INFO | Train - Loss (last batch): 0.00346
2025-12-22 00:42:47,479 | INFO | Val - Loss, MSE, MAE: 0.00333, 0.00333, 0.03587
2025-12-22 00:42:47,479 | INFO | Test - Best epoch, Loss, MSE, MAE: 6, 0.00318, 0.00318, 0.03525
2025-12-22 00:42:47,479 | INFO | Test - Points (EXACT): total_masked=96963 correct=54311 right_rate=56.0121%
2025-12-22 00:42:53,475 | INFO | - Epoch 007, ExpID 57928 best_epoch=7 improved=1
2025-12-22 00:42:53,475 | INFO | Train - Loss (last batch): 0.00333
2025-12-22 00:42:53,475 | INFO | Val - Loss, MSE, MAE: 0.00328, 0.00328, 0.03493
2025-12-22 00:42:53,475 | INFO | Test - Best epoch, Loss, MSE, MAE: 7, 0.00312, 0.00312, 0.03436
2025-12-22 00:42:53,475 | INFO | Test - Points (EXACT): total_masked=96963 correct=56023 right_rate=57.7777%
2025-12-22 00:42:58,873 | INFO | - Epoch 008, ExpID 57928 best_epoch=7 improved=0
2025-12-22 00:42:58,873 | INFO | Train - Loss (last batch): 0.00289
2025-12-22 00:42:58,873 | INFO | Val - Loss, MSE, MAE: 0.00337, 0.00337, 0.03622
2025-12-22 00:42:58,873 | INFO | Test - Best epoch, Loss, MSE, MAE: 7, 0.00312, 0.00312, 0.03436
2025-12-22 00:42:58,873 | INFO | Test - Points (EXACT): total_masked=96963 correct=56023 right_rate=57.7777%
2025-12-22 00:43:04,843 | INFO | - Epoch 009, ExpID 57928 best_epoch=9 improved=1
2025-12-22 00:43:04,843 | INFO | Train - Loss (last batch): 0.00301
2025-12-22 00:43:04,843 | INFO | Val - Loss, MSE, MAE: 0.00325, 0.00325, 0.03487
2025-12-22 00:43:04,843 | INFO | Test - Best epoch, Loss, MSE, MAE: 9, 0.00310, 0.00310, 0.03437
2025-12-22 00:43:04,843 | INFO | Test - Points (EXACT): total_masked=96963 correct=55611 right_rate=57.3528%
2025-12-22 00:43:10,268 | INFO | - Epoch 010, ExpID 57928 best_epoch=9 improved=0
2025-12-22 00:43:10,268 | INFO | Train - Loss (last batch): 0.00267
2025-12-22 00:43:10,268 | INFO | Val - Loss, MSE, MAE: 0.00330, 0.00330, 0.03566
2025-12-22 00:43:10,268 | INFO | Test - Best epoch, Loss, MSE, MAE: 9, 0.00310, 0.00310, 0.03437
2025-12-22 00:43:10,268 | INFO | Test - Points (EXACT): total_masked=96963 correct=55611 right_rate=57.3528%
2025-12-22 00:43:16,258 | INFO | - Epoch 011, ExpID 57928 best_epoch=11 improved=1
2025-12-22 00:43:16,258 | INFO | Train - Loss (last batch): 0.00290
2025-12-22 00:43:16,258 | INFO | Val - Loss, MSE, MAE: 0.00316, 0.00316, 0.03424
2025-12-22 00:43:16,258 | INFO | Test - Best epoch, Loss, MSE, MAE: 11, 0.00302, 0.00302, 0.03381
2025-12-22 00:43:16,258 | INFO | Test - Points (EXACT): total_masked=96963 correct=56479 right_rate=58.2480%
2025-12-22 00:43:21,658 | INFO | - Epoch 012, ExpID 57928 best_epoch=11 improved=0
2025-12-22 00:43:21,658 | INFO | Train - Loss (last batch): 0.00373
2025-12-22 00:43:21,658 | INFO | Val - Loss, MSE, MAE: 0.00338, 0.00338, 0.03737
2025-12-22 00:43:21,658 | INFO | Test - Best epoch, Loss, MSE, MAE: 11, 0.00302, 0.00302, 0.03381
2025-12-22 00:43:21,658 | INFO | Test - Points (EXACT): total_masked=96963 correct=56479 right_rate=58.2480%
2025-12-22 00:43:27,672 | INFO | - Epoch 013, ExpID 57928 best_epoch=13 improved=1
2025-12-22 00:43:27,672 | INFO | Train - Loss (last batch): 0.00232
2025-12-22 00:43:27,672 | INFO | Val - Loss, MSE, MAE: 0.00313, 0.00313, 0.03375
2025-12-22 00:43:27,672 | INFO | Test - Best epoch, Loss, MSE, MAE: 13, 0.00299, 0.00299, 0.03329
2025-12-22 00:43:27,673 | INFO | Test - Points (EXACT): total_masked=96963 correct=57138 right_rate=58.9276%
2025-12-22 00:43:33,082 | INFO | - Epoch 014, ExpID 57928 best_epoch=13 improved=0
2025-12-22 00:43:33,082 | INFO | Train - Loss (last batch): 0.00276
2025-12-22 00:43:33,082 | INFO | Val - Loss, MSE, MAE: 0.00322, 0.00322, 0.03495
2025-12-22 00:43:33,082 | INFO | Test - Best epoch, Loss, MSE, MAE: 13, 0.00299, 0.00299, 0.03329
2025-12-22 00:43:33,082 | INFO | Test - Points (EXACT): total_masked=96963 correct=57138 right_rate=58.9276%
2025-12-22 00:43:38,504 | INFO | - Epoch 015, ExpID 57928 best_epoch=13 improved=0
2025-12-22 00:43:38,505 | INFO | Train - Loss (last batch): 0.00217
2025-12-22 00:43:38,505 | INFO | Val - Loss, MSE, MAE: 0.00326, 0.00326, 0.03533
2025-12-22 00:43:38,505 | INFO | Test - Best epoch, Loss, MSE, MAE: 13, 0.00299, 0.00299, 0.03329
2025-12-22 00:43:38,505 | INFO | Test - Points (EXACT): total_masked=96963 correct=57138 right_rate=58.9276%
2025-12-22 00:43:44,506 | INFO | - Epoch 016, ExpID 57928 best_epoch=16 improved=1
2025-12-22 00:43:44,506 | INFO | Train - Loss (last batch): 0.00337
2025-12-22 00:43:44,507 | INFO | Val - Loss, MSE, MAE: 0.00311, 0.00311, 0.03369
2025-12-22 00:43:44,507 | INFO | Test - Best epoch, Loss, MSE, MAE: 16, 0.00298, 0.00298, 0.03336
2025-12-22 00:43:44,507 | INFO | Test - Points (EXACT): total_masked=96963 correct=56899 right_rate=58.6811%
2025-12-22 00:43:50,519 | INFO | - Epoch 017, ExpID 57928 best_epoch=17 improved=1
2025-12-22 00:43:50,519 | INFO | Train - Loss (last batch): 0.00309
2025-12-22 00:43:50,519 | INFO | Val - Loss, MSE, MAE: 0.00308, 0.00308, 0.03331
2025-12-22 00:43:50,519 | INFO | Test - Best epoch, Loss, MSE, MAE: 17, 0.00294, 0.00294, 0.03300
2025-12-22 00:43:50,519 | INFO | Test - Points (EXACT): total_masked=96963 correct=57344 right_rate=59.1401%
2025-12-22 00:43:55,948 | INFO | - Epoch 018, ExpID 57928 best_epoch=17 improved=0
2025-12-22 00:43:55,948 | INFO | Train - Loss (last batch): 0.00300
2025-12-22 00:43:55,948 | INFO | Val - Loss, MSE, MAE: 0.00319, 0.00319, 0.03499
2025-12-22 00:43:55,948 | INFO | Test - Best epoch, Loss, MSE, MAE: 17, 0.00294, 0.00294, 0.03300
2025-12-22 00:43:55,948 | INFO | Test - Points (EXACT): total_masked=96963 correct=57344 right_rate=59.1401%
2025-12-22 00:44:01,946 | INFO | - Epoch 019, ExpID 57928 best_epoch=19 improved=1
2025-12-22 00:44:01,946 | INFO | Train - Loss (last batch): 0.00264
2025-12-22 00:44:01,946 | INFO | Val - Loss, MSE, MAE: 0.00305, 0.00305, 0.03300
2025-12-22 00:44:01,946 | INFO | Test - Best epoch, Loss, MSE, MAE: 19, 0.00291, 0.00291, 0.03269
2025-12-22 00:44:01,946 | INFO | Test - Points (EXACT): total_masked=96963 correct=57725 right_rate=59.5330%
2025-12-22 00:44:07,349 | INFO | - Epoch 020, ExpID 57928 best_epoch=19 improved=0
2025-12-22 00:44:07,350 | INFO | Train - Loss (last batch): 0.00243
2025-12-22 00:44:07,350 | INFO | Val - Loss, MSE, MAE: 0.00312, 0.00312, 0.03401
2025-12-22 00:44:07,350 | INFO | Test - Best epoch, Loss, MSE, MAE: 19, 0.00291, 0.00291, 0.03269
2025-12-22 00:44:07,350 | INFO | Test - Points (EXACT): total_masked=96963 correct=57725 right_rate=59.5330%
2025-12-22 00:44:12,740 | INFO | - Epoch 021, ExpID 57928 best_epoch=19 improved=0
2025-12-22 00:44:12,740 | INFO | Train - Loss (last batch): 0.00262
2025-12-22 00:44:12,740 | INFO | Val - Loss, MSE, MAE: 0.00308, 0.00308, 0.03346
2025-12-22 00:44:12,740 | INFO | Test - Best epoch, Loss, MSE, MAE: 19, 0.00291, 0.00291, 0.03269
2025-12-22 00:44:12,740 | INFO | Test - Points (EXACT): total_masked=96963 correct=57725 right_rate=59.5330%
2025-12-22 00:44:18,152 | INFO | - Epoch 022, ExpID 57928 best_epoch=19 improved=0
2025-12-22 00:44:18,152 | INFO | Train - Loss (last batch): 0.00285
2025-12-22 00:44:18,152 | INFO | Val - Loss, MSE, MAE: 0.00316, 0.00316, 0.03431
2025-12-22 00:44:18,152 | INFO | Test - Best epoch, Loss, MSE, MAE: 19, 0.00291, 0.00291, 0.03269
2025-12-22 00:44:18,152 | INFO | Test - Points (EXACT): total_masked=96963 correct=57725 right_rate=59.5330%
2025-12-22 00:44:23,551 | INFO | - Epoch 023, ExpID 57928 best_epoch=19 improved=0
2025-12-22 00:44:23,551 | INFO | Train - Loss (last batch): 0.00263
2025-12-22 00:44:23,551 | INFO | Val - Loss, MSE, MAE: 0.00316, 0.00316, 0.03487
2025-12-22 00:44:23,551 | INFO | Test - Best epoch, Loss, MSE, MAE: 19, 0.00291, 0.00291, 0.03269
2025-12-22 00:44:23,551 | INFO | Test - Points (EXACT): total_masked=96963 correct=57725 right_rate=59.5330%
2025-12-22 00:44:28,978 | INFO | - Epoch 024, ExpID 57928 best_epoch=19 improved=0
2025-12-22 00:44:28,978 | INFO | Train - Loss (last batch): 0.00227
2025-12-22 00:44:28,978 | INFO | Val - Loss, MSE, MAE: 0.00338, 0.00338, 0.03810
2025-12-22 00:44:28,978 | INFO | Test - Best epoch, Loss, MSE, MAE: 19, 0.00291, 0.00291, 0.03269
2025-12-22 00:44:28,978 | INFO | Test - Points (EXACT): total_masked=96963 correct=57725 right_rate=59.5330%
2025-12-22 00:44:34,407 | INFO | - Epoch 025, ExpID 57928 best_epoch=19 improved=0
2025-12-22 00:44:34,407 | INFO | Train - Loss (last batch): 0.00460
2025-12-22 00:44:34,407 | INFO | Val - Loss, MSE, MAE: 0.00318, 0.00318, 0.03529
2025-12-22 00:44:34,407 | INFO | Test - Best epoch, Loss, MSE, MAE: 19, 0.00291, 0.00291, 0.03269
2025-12-22 00:44:34,407 | INFO | Test - Points (EXACT): total_masked=96963 correct=57725 right_rate=59.5330%
2025-12-22 00:44:40,421 | INFO | - Epoch 026, ExpID 57928 best_epoch=26 improved=1
2025-12-22 00:44:40,421 | INFO | Train - Loss (last batch): 0.00175
2025-12-22 00:44:40,421 | INFO | Val - Loss, MSE, MAE: 0.00303, 0.00303, 0.03356
2025-12-22 00:44:40,421 | INFO | Test - Best epoch, Loss, MSE, MAE: 26, 0.00289, 0.00289, 0.03322
2025-12-22 00:44:40,421 | INFO | Test - Points (EXACT): total_masked=96963 correct=56541 right_rate=58.3119%
2025-12-22 00:44:45,822 | INFO | - Epoch 027, ExpID 57928 best_epoch=26 improved=0
2025-12-22 00:44:45,822 | INFO | Train - Loss (last batch): 0.00323
2025-12-22 00:44:45,823 | INFO | Val - Loss, MSE, MAE: 0.00304, 0.00304, 0.03321
2025-12-22 00:44:45,823 | INFO | Test - Best epoch, Loss, MSE, MAE: 26, 0.00289, 0.00289, 0.03322
2025-12-22 00:44:45,823 | INFO | Test - Points (EXACT): total_masked=96963 correct=56541 right_rate=58.3119%
2025-12-22 00:44:51,825 | INFO | - Epoch 028, ExpID 57928 best_epoch=28 improved=1
2025-12-22 00:44:51,825 | INFO | Train - Loss (last batch): 0.00299
2025-12-22 00:44:51,825 | INFO | Val - Loss, MSE, MAE: 0.00302, 0.00302, 0.03292
2025-12-22 00:44:51,825 | INFO | Test - Best epoch, Loss, MSE, MAE: 28, 0.00288, 0.00288, 0.03262
2025-12-22 00:44:51,826 | INFO | Test - Points (EXACT): total_masked=96963 correct=57662 right_rate=59.4680%
2025-12-22 00:44:57,254 | INFO | - Epoch 029, ExpID 57928 best_epoch=28 improved=0
2025-12-22 00:44:57,254 | INFO | Train - Loss (last batch): 0.00267
2025-12-22 00:44:57,254 | INFO | Val - Loss, MSE, MAE: 0.00306, 0.00306, 0.03377
2025-12-22 00:44:57,254 | INFO | Test - Best epoch, Loss, MSE, MAE: 28, 0.00288, 0.00288, 0.03262
2025-12-22 00:44:57,254 | INFO | Test - Points (EXACT): total_masked=96963 correct=57662 right_rate=59.4680%
2025-12-22 00:45:02,661 | INFO | - Epoch 030, ExpID 57928 best_epoch=28 improved=0
2025-12-22 00:45:02,661 | INFO | Train - Loss (last batch): 0.00247
2025-12-22 00:45:02,661 | INFO | Val - Loss, MSE, MAE: 0.00302, 0.00302, 0.03359
2025-12-22 00:45:02,661 | INFO | Test - Best epoch, Loss, MSE, MAE: 28, 0.00288, 0.00288, 0.03262
2025-12-22 00:45:02,661 | INFO | Test - Points (EXACT): total_masked=96963 correct=57662 right_rate=59.4680%
2025-12-22 00:45:08,664 | INFO | - Epoch 031, ExpID 57928 best_epoch=31 improved=1
2025-12-22 00:45:08,664 | INFO | Train - Loss (last batch): 0.00263
2025-12-22 00:45:08,664 | INFO | Val - Loss, MSE, MAE: 0.00300, 0.00300, 0.03282
2025-12-22 00:45:08,664 | INFO | Test - Best epoch, Loss, MSE, MAE: 31, 0.00286, 0.00286, 0.03251
2025-12-22 00:45:08,664 | INFO | Test - Points (EXACT): total_masked=96963 correct=57644 right_rate=59.4495%
2025-12-22 00:45:14,056 | INFO | - Epoch 032, ExpID 57928 best_epoch=31 improved=0
2025-12-22 00:45:14,056 | INFO | Train - Loss (last batch): 0.00227
2025-12-22 00:45:14,056 | INFO | Val - Loss, MSE, MAE: 0.00304, 0.00304, 0.03313
2025-12-22 00:45:14,056 | INFO | Test - Best epoch, Loss, MSE, MAE: 31, 0.00286, 0.00286, 0.03251
2025-12-22 00:45:14,056 | INFO | Test - Points (EXACT): total_masked=96963 correct=57644 right_rate=59.4495%
2025-12-22 00:45:19,479 | INFO | - Epoch 033, ExpID 57928 best_epoch=31 improved=0
2025-12-22 00:45:19,479 | INFO | Train - Loss (last batch): 0.00295
2025-12-22 00:45:19,479 | INFO | Val - Loss, MSE, MAE: 0.00303, 0.00303, 0.03317
2025-12-22 00:45:19,480 | INFO | Test - Best epoch, Loss, MSE, MAE: 31, 0.00286, 0.00286, 0.03251
2025-12-22 00:45:19,480 | INFO | Test - Points (EXACT): total_masked=96963 correct=57644 right_rate=59.4495%
2025-12-22 00:45:24,894 | INFO | - Epoch 034, ExpID 57928 best_epoch=31 improved=0
2025-12-22 00:45:24,894 | INFO | Train - Loss (last batch): 0.00269
2025-12-22 00:45:24,894 | INFO | Val - Loss, MSE, MAE: 0.00303, 0.00303, 0.03334
2025-12-22 00:45:24,894 | INFO | Test - Best epoch, Loss, MSE, MAE: 31, 0.00286, 0.00286, 0.03251
2025-12-22 00:45:24,894 | INFO | Test - Points (EXACT): total_masked=96963 correct=57644 right_rate=59.4495%
2025-12-22 00:45:30,261 | INFO | - Epoch 035, ExpID 57928 best_epoch=31 improved=0
2025-12-22 00:45:30,261 | INFO | Train - Loss (last batch): 0.00236
2025-12-22 00:45:30,261 | INFO | Val - Loss, MSE, MAE: 0.00301, 0.00301, 0.03283
2025-12-22 00:45:30,261 | INFO | Test - Best epoch, Loss, MSE, MAE: 31, 0.00286, 0.00286, 0.03251
2025-12-22 00:45:30,261 | INFO | Test - Points (EXACT): total_masked=96963 correct=57644 right_rate=59.4495%
2025-12-22 00:45:35,676 | INFO | - Epoch 036, ExpID 57928 best_epoch=31 improved=0
2025-12-22 00:45:35,676 | INFO | Train - Loss (last batch): 0.00285
2025-12-22 00:45:35,676 | INFO | Val - Loss, MSE, MAE: 0.00303, 0.00303, 0.03341
2025-12-22 00:45:35,676 | INFO | Test - Best epoch, Loss, MSE, MAE: 31, 0.00286, 0.00286, 0.03251
2025-12-22 00:45:35,676 | INFO | Test - Points (EXACT): total_masked=96963 correct=57644 right_rate=59.4495%
2025-12-22 00:45:41,091 | INFO | - Epoch 037, ExpID 57928 best_epoch=31 improved=0
2025-12-22 00:45:41,091 | INFO | Train - Loss (last batch): 0.00233
2025-12-22 00:45:41,091 | INFO | Val - Loss, MSE, MAE: 0.00309, 0.00309, 0.03443
2025-12-22 00:45:41,091 | INFO | Test - Best epoch, Loss, MSE, MAE: 31, 0.00286, 0.00286, 0.03251
2025-12-22 00:45:41,091 | INFO | Test - Points (EXACT): total_masked=96963 correct=57644 right_rate=59.4495%
2025-12-22 00:45:46,513 | INFO | - Epoch 038, ExpID 57928 best_epoch=31 improved=0
2025-12-22 00:45:46,513 | INFO | Train - Loss (last batch): 0.00238
2025-12-22 00:45:46,513 | INFO | Val - Loss, MSE, MAE: 0.00301, 0.00301, 0.03305
2025-12-22 00:45:46,513 | INFO | Test - Best epoch, Loss, MSE, MAE: 31, 0.00286, 0.00286, 0.03251
2025-12-22 00:45:46,513 | INFO | Test - Points (EXACT): total_masked=96963 correct=57644 right_rate=59.4495%
2025-12-22 00:45:52,535 | INFO | - Epoch 039, ExpID 57928 best_epoch=39 improved=1
2025-12-22 00:45:52,535 | INFO | Train - Loss (last batch): 0.00178
2025-12-22 00:45:52,535 | INFO | Val - Loss, MSE, MAE: 0.00300, 0.00300, 0.03279
2025-12-22 00:45:52,535 | INFO | Test - Best epoch, Loss, MSE, MAE: 39, 0.00285, 0.00285, 0.03250
2025-12-22 00:45:52,535 | INFO | Test - Points (EXACT): total_masked=96963 correct=57677 right_rate=59.4835%
2025-12-22 00:45:57,955 | INFO | - Epoch 040, ExpID 57928 best_epoch=39 improved=0
2025-12-22 00:45:57,955 | INFO | Train - Loss (last batch): 0.00407
2025-12-22 00:45:57,955 | INFO | Val - Loss, MSE, MAE: 0.00309, 0.00309, 0.03487
2025-12-22 00:45:57,955 | INFO | Test - Best epoch, Loss, MSE, MAE: 39, 0.00285, 0.00285, 0.03250
2025-12-22 00:45:57,955 | INFO | Test - Points (EXACT): total_masked=96963 correct=57677 right_rate=59.4835%
2025-12-22 00:46:03,966 | INFO | - Epoch 041, ExpID 57928 best_epoch=41 improved=1
2025-12-22 00:46:03,966 | INFO | Train - Loss (last batch): 0.00233
2025-12-22 00:46:03,966 | INFO | Val - Loss, MSE, MAE: 0.00294, 0.00294, 0.03268
2025-12-22 00:46:03,966 | INFO | Test - Best epoch, Loss, MSE, MAE: 41, 0.00281, 0.00281, 0.03242
2025-12-22 00:46:03,966 | INFO | Test - Points (EXACT): total_masked=96963 correct=57347 right_rate=59.1432%
2025-12-22 00:46:09,372 | INFO | - Epoch 042, ExpID 57928 best_epoch=41 improved=0
2025-12-22 00:46:09,372 | INFO | Train - Loss (last batch): 0.00297
2025-12-22 00:46:09,373 | INFO | Val - Loss, MSE, MAE: 0.00295, 0.00295, 0.03261
2025-12-22 00:46:09,373 | INFO | Test - Best epoch, Loss, MSE, MAE: 41, 0.00281, 0.00281, 0.03242
2025-12-22 00:46:09,373 | INFO | Test - Points (EXACT): total_masked=96963 correct=57347 right_rate=59.1432%
2025-12-22 00:46:14,787 | INFO | - Epoch 043, ExpID 57928 best_epoch=41 improved=0
2025-12-22 00:46:14,787 | INFO | Train - Loss (last batch): 0.00240
2025-12-22 00:46:14,787 | INFO | Val - Loss, MSE, MAE: 0.00296, 0.00296, 0.03272
2025-12-22 00:46:14,787 | INFO | Test - Best epoch, Loss, MSE, MAE: 41, 0.00281, 0.00281, 0.03242
2025-12-22 00:46:14,787 | INFO | Test - Points (EXACT): total_masked=96963 correct=57347 right_rate=59.1432%
2025-12-22 00:46:20,199 | INFO | - Epoch 044, ExpID 57928 best_epoch=41 improved=0
2025-12-22 00:46:20,199 | INFO | Train - Loss (last batch): 0.00309
2025-12-22 00:46:20,199 | INFO | Val - Loss, MSE, MAE: 0.00298, 0.00298, 0.03290
2025-12-22 00:46:20,199 | INFO | Test - Best epoch, Loss, MSE, MAE: 41, 0.00281, 0.00281, 0.03242
2025-12-22 00:46:20,199 | INFO | Test - Points (EXACT): total_masked=96963 correct=57347 right_rate=59.1432%
2025-12-22 00:46:25,637 | INFO | - Epoch 045, ExpID 57928 best_epoch=41 improved=0
2025-12-22 00:46:25,637 | INFO | Train - Loss (last batch): 0.00256
2025-12-22 00:46:25,637 | INFO | Val - Loss, MSE, MAE: 0.00307, 0.00307, 0.03478
2025-12-22 00:46:25,637 | INFO | Test - Best epoch, Loss, MSE, MAE: 41, 0.00281, 0.00281, 0.03242
2025-12-22 00:46:25,637 | INFO | Test - Points (EXACT): total_masked=96963 correct=57347 right_rate=59.1432%
2025-12-22 00:46:31,058 | INFO | - Epoch 046, ExpID 57928 best_epoch=41 improved=0
2025-12-22 00:46:31,059 | INFO | Train - Loss (last batch): 0.00301
2025-12-22 00:46:31,059 | INFO | Val - Loss, MSE, MAE: 0.00297, 0.00297, 0.03260
2025-12-22 00:46:31,059 | INFO | Test - Best epoch, Loss, MSE, MAE: 41, 0.00281, 0.00281, 0.03242
2025-12-22 00:46:31,059 | INFO | Test - Points (EXACT): total_masked=96963 correct=57347 right_rate=59.1432%
2025-12-22 00:46:36,483 | INFO | - Epoch 047, ExpID 57928 best_epoch=41 improved=0
2025-12-22 00:46:36,483 | INFO | Train - Loss (last batch): 0.00298
2025-12-22 00:46:36,483 | INFO | Val - Loss, MSE, MAE: 0.00298, 0.00298, 0.03290
2025-12-22 00:46:36,483 | INFO | Test - Best epoch, Loss, MSE, MAE: 41, 0.00281, 0.00281, 0.03242
2025-12-22 00:46:36,483 | INFO | Test - Points (EXACT): total_masked=96963 correct=57347 right_rate=59.1432%
2025-12-22 00:46:41,886 | INFO | - Epoch 048, ExpID 57928 best_epoch=41 improved=0
2025-12-22 00:46:41,886 | INFO | Train - Loss (last batch): 0.00203
2025-12-22 00:46:41,886 | INFO | Val - Loss, MSE, MAE: 0.00299, 0.00299, 0.03337
2025-12-22 00:46:41,886 | INFO | Test - Best epoch, Loss, MSE, MAE: 41, 0.00281, 0.00281, 0.03242
2025-12-22 00:46:41,886 | INFO | Test - Points (EXACT): total_masked=96963 correct=57347 right_rate=59.1432%
2025-12-22 00:46:47,290 | INFO | - Epoch 049, ExpID 57928 best_epoch=41 improved=0
2025-12-22 00:46:47,290 | INFO | Train - Loss (last batch): 0.00275
2025-12-22 00:46:47,290 | INFO | Val - Loss, MSE, MAE: 0.00306, 0.00306, 0.03466
2025-12-22 00:46:47,290 | INFO | Test - Best epoch, Loss, MSE, MAE: 41, 0.00281, 0.00281, 0.03242
2025-12-22 00:46:47,290 | INFO | Test - Points (EXACT): total_masked=96963 correct=57347 right_rate=59.1432%
2025-12-22 00:46:52,698 | INFO | - Epoch 050, ExpID 57928 best_epoch=41 improved=0
2025-12-22 00:46:52,698 | INFO | Train - Loss (last batch): 0.00313
2025-12-22 00:46:52,698 | INFO | Val - Loss, MSE, MAE: 0.00299, 0.00299, 0.03338
2025-12-22 00:46:52,698 | INFO | Test - Best epoch, Loss, MSE, MAE: 41, 0.00281, 0.00281, 0.03242
2025-12-22 00:46:52,698 | INFO | Test - Points (EXACT): total_masked=96963 correct=57347 right_rate=59.1432%
2025-12-22 00:46:58,099 | INFO | - Epoch 051, ExpID 57928 best_epoch=41 improved=0
2025-12-22 00:46:58,099 | INFO | Train - Loss (last batch): 0.00310
2025-12-22 00:46:58,099 | INFO | Val - Loss, MSE, MAE: 0.00295, 0.00295, 0.03261
2025-12-22 00:46:58,099 | INFO | Test - Best epoch, Loss, MSE, MAE: 41, 0.00281, 0.00281, 0.03242
2025-12-22 00:46:58,099 | INFO | Test - Points (EXACT): total_masked=96963 correct=57347 right_rate=59.1432%
2025-12-22 00:47:04,118 | INFO | - Epoch 052, ExpID 57928 best_epoch=52 improved=1
2025-12-22 00:47:04,118 | INFO | Train - Loss (last batch): 0.00253
2025-12-22 00:47:04,118 | INFO | Val - Loss, MSE, MAE: 0.00293, 0.00293, 0.03241
2025-12-22 00:47:04,118 | INFO | Test - Best epoch, Loss, MSE, MAE: 52, 0.00280, 0.00280, 0.03215
2025-12-22 00:47:04,118 | INFO | Test - Points (EXACT): total_masked=96963 correct=57997 right_rate=59.8135%
2025-12-22 00:47:09,544 | INFO | - Epoch 053, ExpID 57928 best_epoch=52 improved=0
2025-12-22 00:47:09,544 | INFO | Train - Loss (last batch): 0.00148
2025-12-22 00:47:09,544 | INFO | Val - Loss, MSE, MAE: 0.00299, 0.00299, 0.03307
2025-12-22 00:47:09,544 | INFO | Test - Best epoch, Loss, MSE, MAE: 52, 0.00280, 0.00280, 0.03215
2025-12-22 00:47:09,545 | INFO | Test - Points (EXACT): total_masked=96963 correct=57997 right_rate=59.8135%
2025-12-22 00:47:14,943 | INFO | - Epoch 054, ExpID 57928 best_epoch=52 improved=0
2025-12-22 00:47:14,944 | INFO | Train - Loss (last batch): 0.00192
2025-12-22 00:47:14,944 | INFO | Val - Loss, MSE, MAE: 0.00295, 0.00295, 0.03273
2025-12-22 00:47:14,944 | INFO | Test - Best epoch, Loss, MSE, MAE: 52, 0.00280, 0.00280, 0.03215
2025-12-22 00:47:14,944 | INFO | Test - Points (EXACT): total_masked=96963 correct=57997 right_rate=59.8135%
2025-12-22 00:47:20,351 | INFO | - Epoch 055, ExpID 57928 best_epoch=52 improved=0
2025-12-22 00:47:20,351 | INFO | Train - Loss (last batch): 0.00300
2025-12-22 00:47:20,351 | INFO | Val - Loss, MSE, MAE: 0.00294, 0.00294, 0.03246
2025-12-22 00:47:20,351 | INFO | Test - Best epoch, Loss, MSE, MAE: 52, 0.00280, 0.00280, 0.03215
2025-12-22 00:47:20,351 | INFO | Test - Points (EXACT): total_masked=96963 correct=57997 right_rate=59.8135%
2025-12-22 00:47:25,741 | INFO | - Epoch 056, ExpID 57928 best_epoch=52 improved=0
2025-12-22 00:47:25,742 | INFO | Train - Loss (last batch): 0.00291
2025-12-22 00:47:25,742 | INFO | Val - Loss, MSE, MAE: 0.00297, 0.00297, 0.03320
2025-12-22 00:47:25,742 | INFO | Test - Best epoch, Loss, MSE, MAE: 52, 0.00280, 0.00280, 0.03215
2025-12-22 00:47:25,742 | INFO | Test - Points (EXACT): total_masked=96963 correct=57997 right_rate=59.8135%
2025-12-22 00:47:31,755 | INFO | - Epoch 057, ExpID 57928 best_epoch=57 improved=1
2025-12-22 00:47:31,755 | INFO | Train - Loss (last batch): 0.00175
2025-12-22 00:47:31,755 | INFO | Val - Loss, MSE, MAE: 0.00293, 0.00293, 0.03262
2025-12-22 00:47:31,755 | INFO | Test - Best epoch, Loss, MSE, MAE: 57, 0.00279, 0.00279, 0.03236
2025-12-22 00:47:31,755 | INFO | Test - Points (EXACT): total_masked=96963 correct=57458 right_rate=59.2577%
2025-12-22 00:47:37,190 | INFO | - Epoch 058, ExpID 57928 best_epoch=57 improved=0
2025-12-22 00:47:37,190 | INFO | Train - Loss (last batch): 0.00178
2025-12-22 00:47:37,190 | INFO | Val - Loss, MSE, MAE: 0.00305, 0.00305, 0.03403
2025-12-22 00:47:37,190 | INFO | Test - Best epoch, Loss, MSE, MAE: 57, 0.00279, 0.00279, 0.03236
2025-12-22 00:47:37,190 | INFO | Test - Points (EXACT): total_masked=96963 correct=57458 right_rate=59.2577%
2025-12-22 00:47:42,633 | INFO | - Epoch 059, ExpID 57928 best_epoch=57 improved=0
2025-12-22 00:47:42,633 | INFO | Train - Loss (last batch): 0.00370
2025-12-22 00:47:42,633 | INFO | Val - Loss, MSE, MAE: 0.00294, 0.00294, 0.03243
2025-12-22 00:47:42,633 | INFO | Test - Best epoch, Loss, MSE, MAE: 57, 0.00279, 0.00279, 0.03236
2025-12-22 00:47:42,633 | INFO | Test - Points (EXACT): total_masked=96963 correct=57458 right_rate=59.2577%
2025-12-22 00:47:48,052 | INFO | - Epoch 060, ExpID 57928 best_epoch=57 improved=0
2025-12-22 00:47:48,052 | INFO | Train - Loss (last batch): 0.00292
2025-12-22 00:47:48,052 | INFO | Val - Loss, MSE, MAE: 0.00300, 0.00300, 0.03338
2025-12-22 00:47:48,052 | INFO | Test - Best epoch, Loss, MSE, MAE: 57, 0.00279, 0.00279, 0.03236
2025-12-22 00:47:48,052 | INFO | Test - Points (EXACT): total_masked=96963 correct=57458 right_rate=59.2577%
2025-12-22 00:47:53,474 | INFO | - Epoch 061, ExpID 57928 best_epoch=57 improved=0
2025-12-22 00:47:53,474 | INFO | Train - Loss (last batch): 0.00220
2025-12-22 00:47:53,474 | INFO | Val - Loss, MSE, MAE: 0.00294, 0.00294, 0.03259
2025-12-22 00:47:53,474 | INFO | Test - Best epoch, Loss, MSE, MAE: 57, 0.00279, 0.00279, 0.03236
2025-12-22 00:47:53,474 | INFO | Test - Points (EXACT): total_masked=96963 correct=57458 right_rate=59.2577%
2025-12-22 00:47:58,895 | INFO | - Epoch 062, ExpID 57928 best_epoch=57 improved=0
2025-12-22 00:47:58,895 | INFO | Train - Loss (last batch): 0.00310
2025-12-22 00:47:58,895 | INFO | Val - Loss, MSE, MAE: 0.00293, 0.00293, 0.03247
2025-12-22 00:47:58,895 | INFO | Test - Best epoch, Loss, MSE, MAE: 57, 0.00279, 0.00279, 0.03236
2025-12-22 00:47:58,895 | INFO | Test - Points (EXACT): total_masked=96963 correct=57458 right_rate=59.2577%
2025-12-22 00:48:04,625 | INFO | - Epoch 063, ExpID 57928 best_epoch=57 improved=0
2025-12-22 00:48:04,625 | INFO | Train - Loss (last batch): 0.00318
2025-12-22 00:48:04,625 | INFO | Val - Loss, MSE, MAE: 0.00294, 0.00294, 0.03262
2025-12-22 00:48:04,625 | INFO | Test - Best epoch, Loss, MSE, MAE: 57, 0.00279, 0.00279, 0.03236
2025-12-22 00:48:04,625 | INFO | Test - Points (EXACT): total_masked=96963 correct=57458 right_rate=59.2577%
2025-12-22 00:48:10,749 | INFO | - Epoch 064, ExpID 57928 best_epoch=64 improved=1
2025-12-22 00:48:10,749 | INFO | Train - Loss (last batch): 0.00170
2025-12-22 00:48:10,749 | INFO | Val - Loss, MSE, MAE: 0.00292, 0.00292, 0.03236
2025-12-22 00:48:10,749 | INFO | Test - Best epoch, Loss, MSE, MAE: 64, 0.00279, 0.00279, 0.03214
2025-12-22 00:48:10,749 | INFO | Test - Points (EXACT): total_masked=96963 correct=57989 right_rate=59.8053%
2025-12-22 00:48:16,148 | INFO | - Epoch 065, ExpID 57928 best_epoch=64 improved=0
2025-12-22 00:48:16,148 | INFO | Train - Loss (last batch): 0.00196
2025-12-22 00:48:16,148 | INFO | Val - Loss, MSE, MAE: 0.00293, 0.00293, 0.03238
2025-12-22 00:48:16,148 | INFO | Test - Best epoch, Loss, MSE, MAE: 64, 0.00279, 0.00279, 0.03214
2025-12-22 00:48:16,148 | INFO | Test - Points (EXACT): total_masked=96963 correct=57989 right_rate=59.8053%
2025-12-22 00:48:21,554 | INFO | - Epoch 066, ExpID 57928 best_epoch=64 improved=0
2025-12-22 00:48:21,555 | INFO | Train - Loss (last batch): 0.00311
2025-12-22 00:48:21,555 | INFO | Val - Loss, MSE, MAE: 0.00295, 0.00295, 0.03307
2025-12-22 00:48:21,555 | INFO | Test - Best epoch, Loss, MSE, MAE: 64, 0.00279, 0.00279, 0.03214
2025-12-22 00:48:21,555 | INFO | Test - Points (EXACT): total_masked=96963 correct=57989 right_rate=59.8053%
2025-12-22 00:48:27,078 | INFO | - Epoch 067, ExpID 57928 best_epoch=64 improved=0
2025-12-22 00:48:27,079 | INFO | Train - Loss (last batch): 0.00204
2025-12-22 00:48:27,079 | INFO | Val - Loss, MSE, MAE: 0.00295, 0.00295, 0.03306
2025-12-22 00:48:27,079 | INFO | Test - Best epoch, Loss, MSE, MAE: 64, 0.00279, 0.00279, 0.03214
2025-12-22 00:48:27,079 | INFO | Test - Points (EXACT): total_masked=96963 correct=57989 right_rate=59.8053%
2025-12-22 00:48:32,500 | INFO | - Epoch 068, ExpID 57928 best_epoch=64 improved=0
2025-12-22 00:48:32,500 | INFO | Train - Loss (last batch): 0.00265
2025-12-22 00:48:32,500 | INFO | Val - Loss, MSE, MAE: 0.00293, 0.00293, 0.03264
2025-12-22 00:48:32,500 | INFO | Test - Best epoch, Loss, MSE, MAE: 64, 0.00279, 0.00279, 0.03214
2025-12-22 00:48:32,500 | INFO | Test - Points (EXACT): total_masked=96963 correct=57989 right_rate=59.8053%
2025-12-22 00:48:37,906 | INFO | - Epoch 069, ExpID 57928 best_epoch=64 improved=0
2025-12-22 00:48:37,906 | INFO | Train - Loss (last batch): 0.00379
2025-12-22 00:48:37,906 | INFO | Val - Loss, MSE, MAE: 0.00292, 0.00292, 0.03248
2025-12-22 00:48:37,906 | INFO | Test - Best epoch, Loss, MSE, MAE: 64, 0.00279, 0.00279, 0.03214
2025-12-22 00:48:37,906 | INFO | Test - Points (EXACT): total_masked=96963 correct=57989 right_rate=59.8053%
2025-12-22 00:48:43,332 | INFO | - Epoch 070, ExpID 57928 best_epoch=64 improved=0
2025-12-22 00:48:43,332 | INFO | Train - Loss (last batch): 0.00190
2025-12-22 00:48:43,332 | INFO | Val - Loss, MSE, MAE: 0.00293, 0.00293, 0.03264
2025-12-22 00:48:43,332 | INFO | Test - Best epoch, Loss, MSE, MAE: 64, 0.00279, 0.00279, 0.03214
2025-12-22 00:48:43,332 | INFO | Test - Points (EXACT): total_masked=96963 correct=57989 right_rate=59.8053%
2025-12-22 00:48:49,370 | INFO | - Epoch 071, ExpID 57928 best_epoch=71 improved=1
2025-12-22 00:48:49,370 | INFO | Train - Loss (last batch): 0.00230
2025-12-22 00:48:49,370 | INFO | Val - Loss, MSE, MAE: 0.00292, 0.00292, 0.03232
2025-12-22 00:48:49,370 | INFO | Test - Best epoch, Loss, MSE, MAE: 71, 0.00278, 0.00278, 0.03209
2025-12-22 00:48:49,370 | INFO | Test - Points (EXACT): total_masked=96963 correct=58070 right_rate=59.8888%
2025-12-22 00:48:55,438 | INFO | - Epoch 072, ExpID 57928 best_epoch=72 improved=1
2025-12-22 00:48:55,438 | INFO | Train - Loss (last batch): 0.00282
2025-12-22 00:48:55,438 | INFO | Val - Loss, MSE, MAE: 0.00290, 0.00290, 0.03234
2025-12-22 00:48:55,438 | INFO | Test - Best epoch, Loss, MSE, MAE: 72, 0.00277, 0.00277, 0.03209
2025-12-22 00:48:55,438 | INFO | Test - Points (EXACT): total_masked=96963 correct=57965 right_rate=59.7805%
2025-12-22 00:49:01,482 | INFO | - Epoch 073, ExpID 57928 best_epoch=73 improved=1
2025-12-22 00:49:01,482 | INFO | Train - Loss (last batch): 0.00266
2025-12-22 00:49:01,482 | INFO | Val - Loss, MSE, MAE: 0.00289, 0.00289, 0.03204
2025-12-22 00:49:01,482 | INFO | Test - Best epoch, Loss, MSE, MAE: 73, 0.00277, 0.00277, 0.03184
2025-12-22 00:49:01,482 | INFO | Test - Points (EXACT): total_masked=96963 correct=58442 right_rate=60.2725%
2025-12-22 00:49:06,957 | INFO | - Epoch 074, ExpID 57928 best_epoch=73 improved=0
2025-12-22 00:49:06,957 | INFO | Train - Loss (last batch): 0.00263
2025-12-22 00:49:06,957 | INFO | Val - Loss, MSE, MAE: 0.00296, 0.00296, 0.03302
2025-12-22 00:49:06,957 | INFO | Test - Best epoch, Loss, MSE, MAE: 73, 0.00277, 0.00277, 0.03184
2025-12-22 00:49:06,957 | INFO | Test - Points (EXACT): total_masked=96963 correct=58442 right_rate=60.2725%
2025-12-22 00:49:12,398 | INFO | - Epoch 075, ExpID 57928 best_epoch=73 improved=0
2025-12-22 00:49:12,398 | INFO | Train - Loss (last batch): 0.00326
2025-12-22 00:49:12,398 | INFO | Val - Loss, MSE, MAE: 0.00292, 0.00292, 0.03244
2025-12-22 00:49:12,398 | INFO | Test - Best epoch, Loss, MSE, MAE: 73, 0.00277, 0.00277, 0.03184
2025-12-22 00:49:12,398 | INFO | Test - Points (EXACT): total_masked=96963 correct=58442 right_rate=60.2725%
2025-12-22 00:49:18,451 | INFO | - Epoch 076, ExpID 57928 best_epoch=76 improved=1
2025-12-22 00:49:18,451 | INFO | Train - Loss (last batch): 0.00308
2025-12-22 00:49:18,451 | INFO | Val - Loss, MSE, MAE: 0.00289, 0.00289, 0.03211
2025-12-22 00:49:18,451 | INFO | Test - Best epoch, Loss, MSE, MAE: 76, 0.00276, 0.00276, 0.03188
2025-12-22 00:49:18,451 | INFO | Test - Points (EXACT): total_masked=96963 correct=58370 right_rate=60.1982%
2025-12-22 00:49:23,907 | INFO | - Epoch 077, ExpID 57928 best_epoch=76 improved=0
2025-12-22 00:49:23,907 | INFO | Train - Loss (last batch): 0.00338
2025-12-22 00:49:23,907 | INFO | Val - Loss, MSE, MAE: 0.00292, 0.00292, 0.03241
2025-12-22 00:49:23,907 | INFO | Test - Best epoch, Loss, MSE, MAE: 76, 0.00276, 0.00276, 0.03188
2025-12-22 00:49:23,907 | INFO | Test - Points (EXACT): total_masked=96963 correct=58370 right_rate=60.1982%
2025-12-22 00:49:29,330 | INFO | - Epoch 078, ExpID 57928 best_epoch=76 improved=0
2025-12-22 00:49:29,330 | INFO | Train - Loss (last batch): 0.00269
2025-12-22 00:49:29,330 | INFO | Val - Loss, MSE, MAE: 0.00294, 0.00294, 0.03291
2025-12-22 00:49:29,330 | INFO | Test - Best epoch, Loss, MSE, MAE: 76, 0.00276, 0.00276, 0.03188
2025-12-22 00:49:29,330 | INFO | Test - Points (EXACT): total_masked=96963 correct=58370 right_rate=60.1982%
2025-12-22 00:49:34,761 | INFO | - Epoch 079, ExpID 57928 best_epoch=76 improved=0
2025-12-22 00:49:34,762 | INFO | Train - Loss (last batch): 0.00243
2025-12-22 00:49:34,762 | INFO | Val - Loss, MSE, MAE: 0.00289, 0.00289, 0.03226
2025-12-22 00:49:34,762 | INFO | Test - Best epoch, Loss, MSE, MAE: 76, 0.00276, 0.00276, 0.03188
2025-12-22 00:49:34,762 | INFO | Test - Points (EXACT): total_masked=96963 correct=58370 right_rate=60.1982%
2025-12-22 00:49:40,164 | INFO | - Epoch 080, ExpID 57928 best_epoch=76 improved=0
2025-12-22 00:49:40,164 | INFO | Train - Loss (last batch): 0.00165
2025-12-22 00:49:40,164 | INFO | Val - Loss, MSE, MAE: 0.00295, 0.00295, 0.03277
2025-12-22 00:49:40,164 | INFO | Test - Best epoch, Loss, MSE, MAE: 76, 0.00276, 0.00276, 0.03188
2025-12-22 00:49:40,164 | INFO | Test - Points (EXACT): total_masked=96963 correct=58370 right_rate=60.1982%
2025-12-22 00:49:45,587 | INFO | - Epoch 081, ExpID 57928 best_epoch=76 improved=0
2025-12-22 00:49:45,587 | INFO | Train - Loss (last batch): 0.00263
2025-12-22 00:49:45,587 | INFO | Val - Loss, MSE, MAE: 0.00292, 0.00292, 0.03246
2025-12-22 00:49:45,587 | INFO | Test - Best epoch, Loss, MSE, MAE: 76, 0.00276, 0.00276, 0.03188
2025-12-22 00:49:45,588 | INFO | Test - Points (EXACT): total_masked=96963 correct=58370 right_rate=60.1982%
2025-12-22 00:49:50,999 | INFO | - Epoch 082, ExpID 57928 best_epoch=76 improved=0
2025-12-22 00:49:50,999 | INFO | Train - Loss (last batch): 0.00245
2025-12-22 00:49:50,999 | INFO | Val - Loss, MSE, MAE: 0.00293, 0.00293, 0.03268
2025-12-22 00:49:50,999 | INFO | Test - Best epoch, Loss, MSE, MAE: 76, 0.00276, 0.00276, 0.03188
2025-12-22 00:49:50,999 | INFO | Test - Points (EXACT): total_masked=96963 correct=58370 right_rate=60.1982%
2025-12-22 00:49:56,420 | INFO | - Epoch 083, ExpID 57928 best_epoch=76 improved=0
2025-12-22 00:49:56,420 | INFO | Train - Loss (last batch): 0.00316
2025-12-22 00:49:56,420 | INFO | Val - Loss, MSE, MAE: 0.00290, 0.00290, 0.03235
2025-12-22 00:49:56,420 | INFO | Test - Best epoch, Loss, MSE, MAE: 76, 0.00276, 0.00276, 0.03188
2025-12-22 00:49:56,420 | INFO | Test - Points (EXACT): total_masked=96963 correct=58370 right_rate=60.1982%
2025-12-22 00:50:02,443 | INFO | - Epoch 084, ExpID 57928 best_epoch=84 improved=1
2025-12-22 00:50:02,443 | INFO | Train - Loss (last batch): 0.00182
2025-12-22 00:50:02,443 | INFO | Val - Loss, MSE, MAE: 0.00288, 0.00288, 0.03204
2025-12-22 00:50:02,443 | INFO | Test - Best epoch, Loss, MSE, MAE: 84, 0.00275, 0.00275, 0.03182
2025-12-22 00:50:02,443 | INFO | Test - Points (EXACT): total_masked=96963 correct=58271 right_rate=60.0961%
2025-12-22 00:50:07,850 | INFO | - Epoch 085, ExpID 57928 best_epoch=84 improved=0
2025-12-22 00:50:07,850 | INFO | Train - Loss (last batch): 0.00230
2025-12-22 00:50:07,850 | INFO | Val - Loss, MSE, MAE: 0.00294, 0.00294, 0.03280
2025-12-22 00:50:07,850 | INFO | Test - Best epoch, Loss, MSE, MAE: 84, 0.00275, 0.00275, 0.03182
2025-12-22 00:50:07,850 | INFO | Test - Points (EXACT): total_masked=96963 correct=58271 right_rate=60.0961%
2025-12-22 00:50:13,266 | INFO | - Epoch 086, ExpID 57928 best_epoch=84 improved=0
2025-12-22 00:50:13,266 | INFO | Train - Loss (last batch): 0.00287
2025-12-22 00:50:13,266 | INFO | Val - Loss, MSE, MAE: 0.00290, 0.00290, 0.03214
2025-12-22 00:50:13,266 | INFO | Test - Best epoch, Loss, MSE, MAE: 84, 0.00275, 0.00275, 0.03182
2025-12-22 00:50:13,266 | INFO | Test - Points (EXACT): total_masked=96963 correct=58271 right_rate=60.0961%
2025-12-22 00:50:18,679 | INFO | - Epoch 087, ExpID 57928 best_epoch=84 improved=0
2025-12-22 00:50:18,679 | INFO | Train - Loss (last batch): 0.00232
2025-12-22 00:50:18,679 | INFO | Val - Loss, MSE, MAE: 0.00289, 0.00289, 0.03236
2025-12-22 00:50:18,679 | INFO | Test - Best epoch, Loss, MSE, MAE: 84, 0.00275, 0.00275, 0.03182
2025-12-22 00:50:18,679 | INFO | Test - Points (EXACT): total_masked=96963 correct=58271 right_rate=60.0961%
2025-12-22 00:50:24,081 | INFO | - Epoch 088, ExpID 57928 best_epoch=84 improved=0
2025-12-22 00:50:24,081 | INFO | Train - Loss (last batch): 0.00324
2025-12-22 00:50:24,081 | INFO | Val - Loss, MSE, MAE: 0.00289, 0.00289, 0.03221
2025-12-22 00:50:24,081 | INFO | Test - Best epoch, Loss, MSE, MAE: 84, 0.00275, 0.00275, 0.03182
2025-12-22 00:50:24,081 | INFO | Test - Points (EXACT): total_masked=96963 correct=58271 right_rate=60.0961%
2025-12-22 00:50:29,489 | INFO | - Epoch 089, ExpID 57928 best_epoch=84 improved=0
2025-12-22 00:50:29,490 | INFO | Train - Loss (last batch): 0.00294
2025-12-22 00:50:29,490 | INFO | Val - Loss, MSE, MAE: 0.00293, 0.00293, 0.03308
2025-12-22 00:50:29,490 | INFO | Test - Best epoch, Loss, MSE, MAE: 84, 0.00275, 0.00275, 0.03182
2025-12-22 00:50:29,490 | INFO | Test - Points (EXACT): total_masked=96963 correct=58271 right_rate=60.0961%
2025-12-22 00:50:34,888 | INFO | - Epoch 090, ExpID 57928 best_epoch=84 improved=0
2025-12-22 00:50:34,889 | INFO | Train - Loss (last batch): 0.00210
2025-12-22 00:50:34,889 | INFO | Val - Loss, MSE, MAE: 0.00290, 0.00290, 0.03221
2025-12-22 00:50:34,889 | INFO | Test - Best epoch, Loss, MSE, MAE: 84, 0.00275, 0.00275, 0.03182
2025-12-22 00:50:34,889 | INFO | Test - Points (EXACT): total_masked=96963 correct=58271 right_rate=60.0961%
2025-12-22 00:50:40,192 | INFO | - Epoch 091, ExpID 57928 best_epoch=84 improved=0
2025-12-22 00:50:40,192 | INFO | Train - Loss (last batch): 0.00195
2025-12-22 00:50:40,192 | INFO | Val - Loss, MSE, MAE: 0.00288, 0.00288, 0.03209
2025-12-22 00:50:40,192 | INFO | Test - Best epoch, Loss, MSE, MAE: 84, 0.00275, 0.00275, 0.03182
2025-12-22 00:50:40,192 | INFO | Test - Points (EXACT): total_masked=96963 correct=58271 right_rate=60.0961%
2025-12-22 00:50:45,620 | INFO | - Epoch 092, ExpID 57928 best_epoch=84 improved=0
2025-12-22 00:50:45,620 | INFO | Train - Loss (last batch): 0.00218
2025-12-22 00:50:45,620 | INFO | Val - Loss, MSE, MAE: 0.00290, 0.00290, 0.03232
2025-12-22 00:50:45,620 | INFO | Test - Best epoch, Loss, MSE, MAE: 84, 0.00275, 0.00275, 0.03182
2025-12-22 00:50:45,620 | INFO | Test - Points (EXACT): total_masked=96963 correct=58271 right_rate=60.0961%
2025-12-22 00:50:51,030 | INFO | - Epoch 093, ExpID 57928 best_epoch=84 improved=0
2025-12-22 00:50:51,030 | INFO | Train - Loss (last batch): 0.00284
2025-12-22 00:50:51,030 | INFO | Val - Loss, MSE, MAE: 0.00299, 0.00299, 0.03399
2025-12-22 00:50:51,030 | INFO | Test - Best epoch, Loss, MSE, MAE: 84, 0.00275, 0.00275, 0.03182
2025-12-22 00:50:51,030 | INFO | Test - Points (EXACT): total_masked=96963 correct=58271 right_rate=60.0961%
2025-12-22 00:50:56,450 | INFO | - Epoch 094, ExpID 57928 best_epoch=84 improved=0
2025-12-22 00:50:56,450 | INFO | Train - Loss (last batch): 0.00298
2025-12-22 00:50:56,450 | INFO | Val - Loss, MSE, MAE: 0.00288, 0.00288, 0.03214
2025-12-22 00:50:56,450 | INFO | Test - Best epoch, Loss, MSE, MAE: 84, 0.00275, 0.00275, 0.03182
2025-12-22 00:50:56,450 | INFO | Test - Points (EXACT): total_masked=96963 correct=58271 right_rate=60.0961%
2025-12-22 00:51:02,482 | INFO | - Epoch 095, ExpID 57928 best_epoch=95 improved=1
2025-12-22 00:51:02,482 | INFO | Train - Loss (last batch): 0.00239
2025-12-22 00:51:02,482 | INFO | Val - Loss, MSE, MAE: 0.00287, 0.00287, 0.03198
2025-12-22 00:51:02,482 | INFO | Test - Best epoch, Loss, MSE, MAE: 95, 0.00275, 0.00275, 0.03176
2025-12-22 00:51:02,482 | INFO | Test - Points (EXACT): total_masked=96963 correct=58312 right_rate=60.1384%
2025-12-22 00:51:07,896 | INFO | - Epoch 096, ExpID 57928 best_epoch=95 improved=0
2025-12-22 00:51:07,896 | INFO | Train - Loss (last batch): 0.00223
2025-12-22 00:51:07,896 | INFO | Val - Loss, MSE, MAE: 0.00288, 0.00288, 0.03217
2025-12-22 00:51:07,896 | INFO | Test - Best epoch, Loss, MSE, MAE: 95, 0.00275, 0.00275, 0.03176
2025-12-22 00:51:07,896 | INFO | Test - Points (EXACT): total_masked=96963 correct=58312 right_rate=60.1384%
2025-12-22 00:51:13,292 | INFO | - Epoch 097, ExpID 57928 best_epoch=95 improved=0
2025-12-22 00:51:13,292 | INFO | Train - Loss (last batch): 0.00250
2025-12-22 00:51:13,292 | INFO | Val - Loss, MSE, MAE: 0.00288, 0.00288, 0.03208
2025-12-22 00:51:13,292 | INFO | Test - Best epoch, Loss, MSE, MAE: 95, 0.00275, 0.00275, 0.03176
2025-12-22 00:51:13,292 | INFO | Test - Points (EXACT): total_masked=96963 correct=58312 right_rate=60.1384%
2025-12-22 00:51:19,314 | INFO | - Epoch 098, ExpID 57928 best_epoch=98 improved=1
2025-12-22 00:51:19,314 | INFO | Train - Loss (last batch): 0.00241
2025-12-22 00:51:19,314 | INFO | Val - Loss, MSE, MAE: 0.00287, 0.00287, 0.03199
2025-12-22 00:51:19,315 | INFO | Test - Best epoch, Loss, MSE, MAE: 98, 0.00275, 0.00275, 0.03177
2025-12-22 00:51:19,315 | INFO | Test - Points (EXACT): total_masked=96963 correct=58268 right_rate=60.0930%
2025-12-22 00:51:24,738 | INFO | - Epoch 099, ExpID 57928 best_epoch=98 improved=0
2025-12-22 00:51:24,738 | INFO | Train - Loss (last batch): 0.00316
2025-12-22 00:51:24,738 | INFO | Val - Loss, MSE, MAE: 0.00288, 0.00288, 0.03231
2025-12-22 00:51:24,738 | INFO | Test - Best epoch, Loss, MSE, MAE: 98, 0.00275, 0.00275, 0.03177
2025-12-22 00:51:24,738 | INFO | Test - Points (EXACT): total_masked=96963 correct=58268 right_rate=60.0930%
2025-12-22 00:51:30,747 | INFO | - Epoch 100, ExpID 57928 best_epoch=100 improved=1
2025-12-22 00:51:30,747 | INFO | Train - Loss (last batch): 0.00240
2025-12-22 00:51:30,747 | INFO | Val - Loss, MSE, MAE: 0.00287, 0.00287, 0.03203
2025-12-22 00:51:30,747 | INFO | Test - Best epoch, Loss, MSE, MAE: 100, 0.00275, 0.00275, 0.03186
2025-12-22 00:51:30,747 | INFO | Test - Points (EXACT): total_masked=96963 correct=58130 right_rate=59.9507%
2025-12-22 00:51:36,778 | INFO | - Epoch 101, ExpID 57928 best_epoch=101 improved=1
2025-12-22 00:51:36,778 | INFO | Train - Loss (last batch): 0.00244
2025-12-22 00:51:36,778 | INFO | Val - Loss, MSE, MAE: 0.00286, 0.00286, 0.03193
2025-12-22 00:51:36,778 | INFO | Test - Best epoch, Loss, MSE, MAE: 101, 0.00274, 0.00274, 0.03173
2025-12-22 00:51:36,778 | INFO | Test - Points (EXACT): total_masked=96963 correct=58261 right_rate=60.0858%
2025-12-22 00:51:42,178 | INFO | - Epoch 102, ExpID 57928 best_epoch=101 improved=0
2025-12-22 00:51:42,178 | INFO | Train - Loss (last batch): 0.00222
2025-12-22 00:51:42,178 | INFO | Val - Loss, MSE, MAE: 0.00286, 0.00286, 0.03198
2025-12-22 00:51:42,178 | INFO | Test - Best epoch, Loss, MSE, MAE: 101, 0.00274, 0.00274, 0.03173
2025-12-22 00:51:42,178 | INFO | Test - Points (EXACT): total_masked=96963 correct=58261 right_rate=60.0858%
2025-12-22 00:51:47,627 | INFO | - Epoch 103, ExpID 57928 best_epoch=101 improved=0
2025-12-22 00:51:47,627 | INFO | Train - Loss (last batch): 0.00250
2025-12-22 00:51:47,627 | INFO | Val - Loss, MSE, MAE: 0.00288, 0.00288, 0.03237
2025-12-22 00:51:47,628 | INFO | Test - Best epoch, Loss, MSE, MAE: 101, 0.00274, 0.00274, 0.03173
2025-12-22 00:51:47,628 | INFO | Test - Points (EXACT): total_masked=96963 correct=58261 right_rate=60.0858%
2025-12-22 00:51:53,055 | INFO | - Epoch 104, ExpID 57928 best_epoch=101 improved=0
2025-12-22 00:51:53,055 | INFO | Train - Loss (last batch): 0.00193
2025-12-22 00:51:53,055 | INFO | Val - Loss, MSE, MAE: 0.00287, 0.00287, 0.03200
2025-12-22 00:51:53,055 | INFO | Test - Best epoch, Loss, MSE, MAE: 101, 0.00274, 0.00274, 0.03173
2025-12-22 00:51:53,055 | INFO | Test - Points (EXACT): total_masked=96963 correct=58261 right_rate=60.0858%
2025-12-22 00:51:58,488 | INFO | - Epoch 105, ExpID 57928 best_epoch=101 improved=0
2025-12-22 00:51:58,488 | INFO | Train - Loss (last batch): 0.00185
2025-12-22 00:51:58,488 | INFO | Val - Loss, MSE, MAE: 0.00287, 0.00287, 0.03200
2025-12-22 00:51:58,488 | INFO | Test - Best epoch, Loss, MSE, MAE: 101, 0.00274, 0.00274, 0.03173
2025-12-22 00:51:58,488 | INFO | Test - Points (EXACT): total_masked=96963 correct=58261 right_rate=60.0858%
2025-12-22 00:52:03,912 | INFO | - Epoch 106, ExpID 57928 best_epoch=101 improved=0
2025-12-22 00:52:03,912 | INFO | Train - Loss (last batch): 0.00198
2025-12-22 00:52:03,912 | INFO | Val - Loss, MSE, MAE: 0.00287, 0.00287, 0.03196
2025-12-22 00:52:03,912 | INFO | Test - Best epoch, Loss, MSE, MAE: 101, 0.00274, 0.00274, 0.03173
2025-12-22 00:52:03,912 | INFO | Test - Points (EXACT): total_masked=96963 correct=58261 right_rate=60.0858%
2025-12-22 00:52:09,317 | INFO | - Epoch 107, ExpID 57928 best_epoch=101 improved=0
2025-12-22 00:52:09,317 | INFO | Train - Loss (last batch): 0.00293
2025-12-22 00:52:09,317 | INFO | Val - Loss, MSE, MAE: 0.00287, 0.00287, 0.03197
2025-12-22 00:52:09,317 | INFO | Test - Best epoch, Loss, MSE, MAE: 101, 0.00274, 0.00274, 0.03173
2025-12-22 00:52:09,317 | INFO | Test - Points (EXACT): total_masked=96963 correct=58261 right_rate=60.0858%
2025-12-22 00:52:14,734 | INFO | - Epoch 108, ExpID 57928 best_epoch=101 improved=0
2025-12-22 00:52:14,734 | INFO | Train - Loss (last batch): 0.00217
2025-12-22 00:52:14,734 | INFO | Val - Loss, MSE, MAE: 0.00287, 0.00287, 0.03218
2025-12-22 00:52:14,734 | INFO | Test - Best epoch, Loss, MSE, MAE: 101, 0.00274, 0.00274, 0.03173
2025-12-22 00:52:14,734 | INFO | Test - Points (EXACT): total_masked=96963 correct=58261 right_rate=60.0858%
2025-12-22 00:52:20,745 | INFO | - Epoch 109, ExpID 57928 best_epoch=109 improved=1
2025-12-22 00:52:20,745 | INFO | Train - Loss (last batch): 0.00182
2025-12-22 00:52:20,745 | INFO | Val - Loss, MSE, MAE: 0.00286, 0.00286, 0.03196
2025-12-22 00:52:20,745 | INFO | Test - Best epoch, Loss, MSE, MAE: 109, 0.00274, 0.00274, 0.03176
2025-12-22 00:52:20,745 | INFO | Test - Points (EXACT): total_masked=96963 correct=58299 right_rate=60.1250%
2025-12-22 00:52:26,753 | INFO | - Epoch 110, ExpID 57928 best_epoch=110 improved=1
2025-12-22 00:52:26,753 | INFO | Train - Loss (last batch): 0.00174
2025-12-22 00:52:26,753 | INFO | Val - Loss, MSE, MAE: 0.00286, 0.00286, 0.03202
2025-12-22 00:52:26,753 | INFO | Test - Best epoch, Loss, MSE, MAE: 110, 0.00274, 0.00274, 0.03182
2025-12-22 00:52:26,753 | INFO | Test - Points (EXACT): total_masked=96963 correct=58186 right_rate=60.0085%
2025-12-22 00:52:32,163 | INFO | - Epoch 111, ExpID 57928 best_epoch=110 improved=0
2025-12-22 00:52:32,163 | INFO | Train - Loss (last batch): 0.00238
2025-12-22 00:52:32,163 | INFO | Val - Loss, MSE, MAE: 0.00295, 0.00295, 0.03347
2025-12-22 00:52:32,163 | INFO | Test - Best epoch, Loss, MSE, MAE: 110, 0.00274, 0.00274, 0.03182
2025-12-22 00:52:32,163 | INFO | Test - Points (EXACT): total_masked=96963 correct=58186 right_rate=60.0085%
2025-12-22 00:52:37,597 | INFO | - Epoch 112, ExpID 57928 best_epoch=110 improved=0
2025-12-22 00:52:37,597 | INFO | Train - Loss (last batch): 0.00236
2025-12-22 00:52:37,597 | INFO | Val - Loss, MSE, MAE: 0.00291, 0.00291, 0.03304
2025-12-22 00:52:37,597 | INFO | Test - Best epoch, Loss, MSE, MAE: 110, 0.00274, 0.00274, 0.03182
2025-12-22 00:52:37,597 | INFO | Test - Points (EXACT): total_masked=96963 correct=58186 right_rate=60.0085%
2025-12-22 00:52:43,027 | INFO | - Epoch 113, ExpID 57928 best_epoch=110 improved=0
2025-12-22 00:52:43,027 | INFO | Train - Loss (last batch): 0.00273
2025-12-22 00:52:43,027 | INFO | Val - Loss, MSE, MAE: 0.00287, 0.00287, 0.03202
2025-12-22 00:52:43,028 | INFO | Test - Best epoch, Loss, MSE, MAE: 110, 0.00274, 0.00274, 0.03182
2025-12-22 00:52:43,028 | INFO | Test - Points (EXACT): total_masked=96963 correct=58186 right_rate=60.0085%
2025-12-22 00:52:49,045 | INFO | - Epoch 114, ExpID 57928 best_epoch=114 improved=1
2025-12-22 00:52:49,045 | INFO | Train - Loss (last batch): 0.00348
2025-12-22 00:52:49,045 | INFO | Val - Loss, MSE, MAE: 0.00285, 0.00285, 0.03183
2025-12-22 00:52:49,045 | INFO | Test - Best epoch, Loss, MSE, MAE: 114, 0.00273, 0.00273, 0.03164
2025-12-22 00:52:49,045 | INFO | Test - Points (EXACT): total_masked=96963 correct=58500 right_rate=60.3323%
2025-12-22 00:52:54,468 | INFO | - Epoch 115, ExpID 57928 best_epoch=114 improved=0
2025-12-22 00:52:54,469 | INFO | Train - Loss (last batch): 0.00284
2025-12-22 00:52:54,469 | INFO | Val - Loss, MSE, MAE: 0.00286, 0.00286, 0.03193
2025-12-22 00:52:54,469 | INFO | Test - Best epoch, Loss, MSE, MAE: 114, 0.00273, 0.00273, 0.03164
2025-12-22 00:52:54,469 | INFO | Test - Points (EXACT): total_masked=96963 correct=58500 right_rate=60.3323%
2025-12-22 00:52:59,895 | INFO | - Epoch 116, ExpID 57928 best_epoch=114 improved=0
2025-12-22 00:52:59,895 | INFO | Train - Loss (last batch): 0.00150
2025-12-22 00:52:59,895 | INFO | Val - Loss, MSE, MAE: 0.00286, 0.00286, 0.03195
2025-12-22 00:52:59,895 | INFO | Test - Best epoch, Loss, MSE, MAE: 114, 0.00273, 0.00273, 0.03164
2025-12-22 00:52:59,895 | INFO | Test - Points (EXACT): total_masked=96963 correct=58500 right_rate=60.3323%
2025-12-22 00:53:05,325 | INFO | - Epoch 117, ExpID 57928 best_epoch=114 improved=0
2025-12-22 00:53:05,325 | INFO | Train - Loss (last batch): 0.00292
2025-12-22 00:53:05,325 | INFO | Val - Loss, MSE, MAE: 0.00287, 0.00287, 0.03241
2025-12-22 00:53:05,325 | INFO | Test - Best epoch, Loss, MSE, MAE: 114, 0.00273, 0.00273, 0.03164
2025-12-22 00:53:05,325 | INFO | Test - Points (EXACT): total_masked=96963 correct=58500 right_rate=60.3323%
2025-12-22 00:53:11,334 | INFO | - Epoch 118, ExpID 57928 best_epoch=118 improved=1
2025-12-22 00:53:11,334 | INFO | Train - Loss (last batch): 0.00276
2025-12-22 00:53:11,334 | INFO | Val - Loss, MSE, MAE: 0.00285, 0.00285, 0.03190
2025-12-22 00:53:11,334 | INFO | Test - Best epoch, Loss, MSE, MAE: 118, 0.00273, 0.00273, 0.03171
2025-12-22 00:53:11,334 | INFO | Test - Points (EXACT): total_masked=96963 correct=58294 right_rate=60.1198%
2025-12-22 00:53:16,739 | INFO | - Epoch 119, ExpID 57928 best_epoch=118 improved=0
2025-12-22 00:53:16,739 | INFO | Train - Loss (last batch): 0.00278
2025-12-22 00:53:16,739 | INFO | Val - Loss, MSE, MAE: 0.00290, 0.00290, 0.03279
2025-12-22 00:53:16,739 | INFO | Test - Best epoch, Loss, MSE, MAE: 118, 0.00273, 0.00273, 0.03171
2025-12-22 00:53:16,739 | INFO | Test - Points (EXACT): total_masked=96963 correct=58294 right_rate=60.1198%
2025-12-22 00:53:22,208 | INFO | - Epoch 120, ExpID 57928 best_epoch=118 improved=0
2025-12-22 00:53:22,208 | INFO | Train - Loss (last batch): 0.00222
2025-12-22 00:53:22,208 | INFO | Val - Loss, MSE, MAE: 0.00288, 0.00288, 0.03255
2025-12-22 00:53:22,208 | INFO | Test - Best epoch, Loss, MSE, MAE: 118, 0.00273, 0.00273, 0.03171
2025-12-22 00:53:22,208 | INFO | Test - Points (EXACT): total_masked=96963 correct=58294 right_rate=60.1198%
2025-12-22 00:53:27,631 | INFO | - Epoch 121, ExpID 57928 best_epoch=118 improved=0
2025-12-22 00:53:27,632 | INFO | Train - Loss (last batch): 0.00170
2025-12-22 00:53:27,632 | INFO | Val - Loss, MSE, MAE: 0.00286, 0.00286, 0.03222
2025-12-22 00:53:27,632 | INFO | Test - Best epoch, Loss, MSE, MAE: 118, 0.00273, 0.00273, 0.03171
2025-12-22 00:53:27,632 | INFO | Test - Points (EXACT): total_masked=96963 correct=58294 right_rate=60.1198%
2025-12-22 00:53:33,029 | INFO | - Epoch 122, ExpID 57928 best_epoch=118 improved=0
2025-12-22 00:53:33,029 | INFO | Train - Loss (last batch): 0.00199
2025-12-22 00:53:33,029 | INFO | Val - Loss, MSE, MAE: 0.00286, 0.00286, 0.03198
2025-12-22 00:53:33,029 | INFO | Test - Best epoch, Loss, MSE, MAE: 118, 0.00273, 0.00273, 0.03171
2025-12-22 00:53:33,029 | INFO | Test - Points (EXACT): total_masked=96963 correct=58294 right_rate=60.1198%
2025-12-22 00:53:39,041 | INFO | - Epoch 123, ExpID 57928 best_epoch=123 improved=1
2025-12-22 00:53:39,041 | INFO | Train - Loss (last batch): 0.00196
2025-12-22 00:53:39,041 | INFO | Val - Loss, MSE, MAE: 0.00284, 0.00284, 0.03185
2025-12-22 00:53:39,041 | INFO | Test - Best epoch, Loss, MSE, MAE: 123, 0.00272, 0.00272, 0.03171
2025-12-22 00:53:39,041 | INFO | Test - Points (EXACT): total_masked=96963 correct=58345 right_rate=60.1724%
2025-12-22 00:53:45,043 | INFO | - Epoch 124, ExpID 57928 best_epoch=124 improved=1
2025-12-22 00:53:45,043 | INFO | Train - Loss (last batch): 0.00229
2025-12-22 00:53:45,043 | INFO | Val - Loss, MSE, MAE: 0.00284, 0.00284, 0.03182
2025-12-22 00:53:45,043 | INFO | Test - Best epoch, Loss, MSE, MAE: 124, 0.00272, 0.00272, 0.03165
2025-12-22 00:53:45,044 | INFO | Test - Points (EXACT): total_masked=96963 correct=58380 right_rate=60.2085%
2025-12-22 00:53:50,477 | INFO | - Epoch 125, ExpID 57928 best_epoch=124 improved=0
2025-12-22 00:53:50,477 | INFO | Train - Loss (last batch): 0.00262
2025-12-22 00:53:50,477 | INFO | Val - Loss, MSE, MAE: 0.00285, 0.00285, 0.03178
2025-12-22 00:53:50,477 | INFO | Test - Best epoch, Loss, MSE, MAE: 124, 0.00272, 0.00272, 0.03165
2025-12-22 00:53:50,477 | INFO | Test - Points (EXACT): total_masked=96963 correct=58380 right_rate=60.2085%
2025-12-22 00:53:55,878 | INFO | - Epoch 126, ExpID 57928 best_epoch=124 improved=0
2025-12-22 00:53:55,878 | INFO | Train - Loss (last batch): 0.00327
2025-12-22 00:53:55,878 | INFO | Val - Loss, MSE, MAE: 0.00284, 0.00284, 0.03184
2025-12-22 00:53:55,878 | INFO | Test - Best epoch, Loss, MSE, MAE: 124, 0.00272, 0.00272, 0.03165
2025-12-22 00:53:55,878 | INFO | Test - Points (EXACT): total_masked=96963 correct=58380 right_rate=60.2085%
2025-12-22 00:54:01,293 | INFO | - Epoch 127, ExpID 57928 best_epoch=124 improved=0
2025-12-22 00:54:01,293 | INFO | Train - Loss (last batch): 0.00283
2025-12-22 00:54:01,293 | INFO | Val - Loss, MSE, MAE: 0.00285, 0.00285, 0.03197
2025-12-22 00:54:01,293 | INFO | Test - Best epoch, Loss, MSE, MAE: 124, 0.00272, 0.00272, 0.03165
2025-12-22 00:54:01,293 | INFO | Test - Points (EXACT): total_masked=96963 correct=58380 right_rate=60.2085%
2025-12-22 00:54:06,707 | INFO | - Epoch 128, ExpID 57928 best_epoch=124 improved=0
2025-12-22 00:54:06,707 | INFO | Train - Loss (last batch): 0.00148
2025-12-22 00:54:06,707 | INFO | Val - Loss, MSE, MAE: 0.00286, 0.00286, 0.03196
2025-12-22 00:54:06,707 | INFO | Test - Best epoch, Loss, MSE, MAE: 124, 0.00272, 0.00272, 0.03165
2025-12-22 00:54:06,707 | INFO | Test - Points (EXACT): total_masked=96963 correct=58380 right_rate=60.2085%
2025-12-22 00:54:12,110 | INFO | - Epoch 129, ExpID 57928 best_epoch=124 improved=0
2025-12-22 00:54:12,111 | INFO | Train - Loss (last batch): 0.00285
2025-12-22 00:54:12,111 | INFO | Val - Loss, MSE, MAE: 0.00285, 0.00285, 0.03201
2025-12-22 00:54:12,111 | INFO | Test - Best epoch, Loss, MSE, MAE: 124, 0.00272, 0.00272, 0.03165
2025-12-22 00:54:12,111 | INFO | Test - Points (EXACT): total_masked=96963 correct=58380 right_rate=60.2085%
2025-12-22 00:54:17,525 | INFO | - Epoch 130, ExpID 57928 best_epoch=124 improved=0
2025-12-22 00:54:17,525 | INFO | Train - Loss (last batch): 0.00236
2025-12-22 00:54:17,525 | INFO | Val - Loss, MSE, MAE: 0.00285, 0.00285, 0.03183
2025-12-22 00:54:17,525 | INFO | Test - Best epoch, Loss, MSE, MAE: 124, 0.00272, 0.00272, 0.03165
2025-12-22 00:54:17,525 | INFO | Test - Points (EXACT): total_masked=96963 correct=58380 right_rate=60.2085%
2025-12-22 00:54:22,927 | INFO | - Epoch 131, ExpID 57928 best_epoch=124 improved=0
2025-12-22 00:54:22,927 | INFO | Train - Loss (last batch): 0.00148
2025-12-22 00:54:22,927 | INFO | Val - Loss, MSE, MAE: 0.00289, 0.00289, 0.03234
2025-12-22 00:54:22,928 | INFO | Test - Best epoch, Loss, MSE, MAE: 124, 0.00272, 0.00272, 0.03165
2025-12-22 00:54:22,928 | INFO | Test - Points (EXACT): total_masked=96963 correct=58380 right_rate=60.2085%
2025-12-22 00:54:28,335 | INFO | - Epoch 132, ExpID 57928 best_epoch=124 improved=0
2025-12-22 00:54:28,335 | INFO | Train - Loss (last batch): 0.00237
2025-12-22 00:54:28,335 | INFO | Val - Loss, MSE, MAE: 0.00284, 0.00284, 0.03184
2025-12-22 00:54:28,335 | INFO | Test - Best epoch, Loss, MSE, MAE: 124, 0.00272, 0.00272, 0.03165
2025-12-22 00:54:28,335 | INFO | Test - Points (EXACT): total_masked=96963 correct=58380 right_rate=60.2085%
2025-12-22 00:54:33,747 | INFO | - Epoch 133, ExpID 57928 best_epoch=124 improved=0
2025-12-22 00:54:33,747 | INFO | Train - Loss (last batch): 0.00257
2025-12-22 00:54:33,747 | INFO | Val - Loss, MSE, MAE: 0.00284, 0.00284, 0.03183
2025-12-22 00:54:33,747 | INFO | Test - Best epoch, Loss, MSE, MAE: 124, 0.00272, 0.00272, 0.03165
2025-12-22 00:54:33,747 | INFO | Test - Points (EXACT): total_masked=96963 correct=58380 right_rate=60.2085%
2025-12-22 00:54:39,157 | INFO | - Epoch 134, ExpID 57928 best_epoch=124 improved=0
2025-12-22 00:54:39,157 | INFO | Train - Loss (last batch): 0.00281
2025-12-22 00:54:39,157 | INFO | Val - Loss, MSE, MAE: 0.00285, 0.00285, 0.03194
2025-12-22 00:54:39,157 | INFO | Test - Best epoch, Loss, MSE, MAE: 124, 0.00272, 0.00272, 0.03165
2025-12-22 00:54:39,157 | INFO | Test - Points (EXACT): total_masked=96963 correct=58380 right_rate=60.2085%
2025-12-22 00:54:44,553 | INFO | - Epoch 135, ExpID 57928 best_epoch=124 improved=0
2025-12-22 00:54:44,553 | INFO | Train - Loss (last batch): 0.00256
2025-12-22 00:54:44,553 | INFO | Val - Loss, MSE, MAE: 0.00284, 0.00284, 0.03195
2025-12-22 00:54:44,553 | INFO | Test - Best epoch, Loss, MSE, MAE: 124, 0.00272, 0.00272, 0.03165
2025-12-22 00:54:44,553 | INFO | Test - Points (EXACT): total_masked=96963 correct=58380 right_rate=60.2085%
2025-12-22 00:54:49,960 | INFO | - Epoch 136, ExpID 57928 best_epoch=124 improved=0
2025-12-22 00:54:49,961 | INFO | Train - Loss (last batch): 0.00269
2025-12-22 00:54:49,961 | INFO | Val - Loss, MSE, MAE: 0.00285, 0.00285, 0.03186
2025-12-22 00:54:49,961 | INFO | Test - Best epoch, Loss, MSE, MAE: 124, 0.00272, 0.00272, 0.03165
2025-12-22 00:54:49,961 | INFO | Test - Points (EXACT): total_masked=96963 correct=58380 right_rate=60.2085%
2025-12-22 00:54:55,605 | INFO | - Epoch 137, ExpID 57928 best_epoch=124 improved=0
2025-12-22 00:54:55,605 | INFO | Train - Loss (last batch): 0.00302
2025-12-22 00:54:55,605 | INFO | Val - Loss, MSE, MAE: 0.00285, 0.00285, 0.03198
2025-12-22 00:54:55,605 | INFO | Test - Best epoch, Loss, MSE, MAE: 124, 0.00272, 0.00272, 0.03165
2025-12-22 00:54:55,605 | INFO | Test - Points (EXACT): total_masked=96963 correct=58380 right_rate=60.2085%
2025-12-22 00:55:00,995 | INFO | - Epoch 138, ExpID 57928 best_epoch=124 improved=0
2025-12-22 00:55:00,995 | INFO | Train - Loss (last batch): 0.00183
2025-12-22 00:55:00,995 | INFO | Val - Loss, MSE, MAE: 0.00284, 0.00284, 0.03179
2025-12-22 00:55:00,995 | INFO | Test - Best epoch, Loss, MSE, MAE: 124, 0.00272, 0.00272, 0.03165
2025-12-22 00:55:00,995 | INFO | Test - Points (EXACT): total_masked=96963 correct=58380 right_rate=60.2085%
2025-12-22 00:55:06,399 | INFO | - Epoch 139, ExpID 57928 best_epoch=124 improved=0
2025-12-22 00:55:06,400 | INFO | Train - Loss (last batch): 0.00210
2025-12-22 00:55:06,400 | INFO | Val - Loss, MSE, MAE: 0.00284, 0.00284, 0.03170
2025-12-22 00:55:06,400 | INFO | Test - Best epoch, Loss, MSE, MAE: 124, 0.00272, 0.00272, 0.03165
2025-12-22 00:55:06,400 | INFO | Test - Points (EXACT): total_masked=96963 correct=58380 right_rate=60.2085%
2025-12-22 00:55:11,813 | INFO | - Epoch 140, ExpID 57928 best_epoch=124 improved=0
2025-12-22 00:55:11,814 | INFO | Train - Loss (last batch): 0.00236
2025-12-22 00:55:11,814 | INFO | Val - Loss, MSE, MAE: 0.00285, 0.00285, 0.03195
2025-12-22 00:55:11,814 | INFO | Test - Best epoch, Loss, MSE, MAE: 124, 0.00272, 0.00272, 0.03165
2025-12-22 00:55:11,814 | INFO | Test - Points (EXACT): total_masked=96963 correct=58380 right_rate=60.2085%
2025-12-22 00:55:17,217 | INFO | - Epoch 141, ExpID 57928 best_epoch=124 improved=0
2025-12-22 00:55:17,217 | INFO | Train - Loss (last batch): 0.00227
2025-12-22 00:55:17,217 | INFO | Val - Loss, MSE, MAE: 0.00285, 0.00285, 0.03194
2025-12-22 00:55:17,217 | INFO | Test - Best epoch, Loss, MSE, MAE: 124, 0.00272, 0.00272, 0.03165
2025-12-22 00:55:17,218 | INFO | Test - Points (EXACT): total_masked=96963 correct=58380 right_rate=60.2085%
2025-12-22 00:55:22,634 | INFO | - Epoch 142, ExpID 57928 best_epoch=124 improved=0
2025-12-22 00:55:22,634 | INFO | Train - Loss (last batch): 0.00263
2025-12-22 00:55:22,635 | INFO | Val - Loss, MSE, MAE: 0.00286, 0.00286, 0.03211
2025-12-22 00:55:22,635 | INFO | Test - Best epoch, Loss, MSE, MAE: 124, 0.00272, 0.00272, 0.03165
2025-12-22 00:55:22,635 | INFO | Test - Points (EXACT): total_masked=96963 correct=58380 right_rate=60.2085%
2025-12-22 00:55:28,046 | INFO | - Epoch 143, ExpID 57928 best_epoch=124 improved=0
2025-12-22 00:55:28,046 | INFO | Train - Loss (last batch): 0.00245
2025-12-22 00:55:28,046 | INFO | Val - Loss, MSE, MAE: 0.00284, 0.00284, 0.03192
2025-12-22 00:55:28,046 | INFO | Test - Best epoch, Loss, MSE, MAE: 124, 0.00272, 0.00272, 0.03165
2025-12-22 00:55:28,046 | INFO | Test - Points (EXACT): total_masked=96963 correct=58380 right_rate=60.2085%
2025-12-22 00:55:34,062 | INFO | - Epoch 144, ExpID 57928 best_epoch=144 improved=1
2025-12-22 00:55:34,062 | INFO | Train - Loss (last batch): 0.00300
2025-12-22 00:55:34,062 | INFO | Val - Loss, MSE, MAE: 0.00284, 0.00284, 0.03177
2025-12-22 00:55:34,062 | INFO | Test - Best epoch, Loss, MSE, MAE: 144, 0.00272, 0.00272, 0.03156
2025-12-22 00:55:34,062 | INFO | Test - Points (EXACT): total_masked=96963 correct=58555 right_rate=60.3890%
2025-12-22 00:55:40,089 | INFO | - Epoch 145, ExpID 57928 best_epoch=145 improved=1
2025-12-22 00:55:40,089 | INFO | Train - Loss (last batch): 0.00246
2025-12-22 00:55:40,090 | INFO | Val - Loss, MSE, MAE: 0.00283, 0.00283, 0.03173
2025-12-22 00:55:40,090 | INFO | Test - Best epoch, Loss, MSE, MAE: 145, 0.00271, 0.00271, 0.03156
2025-12-22 00:55:40,090 | INFO | Test - Points (EXACT): total_masked=96963 correct=58523 right_rate=60.3560%
2025-12-22 00:55:45,507 | INFO | - Epoch 146, ExpID 57928 best_epoch=145 improved=0
2025-12-22 00:55:45,507 | INFO | Train - Loss (last batch): 0.00282
2025-12-22 00:55:45,507 | INFO | Val - Loss, MSE, MAE: 0.00284, 0.00284, 0.03181
2025-12-22 00:55:45,507 | INFO | Test - Best epoch, Loss, MSE, MAE: 145, 0.00271, 0.00271, 0.03156
2025-12-22 00:55:45,507 | INFO | Test - Points (EXACT): total_masked=96963 correct=58523 right_rate=60.3560%
2025-12-22 00:55:50,934 | INFO | - Epoch 147, ExpID 57928 best_epoch=145 improved=0
2025-12-22 00:55:50,934 | INFO | Train - Loss (last batch): 0.00169
2025-12-22 00:55:50,935 | INFO | Val - Loss, MSE, MAE: 0.00284, 0.00284, 0.03181
2025-12-22 00:55:50,935 | INFO | Test - Best epoch, Loss, MSE, MAE: 145, 0.00271, 0.00271, 0.03156
2025-12-22 00:55:50,935 | INFO | Test - Points (EXACT): total_masked=96963 correct=58523 right_rate=60.3560%
2025-12-22 00:55:56,355 | INFO | - Epoch 148, ExpID 57928 best_epoch=145 improved=0
2025-12-22 00:55:56,355 | INFO | Train - Loss (last batch): 0.00231
2025-12-22 00:55:56,355 | INFO | Val - Loss, MSE, MAE: 0.00283, 0.00283, 0.03176
2025-12-22 00:55:56,355 | INFO | Test - Best epoch, Loss, MSE, MAE: 145, 0.00271, 0.00271, 0.03156
2025-12-22 00:55:56,355 | INFO | Test - Points (EXACT): total_masked=96963 correct=58523 right_rate=60.3560%
2025-12-22 00:56:01,732 | INFO | - Epoch 149, ExpID 57928 best_epoch=145 improved=0
2025-12-22 00:56:01,732 | INFO | Train - Loss (last batch): 0.00238
2025-12-22 00:56:01,732 | INFO | Val - Loss, MSE, MAE: 0.00283, 0.00283, 0.03174
2025-12-22 00:56:01,732 | INFO | Test - Best epoch, Loss, MSE, MAE: 145, 0.00271, 0.00271, 0.03156
2025-12-22 00:56:01,732 | INFO | Test - Points (EXACT): total_masked=96963 correct=58523 right_rate=60.3560%
2025-12-22 00:56:07,171 | INFO | - Epoch 150, ExpID 57928 best_epoch=145 improved=0
2025-12-22 00:56:07,171 | INFO | Train - Loss (last batch): 0.00181
2025-12-22 00:56:07,171 | INFO | Val - Loss, MSE, MAE: 0.00283, 0.00283, 0.03179
2025-12-22 00:56:07,171 | INFO | Test - Best epoch, Loss, MSE, MAE: 145, 0.00271, 0.00271, 0.03156
2025-12-22 00:56:07,171 | INFO | Test - Points (EXACT): total_masked=96963 correct=58523 right_rate=60.3560%
2025-12-22 00:56:12,570 | INFO | - Epoch 151, ExpID 57928 best_epoch=145 improved=0
2025-12-22 00:56:12,570 | INFO | Train - Loss (last batch): 0.00211
2025-12-22 00:56:12,570 | INFO | Val - Loss, MSE, MAE: 0.00284, 0.00284, 0.03175
2025-12-22 00:56:12,571 | INFO | Test - Best epoch, Loss, MSE, MAE: 145, 0.00271, 0.00271, 0.03156
2025-12-22 00:56:12,571 | INFO | Test - Points (EXACT): total_masked=96963 correct=58523 right_rate=60.3560%
2025-12-22 00:56:17,972 | INFO | - Epoch 152, ExpID 57928 best_epoch=145 improved=0
2025-12-22 00:56:17,972 | INFO | Train - Loss (last batch): 0.00268
2025-12-22 00:56:17,972 | INFO | Val - Loss, MSE, MAE: 0.00284, 0.00284, 0.03178
2025-12-22 00:56:17,972 | INFO | Test - Best epoch, Loss, MSE, MAE: 145, 0.00271, 0.00271, 0.03156
2025-12-22 00:56:17,972 | INFO | Test - Points (EXACT): total_masked=96963 correct=58523 right_rate=60.3560%
2025-12-22 00:56:23,391 | INFO | - Epoch 153, ExpID 57928 best_epoch=145 improved=0
2025-12-22 00:56:23,391 | INFO | Train - Loss (last batch): 0.00214
2025-12-22 00:56:23,391 | INFO | Val - Loss, MSE, MAE: 0.00284, 0.00284, 0.03178
2025-12-22 00:56:23,391 | INFO | Test - Best epoch, Loss, MSE, MAE: 145, 0.00271, 0.00271, 0.03156
2025-12-22 00:56:23,391 | INFO | Test - Points (EXACT): total_masked=96963 correct=58523 right_rate=60.3560%
2025-12-22 00:56:28,796 | INFO | - Epoch 154, ExpID 57928 best_epoch=145 improved=0
2025-12-22 00:56:28,796 | INFO | Train - Loss (last batch): 0.00292
2025-12-22 00:56:28,796 | INFO | Val - Loss, MSE, MAE: 0.00284, 0.00284, 0.03190
2025-12-22 00:56:28,796 | INFO | Test - Best epoch, Loss, MSE, MAE: 145, 0.00271, 0.00271, 0.03156
2025-12-22 00:56:28,796 | INFO | Test - Points (EXACT): total_masked=96963 correct=58523 right_rate=60.3560%
2025-12-22 00:56:34,216 | INFO | - Epoch 155, ExpID 57928 best_epoch=145 improved=0
2025-12-22 00:56:34,217 | INFO | Train - Loss (last batch): 0.00174
2025-12-22 00:56:34,217 | INFO | Val - Loss, MSE, MAE: 0.00283, 0.00283, 0.03177
2025-12-22 00:56:34,217 | INFO | Test - Best epoch, Loss, MSE, MAE: 145, 0.00271, 0.00271, 0.03156
2025-12-22 00:56:34,217 | INFO | Test - Points (EXACT): total_masked=96963 correct=58523 right_rate=60.3560%
2025-12-22 00:56:39,569 | INFO | - Epoch 156, ExpID 57928 best_epoch=145 improved=0
2025-12-22 00:56:39,569 | INFO | Train - Loss (last batch): 0.00240
2025-12-22 00:56:39,569 | INFO | Val - Loss, MSE, MAE: 0.00284, 0.00284, 0.03185
2025-12-22 00:56:39,569 | INFO | Test - Best epoch, Loss, MSE, MAE: 145, 0.00271, 0.00271, 0.03156
2025-12-22 00:56:39,569 | INFO | Test - Points (EXACT): total_masked=96963 correct=58523 right_rate=60.3560%
2025-12-22 00:56:44,937 | INFO | - Epoch 157, ExpID 57928 best_epoch=145 improved=0
2025-12-22 00:56:44,937 | INFO | Train - Loss (last batch): 0.00269
2025-12-22 00:56:44,937 | INFO | Val - Loss, MSE, MAE: 0.00284, 0.00284, 0.03182
2025-12-22 00:56:44,937 | INFO | Test - Best epoch, Loss, MSE, MAE: 145, 0.00271, 0.00271, 0.03156
2025-12-22 00:56:44,937 | INFO | Test - Points (EXACT): total_masked=96963 correct=58523 right_rate=60.3560%
2025-12-22 00:56:50,313 | INFO | - Epoch 158, ExpID 57928 best_epoch=145 improved=0
2025-12-22 00:56:50,313 | INFO | Train - Loss (last batch): 0.00181
2025-12-22 00:56:50,313 | INFO | Val - Loss, MSE, MAE: 0.00283, 0.00283, 0.03176
2025-12-22 00:56:50,313 | INFO | Test - Best epoch, Loss, MSE, MAE: 145, 0.00271, 0.00271, 0.03156
2025-12-22 00:56:50,313 | INFO | Test - Points (EXACT): total_masked=96963 correct=58523 right_rate=60.3560%
2025-12-22 00:56:55,673 | INFO | - Epoch 159, ExpID 57928 best_epoch=145 improved=0
2025-12-22 00:56:55,673 | INFO | Train - Loss (last batch): 0.00246
2025-12-22 00:56:55,674 | INFO | Val - Loss, MSE, MAE: 0.00284, 0.00284, 0.03178
2025-12-22 00:56:55,674 | INFO | Test - Best epoch, Loss, MSE, MAE: 145, 0.00271, 0.00271, 0.03156
2025-12-22 00:56:55,674 | INFO | Test - Points (EXACT): total_masked=96963 correct=58523 right_rate=60.3560%
2025-12-22 00:57:01,028 | INFO | - Epoch 160, ExpID 57928 best_epoch=145 improved=0
2025-12-22 00:57:01,028 | INFO | Train - Loss (last batch): 0.00296
2025-12-22 00:57:01,028 | INFO | Val - Loss, MSE, MAE: 0.00283, 0.00283, 0.03175
2025-12-22 00:57:01,028 | INFO | Test - Best epoch, Loss, MSE, MAE: 145, 0.00271, 0.00271, 0.03156
2025-12-22 00:57:01,028 | INFO | Test - Points (EXACT): total_masked=96963 correct=58523 right_rate=60.3560%
2025-12-22 00:57:06,979 | INFO | - Epoch 161, ExpID 57928 best_epoch=161 improved=1
2025-12-22 00:57:06,979 | INFO | Train - Loss (last batch): 0.00296
2025-12-22 00:57:06,980 | INFO | Val - Loss, MSE, MAE: 0.00283, 0.00283, 0.03172
2025-12-22 00:57:06,980 | INFO | Test - Best epoch, Loss, MSE, MAE: 161, 0.00271, 0.00271, 0.03155
2025-12-22 00:57:06,980 | INFO | Test - Points (EXACT): total_masked=96963 correct=58520 right_rate=60.3529%
2025-12-22 00:57:12,332 | INFO | - Epoch 162, ExpID 57928 best_epoch=161 improved=0
2025-12-22 00:57:12,332 | INFO | Train - Loss (last batch): 0.00206
2025-12-22 00:57:12,332 | INFO | Val - Loss, MSE, MAE: 0.00284, 0.00284, 0.03177
2025-12-22 00:57:12,332 | INFO | Test - Best epoch, Loss, MSE, MAE: 161, 0.00271, 0.00271, 0.03155
2025-12-22 00:57:12,332 | INFO | Test - Points (EXACT): total_masked=96963 correct=58520 right_rate=60.3529%
2025-12-22 00:57:17,720 | INFO | - Epoch 163, ExpID 57928 best_epoch=161 improved=0
2025-12-22 00:57:17,720 | INFO | Train - Loss (last batch): 0.00312
2025-12-22 00:57:17,720 | INFO | Val - Loss, MSE, MAE: 0.00283, 0.00283, 0.03175
2025-12-22 00:57:17,720 | INFO | Test - Best epoch, Loss, MSE, MAE: 161, 0.00271, 0.00271, 0.03155
2025-12-22 00:57:17,720 | INFO | Test - Points (EXACT): total_masked=96963 correct=58520 right_rate=60.3529%
2025-12-22 00:57:23,041 | INFO | - Epoch 164, ExpID 57928 best_epoch=161 improved=0
2025-12-22 00:57:23,041 | INFO | Train - Loss (last batch): 0.00256
2025-12-22 00:57:23,041 | INFO | Val - Loss, MSE, MAE: 0.00284, 0.00284, 0.03180
2025-12-22 00:57:23,041 | INFO | Test - Best epoch, Loss, MSE, MAE: 161, 0.00271, 0.00271, 0.03155
2025-12-22 00:57:23,041 | INFO | Test - Points (EXACT): total_masked=96963 correct=58520 right_rate=60.3529%
2025-12-22 00:57:28,356 | INFO | - Epoch 165, ExpID 57928 best_epoch=161 improved=0
2025-12-22 00:57:28,356 | INFO | Train - Loss (last batch): 0.00179
2025-12-22 00:57:28,356 | INFO | Val - Loss, MSE, MAE: 0.00284, 0.00284, 0.03178
2025-12-22 00:57:28,356 | INFO | Test - Best epoch, Loss, MSE, MAE: 161, 0.00271, 0.00271, 0.03155
2025-12-22 00:57:28,356 | INFO | Test - Points (EXACT): total_masked=96963 correct=58520 right_rate=60.3529%
2025-12-22 00:57:33,683 | INFO | - Epoch 166, ExpID 57928 best_epoch=161 improved=0
2025-12-22 00:57:33,683 | INFO | Train - Loss (last batch): 0.00217
2025-12-22 00:57:33,683 | INFO | Val - Loss, MSE, MAE: 0.00284, 0.00284, 0.03177
2025-12-22 00:57:33,683 | INFO | Test - Best epoch, Loss, MSE, MAE: 161, 0.00271, 0.00271, 0.03155
2025-12-22 00:57:33,683 | INFO | Test - Points (EXACT): total_masked=96963 correct=58520 right_rate=60.3529%
2025-12-22 00:57:38,985 | INFO | - Epoch 167, ExpID 57928 best_epoch=161 improved=0
2025-12-22 00:57:38,985 | INFO | Train - Loss (last batch): 0.00217
2025-12-22 00:57:38,985 | INFO | Val - Loss, MSE, MAE: 0.00283, 0.00283, 0.03174
2025-12-22 00:57:38,985 | INFO | Test - Best epoch, Loss, MSE, MAE: 161, 0.00271, 0.00271, 0.03155
2025-12-22 00:57:38,985 | INFO | Test - Points (EXACT): total_masked=96963 correct=58520 right_rate=60.3529%
2025-12-22 00:57:44,301 | INFO | - Epoch 168, ExpID 57928 best_epoch=161 improved=0
2025-12-22 00:57:44,301 | INFO | Train - Loss (last batch): 0.00284
2025-12-22 00:57:44,301 | INFO | Val - Loss, MSE, MAE: 0.00284, 0.00284, 0.03181
2025-12-22 00:57:44,301 | INFO | Test - Best epoch, Loss, MSE, MAE: 161, 0.00271, 0.00271, 0.03155
2025-12-22 00:57:44,301 | INFO | Test - Points (EXACT): total_masked=96963 correct=58520 right_rate=60.3529%
2025-12-22 00:57:49,665 | INFO | - Epoch 169, ExpID 57928 best_epoch=161 improved=0
2025-12-22 00:57:49,665 | INFO | Train - Loss (last batch): 0.00247
2025-12-22 00:57:49,665 | INFO | Val - Loss, MSE, MAE: 0.00284, 0.00284, 0.03177
2025-12-22 00:57:49,665 | INFO | Test - Best epoch, Loss, MSE, MAE: 161, 0.00271, 0.00271, 0.03155
2025-12-22 00:57:49,665 | INFO | Test - Points (EXACT): total_masked=96963 correct=58520 right_rate=60.3529%
2025-12-22 00:57:55,071 | INFO | - Epoch 170, ExpID 57928 best_epoch=161 improved=0
2025-12-22 00:57:55,071 | INFO | Train - Loss (last batch): 0.00223
2025-12-22 00:57:55,071 | INFO | Val - Loss, MSE, MAE: 0.00284, 0.00284, 0.03185
2025-12-22 00:57:55,071 | INFO | Test - Best epoch, Loss, MSE, MAE: 161, 0.00271, 0.00271, 0.03155
2025-12-22 00:57:55,071 | INFO | Test - Points (EXACT): total_masked=96963 correct=58520 right_rate=60.3529%
2025-12-22 00:58:00,504 | INFO | - Epoch 171, ExpID 57928 best_epoch=161 improved=0
2025-12-22 00:58:00,504 | INFO | Train - Loss (last batch): 0.00209
2025-12-22 00:58:00,504 | INFO | Val - Loss, MSE, MAE: 0.00283, 0.00283, 0.03174
2025-12-22 00:58:00,504 | INFO | Test - Best epoch, Loss, MSE, MAE: 161, 0.00271, 0.00271, 0.03155
2025-12-22 00:58:00,504 | INFO | Test - Points (EXACT): total_masked=96963 correct=58520 right_rate=60.3529%
2025-12-22 00:58:05,921 | INFO | - Epoch 172, ExpID 57928 best_epoch=161 improved=0
2025-12-22 00:58:05,921 | INFO | Train - Loss (last batch): 0.00293
2025-12-22 00:58:05,921 | INFO | Val - Loss, MSE, MAE: 0.00283, 0.00283, 0.03174
2025-12-22 00:58:05,921 | INFO | Test - Best epoch, Loss, MSE, MAE: 161, 0.00271, 0.00271, 0.03155
2025-12-22 00:58:05,921 | INFO | Test - Points (EXACT): total_masked=96963 correct=58520 right_rate=60.3529%
2025-12-22 00:58:11,339 | INFO | - Epoch 173, ExpID 57928 best_epoch=161 improved=0
2025-12-22 00:58:11,339 | INFO | Train - Loss (last batch): 0.00245
2025-12-22 00:58:11,339 | INFO | Val - Loss, MSE, MAE: 0.00284, 0.00284, 0.03180
2025-12-22 00:58:11,340 | INFO | Test - Best epoch, Loss, MSE, MAE: 161, 0.00271, 0.00271, 0.03155
2025-12-22 00:58:11,340 | INFO | Test - Points (EXACT): total_masked=96963 correct=58520 right_rate=60.3529%
2025-12-22 00:58:17,376 | INFO | - Epoch 174, ExpID 57928 best_epoch=174 improved=1
2025-12-22 00:58:17,376 | INFO | Train - Loss (last batch): 0.00251
2025-12-22 00:58:17,376 | INFO | Val - Loss, MSE, MAE: 0.00283, 0.00283, 0.03173
2025-12-22 00:58:17,376 | INFO | Test - Best epoch, Loss, MSE, MAE: 174, 0.00271, 0.00271, 0.03154
2025-12-22 00:58:17,376 | INFO | Test - Points (EXACT): total_masked=96963 correct=58556 right_rate=60.3900%
2025-12-22 00:58:22,814 | INFO | - Epoch 175, ExpID 57928 best_epoch=174 improved=0
2025-12-22 00:58:22,814 | INFO | Train - Loss (last batch): 0.00288
2025-12-22 00:58:22,814 | INFO | Val - Loss, MSE, MAE: 0.00283, 0.00283, 0.03173
2025-12-22 00:58:22,814 | INFO | Test - Best epoch, Loss, MSE, MAE: 174, 0.00271, 0.00271, 0.03154
2025-12-22 00:58:22,814 | INFO | Test - Points (EXACT): total_masked=96963 correct=58556 right_rate=60.3900%
2025-12-22 00:58:28,906 | INFO | - Epoch 176, ExpID 57928 best_epoch=174 improved=0
2025-12-22 00:58:28,906 | INFO | Train - Loss (last batch): 0.00209
2025-12-22 00:58:28,906 | INFO | Val - Loss, MSE, MAE: 0.00283, 0.00283, 0.03175
2025-12-22 00:58:28,906 | INFO | Test - Best epoch, Loss, MSE, MAE: 174, 0.00271, 0.00271, 0.03154
2025-12-22 00:58:28,906 | INFO | Test - Points (EXACT): total_masked=96963 correct=58556 right_rate=60.3900%
2025-12-22 00:58:34,263 | INFO | - Epoch 177, ExpID 57928 best_epoch=174 improved=0
2025-12-22 00:58:34,263 | INFO | Train - Loss (last batch): 0.00202
2025-12-22 00:58:34,263 | INFO | Val - Loss, MSE, MAE: 0.00283, 0.00283, 0.03173
2025-12-22 00:58:34,263 | INFO | Test - Best epoch, Loss, MSE, MAE: 174, 0.00271, 0.00271, 0.03154
2025-12-22 00:58:34,263 | INFO | Test - Points (EXACT): total_masked=96963 correct=58556 right_rate=60.3900%
2025-12-22 00:58:39,713 | INFO | - Epoch 178, ExpID 57928 best_epoch=174 improved=0
2025-12-22 00:58:39,713 | INFO | Train - Loss (last batch): 0.00232
2025-12-22 00:58:39,713 | INFO | Val - Loss, MSE, MAE: 0.00283, 0.00283, 0.03174
2025-12-22 00:58:39,713 | INFO | Test - Best epoch, Loss, MSE, MAE: 174, 0.00271, 0.00271, 0.03154
2025-12-22 00:58:39,714 | INFO | Test - Points (EXACT): total_masked=96963 correct=58556 right_rate=60.3900%
2025-12-22 00:58:45,037 | INFO | - Epoch 179, ExpID 57928 best_epoch=174 improved=0
2025-12-22 00:58:45,037 | INFO | Train - Loss (last batch): 0.00340
2025-12-22 00:58:45,037 | INFO | Val - Loss, MSE, MAE: 0.00283, 0.00283, 0.03173
2025-12-22 00:58:45,037 | INFO | Test - Best epoch, Loss, MSE, MAE: 174, 0.00271, 0.00271, 0.03154
2025-12-22 00:58:45,037 | INFO | Test - Points (EXACT): total_masked=96963 correct=58556 right_rate=60.3900%
2025-12-22 00:58:50,479 | INFO | - Epoch 180, ExpID 57928 best_epoch=174 improved=0
2025-12-22 00:58:50,479 | INFO | Train - Loss (last batch): 0.00209
2025-12-22 00:58:50,479 | INFO | Val - Loss, MSE, MAE: 0.00283, 0.00283, 0.03174
2025-12-22 00:58:50,479 | INFO | Test - Best epoch, Loss, MSE, MAE: 174, 0.00271, 0.00271, 0.03154
2025-12-22 00:58:50,479 | INFO | Test - Points (EXACT): total_masked=96963 correct=58556 right_rate=60.3900%
2025-12-22 00:58:55,822 | INFO | - Epoch 181, ExpID 57928 best_epoch=174 improved=0
2025-12-22 00:58:55,822 | INFO | Train - Loss (last batch): 0.00256
2025-12-22 00:58:55,822 | INFO | Val - Loss, MSE, MAE: 0.00283, 0.00283, 0.03174
2025-12-22 00:58:55,822 | INFO | Test - Best epoch, Loss, MSE, MAE: 174, 0.00271, 0.00271, 0.03154
2025-12-22 00:58:55,822 | INFO | Test - Points (EXACT): total_masked=96963 correct=58556 right_rate=60.3900%
2025-12-22 00:59:01,142 | INFO | - Epoch 182, ExpID 57928 best_epoch=174 improved=0
2025-12-22 00:59:01,142 | INFO | Train - Loss (last batch): 0.00337
2025-12-22 00:59:01,142 | INFO | Val - Loss, MSE, MAE: 0.00283, 0.00283, 0.03173
2025-12-22 00:59:01,142 | INFO | Test - Best epoch, Loss, MSE, MAE: 174, 0.00271, 0.00271, 0.03154
2025-12-22 00:59:01,142 | INFO | Test - Points (EXACT): total_masked=96963 correct=58556 right_rate=60.3900%
2025-12-22 00:59:06,490 | INFO | - Epoch 183, ExpID 57928 best_epoch=174 improved=0
2025-12-22 00:59:06,490 | INFO | Train - Loss (last batch): 0.00227
2025-12-22 00:59:06,490 | INFO | Val - Loss, MSE, MAE: 0.00283, 0.00283, 0.03173
2025-12-22 00:59:06,490 | INFO | Test - Best epoch, Loss, MSE, MAE: 174, 0.00271, 0.00271, 0.03154
2025-12-22 00:59:06,490 | INFO | Test - Points (EXACT): total_masked=96963 correct=58556 right_rate=60.3900%
2025-12-22 00:59:11,789 | INFO | - Epoch 184, ExpID 57928 best_epoch=174 improved=0
2025-12-22 00:59:11,789 | INFO | Train - Loss (last batch): 0.00284
2025-12-22 00:59:11,789 | INFO | Val - Loss, MSE, MAE: 0.00283, 0.00283, 0.03173
2025-12-22 00:59:11,789 | INFO | Test - Best epoch, Loss, MSE, MAE: 174, 0.00271, 0.00271, 0.03154
2025-12-22 00:59:11,789 | INFO | Test - Points (EXACT): total_masked=96963 correct=58556 right_rate=60.3900%
2025-12-22 00:59:17,101 | INFO | - Epoch 185, ExpID 57928 best_epoch=174 improved=0
2025-12-22 00:59:17,101 | INFO | Train - Loss (last batch): 0.00177
2025-12-22 00:59:17,101 | INFO | Val - Loss, MSE, MAE: 0.00283, 0.00283, 0.03174
2025-12-22 00:59:17,101 | INFO | Test - Best epoch, Loss, MSE, MAE: 174, 0.00271, 0.00271, 0.03154
2025-12-22 00:59:17,101 | INFO | Test - Points (EXACT): total_masked=96963 correct=58556 right_rate=60.3900%
2025-12-22 00:59:22,388 | INFO | - Epoch 186, ExpID 57928 best_epoch=174 improved=0
2025-12-22 00:59:22,388 | INFO | Train - Loss (last batch): 0.00227
2025-12-22 00:59:22,388 | INFO | Val - Loss, MSE, MAE: 0.00283, 0.00283, 0.03175
2025-12-22 00:59:22,388 | INFO | Test - Best epoch, Loss, MSE, MAE: 174, 0.00271, 0.00271, 0.03154
2025-12-22 00:59:22,388 | INFO | Test - Points (EXACT): total_masked=96963 correct=58556 right_rate=60.3900%
2025-12-22 00:59:27,603 | INFO | - Epoch 187, ExpID 57928 best_epoch=174 improved=0
2025-12-22 00:59:27,603 | INFO | Train - Loss (last batch): 0.00255
2025-12-22 00:59:27,603 | INFO | Val - Loss, MSE, MAE: 0.00283, 0.00283, 0.03178
2025-12-22 00:59:27,603 | INFO | Test - Best epoch, Loss, MSE, MAE: 174, 0.00271, 0.00271, 0.03154
2025-12-22 00:59:27,603 | INFO | Test - Points (EXACT): total_masked=96963 correct=58556 right_rate=60.3900%
2025-12-22 00:59:32,900 | INFO | - Epoch 188, ExpID 57928 best_epoch=174 improved=0
2025-12-22 00:59:32,900 | INFO | Train - Loss (last batch): 0.00205
2025-12-22 00:59:32,900 | INFO | Val - Loss, MSE, MAE: 0.00283, 0.00283, 0.03172
2025-12-22 00:59:32,900 | INFO | Test - Best epoch, Loss, MSE, MAE: 174, 0.00271, 0.00271, 0.03154
2025-12-22 00:59:32,900 | INFO | Test - Points (EXACT): total_masked=96963 correct=58556 right_rate=60.3900%
2025-12-22 00:59:38,140 | INFO | - Epoch 189, ExpID 57928 best_epoch=174 improved=0
2025-12-22 00:59:38,140 | INFO | Train - Loss (last batch): 0.00199
2025-12-22 00:59:38,140 | INFO | Val - Loss, MSE, MAE: 0.00283, 0.00283, 0.03173
2025-12-22 00:59:38,140 | INFO | Test - Best epoch, Loss, MSE, MAE: 174, 0.00271, 0.00271, 0.03154
2025-12-22 00:59:38,140 | INFO | Test - Points (EXACT): total_masked=96963 correct=58556 right_rate=60.3900%
2025-12-22 00:59:43,687 | INFO | - Epoch 190, ExpID 57928 best_epoch=174 improved=0
2025-12-22 00:59:43,687 | INFO | Train - Loss (last batch): 0.00352
2025-12-22 00:59:43,687 | INFO | Val - Loss, MSE, MAE: 0.00283, 0.00283, 0.03173
2025-12-22 00:59:43,687 | INFO | Test - Best epoch, Loss, MSE, MAE: 174, 0.00271, 0.00271, 0.03154
2025-12-22 00:59:43,687 | INFO | Test - Points (EXACT): total_masked=96963 correct=58556 right_rate=60.3900%
2025-12-22 00:59:48,987 | INFO | - Epoch 191, ExpID 57928 best_epoch=174 improved=0
2025-12-22 00:59:48,988 | INFO | Train - Loss (last batch): 0.00302
2025-12-22 00:59:48,988 | INFO | Val - Loss, MSE, MAE: 0.00283, 0.00283, 0.03173
2025-12-22 00:59:48,988 | INFO | Test - Best epoch, Loss, MSE, MAE: 174, 0.00271, 0.00271, 0.03154
2025-12-22 00:59:48,988 | INFO | Test - Points (EXACT): total_masked=96963 correct=58556 right_rate=60.3900%
2025-12-22 00:59:54,299 | INFO | - Epoch 192, ExpID 57928 best_epoch=174 improved=0
2025-12-22 00:59:54,300 | INFO | Train - Loss (last batch): 0.00189
2025-12-22 00:59:54,300 | INFO | Val - Loss, MSE, MAE: 0.00283, 0.00283, 0.03174
2025-12-22 00:59:54,300 | INFO | Test - Best epoch, Loss, MSE, MAE: 174, 0.00271, 0.00271, 0.03154
2025-12-22 00:59:54,300 | INFO | Test - Points (EXACT): total_masked=96963 correct=58556 right_rate=60.3900%
2025-12-22 00:59:59,866 | INFO | - Epoch 193, ExpID 57928 best_epoch=174 improved=0
2025-12-22 00:59:59,866 | INFO | Train - Loss (last batch): 0.00190
2025-12-22 00:59:59,866 | INFO | Val - Loss, MSE, MAE: 0.00283, 0.00283, 0.03176
2025-12-22 00:59:59,866 | INFO | Test - Best epoch, Loss, MSE, MAE: 174, 0.00271, 0.00271, 0.03154
2025-12-22 00:59:59,866 | INFO | Test - Points (EXACT): total_masked=96963 correct=58556 right_rate=60.3900%
2025-12-22 01:00:05,164 | INFO | - Epoch 194, ExpID 57928 best_epoch=174 improved=0
2025-12-22 01:00:05,164 | INFO | Train - Loss (last batch): 0.00208
2025-12-22 01:00:05,165 | INFO | Val - Loss, MSE, MAE: 0.00283, 0.00283, 0.03174
2025-12-22 01:00:05,165 | INFO | Test - Best epoch, Loss, MSE, MAE: 174, 0.00271, 0.00271, 0.03154
2025-12-22 01:00:05,165 | INFO | Test - Points (EXACT): total_masked=96963 correct=58556 right_rate=60.3900%
2025-12-22 01:00:10,782 | INFO | - Epoch 195, ExpID 57928 best_epoch=174 improved=0
2025-12-22 01:00:10,782 | INFO | Train - Loss (last batch): 0.00275
2025-12-22 01:00:10,782 | INFO | Val - Loss, MSE, MAE: 0.00283, 0.00283, 0.03173
2025-12-22 01:00:10,782 | INFO | Test - Best epoch, Loss, MSE, MAE: 174, 0.00271, 0.00271, 0.03154
2025-12-22 01:00:10,782 | INFO | Test - Points (EXACT): total_masked=96963 correct=58556 right_rate=60.3900%
2025-12-22 01:00:16,058 | INFO | - Epoch 196, ExpID 57928 best_epoch=174 improved=0
2025-12-22 01:00:16,058 | INFO | Train - Loss (last batch): 0.00291
2025-12-22 01:00:16,058 | INFO | Val - Loss, MSE, MAE: 0.00283, 0.00283, 0.03173
2025-12-22 01:00:16,058 | INFO | Test - Best epoch, Loss, MSE, MAE: 174, 0.00271, 0.00271, 0.03154
2025-12-22 01:00:16,058 | INFO | Test - Points (EXACT): total_masked=96963 correct=58556 right_rate=60.3900%
2025-12-22 01:00:21,363 | INFO | - Epoch 197, ExpID 57928 best_epoch=174 improved=0
2025-12-22 01:00:21,363 | INFO | Train - Loss (last batch): 0.00288
2025-12-22 01:00:21,363 | INFO | Val - Loss, MSE, MAE: 0.00283, 0.00283, 0.03173
2025-12-22 01:00:21,363 | INFO | Test - Best epoch, Loss, MSE, MAE: 174, 0.00271, 0.00271, 0.03154
2025-12-22 01:00:21,363 | INFO | Test - Points (EXACT): total_masked=96963 correct=58556 right_rate=60.3900%
2025-12-22 01:00:26,648 | INFO | - Epoch 198, ExpID 57928 best_epoch=174 improved=0
2025-12-22 01:00:26,648 | INFO | Train - Loss (last batch): 0.00262
2025-12-22 01:00:26,648 | INFO | Val - Loss, MSE, MAE: 0.00283, 0.00283, 0.03173
2025-12-22 01:00:26,648 | INFO | Test - Best epoch, Loss, MSE, MAE: 174, 0.00271, 0.00271, 0.03154
2025-12-22 01:00:26,648 | INFO | Test - Points (EXACT): total_masked=96963 correct=58556 right_rate=60.3900%
2025-12-22 01:00:31,922 | INFO | - Epoch 199, ExpID 57928 best_epoch=174 improved=0
2025-12-22 01:00:31,922 | INFO | Train - Loss (last batch): 0.00184
2025-12-22 01:00:31,922 | INFO | Val - Loss, MSE, MAE: 0.00283, 0.00283, 0.03175
2025-12-22 01:00:31,922 | INFO | Test - Best epoch, Loss, MSE, MAE: 174, 0.00271, 0.00271, 0.03154
2025-12-22 01:00:31,922 | INFO | Test - Points (EXACT): total_masked=96963 correct=58556 right_rate=60.3900%
2025-12-22 01:00:37,227 | INFO | - Epoch 200, ExpID 57928 best_epoch=174 improved=0
2025-12-22 01:00:37,227 | INFO | Train - Loss (last batch): 0.00215
2025-12-22 01:00:37,227 | INFO | Val - Loss, MSE, MAE: 0.00283, 0.00283, 0.03181
2025-12-22 01:00:37,227 | INFO | Test - Best epoch, Loss, MSE, MAE: 174, 0.00271, 0.00271, 0.03154
2025-12-22 01:00:37,227 | INFO | Test - Points (EXACT): total_masked=96963 correct=58556 right_rate=60.3900%
2025-12-22 01:00:42,632 | INFO | - Epoch 201, ExpID 57928 best_epoch=174 improved=0
2025-12-22 01:00:42,632 | INFO | Train - Loss (last batch): 0.00212
2025-12-22 01:00:42,632 | INFO | Val - Loss, MSE, MAE: 0.00283, 0.00283, 0.03175
2025-12-22 01:00:42,632 | INFO | Test - Best epoch, Loss, MSE, MAE: 174, 0.00271, 0.00271, 0.03154
2025-12-22 01:00:42,632 | INFO | Test - Points (EXACT): total_masked=96963 correct=58556 right_rate=60.3900%
2025-12-22 01:00:48,071 | INFO | - Epoch 202, ExpID 57928 best_epoch=174 improved=0
2025-12-22 01:00:48,072 | INFO | Train - Loss (last batch): 0.00249
2025-12-22 01:00:48,072 | INFO | Val - Loss, MSE, MAE: 0.00283, 0.00283, 0.03173
2025-12-22 01:00:48,072 | INFO | Test - Best epoch, Loss, MSE, MAE: 174, 0.00271, 0.00271, 0.03154
2025-12-22 01:00:48,072 | INFO | Test - Points (EXACT): total_masked=96963 correct=58556 right_rate=60.3900%
2025-12-22 01:00:53,371 | INFO | - Epoch 203, ExpID 57928 best_epoch=174 improved=0
2025-12-22 01:00:53,371 | INFO | Train - Loss (last batch): 0.00290
2025-12-22 01:00:53,371 | INFO | Val - Loss, MSE, MAE: 0.00283, 0.00283, 0.03172
2025-12-22 01:00:53,371 | INFO | Test - Best epoch, Loss, MSE, MAE: 174, 0.00271, 0.00271, 0.03154
2025-12-22 01:00:53,371 | INFO | Test - Points (EXACT): total_masked=96963 correct=58556 right_rate=60.3900%
2025-12-22 01:00:58,796 | INFO | - Epoch 204, ExpID 57928 best_epoch=174 improved=0
2025-12-22 01:00:58,796 | INFO | Train - Loss (last batch): 0.00218
2025-12-22 01:00:58,796 | INFO | Val - Loss, MSE, MAE: 0.00283, 0.00283, 0.03173
2025-12-22 01:00:58,796 | INFO | Test - Best epoch, Loss, MSE, MAE: 174, 0.00271, 0.00271, 0.03154
2025-12-22 01:00:58,796 | INFO | Test - Points (EXACT): total_masked=96963 correct=58556 right_rate=60.3900%
2025-12-22 01:01:04,073 | INFO | - Epoch 205, ExpID 57928 best_epoch=174 improved=0
2025-12-22 01:01:04,074 | INFO | Train - Loss (last batch): 0.00307
2025-12-22 01:01:04,074 | INFO | Val - Loss, MSE, MAE: 0.00283, 0.00283, 0.03173
2025-12-22 01:01:04,074 | INFO | Test - Best epoch, Loss, MSE, MAE: 174, 0.00271, 0.00271, 0.03154
2025-12-22 01:01:04,074 | INFO | Test - Points (EXACT): total_masked=96963 correct=58556 right_rate=60.3900%
2025-12-22 01:01:09,350 | INFO | - Epoch 206, ExpID 57928 best_epoch=174 improved=0
2025-12-22 01:01:09,351 | INFO | Train - Loss (last batch): 0.00222
2025-12-22 01:01:09,351 | INFO | Val - Loss, MSE, MAE: 0.00283, 0.00283, 0.03172
2025-12-22 01:01:09,351 | INFO | Test - Best epoch, Loss, MSE, MAE: 174, 0.00271, 0.00271, 0.03154
2025-12-22 01:01:09,351 | INFO | Test - Points (EXACT): total_masked=96963 correct=58556 right_rate=60.3900%
2025-12-22 01:01:14,769 | INFO | - Epoch 207, ExpID 57928 best_epoch=174 improved=0
2025-12-22 01:01:14,769 | INFO | Train - Loss (last batch): 0.00266
2025-12-22 01:01:14,769 | INFO | Val - Loss, MSE, MAE: 0.00283, 0.00283, 0.03173
2025-12-22 01:01:14,769 | INFO | Test - Best epoch, Loss, MSE, MAE: 174, 0.00271, 0.00271, 0.03154
2025-12-22 01:01:14,769 | INFO | Test - Points (EXACT): total_masked=96963 correct=58556 right_rate=60.3900%
2025-12-22 01:01:20,058 | INFO | - Epoch 208, ExpID 57928 best_epoch=174 improved=0
2025-12-22 01:01:20,058 | INFO | Train - Loss (last batch): 0.00273
2025-12-22 01:01:20,058 | INFO | Val - Loss, MSE, MAE: 0.00283, 0.00283, 0.03173
2025-12-22 01:01:20,058 | INFO | Test - Best epoch, Loss, MSE, MAE: 174, 0.00271, 0.00271, 0.03154
2025-12-22 01:01:20,058 | INFO | Test - Points (EXACT): total_masked=96963 correct=58556 right_rate=60.3900%
2025-12-22 01:01:25,336 | INFO | - Epoch 209, ExpID 57928 best_epoch=174 improved=0
2025-12-22 01:01:25,336 | INFO | Train - Loss (last batch): 0.00251
2025-12-22 01:01:25,336 | INFO | Val - Loss, MSE, MAE: 0.00283, 0.00283, 0.03171
2025-12-22 01:01:25,336 | INFO | Test - Best epoch, Loss, MSE, MAE: 174, 0.00271, 0.00271, 0.03154
2025-12-22 01:01:25,336 | INFO | Test - Points (EXACT): total_masked=96963 correct=58556 right_rate=60.3900%
2025-12-22 01:01:30,625 | INFO | - Epoch 210, ExpID 57928 best_epoch=174 improved=0
2025-12-22 01:01:30,625 | INFO | Train - Loss (last batch): 0.00254
2025-12-22 01:01:30,625 | INFO | Val - Loss, MSE, MAE: 0.00283, 0.00283, 0.03173
2025-12-22 01:01:30,625 | INFO | Test - Best epoch, Loss, MSE, MAE: 174, 0.00271, 0.00271, 0.03154
2025-12-22 01:01:30,625 | INFO | Test - Points (EXACT): total_masked=96963 correct=58556 right_rate=60.3900%
2025-12-22 01:01:35,982 | INFO | - Epoch 211, ExpID 57928 best_epoch=174 improved=0
2025-12-22 01:01:35,983 | INFO | Train - Loss (last batch): 0.00292
2025-12-22 01:01:35,983 | INFO | Val - Loss, MSE, MAE: 0.00283, 0.00283, 0.03173
2025-12-22 01:01:35,983 | INFO | Test - Best epoch, Loss, MSE, MAE: 174, 0.00271, 0.00271, 0.03154
2025-12-22 01:01:35,983 | INFO | Test - Points (EXACT): total_masked=96963 correct=58556 right_rate=60.3900%
2025-12-22 01:01:41,278 | INFO | - Epoch 212, ExpID 57928 best_epoch=174 improved=0
2025-12-22 01:01:41,278 | INFO | Train - Loss (last batch): 0.00273
2025-12-22 01:01:41,278 | INFO | Val - Loss, MSE, MAE: 0.00283, 0.00283, 0.03174
2025-12-22 01:01:41,278 | INFO | Test - Best epoch, Loss, MSE, MAE: 174, 0.00271, 0.00271, 0.03154
2025-12-22 01:01:41,278 | INFO | Test - Points (EXACT): total_masked=96963 correct=58556 right_rate=60.3900%
2025-12-22 01:01:46,576 | INFO | - Epoch 213, ExpID 57928 best_epoch=174 improved=0
2025-12-22 01:01:46,576 | INFO | Train - Loss (last batch): 0.00195
2025-12-22 01:01:46,576 | INFO | Val - Loss, MSE, MAE: 0.00283, 0.00283, 0.03174
2025-12-22 01:01:46,576 | INFO | Test - Best epoch, Loss, MSE, MAE: 174, 0.00271, 0.00271, 0.03154
2025-12-22 01:01:46,576 | INFO | Test - Points (EXACT): total_masked=96963 correct=58556 right_rate=60.3900%
2025-12-22 01:01:51,865 | INFO | - Epoch 214, ExpID 57928 best_epoch=174 improved=0
2025-12-22 01:01:51,865 | INFO | Train - Loss (last batch): 0.00270
2025-12-22 01:01:51,866 | INFO | Val - Loss, MSE, MAE: 0.00283, 0.00283, 0.03173
2025-12-22 01:01:51,866 | INFO | Test - Best epoch, Loss, MSE, MAE: 174, 0.00271, 0.00271, 0.03154
2025-12-22 01:01:51,866 | INFO | Test - Points (EXACT): total_masked=96963 correct=58556 right_rate=60.3900%
