2025-12-22 02:23:29,983 | INFO | - Epoch 000, ExpID 94246 best_epoch=0 improved=1
2025-12-22 02:23:29,983 | INFO | Train - Loss (last batch): 0.00864
2025-12-22 02:23:29,983 | INFO | Val - Loss, MSE, MAE: 0.00817, 0.00817, 0.06808
2025-12-22 02:23:29,983 | INFO | Test - Best epoch, Loss, MSE, MAE: 0, 0.00742, 0.00742, 0.06556
2025-12-22 02:23:29,983 | INFO | Test - Points (EXACT): total_masked=96963 correct=25884 right_rate=26.6947%
2025-12-22 02:23:37,941 | INFO | - Epoch 001, ExpID 94246 best_epoch=1 improved=1
2025-12-22 02:23:37,941 | INFO | Train - Loss (last batch): 0.00357
2025-12-22 02:23:37,941 | INFO | Val - Loss, MSE, MAE: 0.00467, 0.00467, 0.04809
2025-12-22 02:23:37,941 | INFO | Test - Best epoch, Loss, MSE, MAE: 1, 0.00432, 0.00432, 0.04602
2025-12-22 02:23:37,941 | INFO | Test - Points (EXACT): total_masked=96963 correct=39318 right_rate=40.5495%
2025-12-22 02:23:45,977 | INFO | - Epoch 002, ExpID 94246 best_epoch=2 improved=1
2025-12-22 02:23:45,977 | INFO | Train - Loss (last batch): 0.00283
2025-12-22 02:23:45,977 | INFO | Val - Loss, MSE, MAE: 0.00428, 0.00428, 0.04669
2025-12-22 02:23:45,977 | INFO | Test - Best epoch, Loss, MSE, MAE: 2, 0.00408, 0.00408, 0.04571
2025-12-22 02:23:45,977 | INFO | Test - Points (EXACT): total_masked=96963 correct=36703 right_rate=37.8526%
2025-12-22 02:23:53,976 | INFO | - Epoch 003, ExpID 94246 best_epoch=3 improved=1
2025-12-22 02:23:53,976 | INFO | Train - Loss (last batch): 0.00346
2025-12-22 02:23:53,976 | INFO | Val - Loss, MSE, MAE: 0.00363, 0.00363, 0.04074
2025-12-22 02:23:53,976 | INFO | Test - Best epoch, Loss, MSE, MAE: 3, 0.00342, 0.00342, 0.03981
2025-12-22 02:23:53,976 | INFO | Test - Points (EXACT): total_masked=96963 correct=44984 right_rate=46.3930%
2025-12-22 02:24:01,102 | INFO | - Epoch 004, ExpID 94246 best_epoch=3 improved=0
2025-12-22 02:24:01,102 | INFO | Train - Loss (last batch): 0.00400
2025-12-22 02:24:01,102 | INFO | Val - Loss, MSE, MAE: 0.00430, 0.00430, 0.04852
2025-12-22 02:24:01,102 | INFO | Test - Best epoch, Loss, MSE, MAE: 3, 0.00342, 0.00342, 0.03981
2025-12-22 02:24:01,102 | INFO | Test - Points (EXACT): total_masked=96963 correct=44984 right_rate=46.3930%
2025-12-22 02:24:09,111 | INFO | - Epoch 005, ExpID 94246 best_epoch=5 improved=1
2025-12-22 02:24:09,111 | INFO | Train - Loss (last batch): 0.00293
2025-12-22 02:24:09,111 | INFO | Val - Loss, MSE, MAE: 0.00322, 0.00322, 0.03564
2025-12-22 02:24:09,111 | INFO | Test - Best epoch, Loss, MSE, MAE: 5, 0.00305, 0.00305, 0.03513
2025-12-22 02:24:09,111 | INFO | Test - Points (EXACT): total_masked=96963 correct=53168 right_rate=54.8333%
2025-12-22 02:24:17,130 | INFO | - Epoch 006, ExpID 94246 best_epoch=6 improved=1
2025-12-22 02:24:17,130 | INFO | Train - Loss (last batch): 0.00252
2025-12-22 02:24:17,130 | INFO | Val - Loss, MSE, MAE: 0.00309, 0.00309, 0.03415
2025-12-22 02:24:17,130 | INFO | Test - Best epoch, Loss, MSE, MAE: 6, 0.00294, 0.00294, 0.03372
2025-12-22 02:24:17,130 | INFO | Test - Points (EXACT): total_masked=96963 correct=55637 right_rate=57.3796%
2025-12-22 02:24:24,258 | INFO | - Epoch 007, ExpID 94246 best_epoch=6 improved=0
2025-12-22 02:24:24,258 | INFO | Train - Loss (last batch): 0.00273
2025-12-22 02:24:24,258 | INFO | Val - Loss, MSE, MAE: 0.00367, 0.00367, 0.04220
2025-12-22 02:24:24,258 | INFO | Test - Best epoch, Loss, MSE, MAE: 6, 0.00294, 0.00294, 0.03372
2025-12-22 02:24:24,258 | INFO | Test - Points (EXACT): total_masked=96963 correct=55637 right_rate=57.3796%
2025-12-22 02:24:32,237 | INFO | - Epoch 008, ExpID 94246 best_epoch=8 improved=1
2025-12-22 02:24:32,237 | INFO | Train - Loss (last batch): 0.00247
2025-12-22 02:24:32,237 | INFO | Val - Loss, MSE, MAE: 0.00304, 0.00304, 0.03385
2025-12-22 02:24:32,237 | INFO | Test - Best epoch, Loss, MSE, MAE: 8, 0.00289, 0.00289, 0.03335
2025-12-22 02:24:32,237 | INFO | Test - Points (EXACT): total_masked=96963 correct=55941 right_rate=57.6931%
2025-12-22 02:24:39,362 | INFO | - Epoch 009, ExpID 94246 best_epoch=8 improved=0
2025-12-22 02:24:39,363 | INFO | Train - Loss (last batch): 0.00321
2025-12-22 02:24:39,363 | INFO | Val - Loss, MSE, MAE: 0.00308, 0.00308, 0.03429
2025-12-22 02:24:39,363 | INFO | Test - Best epoch, Loss, MSE, MAE: 8, 0.00289, 0.00289, 0.03335
2025-12-22 02:24:39,363 | INFO | Test - Points (EXACT): total_masked=96963 correct=55941 right_rate=57.6931%
2025-12-22 02:24:46,497 | INFO | - Epoch 010, ExpID 94246 best_epoch=8 improved=0
2025-12-22 02:24:46,497 | INFO | Train - Loss (last batch): 0.00281
2025-12-22 02:24:46,497 | INFO | Val - Loss, MSE, MAE: 0.00395, 0.00395, 0.04559
2025-12-22 02:24:46,497 | INFO | Test - Best epoch, Loss, MSE, MAE: 8, 0.00289, 0.00289, 0.03335
2025-12-22 02:24:46,497 | INFO | Test - Points (EXACT): total_masked=96963 correct=55941 right_rate=57.6931%
2025-12-22 02:24:53,648 | INFO | - Epoch 011, ExpID 94246 best_epoch=8 improved=0
2025-12-22 02:24:53,649 | INFO | Train - Loss (last batch): 0.00317
2025-12-22 02:24:53,649 | INFO | Val - Loss, MSE, MAE: 0.00463, 0.00463, 0.05233
2025-12-22 02:24:53,649 | INFO | Test - Best epoch, Loss, MSE, MAE: 8, 0.00289, 0.00289, 0.03335
2025-12-22 02:24:53,649 | INFO | Test - Points (EXACT): total_masked=96963 correct=55941 right_rate=57.6931%
2025-12-22 02:25:01,665 | INFO | - Epoch 012, ExpID 94246 best_epoch=12 improved=1
2025-12-22 02:25:01,665 | INFO | Train - Loss (last batch): 0.00274
2025-12-22 02:25:01,665 | INFO | Val - Loss, MSE, MAE: 0.00303, 0.00303, 0.03370
2025-12-22 02:25:01,665 | INFO | Test - Best epoch, Loss, MSE, MAE: 12, 0.00291, 0.00291, 0.03330
2025-12-22 02:25:01,665 | INFO | Test - Points (EXACT): total_masked=96963 correct=55991 right_rate=57.7447%
2025-12-22 02:25:08,797 | INFO | - Epoch 013, ExpID 94246 best_epoch=12 improved=0
2025-12-22 02:25:08,797 | INFO | Train - Loss (last batch): 0.00214
2025-12-22 02:25:08,797 | INFO | Val - Loss, MSE, MAE: 0.00433, 0.00433, 0.04965
2025-12-22 02:25:08,797 | INFO | Test - Best epoch, Loss, MSE, MAE: 12, 0.00291, 0.00291, 0.03330
2025-12-22 02:25:08,797 | INFO | Test - Points (EXACT): total_masked=96963 correct=55991 right_rate=57.7447%
2025-12-22 02:25:15,908 | INFO | - Epoch 014, ExpID 94246 best_epoch=12 improved=0
2025-12-22 02:25:15,908 | INFO | Train - Loss (last batch): 0.00237
2025-12-22 02:25:15,908 | INFO | Val - Loss, MSE, MAE: 0.00366, 0.00366, 0.04280
2025-12-22 02:25:15,908 | INFO | Test - Best epoch, Loss, MSE, MAE: 12, 0.00291, 0.00291, 0.03330
2025-12-22 02:25:15,908 | INFO | Test - Points (EXACT): total_masked=96963 correct=55991 right_rate=57.7447%
2025-12-22 02:25:23,044 | INFO | - Epoch 015, ExpID 94246 best_epoch=12 improved=0
2025-12-22 02:25:23,044 | INFO | Train - Loss (last batch): 0.00330
2025-12-22 02:25:23,044 | INFO | Val - Loss, MSE, MAE: 0.00407, 0.00407, 0.04701
2025-12-22 02:25:23,044 | INFO | Test - Best epoch, Loss, MSE, MAE: 12, 0.00291, 0.00291, 0.03330
2025-12-22 02:25:23,044 | INFO | Test - Points (EXACT): total_masked=96963 correct=55991 right_rate=57.7447%
2025-12-22 02:25:30,197 | INFO | - Epoch 016, ExpID 94246 best_epoch=12 improved=0
2025-12-22 02:25:30,198 | INFO | Train - Loss (last batch): 0.00247
2025-12-22 02:25:30,198 | INFO | Val - Loss, MSE, MAE: 0.00426, 0.00426, 0.04916
2025-12-22 02:25:30,198 | INFO | Test - Best epoch, Loss, MSE, MAE: 12, 0.00291, 0.00291, 0.03330
2025-12-22 02:25:30,198 | INFO | Test - Points (EXACT): total_masked=96963 correct=55991 right_rate=57.7447%
2025-12-22 02:25:37,337 | INFO | - Epoch 017, ExpID 94246 best_epoch=12 improved=0
2025-12-22 02:25:37,338 | INFO | Train - Loss (last batch): 0.00257
2025-12-22 02:25:37,338 | INFO | Val - Loss, MSE, MAE: 0.00400, 0.00400, 0.04641
2025-12-22 02:25:37,338 | INFO | Test - Best epoch, Loss, MSE, MAE: 12, 0.00291, 0.00291, 0.03330
2025-12-22 02:25:37,338 | INFO | Test - Points (EXACT): total_masked=96963 correct=55991 right_rate=57.7447%
2025-12-22 02:25:44,483 | INFO | - Epoch 018, ExpID 94246 best_epoch=12 improved=0
2025-12-22 02:25:44,483 | INFO | Train - Loss (last batch): 0.00255
2025-12-22 02:25:44,483 | INFO | Val - Loss, MSE, MAE: 0.00341, 0.00341, 0.03971
2025-12-22 02:25:44,483 | INFO | Test - Best epoch, Loss, MSE, MAE: 12, 0.00291, 0.00291, 0.03330
2025-12-22 02:25:44,483 | INFO | Test - Points (EXACT): total_masked=96963 correct=55991 right_rate=57.7447%
2025-12-22 02:25:52,508 | INFO | - Epoch 019, ExpID 94246 best_epoch=19 improved=1
2025-12-22 02:25:52,508 | INFO | Train - Loss (last batch): 0.00261
2025-12-22 02:25:52,508 | INFO | Val - Loss, MSE, MAE: 0.00292, 0.00292, 0.03294
2025-12-22 02:25:52,508 | INFO | Test - Best epoch, Loss, MSE, MAE: 19, 0.00282, 0.00282, 0.03270
2025-12-22 02:25:52,508 | INFO | Test - Points (EXACT): total_masked=96963 correct=57039 right_rate=58.8255%
2025-12-22 02:25:59,651 | INFO | - Epoch 020, ExpID 94246 best_epoch=19 improved=0
2025-12-22 02:25:59,651 | INFO | Train - Loss (last batch): 0.00221
2025-12-22 02:25:59,651 | INFO | Val - Loss, MSE, MAE: 0.00357, 0.00357, 0.04161
2025-12-22 02:25:59,651 | INFO | Test - Best epoch, Loss, MSE, MAE: 19, 0.00282, 0.00282, 0.03270
2025-12-22 02:25:59,651 | INFO | Test - Points (EXACT): total_masked=96963 correct=57039 right_rate=58.8255%
2025-12-22 02:26:06,792 | INFO | - Epoch 021, ExpID 94246 best_epoch=19 improved=0
2025-12-22 02:26:06,792 | INFO | Train - Loss (last batch): 0.00267
2025-12-22 02:26:06,792 | INFO | Val - Loss, MSE, MAE: 0.00463, 0.00463, 0.05281
2025-12-22 02:26:06,793 | INFO | Test - Best epoch, Loss, MSE, MAE: 19, 0.00282, 0.00282, 0.03270
2025-12-22 02:26:06,793 | INFO | Test - Points (EXACT): total_masked=96963 correct=57039 right_rate=58.8255%
2025-12-22 02:26:13,942 | INFO | - Epoch 022, ExpID 94246 best_epoch=19 improved=0
2025-12-22 02:26:13,942 | INFO | Train - Loss (last batch): 0.00290
2025-12-22 02:26:13,942 | INFO | Val - Loss, MSE, MAE: 0.00331, 0.00331, 0.03839
2025-12-22 02:26:13,942 | INFO | Test - Best epoch, Loss, MSE, MAE: 19, 0.00282, 0.00282, 0.03270
2025-12-22 02:26:13,942 | INFO | Test - Points (EXACT): total_masked=96963 correct=57039 right_rate=58.8255%
2025-12-22 02:26:21,098 | INFO | - Epoch 023, ExpID 94246 best_epoch=19 improved=0
2025-12-22 02:26:21,098 | INFO | Train - Loss (last batch): 0.00364
2025-12-22 02:26:21,098 | INFO | Val - Loss, MSE, MAE: 0.00325, 0.00325, 0.03809
2025-12-22 02:26:21,098 | INFO | Test - Best epoch, Loss, MSE, MAE: 19, 0.00282, 0.00282, 0.03270
2025-12-22 02:26:21,098 | INFO | Test - Points (EXACT): total_masked=96963 correct=57039 right_rate=58.8255%
2025-12-22 02:26:28,269 | INFO | - Epoch 024, ExpID 94246 best_epoch=19 improved=0
2025-12-22 02:26:28,269 | INFO | Train - Loss (last batch): 0.00267
2025-12-22 02:26:28,269 | INFO | Val - Loss, MSE, MAE: 0.00341, 0.00341, 0.04016
2025-12-22 02:26:28,269 | INFO | Test - Best epoch, Loss, MSE, MAE: 19, 0.00282, 0.00282, 0.03270
2025-12-22 02:26:28,269 | INFO | Test - Points (EXACT): total_masked=96963 correct=57039 right_rate=58.8255%
2025-12-22 02:26:35,390 | INFO | - Epoch 025, ExpID 94246 best_epoch=19 improved=0
2025-12-22 02:26:35,390 | INFO | Train - Loss (last batch): 0.00287
2025-12-22 02:26:35,390 | INFO | Val - Loss, MSE, MAE: 0.00420, 0.00420, 0.04835
2025-12-22 02:26:35,390 | INFO | Test - Best epoch, Loss, MSE, MAE: 19, 0.00282, 0.00282, 0.03270
2025-12-22 02:26:35,390 | INFO | Test - Points (EXACT): total_masked=96963 correct=57039 right_rate=58.8255%
2025-12-22 02:26:42,545 | INFO | - Epoch 026, ExpID 94246 best_epoch=19 improved=0
2025-12-22 02:26:42,545 | INFO | Train - Loss (last batch): 0.00345
2025-12-22 02:26:42,545 | INFO | Val - Loss, MSE, MAE: 0.00432, 0.00432, 0.05021
2025-12-22 02:26:42,545 | INFO | Test - Best epoch, Loss, MSE, MAE: 19, 0.00282, 0.00282, 0.03270
2025-12-22 02:26:42,545 | INFO | Test - Points (EXACT): total_masked=96963 correct=57039 right_rate=58.8255%
2025-12-22 02:26:49,711 | INFO | - Epoch 027, ExpID 94246 best_epoch=19 improved=0
2025-12-22 02:26:49,711 | INFO | Train - Loss (last batch): 0.00237
2025-12-22 02:26:49,711 | INFO | Val - Loss, MSE, MAE: 0.00297, 0.00297, 0.03403
2025-12-22 02:26:49,711 | INFO | Test - Best epoch, Loss, MSE, MAE: 19, 0.00282, 0.00282, 0.03270
2025-12-22 02:26:49,711 | INFO | Test - Points (EXACT): total_masked=96963 correct=57039 right_rate=58.8255%
2025-12-22 02:26:56,879 | INFO | - Epoch 028, ExpID 94246 best_epoch=19 improved=0
2025-12-22 02:26:56,879 | INFO | Train - Loss (last batch): 0.00319
2025-12-22 02:26:56,879 | INFO | Val - Loss, MSE, MAE: 0.00381, 0.00381, 0.04501
2025-12-22 02:26:56,879 | INFO | Test - Best epoch, Loss, MSE, MAE: 19, 0.00282, 0.00282, 0.03270
2025-12-22 02:26:56,879 | INFO | Test - Points (EXACT): total_masked=96963 correct=57039 right_rate=58.8255%
2025-12-22 02:27:04,035 | INFO | - Epoch 029, ExpID 94246 best_epoch=19 improved=0
2025-12-22 02:27:04,036 | INFO | Train - Loss (last batch): 0.00220
2025-12-22 02:27:04,036 | INFO | Val - Loss, MSE, MAE: 0.00368, 0.00368, 0.04368
2025-12-22 02:27:04,036 | INFO | Test - Best epoch, Loss, MSE, MAE: 19, 0.00282, 0.00282, 0.03270
2025-12-22 02:27:04,036 | INFO | Test - Points (EXACT): total_masked=96963 correct=57039 right_rate=58.8255%
2025-12-22 02:27:11,187 | INFO | - Epoch 030, ExpID 94246 best_epoch=19 improved=0
2025-12-22 02:27:11,187 | INFO | Train - Loss (last batch): 0.00271
2025-12-22 02:27:11,187 | INFO | Val - Loss, MSE, MAE: 0.00333, 0.00333, 0.03926
2025-12-22 02:27:11,187 | INFO | Test - Best epoch, Loss, MSE, MAE: 19, 0.00282, 0.00282, 0.03270
2025-12-22 02:27:11,187 | INFO | Test - Points (EXACT): total_masked=96963 correct=57039 right_rate=58.8255%
2025-12-22 02:27:18,332 | INFO | - Epoch 031, ExpID 94246 best_epoch=19 improved=0
2025-12-22 02:27:18,332 | INFO | Train - Loss (last batch): 0.00275
2025-12-22 02:27:18,332 | INFO | Val - Loss, MSE, MAE: 0.00332, 0.00332, 0.03947
2025-12-22 02:27:18,332 | INFO | Test - Best epoch, Loss, MSE, MAE: 19, 0.00282, 0.00282, 0.03270
2025-12-22 02:27:18,332 | INFO | Test - Points (EXACT): total_masked=96963 correct=57039 right_rate=58.8255%
2025-12-22 02:27:25,507 | INFO | - Epoch 032, ExpID 94246 best_epoch=19 improved=0
2025-12-22 02:27:25,507 | INFO | Train - Loss (last batch): 0.00223
2025-12-22 02:27:25,507 | INFO | Val - Loss, MSE, MAE: 0.00359, 0.00359, 0.04234
2025-12-22 02:27:25,507 | INFO | Test - Best epoch, Loss, MSE, MAE: 19, 0.00282, 0.00282, 0.03270
2025-12-22 02:27:25,507 | INFO | Test - Points (EXACT): total_masked=96963 correct=57039 right_rate=58.8255%
2025-12-22 02:27:32,644 | INFO | - Epoch 033, ExpID 94246 best_epoch=19 improved=0
2025-12-22 02:27:32,644 | INFO | Train - Loss (last batch): 0.00264
2025-12-22 02:27:32,644 | INFO | Val - Loss, MSE, MAE: 0.00336, 0.00336, 0.03984
2025-12-22 02:27:32,644 | INFO | Test - Best epoch, Loss, MSE, MAE: 19, 0.00282, 0.00282, 0.03270
2025-12-22 02:27:32,644 | INFO | Test - Points (EXACT): total_masked=96963 correct=57039 right_rate=58.8255%
2025-12-22 02:27:39,781 | INFO | - Epoch 034, ExpID 94246 best_epoch=19 improved=0
2025-12-22 02:27:39,781 | INFO | Train - Loss (last batch): 0.00277
2025-12-22 02:27:39,781 | INFO | Val - Loss, MSE, MAE: 0.00313, 0.00313, 0.03702
2025-12-22 02:27:39,781 | INFO | Test - Best epoch, Loss, MSE, MAE: 19, 0.00282, 0.00282, 0.03270
2025-12-22 02:27:39,781 | INFO | Test - Points (EXACT): total_masked=96963 correct=57039 right_rate=58.8255%
2025-12-22 02:27:46,943 | INFO | - Epoch 035, ExpID 94246 best_epoch=19 improved=0
2025-12-22 02:27:46,943 | INFO | Train - Loss (last batch): 0.00293
2025-12-22 02:27:46,943 | INFO | Val - Loss, MSE, MAE: 0.00319, 0.00319, 0.03763
2025-12-22 02:27:46,943 | INFO | Test - Best epoch, Loss, MSE, MAE: 19, 0.00282, 0.00282, 0.03270
2025-12-22 02:27:46,943 | INFO | Test - Points (EXACT): total_masked=96963 correct=57039 right_rate=58.8255%
2025-12-22 02:27:54,080 | INFO | - Epoch 036, ExpID 94246 best_epoch=19 improved=0
2025-12-22 02:27:54,081 | INFO | Train - Loss (last batch): 0.00203
2025-12-22 02:27:54,081 | INFO | Val - Loss, MSE, MAE: 0.00404, 0.00404, 0.04745
2025-12-22 02:27:54,081 | INFO | Test - Best epoch, Loss, MSE, MAE: 19, 0.00282, 0.00282, 0.03270
2025-12-22 02:27:54,081 | INFO | Test - Points (EXACT): total_masked=96963 correct=57039 right_rate=58.8255%
2025-12-22 02:28:01,225 | INFO | - Epoch 037, ExpID 94246 best_epoch=19 improved=0
2025-12-22 02:28:01,225 | INFO | Train - Loss (last batch): 0.00282
2025-12-22 02:28:01,225 | INFO | Val - Loss, MSE, MAE: 0.00365, 0.00365, 0.04356
2025-12-22 02:28:01,225 | INFO | Test - Best epoch, Loss, MSE, MAE: 19, 0.00282, 0.00282, 0.03270
2025-12-22 02:28:01,225 | INFO | Test - Points (EXACT): total_masked=96963 correct=57039 right_rate=58.8255%
2025-12-22 02:28:08,428 | INFO | - Epoch 038, ExpID 94246 best_epoch=19 improved=0
2025-12-22 02:28:08,428 | INFO | Train - Loss (last batch): 0.00283
2025-12-22 02:28:08,428 | INFO | Val - Loss, MSE, MAE: 0.00337, 0.00337, 0.04005
2025-12-22 02:28:08,428 | INFO | Test - Best epoch, Loss, MSE, MAE: 19, 0.00282, 0.00282, 0.03270
2025-12-22 02:28:08,429 | INFO | Test - Points (EXACT): total_masked=96963 correct=57039 right_rate=58.8255%
2025-12-22 02:28:15,573 | INFO | - Epoch 039, ExpID 94246 best_epoch=19 improved=0
2025-12-22 02:28:15,573 | INFO | Train - Loss (last batch): 0.00268
2025-12-22 02:28:15,573 | INFO | Val - Loss, MSE, MAE: 0.00302, 0.00302, 0.03549
2025-12-22 02:28:15,573 | INFO | Test - Best epoch, Loss, MSE, MAE: 19, 0.00282, 0.00282, 0.03270
2025-12-22 02:28:15,573 | INFO | Test - Points (EXACT): total_masked=96963 correct=57039 right_rate=58.8255%
2025-12-22 02:28:22,750 | INFO | - Epoch 040, ExpID 94246 best_epoch=19 improved=0
2025-12-22 02:28:22,751 | INFO | Train - Loss (last batch): 0.00198
2025-12-22 02:28:22,751 | INFO | Val - Loss, MSE, MAE: 0.00314, 0.00314, 0.03691
2025-12-22 02:28:22,751 | INFO | Test - Best epoch, Loss, MSE, MAE: 19, 0.00282, 0.00282, 0.03270
2025-12-22 02:28:22,751 | INFO | Test - Points (EXACT): total_masked=96963 correct=57039 right_rate=58.8255%
2025-12-22 02:28:29,923 | INFO | - Epoch 041, ExpID 94246 best_epoch=19 improved=0
2025-12-22 02:28:29,924 | INFO | Train - Loss (last batch): 0.00251
2025-12-22 02:28:29,924 | INFO | Val - Loss, MSE, MAE: 0.00302, 0.00302, 0.03560
2025-12-22 02:28:29,924 | INFO | Test - Best epoch, Loss, MSE, MAE: 19, 0.00282, 0.00282, 0.03270
2025-12-22 02:28:29,924 | INFO | Test - Points (EXACT): total_masked=96963 correct=57039 right_rate=58.8255%
2025-12-22 02:28:37,071 | INFO | - Epoch 042, ExpID 94246 best_epoch=19 improved=0
2025-12-22 02:28:37,071 | INFO | Train - Loss (last batch): 0.00274
2025-12-22 02:28:37,071 | INFO | Val - Loss, MSE, MAE: 0.00324, 0.00324, 0.03848
2025-12-22 02:28:37,071 | INFO | Test - Best epoch, Loss, MSE, MAE: 19, 0.00282, 0.00282, 0.03270
2025-12-22 02:28:37,071 | INFO | Test - Points (EXACT): total_masked=96963 correct=57039 right_rate=58.8255%
2025-12-22 02:28:44,220 | INFO | - Epoch 043, ExpID 94246 best_epoch=19 improved=0
2025-12-22 02:28:44,220 | INFO | Train - Loss (last batch): 0.00218
2025-12-22 02:28:44,220 | INFO | Val - Loss, MSE, MAE: 0.00337, 0.00337, 0.04028
2025-12-22 02:28:44,220 | INFO | Test - Best epoch, Loss, MSE, MAE: 19, 0.00282, 0.00282, 0.03270
2025-12-22 02:28:44,220 | INFO | Test - Points (EXACT): total_masked=96963 correct=57039 right_rate=58.8255%
2025-12-22 02:28:51,384 | INFO | - Epoch 044, ExpID 94246 best_epoch=19 improved=0
2025-12-22 02:28:51,384 | INFO | Train - Loss (last batch): 0.00231
2025-12-22 02:28:51,385 | INFO | Val - Loss, MSE, MAE: 0.00314, 0.00314, 0.03717
2025-12-22 02:28:51,385 | INFO | Test - Best epoch, Loss, MSE, MAE: 19, 0.00282, 0.00282, 0.03270
2025-12-22 02:28:51,385 | INFO | Test - Points (EXACT): total_masked=96963 correct=57039 right_rate=58.8255%
2025-12-22 02:28:58,582 | INFO | - Epoch 045, ExpID 94246 best_epoch=19 improved=0
2025-12-22 02:28:58,583 | INFO | Train - Loss (last batch): 0.00268
2025-12-22 02:28:58,583 | INFO | Val - Loss, MSE, MAE: 0.00333, 0.00333, 0.03936
2025-12-22 02:28:58,583 | INFO | Test - Best epoch, Loss, MSE, MAE: 19, 0.00282, 0.00282, 0.03270
2025-12-22 02:28:58,583 | INFO | Test - Points (EXACT): total_masked=96963 correct=57039 right_rate=58.8255%
2025-12-22 02:29:05,732 | INFO | - Epoch 046, ExpID 94246 best_epoch=19 improved=0
2025-12-22 02:29:05,732 | INFO | Train - Loss (last batch): 0.00206
2025-12-22 02:29:05,732 | INFO | Val - Loss, MSE, MAE: 0.00323, 0.00323, 0.03822
2025-12-22 02:29:05,732 | INFO | Test - Best epoch, Loss, MSE, MAE: 19, 0.00282, 0.00282, 0.03270
2025-12-22 02:29:05,732 | INFO | Test - Points (EXACT): total_masked=96963 correct=57039 right_rate=58.8255%
2025-12-22 02:29:12,898 | INFO | - Epoch 047, ExpID 94246 best_epoch=19 improved=0
2025-12-22 02:29:12,898 | INFO | Train - Loss (last batch): 0.00289
2025-12-22 02:29:12,898 | INFO | Val - Loss, MSE, MAE: 0.00305, 0.00305, 0.03576
2025-12-22 02:29:12,898 | INFO | Test - Best epoch, Loss, MSE, MAE: 19, 0.00282, 0.00282, 0.03270
2025-12-22 02:29:12,898 | INFO | Test - Points (EXACT): total_masked=96963 correct=57039 right_rate=58.8255%
2025-12-22 02:29:20,064 | INFO | - Epoch 048, ExpID 94246 best_epoch=19 improved=0
2025-12-22 02:29:20,064 | INFO | Train - Loss (last batch): 0.00243
2025-12-22 02:29:20,064 | INFO | Val - Loss, MSE, MAE: 0.00299, 0.00299, 0.03506
2025-12-22 02:29:20,064 | INFO | Test - Best epoch, Loss, MSE, MAE: 19, 0.00282, 0.00282, 0.03270
2025-12-22 02:29:20,064 | INFO | Test - Points (EXACT): total_masked=96963 correct=57039 right_rate=58.8255%
2025-12-22 02:29:27,206 | INFO | - Epoch 049, ExpID 94246 best_epoch=19 improved=0
2025-12-22 02:29:27,206 | INFO | Train - Loss (last batch): 0.00229
2025-12-22 02:29:27,206 | INFO | Val - Loss, MSE, MAE: 0.00316, 0.00316, 0.03736
2025-12-22 02:29:27,206 | INFO | Test - Best epoch, Loss, MSE, MAE: 19, 0.00282, 0.00282, 0.03270
2025-12-22 02:29:27,206 | INFO | Test - Points (EXACT): total_masked=96963 correct=57039 right_rate=58.8255%
2025-12-22 02:29:34,422 | INFO | - Epoch 050, ExpID 94246 best_epoch=19 improved=0
2025-12-22 02:29:34,422 | INFO | Train - Loss (last batch): 0.00282
2025-12-22 02:29:34,422 | INFO | Val - Loss, MSE, MAE: 0.00303, 0.00303, 0.03552
2025-12-22 02:29:34,423 | INFO | Test - Best epoch, Loss, MSE, MAE: 19, 0.00282, 0.00282, 0.03270
2025-12-22 02:29:34,423 | INFO | Test - Points (EXACT): total_masked=96963 correct=57039 right_rate=58.8255%
2025-12-22 02:29:41,582 | INFO | - Epoch 051, ExpID 94246 best_epoch=19 improved=0
2025-12-22 02:29:41,583 | INFO | Train - Loss (last batch): 0.00247
2025-12-22 02:29:41,583 | INFO | Val - Loss, MSE, MAE: 0.00313, 0.00313, 0.03730
2025-12-22 02:29:41,583 | INFO | Test - Best epoch, Loss, MSE, MAE: 19, 0.00282, 0.00282, 0.03270
2025-12-22 02:29:41,583 | INFO | Test - Points (EXACT): total_masked=96963 correct=57039 right_rate=58.8255%
2025-12-22 02:29:48,764 | INFO | - Epoch 052, ExpID 94246 best_epoch=19 improved=0
2025-12-22 02:29:48,764 | INFO | Train - Loss (last batch): 0.00271
2025-12-22 02:29:48,764 | INFO | Val - Loss, MSE, MAE: 0.00302, 0.00302, 0.03547
2025-12-22 02:29:48,764 | INFO | Test - Best epoch, Loss, MSE, MAE: 19, 0.00282, 0.00282, 0.03270
2025-12-22 02:29:48,764 | INFO | Test - Points (EXACT): total_masked=96963 correct=57039 right_rate=58.8255%
2025-12-22 02:29:55,947 | INFO | - Epoch 053, ExpID 94246 best_epoch=19 improved=0
2025-12-22 02:29:55,948 | INFO | Train - Loss (last batch): 0.00255
2025-12-22 02:29:55,948 | INFO | Val - Loss, MSE, MAE: 0.00326, 0.00326, 0.03867
2025-12-22 02:29:55,948 | INFO | Test - Best epoch, Loss, MSE, MAE: 19, 0.00282, 0.00282, 0.03270
2025-12-22 02:29:55,948 | INFO | Test - Points (EXACT): total_masked=96963 correct=57039 right_rate=58.8255%
2025-12-22 02:30:03,103 | INFO | - Epoch 054, ExpID 94246 best_epoch=19 improved=0
2025-12-22 02:30:03,103 | INFO | Train - Loss (last batch): 0.00207
2025-12-22 02:30:03,103 | INFO | Val - Loss, MSE, MAE: 0.00330, 0.00330, 0.03931
2025-12-22 02:30:03,103 | INFO | Test - Best epoch, Loss, MSE, MAE: 19, 0.00282, 0.00282, 0.03270
2025-12-22 02:30:03,103 | INFO | Test - Points (EXACT): total_masked=96963 correct=57039 right_rate=58.8255%
2025-12-22 02:30:10,292 | INFO | - Epoch 055, ExpID 94246 best_epoch=19 improved=0
2025-12-22 02:30:10,292 | INFO | Train - Loss (last batch): 0.00304
2025-12-22 02:30:10,292 | INFO | Val - Loss, MSE, MAE: 0.00313, 0.00313, 0.03726
2025-12-22 02:30:10,292 | INFO | Test - Best epoch, Loss, MSE, MAE: 19, 0.00282, 0.00282, 0.03270
2025-12-22 02:30:10,292 | INFO | Test - Points (EXACT): total_masked=96963 correct=57039 right_rate=58.8255%
2025-12-22 02:30:17,474 | INFO | - Epoch 056, ExpID 94246 best_epoch=19 improved=0
2025-12-22 02:30:17,475 | INFO | Train - Loss (last batch): 0.00227
2025-12-22 02:30:17,475 | INFO | Val - Loss, MSE, MAE: 0.00323, 0.00323, 0.03848
2025-12-22 02:30:17,475 | INFO | Test - Best epoch, Loss, MSE, MAE: 19, 0.00282, 0.00282, 0.03270
2025-12-22 02:30:17,475 | INFO | Test - Points (EXACT): total_masked=96963 correct=57039 right_rate=58.8255%
2025-12-22 02:30:24,667 | INFO | - Epoch 057, ExpID 94246 best_epoch=19 improved=0
2025-12-22 02:30:24,667 | INFO | Train - Loss (last batch): 0.00162
2025-12-22 02:30:24,667 | INFO | Val - Loss, MSE, MAE: 0.00337, 0.00337, 0.04032
2025-12-22 02:30:24,667 | INFO | Test - Best epoch, Loss, MSE, MAE: 19, 0.00282, 0.00282, 0.03270
2025-12-22 02:30:24,667 | INFO | Test - Points (EXACT): total_masked=96963 correct=57039 right_rate=58.8255%
2025-12-22 02:30:31,814 | INFO | - Epoch 058, ExpID 94246 best_epoch=19 improved=0
2025-12-22 02:30:31,815 | INFO | Train - Loss (last batch): 0.00251
2025-12-22 02:30:31,815 | INFO | Val - Loss, MSE, MAE: 0.00305, 0.00305, 0.03626
2025-12-22 02:30:31,815 | INFO | Test - Best epoch, Loss, MSE, MAE: 19, 0.00282, 0.00282, 0.03270
2025-12-22 02:30:31,815 | INFO | Test - Points (EXACT): total_masked=96963 correct=57039 right_rate=58.8255%
2025-12-22 02:30:38,962 | INFO | - Epoch 059, ExpID 94246 best_epoch=19 improved=0
2025-12-22 02:30:38,962 | INFO | Train - Loss (last batch): 0.00228
2025-12-22 02:30:38,962 | INFO | Val - Loss, MSE, MAE: 0.00307, 0.00307, 0.03644
2025-12-22 02:30:38,962 | INFO | Test - Best epoch, Loss, MSE, MAE: 19, 0.00282, 0.00282, 0.03270
2025-12-22 02:30:38,962 | INFO | Test - Points (EXACT): total_masked=96963 correct=57039 right_rate=58.8255%
