2025-12-22 02:02:56,630 | INFO | - Epoch 000, ExpID 89646 best_epoch=0 improved=1
2025-12-22 02:02:56,630 | INFO | Train - Loss (last batch): 0.00577
2025-12-22 02:02:56,630 | INFO | Val - Loss, MSE, MAE: 0.00701, 0.00701, 0.06188
2025-12-22 02:02:56,630 | INFO | Test - Best epoch, Loss, MSE, MAE: 0, 0.00657, 0.00657, 0.05910
2025-12-22 02:02:56,631 | INFO | Test - Points (EXACT): total_masked=96963 correct=30186 right_rate=31.1315%
2025-12-22 02:03:02,076 | INFO | - Epoch 001, ExpID 89646 best_epoch=1 improved=1
2025-12-22 02:03:02,076 | INFO | Train - Loss (last batch): 0.00271
2025-12-22 02:03:02,076 | INFO | Val - Loss, MSE, MAE: 0.00384, 0.00384, 0.04261
2025-12-22 02:03:02,076 | INFO | Test - Best epoch, Loss, MSE, MAE: 1, 0.00370, 0.00370, 0.04167
2025-12-22 02:03:02,076 | INFO | Test - Points (EXACT): total_masked=96963 correct=42797 right_rate=44.1375%
2025-12-22 02:03:07,282 | INFO | - Epoch 002, ExpID 89646 best_epoch=2 improved=1
2025-12-22 02:03:07,282 | INFO | Train - Loss (last batch): 0.00350
2025-12-22 02:03:07,282 | INFO | Val - Loss, MSE, MAE: 0.00331, 0.00331, 0.03710
2025-12-22 02:03:07,282 | INFO | Test - Best epoch, Loss, MSE, MAE: 2, 0.00317, 0.00317, 0.03636
2025-12-22 02:03:07,283 | INFO | Test - Points (EXACT): total_masked=96963 correct=51921 right_rate=53.5472%
2025-12-22 02:03:12,531 | INFO | - Epoch 003, ExpID 89646 best_epoch=3 improved=1
2025-12-22 02:03:12,531 | INFO | Train - Loss (last batch): 0.00240
2025-12-22 02:03:12,531 | INFO | Val - Loss, MSE, MAE: 0.00307, 0.00307, 0.03444
2025-12-22 02:03:12,531 | INFO | Test - Best epoch, Loss, MSE, MAE: 3, 0.00294, 0.00294, 0.03379
2025-12-22 02:03:12,531 | INFO | Test - Points (EXACT): total_masked=96963 correct=55105 right_rate=56.8310%
2025-12-22 02:03:17,836 | INFO | - Epoch 004, ExpID 89646 best_epoch=4 improved=1
2025-12-22 02:03:17,836 | INFO | Train - Loss (last batch): 0.00249
2025-12-22 02:03:17,836 | INFO | Val - Loss, MSE, MAE: 0.00303, 0.00303, 0.03331
2025-12-22 02:03:17,836 | INFO | Test - Best epoch, Loss, MSE, MAE: 4, 0.00290, 0.00290, 0.03274
2025-12-22 02:03:17,836 | INFO | Test - Points (EXACT): total_masked=96963 correct=57605 right_rate=59.4093%
2025-12-22 02:03:22,542 | INFO | - Epoch 005, ExpID 89646 best_epoch=4 improved=0
2025-12-22 02:03:22,542 | INFO | Train - Loss (last batch): 0.00248
2025-12-22 02:03:22,542 | INFO | Val - Loss, MSE, MAE: 0.00335, 0.00335, 0.03829
2025-12-22 02:03:22,542 | INFO | Test - Best epoch, Loss, MSE, MAE: 4, 0.00290, 0.00290, 0.03274
2025-12-22 02:03:22,542 | INFO | Test - Points (EXACT): total_masked=96963 correct=57605 right_rate=59.4093%
2025-12-22 02:03:27,203 | INFO | - Epoch 006, ExpID 89646 best_epoch=4 improved=0
2025-12-22 02:03:27,203 | INFO | Train - Loss (last batch): 0.00362
2025-12-22 02:03:27,203 | INFO | Val - Loss, MSE, MAE: 0.00309, 0.00309, 0.03438
2025-12-22 02:03:27,203 | INFO | Test - Best epoch, Loss, MSE, MAE: 4, 0.00290, 0.00290, 0.03274
2025-12-22 02:03:27,203 | INFO | Test - Points (EXACT): total_masked=96963 correct=57605 right_rate=59.4093%
2025-12-22 02:03:31,830 | INFO | - Epoch 007, ExpID 89646 best_epoch=4 improved=0
2025-12-22 02:03:31,830 | INFO | Train - Loss (last batch): 0.00265
2025-12-22 02:03:31,830 | INFO | Val - Loss, MSE, MAE: 0.00320, 0.00320, 0.03703
2025-12-22 02:03:31,830 | INFO | Test - Best epoch, Loss, MSE, MAE: 4, 0.00290, 0.00290, 0.03274
2025-12-22 02:03:31,830 | INFO | Test - Points (EXACT): total_masked=96963 correct=57605 right_rate=59.4093%
2025-12-22 02:03:37,163 | INFO | - Epoch 008, ExpID 89646 best_epoch=8 improved=1
2025-12-22 02:03:37,163 | INFO | Train - Loss (last batch): 0.00257
2025-12-22 02:03:37,163 | INFO | Val - Loss, MSE, MAE: 0.00298, 0.00298, 0.03272
2025-12-22 02:03:37,163 | INFO | Test - Best epoch, Loss, MSE, MAE: 8, 0.00286, 0.00286, 0.03220
2025-12-22 02:03:37,163 | INFO | Test - Points (EXACT): total_masked=96963 correct=57732 right_rate=59.5402%
2025-12-22 02:03:42,209 | INFO | - Epoch 009, ExpID 89646 best_epoch=8 improved=0
2025-12-22 02:03:42,210 | INFO | Train - Loss (last batch): 0.00263
2025-12-22 02:03:42,210 | INFO | Val - Loss, MSE, MAE: 0.00316, 0.00316, 0.03565
2025-12-22 02:03:42,210 | INFO | Test - Best epoch, Loss, MSE, MAE: 8, 0.00286, 0.00286, 0.03220
2025-12-22 02:03:42,210 | INFO | Test - Points (EXACT): total_masked=96963 correct=57732 right_rate=59.5402%
2025-12-22 02:03:47,186 | INFO | - Epoch 010, ExpID 89646 best_epoch=8 improved=0
2025-12-22 02:03:47,186 | INFO | Train - Loss (last batch): 0.00209
2025-12-22 02:03:47,186 | INFO | Val - Loss, MSE, MAE: 0.00298, 0.00298, 0.03296
2025-12-22 02:03:47,186 | INFO | Test - Best epoch, Loss, MSE, MAE: 8, 0.00286, 0.00286, 0.03220
2025-12-22 02:03:47,186 | INFO | Test - Points (EXACT): total_masked=96963 correct=57732 right_rate=59.5402%
2025-12-22 02:03:52,475 | INFO | - Epoch 011, ExpID 89646 best_epoch=11 improved=1
2025-12-22 02:03:52,475 | INFO | Train - Loss (last batch): 0.00253
2025-12-22 02:03:52,475 | INFO | Val - Loss, MSE, MAE: 0.00292, 0.00292, 0.03227
2025-12-22 02:03:52,475 | INFO | Test - Best epoch, Loss, MSE, MAE: 11, 0.00282, 0.00282, 0.03193
2025-12-22 02:03:52,475 | INFO | Test - Points (EXACT): total_masked=96963 correct=58317 right_rate=60.1436%
2025-12-22 02:03:57,129 | INFO | - Epoch 012, ExpID 89646 best_epoch=11 improved=0
2025-12-22 02:03:57,129 | INFO | Train - Loss (last batch): 0.00298
2025-12-22 02:03:57,129 | INFO | Val - Loss, MSE, MAE: 0.00325, 0.00325, 0.03766
2025-12-22 02:03:57,129 | INFO | Test - Best epoch, Loss, MSE, MAE: 11, 0.00282, 0.00282, 0.03193
2025-12-22 02:03:57,129 | INFO | Test - Points (EXACT): total_masked=96963 correct=58317 right_rate=60.1436%
2025-12-22 02:04:01,789 | INFO | - Epoch 013, ExpID 89646 best_epoch=11 improved=0
2025-12-22 02:04:01,811 | INFO | Train - Loss (last batch): 0.00209
2025-12-22 02:04:01,811 | INFO | Val - Loss, MSE, MAE: 0.00326, 0.00326, 0.03803
2025-12-22 02:04:01,811 | INFO | Test - Best epoch, Loss, MSE, MAE: 11, 0.00282, 0.00282, 0.03193
2025-12-22 02:04:01,811 | INFO | Test - Points (EXACT): total_masked=96963 correct=58317 right_rate=60.1436%
2025-12-22 02:04:06,609 | INFO | - Epoch 014, ExpID 89646 best_epoch=11 improved=0
2025-12-22 02:04:06,609 | INFO | Train - Loss (last batch): 0.00270
2025-12-22 02:04:06,609 | INFO | Val - Loss, MSE, MAE: 0.00292, 0.00292, 0.03300
2025-12-22 02:04:06,609 | INFO | Test - Best epoch, Loss, MSE, MAE: 11, 0.00282, 0.00282, 0.03193
2025-12-22 02:04:06,609 | INFO | Test - Points (EXACT): total_masked=96963 correct=58317 right_rate=60.1436%
2025-12-22 02:04:11,835 | INFO | - Epoch 015, ExpID 89646 best_epoch=15 improved=1
2025-12-22 02:04:11,835 | INFO | Train - Loss (last batch): 0.00235
2025-12-22 02:04:11,835 | INFO | Val - Loss, MSE, MAE: 0.00290, 0.00290, 0.03274
2025-12-22 02:04:11,835 | INFO | Test - Best epoch, Loss, MSE, MAE: 15, 0.00281, 0.00281, 0.03231
2025-12-22 02:04:11,835 | INFO | Test - Points (EXACT): total_masked=96963 correct=57517 right_rate=59.3185%
2025-12-22 02:04:16,478 | INFO | - Epoch 016, ExpID 89646 best_epoch=15 improved=0
2025-12-22 02:04:16,478 | INFO | Train - Loss (last batch): 0.00292
2025-12-22 02:04:16,478 | INFO | Val - Loss, MSE, MAE: 0.00293, 0.00293, 0.03304
2025-12-22 02:04:16,478 | INFO | Test - Best epoch, Loss, MSE, MAE: 15, 0.00281, 0.00281, 0.03231
2025-12-22 02:04:16,478 | INFO | Test - Points (EXACT): total_masked=96963 correct=57517 right_rate=59.3185%
2025-12-22 02:04:21,179 | INFO | - Epoch 017, ExpID 89646 best_epoch=15 improved=0
2025-12-22 02:04:21,179 | INFO | Train - Loss (last batch): 0.00322
2025-12-22 02:04:21,180 | INFO | Val - Loss, MSE, MAE: 0.00391, 0.00391, 0.04576
2025-12-22 02:04:21,180 | INFO | Test - Best epoch, Loss, MSE, MAE: 15, 0.00281, 0.00281, 0.03231
2025-12-22 02:04:21,180 | INFO | Test - Points (EXACT): total_masked=96963 correct=57517 right_rate=59.3185%
2025-12-22 02:04:26,020 | INFO | - Epoch 018, ExpID 89646 best_epoch=15 improved=0
2025-12-22 02:04:26,020 | INFO | Train - Loss (last batch): 0.00328
2025-12-22 02:04:26,020 | INFO | Val - Loss, MSE, MAE: 0.00298, 0.00298, 0.03468
2025-12-22 02:04:26,020 | INFO | Test - Best epoch, Loss, MSE, MAE: 15, 0.00281, 0.00281, 0.03231
2025-12-22 02:04:26,020 | INFO | Test - Points (EXACT): total_masked=96963 correct=57517 right_rate=59.3185%
2025-12-22 02:04:30,651 | INFO | - Epoch 019, ExpID 89646 best_epoch=15 improved=0
2025-12-22 02:04:30,651 | INFO | Train - Loss (last batch): 0.00333
2025-12-22 02:04:30,651 | INFO | Val - Loss, MSE, MAE: 0.00303, 0.00303, 0.03541
2025-12-22 02:04:30,651 | INFO | Test - Best epoch, Loss, MSE, MAE: 15, 0.00281, 0.00281, 0.03231
2025-12-22 02:04:30,651 | INFO | Test - Points (EXACT): total_masked=96963 correct=57517 right_rate=59.3185%
2025-12-22 02:04:35,458 | INFO | - Epoch 020, ExpID 89646 best_epoch=15 improved=0
2025-12-22 02:04:35,458 | INFO | Train - Loss (last batch): 0.00235
2025-12-22 02:04:35,458 | INFO | Val - Loss, MSE, MAE: 0.00291, 0.00291, 0.03311
2025-12-22 02:04:35,458 | INFO | Test - Best epoch, Loss, MSE, MAE: 15, 0.00281, 0.00281, 0.03231
2025-12-22 02:04:35,458 | INFO | Test - Points (EXACT): total_masked=96963 correct=57517 right_rate=59.3185%
2025-12-22 02:04:40,455 | INFO | - Epoch 021, ExpID 89646 best_epoch=15 improved=0
2025-12-22 02:04:40,455 | INFO | Train - Loss (last batch): 0.00276
2025-12-22 02:04:40,455 | INFO | Val - Loss, MSE, MAE: 0.00302, 0.00302, 0.03509
2025-12-22 02:04:40,455 | INFO | Test - Best epoch, Loss, MSE, MAE: 15, 0.00281, 0.00281, 0.03231
2025-12-22 02:04:40,455 | INFO | Test - Points (EXACT): total_masked=96963 correct=57517 right_rate=59.3185%
2025-12-22 02:04:45,278 | INFO | - Epoch 022, ExpID 89646 best_epoch=15 improved=0
2025-12-22 02:04:45,278 | INFO | Train - Loss (last batch): 0.00276
2025-12-22 02:04:45,278 | INFO | Val - Loss, MSE, MAE: 0.00403, 0.00403, 0.04733
2025-12-22 02:04:45,278 | INFO | Test - Best epoch, Loss, MSE, MAE: 15, 0.00281, 0.00281, 0.03231
2025-12-22 02:04:45,278 | INFO | Test - Points (EXACT): total_masked=96963 correct=57517 right_rate=59.3185%
2025-12-22 02:04:49,949 | INFO | - Epoch 023, ExpID 89646 best_epoch=15 improved=0
2025-12-22 02:04:49,949 | INFO | Train - Loss (last batch): 0.00290
2025-12-22 02:04:49,949 | INFO | Val - Loss, MSE, MAE: 0.00291, 0.00291, 0.03349
2025-12-22 02:04:49,949 | INFO | Test - Best epoch, Loss, MSE, MAE: 15, 0.00281, 0.00281, 0.03231
2025-12-22 02:04:49,950 | INFO | Test - Points (EXACT): total_masked=96963 correct=57517 right_rate=59.3185%
2025-12-22 02:04:55,230 | INFO | - Epoch 024, ExpID 89646 best_epoch=24 improved=1
2025-12-22 02:04:55,230 | INFO | Train - Loss (last batch): 0.00227
2025-12-22 02:04:55,230 | INFO | Val - Loss, MSE, MAE: 0.00282, 0.00282, 0.03215
2025-12-22 02:04:55,230 | INFO | Test - Best epoch, Loss, MSE, MAE: 24, 0.00275, 0.00275, 0.03191
2025-12-22 02:04:55,230 | INFO | Test - Points (EXACT): total_masked=96963 correct=57766 right_rate=59.5753%
2025-12-22 02:05:00,666 | INFO | - Epoch 025, ExpID 89646 best_epoch=25 improved=1
2025-12-22 02:05:00,666 | INFO | Train - Loss (last batch): 0.00241
2025-12-22 02:05:00,667 | INFO | Val - Loss, MSE, MAE: 0.00281, 0.00281, 0.03215
2025-12-22 02:05:00,667 | INFO | Test - Best epoch, Loss, MSE, MAE: 25, 0.00274, 0.00274, 0.03203
2025-12-22 02:05:00,667 | INFO | Test - Points (EXACT): total_masked=96963 correct=57692 right_rate=59.4990%
2025-12-22 02:05:05,304 | INFO | - Epoch 026, ExpID 89646 best_epoch=25 improved=0
2025-12-22 02:05:05,305 | INFO | Train - Loss (last batch): 0.00233
2025-12-22 02:05:05,305 | INFO | Val - Loss, MSE, MAE: 0.00291, 0.00291, 0.03374
2025-12-22 02:05:05,305 | INFO | Test - Best epoch, Loss, MSE, MAE: 25, 0.00274, 0.00274, 0.03203
2025-12-22 02:05:05,305 | INFO | Test - Points (EXACT): total_masked=96963 correct=57692 right_rate=59.4990%
2025-12-22 02:05:09,941 | INFO | - Epoch 027, ExpID 89646 best_epoch=25 improved=0
2025-12-22 02:05:09,941 | INFO | Train - Loss (last batch): 0.00264
2025-12-22 02:05:09,941 | INFO | Val - Loss, MSE, MAE: 0.00300, 0.00300, 0.03551
2025-12-22 02:05:09,941 | INFO | Test - Best epoch, Loss, MSE, MAE: 25, 0.00274, 0.00274, 0.03203
2025-12-22 02:05:09,941 | INFO | Test - Points (EXACT): total_masked=96963 correct=57692 right_rate=59.4990%
2025-12-22 02:05:14,569 | INFO | - Epoch 028, ExpID 89646 best_epoch=25 improved=0
2025-12-22 02:05:14,569 | INFO | Train - Loss (last batch): 0.00247
2025-12-22 02:05:14,569 | INFO | Val - Loss, MSE, MAE: 0.00314, 0.00314, 0.03741
2025-12-22 02:05:14,569 | INFO | Test - Best epoch, Loss, MSE, MAE: 25, 0.00274, 0.00274, 0.03203
2025-12-22 02:05:14,569 | INFO | Test - Points (EXACT): total_masked=96963 correct=57692 right_rate=59.4990%
2025-12-22 02:05:19,287 | INFO | - Epoch 029, ExpID 89646 best_epoch=25 improved=0
2025-12-22 02:05:19,287 | INFO | Train - Loss (last batch): 0.00213
2025-12-22 02:05:19,287 | INFO | Val - Loss, MSE, MAE: 0.00285, 0.00285, 0.03272
2025-12-22 02:05:19,287 | INFO | Test - Best epoch, Loss, MSE, MAE: 25, 0.00274, 0.00274, 0.03203
2025-12-22 02:05:19,287 | INFO | Test - Points (EXACT): total_masked=96963 correct=57692 right_rate=59.4990%
2025-12-22 02:05:23,959 | INFO | - Epoch 030, ExpID 89646 best_epoch=25 improved=0
2025-12-22 02:05:23,959 | INFO | Train - Loss (last batch): 0.00170
2025-12-22 02:05:23,959 | INFO | Val - Loss, MSE, MAE: 0.00306, 0.00306, 0.03542
2025-12-22 02:05:23,959 | INFO | Test - Best epoch, Loss, MSE, MAE: 25, 0.00274, 0.00274, 0.03203
2025-12-22 02:05:23,959 | INFO | Test - Points (EXACT): total_masked=96963 correct=57692 right_rate=59.4990%
2025-12-22 02:05:29,304 | INFO | - Epoch 031, ExpID 89646 best_epoch=31 improved=1
2025-12-22 02:05:29,304 | INFO | Train - Loss (last batch): 0.00215
2025-12-22 02:05:29,304 | INFO | Val - Loss, MSE, MAE: 0.00281, 0.00281, 0.03246
2025-12-22 02:05:29,304 | INFO | Test - Best epoch, Loss, MSE, MAE: 31, 0.00274, 0.00274, 0.03223
2025-12-22 02:05:29,304 | INFO | Test - Points (EXACT): total_masked=96963 correct=56960 right_rate=58.7441%
2025-12-22 02:05:33,996 | INFO | - Epoch 032, ExpID 89646 best_epoch=31 improved=0
2025-12-22 02:05:33,996 | INFO | Train - Loss (last batch): 0.00199
2025-12-22 02:05:33,996 | INFO | Val - Loss, MSE, MAE: 0.00303, 0.00303, 0.03616
2025-12-22 02:05:33,996 | INFO | Test - Best epoch, Loss, MSE, MAE: 31, 0.00274, 0.00274, 0.03223
2025-12-22 02:05:33,996 | INFO | Test - Points (EXACT): total_masked=96963 correct=56960 right_rate=58.7441%
2025-12-22 02:05:38,690 | INFO | - Epoch 033, ExpID 89646 best_epoch=31 improved=0
2025-12-22 02:05:38,690 | INFO | Train - Loss (last batch): 0.00196
2025-12-22 02:05:38,690 | INFO | Val - Loss, MSE, MAE: 0.00320, 0.00320, 0.03840
2025-12-22 02:05:38,690 | INFO | Test - Best epoch, Loss, MSE, MAE: 31, 0.00274, 0.00274, 0.03223
2025-12-22 02:05:38,690 | INFO | Test - Points (EXACT): total_masked=96963 correct=56960 right_rate=58.7441%
2025-12-22 02:05:43,418 | INFO | - Epoch 034, ExpID 89646 best_epoch=31 improved=0
2025-12-22 02:05:43,418 | INFO | Train - Loss (last batch): 0.00287
2025-12-22 02:05:43,418 | INFO | Val - Loss, MSE, MAE: 0.00343, 0.00343, 0.04090
2025-12-22 02:05:43,418 | INFO | Test - Best epoch, Loss, MSE, MAE: 31, 0.00274, 0.00274, 0.03223
2025-12-22 02:05:43,418 | INFO | Test - Points (EXACT): total_masked=96963 correct=56960 right_rate=58.7441%
2025-12-22 02:05:48,116 | INFO | - Epoch 035, ExpID 89646 best_epoch=31 improved=0
2025-12-22 02:05:48,116 | INFO | Train - Loss (last batch): 0.00275
2025-12-22 02:05:48,116 | INFO | Val - Loss, MSE, MAE: 0.00292, 0.00292, 0.03393
2025-12-22 02:05:48,116 | INFO | Test - Best epoch, Loss, MSE, MAE: 31, 0.00274, 0.00274, 0.03223
2025-12-22 02:05:48,116 | INFO | Test - Points (EXACT): total_masked=96963 correct=56960 right_rate=58.7441%
2025-12-22 02:05:52,758 | INFO | - Epoch 036, ExpID 89646 best_epoch=31 improved=0
2025-12-22 02:05:52,758 | INFO | Train - Loss (last batch): 0.00333
2025-12-22 02:05:52,758 | INFO | Val - Loss, MSE, MAE: 0.00316, 0.00316, 0.03771
2025-12-22 02:05:52,759 | INFO | Test - Best epoch, Loss, MSE, MAE: 31, 0.00274, 0.00274, 0.03223
2025-12-22 02:05:52,759 | INFO | Test - Points (EXACT): total_masked=96963 correct=56960 right_rate=58.7441%
2025-12-22 02:05:57,387 | INFO | - Epoch 037, ExpID 89646 best_epoch=31 improved=0
2025-12-22 02:05:57,387 | INFO | Train - Loss (last batch): 0.00273
2025-12-22 02:05:57,387 | INFO | Val - Loss, MSE, MAE: 0.00298, 0.00298, 0.03498
2025-12-22 02:05:57,387 | INFO | Test - Best epoch, Loss, MSE, MAE: 31, 0.00274, 0.00274, 0.03223
2025-12-22 02:05:57,387 | INFO | Test - Points (EXACT): total_masked=96963 correct=56960 right_rate=58.7441%
2025-12-22 02:06:02,021 | INFO | - Epoch 038, ExpID 89646 best_epoch=31 improved=0
2025-12-22 02:06:02,021 | INFO | Train - Loss (last batch): 0.00227
2025-12-22 02:06:02,021 | INFO | Val - Loss, MSE, MAE: 0.00327, 0.00327, 0.03941
2025-12-22 02:06:02,021 | INFO | Test - Best epoch, Loss, MSE, MAE: 31, 0.00274, 0.00274, 0.03223
2025-12-22 02:06:02,021 | INFO | Test - Points (EXACT): total_masked=96963 correct=56960 right_rate=58.7441%
2025-12-22 02:06:07,254 | INFO | - Epoch 039, ExpID 89646 best_epoch=39 improved=1
2025-12-22 02:06:07,254 | INFO | Train - Loss (last batch): 0.00180
2025-12-22 02:06:07,254 | INFO | Val - Loss, MSE, MAE: 0.00276, 0.00276, 0.03147
2025-12-22 02:06:07,254 | INFO | Test - Best epoch, Loss, MSE, MAE: 39, 0.00269, 0.00269, 0.03148
2025-12-22 02:06:07,254 | INFO | Test - Points (EXACT): total_masked=96963 correct=58103 right_rate=59.9229%
2025-12-22 02:06:12,011 | INFO | - Epoch 040, ExpID 89646 best_epoch=39 improved=0
2025-12-22 02:06:12,011 | INFO | Train - Loss (last batch): 0.00220
2025-12-22 02:06:12,011 | INFO | Val - Loss, MSE, MAE: 0.00304, 0.00304, 0.03596
2025-12-22 02:06:12,011 | INFO | Test - Best epoch, Loss, MSE, MAE: 39, 0.00269, 0.00269, 0.03148
2025-12-22 02:06:12,011 | INFO | Test - Points (EXACT): total_masked=96963 correct=58103 right_rate=59.9229%
2025-12-22 02:06:16,730 | INFO | - Epoch 041, ExpID 89646 best_epoch=39 improved=0
2025-12-22 02:06:16,730 | INFO | Train - Loss (last batch): 0.00252
2025-12-22 02:06:16,730 | INFO | Val - Loss, MSE, MAE: 0.00281, 0.00281, 0.03289
2025-12-22 02:06:16,730 | INFO | Test - Best epoch, Loss, MSE, MAE: 39, 0.00269, 0.00269, 0.03148
2025-12-22 02:06:16,730 | INFO | Test - Points (EXACT): total_masked=96963 correct=58103 right_rate=59.9229%
2025-12-22 02:06:21,406 | INFO | - Epoch 042, ExpID 89646 best_epoch=39 improved=0
2025-12-22 02:06:21,406 | INFO | Train - Loss (last batch): 0.00304
2025-12-22 02:06:21,406 | INFO | Val - Loss, MSE, MAE: 0.00294, 0.00294, 0.03488
2025-12-22 02:06:21,406 | INFO | Test - Best epoch, Loss, MSE, MAE: 39, 0.00269, 0.00269, 0.03148
2025-12-22 02:06:21,406 | INFO | Test - Points (EXACT): total_masked=96963 correct=58103 right_rate=59.9229%
2025-12-22 02:06:26,247 | INFO | - Epoch 043, ExpID 89646 best_epoch=39 improved=0
2025-12-22 02:06:26,247 | INFO | Train - Loss (last batch): 0.00243
2025-12-22 02:06:26,247 | INFO | Val - Loss, MSE, MAE: 0.00352, 0.00352, 0.04232
2025-12-22 02:06:26,247 | INFO | Test - Best epoch, Loss, MSE, MAE: 39, 0.00269, 0.00269, 0.03148
2025-12-22 02:06:26,247 | INFO | Test - Points (EXACT): total_masked=96963 correct=58103 right_rate=59.9229%
2025-12-22 02:06:31,647 | INFO | - Epoch 044, ExpID 89646 best_epoch=44 improved=1
2025-12-22 02:06:31,647 | INFO | Train - Loss (last batch): 0.00226
2025-12-22 02:06:31,647 | INFO | Val - Loss, MSE, MAE: 0.00274, 0.00274, 0.03182
2025-12-22 02:06:31,647 | INFO | Test - Best epoch, Loss, MSE, MAE: 44, 0.00268, 0.00268, 0.03180
2025-12-22 02:06:31,647 | INFO | Test - Points (EXACT): total_masked=96963 correct=57512 right_rate=59.3133%
2025-12-22 02:06:36,442 | INFO | - Epoch 045, ExpID 89646 best_epoch=44 improved=0
2025-12-22 02:06:36,442 | INFO | Train - Loss (last batch): 0.00179
2025-12-22 02:06:36,442 | INFO | Val - Loss, MSE, MAE: 0.00275, 0.00275, 0.03191
2025-12-22 02:06:36,442 | INFO | Test - Best epoch, Loss, MSE, MAE: 44, 0.00268, 0.00268, 0.03180
2025-12-22 02:06:36,442 | INFO | Test - Points (EXACT): total_masked=96963 correct=57512 right_rate=59.3133%
2025-12-22 02:06:41,065 | INFO | - Epoch 046, ExpID 89646 best_epoch=44 improved=0
2025-12-22 02:06:41,065 | INFO | Train - Loss (last batch): 0.00274
2025-12-22 02:06:41,065 | INFO | Val - Loss, MSE, MAE: 0.00308, 0.00308, 0.03676
2025-12-22 02:06:41,065 | INFO | Test - Best epoch, Loss, MSE, MAE: 44, 0.00268, 0.00268, 0.03180
2025-12-22 02:06:41,065 | INFO | Test - Points (EXACT): total_masked=96963 correct=57512 right_rate=59.3133%
2025-12-22 02:06:45,846 | INFO | - Epoch 047, ExpID 89646 best_epoch=44 improved=0
2025-12-22 02:06:45,846 | INFO | Train - Loss (last batch): 0.00202
2025-12-22 02:06:45,846 | INFO | Val - Loss, MSE, MAE: 0.00277, 0.00277, 0.03208
2025-12-22 02:06:45,846 | INFO | Test - Best epoch, Loss, MSE, MAE: 44, 0.00268, 0.00268, 0.03180
2025-12-22 02:06:45,846 | INFO | Test - Points (EXACT): total_masked=96963 correct=57512 right_rate=59.3133%
2025-12-22 02:06:50,761 | INFO | - Epoch 048, ExpID 89646 best_epoch=44 improved=0
2025-12-22 02:06:50,761 | INFO | Train - Loss (last batch): 0.00230
2025-12-22 02:06:50,762 | INFO | Val - Loss, MSE, MAE: 0.00285, 0.00285, 0.03351
2025-12-22 02:06:50,762 | INFO | Test - Best epoch, Loss, MSE, MAE: 44, 0.00268, 0.00268, 0.03180
2025-12-22 02:06:50,762 | INFO | Test - Points (EXACT): total_masked=96963 correct=57512 right_rate=59.3133%
2025-12-22 02:06:56,201 | INFO | - Epoch 049, ExpID 89646 best_epoch=49 improved=1
2025-12-22 02:06:56,201 | INFO | Train - Loss (last batch): 0.00220
2025-12-22 02:06:56,201 | INFO | Val - Loss, MSE, MAE: 0.00270, 0.00270, 0.03112
2025-12-22 02:06:56,201 | INFO | Test - Best epoch, Loss, MSE, MAE: 49, 0.00264, 0.00264, 0.03123
2025-12-22 02:06:56,201 | INFO | Test - Points (EXACT): total_masked=96963 correct=58418 right_rate=60.2477%
2025-12-22 02:07:00,867 | INFO | - Epoch 050, ExpID 89646 best_epoch=49 improved=0
2025-12-22 02:07:00,867 | INFO | Train - Loss (last batch): 0.00276
2025-12-22 02:07:00,867 | INFO | Val - Loss, MSE, MAE: 0.00274, 0.00274, 0.03171
2025-12-22 02:07:00,867 | INFO | Test - Best epoch, Loss, MSE, MAE: 49, 0.00264, 0.00264, 0.03123
2025-12-22 02:07:00,867 | INFO | Test - Points (EXACT): total_masked=96963 correct=58418 right_rate=60.2477%
2025-12-22 02:07:05,811 | INFO | - Epoch 051, ExpID 89646 best_epoch=49 improved=0
2025-12-22 02:07:05,811 | INFO | Train - Loss (last batch): 0.00180
2025-12-22 02:07:05,811 | INFO | Val - Loss, MSE, MAE: 0.00301, 0.00301, 0.03568
2025-12-22 02:07:05,811 | INFO | Test - Best epoch, Loss, MSE, MAE: 49, 0.00264, 0.00264, 0.03123
2025-12-22 02:07:05,811 | INFO | Test - Points (EXACT): total_masked=96963 correct=58418 right_rate=60.2477%
2025-12-22 02:07:10,834 | INFO | - Epoch 052, ExpID 89646 best_epoch=49 improved=0
2025-12-22 02:07:10,834 | INFO | Train - Loss (last batch): 0.00197
2025-12-22 02:07:10,834 | INFO | Val - Loss, MSE, MAE: 0.00277, 0.00277, 0.03212
2025-12-22 02:07:10,834 | INFO | Test - Best epoch, Loss, MSE, MAE: 49, 0.00264, 0.00264, 0.03123
2025-12-22 02:07:10,834 | INFO | Test - Points (EXACT): total_masked=96963 correct=58418 right_rate=60.2477%
2025-12-22 02:07:15,718 | INFO | - Epoch 053, ExpID 89646 best_epoch=49 improved=0
2025-12-22 02:07:15,718 | INFO | Train - Loss (last batch): 0.00212
2025-12-22 02:07:15,718 | INFO | Val - Loss, MSE, MAE: 0.00318, 0.00318, 0.03819
2025-12-22 02:07:15,718 | INFO | Test - Best epoch, Loss, MSE, MAE: 49, 0.00264, 0.00264, 0.03123
2025-12-22 02:07:15,718 | INFO | Test - Points (EXACT): total_masked=96963 correct=58418 right_rate=60.2477%
2025-12-22 02:07:20,522 | INFO | - Epoch 054, ExpID 89646 best_epoch=49 improved=0
2025-12-22 02:07:20,522 | INFO | Train - Loss (last batch): 0.00210
2025-12-22 02:07:20,522 | INFO | Val - Loss, MSE, MAE: 0.00279, 0.00279, 0.03278
2025-12-22 02:07:20,522 | INFO | Test - Best epoch, Loss, MSE, MAE: 49, 0.00264, 0.00264, 0.03123
2025-12-22 02:07:20,522 | INFO | Test - Points (EXACT): total_masked=96963 correct=58418 right_rate=60.2477%
2025-12-22 02:07:25,398 | INFO | - Epoch 055, ExpID 89646 best_epoch=49 improved=0
2025-12-22 02:07:25,398 | INFO | Train - Loss (last batch): 0.00321
2025-12-22 02:07:25,398 | INFO | Val - Loss, MSE, MAE: 0.00275, 0.00275, 0.03199
2025-12-22 02:07:25,398 | INFO | Test - Best epoch, Loss, MSE, MAE: 49, 0.00264, 0.00264, 0.03123
2025-12-22 02:07:25,399 | INFO | Test - Points (EXACT): total_masked=96963 correct=58418 right_rate=60.2477%
2025-12-22 02:07:30,361 | INFO | - Epoch 056, ExpID 89646 best_epoch=49 improved=0
2025-12-22 02:07:30,361 | INFO | Train - Loss (last batch): 0.00259
2025-12-22 02:07:30,361 | INFO | Val - Loss, MSE, MAE: 0.00279, 0.00279, 0.03263
2025-12-22 02:07:30,361 | INFO | Test - Best epoch, Loss, MSE, MAE: 49, 0.00264, 0.00264, 0.03123
2025-12-22 02:07:30,361 | INFO | Test - Points (EXACT): total_masked=96963 correct=58418 right_rate=60.2477%
2025-12-22 02:07:34,917 | INFO | - Epoch 057, ExpID 89646 best_epoch=49 improved=0
2025-12-22 02:07:34,917 | INFO | Train - Loss (last batch): 0.00266
2025-12-22 02:07:34,917 | INFO | Val - Loss, MSE, MAE: 0.00279, 0.00279, 0.03278
2025-12-22 02:07:34,917 | INFO | Test - Best epoch, Loss, MSE, MAE: 49, 0.00264, 0.00264, 0.03123
2025-12-22 02:07:34,917 | INFO | Test - Points (EXACT): total_masked=96963 correct=58418 right_rate=60.2477%
2025-12-22 02:07:39,628 | INFO | - Epoch 058, ExpID 89646 best_epoch=49 improved=0
2025-12-22 02:07:39,628 | INFO | Train - Loss (last batch): 0.00234
2025-12-22 02:07:39,628 | INFO | Val - Loss, MSE, MAE: 0.00345, 0.00345, 0.04175
2025-12-22 02:07:39,628 | INFO | Test - Best epoch, Loss, MSE, MAE: 49, 0.00264, 0.00264, 0.03123
2025-12-22 02:07:39,628 | INFO | Test - Points (EXACT): total_masked=96963 correct=58418 right_rate=60.2477%
2025-12-22 02:07:44,366 | INFO | - Epoch 059, ExpID 89646 best_epoch=49 improved=0
2025-12-22 02:07:44,366 | INFO | Train - Loss (last batch): 0.00268
2025-12-22 02:07:44,366 | INFO | Val - Loss, MSE, MAE: 0.00293, 0.00293, 0.03493
2025-12-22 02:07:44,366 | INFO | Test - Best epoch, Loss, MSE, MAE: 49, 0.00264, 0.00264, 0.03123
2025-12-22 02:07:44,366 | INFO | Test - Points (EXACT): total_masked=96963 correct=58418 right_rate=60.2477%
2025-12-22 02:07:49,336 | INFO | - Epoch 060, ExpID 89646 best_epoch=49 improved=0
2025-12-22 02:07:49,336 | INFO | Train - Loss (last batch): 0.00213
2025-12-22 02:07:49,336 | INFO | Val - Loss, MSE, MAE: 0.00271, 0.00271, 0.03166
2025-12-22 02:07:49,336 | INFO | Test - Best epoch, Loss, MSE, MAE: 49, 0.00264, 0.00264, 0.03123
2025-12-22 02:07:49,336 | INFO | Test - Points (EXACT): total_masked=96963 correct=58418 right_rate=60.2477%
2025-12-22 02:07:54,078 | INFO | - Epoch 061, ExpID 89646 best_epoch=49 improved=0
2025-12-22 02:07:54,078 | INFO | Train - Loss (last batch): 0.00236
2025-12-22 02:07:54,078 | INFO | Val - Loss, MSE, MAE: 0.00296, 0.00296, 0.03551
2025-12-22 02:07:54,078 | INFO | Test - Best epoch, Loss, MSE, MAE: 49, 0.00264, 0.00264, 0.03123
2025-12-22 02:07:54,078 | INFO | Test - Points (EXACT): total_masked=96963 correct=58418 right_rate=60.2477%
2025-12-22 02:07:59,129 | INFO | - Epoch 062, ExpID 89646 best_epoch=49 improved=0
2025-12-22 02:07:59,129 | INFO | Train - Loss (last batch): 0.00179
2025-12-22 02:07:59,129 | INFO | Val - Loss, MSE, MAE: 0.00290, 0.00290, 0.03460
2025-12-22 02:07:59,129 | INFO | Test - Best epoch, Loss, MSE, MAE: 49, 0.00264, 0.00264, 0.03123
2025-12-22 02:07:59,129 | INFO | Test - Points (EXACT): total_masked=96963 correct=58418 right_rate=60.2477%
2025-12-22 02:08:04,011 | INFO | - Epoch 063, ExpID 89646 best_epoch=49 improved=0
2025-12-22 02:08:04,011 | INFO | Train - Loss (last batch): 0.00211
2025-12-22 02:08:04,011 | INFO | Val - Loss, MSE, MAE: 0.00279, 0.00279, 0.03308
2025-12-22 02:08:04,011 | INFO | Test - Best epoch, Loss, MSE, MAE: 49, 0.00264, 0.00264, 0.03123
2025-12-22 02:08:04,011 | INFO | Test - Points (EXACT): total_masked=96963 correct=58418 right_rate=60.2477%
2025-12-22 02:08:09,014 | INFO | - Epoch 064, ExpID 89646 best_epoch=49 improved=0
2025-12-22 02:08:09,014 | INFO | Train - Loss (last batch): 0.00260
2025-12-22 02:08:09,014 | INFO | Val - Loss, MSE, MAE: 0.00308, 0.00308, 0.03710
2025-12-22 02:08:09,014 | INFO | Test - Best epoch, Loss, MSE, MAE: 49, 0.00264, 0.00264, 0.03123
2025-12-22 02:08:09,014 | INFO | Test - Points (EXACT): total_masked=96963 correct=58418 right_rate=60.2477%
2025-12-22 02:08:14,605 | INFO | - Epoch 065, ExpID 89646 best_epoch=65 improved=1
2025-12-22 02:08:14,605 | INFO | Train - Loss (last batch): 0.00239
2025-12-22 02:08:14,605 | INFO | Val - Loss, MSE, MAE: 0.00268, 0.00268, 0.03120
2025-12-22 02:08:14,605 | INFO | Test - Best epoch, Loss, MSE, MAE: 65, 0.00263, 0.00263, 0.03125
2025-12-22 02:08:14,605 | INFO | Test - Points (EXACT): total_masked=96963 correct=58137 right_rate=59.9579%
2025-12-22 02:08:19,586 | INFO | - Epoch 066, ExpID 89646 best_epoch=65 improved=0
2025-12-22 02:08:19,586 | INFO | Train - Loss (last batch): 0.00233
2025-12-22 02:08:19,586 | INFO | Val - Loss, MSE, MAE: 0.00278, 0.00278, 0.03292
2025-12-22 02:08:19,586 | INFO | Test - Best epoch, Loss, MSE, MAE: 65, 0.00263, 0.00263, 0.03125
2025-12-22 02:08:19,586 | INFO | Test - Points (EXACT): total_masked=96963 correct=58137 right_rate=59.9579%
2025-12-22 02:08:24,546 | INFO | - Epoch 067, ExpID 89646 best_epoch=65 improved=0
2025-12-22 02:08:24,546 | INFO | Train - Loss (last batch): 0.00235
2025-12-22 02:08:24,546 | INFO | Val - Loss, MSE, MAE: 0.00281, 0.00281, 0.03333
2025-12-22 02:08:24,546 | INFO | Test - Best epoch, Loss, MSE, MAE: 65, 0.00263, 0.00263, 0.03125
2025-12-22 02:08:24,546 | INFO | Test - Points (EXACT): total_masked=96963 correct=58137 right_rate=59.9579%
2025-12-22 02:08:29,574 | INFO | - Epoch 068, ExpID 89646 best_epoch=65 improved=0
2025-12-22 02:08:29,574 | INFO | Train - Loss (last batch): 0.00268
2025-12-22 02:08:29,574 | INFO | Val - Loss, MSE, MAE: 0.00270, 0.00270, 0.03139
2025-12-22 02:08:29,574 | INFO | Test - Best epoch, Loss, MSE, MAE: 65, 0.00263, 0.00263, 0.03125
2025-12-22 02:08:29,574 | INFO | Test - Points (EXACT): total_masked=96963 correct=58137 right_rate=59.9579%
2025-12-22 02:08:35,301 | INFO | - Epoch 069, ExpID 89646 best_epoch=69 improved=1
2025-12-22 02:08:35,301 | INFO | Train - Loss (last batch): 0.00251
2025-12-22 02:08:35,301 | INFO | Val - Loss, MSE, MAE: 0.00267, 0.00267, 0.03130
2025-12-22 02:08:35,301 | INFO | Test - Best epoch, Loss, MSE, MAE: 69, 0.00262, 0.00262, 0.03136
2025-12-22 02:08:35,301 | INFO | Test - Points (EXACT): total_masked=96963 correct=57892 right_rate=59.7052%
2025-12-22 02:08:40,247 | INFO | - Epoch 070, ExpID 89646 best_epoch=69 improved=0
2025-12-22 02:08:40,247 | INFO | Train - Loss (last batch): 0.00281
2025-12-22 02:08:40,247 | INFO | Val - Loss, MSE, MAE: 0.00272, 0.00272, 0.03155
2025-12-22 02:08:40,247 | INFO | Test - Best epoch, Loss, MSE, MAE: 69, 0.00262, 0.00262, 0.03136
2025-12-22 02:08:40,247 | INFO | Test - Points (EXACT): total_masked=96963 correct=57892 right_rate=59.7052%
2025-12-22 02:08:44,949 | INFO | - Epoch 071, ExpID 89646 best_epoch=69 improved=0
2025-12-22 02:08:44,949 | INFO | Train - Loss (last batch): 0.00221
2025-12-22 02:08:44,949 | INFO | Val - Loss, MSE, MAE: 0.00274, 0.00274, 0.03209
2025-12-22 02:08:44,949 | INFO | Test - Best epoch, Loss, MSE, MAE: 69, 0.00262, 0.00262, 0.03136
2025-12-22 02:08:44,949 | INFO | Test - Points (EXACT): total_masked=96963 correct=57892 right_rate=59.7052%
2025-12-22 02:08:49,895 | INFO | - Epoch 072, ExpID 89646 best_epoch=69 improved=0
2025-12-22 02:08:49,975 | INFO | Train - Loss (last batch): 0.00244
2025-12-22 02:08:49,975 | INFO | Val - Loss, MSE, MAE: 0.00276, 0.00276, 0.03243
2025-12-22 02:08:49,975 | INFO | Test - Best epoch, Loss, MSE, MAE: 69, 0.00262, 0.00262, 0.03136
2025-12-22 02:08:49,975 | INFO | Test - Points (EXACT): total_masked=96963 correct=57892 right_rate=59.7052%
2025-12-22 02:08:54,990 | INFO | - Epoch 073, ExpID 89646 best_epoch=69 improved=0
2025-12-22 02:08:54,990 | INFO | Train - Loss (last batch): 0.00235
2025-12-22 02:08:54,990 | INFO | Val - Loss, MSE, MAE: 0.00281, 0.00281, 0.03326
2025-12-22 02:08:54,990 | INFO | Test - Best epoch, Loss, MSE, MAE: 69, 0.00262, 0.00262, 0.03136
2025-12-22 02:08:54,990 | INFO | Test - Points (EXACT): total_masked=96963 correct=57892 right_rate=59.7052%
2025-12-22 02:09:00,022 | INFO | - Epoch 074, ExpID 89646 best_epoch=69 improved=0
2025-12-22 02:09:00,022 | INFO | Train - Loss (last batch): 0.00209
2025-12-22 02:09:00,022 | INFO | Val - Loss, MSE, MAE: 0.00271, 0.00271, 0.03196
2025-12-22 02:09:00,022 | INFO | Test - Best epoch, Loss, MSE, MAE: 69, 0.00262, 0.00262, 0.03136
2025-12-22 02:09:00,022 | INFO | Test - Points (EXACT): total_masked=96963 correct=57892 right_rate=59.7052%
2025-12-22 02:09:05,046 | INFO | - Epoch 075, ExpID 89646 best_epoch=69 improved=0
2025-12-22 02:09:05,046 | INFO | Train - Loss (last batch): 0.00280
2025-12-22 02:09:05,046 | INFO | Val - Loss, MSE, MAE: 0.00278, 0.00278, 0.03287
2025-12-22 02:09:05,046 | INFO | Test - Best epoch, Loss, MSE, MAE: 69, 0.00262, 0.00262, 0.03136
2025-12-22 02:09:05,046 | INFO | Test - Points (EXACT): total_masked=96963 correct=57892 right_rate=59.7052%
2025-12-22 02:09:10,046 | INFO | - Epoch 076, ExpID 89646 best_epoch=69 improved=0
2025-12-22 02:09:10,046 | INFO | Train - Loss (last batch): 0.00217
2025-12-22 02:09:10,046 | INFO | Val - Loss, MSE, MAE: 0.00268, 0.00268, 0.03093
2025-12-22 02:09:10,046 | INFO | Test - Best epoch, Loss, MSE, MAE: 69, 0.00262, 0.00262, 0.03136
2025-12-22 02:09:10,046 | INFO | Test - Points (EXACT): total_masked=96963 correct=57892 right_rate=59.7052%
2025-12-22 02:09:15,943 | INFO | - Epoch 077, ExpID 89646 best_epoch=77 improved=1
2025-12-22 02:09:15,943 | INFO | Train - Loss (last batch): 0.00203
2025-12-22 02:09:15,943 | INFO | Val - Loss, MSE, MAE: 0.00267, 0.00267, 0.03114
2025-12-22 02:09:15,943 | INFO | Test - Best epoch, Loss, MSE, MAE: 77, 0.00262, 0.00262, 0.03124
2025-12-22 02:09:15,944 | INFO | Test - Points (EXACT): total_masked=96963 correct=58206 right_rate=60.0291%
2025-12-22 02:09:21,010 | INFO | - Epoch 078, ExpID 89646 best_epoch=77 improved=0
2025-12-22 02:09:21,010 | INFO | Train - Loss (last batch): 0.00180
2025-12-22 02:09:21,010 | INFO | Val - Loss, MSE, MAE: 0.00273, 0.00273, 0.03199
2025-12-22 02:09:21,010 | INFO | Test - Best epoch, Loss, MSE, MAE: 77, 0.00262, 0.00262, 0.03124
2025-12-22 02:09:21,010 | INFO | Test - Points (EXACT): total_masked=96963 correct=58206 right_rate=60.0291%
2025-12-22 02:09:25,930 | INFO | - Epoch 079, ExpID 89646 best_epoch=77 improved=0
2025-12-22 02:09:25,930 | INFO | Train - Loss (last batch): 0.00267
2025-12-22 02:09:25,930 | INFO | Val - Loss, MSE, MAE: 0.00270, 0.00270, 0.03176
2025-12-22 02:09:25,930 | INFO | Test - Best epoch, Loss, MSE, MAE: 77, 0.00262, 0.00262, 0.03124
2025-12-22 02:09:25,930 | INFO | Test - Points (EXACT): total_masked=96963 correct=58206 right_rate=60.0291%
2025-12-22 02:09:31,242 | INFO | - Epoch 080, ExpID 89646 best_epoch=77 improved=0
2025-12-22 02:09:31,242 | INFO | Train - Loss (last batch): 0.00240
2025-12-22 02:09:31,242 | INFO | Val - Loss, MSE, MAE: 0.00279, 0.00279, 0.03310
2025-12-22 02:09:31,242 | INFO | Test - Best epoch, Loss, MSE, MAE: 77, 0.00262, 0.00262, 0.03124
2025-12-22 02:09:31,242 | INFO | Test - Points (EXACT): total_masked=96963 correct=58206 right_rate=60.0291%
2025-12-22 02:09:36,311 | INFO | - Epoch 081, ExpID 89646 best_epoch=77 improved=0
2025-12-22 02:09:36,350 | INFO | Train - Loss (last batch): 0.00258
2025-12-22 02:09:36,350 | INFO | Val - Loss, MSE, MAE: 0.00269, 0.00269, 0.03160
2025-12-22 02:09:36,350 | INFO | Test - Best epoch, Loss, MSE, MAE: 77, 0.00262, 0.00262, 0.03124
2025-12-22 02:09:36,350 | INFO | Test - Points (EXACT): total_masked=96963 correct=58206 right_rate=60.0291%
2025-12-22 02:09:41,451 | INFO | - Epoch 082, ExpID 89646 best_epoch=77 improved=0
2025-12-22 02:09:41,451 | INFO | Train - Loss (last batch): 0.00200
2025-12-22 02:09:41,451 | INFO | Val - Loss, MSE, MAE: 0.00296, 0.00296, 0.03559
2025-12-22 02:09:41,451 | INFO | Test - Best epoch, Loss, MSE, MAE: 77, 0.00262, 0.00262, 0.03124
2025-12-22 02:09:41,451 | INFO | Test - Points (EXACT): total_masked=96963 correct=58206 right_rate=60.0291%
2025-12-22 02:09:46,474 | INFO | - Epoch 083, ExpID 89646 best_epoch=77 improved=0
2025-12-22 02:09:46,474 | INFO | Train - Loss (last batch): 0.00240
2025-12-22 02:09:46,474 | INFO | Val - Loss, MSE, MAE: 0.00273, 0.00273, 0.03200
2025-12-22 02:09:46,474 | INFO | Test - Best epoch, Loss, MSE, MAE: 77, 0.00262, 0.00262, 0.03124
2025-12-22 02:09:46,474 | INFO | Test - Points (EXACT): total_masked=96963 correct=58206 right_rate=60.0291%
2025-12-22 02:09:51,417 | INFO | - Epoch 084, ExpID 89646 best_epoch=77 improved=0
2025-12-22 02:09:51,417 | INFO | Train - Loss (last batch): 0.00256
2025-12-22 02:09:51,417 | INFO | Val - Loss, MSE, MAE: 0.00281, 0.00281, 0.03348
2025-12-22 02:09:51,417 | INFO | Test - Best epoch, Loss, MSE, MAE: 77, 0.00262, 0.00262, 0.03124
2025-12-22 02:09:51,417 | INFO | Test - Points (EXACT): total_masked=96963 correct=58206 right_rate=60.0291%
2025-12-22 02:09:56,394 | INFO | - Epoch 085, ExpID 89646 best_epoch=77 improved=0
2025-12-22 02:09:56,394 | INFO | Train - Loss (last batch): 0.00229
2025-12-22 02:09:56,394 | INFO | Val - Loss, MSE, MAE: 0.00277, 0.00277, 0.03271
2025-12-22 02:09:56,394 | INFO | Test - Best epoch, Loss, MSE, MAE: 77, 0.00262, 0.00262, 0.03124
2025-12-22 02:09:56,394 | INFO | Test - Points (EXACT): total_masked=96963 correct=58206 right_rate=60.0291%
2025-12-22 02:10:01,507 | INFO | - Epoch 086, ExpID 89646 best_epoch=77 improved=0
2025-12-22 02:10:01,507 | INFO | Train - Loss (last batch): 0.00273
2025-12-22 02:10:01,507 | INFO | Val - Loss, MSE, MAE: 0.00270, 0.00270, 0.03174
2025-12-22 02:10:01,507 | INFO | Test - Best epoch, Loss, MSE, MAE: 77, 0.00262, 0.00262, 0.03124
2025-12-22 02:10:01,507 | INFO | Test - Points (EXACT): total_masked=96963 correct=58206 right_rate=60.0291%
2025-12-22 02:10:06,606 | INFO | - Epoch 087, ExpID 89646 best_epoch=77 improved=0
2025-12-22 02:10:06,606 | INFO | Train - Loss (last batch): 0.00194
2025-12-22 02:10:06,606 | INFO | Val - Loss, MSE, MAE: 0.00273, 0.00273, 0.03216
2025-12-22 02:10:06,606 | INFO | Test - Best epoch, Loss, MSE, MAE: 77, 0.00262, 0.00262, 0.03124
2025-12-22 02:10:06,606 | INFO | Test - Points (EXACT): total_masked=96963 correct=58206 right_rate=60.0291%
2025-12-22 02:10:11,554 | INFO | - Epoch 088, ExpID 89646 best_epoch=77 improved=0
2025-12-22 02:10:11,554 | INFO | Train - Loss (last batch): 0.00215
2025-12-22 02:10:11,554 | INFO | Val - Loss, MSE, MAE: 0.00279, 0.00279, 0.03318
2025-12-22 02:10:11,554 | INFO | Test - Best epoch, Loss, MSE, MAE: 77, 0.00262, 0.00262, 0.03124
2025-12-22 02:10:11,554 | INFO | Test - Points (EXACT): total_masked=96963 correct=58206 right_rate=60.0291%
2025-12-22 02:10:16,706 | INFO | - Epoch 089, ExpID 89646 best_epoch=77 improved=0
2025-12-22 02:10:16,706 | INFO | Train - Loss (last batch): 0.00183
2025-12-22 02:10:16,706 | INFO | Val - Loss, MSE, MAE: 0.00277, 0.00277, 0.03267
2025-12-22 02:10:16,706 | INFO | Test - Best epoch, Loss, MSE, MAE: 77, 0.00262, 0.00262, 0.03124
2025-12-22 02:10:16,706 | INFO | Test - Points (EXACT): total_masked=96963 correct=58206 right_rate=60.0291%
2025-12-22 02:10:21,625 | INFO | - Epoch 090, ExpID 89646 best_epoch=77 improved=0
2025-12-22 02:10:21,625 | INFO | Train - Loss (last batch): 0.00246
2025-12-22 02:10:21,625 | INFO | Val - Loss, MSE, MAE: 0.00283, 0.00283, 0.03368
2025-12-22 02:10:21,625 | INFO | Test - Best epoch, Loss, MSE, MAE: 77, 0.00262, 0.00262, 0.03124
2025-12-22 02:10:21,625 | INFO | Test - Points (EXACT): total_masked=96963 correct=58206 right_rate=60.0291%
2025-12-22 02:10:26,574 | INFO | - Epoch 091, ExpID 89646 best_epoch=77 improved=0
2025-12-22 02:10:26,574 | INFO | Train - Loss (last batch): 0.00224
2025-12-22 02:10:26,574 | INFO | Val - Loss, MSE, MAE: 0.00275, 0.00275, 0.03249
2025-12-22 02:10:26,574 | INFO | Test - Best epoch, Loss, MSE, MAE: 77, 0.00262, 0.00262, 0.03124
2025-12-22 02:10:26,574 | INFO | Test - Points (EXACT): total_masked=96963 correct=58206 right_rate=60.0291%
2025-12-22 02:10:31,638 | INFO | - Epoch 092, ExpID 89646 best_epoch=77 improved=0
2025-12-22 02:10:31,638 | INFO | Train - Loss (last batch): 0.00209
2025-12-22 02:10:31,638 | INFO | Val - Loss, MSE, MAE: 0.00270, 0.00270, 0.03138
2025-12-22 02:10:31,638 | INFO | Test - Best epoch, Loss, MSE, MAE: 77, 0.00262, 0.00262, 0.03124
2025-12-22 02:10:31,638 | INFO | Test - Points (EXACT): total_masked=96963 correct=58206 right_rate=60.0291%
2025-12-22 02:10:36,690 | INFO | - Epoch 093, ExpID 89646 best_epoch=77 improved=0
2025-12-22 02:10:36,690 | INFO | Train - Loss (last batch): 0.00242
2025-12-22 02:10:36,690 | INFO | Val - Loss, MSE, MAE: 0.00285, 0.00285, 0.03370
2025-12-22 02:10:36,690 | INFO | Test - Best epoch, Loss, MSE, MAE: 77, 0.00262, 0.00262, 0.03124
2025-12-22 02:10:36,690 | INFO | Test - Points (EXACT): total_masked=96963 correct=58206 right_rate=60.0291%
2025-12-22 02:10:41,584 | INFO | - Epoch 094, ExpID 89646 best_epoch=77 improved=0
2025-12-22 02:10:41,584 | INFO | Train - Loss (last batch): 0.00267
2025-12-22 02:10:41,584 | INFO | Val - Loss, MSE, MAE: 0.00278, 0.00278, 0.03308
2025-12-22 02:10:41,584 | INFO | Test - Best epoch, Loss, MSE, MAE: 77, 0.00262, 0.00262, 0.03124
2025-12-22 02:10:41,584 | INFO | Test - Points (EXACT): total_masked=96963 correct=58206 right_rate=60.0291%
2025-12-22 02:10:47,029 | INFO | - Epoch 095, ExpID 89646 best_epoch=95 improved=1
2025-12-22 02:10:47,029 | INFO | Train - Loss (last batch): 0.00213
2025-12-22 02:10:47,029 | INFO | Val - Loss, MSE, MAE: 0.00267, 0.00267, 0.03084
2025-12-22 02:10:47,029 | INFO | Test - Best epoch, Loss, MSE, MAE: 95, 0.00261, 0.00261, 0.03094
2025-12-22 02:10:47,029 | INFO | Test - Points (EXACT): total_masked=96963 correct=58630 right_rate=60.4664%
2025-12-22 02:10:52,061 | INFO | - Epoch 096, ExpID 89646 best_epoch=95 improved=0
2025-12-22 02:10:52,061 | INFO | Train - Loss (last batch): 0.00243
2025-12-22 02:10:52,061 | INFO | Val - Loss, MSE, MAE: 0.00289, 0.00289, 0.03458
2025-12-22 02:10:52,061 | INFO | Test - Best epoch, Loss, MSE, MAE: 95, 0.00261, 0.00261, 0.03094
2025-12-22 02:10:52,061 | INFO | Test - Points (EXACT): total_masked=96963 correct=58630 right_rate=60.4664%
2025-12-22 02:10:57,034 | INFO | - Epoch 097, ExpID 89646 best_epoch=95 improved=0
2025-12-22 02:10:57,034 | INFO | Train - Loss (last batch): 0.00215
2025-12-22 02:10:57,034 | INFO | Val - Loss, MSE, MAE: 0.00276, 0.00276, 0.03251
2025-12-22 02:10:57,034 | INFO | Test - Best epoch, Loss, MSE, MAE: 95, 0.00261, 0.00261, 0.03094
2025-12-22 02:10:57,034 | INFO | Test - Points (EXACT): total_masked=96963 correct=58630 right_rate=60.4664%
2025-12-22 02:11:02,078 | INFO | - Epoch 098, ExpID 89646 best_epoch=95 improved=0
2025-12-22 02:11:02,078 | INFO | Train - Loss (last batch): 0.00174
2025-12-22 02:11:02,078 | INFO | Val - Loss, MSE, MAE: 0.00279, 0.00279, 0.03311
2025-12-22 02:11:02,078 | INFO | Test - Best epoch, Loss, MSE, MAE: 95, 0.00261, 0.00261, 0.03094
2025-12-22 02:11:02,078 | INFO | Test - Points (EXACT): total_masked=96963 correct=58630 right_rate=60.4664%
2025-12-22 02:11:07,106 | INFO | - Epoch 099, ExpID 89646 best_epoch=95 improved=0
2025-12-22 02:11:07,106 | INFO | Train - Loss (last batch): 0.00252
2025-12-22 02:11:07,106 | INFO | Val - Loss, MSE, MAE: 0.00279, 0.00279, 0.03293
2025-12-22 02:11:07,106 | INFO | Test - Best epoch, Loss, MSE, MAE: 95, 0.00261, 0.00261, 0.03094
2025-12-22 02:11:07,106 | INFO | Test - Points (EXACT): total_masked=96963 correct=58630 right_rate=60.4664%
2025-12-22 02:11:12,102 | INFO | - Epoch 100, ExpID 89646 best_epoch=95 improved=0
2025-12-22 02:11:12,102 | INFO | Train - Loss (last batch): 0.00212
2025-12-22 02:11:12,102 | INFO | Val - Loss, MSE, MAE: 0.00268, 0.00268, 0.03129
2025-12-22 02:11:12,102 | INFO | Test - Best epoch, Loss, MSE, MAE: 95, 0.00261, 0.00261, 0.03094
2025-12-22 02:11:12,102 | INFO | Test - Points (EXACT): total_masked=96963 correct=58630 right_rate=60.4664%
2025-12-22 02:11:17,134 | INFO | - Epoch 101, ExpID 89646 best_epoch=95 improved=0
2025-12-22 02:11:17,134 | INFO | Train - Loss (last batch): 0.00228
2025-12-22 02:11:17,134 | INFO | Val - Loss, MSE, MAE: 0.00283, 0.00283, 0.03379
2025-12-22 02:11:17,134 | INFO | Test - Best epoch, Loss, MSE, MAE: 95, 0.00261, 0.00261, 0.03094
2025-12-22 02:11:17,134 | INFO | Test - Points (EXACT): total_masked=96963 correct=58630 right_rate=60.4664%
2025-12-22 02:11:22,154 | INFO | - Epoch 102, ExpID 89646 best_epoch=95 improved=0
2025-12-22 02:11:22,155 | INFO | Train - Loss (last batch): 0.00218
2025-12-22 02:11:22,155 | INFO | Val - Loss, MSE, MAE: 0.00273, 0.00273, 0.03207
2025-12-22 02:11:22,155 | INFO | Test - Best epoch, Loss, MSE, MAE: 95, 0.00261, 0.00261, 0.03094
2025-12-22 02:11:22,155 | INFO | Test - Points (EXACT): total_masked=96963 correct=58630 right_rate=60.4664%
2025-12-22 02:11:26,766 | INFO | - Epoch 103, ExpID 89646 best_epoch=95 improved=0
2025-12-22 02:11:26,767 | INFO | Train - Loss (last batch): 0.00211
2025-12-22 02:11:26,767 | INFO | Val - Loss, MSE, MAE: 0.00272, 0.00272, 0.03205
2025-12-22 02:11:26,767 | INFO | Test - Best epoch, Loss, MSE, MAE: 95, 0.00261, 0.00261, 0.03094
2025-12-22 02:11:26,767 | INFO | Test - Points (EXACT): total_masked=96963 correct=58630 right_rate=60.4664%
2025-12-22 02:11:31,786 | INFO | - Epoch 104, ExpID 89646 best_epoch=95 improved=0
2025-12-22 02:11:31,786 | INFO | Train - Loss (last batch): 0.00282
2025-12-22 02:11:31,786 | INFO | Val - Loss, MSE, MAE: 0.00276, 0.00276, 0.03234
2025-12-22 02:11:31,787 | INFO | Test - Best epoch, Loss, MSE, MAE: 95, 0.00261, 0.00261, 0.03094
2025-12-22 02:11:31,787 | INFO | Test - Points (EXACT): total_masked=96963 correct=58630 right_rate=60.4664%
2025-12-22 02:11:37,054 | INFO | - Epoch 105, ExpID 89646 best_epoch=95 improved=0
2025-12-22 02:11:37,054 | INFO | Train - Loss (last batch): 0.00249
2025-12-22 02:11:37,054 | INFO | Val - Loss, MSE, MAE: 0.00268, 0.00268, 0.03122
2025-12-22 02:11:37,054 | INFO | Test - Best epoch, Loss, MSE, MAE: 95, 0.00261, 0.00261, 0.03094
2025-12-22 02:11:37,054 | INFO | Test - Points (EXACT): total_masked=96963 correct=58630 right_rate=60.4664%
2025-12-22 02:11:42,138 | INFO | - Epoch 106, ExpID 89646 best_epoch=95 improved=0
2025-12-22 02:11:42,138 | INFO | Train - Loss (last batch): 0.00251
2025-12-22 02:11:42,138 | INFO | Val - Loss, MSE, MAE: 0.00276, 0.00276, 0.03259
2025-12-22 02:11:42,138 | INFO | Test - Best epoch, Loss, MSE, MAE: 95, 0.00261, 0.00261, 0.03094
2025-12-22 02:11:42,138 | INFO | Test - Points (EXACT): total_masked=96963 correct=58630 right_rate=60.4664%
2025-12-22 02:11:47,174 | INFO | - Epoch 107, ExpID 89646 best_epoch=95 improved=0
2025-12-22 02:11:47,174 | INFO | Train - Loss (last batch): 0.00211
2025-12-22 02:11:47,174 | INFO | Val - Loss, MSE, MAE: 0.00278, 0.00278, 0.03285
2025-12-22 02:11:47,174 | INFO | Test - Best epoch, Loss, MSE, MAE: 95, 0.00261, 0.00261, 0.03094
2025-12-22 02:11:47,174 | INFO | Test - Points (EXACT): total_masked=96963 correct=58630 right_rate=60.4664%
2025-12-22 02:11:52,102 | INFO | - Epoch 108, ExpID 89646 best_epoch=95 improved=0
2025-12-22 02:11:52,102 | INFO | Train - Loss (last batch): 0.00269
2025-12-22 02:11:52,102 | INFO | Val - Loss, MSE, MAE: 0.00274, 0.00274, 0.03219
2025-12-22 02:11:52,102 | INFO | Test - Best epoch, Loss, MSE, MAE: 95, 0.00261, 0.00261, 0.03094
2025-12-22 02:11:52,102 | INFO | Test - Points (EXACT): total_masked=96963 correct=58630 right_rate=60.4664%
2025-12-22 02:11:57,126 | INFO | - Epoch 109, ExpID 89646 best_epoch=95 improved=0
2025-12-22 02:11:57,126 | INFO | Train - Loss (last batch): 0.00293
2025-12-22 02:11:57,126 | INFO | Val - Loss, MSE, MAE: 0.00275, 0.00275, 0.03240
2025-12-22 02:11:57,126 | INFO | Test - Best epoch, Loss, MSE, MAE: 95, 0.00261, 0.00261, 0.03094
2025-12-22 02:11:57,126 | INFO | Test - Points (EXACT): total_masked=96963 correct=58630 right_rate=60.4664%
2025-12-22 02:12:01,864 | INFO | - Epoch 110, ExpID 89646 best_epoch=95 improved=0
2025-12-22 02:12:01,864 | INFO | Train - Loss (last batch): 0.00154
2025-12-22 02:12:01,864 | INFO | Val - Loss, MSE, MAE: 0.00275, 0.00275, 0.03229
2025-12-22 02:12:01,864 | INFO | Test - Best epoch, Loss, MSE, MAE: 95, 0.00261, 0.00261, 0.03094
2025-12-22 02:12:01,864 | INFO | Test - Points (EXACT): total_masked=96963 correct=58630 right_rate=60.4664%
2025-12-22 02:12:06,421 | INFO | - Epoch 111, ExpID 89646 best_epoch=95 improved=0
2025-12-22 02:12:06,421 | INFO | Train - Loss (last batch): 0.00249
2025-12-22 02:12:06,421 | INFO | Val - Loss, MSE, MAE: 0.00274, 0.00274, 0.03223
2025-12-22 02:12:06,421 | INFO | Test - Best epoch, Loss, MSE, MAE: 95, 0.00261, 0.00261, 0.03094
2025-12-22 02:12:06,421 | INFO | Test - Points (EXACT): total_masked=96963 correct=58630 right_rate=60.4664%
2025-12-22 02:12:11,239 | INFO | - Epoch 112, ExpID 89646 best_epoch=95 improved=0
2025-12-22 02:12:11,240 | INFO | Train - Loss (last batch): 0.00212
2025-12-22 02:12:11,240 | INFO | Val - Loss, MSE, MAE: 0.00275, 0.00275, 0.03247
2025-12-22 02:12:11,240 | INFO | Test - Best epoch, Loss, MSE, MAE: 95, 0.00261, 0.00261, 0.03094
2025-12-22 02:12:11,240 | INFO | Test - Points (EXACT): total_masked=96963 correct=58630 right_rate=60.4664%
2025-12-22 02:12:16,146 | INFO | - Epoch 113, ExpID 89646 best_epoch=95 improved=0
2025-12-22 02:12:16,146 | INFO | Train - Loss (last batch): 0.00196
2025-12-22 02:12:16,146 | INFO | Val - Loss, MSE, MAE: 0.00279, 0.00279, 0.03309
2025-12-22 02:12:16,146 | INFO | Test - Best epoch, Loss, MSE, MAE: 95, 0.00261, 0.00261, 0.03094
2025-12-22 02:12:16,146 | INFO | Test - Points (EXACT): total_masked=96963 correct=58630 right_rate=60.4664%
2025-12-22 02:12:21,266 | INFO | - Epoch 114, ExpID 89646 best_epoch=95 improved=0
2025-12-22 02:12:21,266 | INFO | Train - Loss (last batch): 0.00238
2025-12-22 02:12:21,266 | INFO | Val - Loss, MSE, MAE: 0.00274, 0.00274, 0.03211
2025-12-22 02:12:21,266 | INFO | Test - Best epoch, Loss, MSE, MAE: 95, 0.00261, 0.00261, 0.03094
2025-12-22 02:12:21,266 | INFO | Test - Points (EXACT): total_masked=96963 correct=58630 right_rate=60.4664%
2025-12-22 02:12:26,246 | INFO | - Epoch 115, ExpID 89646 best_epoch=95 improved=0
2025-12-22 02:12:26,246 | INFO | Train - Loss (last batch): 0.00246
2025-12-22 02:12:26,246 | INFO | Val - Loss, MSE, MAE: 0.00273, 0.00273, 0.03203
2025-12-22 02:12:26,246 | INFO | Test - Best epoch, Loss, MSE, MAE: 95, 0.00261, 0.00261, 0.03094
2025-12-22 02:12:26,246 | INFO | Test - Points (EXACT): total_masked=96963 correct=58630 right_rate=60.4664%
2025-12-22 02:12:31,085 | INFO | - Epoch 116, ExpID 89646 best_epoch=95 improved=0
2025-12-22 02:12:31,085 | INFO | Train - Loss (last batch): 0.00261
2025-12-22 02:12:31,085 | INFO | Val - Loss, MSE, MAE: 0.00276, 0.00276, 0.03258
2025-12-22 02:12:31,085 | INFO | Test - Best epoch, Loss, MSE, MAE: 95, 0.00261, 0.00261, 0.03094
2025-12-22 02:12:31,085 | INFO | Test - Points (EXACT): total_masked=96963 correct=58630 right_rate=60.4664%
2025-12-22 02:12:35,990 | INFO | - Epoch 117, ExpID 89646 best_epoch=95 improved=0
2025-12-22 02:12:35,990 | INFO | Train - Loss (last batch): 0.00227
2025-12-22 02:12:35,990 | INFO | Val - Loss, MSE, MAE: 0.00274, 0.00274, 0.03213
2025-12-22 02:12:35,990 | INFO | Test - Best epoch, Loss, MSE, MAE: 95, 0.00261, 0.00261, 0.03094
2025-12-22 02:12:35,990 | INFO | Test - Points (EXACT): total_masked=96963 correct=58630 right_rate=60.4664%
2025-12-22 02:12:40,689 | INFO | - Epoch 118, ExpID 89646 best_epoch=95 improved=0
2025-12-22 02:12:40,689 | INFO | Train - Loss (last batch): 0.00214
2025-12-22 02:12:40,689 | INFO | Val - Loss, MSE, MAE: 0.00281, 0.00281, 0.03326
2025-12-22 02:12:40,689 | INFO | Test - Best epoch, Loss, MSE, MAE: 95, 0.00261, 0.00261, 0.03094
2025-12-22 02:12:40,689 | INFO | Test - Points (EXACT): total_masked=96963 correct=58630 right_rate=60.4664%
2025-12-22 02:12:45,662 | INFO | - Epoch 119, ExpID 89646 best_epoch=95 improved=0
2025-12-22 02:12:45,662 | INFO | Train - Loss (last batch): 0.00167
2025-12-22 02:12:45,662 | INFO | Val - Loss, MSE, MAE: 0.00274, 0.00274, 0.03222
2025-12-22 02:12:45,662 | INFO | Test - Best epoch, Loss, MSE, MAE: 95, 0.00261, 0.00261, 0.03094
2025-12-22 02:12:45,662 | INFO | Test - Points (EXACT): total_masked=96963 correct=58630 right_rate=60.4664%
2025-12-22 02:12:50,511 | INFO | - Epoch 120, ExpID 89646 best_epoch=95 improved=0
2025-12-22 02:12:50,512 | INFO | Train - Loss (last batch): 0.00186
2025-12-22 02:12:50,512 | INFO | Val - Loss, MSE, MAE: 0.00279, 0.00279, 0.03308
2025-12-22 02:12:50,512 | INFO | Test - Best epoch, Loss, MSE, MAE: 95, 0.00261, 0.00261, 0.03094
2025-12-22 02:12:50,512 | INFO | Test - Points (EXACT): total_masked=96963 correct=58630 right_rate=60.4664%
2025-12-22 02:12:55,029 | INFO | - Epoch 121, ExpID 89646 best_epoch=95 improved=0
2025-12-22 02:12:55,029 | INFO | Train - Loss (last batch): 0.00250
2025-12-22 02:12:55,029 | INFO | Val - Loss, MSE, MAE: 0.00274, 0.00274, 0.03216
2025-12-22 02:12:55,029 | INFO | Test - Best epoch, Loss, MSE, MAE: 95, 0.00261, 0.00261, 0.03094
2025-12-22 02:12:55,029 | INFO | Test - Points (EXACT): total_masked=96963 correct=58630 right_rate=60.4664%
2025-12-22 02:13:00,066 | INFO | - Epoch 122, ExpID 89646 best_epoch=95 improved=0
2025-12-22 02:13:00,066 | INFO | Train - Loss (last batch): 0.00241
2025-12-22 02:13:00,066 | INFO | Val - Loss, MSE, MAE: 0.00274, 0.00274, 0.03225
2025-12-22 02:13:00,066 | INFO | Test - Best epoch, Loss, MSE, MAE: 95, 0.00261, 0.00261, 0.03094
2025-12-22 02:13:00,066 | INFO | Test - Points (EXACT): total_masked=96963 correct=58630 right_rate=60.4664%
2025-12-22 02:13:04,850 | INFO | - Epoch 123, ExpID 89646 best_epoch=95 improved=0
2025-12-22 02:13:04,850 | INFO | Train - Loss (last batch): 0.00225
2025-12-22 02:13:04,850 | INFO | Val - Loss, MSE, MAE: 0.00273, 0.00273, 0.03204
2025-12-22 02:13:04,850 | INFO | Test - Best epoch, Loss, MSE, MAE: 95, 0.00261, 0.00261, 0.03094
2025-12-22 02:13:04,850 | INFO | Test - Points (EXACT): total_masked=96963 correct=58630 right_rate=60.4664%
2025-12-22 02:13:09,705 | INFO | - Epoch 124, ExpID 89646 best_epoch=95 improved=0
2025-12-22 02:13:09,705 | INFO | Train - Loss (last batch): 0.00243
2025-12-22 02:13:09,705 | INFO | Val - Loss, MSE, MAE: 0.00279, 0.00279, 0.03298
2025-12-22 02:13:09,705 | INFO | Test - Best epoch, Loss, MSE, MAE: 95, 0.00261, 0.00261, 0.03094
2025-12-22 02:13:09,705 | INFO | Test - Points (EXACT): total_masked=96963 correct=58630 right_rate=60.4664%
2025-12-22 02:13:14,522 | INFO | - Epoch 125, ExpID 89646 best_epoch=95 improved=0
2025-12-22 02:13:14,522 | INFO | Train - Loss (last batch): 0.00241
2025-12-22 02:13:14,522 | INFO | Val - Loss, MSE, MAE: 0.00276, 0.00276, 0.03256
2025-12-22 02:13:14,522 | INFO | Test - Best epoch, Loss, MSE, MAE: 95, 0.00261, 0.00261, 0.03094
2025-12-22 02:13:14,522 | INFO | Test - Points (EXACT): total_masked=96963 correct=58630 right_rate=60.4664%
2025-12-22 02:13:19,555 | INFO | - Epoch 126, ExpID 89646 best_epoch=95 improved=0
2025-12-22 02:13:19,555 | INFO | Train - Loss (last batch): 0.00233
2025-12-22 02:13:19,555 | INFO | Val - Loss, MSE, MAE: 0.00279, 0.00279, 0.03315
2025-12-22 02:13:19,555 | INFO | Test - Best epoch, Loss, MSE, MAE: 95, 0.00261, 0.00261, 0.03094
2025-12-22 02:13:19,555 | INFO | Test - Points (EXACT): total_masked=96963 correct=58630 right_rate=60.4664%
2025-12-22 02:13:24,658 | INFO | - Epoch 127, ExpID 89646 best_epoch=95 improved=0
2025-12-22 02:13:24,658 | INFO | Train - Loss (last batch): 0.00258
2025-12-22 02:13:24,658 | INFO | Val - Loss, MSE, MAE: 0.00272, 0.00272, 0.03185
2025-12-22 02:13:24,658 | INFO | Test - Best epoch, Loss, MSE, MAE: 95, 0.00261, 0.00261, 0.03094
2025-12-22 02:13:24,658 | INFO | Test - Points (EXACT): total_masked=96963 correct=58630 right_rate=60.4664%
2025-12-22 02:13:29,722 | INFO | - Epoch 128, ExpID 89646 best_epoch=95 improved=0
2025-12-22 02:13:29,722 | INFO | Train - Loss (last batch): 0.00297
2025-12-22 02:13:29,722 | INFO | Val - Loss, MSE, MAE: 0.00276, 0.00276, 0.03256
2025-12-22 02:13:29,722 | INFO | Test - Best epoch, Loss, MSE, MAE: 95, 0.00261, 0.00261, 0.03094
2025-12-22 02:13:29,722 | INFO | Test - Points (EXACT): total_masked=96963 correct=58630 right_rate=60.4664%
2025-12-22 02:13:34,685 | INFO | - Epoch 129, ExpID 89646 best_epoch=95 improved=0
2025-12-22 02:13:34,686 | INFO | Train - Loss (last batch): 0.00230
2025-12-22 02:13:34,686 | INFO | Val - Loss, MSE, MAE: 0.00277, 0.00277, 0.03271
2025-12-22 02:13:34,686 | INFO | Test - Best epoch, Loss, MSE, MAE: 95, 0.00261, 0.00261, 0.03094
2025-12-22 02:13:34,686 | INFO | Test - Points (EXACT): total_masked=96963 correct=58630 right_rate=60.4664%
2025-12-22 02:13:39,694 | INFO | - Epoch 130, ExpID 89646 best_epoch=95 improved=0
2025-12-22 02:13:39,695 | INFO | Train - Loss (last batch): 0.00271
2025-12-22 02:13:39,695 | INFO | Val - Loss, MSE, MAE: 0.00272, 0.00272, 0.03198
2025-12-22 02:13:39,695 | INFO | Test - Best epoch, Loss, MSE, MAE: 95, 0.00261, 0.00261, 0.03094
2025-12-22 02:13:39,695 | INFO | Test - Points (EXACT): total_masked=96963 correct=58630 right_rate=60.4664%
2025-12-22 02:13:44,394 | INFO | - Epoch 131, ExpID 89646 best_epoch=95 improved=0
2025-12-22 02:13:44,394 | INFO | Train - Loss (last batch): 0.00184
2025-12-22 02:13:44,394 | INFO | Val - Loss, MSE, MAE: 0.00275, 0.00275, 0.03249
2025-12-22 02:13:44,394 | INFO | Test - Best epoch, Loss, MSE, MAE: 95, 0.00261, 0.00261, 0.03094
2025-12-22 02:13:44,394 | INFO | Test - Points (EXACT): total_masked=96963 correct=58630 right_rate=60.4664%
2025-12-22 02:13:49,314 | INFO | - Epoch 132, ExpID 89646 best_epoch=95 improved=0
2025-12-22 02:13:49,314 | INFO | Train - Loss (last batch): 0.00182
2025-12-22 02:13:49,314 | INFO | Val - Loss, MSE, MAE: 0.00273, 0.00273, 0.03214
2025-12-22 02:13:49,314 | INFO | Test - Best epoch, Loss, MSE, MAE: 95, 0.00261, 0.00261, 0.03094
2025-12-22 02:13:49,314 | INFO | Test - Points (EXACT): total_masked=96963 correct=58630 right_rate=60.4664%
2025-12-22 02:13:54,362 | INFO | - Epoch 133, ExpID 89646 best_epoch=95 improved=0
2025-12-22 02:13:54,362 | INFO | Train - Loss (last batch): 0.00276
2025-12-22 02:13:54,362 | INFO | Val - Loss, MSE, MAE: 0.00274, 0.00274, 0.03221
2025-12-22 02:13:54,362 | INFO | Test - Best epoch, Loss, MSE, MAE: 95, 0.00261, 0.00261, 0.03094
2025-12-22 02:13:54,362 | INFO | Test - Points (EXACT): total_masked=96963 correct=58630 right_rate=60.4664%
2025-12-22 02:13:59,418 | INFO | - Epoch 134, ExpID 89646 best_epoch=95 improved=0
2025-12-22 02:13:59,418 | INFO | Train - Loss (last batch): 0.00245
2025-12-22 02:13:59,418 | INFO | Val - Loss, MSE, MAE: 0.00273, 0.00273, 0.03200
2025-12-22 02:13:59,418 | INFO | Test - Best epoch, Loss, MSE, MAE: 95, 0.00261, 0.00261, 0.03094
2025-12-22 02:13:59,418 | INFO | Test - Points (EXACT): total_masked=96963 correct=58630 right_rate=60.4664%
2025-12-22 02:14:04,530 | INFO | - Epoch 135, ExpID 89646 best_epoch=95 improved=0
2025-12-22 02:14:04,530 | INFO | Train - Loss (last batch): 0.00202
2025-12-22 02:14:04,530 | INFO | Val - Loss, MSE, MAE: 0.00276, 0.00276, 0.03250
2025-12-22 02:14:04,531 | INFO | Test - Best epoch, Loss, MSE, MAE: 95, 0.00261, 0.00261, 0.03094
2025-12-22 02:14:04,531 | INFO | Test - Points (EXACT): total_masked=96963 correct=58630 right_rate=60.4664%
