2025-12-22 00:42:33,333 | INFO | TOP_ERR | split=test epoch=0 rank=1/10 b=3 t=23 var_idx=9 tp=1.234333 y_true=0.039639 y_pred=0.554354 diff=0.514716 abs_err=0.514716
2025-12-22 00:42:33,334 | INFO | TOP_ERR | split=test epoch=0 rank=2/10 b=4 t=15 var_idx=9 tp=1.189333 y_true=0.038542 y_pred=0.551525 diff=0.512984 abs_err=0.512984
2025-12-22 00:42:33,334 | INFO | TOP_ERR | split=test epoch=0 rank=3/10 b=28 t=17 var_idx=10 tp=1.223333 y_true=0.911302 y_pred=0.491574 diff=-0.419728 abs_err=0.419728
2025-12-22 00:42:33,334 | INFO | TOP_ERR | split=test epoch=0 rank=4/10 b=3 t=23 var_idx=11 tp=1.234333 y_true=0.941412 y_pred=0.554684 diff=-0.386728 abs_err=0.386728
2025-12-22 00:42:33,334 | INFO | TOP_ERR | split=test epoch=0 rank=5/10 b=4 t=15 var_idx=11 tp=1.189333 y_true=0.927668 y_pred=0.555199 diff=-0.372470 abs_err=0.372470
2025-12-22 00:42:33,334 | INFO | TOP_ERR | split=test epoch=0 rank=6/10 b=5 t=11 var_idx=9 tp=1.144333 y_true=0.202946 y_pred=0.554315 diff=0.351370 abs_err=0.351370
2025-12-22 00:42:33,334 | INFO | TOP_ERR | split=test epoch=0 rank=7/10 b=6 t=24 var_idx=9 tp=1.279667 y_true=0.197830 y_pred=0.548589 diff=0.350759 abs_err=0.350759
2025-12-22 00:42:33,334 | INFO | TOP_ERR | split=test epoch=0 rank=8/10 b=6 t=19 var_idx=9 tp=1.207333 y_true=0.198705 y_pred=0.548171 diff=0.349466 abs_err=0.349466
2025-12-22 00:42:33,335 | INFO | TOP_ERR | split=test epoch=0 rank=9/10 b=6 t=16 var_idx=9 tp=1.171333 y_true=0.200337 y_pred=0.547932 diff=0.347595 abs_err=0.347595
2025-12-22 00:42:33,335 | INFO | TOP_ERR | split=test epoch=0 rank=10/10 b=7 t=27 var_idx=3 tp=1.315667 y_true=0.216271 y_pred=0.560737 diff=0.344466 abs_err=0.344466
2025-12-22 00:42:33,335 | INFO | TOP_BEST | split=test epoch=0 rank=1/3 b=2 t=28 var_idx=1 tp=1.297333 y_true=0.491925 y_pred=0.491984 diff=0.000059 abs_err=0.000059
2025-12-22 00:42:33,335 | INFO | TOP_BEST | split=test epoch=0 rank=2/3 b=20 t=27 var_idx=11 tp=1.295000 y_true=0.554944 y_pred=0.554878 diff=-0.000066 abs_err=0.000066
2025-12-22 00:42:33,335 | INFO | TOP_BEST | split=test epoch=0 rank=3/3 b=8 t=8 var_idx=10 tp=1.081333 y_true=0.488317 y_pred=0.488215 diff=-0.000102 abs_err=0.000102
2025-12-22 00:42:33,335 | INFO | TOP_OK | split=test epoch=0 none_found (no exact matches)
2025-12-22 00:42:39,197 | INFO | TOP_ERR | split=test epoch=1 rank=1/10 b=3 t=23 var_idx=9 tp=1.234333 y_true=0.039639 y_pred=0.519180 diff=0.479541 abs_err=0.479541
2025-12-22 00:42:39,197 | INFO | TOP_ERR | split=test epoch=1 rank=2/10 b=4 t=15 var_idx=9 tp=1.189333 y_true=0.038542 y_pred=0.470778 diff=0.432236 abs_err=0.432236
2025-12-22 00:42:39,197 | INFO | TOP_ERR | split=test epoch=1 rank=3/10 b=28 t=17 var_idx=10 tp=1.223333 y_true=0.911302 y_pred=0.527885 diff=-0.383417 abs_err=0.383417
2025-12-22 00:42:39,197 | INFO | TOP_ERR | split=test epoch=1 rank=4/10 b=3 t=23 var_idx=11 tp=1.234333 y_true=0.941412 y_pred=0.589056 diff=-0.352355 abs_err=0.352355
2025-12-22 00:42:39,197 | INFO | TOP_ERR | split=test epoch=1 rank=5/10 b=4 t=15 var_idx=11 tp=1.189333 y_true=0.927668 y_pred=0.611988 diff=-0.315680 abs_err=0.315680
2025-12-22 00:42:39,197 | INFO | TOP_ERR | split=test epoch=1 rank=6/10 b=1 t=6 var_idx=9 tp=1.072333 y_true=0.358579 y_pred=0.668736 diff=0.310157 abs_err=0.310157
2025-12-22 00:42:39,197 | INFO | TOP_ERR | split=test epoch=1 rank=7/10 b=3 t=23 var_idx=10 tp=1.234333 y_true=0.806160 y_pred=0.498678 diff=-0.307482 abs_err=0.307482
2025-12-22 00:42:39,198 | INFO | TOP_ERR | split=test epoch=1 rank=8/10 b=2 t=29 var_idx=9 tp=1.315333 y_true=0.289922 y_pred=0.588699 diff=0.298777 abs_err=0.298777
2025-12-22 00:42:39,198 | INFO | TOP_ERR | split=test epoch=1 rank=9/10 b=9 t=23 var_idx=9 tp=1.252667 y_true=0.743767 y_pred=0.449520 diff=-0.294247 abs_err=0.294247
2025-12-22 00:42:39,198 | INFO | TOP_ERR | split=test epoch=1 rank=10/10 b=9 t=19 var_idx=9 tp=1.216667 y_true=0.739735 y_pred=0.449126 diff=-0.290609 abs_err=0.290609
2025-12-22 00:42:39,198 | INFO | TOP_BEST | split=test epoch=1 rank=1/3 b=30 t=11 var_idx=2 tp=1.115333 y_true=0.427491 y_pred=0.427476 diff=-0.000015 abs_err=0.000015
2025-12-22 00:42:39,198 | INFO | TOP_BEST | split=test epoch=1 rank=2/3 b=26 t=20 var_idx=3 tp=1.214333 y_true=0.526892 y_pred=0.526867 diff=-0.000025 abs_err=0.000025
2025-12-22 00:42:39,199 | INFO | TOP_BEST | split=test epoch=1 rank=3/3 b=18 t=14 var_idx=5 tp=1.144667 y_true=0.602233 y_pred=0.602193 diff=-0.000041 abs_err=0.000041
2025-12-22 00:42:39,199 | INFO | TOP_OK | split=test epoch=1 none_found (no exact matches)
2025-12-22 00:42:45,065 | INFO | TOP_ERR | split=test epoch=2 rank=1/10 b=9 t=23 var_idx=9 tp=1.252667 y_true=0.743767 y_pred=0.336948 diff=-0.406819 abs_err=0.406819
2025-12-22 00:42:45,065 | INFO | TOP_ERR | split=test epoch=2 rank=2/10 b=9 t=19 var_idx=9 tp=1.216667 y_true=0.739735 y_pred=0.336523 diff=-0.403212 abs_err=0.403212
2025-12-22 00:42:45,065 | INFO | TOP_ERR | split=test epoch=2 rank=3/10 b=0 t=17 var_idx=9 tp=1.189333 y_true=0.490908 y_pred=0.845230 diff=0.354322 abs_err=0.354322
2025-12-22 00:42:45,065 | INFO | TOP_ERR | split=test epoch=2 rank=4/10 b=7 t=7 var_idx=0 tp=1.072333 y_true=0.670168 y_pred=0.318392 diff=-0.351776 abs_err=0.351776
2025-12-22 00:42:45,066 | INFO | TOP_ERR | split=test epoch=2 rank=5/10 b=0 t=14 var_idx=9 tp=1.153333 y_true=0.498529 y_pred=0.845056 diff=0.346527 abs_err=0.346527
2025-12-22 00:42:45,066 | INFO | TOP_ERR | split=test epoch=2 rank=6/10 b=0 t=21 var_idx=9 tp=1.225333 y_true=0.501051 y_pred=0.845399 diff=0.344348 abs_err=0.344348
2025-12-22 00:42:45,066 | INFO | TOP_ERR | split=test epoch=2 rank=7/10 b=0 t=24 var_idx=9 tp=1.261333 y_true=0.504238 y_pred=0.845564 diff=0.341327 abs_err=0.341327
2025-12-22 00:42:45,066 | INFO | TOP_ERR | split=test epoch=2 rank=8/10 b=3 t=23 var_idx=9 tp=1.234333 y_true=0.039639 y_pred=0.377628 diff=0.337990 abs_err=0.337990
2025-12-22 00:42:45,066 | INFO | TOP_ERR | split=test epoch=2 rank=9/10 b=0 t=28 var_idx=9 tp=1.297333 y_true=0.512302 y_pred=0.845726 diff=0.333424 abs_err=0.333424
2025-12-22 00:42:45,066 | INFO | TOP_ERR | split=test epoch=2 rank=10/10 b=5 t=6 var_idx=0 tp=1.090333 y_true=0.203071 y_pred=0.519040 diff=0.315969 abs_err=0.315969
2025-12-22 00:42:45,067 | INFO | TOP_BEST | split=test epoch=2 rank=1/3 b=26 t=26 var_idx=9 tp=1.277333 y_true=0.512417 y_pred=0.512389 diff=-0.000028 abs_err=0.000028
2025-12-22 00:42:45,067 | INFO | TOP_BEST | split=test epoch=2 rank=2/3 b=20 t=16 var_idx=7 tp=1.178000 y_true=0.662659 y_pred=0.662700 diff=0.000041 abs_err=0.000041
2025-12-22 00:42:45,067 | INFO | TOP_BEST | split=test epoch=2 rank=3/3 b=10 t=29 var_idx=10 tp=1.315667 y_true=0.545510 y_pred=0.545586 diff=0.000076 abs_err=0.000076
2025-12-22 00:42:45,067 | INFO | TOP_OK | split=test epoch=2 none_found (no exact matches)
2025-12-22 00:42:50,925 | INFO | TOP_ERR | split=test epoch=3 rank=1/10 b=9 t=23 var_idx=9 tp=1.252667 y_true=0.743767 y_pred=0.356158 diff=-0.387610 abs_err=0.387610
2025-12-22 00:42:50,925 | INFO | TOP_ERR | split=test epoch=3 rank=2/10 b=9 t=19 var_idx=9 tp=1.216667 y_true=0.739735 y_pred=0.355777 diff=-0.383958 abs_err=0.383958
2025-12-22 00:42:50,925 | INFO | TOP_ERR | split=test epoch=3 rank=3/10 b=7 t=7 var_idx=0 tp=1.072333 y_true=0.670168 y_pred=0.300249 diff=-0.369919 abs_err=0.369919
2025-12-22 00:42:50,925 | INFO | TOP_ERR | split=test epoch=3 rank=4/10 b=3 t=23 var_idx=9 tp=1.234333 y_true=0.039639 y_pred=0.381372 diff=0.341733 abs_err=0.341733
2025-12-22 00:42:50,925 | INFO | TOP_ERR | split=test epoch=3 rank=5/10 b=5 t=6 var_idx=0 tp=1.090333 y_true=0.203071 y_pred=0.538011 diff=0.334940 abs_err=0.334940
2025-12-22 00:42:50,926 | INFO | TOP_ERR | split=test epoch=3 rank=6/10 b=0 t=17 var_idx=9 tp=1.189333 y_true=0.490908 y_pred=0.814615 diff=0.323707 abs_err=0.323707
2025-12-22 00:42:50,926 | INFO | TOP_ERR | split=test epoch=3 rank=7/10 b=0 t=14 var_idx=9 tp=1.153333 y_true=0.498529 y_pred=0.814358 diff=0.315829 abs_err=0.315829
2025-12-22 00:42:50,926 | INFO | TOP_ERR | split=test epoch=3 rank=8/10 b=0 t=21 var_idx=9 tp=1.225333 y_true=0.501051 y_pred=0.814867 diff=0.313815 abs_err=0.313815
2025-12-22 00:42:50,926 | INFO | TOP_ERR | split=test epoch=3 rank=9/10 b=0 t=24 var_idx=9 tp=1.261333 y_true=0.504238 y_pred=0.815112 diff=0.310874 abs_err=0.310874
2025-12-22 00:42:50,926 | INFO | TOP_ERR | split=test epoch=3 rank=10/10 b=0 t=28 var_idx=9 tp=1.297333 y_true=0.512302 y_pred=0.815350 diff=0.303048 abs_err=0.303048
2025-12-22 00:42:50,926 | INFO | TOP_BEST | split=test epoch=3 rank=1/3 b=22 t=21 var_idx=2 tp=1.223000 y_true=0.485259 y_pred=0.485285 diff=0.000026 abs_err=0.000026
2025-12-22 00:42:50,927 | INFO | TOP_BEST | split=test epoch=3 rank=2/3 b=15 t=4 var_idx=7 tp=1.045667 y_true=0.665513 y_pred=0.665474 diff=-0.000039 abs_err=0.000039
2025-12-22 00:42:50,927 | INFO | TOP_BEST | split=test epoch=3 rank=3/3 b=8 t=29 var_idx=4 tp=1.306667 y_true=0.481250 y_pred=0.481206 diff=-0.000044 abs_err=0.000044
2025-12-22 00:42:50,927 | INFO | TOP_OK | split=test epoch=3 none_found (no exact matches)
2025-12-22 00:42:56,815 | INFO | TOP_ERR | split=test epoch=4 rank=1/10 b=7 t=7 var_idx=0 tp=1.072333 y_true=0.670168 y_pred=0.287082 diff=-0.383086 abs_err=0.383086
2025-12-22 00:42:56,815 | INFO | TOP_ERR | split=test epoch=4 rank=2/10 b=9 t=23 var_idx=9 tp=1.252667 y_true=0.743767 y_pred=0.374832 diff=-0.368935 abs_err=0.368935
2025-12-22 00:42:56,815 | INFO | TOP_ERR | split=test epoch=4 rank=3/10 b=9 t=19 var_idx=9 tp=1.216667 y_true=0.739735 y_pred=0.374536 diff=-0.365199 abs_err=0.365199
2025-12-22 00:42:56,816 | INFO | TOP_ERR | split=test epoch=4 rank=4/10 b=3 t=23 var_idx=9 tp=1.234333 y_true=0.039639 y_pred=0.387962 diff=0.348323 abs_err=0.348323
2025-12-22 00:42:56,816 | INFO | TOP_ERR | split=test epoch=4 rank=5/10 b=5 t=6 var_idx=0 tp=1.090333 y_true=0.203071 y_pred=0.520862 diff=0.317791 abs_err=0.317791
2025-12-22 00:42:56,816 | INFO | TOP_ERR | split=test epoch=4 rank=6/10 b=0 t=17 var_idx=9 tp=1.189333 y_true=0.490908 y_pred=0.804216 diff=0.313307 abs_err=0.313307
2025-12-22 00:42:56,816 | INFO | TOP_ERR | split=test epoch=4 rank=7/10 b=0 t=14 var_idx=9 tp=1.153333 y_true=0.498529 y_pred=0.803997 diff=0.305468 abs_err=0.305468
2025-12-22 00:42:56,816 | INFO | TOP_ERR | split=test epoch=4 rank=8/10 b=0 t=21 var_idx=9 tp=1.225333 y_true=0.501051 y_pred=0.804425 diff=0.303374 abs_err=0.303374
2025-12-22 00:42:56,816 | INFO | TOP_ERR | split=test epoch=4 rank=9/10 b=0 t=24 var_idx=9 tp=1.261333 y_true=0.504238 y_pred=0.804627 diff=0.300390 abs_err=0.300390
2025-12-22 00:42:56,816 | INFO | TOP_ERR | split=test epoch=4 rank=10/10 b=28 t=17 var_idx=10 tp=1.223333 y_true=0.911302 y_pred=0.616158 diff=-0.295144 abs_err=0.295144
2025-12-22 00:42:56,817 | INFO | TOP_BEST | split=test epoch=4 rank=1/3 b=17 t=24 var_idx=6 tp=1.244000 y_true=0.530306 y_pred=0.530339 diff=0.000033 abs_err=0.000033
2025-12-22 00:42:56,817 | INFO | TOP_BEST | split=test epoch=4 rank=2/3 b=6 t=27 var_idx=6 tp=1.306667 y_true=0.261546 y_pred=0.261658 diff=0.000112 abs_err=0.000112
2025-12-22 00:42:56,817 | INFO | TOP_BEST | split=test epoch=4 rank=3/3 b=21 t=0 var_idx=5 tp=1.007000 y_true=0.621760 y_pred=0.621957 diff=0.000197 abs_err=0.000197
2025-12-22 00:42:56,817 | INFO | TOP_OK | split=test epoch=4 none_found (no exact matches)
2025-12-22 00:43:02,721 | INFO | TOP_ERR | split=test epoch=5 rank=1/10 b=7 t=7 var_idx=0 tp=1.072333 y_true=0.670168 y_pred=0.274485 diff=-0.395683 abs_err=0.395683
2025-12-22 00:43:02,722 | INFO | TOP_ERR | split=test epoch=5 rank=2/10 b=9 t=23 var_idx=9 tp=1.252667 y_true=0.743767 y_pred=0.378614 diff=-0.365153 abs_err=0.365153
2025-12-22 00:43:02,722 | INFO | TOP_ERR | split=test epoch=5 rank=3/10 b=9 t=19 var_idx=9 tp=1.216667 y_true=0.739735 y_pred=0.378318 diff=-0.361417 abs_err=0.361417
2025-12-22 00:43:02,722 | INFO | TOP_ERR | split=test epoch=5 rank=4/10 b=3 t=23 var_idx=9 tp=1.234333 y_true=0.039639 y_pred=0.381290 diff=0.341652 abs_err=0.341652
2025-12-22 00:43:02,722 | INFO | TOP_ERR | split=test epoch=5 rank=5/10 b=28 t=17 var_idx=10 tp=1.223333 y_true=0.911302 y_pred=0.609017 diff=-0.302285 abs_err=0.302285
2025-12-22 00:43:02,722 | INFO | TOP_ERR | split=test epoch=5 rank=6/10 b=0 t=17 var_idx=9 tp=1.189333 y_true=0.490908 y_pred=0.785410 diff=0.294502 abs_err=0.294502
2025-12-22 00:43:02,722 | INFO | TOP_ERR | split=test epoch=5 rank=7/10 b=3 t=23 var_idx=10 tp=1.234333 y_true=0.806160 y_pred=0.513326 diff=-0.292833 abs_err=0.292833
2025-12-22 00:43:02,722 | INFO | TOP_ERR | split=test epoch=5 rank=8/10 b=6 t=24 var_idx=10 tp=1.279667 y_true=0.766321 y_pred=0.476880 diff=-0.289441 abs_err=0.289441
2025-12-22 00:43:02,722 | INFO | TOP_ERR | split=test epoch=5 rank=9/10 b=5 t=6 var_idx=0 tp=1.090333 y_true=0.203071 y_pred=0.492500 diff=0.289428 abs_err=0.289428
2025-12-22 00:43:02,723 | INFO | TOP_ERR | split=test epoch=5 rank=10/10 b=0 t=14 var_idx=9 tp=1.153333 y_true=0.498529 y_pred=0.785154 diff=0.286624 abs_err=0.286624
2025-12-22 00:43:02,723 | INFO | TOP_BEST | split=test epoch=5 rank=1/3 b=21 t=17 var_idx=0 tp=1.196000 y_true=0.429442 y_pred=0.429437 diff=-0.000006 abs_err=0.000006
2025-12-22 00:43:02,723 | INFO | TOP_BEST | split=test epoch=5 rank=2/3 b=11 t=0 var_idx=0 tp=1.000333 y_true=0.510927 y_pred=0.510921 diff=-0.000006 abs_err=0.000006
2025-12-22 00:43:02,723 | INFO | TOP_BEST | split=test epoch=5 rank=3/3 b=24 t=24 var_idx=9 tp=1.259333 y_true=0.520110 y_pred=0.520142 diff=0.000032 abs_err=0.000032
2025-12-22 00:43:02,723 | INFO | TOP_OK | split=test epoch=5 rank=1/3 b=22 t=5 var_idx=11 tp=1.054333 y_true=0.676989 y_pred=0.676989
2025-12-22 00:43:13,935 | INFO | TOP_ERR | split=test epoch=7 rank=1/10 b=7 t=7 var_idx=0 tp=1.072333 y_true=0.670168 y_pred=0.263887 diff=-0.406281 abs_err=0.406281
2025-12-22 00:43:13,935 | INFO | TOP_ERR | split=test epoch=7 rank=2/10 b=9 t=23 var_idx=9 tp=1.252667 y_true=0.743767 y_pred=0.389388 diff=-0.354380 abs_err=0.354380
2025-12-22 00:43:13,935 | INFO | TOP_ERR | split=test epoch=7 rank=3/10 b=9 t=19 var_idx=9 tp=1.216667 y_true=0.739735 y_pred=0.388989 diff=-0.350746 abs_err=0.350746
2025-12-22 00:43:13,936 | INFO | TOP_ERR | split=test epoch=7 rank=4/10 b=3 t=23 var_idx=9 tp=1.234333 y_true=0.039639 y_pred=0.371626 diff=0.331988 abs_err=0.331988
2025-12-22 00:43:13,936 | INFO | TOP_ERR | split=test epoch=7 rank=5/10 b=28 t=17 var_idx=10 tp=1.223333 y_true=0.911302 y_pred=0.600761 diff=-0.310541 abs_err=0.310541
2025-12-22 00:43:13,936 | INFO | TOP_ERR | split=test epoch=7 rank=6/10 b=6 t=24 var_idx=10 tp=1.279667 y_true=0.766321 y_pred=0.464273 diff=-0.302048 abs_err=0.302048
2025-12-22 00:43:13,936 | INFO | TOP_ERR | split=test epoch=7 rank=7/10 b=3 t=23 var_idx=10 tp=1.234333 y_true=0.806160 y_pred=0.508051 diff=-0.298108 abs_err=0.298108
2025-12-22 00:43:13,936 | INFO | TOP_ERR | split=test epoch=7 rank=8/10 b=0 t=17 var_idx=9 tp=1.189333 y_true=0.490908 y_pred=0.775416 diff=0.284507 abs_err=0.284507
2025-12-22 00:43:13,936 | INFO | TOP_ERR | split=test epoch=7 rank=9/10 b=0 t=14 var_idx=9 tp=1.153333 y_true=0.498529 y_pred=0.774892 diff=0.276363 abs_err=0.276363
2025-12-22 00:43:13,936 | INFO | TOP_ERR | split=test epoch=7 rank=10/10 b=0 t=21 var_idx=9 tp=1.225333 y_true=0.501051 y_pred=0.775821 diff=0.274770 abs_err=0.274770
2025-12-22 00:43:13,937 | INFO | TOP_BEST | split=test epoch=7 rank=1/3 b=2 t=11 var_idx=0 tp=1.117333 y_true=0.535261 y_pred=0.535307 diff=0.000047 abs_err=0.000047
2025-12-22 00:43:13,937 | INFO | TOP_BEST | split=test epoch=7 rank=2/3 b=8 t=8 var_idx=11 tp=1.081333 y_true=0.632458 y_pred=0.632405 diff=-0.000052 abs_err=0.000052
2025-12-22 00:43:13,937 | INFO | TOP_BEST | split=test epoch=7 rank=3/3 b=27 t=17 var_idx=1 tp=1.178333 y_true=0.457776 y_pred=0.457719 diff=-0.000056 abs_err=0.000056
2025-12-22 00:43:13,937 | INFO | TOP_OK | split=test epoch=7 none_found (no exact matches)
2025-12-22 00:43:19,791 | INFO | TOP_ERR | split=test epoch=8 rank=1/10 b=7 t=7 var_idx=0 tp=1.072333 y_true=0.670168 y_pred=0.259705 diff=-0.410463 abs_err=0.410463
2025-12-22 00:43:19,791 | INFO | TOP_ERR | split=test epoch=8 rank=2/10 b=9 t=23 var_idx=9 tp=1.252667 y_true=0.743767 y_pred=0.384104 diff=-0.359663 abs_err=0.359663
2025-12-22 00:43:19,792 | INFO | TOP_ERR | split=test epoch=8 rank=3/10 b=9 t=19 var_idx=9 tp=1.216667 y_true=0.739735 y_pred=0.383754 diff=-0.355980 abs_err=0.355980
2025-12-22 00:43:19,792 | INFO | TOP_ERR | split=test epoch=8 rank=4/10 b=3 t=23 var_idx=9 tp=1.234333 y_true=0.039639 y_pred=0.358914 diff=0.319275 abs_err=0.319275
2025-12-22 00:43:19,792 | INFO | TOP_ERR | split=test epoch=8 rank=5/10 b=28 t=17 var_idx=10 tp=1.223333 y_true=0.911302 y_pred=0.593455 diff=-0.317848 abs_err=0.317848
2025-12-22 00:43:19,792 | INFO | TOP_ERR | split=test epoch=8 rank=6/10 b=6 t=24 var_idx=10 tp=1.279667 y_true=0.766321 y_pred=0.458143 diff=-0.308178 abs_err=0.308178
2025-12-22 00:43:19,792 | INFO | TOP_ERR | split=test epoch=8 rank=7/10 b=3 t=23 var_idx=10 tp=1.234333 y_true=0.806160 y_pred=0.503017 diff=-0.303143 abs_err=0.303143
2025-12-22 00:43:19,792 | INFO | TOP_ERR | split=test epoch=8 rank=8/10 b=3 t=23 var_idx=11 tp=1.234333 y_true=0.941412 y_pred=0.663979 diff=-0.277433 abs_err=0.277433
2025-12-22 00:43:19,792 | INFO | TOP_ERR | split=test epoch=8 rank=9/10 b=7 t=7 var_idx=2 tp=1.072333 y_true=0.663301 y_pred=0.387378 diff=-0.275923 abs_err=0.275923
2025-12-22 00:43:19,792 | INFO | TOP_ERR | split=test epoch=8 rank=10/10 b=9 t=15 var_idx=1 tp=1.162667 y_true=0.652450 y_pred=0.379082 diff=-0.273368 abs_err=0.273368
2025-12-22 00:43:19,793 | INFO | TOP_BEST | split=test epoch=8 rank=1/3 b=29 t=13 var_idx=11 tp=1.142333 y_true=0.589020 y_pred=0.589022 diff=0.000002 abs_err=0.000002
2025-12-22 00:43:19,793 | INFO | TOP_BEST | split=test epoch=8 rank=2/3 b=17 t=0 var_idx=11 tp=1.000667 y_true=0.566148 y_pred=0.566144 diff=-0.000005 abs_err=0.000005
2025-12-22 00:43:19,793 | INFO | TOP_BEST | split=test epoch=8 rank=3/3 b=21 t=1 var_idx=1 tp=1.016000 y_true=0.375664 y_pred=0.375649 diff=-0.000015 abs_err=0.000015
2025-12-22 00:43:19,793 | INFO | TOP_OK | split=test epoch=8 none_found (no exact matches)
2025-12-22 00:43:25,660 | INFO | TOP_ERR | split=test epoch=9 rank=1/10 b=7 t=7 var_idx=0 tp=1.072333 y_true=0.670168 y_pred=0.250602 diff=-0.419566 abs_err=0.419566
2025-12-22 00:43:25,661 | INFO | TOP_ERR | split=test epoch=9 rank=2/10 b=9 t=23 var_idx=9 tp=1.252667 y_true=0.743767 y_pred=0.368373 diff=-0.375394 abs_err=0.375394
2025-12-22 00:43:25,661 | INFO | TOP_ERR | split=test epoch=9 rank=3/10 b=9 t=19 var_idx=9 tp=1.216667 y_true=0.739735 y_pred=0.367962 diff=-0.371773 abs_err=0.371773
2025-12-22 00:43:25,661 | INFO | TOP_ERR | split=test epoch=9 rank=4/10 b=28 t=17 var_idx=10 tp=1.223333 y_true=0.911302 y_pred=0.578858 diff=-0.332444 abs_err=0.332444
2025-12-22 00:43:25,661 | INFO | TOP_ERR | split=test epoch=9 rank=5/10 b=6 t=24 var_idx=10 tp=1.279667 y_true=0.766321 y_pred=0.444270 diff=-0.322052 abs_err=0.322052
2025-12-22 00:43:25,661 | INFO | TOP_ERR | split=test epoch=9 rank=6/10 b=3 t=23 var_idx=10 tp=1.234333 y_true=0.806160 y_pred=0.488510 diff=-0.317649 abs_err=0.317649
2025-12-22 00:43:25,661 | INFO | TOP_ERR | split=test epoch=9 rank=7/10 b=3 t=23 var_idx=9 tp=1.234333 y_true=0.039639 y_pred=0.345522 diff=0.305883 abs_err=0.305883
2025-12-22 00:43:25,661 | INFO | TOP_ERR | split=test epoch=9 rank=8/10 b=3 t=23 var_idx=11 tp=1.234333 y_true=0.941412 y_pred=0.642557 diff=-0.298855 abs_err=0.298855
2025-12-22 00:43:25,662 | INFO | TOP_ERR | split=test epoch=9 rank=9/10 b=7 t=7 var_idx=2 tp=1.072333 y_true=0.663301 y_pred=0.374692 diff=-0.288609 abs_err=0.288609
2025-12-22 00:43:25,662 | INFO | TOP_ERR | split=test epoch=9 rank=10/10 b=26 t=0 var_idx=0 tp=1.007000 y_true=0.753568 y_pred=0.467220 diff=-0.286349 abs_err=0.286349
2025-12-22 00:43:25,662 | INFO | TOP_BEST | split=test epoch=9 rank=1/3 b=27 t=18 var_idx=10 tp=1.196333 y_true=0.592622 y_pred=0.592624 diff=0.000002 abs_err=0.000002
2025-12-22 00:43:25,662 | INFO | TOP_BEST | split=test epoch=9 rank=2/3 b=22 t=22 var_idx=8 tp=1.232000 y_true=0.618101 y_pred=0.618098 diff=-0.000003 abs_err=0.000003
2025-12-22 00:43:25,662 | INFO | TOP_BEST | split=test epoch=9 rank=3/3 b=28 t=22 var_idx=2 tp=1.277333 y_true=0.329395 y_pred=0.329388 diff=-0.000007 abs_err=0.000007
2025-12-22 00:43:25,662 | INFO | TOP_OK | split=test epoch=9 none_found (no exact matches)
2025-12-22 00:43:31,518 | INFO | TOP_ERR | split=test epoch=10 rank=1/10 b=7 t=7 var_idx=0 tp=1.072333 y_true=0.670168 y_pred=0.258507 diff=-0.411661 abs_err=0.411661
2025-12-22 00:43:31,518 | INFO | TOP_ERR | split=test epoch=10 rank=2/10 b=9 t=23 var_idx=9 tp=1.252667 y_true=0.743767 y_pred=0.379864 diff=-0.363903 abs_err=0.363903
2025-12-22 00:43:31,518 | INFO | TOP_ERR | split=test epoch=10 rank=3/10 b=9 t=19 var_idx=9 tp=1.216667 y_true=0.739735 y_pred=0.379308 diff=-0.360427 abs_err=0.360427
2025-12-22 00:43:31,519 | INFO | TOP_ERR | split=test epoch=10 rank=4/10 b=28 t=17 var_idx=10 tp=1.223333 y_true=0.911302 y_pred=0.584955 diff=-0.326347 abs_err=0.326347
2025-12-22 00:43:31,519 | INFO | TOP_ERR | split=test epoch=10 rank=5/10 b=3 t=23 var_idx=9 tp=1.234333 y_true=0.039639 y_pred=0.353565 diff=0.313926 abs_err=0.313926
2025-12-22 00:43:31,519 | INFO | TOP_ERR | split=test epoch=10 rank=6/10 b=6 t=24 var_idx=10 tp=1.279667 y_true=0.766321 y_pred=0.454104 diff=-0.312217 abs_err=0.312217
2025-12-22 00:43:31,519 | INFO | TOP_ERR | split=test epoch=10 rank=7/10 b=3 t=23 var_idx=10 tp=1.234333 y_true=0.806160 y_pred=0.497885 diff=-0.308275 abs_err=0.308275
2025-12-22 00:43:31,519 | INFO | TOP_ERR | split=test epoch=10 rank=8/10 b=3 t=23 var_idx=11 tp=1.234333 y_true=0.941412 y_pred=0.655187 diff=-0.286225 abs_err=0.286225
2025-12-22 00:43:31,519 | INFO | TOP_ERR | split=test epoch=10 rank=9/10 b=26 t=0 var_idx=0 tp=1.007000 y_true=0.753568 y_pred=0.478495 diff=-0.275073 abs_err=0.275073
2025-12-22 00:43:31,519 | INFO | TOP_ERR | split=test epoch=10 rank=10/10 b=7 t=7 var_idx=2 tp=1.072333 y_true=0.663301 y_pred=0.388486 diff=-0.274815 abs_err=0.274815
2025-12-22 00:43:31,520 | INFO | TOP_BEST | split=test epoch=10 rank=1/3 b=21 t=16 var_idx=4 tp=1.187000 y_true=0.519525 y_pred=0.519488 diff=-0.000037 abs_err=0.000037
2025-12-22 00:43:31,520 | INFO | TOP_BEST | split=test epoch=10 rank=2/3 b=19 t=1 var_idx=6 tp=1.006667 y_true=0.502001 y_pred=0.501948 diff=-0.000053 abs_err=0.000053
2025-12-22 00:43:31,520 | INFO | TOP_BEST | split=test epoch=10 rank=3/3 b=2 t=4 var_idx=0 tp=1.045333 y_true=0.510657 y_pred=0.510581 diff=-0.000076 abs_err=0.000076
2025-12-22 00:43:31,520 | INFO | TOP_OK | split=test epoch=10 none_found (no exact matches)
2025-12-22 00:43:42,652 | INFO | TOP_ERR | split=test epoch=12 rank=1/10 b=7 t=7 var_idx=0 tp=1.072333 y_true=0.670168 y_pred=0.252935 diff=-0.417233 abs_err=0.417233
2025-12-22 00:43:42,652 | INFO | TOP_ERR | split=test epoch=12 rank=2/10 b=9 t=23 var_idx=9 tp=1.252667 y_true=0.743767 y_pred=0.379876 diff=-0.363891 abs_err=0.363891
2025-12-22 00:43:42,652 | INFO | TOP_ERR | split=test epoch=12 rank=3/10 b=9 t=19 var_idx=9 tp=1.216667 y_true=0.739735 y_pred=0.379496 diff=-0.360238 abs_err=0.360238
2025-12-22 00:43:42,653 | INFO | TOP_ERR | split=test epoch=12 rank=4/10 b=28 t=17 var_idx=10 tp=1.223333 y_true=0.911302 y_pred=0.586585 diff=-0.324717 abs_err=0.324717
2025-12-22 00:43:42,653 | INFO | TOP_ERR | split=test epoch=12 rank=5/10 b=3 t=23 var_idx=9 tp=1.234333 y_true=0.039639 y_pred=0.348107 diff=0.308468 abs_err=0.308468
2025-12-22 00:43:42,653 | INFO | TOP_ERR | split=test epoch=12 rank=6/10 b=6 t=24 var_idx=10 tp=1.279667 y_true=0.766321 y_pred=0.460755 diff=-0.305566 abs_err=0.305566
2025-12-22 00:43:42,653 | INFO | TOP_ERR | split=test epoch=12 rank=7/10 b=3 t=23 var_idx=10 tp=1.234333 y_true=0.806160 y_pred=0.501434 diff=-0.304726 abs_err=0.304726
2025-12-22 00:43:42,653 | INFO | TOP_ERR | split=test epoch=12 rank=8/10 b=3 t=23 var_idx=11 tp=1.234333 y_true=0.941412 y_pred=0.654836 diff=-0.286576 abs_err=0.286576
2025-12-22 00:43:42,653 | INFO | TOP_ERR | split=test epoch=12 rank=9/10 b=7 t=7 var_idx=2 tp=1.072333 y_true=0.663301 y_pred=0.389341 diff=-0.273959 abs_err=0.273959
2025-12-22 00:43:42,653 | INFO | TOP_ERR | split=test epoch=12 rank=10/10 b=14 t=21 var_idx=2 tp=1.225667 y_true=0.669667 y_pred=0.396444 diff=-0.273223 abs_err=0.273223
2025-12-22 00:43:42,654 | INFO | TOP_BEST | split=test epoch=12 rank=1/3 b=12 t=1 var_idx=3 tp=1.018333 y_true=0.476085 y_pred=0.476069 diff=-0.000017 abs_err=0.000017
2025-12-22 00:43:42,654 | INFO | TOP_BEST | split=test epoch=12 rank=2/3 b=22 t=1 var_idx=6 tp=1.016000 y_true=0.508602 y_pred=0.508574 diff=-0.000028 abs_err=0.000028
2025-12-22 00:43:42,654 | INFO | TOP_BEST | split=test epoch=12 rank=3/3 b=7 t=12 var_idx=9 tp=1.126333 y_true=0.225484 y_pred=0.225432 diff=-0.000052 abs_err=0.000052
2025-12-22 00:43:42,654 | INFO | TOP_OK | split=test epoch=12 none_found (no exact matches)
2025-12-22 00:43:48,515 | INFO | TOP_ERR | split=test epoch=13 rank=1/10 b=7 t=7 var_idx=0 tp=1.072333 y_true=0.670168 y_pred=0.257065 diff=-0.413103 abs_err=0.413103
2025-12-22 00:43:48,515 | INFO | TOP_ERR | split=test epoch=13 rank=2/10 b=9 t=23 var_idx=9 tp=1.252667 y_true=0.743767 y_pred=0.381980 diff=-0.361788 abs_err=0.361788
2025-12-22 00:43:48,515 | INFO | TOP_ERR | split=test epoch=13 rank=3/10 b=9 t=19 var_idx=9 tp=1.216667 y_true=0.739735 y_pred=0.381390 diff=-0.358345 abs_err=0.358345
2025-12-22 00:43:48,515 | INFO | TOP_ERR | split=test epoch=13 rank=4/10 b=28 t=17 var_idx=10 tp=1.223333 y_true=0.911302 y_pred=0.582529 diff=-0.328773 abs_err=0.328773
2025-12-22 00:43:48,515 | INFO | TOP_ERR | split=test epoch=13 rank=5/10 b=3 t=23 var_idx=9 tp=1.234333 y_true=0.039639 y_pred=0.349487 diff=0.309849 abs_err=0.309849
2025-12-22 00:43:48,515 | INFO | TOP_ERR | split=test epoch=13 rank=6/10 b=6 t=24 var_idx=10 tp=1.279667 y_true=0.766321 y_pred=0.458526 diff=-0.307795 abs_err=0.307795
2025-12-22 00:43:48,516 | INFO | TOP_ERR | split=test epoch=13 rank=7/10 b=3 t=23 var_idx=10 tp=1.234333 y_true=0.806160 y_pred=0.499220 diff=-0.306940 abs_err=0.306940
2025-12-22 00:43:48,516 | INFO | TOP_ERR | split=test epoch=13 rank=8/10 b=3 t=23 var_idx=11 tp=1.234333 y_true=0.941412 y_pred=0.647761 diff=-0.293651 abs_err=0.293651
2025-12-22 00:43:48,516 | INFO | TOP_ERR | split=test epoch=13 rank=9/10 b=26 t=0 var_idx=0 tp=1.007000 y_true=0.753568 y_pred=0.478990 diff=-0.274578 abs_err=0.274578
2025-12-22 00:43:48,516 | INFO | TOP_ERR | split=test epoch=13 rank=10/10 b=14 t=21 var_idx=2 tp=1.225667 y_true=0.669667 y_pred=0.398116 diff=-0.271551 abs_err=0.271551
2025-12-22 00:43:48,516 | INFO | TOP_BEST | split=test epoch=13 rank=1/3 b=23 t=28 var_idx=0 tp=1.322333 y_true=0.406265 y_pred=0.406274 diff=0.000008 abs_err=0.000008
2025-12-22 00:43:48,516 | INFO | TOP_BEST | split=test epoch=13 rank=2/3 b=22 t=11 var_idx=1 tp=1.115000 y_true=0.374676 y_pred=0.374686 diff=0.000010 abs_err=0.000010
2025-12-22 00:43:48,517 | INFO | TOP_BEST | split=test epoch=13 rank=3/3 b=28 t=12 var_idx=1 tp=1.169333 y_true=0.474511 y_pred=0.474534 diff=0.000023 abs_err=0.000023
2025-12-22 00:43:48,517 | INFO | TOP_OK | split=test epoch=13 none_found (no exact matches)
2025-12-22 00:43:54,365 | INFO | TOP_ERR | split=test epoch=14 rank=1/10 b=7 t=7 var_idx=0 tp=1.072333 y_true=0.670168 y_pred=0.256854 diff=-0.413314 abs_err=0.413314
2025-12-22 00:43:54,365 | INFO | TOP_ERR | split=test epoch=14 rank=2/10 b=9 t=23 var_idx=9 tp=1.252667 y_true=0.743767 y_pred=0.380391 diff=-0.363376 abs_err=0.363376
2025-12-22 00:43:54,365 | INFO | TOP_ERR | split=test epoch=14 rank=3/10 b=9 t=19 var_idx=9 tp=1.216667 y_true=0.739735 y_pred=0.379800 diff=-0.359935 abs_err=0.359935
2025-12-22 00:43:54,366 | INFO | TOP_ERR | split=test epoch=14 rank=4/10 b=28 t=17 var_idx=10 tp=1.223333 y_true=0.911302 y_pred=0.579118 diff=-0.332185 abs_err=0.332185
2025-12-22 00:43:54,366 | INFO | TOP_ERR | split=test epoch=14 rank=5/10 b=3 t=23 var_idx=10 tp=1.234333 y_true=0.806160 y_pred=0.495723 diff=-0.310437 abs_err=0.310437
2025-12-22 00:43:54,366 | INFO | TOP_ERR | split=test epoch=14 rank=6/10 b=6 t=24 var_idx=10 tp=1.279667 y_true=0.766321 y_pred=0.456877 diff=-0.309444 abs_err=0.309444
2025-12-22 00:43:54,366 | INFO | TOP_ERR | split=test epoch=14 rank=7/10 b=3 t=23 var_idx=9 tp=1.234333 y_true=0.039639 y_pred=0.346097 diff=0.306458 abs_err=0.306458
2025-12-22 00:43:54,366 | INFO | TOP_ERR | split=test epoch=14 rank=8/10 b=3 t=23 var_idx=11 tp=1.234333 y_true=0.941412 y_pred=0.649527 diff=-0.291884 abs_err=0.291884
2025-12-22 00:43:54,366 | INFO | TOP_ERR | split=test epoch=14 rank=9/10 b=14 t=21 var_idx=2 tp=1.225667 y_true=0.669667 y_pred=0.394962 diff=-0.274705 abs_err=0.274705
2025-12-22 00:43:54,366 | INFO | TOP_ERR | split=test epoch=14 rank=10/10 b=26 t=0 var_idx=0 tp=1.007000 y_true=0.753568 y_pred=0.479089 diff=-0.274479 abs_err=0.274479
2025-12-22 00:43:54,367 | INFO | TOP_BEST | split=test epoch=14 rank=1/3 b=3 t=28 var_idx=5 tp=1.315667 y_true=0.543220 y_pred=0.543218 diff=-0.000003 abs_err=0.000003
2025-12-22 00:43:54,367 | INFO | TOP_BEST | split=test epoch=14 rank=2/3 b=20 t=6 var_idx=0 tp=1.061000 y_true=0.403117 y_pred=0.403129 diff=0.000012 abs_err=0.000012
2025-12-22 00:43:54,367 | INFO | TOP_BEST | split=test epoch=14 rank=3/3 b=9 t=14 var_idx=4 tp=1.153667 y_true=0.486095 y_pred=0.486070 diff=-0.000025 abs_err=0.000025
2025-12-22 00:43:54,367 | INFO | TOP_OK | split=test epoch=14 none_found (no exact matches)
2025-12-22 00:44:00,250 | INFO | TOP_ERR | split=test epoch=15 rank=1/10 b=7 t=7 var_idx=0 tp=1.072333 y_true=0.670168 y_pred=0.248955 diff=-0.421213 abs_err=0.421213
2025-12-22 00:44:00,250 | INFO | TOP_ERR | split=test epoch=15 rank=2/10 b=9 t=23 var_idx=9 tp=1.252667 y_true=0.743767 y_pred=0.376561 diff=-0.367207 abs_err=0.367207
2025-12-22 00:44:00,250 | INFO | TOP_ERR | split=test epoch=15 rank=3/10 b=9 t=19 var_idx=9 tp=1.216667 y_true=0.739735 y_pred=0.375970 diff=-0.363765 abs_err=0.363765
2025-12-22 00:44:00,250 | INFO | TOP_ERR | split=test epoch=15 rank=4/10 b=28 t=17 var_idx=10 tp=1.223333 y_true=0.911302 y_pred=0.574384 diff=-0.336918 abs_err=0.336918
2025-12-22 00:44:00,250 | INFO | TOP_ERR | split=test epoch=15 rank=5/10 b=3 t=23 var_idx=10 tp=1.234333 y_true=0.806160 y_pred=0.491460 diff=-0.314700 abs_err=0.314700
2025-12-22 00:44:00,251 | INFO | TOP_ERR | split=test epoch=15 rank=6/10 b=6 t=24 var_idx=10 tp=1.279667 y_true=0.766321 y_pred=0.454776 diff=-0.311545 abs_err=0.311545
2025-12-22 00:44:00,251 | INFO | TOP_ERR | split=test epoch=15 rank=7/10 b=3 t=23 var_idx=9 tp=1.234333 y_true=0.039639 y_pred=0.341571 diff=0.301933 abs_err=0.301933
2025-12-22 00:44:00,251 | INFO | TOP_ERR | split=test epoch=15 rank=8/10 b=3 t=23 var_idx=11 tp=1.234333 y_true=0.941412 y_pred=0.643384 diff=-0.298027 abs_err=0.298027
2025-12-22 00:44:00,251 | INFO | TOP_ERR | split=test epoch=15 rank=9/10 b=26 t=0 var_idx=0 tp=1.007000 y_true=0.753568 y_pred=0.468928 diff=-0.284640 abs_err=0.284640
2025-12-22 00:44:00,251 | INFO | TOP_ERR | split=test epoch=15 rank=10/10 b=14 t=21 var_idx=2 tp=1.225667 y_true=0.669667 y_pred=0.385554 diff=-0.284113 abs_err=0.284113
2025-12-22 00:44:00,251 | INFO | TOP_BEST | split=test epoch=15 rank=1/3 b=20 t=4 var_idx=11 tp=1.043000 y_true=0.549006 y_pred=0.549020 diff=0.000014 abs_err=0.000014
2025-12-22 00:44:00,252 | INFO | TOP_BEST | split=test epoch=15 rank=2/3 b=11 t=14 var_idx=6 tp=1.153667 y_true=0.505242 y_pred=0.505217 diff=-0.000025 abs_err=0.000025
2025-12-22 00:44:00,252 | INFO | TOP_BEST | split=test epoch=15 rank=3/3 b=19 t=28 var_idx=9 tp=1.304000 y_true=0.513042 y_pred=0.513016 diff=-0.000025 abs_err=0.000025
2025-12-22 00:44:00,252 | INFO | TOP_OK | split=test epoch=15 none_found (no exact matches)
2025-12-22 00:44:06,113 | INFO | TOP_ERR | split=test epoch=16 rank=1/10 b=7 t=7 var_idx=0 tp=1.072333 y_true=0.670168 y_pred=0.261685 diff=-0.408483 abs_err=0.408483
2025-12-22 00:44:06,113 | INFO | TOP_ERR | split=test epoch=16 rank=2/10 b=9 t=23 var_idx=9 tp=1.252667 y_true=0.743767 y_pred=0.389341 diff=-0.354426 abs_err=0.354426
2025-12-22 00:44:06,113 | INFO | TOP_ERR | split=test epoch=16 rank=3/10 b=9 t=19 var_idx=9 tp=1.216667 y_true=0.739735 y_pred=0.388750 diff=-0.350985 abs_err=0.350985
2025-12-22 00:44:06,113 | INFO | TOP_ERR | split=test epoch=16 rank=4/10 b=28 t=17 var_idx=10 tp=1.223333 y_true=0.911302 y_pred=0.576300 diff=-0.335002 abs_err=0.335002
2025-12-22 00:44:06,113 | INFO | TOP_ERR | split=test epoch=16 rank=5/10 b=3 t=23 var_idx=9 tp=1.234333 y_true=0.039639 y_pred=0.354209 diff=0.314571 abs_err=0.314571
2025-12-22 00:44:06,113 | INFO | TOP_ERR | split=test epoch=16 rank=6/10 b=3 t=23 var_idx=10 tp=1.234333 y_true=0.806160 y_pred=0.498194 diff=-0.307966 abs_err=0.307966
2025-12-22 00:44:06,113 | INFO | TOP_ERR | split=test epoch=16 rank=7/10 b=6 t=24 var_idx=10 tp=1.279667 y_true=0.766321 y_pred=0.464122 diff=-0.302199 abs_err=0.302199
2025-12-22 00:44:06,114 | INFO | TOP_ERR | split=test epoch=16 rank=8/10 b=3 t=23 var_idx=11 tp=1.234333 y_true=0.941412 y_pred=0.641920 diff=-0.299491 abs_err=0.299491
2025-12-22 00:44:06,114 | INFO | TOP_ERR | split=test epoch=16 rank=9/10 b=14 t=21 var_idx=2 tp=1.225667 y_true=0.669667 y_pred=0.392510 diff=-0.277157 abs_err=0.277157
2025-12-22 00:44:06,114 | INFO | TOP_ERR | split=test epoch=16 rank=10/10 b=26 t=0 var_idx=0 tp=1.007000 y_true=0.753568 y_pred=0.476736 diff=-0.276832 abs_err=0.276832
2025-12-22 00:44:06,114 | INFO | TOP_BEST | split=test epoch=16 rank=1/3 b=21 t=5 var_idx=7 tp=1.061000 y_true=0.667807 y_pred=0.667804 diff=-0.000003 abs_err=0.000003
2025-12-22 00:44:06,114 | INFO | TOP_BEST | split=test epoch=16 rank=2/3 b=26 t=8 var_idx=11 tp=1.097000 y_true=0.555136 y_pred=0.555149 diff=0.000013 abs_err=0.000013
2025-12-22 00:44:06,115 | INFO | TOP_BEST | split=test epoch=16 rank=3/3 b=22 t=23 var_idx=9 tp=1.241000 y_true=0.510317 y_pred=0.510333 diff=0.000016 abs_err=0.000016
2025-12-22 00:44:06,115 | INFO | TOP_OK | split=test epoch=16 none_found (no exact matches)
2025-12-22 00:44:33,074 | INFO | TOP_ERR | split=test epoch=21 rank=1/10 b=7 t=7 var_idx=0 tp=1.072333 y_true=0.670168 y_pred=0.245819 diff=-0.424349 abs_err=0.424349
2025-12-22 00:44:33,075 | INFO | TOP_ERR | split=test epoch=21 rank=2/10 b=9 t=23 var_idx=9 tp=1.252667 y_true=0.743767 y_pred=0.379230 diff=-0.364537 abs_err=0.364537
2025-12-22 00:44:33,075 | INFO | TOP_ERR | split=test epoch=21 rank=3/10 b=9 t=19 var_idx=9 tp=1.216667 y_true=0.739735 y_pred=0.378773 diff=-0.360962 abs_err=0.360962
2025-12-22 00:44:33,075 | INFO | TOP_ERR | split=test epoch=21 rank=4/10 b=28 t=17 var_idx=10 tp=1.223333 y_true=0.911302 y_pred=0.565241 diff=-0.346061 abs_err=0.346061
2025-12-22 00:44:33,075 | INFO | TOP_ERR | split=test epoch=21 rank=5/10 b=3 t=23 var_idx=10 tp=1.234333 y_true=0.806160 y_pred=0.487147 diff=-0.319012 abs_err=0.319012
2025-12-22 00:44:33,076 | INFO | TOP_ERR | split=test epoch=21 rank=6/10 b=6 t=24 var_idx=10 tp=1.279667 y_true=0.766321 y_pred=0.458602 diff=-0.307719 abs_err=0.307719
2025-12-22 00:44:33,076 | INFO | TOP_ERR | split=test epoch=21 rank=7/10 b=3 t=23 var_idx=11 tp=1.234333 y_true=0.941412 y_pred=0.642663 diff=-0.298749 abs_err=0.298749
2025-12-22 00:44:33,076 | INFO | TOP_ERR | split=test epoch=21 rank=8/10 b=3 t=23 var_idx=9 tp=1.234333 y_true=0.039639 y_pred=0.336375 diff=0.296736 abs_err=0.296736
2025-12-22 00:44:33,076 | INFO | TOP_ERR | split=test epoch=21 rank=9/10 b=14 t=21 var_idx=2 tp=1.225667 y_true=0.669667 y_pred=0.375136 diff=-0.294532 abs_err=0.294532
2025-12-22 00:44:33,076 | INFO | TOP_ERR | split=test epoch=21 rank=10/10 b=26 t=0 var_idx=0 tp=1.007000 y_true=0.753568 y_pred=0.468823 diff=-0.284745 abs_err=0.284745
2025-12-22 00:44:33,076 | INFO | TOP_BEST | split=test epoch=21 rank=1/3 b=26 t=12 var_idx=11 tp=1.133000 y_true=0.555618 y_pred=0.555623 diff=0.000005 abs_err=0.000005
2025-12-22 00:44:33,077 | INFO | TOP_BEST | split=test epoch=21 rank=2/3 b=26 t=8 var_idx=11 tp=1.097000 y_true=0.555136 y_pred=0.555122 diff=-0.000014 abs_err=0.000014
2025-12-22 00:44:33,077 | INFO | TOP_BEST | split=test epoch=21 rank=3/3 b=16 t=19 var_idx=2 tp=1.207667 y_true=0.466868 y_pred=0.466894 diff=0.000026 abs_err=0.000026
2025-12-22 00:44:33,077 | INFO | TOP_OK | split=test epoch=21 none_found (no exact matches)
2025-12-22 00:44:44,240 | INFO | TOP_ERR | split=test epoch=23 rank=1/10 b=7 t=7 var_idx=0 tp=1.072333 y_true=0.670168 y_pred=0.254162 diff=-0.416006 abs_err=0.416006
2025-12-22 00:44:44,241 | INFO | TOP_ERR | split=test epoch=23 rank=2/10 b=9 t=23 var_idx=9 tp=1.252667 y_true=0.743767 y_pred=0.386988 diff=-0.356779 abs_err=0.356779
2025-12-22 00:44:44,241 | INFO | TOP_ERR | split=test epoch=23 rank=3/10 b=9 t=19 var_idx=9 tp=1.216667 y_true=0.739735 y_pred=0.386560 diff=-0.353175 abs_err=0.353175
2025-12-22 00:44:44,241 | INFO | TOP_ERR | split=test epoch=23 rank=4/10 b=28 t=17 var_idx=10 tp=1.223333 y_true=0.911302 y_pred=0.569131 diff=-0.342171 abs_err=0.342171
2025-12-22 00:44:44,241 | INFO | TOP_ERR | split=test epoch=23 rank=5/10 b=3 t=23 var_idx=10 tp=1.234333 y_true=0.806160 y_pred=0.490798 diff=-0.315362 abs_err=0.315362
2025-12-22 00:44:44,241 | INFO | TOP_ERR | split=test epoch=23 rank=6/10 b=3 t=23 var_idx=11 tp=1.234333 y_true=0.941412 y_pred=0.635504 diff=-0.305908 abs_err=0.305908
2025-12-22 00:44:44,241 | INFO | TOP_ERR | split=test epoch=23 rank=7/10 b=3 t=23 var_idx=9 tp=1.234333 y_true=0.039639 y_pred=0.344304 diff=0.304665 abs_err=0.304665
2025-12-22 00:44:44,241 | INFO | TOP_ERR | split=test epoch=23 rank=8/10 b=6 t=24 var_idx=10 tp=1.279667 y_true=0.766321 y_pred=0.464894 diff=-0.301427 abs_err=0.301427
2025-12-22 00:44:44,241 | INFO | TOP_ERR | split=test epoch=23 rank=9/10 b=14 t=21 var_idx=2 tp=1.225667 y_true=0.669667 y_pred=0.376381 diff=-0.293287 abs_err=0.293287
2025-12-22 00:44:44,241 | INFO | TOP_ERR | split=test epoch=23 rank=10/10 b=4 t=15 var_idx=10 tp=1.189333 y_true=0.791293 y_pred=0.507052 diff=-0.284240 abs_err=0.284240
2025-12-22 00:44:44,242 | INFO | TOP_BEST | split=test epoch=23 rank=1/3 b=12 t=8 var_idx=5 tp=1.090667 y_true=0.503750 y_pred=0.503746 diff=-0.000004 abs_err=0.000004
2025-12-22 00:44:44,242 | INFO | TOP_BEST | split=test epoch=23 rank=2/3 b=21 t=7 var_idx=5 tp=1.079000 y_true=0.594733 y_pred=0.594745 diff=0.000012 abs_err=0.000012
2025-12-22 00:44:44,242 | INFO | TOP_BEST | split=test epoch=23 rank=3/3 b=28 t=11 var_idx=3 tp=1.160333 y_true=0.477725 y_pred=0.477744 diff=0.000018 abs_err=0.000018
2025-12-22 00:44:44,242 | INFO | TOP_OK | split=test epoch=23 none_found (no exact matches)
2025-12-22 00:45:11,257 | INFO | TOP_ERR | split=test epoch=28 rank=1/10 b=7 t=7 var_idx=0 tp=1.072333 y_true=0.670168 y_pred=0.249438 diff=-0.420730 abs_err=0.420730
2025-12-22 00:45:11,258 | INFO | TOP_ERR | split=test epoch=28 rank=2/10 b=9 t=23 var_idx=9 tp=1.252667 y_true=0.743767 y_pred=0.390209 diff=-0.353558 abs_err=0.353558
2025-12-22 00:45:11,258 | INFO | TOP_ERR | split=test epoch=28 rank=3/10 b=9 t=19 var_idx=9 tp=1.216667 y_true=0.739735 y_pred=0.389781 diff=-0.349954 abs_err=0.349954
2025-12-22 00:45:11,258 | INFO | TOP_ERR | split=test epoch=28 rank=4/10 b=28 t=17 var_idx=10 tp=1.223333 y_true=0.911302 y_pred=0.576052 diff=-0.335250 abs_err=0.335250
2025-12-22 00:45:11,258 | INFO | TOP_ERR | split=test epoch=28 rank=5/10 b=3 t=23 var_idx=10 tp=1.234333 y_true=0.806160 y_pred=0.495748 diff=-0.310412 abs_err=0.310412
2025-12-22 00:45:11,258 | INFO | TOP_ERR | split=test epoch=28 rank=6/10 b=3 t=23 var_idx=9 tp=1.234333 y_true=0.039639 y_pred=0.341676 diff=0.302037 abs_err=0.302037
2025-12-22 00:45:11,258 | INFO | TOP_ERR | split=test epoch=28 rank=7/10 b=3 t=23 var_idx=11 tp=1.234333 y_true=0.941412 y_pred=0.643162 diff=-0.298250 abs_err=0.298250
2025-12-22 00:45:11,258 | INFO | TOP_ERR | split=test epoch=28 rank=8/10 b=14 t=21 var_idx=2 tp=1.225667 y_true=0.669667 y_pred=0.371904 diff=-0.297764 abs_err=0.297764
2025-12-22 00:45:11,259 | INFO | TOP_ERR | split=test epoch=28 rank=9/10 b=6 t=24 var_idx=10 tp=1.279667 y_true=0.766321 y_pred=0.472964 diff=-0.293357 abs_err=0.293357
2025-12-22 00:45:11,259 | INFO | TOP_ERR | split=test epoch=28 rank=10/10 b=4 t=15 var_idx=10 tp=1.189333 y_true=0.791293 y_pred=0.507298 diff=-0.283995 abs_err=0.283995
2025-12-22 00:45:11,259 | INFO | TOP_BEST | split=test epoch=28 rank=1/3 b=27 t=18 var_idx=10 tp=1.196333 y_true=0.592622 y_pred=0.592638 diff=0.000016 abs_err=0.000016
2025-12-22 00:45:11,259 | INFO | TOP_BEST | split=test epoch=28 rank=2/3 b=23 t=13 var_idx=11 tp=1.160000 y_true=0.564975 y_pred=0.564958 diff=-0.000017 abs_err=0.000017
2025-12-22 00:45:11,259 | INFO | TOP_BEST | split=test epoch=28 rank=3/3 b=20 t=6 var_idx=0 tp=1.061000 y_true=0.403117 y_pred=0.403135 diff=0.000018 abs_err=0.000018
2025-12-22 00:45:11,259 | INFO | TOP_OK | split=test epoch=28 none_found (no exact matches)
2025-12-22 00:45:38,285 | INFO | TOP_ERR | split=test epoch=33 rank=1/10 b=7 t=7 var_idx=0 tp=1.072333 y_true=0.670168 y_pred=0.252982 diff=-0.417186 abs_err=0.417186
2025-12-22 00:45:38,286 | INFO | TOP_ERR | split=test epoch=33 rank=2/10 b=9 t=23 var_idx=9 tp=1.252667 y_true=0.743767 y_pred=0.393781 diff=-0.349987 abs_err=0.349987
2025-12-22 00:45:38,286 | INFO | TOP_ERR | split=test epoch=33 rank=3/10 b=9 t=19 var_idx=9 tp=1.216667 y_true=0.739735 y_pred=0.393353 diff=-0.346382 abs_err=0.346382
2025-12-22 00:45:38,286 | INFO | TOP_ERR | split=test epoch=33 rank=4/10 b=28 t=17 var_idx=10 tp=1.223333 y_true=0.911302 y_pred=0.575687 diff=-0.335615 abs_err=0.335615
2025-12-22 00:45:38,286 | INFO | TOP_ERR | split=test epoch=33 rank=5/10 b=3 t=23 var_idx=10 tp=1.234333 y_true=0.806160 y_pred=0.496050 diff=-0.310110 abs_err=0.310110
2025-12-22 00:45:38,286 | INFO | TOP_ERR | split=test epoch=33 rank=6/10 b=3 t=23 var_idx=9 tp=1.234333 y_true=0.039639 y_pred=0.344755 diff=0.305116 abs_err=0.305116
2025-12-22 00:45:38,286 | INFO | TOP_ERR | split=test epoch=33 rank=7/10 b=3 t=23 var_idx=11 tp=1.234333 y_true=0.941412 y_pred=0.637628 diff=-0.303783 abs_err=0.303783
2025-12-22 00:45:38,286 | INFO | TOP_ERR | split=test epoch=33 rank=8/10 b=14 t=21 var_idx=2 tp=1.225667 y_true=0.669667 y_pred=0.370401 diff=-0.299266 abs_err=0.299266
2025-12-22 00:45:38,287 | INFO | TOP_ERR | split=test epoch=33 rank=9/10 b=6 t=24 var_idx=10 tp=1.279667 y_true=0.766321 y_pred=0.476295 diff=-0.290026 abs_err=0.290026
2025-12-22 00:45:38,287 | INFO | TOP_ERR | split=test epoch=33 rank=10/10 b=4 t=15 var_idx=10 tp=1.189333 y_true=0.791293 y_pred=0.504015 diff=-0.287277 abs_err=0.287277
2025-12-22 00:45:38,287 | INFO | TOP_BEST | split=test epoch=33 rank=1/3 b=18 t=26 var_idx=7 tp=1.271000 y_true=0.644677 y_pred=0.644654 diff=-0.000023 abs_err=0.000023
2025-12-22 00:45:38,287 | INFO | TOP_BEST | split=test epoch=33 rank=2/3 b=20 t=19 var_idx=0 tp=1.205000 y_true=0.407582 y_pred=0.407609 diff=0.000027 abs_err=0.000027
2025-12-22 00:45:38,287 | INFO | TOP_BEST | split=test epoch=33 rank=3/3 b=16 t=21 var_idx=10 tp=1.225667 y_true=0.581120 y_pred=0.581090 diff=-0.000030 abs_err=0.000030
2025-12-22 00:45:38,287 | INFO | TOP_OK | split=test epoch=33 none_found (no exact matches)
2025-12-22 00:46:15,916 | INFO | TOP_ERR | split=test epoch=40 rank=1/10 b=7 t=7 var_idx=0 tp=1.072333 y_true=0.670168 y_pred=0.251603 diff=-0.418565 abs_err=0.418565
2025-12-22 00:46:15,916 | INFO | TOP_ERR | split=test epoch=40 rank=2/10 b=9 t=23 var_idx=9 tp=1.252667 y_true=0.743767 y_pred=0.394592 diff=-0.349176 abs_err=0.349176
2025-12-22 00:46:15,916 | INFO | TOP_ERR | split=test epoch=40 rank=3/10 b=9 t=19 var_idx=9 tp=1.216667 y_true=0.739735 y_pred=0.394164 diff=-0.345570 abs_err=0.345570
2025-12-22 00:46:15,916 | INFO | TOP_ERR | split=test epoch=40 rank=4/10 b=28 t=17 var_idx=10 tp=1.223333 y_true=0.911302 y_pred=0.568981 diff=-0.342321 abs_err=0.342321
2025-12-22 00:46:15,917 | INFO | TOP_ERR | split=test epoch=40 rank=5/10 b=3 t=23 var_idx=10 tp=1.234333 y_true=0.806160 y_pred=0.488698 diff=-0.317461 abs_err=0.317461
2025-12-22 00:46:15,917 | INFO | TOP_ERR | split=test epoch=40 rank=6/10 b=3 t=23 var_idx=11 tp=1.234333 y_true=0.941412 y_pred=0.637393 diff=-0.304019 abs_err=0.304019
2025-12-22 00:46:15,917 | INFO | TOP_ERR | split=test epoch=40 rank=7/10 b=3 t=23 var_idx=9 tp=1.234333 y_true=0.039639 y_pred=0.343432 diff=0.303794 abs_err=0.303794
2025-12-22 00:46:15,917 | INFO | TOP_ERR | split=test epoch=40 rank=8/10 b=14 t=21 var_idx=2 tp=1.225667 y_true=0.669667 y_pred=0.368113 diff=-0.301555 abs_err=0.301555
2025-12-22 00:46:15,917 | INFO | TOP_ERR | split=test epoch=40 rank=9/10 b=4 t=15 var_idx=10 tp=1.189333 y_true=0.791293 y_pred=0.491910 diff=-0.299382 abs_err=0.299382
2025-12-22 00:46:15,917 | INFO | TOP_ERR | split=test epoch=40 rank=10/10 b=6 t=24 var_idx=10 tp=1.279667 y_true=0.766321 y_pred=0.470047 diff=-0.296274 abs_err=0.296274
2025-12-22 00:46:15,918 | INFO | TOP_BEST | split=test epoch=40 rank=1/3 b=31 t=2 var_idx=1 tp=1.034333 y_true=0.375620 y_pred=0.375628 diff=0.000008 abs_err=0.000008
2025-12-22 00:46:15,918 | INFO | TOP_BEST | split=test epoch=40 rank=2/3 b=2 t=20 var_idx=5 tp=1.216333 y_true=0.540033 y_pred=0.540043 diff=0.000011 abs_err=0.000011
2025-12-22 00:46:15,918 | INFO | TOP_BEST | split=test epoch=40 rank=3/3 b=20 t=13 var_idx=0 tp=1.133000 y_true=0.405617 y_pred=0.405583 diff=-0.000034 abs_err=0.000034
2025-12-22 00:46:15,918 | INFO | TOP_OK | split=test epoch=40 none_found (no exact matches)
2025-12-22 00:46:42,987 | INFO | TOP_ERR | split=test epoch=45 rank=1/10 b=7 t=7 var_idx=0 tp=1.072333 y_true=0.670168 y_pred=0.258539 diff=-0.411629 abs_err=0.411629
2025-12-22 00:46:42,987 | INFO | TOP_ERR | split=test epoch=45 rank=2/10 b=9 t=23 var_idx=9 tp=1.252667 y_true=0.743767 y_pred=0.403942 diff=-0.339825 abs_err=0.339825
2025-12-22 00:46:42,987 | INFO | TOP_ERR | split=test epoch=45 rank=3/10 b=9 t=19 var_idx=9 tp=1.216667 y_true=0.739735 y_pred=0.403515 diff=-0.336220 abs_err=0.336220
2025-12-22 00:46:42,987 | INFO | TOP_ERR | split=test epoch=45 rank=4/10 b=28 t=17 var_idx=10 tp=1.223333 y_true=0.911302 y_pred=0.580691 diff=-0.330611 abs_err=0.330611
2025-12-22 00:46:42,988 | INFO | TOP_ERR | split=test epoch=45 rank=5/10 b=3 t=23 var_idx=10 tp=1.234333 y_true=0.806160 y_pred=0.498008 diff=-0.308152 abs_err=0.308152
2025-12-22 00:46:42,988 | INFO | TOP_ERR | split=test epoch=45 rank=6/10 b=3 t=23 var_idx=9 tp=1.234333 y_true=0.039639 y_pred=0.342772 diff=0.303133 abs_err=0.303133
2025-12-22 00:46:42,988 | INFO | TOP_ERR | split=test epoch=45 rank=7/10 b=14 t=21 var_idx=2 tp=1.225667 y_true=0.669667 y_pred=0.371123 diff=-0.298544 abs_err=0.298544
2025-12-22 00:46:42,988 | INFO | TOP_ERR | split=test epoch=45 rank=8/10 b=3 t=23 var_idx=11 tp=1.234333 y_true=0.941412 y_pred=0.643855 diff=-0.297557 abs_err=0.297557
2025-12-22 00:46:42,988 | INFO | TOP_ERR | split=test epoch=45 rank=9/10 b=4 t=15 var_idx=10 tp=1.189333 y_true=0.791293 y_pred=0.503780 diff=-0.287513 abs_err=0.287513
2025-12-22 00:46:42,988 | INFO | TOP_ERR | split=test epoch=45 rank=10/10 b=6 t=24 var_idx=10 tp=1.279667 y_true=0.766321 y_pred=0.481687 diff=-0.284634 abs_err=0.284634
2025-12-22 00:46:42,989 | INFO | TOP_BEST | split=test epoch=45 rank=1/3 b=16 t=13 var_idx=6 tp=1.144667 y_true=0.535322 y_pred=0.535324 diff=0.000001 abs_err=0.000001
2025-12-22 00:46:42,989 | INFO | TOP_BEST | split=test epoch=45 rank=2/3 b=16 t=0 var_idx=7 tp=1.000667 y_true=0.619437 y_pred=0.619452 diff=0.000015 abs_err=0.000015
2025-12-22 00:46:42,989 | INFO | TOP_BEST | split=test epoch=45 rank=3/3 b=2 t=23 var_idx=5 tp=1.252333 y_true=0.550112 y_pred=0.550142 diff=0.000030 abs_err=0.000030
2025-12-22 00:46:42,989 | INFO | TOP_OK | split=test epoch=45 none_found (no exact matches)
2025-12-22 00:46:48,875 | INFO | TOP_ERR | split=test epoch=46 rank=1/10 b=7 t=7 var_idx=0 tp=1.072333 y_true=0.670168 y_pred=0.249968 diff=-0.420200 abs_err=0.420200
2025-12-22 00:46:48,876 | INFO | TOP_ERR | split=test epoch=46 rank=2/10 b=9 t=23 var_idx=9 tp=1.252667 y_true=0.743767 y_pred=0.397480 diff=-0.346287 abs_err=0.346287
2025-12-22 00:46:48,876 | INFO | TOP_ERR | split=test epoch=46 rank=3/10 b=9 t=19 var_idx=9 tp=1.216667 y_true=0.739735 y_pred=0.397037 diff=-0.342698 abs_err=0.342698
2025-12-22 00:46:48,876 | INFO | TOP_ERR | split=test epoch=46 rank=4/10 b=28 t=17 var_idx=10 tp=1.223333 y_true=0.911302 y_pred=0.576320 diff=-0.334983 abs_err=0.334983
2025-12-22 00:46:48,876 | INFO | TOP_ERR | split=test epoch=46 rank=5/10 b=3 t=23 var_idx=10 tp=1.234333 y_true=0.806160 y_pred=0.489718 diff=-0.316442 abs_err=0.316442
2025-12-22 00:46:48,876 | INFO | TOP_ERR | split=test epoch=46 rank=6/10 b=3 t=23 var_idx=9 tp=1.234333 y_true=0.039639 y_pred=0.345723 diff=0.306084 abs_err=0.306084
2025-12-22 00:46:48,876 | INFO | TOP_ERR | split=test epoch=46 rank=7/10 b=14 t=21 var_idx=2 tp=1.225667 y_true=0.669667 y_pred=0.366651 diff=-0.303017 abs_err=0.303017
2025-12-22 00:46:48,876 | INFO | TOP_ERR | split=test epoch=46 rank=8/10 b=4 t=15 var_idx=10 tp=1.189333 y_true=0.791293 y_pred=0.495429 diff=-0.295864 abs_err=0.295864
2025-12-22 00:46:48,876 | INFO | TOP_ERR | split=test epoch=46 rank=9/10 b=3 t=23 var_idx=11 tp=1.234333 y_true=0.941412 y_pred=0.646247 diff=-0.295165 abs_err=0.295165
2025-12-22 00:46:48,877 | INFO | TOP_ERR | split=test epoch=46 rank=10/10 b=6 t=24 var_idx=10 tp=1.279667 y_true=0.766321 y_pred=0.471404 diff=-0.294917 abs_err=0.294917
2025-12-22 00:46:48,877 | INFO | TOP_BEST | split=test epoch=46 rank=1/3 b=22 t=29 var_idx=8 tp=1.304333 y_true=0.623098 y_pred=0.623107 diff=0.000009 abs_err=0.000009
2025-12-22 00:46:48,877 | INFO | TOP_BEST | split=test epoch=46 rank=2/3 b=21 t=8 var_idx=1 tp=1.088000 y_true=0.384077 y_pred=0.384116 diff=0.000039 abs_err=0.000039
2025-12-22 00:46:48,877 | INFO | TOP_BEST | split=test epoch=46 rank=3/3 b=13 t=13 var_idx=6 tp=1.135667 y_true=0.510064 y_pred=0.510110 diff=0.000046 abs_err=0.000046
2025-12-22 00:46:48,877 | INFO | TOP_OK | split=test epoch=46 none_found (no exact matches)
2025-12-22 00:46:54,766 | INFO | TOP_ERR | split=test epoch=47 rank=1/10 b=7 t=7 var_idx=0 tp=1.072333 y_true=0.670168 y_pred=0.251450 diff=-0.418718 abs_err=0.418718
2025-12-22 00:46:54,766 | INFO | TOP_ERR | split=test epoch=47 rank=2/10 b=9 t=23 var_idx=9 tp=1.252667 y_true=0.743767 y_pred=0.398578 diff=-0.345189 abs_err=0.345189
2025-12-22 00:46:54,766 | INFO | TOP_ERR | split=test epoch=47 rank=3/10 b=9 t=19 var_idx=9 tp=1.216667 y_true=0.739735 y_pred=0.398063 diff=-0.341672 abs_err=0.341672
2025-12-22 00:46:54,766 | INFO | TOP_ERR | split=test epoch=47 rank=4/10 b=28 t=17 var_idx=10 tp=1.223333 y_true=0.911302 y_pred=0.573569 diff=-0.337733 abs_err=0.337733
2025-12-22 00:46:54,766 | INFO | TOP_ERR | split=test epoch=47 rank=5/10 b=3 t=23 var_idx=10 tp=1.234333 y_true=0.806160 y_pred=0.488801 diff=-0.317359 abs_err=0.317359
2025-12-22 00:46:54,766 | INFO | TOP_ERR | split=test epoch=47 rank=6/10 b=14 t=21 var_idx=2 tp=1.225667 y_true=0.669667 y_pred=0.368790 diff=-0.300877 abs_err=0.300877
2025-12-22 00:46:54,767 | INFO | TOP_ERR | split=test epoch=47 rank=7/10 b=3 t=23 var_idx=9 tp=1.234333 y_true=0.039639 y_pred=0.338172 diff=0.298534 abs_err=0.298534
2025-12-22 00:46:54,767 | INFO | TOP_ERR | split=test epoch=47 rank=8/10 b=3 t=23 var_idx=11 tp=1.234333 y_true=0.941412 y_pred=0.644216 diff=-0.297195 abs_err=0.297195
2025-12-22 00:46:54,767 | INFO | TOP_ERR | split=test epoch=47 rank=9/10 b=6 t=24 var_idx=10 tp=1.279667 y_true=0.766321 y_pred=0.472404 diff=-0.293917 abs_err=0.293917
2025-12-22 00:46:54,767 | INFO | TOP_ERR | split=test epoch=47 rank=10/10 b=4 t=15 var_idx=10 tp=1.189333 y_true=0.791293 y_pred=0.498717 diff=-0.292575 abs_err=0.292575
2025-12-22 00:46:54,767 | INFO | TOP_BEST | split=test epoch=47 rank=1/3 b=29 t=3 var_idx=5 tp=1.043000 y_true=0.537853 y_pred=0.537855 diff=0.000001 abs_err=0.000001
2025-12-22 00:46:54,768 | INFO | TOP_BEST | split=test epoch=47 rank=2/3 b=13 t=3 var_idx=10 tp=1.036667 y_true=0.591898 y_pred=0.591883 diff=-0.000015 abs_err=0.000015
2025-12-22 00:46:54,768 | INFO | TOP_BEST | split=test epoch=47 rank=3/3 b=30 t=15 var_idx=8 tp=1.160333 y_true=0.705984 y_pred=0.705999 diff=0.000015 abs_err=0.000015
2025-12-22 00:46:54,768 | INFO | TOP_OK | split=test epoch=47 none_found (no exact matches)
2025-12-22 00:47:16,899 | INFO | TOP_ERR | split=test epoch=51 rank=1/10 b=7 t=7 var_idx=0 tp=1.072333 y_true=0.670168 y_pred=0.246426 diff=-0.423742 abs_err=0.423742
2025-12-22 00:47:16,899 | INFO | TOP_ERR | split=test epoch=51 rank=2/10 b=9 t=23 var_idx=9 tp=1.252667 y_true=0.743767 y_pred=0.395594 diff=-0.348174 abs_err=0.348174
2025-12-22 00:47:16,899 | INFO | TOP_ERR | split=test epoch=51 rank=3/10 b=9 t=19 var_idx=9 tp=1.216667 y_true=0.739735 y_pred=0.395203 diff=-0.344532 abs_err=0.344532
2025-12-22 00:47:16,899 | INFO | TOP_ERR | split=test epoch=51 rank=4/10 b=28 t=17 var_idx=10 tp=1.223333 y_true=0.911302 y_pred=0.572448 diff=-0.338854 abs_err=0.338854
2025-12-22 00:47:16,899 | INFO | TOP_ERR | split=test epoch=51 rank=5/10 b=3 t=23 var_idx=10 tp=1.234333 y_true=0.806160 y_pred=0.487693 diff=-0.318466 abs_err=0.318466
2025-12-22 00:47:16,899 | INFO | TOP_ERR | split=test epoch=51 rank=6/10 b=14 t=21 var_idx=2 tp=1.225667 y_true=0.669667 y_pred=0.365529 diff=-0.304138 abs_err=0.304138
2025-12-22 00:47:16,899 | INFO | TOP_ERR | split=test epoch=51 rank=7/10 b=3 t=23 var_idx=11 tp=1.234333 y_true=0.941412 y_pred=0.641304 diff=-0.300108 abs_err=0.300108
2025-12-22 00:47:16,900 | INFO | TOP_ERR | split=test epoch=51 rank=8/10 b=4 t=15 var_idx=10 tp=1.189333 y_true=0.791293 y_pred=0.497571 diff=-0.293721 abs_err=0.293721
2025-12-22 00:47:16,900 | INFO | TOP_ERR | split=test epoch=51 rank=9/10 b=3 t=23 var_idx=9 tp=1.234333 y_true=0.039639 y_pred=0.333204 diff=0.293565 abs_err=0.293565
2025-12-22 00:47:16,900 | INFO | TOP_ERR | split=test epoch=51 rank=10/10 b=6 t=24 var_idx=10 tp=1.279667 y_true=0.766321 y_pred=0.473050 diff=-0.293271 abs_err=0.293271
2025-12-22 00:47:16,900 | INFO | TOP_BEST | split=test epoch=51 rank=1/3 b=24 t=2 var_idx=0 tp=1.025000 y_true=0.399163 y_pred=0.399182 diff=0.000019 abs_err=0.000019
2025-12-22 00:47:16,900 | INFO | TOP_BEST | split=test epoch=51 rank=2/3 b=16 t=8 var_idx=4 tp=1.090667 y_true=0.410137 y_pred=0.410159 diff=0.000022 abs_err=0.000022
2025-12-22 00:47:16,901 | INFO | TOP_BEST | split=test epoch=51 rank=3/3 b=18 t=6 var_idx=10 tp=1.063667 y_true=0.593287 y_pred=0.593258 diff=-0.000029 abs_err=0.000029
2025-12-22 00:47:16,901 | INFO | TOP_OK | split=test epoch=51 none_found (no exact matches)
2025-12-22 00:47:22,789 | INFO | TOP_ERR | split=test epoch=52 rank=1/10 b=7 t=7 var_idx=0 tp=1.072333 y_true=0.670168 y_pred=0.253667 diff=-0.416501 abs_err=0.416501
2025-12-22 00:47:22,790 | INFO | TOP_ERR | split=test epoch=52 rank=2/10 b=9 t=23 var_idx=9 tp=1.252667 y_true=0.743767 y_pred=0.402900 diff=-0.340867 abs_err=0.340867
2025-12-22 00:47:22,790 | INFO | TOP_ERR | split=test epoch=52 rank=3/10 b=9 t=19 var_idx=9 tp=1.216667 y_true=0.739735 y_pred=0.402514 diff=-0.337220 abs_err=0.337220
2025-12-22 00:47:22,790 | INFO | TOP_ERR | split=test epoch=52 rank=4/10 b=28 t=17 var_idx=10 tp=1.223333 y_true=0.911302 y_pred=0.579044 diff=-0.332258 abs_err=0.332258
2025-12-22 00:47:22,790 | INFO | TOP_ERR | split=test epoch=52 rank=5/10 b=3 t=23 var_idx=10 tp=1.234333 y_true=0.806160 y_pred=0.492355 diff=-0.313805 abs_err=0.313805
2025-12-22 00:47:22,790 | INFO | TOP_ERR | split=test epoch=52 rank=6/10 b=3 t=23 var_idx=9 tp=1.234333 y_true=0.039639 y_pred=0.344999 diff=0.305360 abs_err=0.305360
2025-12-22 00:47:22,790 | INFO | TOP_ERR | split=test epoch=52 rank=7/10 b=3 t=23 var_idx=11 tp=1.234333 y_true=0.941412 y_pred=0.642441 diff=-0.298971 abs_err=0.298971
2025-12-22 00:47:22,790 | INFO | TOP_ERR | split=test epoch=52 rank=8/10 b=14 t=21 var_idx=2 tp=1.225667 y_true=0.669667 y_pred=0.373988 diff=-0.295679 abs_err=0.295679
2025-12-22 00:47:22,791 | INFO | TOP_ERR | split=test epoch=52 rank=9/10 b=4 t=15 var_idx=10 tp=1.189333 y_true=0.791293 y_pred=0.500122 diff=-0.291170 abs_err=0.291170
2025-12-22 00:47:22,791 | INFO | TOP_ERR | split=test epoch=52 rank=10/10 b=6 t=24 var_idx=10 tp=1.279667 y_true=0.766321 y_pred=0.476527 diff=-0.289794 abs_err=0.289794
2025-12-22 00:47:22,791 | INFO | TOP_BEST | split=test epoch=52 rank=1/3 b=27 t=0 var_idx=8 tp=1.007000 y_true=0.627089 y_pred=0.627081 diff=-0.000008 abs_err=0.000008
2025-12-22 00:47:22,791 | INFO | TOP_BEST | split=test epoch=52 rank=2/3 b=10 t=14 var_idx=1 tp=1.153667 y_true=0.506409 y_pred=0.506417 diff=0.000009 abs_err=0.000009
2025-12-22 00:47:22,791 | INFO | TOP_BEST | split=test epoch=52 rank=3/3 b=12 t=17 var_idx=6 tp=1.180667 y_true=0.509354 y_pred=0.509364 diff=0.000010 abs_err=0.000010
2025-12-22 00:47:22,791 | INFO | TOP_OK | split=test epoch=52 none_found (no exact matches)
2025-12-22 00:47:28,687 | INFO | TOP_ERR | split=test epoch=53 rank=1/10 b=7 t=7 var_idx=0 tp=1.072333 y_true=0.670168 y_pred=0.262185 diff=-0.407983 abs_err=0.407983
2025-12-22 00:47:28,687 | INFO | TOP_ERR | split=test epoch=53 rank=2/10 b=9 t=23 var_idx=9 tp=1.252667 y_true=0.743767 y_pred=0.408738 diff=-0.335030 abs_err=0.335030
2025-12-22 00:47:28,688 | INFO | TOP_ERR | split=test epoch=53 rank=3/10 b=28 t=17 var_idx=10 tp=1.223333 y_true=0.911302 y_pred=0.579278 diff=-0.332024 abs_err=0.332024
2025-12-22 00:47:28,688 | INFO | TOP_ERR | split=test epoch=53 rank=4/10 b=9 t=19 var_idx=9 tp=1.216667 y_true=0.739735 y_pred=0.408314 diff=-0.331420 abs_err=0.331420
2025-12-22 00:47:28,688 | INFO | TOP_ERR | split=test epoch=53 rank=5/10 b=3 t=23 var_idx=10 tp=1.234333 y_true=0.806160 y_pred=0.495332 diff=-0.310827 abs_err=0.310827
2025-12-22 00:47:28,688 | INFO | TOP_ERR | split=test epoch=53 rank=6/10 b=3 t=23 var_idx=9 tp=1.234333 y_true=0.039639 y_pred=0.343384 diff=0.303746 abs_err=0.303746
2025-12-22 00:47:28,688 | INFO | TOP_ERR | split=test epoch=53 rank=7/10 b=3 t=23 var_idx=11 tp=1.234333 y_true=0.941412 y_pred=0.643325 diff=-0.298087 abs_err=0.298087
2025-12-22 00:47:28,688 | INFO | TOP_ERR | split=test epoch=53 rank=8/10 b=14 t=21 var_idx=2 tp=1.225667 y_true=0.669667 y_pred=0.372940 diff=-0.296727 abs_err=0.296727
2025-12-22 00:47:28,688 | INFO | TOP_ERR | split=test epoch=53 rank=9/10 b=4 t=15 var_idx=10 tp=1.189333 y_true=0.791293 y_pred=0.506151 diff=-0.285141 abs_err=0.285141
2025-12-22 00:47:28,688 | INFO | TOP_ERR | split=test epoch=53 rank=10/10 b=6 t=24 var_idx=10 tp=1.279667 y_true=0.766321 y_pred=0.481541 diff=-0.284780 abs_err=0.284780
2025-12-22 00:47:28,689 | INFO | TOP_BEST | split=test epoch=53 rank=1/3 b=21 t=23 var_idx=6 tp=1.277000 y_true=0.513408 y_pred=0.513394 diff=-0.000014 abs_err=0.000014
2025-12-22 00:47:28,689 | INFO | TOP_BEST | split=test epoch=53 rank=2/3 b=28 t=8 var_idx=3 tp=1.124333 y_true=0.480521 y_pred=0.480536 diff=0.000015 abs_err=0.000015
2025-12-22 00:47:28,689 | INFO | TOP_BEST | split=test epoch=53 rank=3/3 b=8 t=12 var_idx=4 tp=1.126333 y_true=0.468970 y_pred=0.468948 diff=-0.000022 abs_err=0.000022
2025-12-22 00:47:28,689 | INFO | TOP_OK | split=test epoch=53 none_found (no exact matches)
2025-12-22 00:47:50,531 | INFO | TOP_ERR | split=test epoch=57 rank=1/10 b=7 t=7 var_idx=0 tp=1.072333 y_true=0.670168 y_pred=0.247246 diff=-0.422922 abs_err=0.422922
2025-12-22 00:47:50,532 | INFO | TOP_ERR | split=test epoch=57 rank=2/10 b=9 t=23 var_idx=9 tp=1.252667 y_true=0.743767 y_pred=0.399398 diff=-0.344369 abs_err=0.344369
2025-12-22 00:47:50,532 | INFO | TOP_ERR | split=test epoch=57 rank=3/10 b=9 t=19 var_idx=9 tp=1.216667 y_true=0.739735 y_pred=0.399028 diff=-0.340707 abs_err=0.340707
2025-12-22 00:47:50,532 | INFO | TOP_ERR | split=test epoch=57 rank=4/10 b=28 t=17 var_idx=10 tp=1.223333 y_true=0.911302 y_pred=0.578057 diff=-0.333245 abs_err=0.333245
2025-12-22 00:47:50,532 | INFO | TOP_ERR | split=test epoch=57 rank=5/10 b=3 t=23 var_idx=10 tp=1.234333 y_true=0.806160 y_pred=0.489070 diff=-0.317089 abs_err=0.317089
2025-12-22 00:47:50,532 | INFO | TOP_ERR | split=test epoch=57 rank=6/10 b=14 t=21 var_idx=2 tp=1.225667 y_true=0.669667 y_pred=0.363284 diff=-0.306383 abs_err=0.306383
2025-12-22 00:47:50,532 | INFO | TOP_ERR | split=test epoch=57 rank=7/10 b=3 t=23 var_idx=11 tp=1.234333 y_true=0.941412 y_pred=0.641525 diff=-0.299887 abs_err=0.299887
2025-12-22 00:47:50,532 | INFO | TOP_ERR | split=test epoch=57 rank=8/10 b=3 t=23 var_idx=9 tp=1.234333 y_true=0.039639 y_pred=0.332677 diff=0.293038 abs_err=0.293038
2025-12-22 00:47:50,533 | INFO | TOP_ERR | split=test epoch=57 rank=9/10 b=4 t=15 var_idx=10 tp=1.189333 y_true=0.791293 y_pred=0.498660 diff=-0.292633 abs_err=0.292633
2025-12-22 00:47:50,533 | INFO | TOP_ERR | split=test epoch=57 rank=10/10 b=6 t=24 var_idx=10 tp=1.279667 y_true=0.766321 y_pred=0.475058 diff=-0.291263 abs_err=0.291263
2025-12-22 00:47:50,533 | INFO | TOP_BEST | split=test epoch=57 rank=1/3 b=24 t=5 var_idx=1 tp=1.061000 y_true=0.382868 y_pred=0.382840 diff=-0.000028 abs_err=0.000028
2025-12-22 00:47:50,533 | INFO | TOP_BEST | split=test epoch=57 rank=2/3 b=10 t=15 var_idx=11 tp=1.171667 y_true=0.626635 y_pred=0.626682 diff=0.000047 abs_err=0.000047
2025-12-22 00:47:50,533 | INFO | TOP_BEST | split=test epoch=57 rank=3/3 b=14 t=24 var_idx=3 tp=1.252667 y_true=0.497391 y_pred=0.497335 diff=-0.000056 abs_err=0.000056
2025-12-22 00:47:50,533 | INFO | TOP_OK | split=test epoch=57 none_found (no exact matches)
2025-12-22 00:47:56,438 | INFO | TOP_ERR | split=test epoch=58 rank=1/10 b=7 t=7 var_idx=0 tp=1.072333 y_true=0.670168 y_pred=0.246769 diff=-0.423399 abs_err=0.423399
2025-12-22 00:47:56,438 | INFO | TOP_ERR | split=test epoch=58 rank=2/10 b=9 t=23 var_idx=9 tp=1.252667 y_true=0.743767 y_pred=0.403431 diff=-0.340337 abs_err=0.340337
2025-12-22 00:47:56,438 | INFO | TOP_ERR | split=test epoch=58 rank=3/10 b=9 t=19 var_idx=9 tp=1.216667 y_true=0.739735 y_pred=0.403060 diff=-0.336675 abs_err=0.336675
2025-12-22 00:47:56,438 | INFO | TOP_ERR | split=test epoch=58 rank=4/10 b=28 t=17 var_idx=10 tp=1.223333 y_true=0.911302 y_pred=0.577610 diff=-0.333692 abs_err=0.333692
2025-12-22 00:47:56,438 | INFO | TOP_ERR | split=test epoch=58 rank=5/10 b=3 t=23 var_idx=10 tp=1.234333 y_true=0.806160 y_pred=0.490593 diff=-0.315567 abs_err=0.315567
2025-12-22 00:47:56,438 | INFO | TOP_ERR | split=test epoch=58 rank=6/10 b=14 t=21 var_idx=2 tp=1.225667 y_true=0.669667 y_pred=0.367213 diff=-0.302455 abs_err=0.302455
2025-12-22 00:47:56,439 | INFO | TOP_ERR | split=test epoch=58 rank=7/10 b=3 t=23 var_idx=11 tp=1.234333 y_true=0.941412 y_pred=0.641124 diff=-0.300287 abs_err=0.300287
2025-12-22 00:47:56,439 | INFO | TOP_ERR | split=test epoch=58 rank=8/10 b=3 t=23 var_idx=9 tp=1.234333 y_true=0.039639 y_pred=0.336385 diff=0.296746 abs_err=0.296746
2025-12-22 00:47:56,439 | INFO | TOP_ERR | split=test epoch=58 rank=9/10 b=4 t=15 var_idx=10 tp=1.189333 y_true=0.791293 y_pred=0.502836 diff=-0.288457 abs_err=0.288457
2025-12-22 00:47:56,439 | INFO | TOP_ERR | split=test epoch=58 rank=10/10 b=6 t=24 var_idx=10 tp=1.279667 y_true=0.766321 y_pred=0.478111 diff=-0.288211 abs_err=0.288211
2025-12-22 00:47:56,439 | INFO | TOP_BEST | split=test epoch=58 rank=1/3 b=21 t=8 var_idx=1 tp=1.088000 y_true=0.384077 y_pred=0.384073 diff=-0.000004 abs_err=0.000004
2025-12-22 00:47:56,440 | INFO | TOP_BEST | split=test epoch=58 rank=2/3 b=16 t=16 var_idx=0 tp=1.171667 y_true=0.489428 y_pred=0.489423 diff=-0.000004 abs_err=0.000004
2025-12-22 00:47:56,440 | INFO | TOP_BEST | split=test epoch=58 rank=3/3 b=8 t=10 var_idx=1 tp=1.099333 y_true=0.399158 y_pred=0.399149 diff=-0.000009 abs_err=0.000009
2025-12-22 00:47:56,440 | INFO | TOP_OK | split=test epoch=58 none_found (no exact matches)
2025-12-22 00:48:12,915 | INFO | TOP_ERR | split=test epoch=61 rank=1/10 b=7 t=7 var_idx=0 tp=1.072333 y_true=0.670168 y_pred=0.252361 diff=-0.417807 abs_err=0.417807
2025-12-22 00:48:12,915 | INFO | TOP_ERR | split=test epoch=61 rank=2/10 b=9 t=23 var_idx=9 tp=1.252667 y_true=0.743767 y_pred=0.405514 diff=-0.338253 abs_err=0.338253
2025-12-22 00:48:12,915 | INFO | TOP_ERR | split=test epoch=61 rank=3/10 b=28 t=17 var_idx=10 tp=1.223333 y_true=0.911302 y_pred=0.575945 diff=-0.335357 abs_err=0.335357
2025-12-22 00:48:12,915 | INFO | TOP_ERR | split=test epoch=61 rank=4/10 b=9 t=19 var_idx=9 tp=1.216667 y_true=0.739735 y_pred=0.405039 diff=-0.334696 abs_err=0.334696
2025-12-22 00:48:12,915 | INFO | TOP_ERR | split=test epoch=61 rank=5/10 b=3 t=23 var_idx=10 tp=1.234333 y_true=0.806160 y_pred=0.491658 diff=-0.314502 abs_err=0.314502
2025-12-22 00:48:12,916 | INFO | TOP_ERR | split=test epoch=61 rank=6/10 b=14 t=21 var_idx=2 tp=1.225667 y_true=0.669667 y_pred=0.368058 diff=-0.301609 abs_err=0.301609
2025-12-22 00:48:12,916 | INFO | TOP_ERR | split=test epoch=61 rank=7/10 b=3 t=23 var_idx=11 tp=1.234333 y_true=0.941412 y_pred=0.642456 diff=-0.298955 abs_err=0.298955
2025-12-22 00:48:12,916 | INFO | TOP_ERR | split=test epoch=61 rank=8/10 b=3 t=23 var_idx=9 tp=1.234333 y_true=0.039639 y_pred=0.337631 diff=0.297992 abs_err=0.297992
2025-12-22 00:48:12,916 | INFO | TOP_ERR | split=test epoch=61 rank=9/10 b=4 t=15 var_idx=10 tp=1.189333 y_true=0.791293 y_pred=0.495721 diff=-0.295572 abs_err=0.295572
2025-12-22 00:48:12,916 | INFO | TOP_ERR | split=test epoch=61 rank=10/10 b=6 t=24 var_idx=10 tp=1.279667 y_true=0.766321 y_pred=0.478109 diff=-0.288212 abs_err=0.288212
2025-12-22 00:48:12,916 | INFO | TOP_BEST | split=test epoch=61 rank=1/3 b=3 t=26 var_idx=11 tp=1.270333 y_true=0.642775 y_pred=0.642773 diff=-0.000002 abs_err=0.000002
2025-12-22 00:48:12,917 | INFO | TOP_BEST | split=test epoch=61 rank=2/3 b=16 t=21 var_idx=10 tp=1.225667 y_true=0.581120 y_pred=0.581108 diff=-0.000012 abs_err=0.000012
2025-12-22 00:48:12,917 | INFO | TOP_BEST | split=test epoch=61 rank=3/3 b=22 t=6 var_idx=5 tp=1.070000 y_true=0.599924 y_pred=0.599893 diff=-0.000031 abs_err=0.000031
2025-12-22 00:48:12,917 | INFO | TOP_OK | split=test epoch=61 none_found (no exact matches)
2025-12-22 00:48:40,075 | INFO | TOP_ERR | split=test epoch=66 rank=1/10 b=7 t=7 var_idx=0 tp=1.072333 y_true=0.670168 y_pred=0.252024 diff=-0.418144 abs_err=0.418144
2025-12-22 00:48:40,075 | INFO | TOP_ERR | split=test epoch=66 rank=2/10 b=9 t=23 var_idx=9 tp=1.252667 y_true=0.743767 y_pred=0.408469 diff=-0.335298 abs_err=0.335298
2025-12-22 00:48:40,075 | INFO | TOP_ERR | split=test epoch=66 rank=3/10 b=28 t=17 var_idx=10 tp=1.223333 y_true=0.911302 y_pred=0.578034 diff=-0.333268 abs_err=0.333268
2025-12-22 00:48:40,075 | INFO | TOP_ERR | split=test epoch=66 rank=4/10 b=9 t=19 var_idx=9 tp=1.216667 y_true=0.739735 y_pred=0.408054 diff=-0.331681 abs_err=0.331681
2025-12-22 00:48:40,075 | INFO | TOP_ERR | split=test epoch=66 rank=5/10 b=3 t=23 var_idx=10 tp=1.234333 y_true=0.806160 y_pred=0.492341 diff=-0.313818 abs_err=0.313818
2025-12-22 00:48:40,075 | INFO | TOP_ERR | split=test epoch=66 rank=6/10 b=14 t=21 var_idx=2 tp=1.225667 y_true=0.669667 y_pred=0.367322 diff=-0.302346 abs_err=0.302346
2025-12-22 00:48:40,076 | INFO | TOP_ERR | split=test epoch=66 rank=7/10 b=3 t=23 var_idx=11 tp=1.234333 y_true=0.941412 y_pred=0.639993 diff=-0.301419 abs_err=0.301419
2025-12-22 00:48:40,076 | INFO | TOP_ERR | split=test epoch=66 rank=8/10 b=3 t=23 var_idx=9 tp=1.234333 y_true=0.039639 y_pred=0.334559 diff=0.294920 abs_err=0.294920
2025-12-22 00:48:40,076 | INFO | TOP_ERR | split=test epoch=66 rank=9/10 b=6 t=24 var_idx=10 tp=1.279667 y_true=0.766321 y_pred=0.479768 diff=-0.286553 abs_err=0.286553
2025-12-22 00:48:40,076 | INFO | TOP_ERR | split=test epoch=66 rank=10/10 b=4 t=15 var_idx=10 tp=1.189333 y_true=0.791293 y_pred=0.505375 diff=-0.285917 abs_err=0.285917
2025-12-22 00:48:40,076 | INFO | TOP_BEST | split=test epoch=66 rank=1/3 b=6 t=28 var_idx=9 tp=1.315667 y_true=0.234968 y_pred=0.234972 diff=0.000004 abs_err=0.000004
2025-12-22 00:48:40,076 | INFO | TOP_BEST | split=test epoch=66 rank=2/3 b=20 t=29 var_idx=0 tp=1.313333 y_true=0.407011 y_pred=0.407041 diff=0.000030 abs_err=0.000030
2025-12-22 00:48:40,077 | INFO | TOP_BEST | split=test epoch=66 rank=3/3 b=10 t=5 var_idx=7 tp=1.054333 y_true=0.534376 y_pred=0.534329 diff=-0.000047 abs_err=0.000047
2025-12-22 00:48:40,077 | INFO | TOP_OK | split=test epoch=66 none_found (no exact matches)
2025-12-22 00:49:07,200 | INFO | TOP_ERR | split=test epoch=71 rank=1/10 b=7 t=7 var_idx=0 tp=1.072333 y_true=0.670168 y_pred=0.246875 diff=-0.423293 abs_err=0.423293
2025-12-22 00:49:07,201 | INFO | TOP_ERR | split=test epoch=71 rank=2/10 b=9 t=23 var_idx=9 tp=1.252667 y_true=0.743767 y_pred=0.409771 diff=-0.333997 abs_err=0.333997
2025-12-22 00:49:07,201 | INFO | TOP_ERR | split=test epoch=71 rank=3/10 b=28 t=17 var_idx=10 tp=1.223333 y_true=0.911302 y_pred=0.577916 diff=-0.333386 abs_err=0.333386
2025-12-22 00:49:07,201 | INFO | TOP_ERR | split=test epoch=71 rank=4/10 b=9 t=19 var_idx=9 tp=1.216667 y_true=0.739735 y_pred=0.409236 diff=-0.330498 abs_err=0.330498
2025-12-22 00:49:07,201 | INFO | TOP_ERR | split=test epoch=71 rank=5/10 b=3 t=23 var_idx=10 tp=1.234333 y_true=0.806160 y_pred=0.490206 diff=-0.315954 abs_err=0.315954
2025-12-22 00:49:07,201 | INFO | TOP_ERR | split=test epoch=71 rank=6/10 b=14 t=21 var_idx=2 tp=1.225667 y_true=0.669667 y_pred=0.368055 diff=-0.301613 abs_err=0.301613
2025-12-22 00:49:07,201 | INFO | TOP_ERR | split=test epoch=71 rank=7/10 b=3 t=23 var_idx=11 tp=1.234333 y_true=0.941412 y_pred=0.640744 diff=-0.300668 abs_err=0.300668
2025-12-22 00:49:07,201 | INFO | TOP_ERR | split=test epoch=71 rank=8/10 b=3 t=23 var_idx=9 tp=1.234333 y_true=0.039639 y_pred=0.333794 diff=0.294155 abs_err=0.294155
2025-12-22 00:49:07,201 | INFO | TOP_ERR | split=test epoch=71 rank=9/10 b=6 t=24 var_idx=10 tp=1.279667 y_true=0.766321 y_pred=0.479018 diff=-0.287303 abs_err=0.287303
2025-12-22 00:49:07,202 | INFO | TOP_ERR | split=test epoch=71 rank=10/10 b=4 t=15 var_idx=10 tp=1.189333 y_true=0.791293 y_pred=0.507994 diff=-0.283299 abs_err=0.283299
2025-12-22 00:49:07,202 | INFO | TOP_BEST | split=test epoch=71 rank=1/3 b=8 t=0 var_idx=8 tp=1.000333 y_true=0.690396 y_pred=0.690373 diff=-0.000024 abs_err=0.000024
2025-12-22 00:49:07,202 | INFO | TOP_BEST | split=test epoch=71 rank=2/3 b=4 t=3 var_idx=11 tp=1.045333 y_true=0.644385 y_pred=0.644359 diff=-0.000026 abs_err=0.000026
2025-12-22 00:49:07,202 | INFO | TOP_BEST | split=test epoch=71 rank=3/3 b=22 t=4 var_idx=2 tp=1.043000 y_true=0.475222 y_pred=0.475182 diff=-0.000040 abs_err=0.000040
2025-12-22 00:49:07,202 | INFO | TOP_OK | split=test epoch=71 none_found (no exact matches)
2025-12-22 00:49:13,071 | INFO | TOP_ERR | split=test epoch=72 rank=1/10 b=7 t=7 var_idx=0 tp=1.072333 y_true=0.670168 y_pred=0.252278 diff=-0.417890 abs_err=0.417890
2025-12-22 00:49:13,072 | INFO | TOP_ERR | split=test epoch=72 rank=2/10 b=28 t=17 var_idx=10 tp=1.223333 y_true=0.911302 y_pred=0.578833 diff=-0.332470 abs_err=0.332470
2025-12-22 00:49:13,072 | INFO | TOP_ERR | split=test epoch=72 rank=3/10 b=9 t=23 var_idx=9 tp=1.252667 y_true=0.743767 y_pred=0.413423 diff=-0.330344 abs_err=0.330344
2025-12-22 00:49:13,072 | INFO | TOP_ERR | split=test epoch=72 rank=4/10 b=9 t=19 var_idx=9 tp=1.216667 y_true=0.739735 y_pred=0.412947 diff=-0.326788 abs_err=0.326788
2025-12-22 00:49:13,072 | INFO | TOP_ERR | split=test epoch=72 rank=5/10 b=3 t=23 var_idx=10 tp=1.234333 y_true=0.806160 y_pred=0.493363 diff=-0.312796 abs_err=0.312796
2025-12-22 00:49:13,072 | INFO | TOP_ERR | split=test epoch=72 rank=6/10 b=3 t=23 var_idx=9 tp=1.234333 y_true=0.039639 y_pred=0.340758 diff=0.301119 abs_err=0.301119
2025-12-22 00:49:13,072 | INFO | TOP_ERR | split=test epoch=72 rank=7/10 b=3 t=23 var_idx=11 tp=1.234333 y_true=0.941412 y_pred=0.643792 diff=-0.297620 abs_err=0.297620
2025-12-22 00:49:13,072 | INFO | TOP_ERR | split=test epoch=72 rank=8/10 b=14 t=21 var_idx=2 tp=1.225667 y_true=0.669667 y_pred=0.373483 diff=-0.296184 abs_err=0.296184
2025-12-22 00:49:13,072 | INFO | TOP_ERR | split=test epoch=72 rank=9/10 b=6 t=24 var_idx=10 tp=1.279667 y_true=0.766321 y_pred=0.480558 diff=-0.285764 abs_err=0.285764
2025-12-22 00:49:13,073 | INFO | TOP_ERR | split=test epoch=72 rank=10/10 b=4 t=15 var_idx=10 tp=1.189333 y_true=0.791293 y_pred=0.509686 diff=-0.281606 abs_err=0.281606
2025-12-22 00:49:13,073 | INFO | TOP_BEST | split=test epoch=72 rank=1/3 b=20 t=28 var_idx=5 tp=1.304000 y_true=0.604042 y_pred=0.604048 diff=0.000006 abs_err=0.000006
2025-12-22 00:49:13,073 | INFO | TOP_BEST | split=test epoch=72 rank=2/3 b=26 t=23 var_idx=3 tp=1.250333 y_true=0.503400 y_pred=0.503424 diff=0.000024 abs_err=0.000024
2025-12-22 00:49:13,073 | INFO | TOP_BEST | split=test epoch=72 rank=3/3 b=20 t=19 var_idx=2 tp=1.205000 y_true=0.477557 y_pred=0.477593 diff=0.000037 abs_err=0.000037
2025-12-22 00:49:13,073 | INFO | TOP_OK | split=test epoch=72 none_found (no exact matches)
2025-12-22 00:49:45,535 | INFO | TOP_ERR | split=test epoch=78 rank=1/10 b=7 t=7 var_idx=0 tp=1.072333 y_true=0.670168 y_pred=0.251049 diff=-0.419119 abs_err=0.419119
2025-12-22 00:49:45,535 | INFO | TOP_ERR | split=test epoch=78 rank=2/10 b=28 t=17 var_idx=10 tp=1.223333 y_true=0.911302 y_pred=0.567806 diff=-0.343496 abs_err=0.343496
2025-12-22 00:49:45,535 | INFO | TOP_ERR | split=test epoch=78 rank=3/10 b=9 t=23 var_idx=9 tp=1.252667 y_true=0.743767 y_pred=0.412189 diff=-0.331578 abs_err=0.331578
2025-12-22 00:49:45,535 | INFO | TOP_ERR | split=test epoch=78 rank=4/10 b=9 t=19 var_idx=9 tp=1.216667 y_true=0.739735 y_pred=0.411761 diff=-0.327973 abs_err=0.327973
2025-12-22 00:49:45,535 | INFO | TOP_ERR | split=test epoch=78 rank=5/10 b=3 t=23 var_idx=10 tp=1.234333 y_true=0.806160 y_pred=0.483258 diff=-0.322902 abs_err=0.322902
2025-12-22 00:49:45,535 | INFO | TOP_ERR | split=test epoch=78 rank=6/10 b=3 t=23 var_idx=11 tp=1.234333 y_true=0.941412 y_pred=0.636248 diff=-0.305163 abs_err=0.305163
2025-12-22 00:49:45,536 | INFO | TOP_ERR | split=test epoch=78 rank=7/10 b=14 t=21 var_idx=2 tp=1.225667 y_true=0.669667 y_pred=0.366650 diff=-0.303017 abs_err=0.303017
2025-12-22 00:49:45,536 | INFO | TOP_ERR | split=test epoch=78 rank=8/10 b=6 t=24 var_idx=10 tp=1.279667 y_true=0.766321 y_pred=0.472061 diff=-0.294260 abs_err=0.294260
2025-12-22 00:49:45,536 | INFO | TOP_ERR | split=test epoch=78 rank=9/10 b=4 t=15 var_idx=10 tp=1.189333 y_true=0.791293 y_pred=0.497643 diff=-0.293650 abs_err=0.293650
2025-12-22 00:49:45,536 | INFO | TOP_ERR | split=test epoch=78 rank=10/10 b=3 t=23 var_idx=9 tp=1.234333 y_true=0.039639 y_pred=0.330547 diff=0.290908 abs_err=0.290908
2025-12-22 00:49:45,536 | INFO | TOP_BEST | split=test epoch=78 rank=1/3 b=22 t=15 var_idx=6 tp=1.160000 y_true=0.510011 y_pred=0.510011 diff=0.000000 abs_err=0.000000
2025-12-22 00:49:45,537 | INFO | TOP_BEST | split=test epoch=78 rank=2/3 b=19 t=1 var_idx=8 tp=1.006667 y_true=0.623421 y_pred=0.623384 diff=-0.000037 abs_err=0.000037
2025-12-22 00:49:45,537 | INFO | TOP_BEST | split=test epoch=78 rank=3/3 b=7 t=12 var_idx=9 tp=1.126333 y_true=0.225484 y_pred=0.225541 diff=0.000058 abs_err=0.000058
2025-12-22 00:49:45,537 | INFO | TOP_OK | split=test epoch=78 rank=1/3 b=22 t=15 var_idx=6 tp=1.160000 y_true=0.510011 y_pred=0.510011
2025-12-22 00:50:07,435 | INFO | TOP_ERR | split=test epoch=82 rank=1/10 b=7 t=7 var_idx=0 tp=1.072333 y_true=0.670168 y_pred=0.254120 diff=-0.416048 abs_err=0.416048
2025-12-22 00:50:07,435 | INFO | TOP_ERR | split=test epoch=82 rank=2/10 b=28 t=17 var_idx=10 tp=1.223333 y_true=0.911302 y_pred=0.571451 diff=-0.339852 abs_err=0.339852
2025-12-22 00:50:07,435 | INFO | TOP_ERR | split=test epoch=82 rank=3/10 b=9 t=23 var_idx=9 tp=1.252667 y_true=0.743767 y_pred=0.422155 diff=-0.321613 abs_err=0.321613
2025-12-22 00:50:07,436 | INFO | TOP_ERR | split=test epoch=82 rank=4/10 b=3 t=23 var_idx=10 tp=1.234333 y_true=0.806160 y_pred=0.487955 diff=-0.318205 abs_err=0.318205
2025-12-22 00:50:07,436 | INFO | TOP_ERR | split=test epoch=82 rank=5/10 b=9 t=19 var_idx=9 tp=1.216667 y_true=0.739735 y_pred=0.421621 diff=-0.318114 abs_err=0.318114
2025-12-22 00:50:07,436 | INFO | TOP_ERR | split=test epoch=82 rank=6/10 b=3 t=23 var_idx=11 tp=1.234333 y_true=0.941412 y_pred=0.638878 diff=-0.302534 abs_err=0.302534
2025-12-22 00:50:07,436 | INFO | TOP_ERR | split=test epoch=82 rank=7/10 b=14 t=21 var_idx=2 tp=1.225667 y_true=0.669667 y_pred=0.372602 diff=-0.297065 abs_err=0.297065
2025-12-22 00:50:07,436 | INFO | TOP_ERR | split=test epoch=82 rank=8/10 b=3 t=23 var_idx=9 tp=1.234333 y_true=0.039639 y_pred=0.333373 diff=0.293734 abs_err=0.293734
2025-12-22 00:50:07,436 | INFO | TOP_ERR | split=test epoch=82 rank=9/10 b=6 t=24 var_idx=10 tp=1.279667 y_true=0.766321 y_pred=0.476710 diff=-0.289611 abs_err=0.289611
2025-12-22 00:50:07,436 | INFO | TOP_ERR | split=test epoch=82 rank=10/10 b=4 t=15 var_idx=10 tp=1.189333 y_true=0.791293 y_pred=0.506328 diff=-0.284964 abs_err=0.284964
2025-12-22 00:50:07,437 | INFO | TOP_BEST | split=test epoch=82 rank=1/3 b=20 t=13 var_idx=0 tp=1.133000 y_true=0.405617 y_pred=0.405612 diff=-0.000005 abs_err=0.000005
2025-12-22 00:50:07,437 | INFO | TOP_BEST | split=test epoch=82 rank=2/3 b=9 t=0 var_idx=9 tp=1.000333 y_true=0.417923 y_pred=0.417893 diff=-0.000030 abs_err=0.000030
2025-12-22 00:50:07,437 | INFO | TOP_BEST | split=test epoch=82 rank=3/3 b=31 t=24 var_idx=10 tp=1.268333 y_true=0.405847 y_pred=0.405806 diff=-0.000040 abs_err=0.000040
2025-12-22 00:50:07,437 | INFO | TOP_OK | split=test epoch=82 none_found (no exact matches)
2025-12-22 00:50:45,169 | INFO | TOP_ERR | split=test epoch=89 rank=1/10 b=7 t=7 var_idx=0 tp=1.072333 y_true=0.670168 y_pred=0.250288 diff=-0.419880 abs_err=0.419880
2025-12-22 00:50:45,169 | INFO | TOP_ERR | split=test epoch=89 rank=2/10 b=28 t=17 var_idx=10 tp=1.223333 y_true=0.911302 y_pred=0.577308 diff=-0.333994 abs_err=0.333994
2025-12-22 00:50:45,169 | INFO | TOP_ERR | split=test epoch=89 rank=3/10 b=9 t=23 var_idx=9 tp=1.252667 y_true=0.743767 y_pred=0.428747 diff=-0.315020 abs_err=0.315020
2025-12-22 00:50:45,170 | INFO | TOP_ERR | split=test epoch=89 rank=4/10 b=3 t=23 var_idx=10 tp=1.234333 y_true=0.806160 y_pred=0.491312 diff=-0.314848 abs_err=0.314848
2025-12-22 00:50:45,170 | INFO | TOP_ERR | split=test epoch=89 rank=5/10 b=9 t=19 var_idx=9 tp=1.216667 y_true=0.739735 y_pred=0.427958 diff=-0.311777 abs_err=0.311777
2025-12-22 00:50:45,170 | INFO | TOP_ERR | split=test epoch=89 rank=6/10 b=3 t=23 var_idx=11 tp=1.234333 y_true=0.941412 y_pred=0.634931 diff=-0.306481 abs_err=0.306481
2025-12-22 00:50:45,170 | INFO | TOP_ERR | split=test epoch=89 rank=7/10 b=14 t=21 var_idx=2 tp=1.225667 y_true=0.669667 y_pred=0.369338 diff=-0.300330 abs_err=0.300330
2025-12-22 00:50:45,170 | INFO | TOP_ERR | split=test epoch=89 rank=8/10 b=4 t=15 var_idx=11 tp=1.189333 y_true=0.927668 y_pred=0.632690 diff=-0.294978 abs_err=0.294978
2025-12-22 00:50:45,170 | INFO | TOP_ERR | split=test epoch=89 rank=9/10 b=3 t=23 var_idx=9 tp=1.234333 y_true=0.039639 y_pred=0.334484 diff=0.294846 abs_err=0.294846
2025-12-22 00:50:45,170 | INFO | TOP_ERR | split=test epoch=89 rank=10/10 b=6 t=24 var_idx=10 tp=1.279667 y_true=0.766321 y_pred=0.481016 diff=-0.285305 abs_err=0.285305
2025-12-22 00:50:45,171 | INFO | TOP_BEST | split=test epoch=89 rank=1/3 b=13 t=20 var_idx=10 tp=1.216667 y_true=0.596352 y_pred=0.596333 diff=-0.000019 abs_err=0.000019
2025-12-22 00:50:45,171 | INFO | TOP_BEST | split=test epoch=89 rank=2/3 b=22 t=19 var_idx=10 tp=1.205000 y_true=0.572763 y_pred=0.572789 diff=0.000026 abs_err=0.000026
2025-12-22 00:50:45,171 | INFO | TOP_BEST | split=test epoch=89 rank=3/3 b=18 t=19 var_idx=8 tp=1.198667 y_true=0.622049 y_pred=0.622022 diff=-0.000027 abs_err=0.000027
2025-12-22 00:50:45,171 | INFO | TOP_OK | split=test epoch=89 none_found (no exact matches)
2025-12-22 00:50:56,339 | INFO | TOP_ERR | split=test epoch=91 rank=1/10 b=7 t=7 var_idx=0 tp=1.072333 y_true=0.670168 y_pred=0.253111 diff=-0.417057 abs_err=0.417057
2025-12-22 00:50:56,339 | INFO | TOP_ERR | split=test epoch=91 rank=2/10 b=28 t=17 var_idx=10 tp=1.223333 y_true=0.911302 y_pred=0.575111 diff=-0.336191 abs_err=0.336191
2025-12-22 00:50:56,339 | INFO | TOP_ERR | split=test epoch=91 rank=3/10 b=9 t=23 var_idx=9 tp=1.252667 y_true=0.743767 y_pred=0.425986 diff=-0.317782 abs_err=0.317782
2025-12-22 00:50:56,340 | INFO | TOP_ERR | split=test epoch=91 rank=4/10 b=3 t=23 var_idx=10 tp=1.234333 y_true=0.806160 y_pred=0.488718 diff=-0.317442 abs_err=0.317442
2025-12-22 00:50:56,340 | INFO | TOP_ERR | split=test epoch=91 rank=5/10 b=9 t=19 var_idx=9 tp=1.216667 y_true=0.739735 y_pred=0.425308 diff=-0.314426 abs_err=0.314426
2025-12-22 00:50:56,340 | INFO | TOP_ERR | split=test epoch=91 rank=6/10 b=3 t=23 var_idx=11 tp=1.234333 y_true=0.941412 y_pred=0.636632 diff=-0.304780 abs_err=0.304780
2025-12-22 00:50:56,340 | INFO | TOP_ERR | split=test epoch=91 rank=7/10 b=14 t=21 var_idx=2 tp=1.225667 y_true=0.669667 y_pred=0.366535 diff=-0.303132 abs_err=0.303132
2025-12-22 00:50:56,340 | INFO | TOP_ERR | split=test epoch=91 rank=8/10 b=3 t=23 var_idx=9 tp=1.234333 y_true=0.039639 y_pred=0.333037 diff=0.293399 abs_err=0.293399
2025-12-22 00:50:56,340 | INFO | TOP_ERR | split=test epoch=91 rank=9/10 b=6 t=24 var_idx=10 tp=1.279667 y_true=0.766321 y_pred=0.477067 diff=-0.289254 abs_err=0.289254
2025-12-22 00:50:56,340 | INFO | TOP_ERR | split=test epoch=91 rank=10/10 b=4 t=15 var_idx=11 tp=1.189333 y_true=0.927668 y_pred=0.638836 diff=-0.288832 abs_err=0.288832
2025-12-22 00:50:56,341 | INFO | TOP_BEST | split=test epoch=91 rank=1/3 b=20 t=17 var_idx=11 tp=1.187000 y_true=0.555054 y_pred=0.555043 diff=-0.000011 abs_err=0.000011
2025-12-22 00:50:56,341 | INFO | TOP_BEST | split=test epoch=91 rank=2/3 b=16 t=1 var_idx=9 tp=1.009667 y_true=0.524687 y_pred=0.524646 diff=-0.000041 abs_err=0.000041
2025-12-22 00:50:56,341 | INFO | TOP_BEST | split=test epoch=91 rank=3/3 b=11 t=0 var_idx=1 tp=1.000333 y_true=0.505318 y_pred=0.505264 diff=-0.000054 abs_err=0.000054
2025-12-22 00:50:56,341 | INFO | TOP_OK | split=test epoch=91 none_found (no exact matches)
2025-12-22 00:52:00,599 | INFO | TOP_ERR | split=test epoch=103 rank=1/10 b=7 t=7 var_idx=0 tp=1.072333 y_true=0.670168 y_pred=0.247029 diff=-0.423139 abs_err=0.423139
2025-12-22 00:52:00,599 | INFO | TOP_ERR | split=test epoch=103 rank=2/10 b=28 t=17 var_idx=10 tp=1.223333 y_true=0.911302 y_pred=0.572844 diff=-0.338458 abs_err=0.338458
2025-12-22 00:52:00,600 | INFO | TOP_ERR | split=test epoch=103 rank=3/10 b=3 t=23 var_idx=10 tp=1.234333 y_true=0.806160 y_pred=0.487582 diff=-0.318578 abs_err=0.318578
2025-12-22 00:52:00,600 | INFO | TOP_ERR | split=test epoch=103 rank=4/10 b=9 t=23 var_idx=9 tp=1.252667 y_true=0.743767 y_pred=0.425790 diff=-0.317977 abs_err=0.317977
2025-12-22 00:52:00,600 | INFO | TOP_ERR | split=test epoch=103 rank=5/10 b=9 t=19 var_idx=9 tp=1.216667 y_true=0.739735 y_pred=0.425112 diff=-0.314622 abs_err=0.314622
2025-12-22 00:52:00,600 | INFO | TOP_ERR | split=test epoch=103 rank=6/10 b=14 t=21 var_idx=2 tp=1.225667 y_true=0.669667 y_pred=0.364150 diff=-0.305518 abs_err=0.305518
2025-12-22 00:52:00,600 | INFO | TOP_ERR | split=test epoch=103 rank=7/10 b=3 t=23 var_idx=11 tp=1.234333 y_true=0.941412 y_pred=0.639310 diff=-0.302101 abs_err=0.302101
2025-12-22 00:52:00,600 | INFO | TOP_ERR | split=test epoch=103 rank=8/10 b=6 t=24 var_idx=10 tp=1.279667 y_true=0.766321 y_pred=0.474912 diff=-0.291409 abs_err=0.291409
2025-12-22 00:52:00,600 | INFO | TOP_ERR | split=test epoch=103 rank=9/10 b=4 t=15 var_idx=11 tp=1.189333 y_true=0.927668 y_pred=0.638834 diff=-0.288834 abs_err=0.288834
2025-12-22 00:52:00,600 | INFO | TOP_ERR | split=test epoch=103 rank=10/10 b=4 t=15 var_idx=10 tp=1.189333 y_true=0.791293 y_pred=0.507716 diff=-0.283576 abs_err=0.283576
2025-12-22 00:52:00,601 | INFO | TOP_BEST | split=test epoch=103 rank=1/3 b=20 t=27 var_idx=10 tp=1.295000 y_true=0.571950 y_pred=0.571950 diff=0.000000 abs_err=0.000000
2025-12-22 00:52:00,601 | INFO | TOP_BEST | split=test epoch=103 rank=2/3 b=20 t=16 var_idx=6 tp=1.178000 y_true=0.508577 y_pred=0.508564 diff=-0.000013 abs_err=0.000013
2025-12-22 00:52:00,601 | INFO | TOP_BEST | split=test epoch=103 rank=3/3 b=16 t=14 var_idx=10 tp=1.153667 y_true=0.573257 y_pred=0.573205 diff=-0.000052 abs_err=0.000052
2025-12-22 00:52:00,601 | INFO | TOP_OK | split=test epoch=103 rank=1/3 b=20 t=27 var_idx=10 tp=1.295000 y_true=0.571950 y_pred=0.571950
2025-12-22 00:52:59,615 | INFO | TOP_ERR | split=test epoch=114 rank=1/10 b=7 t=7 var_idx=0 tp=1.072333 y_true=0.670168 y_pred=0.248208 diff=-0.421960 abs_err=0.421960
2025-12-22 00:52:59,615 | INFO | TOP_ERR | split=test epoch=114 rank=2/10 b=28 t=17 var_idx=10 tp=1.223333 y_true=0.911302 y_pred=0.574561 diff=-0.336741 abs_err=0.336741
2025-12-22 00:52:59,615 | INFO | TOP_ERR | split=test epoch=114 rank=3/10 b=3 t=23 var_idx=10 tp=1.234333 y_true=0.806160 y_pred=0.489615 diff=-0.316545 abs_err=0.316545
2025-12-22 00:52:59,615 | INFO | TOP_ERR | split=test epoch=114 rank=4/10 b=9 t=23 var_idx=9 tp=1.252667 y_true=0.743767 y_pred=0.427332 diff=-0.316436 abs_err=0.316436
2025-12-22 00:52:59,615 | INFO | TOP_ERR | split=test epoch=114 rank=5/10 b=9 t=19 var_idx=9 tp=1.216667 y_true=0.739735 y_pred=0.426482 diff=-0.313252 abs_err=0.313252
2025-12-22 00:52:59,615 | INFO | TOP_ERR | split=test epoch=114 rank=6/10 b=14 t=21 var_idx=2 tp=1.225667 y_true=0.669667 y_pred=0.362734 diff=-0.306934 abs_err=0.306934
2025-12-22 00:52:59,615 | INFO | TOP_ERR | split=test epoch=114 rank=7/10 b=3 t=23 var_idx=11 tp=1.234333 y_true=0.941412 y_pred=0.635320 diff=-0.306091 abs_err=0.306091
2025-12-22 00:52:59,616 | INFO | TOP_ERR | split=test epoch=114 rank=8/10 b=4 t=15 var_idx=11 tp=1.189333 y_true=0.927668 y_pred=0.628457 diff=-0.299212 abs_err=0.299212
2025-12-22 00:52:59,616 | INFO | TOP_ERR | split=test epoch=114 rank=9/10 b=6 t=24 var_idx=10 tp=1.279667 y_true=0.766321 y_pred=0.475631 diff=-0.290690 abs_err=0.290690
2025-12-22 00:52:59,616 | INFO | TOP_ERR | split=test epoch=114 rank=10/10 b=4 t=15 var_idx=10 tp=1.189333 y_true=0.791293 y_pred=0.506438 diff=-0.284855 abs_err=0.284855
2025-12-22 00:52:59,616 | INFO | TOP_BEST | split=test epoch=114 rank=1/3 b=12 t=9 var_idx=1 tp=1.099667 y_true=0.484675 y_pred=0.484678 diff=0.000003 abs_err=0.000003
2025-12-22 00:52:59,616 | INFO | TOP_BEST | split=test epoch=114 rank=2/3 b=10 t=4 var_idx=1 tp=1.045333 y_true=0.495438 y_pred=0.495443 diff=0.000004 abs_err=0.000004
2025-12-22 00:52:59,616 | INFO | TOP_BEST | split=test epoch=114 rank=3/3 b=21 t=21 var_idx=10 tp=1.250000 y_true=0.573227 y_pred=0.573190 diff=-0.000037 abs_err=0.000037
2025-12-22 00:52:59,617 | INFO | TOP_OK | split=test epoch=114 none_found (no exact matches)
