2025-12-22 02:01:41,709 | INFO | - Epoch 000, ExpID 54124 best_epoch=0 improved=1
2025-12-22 02:01:41,709 | INFO | Train - Loss (last batch): 0.00906
2025-12-22 02:01:41,709 | INFO | Val - Loss, MSE, MAE: 0.00879, 0.00879, 0.06991
2025-12-22 02:01:41,710 | INFO | Test - Best epoch, Loss, MSE, MAE: 0, 0.00808, 0.00808, 0.06780
2025-12-22 02:01:41,710 | INFO | Test - Points (EXACT): total_masked=96963 correct=26877 right_rate=27.7188%
2025-12-22 02:01:45,929 | INFO | - Epoch 001, ExpID 54124 best_epoch=1 improved=1
2025-12-22 02:01:45,929 | INFO | Train - Loss (last batch): 0.00300
2025-12-22 02:01:45,929 | INFO | Val - Loss, MSE, MAE: 0.00420, 0.00420, 0.04571
2025-12-22 02:01:45,929 | INFO | Test - Best epoch, Loss, MSE, MAE: 1, 0.00398, 0.00398, 0.04419
2025-12-22 02:01:45,929 | INFO | Test - Points (EXACT): total_masked=96963 correct=38757 right_rate=39.9709%
2025-12-22 02:01:50,160 | INFO | - Epoch 002, ExpID 54124 best_epoch=2 improved=1
2025-12-22 02:01:50,160 | INFO | Train - Loss (last batch): 0.00261
2025-12-22 02:01:50,160 | INFO | Val - Loss, MSE, MAE: 0.00315, 0.00315, 0.03496
2025-12-22 02:01:50,160 | INFO | Test - Best epoch, Loss, MSE, MAE: 2, 0.00302, 0.00302, 0.03436
2025-12-22 02:01:50,160 | INFO | Test - Points (EXACT): total_masked=96963 correct=55007 right_rate=56.7299%
2025-12-22 02:01:53,916 | INFO | - Epoch 003, ExpID 54124 best_epoch=2 improved=0
2025-12-22 02:01:53,916 | INFO | Train - Loss (last batch): 0.00276
2025-12-22 02:01:53,916 | INFO | Val - Loss, MSE, MAE: 0.00327, 0.00327, 0.03738
2025-12-22 02:01:53,916 | INFO | Test - Best epoch, Loss, MSE, MAE: 2, 0.00302, 0.00302, 0.03436
2025-12-22 02:01:53,916 | INFO | Test - Points (EXACT): total_masked=96963 correct=55007 right_rate=56.7299%
2025-12-22 02:01:58,133 | INFO | - Epoch 004, ExpID 54124 best_epoch=4 improved=1
2025-12-22 02:01:58,133 | INFO | Train - Loss (last batch): 0.00237
2025-12-22 02:01:58,133 | INFO | Val - Loss, MSE, MAE: 0.00311, 0.00311, 0.03544
2025-12-22 02:01:58,133 | INFO | Test - Best epoch, Loss, MSE, MAE: 4, 0.00299, 0.00299, 0.03484
2025-12-22 02:01:58,133 | INFO | Test - Points (EXACT): total_masked=96963 correct=53702 right_rate=55.3840%
2025-12-22 02:02:01,867 | INFO | - Epoch 005, ExpID 54124 best_epoch=4 improved=0
2025-12-22 02:02:01,867 | INFO | Train - Loss (last batch): 0.00265
2025-12-22 02:02:01,867 | INFO | Val - Loss, MSE, MAE: 0.00358, 0.00358, 0.04197
2025-12-22 02:02:01,867 | INFO | Test - Best epoch, Loss, MSE, MAE: 4, 0.00299, 0.00299, 0.03484
2025-12-22 02:02:01,867 | INFO | Test - Points (EXACT): total_masked=96963 correct=53702 right_rate=55.3840%
2025-12-22 02:02:05,607 | INFO | - Epoch 006, ExpID 54124 best_epoch=4 improved=0
2025-12-22 02:02:05,607 | INFO | Train - Loss (last batch): 0.00281
2025-12-22 02:02:05,607 | INFO | Val - Loss, MSE, MAE: 0.00325, 0.00325, 0.03746
2025-12-22 02:02:05,607 | INFO | Test - Best epoch, Loss, MSE, MAE: 4, 0.00299, 0.00299, 0.03484
2025-12-22 02:02:05,607 | INFO | Test - Points (EXACT): total_masked=96963 correct=53702 right_rate=55.3840%
2025-12-22 02:02:09,777 | INFO | - Epoch 007, ExpID 54124 best_epoch=7 improved=1
2025-12-22 02:02:09,777 | INFO | Train - Loss (last batch): 0.00333
2025-12-22 02:02:09,777 | INFO | Val - Loss, MSE, MAE: 0.00309, 0.00309, 0.03543
2025-12-22 02:02:09,777 | INFO | Test - Best epoch, Loss, MSE, MAE: 7, 0.00299, 0.00299, 0.03508
2025-12-22 02:02:09,778 | INFO | Test - Points (EXACT): total_masked=96963 correct=53204 right_rate=54.8704%
2025-12-22 02:02:13,623 | INFO | - Epoch 008, ExpID 54124 best_epoch=7 improved=0
2025-12-22 02:02:13,740 | INFO | Train - Loss (last batch): 0.00277
2025-12-22 02:02:13,740 | INFO | Val - Loss, MSE, MAE: 0.00389, 0.00389, 0.04575
2025-12-22 02:02:13,740 | INFO | Test - Best epoch, Loss, MSE, MAE: 7, 0.00299, 0.00299, 0.03508
2025-12-22 02:02:13,740 | INFO | Test - Points (EXACT): total_masked=96963 correct=53204 right_rate=54.8704%
2025-12-22 02:02:17,469 | INFO | - Epoch 009, ExpID 54124 best_epoch=7 improved=0
2025-12-22 02:02:17,469 | INFO | Train - Loss (last batch): 0.00354
2025-12-22 02:02:17,469 | INFO | Val - Loss, MSE, MAE: 0.00440, 0.00440, 0.05110
2025-12-22 02:02:17,469 | INFO | Test - Best epoch, Loss, MSE, MAE: 7, 0.00299, 0.00299, 0.03508
2025-12-22 02:02:17,469 | INFO | Test - Points (EXACT): total_masked=96963 correct=53204 right_rate=54.8704%
2025-12-22 02:02:21,202 | INFO | - Epoch 010, ExpID 54124 best_epoch=7 improved=0
2025-12-22 02:02:21,202 | INFO | Train - Loss (last batch): 0.00234
2025-12-22 02:02:21,202 | INFO | Val - Loss, MSE, MAE: 0.00331, 0.00331, 0.03896
2025-12-22 02:02:21,202 | INFO | Test - Best epoch, Loss, MSE, MAE: 7, 0.00299, 0.00299, 0.03508
2025-12-22 02:02:21,202 | INFO | Test - Points (EXACT): total_masked=96963 correct=53204 right_rate=54.8704%
2025-12-22 02:02:25,057 | INFO | - Epoch 011, ExpID 54124 best_epoch=7 improved=0
2025-12-22 02:02:25,057 | INFO | Train - Loss (last batch): 0.00324
2025-12-22 02:02:25,057 | INFO | Val - Loss, MSE, MAE: 0.00358, 0.00358, 0.04226
2025-12-22 02:02:25,057 | INFO | Test - Best epoch, Loss, MSE, MAE: 7, 0.00299, 0.00299, 0.03508
2025-12-22 02:02:25,057 | INFO | Test - Points (EXACT): total_masked=96963 correct=53204 right_rate=54.8704%
2025-12-22 02:02:29,255 | INFO | - Epoch 012, ExpID 54124 best_epoch=12 improved=1
2025-12-22 02:02:29,255 | INFO | Train - Loss (last batch): 0.00281
2025-12-22 02:02:29,255 | INFO | Val - Loss, MSE, MAE: 0.00301, 0.00301, 0.03465
2025-12-22 02:02:29,255 | INFO | Test - Best epoch, Loss, MSE, MAE: 12, 0.00291, 0.00291, 0.03427
2025-12-22 02:02:29,255 | INFO | Test - Points (EXACT): total_masked=96963 correct=54288 right_rate=55.9884%
2025-12-22 02:02:33,011 | INFO | - Epoch 013, ExpID 54124 best_epoch=12 improved=0
2025-12-22 02:02:33,011 | INFO | Train - Loss (last batch): 0.00222
2025-12-22 02:02:33,012 | INFO | Val - Loss, MSE, MAE: 0.00353, 0.00353, 0.04179
2025-12-22 02:02:33,012 | INFO | Test - Best epoch, Loss, MSE, MAE: 12, 0.00291, 0.00291, 0.03427
2025-12-22 02:02:33,012 | INFO | Test - Points (EXACT): total_masked=96963 correct=54288 right_rate=55.9884%
2025-12-22 02:02:37,252 | INFO | - Epoch 014, ExpID 54124 best_epoch=12 improved=0
2025-12-22 02:02:37,252 | INFO | Train - Loss (last batch): 0.00286
2025-12-22 02:02:37,252 | INFO | Val - Loss, MSE, MAE: 0.00345, 0.00345, 0.04103
2025-12-22 02:02:37,252 | INFO | Test - Best epoch, Loss, MSE, MAE: 12, 0.00291, 0.00291, 0.03427
2025-12-22 02:02:37,252 | INFO | Test - Points (EXACT): total_masked=96963 correct=54288 right_rate=55.9884%
2025-12-22 02:02:41,402 | INFO | - Epoch 015, ExpID 54124 best_epoch=12 improved=0
2025-12-22 02:02:41,402 | INFO | Train - Loss (last batch): 0.00228
2025-12-22 02:02:41,402 | INFO | Val - Loss, MSE, MAE: 0.00304, 0.00304, 0.03520
2025-12-22 02:02:41,402 | INFO | Test - Best epoch, Loss, MSE, MAE: 12, 0.00291, 0.00291, 0.03427
2025-12-22 02:02:41,402 | INFO | Test - Points (EXACT): total_masked=96963 correct=54288 right_rate=55.9884%
2025-12-22 02:02:45,139 | INFO | - Epoch 016, ExpID 54124 best_epoch=12 improved=0
2025-12-22 02:02:45,139 | INFO | Train - Loss (last batch): 0.00284
2025-12-22 02:02:45,139 | INFO | Val - Loss, MSE, MAE: 0.00333, 0.00333, 0.03939
2025-12-22 02:02:45,139 | INFO | Test - Best epoch, Loss, MSE, MAE: 12, 0.00291, 0.00291, 0.03427
2025-12-22 02:02:45,139 | INFO | Test - Points (EXACT): total_masked=96963 correct=54288 right_rate=55.9884%
2025-12-22 02:02:48,882 | INFO | - Epoch 017, ExpID 54124 best_epoch=12 improved=0
2025-12-22 02:02:48,882 | INFO | Train - Loss (last batch): 0.00326
2025-12-22 02:02:48,882 | INFO | Val - Loss, MSE, MAE: 0.00407, 0.00407, 0.04795
2025-12-22 02:02:48,882 | INFO | Test - Best epoch, Loss, MSE, MAE: 12, 0.00291, 0.00291, 0.03427
2025-12-22 02:02:48,882 | INFO | Test - Points (EXACT): total_masked=96963 correct=54288 right_rate=55.9884%
2025-12-22 02:02:52,632 | INFO | - Epoch 018, ExpID 54124 best_epoch=12 improved=0
2025-12-22 02:02:52,633 | INFO | Train - Loss (last batch): 0.00290
2025-12-22 02:02:52,633 | INFO | Val - Loss, MSE, MAE: 0.00313, 0.00313, 0.03689
2025-12-22 02:02:52,633 | INFO | Test - Best epoch, Loss, MSE, MAE: 12, 0.00291, 0.00291, 0.03427
2025-12-22 02:02:52,633 | INFO | Test - Points (EXACT): total_masked=96963 correct=54288 right_rate=55.9884%
2025-12-22 02:02:56,369 | INFO | - Epoch 019, ExpID 54124 best_epoch=12 improved=0
2025-12-22 02:02:56,369 | INFO | Train - Loss (last batch): 0.00272
2025-12-22 02:02:56,369 | INFO | Val - Loss, MSE, MAE: 0.00414, 0.00414, 0.04845
2025-12-22 02:02:56,369 | INFO | Test - Best epoch, Loss, MSE, MAE: 12, 0.00291, 0.00291, 0.03427
2025-12-22 02:02:56,369 | INFO | Test - Points (EXACT): total_masked=96963 correct=54288 right_rate=55.9884%
2025-12-22 02:03:00,117 | INFO | - Epoch 020, ExpID 54124 best_epoch=12 improved=0
2025-12-22 02:03:00,117 | INFO | Train - Loss (last batch): 0.00229
2025-12-22 02:03:00,117 | INFO | Val - Loss, MSE, MAE: 0.00308, 0.00308, 0.03632
2025-12-22 02:03:00,117 | INFO | Test - Best epoch, Loss, MSE, MAE: 12, 0.00291, 0.00291, 0.03427
2025-12-22 02:03:00,117 | INFO | Test - Points (EXACT): total_masked=96963 correct=54288 right_rate=55.9884%
2025-12-22 02:03:03,866 | INFO | - Epoch 021, ExpID 54124 best_epoch=12 improved=0
2025-12-22 02:03:03,866 | INFO | Train - Loss (last batch): 0.00314
2025-12-22 02:03:03,866 | INFO | Val - Loss, MSE, MAE: 0.00344, 0.00344, 0.04104
2025-12-22 02:03:03,866 | INFO | Test - Best epoch, Loss, MSE, MAE: 12, 0.00291, 0.00291, 0.03427
2025-12-22 02:03:03,866 | INFO | Test - Points (EXACT): total_masked=96963 correct=54288 right_rate=55.9884%
2025-12-22 02:03:08,134 | INFO | - Epoch 022, ExpID 54124 best_epoch=22 improved=1
2025-12-22 02:03:08,134 | INFO | Train - Loss (last batch): 0.00280
2025-12-22 02:03:08,134 | INFO | Val - Loss, MSE, MAE: 0.00300, 0.00300, 0.03486
2025-12-22 02:03:08,134 | INFO | Test - Best epoch, Loss, MSE, MAE: 22, 0.00293, 0.00293, 0.03473
2025-12-22 02:03:08,134 | INFO | Test - Points (EXACT): total_masked=96963 correct=53566 right_rate=55.2438%
2025-12-22 02:03:12,542 | INFO | - Epoch 023, ExpID 54124 best_epoch=23 improved=1
2025-12-22 02:03:12,542 | INFO | Train - Loss (last batch): 0.00233
2025-12-22 02:03:12,542 | INFO | Val - Loss, MSE, MAE: 0.00298, 0.00298, 0.03483
2025-12-22 02:03:12,542 | INFO | Test - Best epoch, Loss, MSE, MAE: 23, 0.00290, 0.00290, 0.03462
2025-12-22 02:03:12,542 | INFO | Test - Points (EXACT): total_masked=96963 correct=53339 right_rate=55.0096%
2025-12-22 02:03:16,296 | INFO | - Epoch 024, ExpID 54124 best_epoch=23 improved=0
2025-12-22 02:03:16,296 | INFO | Train - Loss (last batch): 0.00275
2025-12-22 02:03:16,296 | INFO | Val - Loss, MSE, MAE: 0.00318, 0.00318, 0.03763
2025-12-22 02:03:16,296 | INFO | Test - Best epoch, Loss, MSE, MAE: 23, 0.00290, 0.00290, 0.03462
2025-12-22 02:03:16,296 | INFO | Test - Points (EXACT): total_masked=96963 correct=53339 right_rate=55.0096%
2025-12-22 02:03:20,510 | INFO | - Epoch 025, ExpID 54124 best_epoch=25 improved=1
2025-12-22 02:03:20,846 | INFO | Train - Loss (last batch): 0.00224
2025-12-22 02:03:20,846 | INFO | Val - Loss, MSE, MAE: 0.00298, 0.00298, 0.03490
2025-12-22 02:03:20,846 | INFO | Test - Best epoch, Loss, MSE, MAE: 25, 0.00290, 0.00290, 0.03466
2025-12-22 02:03:20,846 | INFO | Test - Points (EXACT): total_masked=96963 correct=53278 right_rate=54.9467%
2025-12-22 02:03:24,608 | INFO | - Epoch 026, ExpID 54124 best_epoch=25 improved=0
2025-12-22 02:03:24,608 | INFO | Train - Loss (last batch): 0.00212
2025-12-22 02:03:24,608 | INFO | Val - Loss, MSE, MAE: 0.00299, 0.00299, 0.03505
2025-12-22 02:03:24,608 | INFO | Test - Best epoch, Loss, MSE, MAE: 25, 0.00290, 0.00290, 0.03466
2025-12-22 02:03:24,608 | INFO | Test - Points (EXACT): total_masked=96963 correct=53278 right_rate=54.9467%
2025-12-22 02:03:28,447 | INFO | - Epoch 027, ExpID 54124 best_epoch=25 improved=0
2025-12-22 02:03:28,447 | INFO | Train - Loss (last batch): 0.00244
2025-12-22 02:03:28,447 | INFO | Val - Loss, MSE, MAE: 0.00300, 0.00300, 0.03508
2025-12-22 02:03:28,447 | INFO | Test - Best epoch, Loss, MSE, MAE: 25, 0.00290, 0.00290, 0.03466
2025-12-22 02:03:28,447 | INFO | Test - Points (EXACT): total_masked=96963 correct=53278 right_rate=54.9467%
2025-12-22 02:03:32,224 | INFO | - Epoch 028, ExpID 54124 best_epoch=25 improved=0
2025-12-22 02:03:32,224 | INFO | Train - Loss (last batch): 0.00242
2025-12-22 02:03:32,224 | INFO | Val - Loss, MSE, MAE: 0.00316, 0.00316, 0.03750
2025-12-22 02:03:32,225 | INFO | Test - Best epoch, Loss, MSE, MAE: 25, 0.00290, 0.00290, 0.03466
2025-12-22 02:03:32,225 | INFO | Test - Points (EXACT): total_masked=96963 correct=53278 right_rate=54.9467%
2025-12-22 02:03:36,435 | INFO | - Epoch 029, ExpID 54124 best_epoch=29 improved=1
2025-12-22 02:03:36,435 | INFO | Train - Loss (last batch): 0.00274
2025-12-22 02:03:36,435 | INFO | Val - Loss, MSE, MAE: 0.00290, 0.00290, 0.03393
2025-12-22 02:03:36,435 | INFO | Test - Best epoch, Loss, MSE, MAE: 29, 0.00283, 0.00283, 0.03381
2025-12-22 02:03:36,435 | INFO | Test - Points (EXACT): total_masked=96963 correct=54567 right_rate=56.2761%
2025-12-22 02:03:40,639 | INFO | - Epoch 030, ExpID 54124 best_epoch=30 improved=1
2025-12-22 02:03:40,639 | INFO | Train - Loss (last batch): 0.00159
2025-12-22 02:03:40,639 | INFO | Val - Loss, MSE, MAE: 0.00281, 0.00281, 0.03242
2025-12-22 02:03:40,639 | INFO | Test - Best epoch, Loss, MSE, MAE: 30, 0.00274, 0.00274, 0.03238
2025-12-22 02:03:40,639 | INFO | Test - Points (EXACT): total_masked=96963 correct=57129 right_rate=58.9184%
2025-12-22 02:03:44,410 | INFO | - Epoch 031, ExpID 54124 best_epoch=30 improved=0
2025-12-22 02:03:44,410 | INFO | Train - Loss (last batch): 0.00195
2025-12-22 02:03:44,410 | INFO | Val - Loss, MSE, MAE: 0.00306, 0.00306, 0.03629
2025-12-22 02:03:44,410 | INFO | Test - Best epoch, Loss, MSE, MAE: 30, 0.00274, 0.00274, 0.03238
2025-12-22 02:03:44,410 | INFO | Test - Points (EXACT): total_masked=96963 correct=57129 right_rate=58.9184%
2025-12-22 02:03:48,168 | INFO | - Epoch 032, ExpID 54124 best_epoch=30 improved=0
2025-12-22 02:03:48,168 | INFO | Train - Loss (last batch): 0.00312
2025-12-22 02:03:48,168 | INFO | Val - Loss, MSE, MAE: 0.00286, 0.00286, 0.03311
2025-12-22 02:03:48,168 | INFO | Test - Best epoch, Loss, MSE, MAE: 30, 0.00274, 0.00274, 0.03238
2025-12-22 02:03:48,168 | INFO | Test - Points (EXACT): total_masked=96963 correct=57129 right_rate=58.9184%
2025-12-22 02:03:51,923 | INFO | - Epoch 033, ExpID 54124 best_epoch=30 improved=0
2025-12-22 02:03:51,923 | INFO | Train - Loss (last batch): 0.00287
2025-12-22 02:03:51,923 | INFO | Val - Loss, MSE, MAE: 0.00289, 0.00289, 0.03382
2025-12-22 02:03:51,923 | INFO | Test - Best epoch, Loss, MSE, MAE: 30, 0.00274, 0.00274, 0.03238
2025-12-22 02:03:51,923 | INFO | Test - Points (EXACT): total_masked=96963 correct=57129 right_rate=58.9184%
2025-12-22 02:03:56,126 | INFO | - Epoch 034, ExpID 54124 best_epoch=34 improved=1
2025-12-22 02:03:56,126 | INFO | Train - Loss (last batch): 0.00237
2025-12-22 02:03:56,126 | INFO | Val - Loss, MSE, MAE: 0.00278, 0.00278, 0.03198
2025-12-22 02:03:56,126 | INFO | Test - Best epoch, Loss, MSE, MAE: 34, 0.00269, 0.00269, 0.03169
2025-12-22 02:03:56,126 | INFO | Test - Points (EXACT): total_masked=96963 correct=58039 right_rate=59.8569%
2025-12-22 02:03:59,879 | INFO | - Epoch 035, ExpID 54124 best_epoch=34 improved=0
2025-12-22 02:03:59,879 | INFO | Train - Loss (last batch): 0.00225
2025-12-22 02:03:59,879 | INFO | Val - Loss, MSE, MAE: 0.00287, 0.00287, 0.03343
2025-12-22 02:03:59,879 | INFO | Test - Best epoch, Loss, MSE, MAE: 34, 0.00269, 0.00269, 0.03169
2025-12-22 02:03:59,879 | INFO | Test - Points (EXACT): total_masked=96963 correct=58039 right_rate=59.8569%
2025-12-22 02:04:03,656 | INFO | - Epoch 036, ExpID 54124 best_epoch=34 improved=0
2025-12-22 02:04:03,656 | INFO | Train - Loss (last batch): 0.00283
2025-12-22 02:04:03,656 | INFO | Val - Loss, MSE, MAE: 0.00318, 0.00318, 0.03771
2025-12-22 02:04:03,656 | INFO | Test - Best epoch, Loss, MSE, MAE: 34, 0.00269, 0.00269, 0.03169
2025-12-22 02:04:03,656 | INFO | Test - Points (EXACT): total_masked=96963 correct=58039 right_rate=59.8569%
2025-12-22 02:04:07,419 | INFO | - Epoch 037, ExpID 54124 best_epoch=34 improved=0
2025-12-22 02:04:07,419 | INFO | Train - Loss (last batch): 0.00210
2025-12-22 02:04:07,419 | INFO | Val - Loss, MSE, MAE: 0.00286, 0.00286, 0.03338
2025-12-22 02:04:07,419 | INFO | Test - Best epoch, Loss, MSE, MAE: 34, 0.00269, 0.00269, 0.03169
2025-12-22 02:04:07,419 | INFO | Test - Points (EXACT): total_masked=96963 correct=58039 right_rate=59.8569%
2025-12-22 02:04:11,182 | INFO | - Epoch 038, ExpID 54124 best_epoch=34 improved=0
2025-12-22 02:04:11,182 | INFO | Train - Loss (last batch): 0.00212
2025-12-22 02:04:11,182 | INFO | Val - Loss, MSE, MAE: 0.00310, 0.00310, 0.03717
2025-12-22 02:04:11,182 | INFO | Test - Best epoch, Loss, MSE, MAE: 34, 0.00269, 0.00269, 0.03169
2025-12-22 02:04:11,182 | INFO | Test - Points (EXACT): total_masked=96963 correct=58039 right_rate=59.8569%
2025-12-22 02:04:14,955 | INFO | - Epoch 039, ExpID 54124 best_epoch=34 improved=0
2025-12-22 02:04:14,955 | INFO | Train - Loss (last batch): 0.00259
2025-12-22 02:04:14,955 | INFO | Val - Loss, MSE, MAE: 0.00310, 0.00310, 0.03683
2025-12-22 02:04:14,956 | INFO | Test - Best epoch, Loss, MSE, MAE: 34, 0.00269, 0.00269, 0.03169
2025-12-22 02:04:14,956 | INFO | Test - Points (EXACT): total_masked=96963 correct=58039 right_rate=59.8569%
2025-12-22 02:04:18,712 | INFO | - Epoch 040, ExpID 54124 best_epoch=34 improved=0
2025-12-22 02:04:18,712 | INFO | Train - Loss (last batch): 0.00272
2025-12-22 02:04:18,712 | INFO | Val - Loss, MSE, MAE: 0.00309, 0.00309, 0.03683
2025-12-22 02:04:18,712 | INFO | Test - Best epoch, Loss, MSE, MAE: 34, 0.00269, 0.00269, 0.03169
2025-12-22 02:04:18,712 | INFO | Test - Points (EXACT): total_masked=96963 correct=58039 right_rate=59.8569%
2025-12-22 02:04:22,477 | INFO | - Epoch 041, ExpID 54124 best_epoch=34 improved=0
2025-12-22 02:04:22,477 | INFO | Train - Loss (last batch): 0.00246
2025-12-22 02:04:22,477 | INFO | Val - Loss, MSE, MAE: 0.00307, 0.00307, 0.03662
2025-12-22 02:04:22,477 | INFO | Test - Best epoch, Loss, MSE, MAE: 34, 0.00269, 0.00269, 0.03169
2025-12-22 02:04:22,477 | INFO | Test - Points (EXACT): total_masked=96963 correct=58039 right_rate=59.8569%
2025-12-22 02:04:26,236 | INFO | - Epoch 042, ExpID 54124 best_epoch=34 improved=0
2025-12-22 02:04:26,237 | INFO | Train - Loss (last batch): 0.00256
2025-12-22 02:04:26,237 | INFO | Val - Loss, MSE, MAE: 0.00377, 0.00377, 0.04509
2025-12-22 02:04:26,237 | INFO | Test - Best epoch, Loss, MSE, MAE: 34, 0.00269, 0.00269, 0.03169
2025-12-22 02:04:26,237 | INFO | Test - Points (EXACT): total_masked=96963 correct=58039 right_rate=59.8569%
2025-12-22 02:04:30,001 | INFO | - Epoch 043, ExpID 54124 best_epoch=34 improved=0
2025-12-22 02:04:30,001 | INFO | Train - Loss (last batch): 0.00276
2025-12-22 02:04:30,001 | INFO | Val - Loss, MSE, MAE: 0.00292, 0.00292, 0.03449
2025-12-22 02:04:30,001 | INFO | Test - Best epoch, Loss, MSE, MAE: 34, 0.00269, 0.00269, 0.03169
2025-12-22 02:04:30,001 | INFO | Test - Points (EXACT): total_masked=96963 correct=58039 right_rate=59.8569%
2025-12-22 02:04:33,787 | INFO | - Epoch 044, ExpID 54124 best_epoch=34 improved=0
2025-12-22 02:04:33,787 | INFO | Train - Loss (last batch): 0.00266
2025-12-22 02:04:33,787 | INFO | Val - Loss, MSE, MAE: 0.00297, 0.00297, 0.03502
2025-12-22 02:04:33,787 | INFO | Test - Best epoch, Loss, MSE, MAE: 34, 0.00269, 0.00269, 0.03169
2025-12-22 02:04:33,787 | INFO | Test - Points (EXACT): total_masked=96963 correct=58039 right_rate=59.8569%
2025-12-22 02:04:37,550 | INFO | - Epoch 045, ExpID 54124 best_epoch=34 improved=0
2025-12-22 02:04:37,550 | INFO | Train - Loss (last batch): 0.00190
2025-12-22 02:04:37,550 | INFO | Val - Loss, MSE, MAE: 0.00289, 0.00289, 0.03392
2025-12-22 02:04:37,550 | INFO | Test - Best epoch, Loss, MSE, MAE: 34, 0.00269, 0.00269, 0.03169
2025-12-22 02:04:37,550 | INFO | Test - Points (EXACT): total_masked=96963 correct=58039 right_rate=59.8569%
2025-12-22 02:04:41,306 | INFO | - Epoch 046, ExpID 54124 best_epoch=34 improved=0
2025-12-22 02:04:41,306 | INFO | Train - Loss (last batch): 0.00221
2025-12-22 02:04:41,306 | INFO | Val - Loss, MSE, MAE: 0.00313, 0.00313, 0.03742
2025-12-22 02:04:41,306 | INFO | Test - Best epoch, Loss, MSE, MAE: 34, 0.00269, 0.00269, 0.03169
2025-12-22 02:04:41,306 | INFO | Test - Points (EXACT): total_masked=96963 correct=58039 right_rate=59.8569%
2025-12-22 02:04:45,221 | INFO | - Epoch 047, ExpID 54124 best_epoch=34 improved=0
2025-12-22 02:04:45,221 | INFO | Train - Loss (last batch): 0.00239
2025-12-22 02:04:45,221 | INFO | Val - Loss, MSE, MAE: 0.00284, 0.00284, 0.03320
2025-12-22 02:04:45,221 | INFO | Test - Best epoch, Loss, MSE, MAE: 34, 0.00269, 0.00269, 0.03169
2025-12-22 02:04:45,221 | INFO | Test - Points (EXACT): total_masked=96963 correct=58039 right_rate=59.8569%
2025-12-22 02:04:48,995 | INFO | - Epoch 048, ExpID 54124 best_epoch=34 improved=0
2025-12-22 02:04:48,995 | INFO | Train - Loss (last batch): 0.00287
2025-12-22 02:04:48,995 | INFO | Val - Loss, MSE, MAE: 0.00300, 0.00300, 0.03567
2025-12-22 02:04:48,995 | INFO | Test - Best epoch, Loss, MSE, MAE: 34, 0.00269, 0.00269, 0.03169
2025-12-22 02:04:48,995 | INFO | Test - Points (EXACT): total_masked=96963 correct=58039 right_rate=59.8569%
2025-12-22 02:04:52,750 | INFO | - Epoch 049, ExpID 54124 best_epoch=34 improved=0
2025-12-22 02:04:52,750 | INFO | Train - Loss (last batch): 0.00235
2025-12-22 02:04:52,750 | INFO | Val - Loss, MSE, MAE: 0.00319, 0.00319, 0.03830
2025-12-22 02:04:52,750 | INFO | Test - Best epoch, Loss, MSE, MAE: 34, 0.00269, 0.00269, 0.03169
2025-12-22 02:04:52,750 | INFO | Test - Points (EXACT): total_masked=96963 correct=58039 right_rate=59.8569%
2025-12-22 02:04:56,514 | INFO | - Epoch 050, ExpID 54124 best_epoch=34 improved=0
2025-12-22 02:04:56,514 | INFO | Train - Loss (last batch): 0.00327
2025-12-22 02:04:56,514 | INFO | Val - Loss, MSE, MAE: 0.00311, 0.00311, 0.03730
2025-12-22 02:04:56,514 | INFO | Test - Best epoch, Loss, MSE, MAE: 34, 0.00269, 0.00269, 0.03169
2025-12-22 02:04:56,514 | INFO | Test - Points (EXACT): total_masked=96963 correct=58039 right_rate=59.8569%
2025-12-22 02:05:00,295 | INFO | - Epoch 051, ExpID 54124 best_epoch=34 improved=0
2025-12-22 02:05:00,295 | INFO | Train - Loss (last batch): 0.00222
2025-12-22 02:05:00,295 | INFO | Val - Loss, MSE, MAE: 0.00303, 0.00303, 0.03618
2025-12-22 02:05:00,295 | INFO | Test - Best epoch, Loss, MSE, MAE: 34, 0.00269, 0.00269, 0.03169
2025-12-22 02:05:00,295 | INFO | Test - Points (EXACT): total_masked=96963 correct=58039 right_rate=59.8569%
2025-12-22 02:05:04,057 | INFO | - Epoch 052, ExpID 54124 best_epoch=34 improved=0
2025-12-22 02:05:04,058 | INFO | Train - Loss (last batch): 0.00260
2025-12-22 02:05:04,058 | INFO | Val - Loss, MSE, MAE: 0.00318, 0.00318, 0.03816
2025-12-22 02:05:04,058 | INFO | Test - Best epoch, Loss, MSE, MAE: 34, 0.00269, 0.00269, 0.03169
2025-12-22 02:05:04,058 | INFO | Test - Points (EXACT): total_masked=96963 correct=58039 right_rate=59.8569%
2025-12-22 02:05:07,820 | INFO | - Epoch 053, ExpID 54124 best_epoch=34 improved=0
2025-12-22 02:05:07,820 | INFO | Train - Loss (last batch): 0.00254
2025-12-22 02:05:07,820 | INFO | Val - Loss, MSE, MAE: 0.00308, 0.00308, 0.03692
2025-12-22 02:05:07,820 | INFO | Test - Best epoch, Loss, MSE, MAE: 34, 0.00269, 0.00269, 0.03169
2025-12-22 02:05:07,820 | INFO | Test - Points (EXACT): total_masked=96963 correct=58039 right_rate=59.8569%
2025-12-22 02:05:11,592 | INFO | - Epoch 054, ExpID 54124 best_epoch=34 improved=0
2025-12-22 02:05:11,592 | INFO | Train - Loss (last batch): 0.00257
2025-12-22 02:05:11,592 | INFO | Val - Loss, MSE, MAE: 0.00295, 0.00295, 0.03508
2025-12-22 02:05:11,592 | INFO | Test - Best epoch, Loss, MSE, MAE: 34, 0.00269, 0.00269, 0.03169
2025-12-22 02:05:11,592 | INFO | Test - Points (EXACT): total_masked=96963 correct=58039 right_rate=59.8569%
2025-12-22 02:05:15,346 | INFO | - Epoch 055, ExpID 54124 best_epoch=34 improved=0
2025-12-22 02:05:15,347 | INFO | Train - Loss (last batch): 0.00215
2025-12-22 02:05:15,347 | INFO | Val - Loss, MSE, MAE: 0.00291, 0.00291, 0.03445
2025-12-22 02:05:15,347 | INFO | Test - Best epoch, Loss, MSE, MAE: 34, 0.00269, 0.00269, 0.03169
2025-12-22 02:05:15,347 | INFO | Test - Points (EXACT): total_masked=96963 correct=58039 right_rate=59.8569%
2025-12-22 02:05:19,107 | INFO | - Epoch 056, ExpID 54124 best_epoch=34 improved=0
2025-12-22 02:05:19,108 | INFO | Train - Loss (last batch): 0.00257
2025-12-22 02:05:19,108 | INFO | Val - Loss, MSE, MAE: 0.00290, 0.00290, 0.03436
2025-12-22 02:05:19,108 | INFO | Test - Best epoch, Loss, MSE, MAE: 34, 0.00269, 0.00269, 0.03169
2025-12-22 02:05:19,108 | INFO | Test - Points (EXACT): total_masked=96963 correct=58039 right_rate=59.8569%
2025-12-22 02:05:22,870 | INFO | - Epoch 057, ExpID 54124 best_epoch=34 improved=0
2025-12-22 02:05:22,871 | INFO | Train - Loss (last batch): 0.00311
2025-12-22 02:05:22,871 | INFO | Val - Loss, MSE, MAE: 0.00291, 0.00291, 0.03437
2025-12-22 02:05:22,871 | INFO | Test - Best epoch, Loss, MSE, MAE: 34, 0.00269, 0.00269, 0.03169
2025-12-22 02:05:22,871 | INFO | Test - Points (EXACT): total_masked=96963 correct=58039 right_rate=59.8569%
2025-12-22 02:05:26,635 | INFO | - Epoch 058, ExpID 54124 best_epoch=34 improved=0
2025-12-22 02:05:26,635 | INFO | Train - Loss (last batch): 0.00251
2025-12-22 02:05:26,635 | INFO | Val - Loss, MSE, MAE: 0.00297, 0.00297, 0.03545
2025-12-22 02:05:26,635 | INFO | Test - Best epoch, Loss, MSE, MAE: 34, 0.00269, 0.00269, 0.03169
2025-12-22 02:05:26,636 | INFO | Test - Points (EXACT): total_masked=96963 correct=58039 right_rate=59.8569%
2025-12-22 02:05:30,382 | INFO | - Epoch 059, ExpID 54124 best_epoch=34 improved=0
2025-12-22 02:05:30,382 | INFO | Train - Loss (last batch): 0.00230
2025-12-22 02:05:30,382 | INFO | Val - Loss, MSE, MAE: 0.00281, 0.00281, 0.03290
2025-12-22 02:05:30,382 | INFO | Test - Best epoch, Loss, MSE, MAE: 34, 0.00269, 0.00269, 0.03169
2025-12-22 02:05:30,382 | INFO | Test - Points (EXACT): total_masked=96963 correct=58039 right_rate=59.8569%
2025-12-22 02:05:34,191 | INFO | - Epoch 060, ExpID 54124 best_epoch=34 improved=0
2025-12-22 02:05:34,191 | INFO | Train - Loss (last batch): 0.00251
2025-12-22 02:05:34,191 | INFO | Val - Loss, MSE, MAE: 0.00284, 0.00284, 0.03327
2025-12-22 02:05:34,191 | INFO | Test - Best epoch, Loss, MSE, MAE: 34, 0.00269, 0.00269, 0.03169
2025-12-22 02:05:34,191 | INFO | Test - Points (EXACT): total_masked=96963 correct=58039 right_rate=59.8569%
2025-12-22 02:05:38,430 | INFO | - Epoch 061, ExpID 54124 best_epoch=34 improved=0
2025-12-22 02:05:38,430 | INFO | Train - Loss (last batch): 0.00276
2025-12-22 02:05:38,430 | INFO | Val - Loss, MSE, MAE: 0.00296, 0.00296, 0.03533
2025-12-22 02:05:38,430 | INFO | Test - Best epoch, Loss, MSE, MAE: 34, 0.00269, 0.00269, 0.03169
2025-12-22 02:05:38,430 | INFO | Test - Points (EXACT): total_masked=96963 correct=58039 right_rate=59.8569%
2025-12-22 02:05:42,195 | INFO | - Epoch 062, ExpID 54124 best_epoch=34 improved=0
2025-12-22 02:05:42,195 | INFO | Train - Loss (last batch): 0.00260
2025-12-22 02:05:42,195 | INFO | Val - Loss, MSE, MAE: 0.00292, 0.00292, 0.03466
2025-12-22 02:05:42,196 | INFO | Test - Best epoch, Loss, MSE, MAE: 34, 0.00269, 0.00269, 0.03169
2025-12-22 02:05:42,196 | INFO | Test - Points (EXACT): total_masked=96963 correct=58039 right_rate=59.8569%
2025-12-22 02:05:45,954 | INFO | - Epoch 063, ExpID 54124 best_epoch=34 improved=0
2025-12-22 02:05:45,954 | INFO | Train - Loss (last batch): 0.00257
2025-12-22 02:05:45,954 | INFO | Val - Loss, MSE, MAE: 0.00289, 0.00289, 0.03426
2025-12-22 02:05:45,955 | INFO | Test - Best epoch, Loss, MSE, MAE: 34, 0.00269, 0.00269, 0.03169
2025-12-22 02:05:45,955 | INFO | Test - Points (EXACT): total_masked=96963 correct=58039 right_rate=59.8569%
2025-12-22 02:05:49,704 | INFO | - Epoch 064, ExpID 54124 best_epoch=34 improved=0
2025-12-22 02:05:49,704 | INFO | Train - Loss (last batch): 0.00227
2025-12-22 02:05:49,704 | INFO | Val - Loss, MSE, MAE: 0.00310, 0.00310, 0.03724
2025-12-22 02:05:49,704 | INFO | Test - Best epoch, Loss, MSE, MAE: 34, 0.00269, 0.00269, 0.03169
2025-12-22 02:05:49,704 | INFO | Test - Points (EXACT): total_masked=96963 correct=58039 right_rate=59.8569%
2025-12-22 02:05:53,654 | INFO | - Epoch 065, ExpID 54124 best_epoch=34 improved=0
2025-12-22 02:05:53,654 | INFO | Train - Loss (last batch): 0.00199
2025-12-22 02:05:53,654 | INFO | Val - Loss, MSE, MAE: 0.00293, 0.00293, 0.03486
2025-12-22 02:05:53,654 | INFO | Test - Best epoch, Loss, MSE, MAE: 34, 0.00269, 0.00269, 0.03169
2025-12-22 02:05:53,654 | INFO | Test - Points (EXACT): total_masked=96963 correct=58039 right_rate=59.8569%
2025-12-22 02:05:57,426 | INFO | - Epoch 066, ExpID 54124 best_epoch=34 improved=0
2025-12-22 02:05:57,426 | INFO | Train - Loss (last batch): 0.00217
2025-12-22 02:05:57,426 | INFO | Val - Loss, MSE, MAE: 0.00300, 0.00300, 0.03584
2025-12-22 02:05:57,426 | INFO | Test - Best epoch, Loss, MSE, MAE: 34, 0.00269, 0.00269, 0.03169
2025-12-22 02:05:57,426 | INFO | Test - Points (EXACT): total_masked=96963 correct=58039 right_rate=59.8569%
2025-12-22 02:06:01,206 | INFO | - Epoch 067, ExpID 54124 best_epoch=34 improved=0
2025-12-22 02:06:01,206 | INFO | Train - Loss (last batch): 0.00248
2025-12-22 02:06:01,206 | INFO | Val - Loss, MSE, MAE: 0.00285, 0.00285, 0.03360
2025-12-22 02:06:01,206 | INFO | Test - Best epoch, Loss, MSE, MAE: 34, 0.00269, 0.00269, 0.03169
2025-12-22 02:06:01,206 | INFO | Test - Points (EXACT): total_masked=96963 correct=58039 right_rate=59.8569%
2025-12-22 02:06:04,984 | INFO | - Epoch 068, ExpID 54124 best_epoch=34 improved=0
2025-12-22 02:06:04,984 | INFO | Train - Loss (last batch): 0.00204
2025-12-22 02:06:04,984 | INFO | Val - Loss, MSE, MAE: 0.00290, 0.00290, 0.03435
2025-12-22 02:06:04,984 | INFO | Test - Best epoch, Loss, MSE, MAE: 34, 0.00269, 0.00269, 0.03169
2025-12-22 02:06:04,984 | INFO | Test - Points (EXACT): total_masked=96963 correct=58039 right_rate=59.8569%
2025-12-22 02:06:08,767 | INFO | - Epoch 069, ExpID 54124 best_epoch=34 improved=0
2025-12-22 02:06:08,767 | INFO | Train - Loss (last batch): 0.00240
2025-12-22 02:06:08,767 | INFO | Val - Loss, MSE, MAE: 0.00292, 0.00292, 0.03472
2025-12-22 02:06:08,767 | INFO | Test - Best epoch, Loss, MSE, MAE: 34, 0.00269, 0.00269, 0.03169
2025-12-22 02:06:08,767 | INFO | Test - Points (EXACT): total_masked=96963 correct=58039 right_rate=59.8569%
2025-12-22 02:06:12,545 | INFO | - Epoch 070, ExpID 54124 best_epoch=34 improved=0
2025-12-22 02:06:12,546 | INFO | Train - Loss (last batch): 0.00244
2025-12-22 02:06:12,546 | INFO | Val - Loss, MSE, MAE: 0.00294, 0.00294, 0.03505
2025-12-22 02:06:12,546 | INFO | Test - Best epoch, Loss, MSE, MAE: 34, 0.00269, 0.00269, 0.03169
2025-12-22 02:06:12,546 | INFO | Test - Points (EXACT): total_masked=96963 correct=58039 right_rate=59.8569%
2025-12-22 02:06:16,351 | INFO | - Epoch 071, ExpID 54124 best_epoch=34 improved=0
2025-12-22 02:06:16,351 | INFO | Train - Loss (last batch): 0.00276
2025-12-22 02:06:16,351 | INFO | Val - Loss, MSE, MAE: 0.00287, 0.00287, 0.03388
2025-12-22 02:06:16,351 | INFO | Test - Best epoch, Loss, MSE, MAE: 34, 0.00269, 0.00269, 0.03169
2025-12-22 02:06:16,351 | INFO | Test - Points (EXACT): total_masked=96963 correct=58039 right_rate=59.8569%
2025-12-22 02:06:20,126 | INFO | - Epoch 072, ExpID 54124 best_epoch=34 improved=0
2025-12-22 02:06:20,126 | INFO | Train - Loss (last batch): 0.00259
2025-12-22 02:06:20,126 | INFO | Val - Loss, MSE, MAE: 0.00286, 0.00286, 0.03385
2025-12-22 02:06:20,126 | INFO | Test - Best epoch, Loss, MSE, MAE: 34, 0.00269, 0.00269, 0.03169
2025-12-22 02:06:20,126 | INFO | Test - Points (EXACT): total_masked=96963 correct=58039 right_rate=59.8569%
2025-12-22 02:06:23,895 | INFO | - Epoch 073, ExpID 54124 best_epoch=34 improved=0
2025-12-22 02:06:23,896 | INFO | Train - Loss (last batch): 0.00200
2025-12-22 02:06:23,896 | INFO | Val - Loss, MSE, MAE: 0.00291, 0.00291, 0.03457
2025-12-22 02:06:23,896 | INFO | Test - Best epoch, Loss, MSE, MAE: 34, 0.00269, 0.00269, 0.03169
2025-12-22 02:06:23,896 | INFO | Test - Points (EXACT): total_masked=96963 correct=58039 right_rate=59.8569%
2025-12-22 02:06:27,653 | INFO | - Epoch 074, ExpID 54124 best_epoch=34 improved=0
2025-12-22 02:06:27,653 | INFO | Train - Loss (last batch): 0.00258
2025-12-22 02:06:27,653 | INFO | Val - Loss, MSE, MAE: 0.00294, 0.00294, 0.03496
2025-12-22 02:06:27,653 | INFO | Test - Best epoch, Loss, MSE, MAE: 34, 0.00269, 0.00269, 0.03169
2025-12-22 02:06:27,653 | INFO | Test - Points (EXACT): total_masked=96963 correct=58039 right_rate=59.8569%
