2025-12-22 02:02:45,696 | INFO | - Epoch 000, ExpID 9460 best_epoch=0 improved=1
2025-12-22 02:02:45,696 | INFO | Train - Loss (last batch): 0.00900
2025-12-22 02:02:45,696 | INFO | Val - Loss, MSE, MAE: 0.00766, 0.00766, 0.06573
2025-12-22 02:02:45,696 | INFO | Test - Best epoch, Loss, MSE, MAE: 0, 0.00708, 0.00708, 0.06345
2025-12-22 02:02:45,696 | INFO | Test - Points (EXACT): total_masked=96963 correct=27494 right_rate=28.3551%
2025-12-22 02:02:49,178 | INFO | - Epoch 001, ExpID 9460 best_epoch=1 improved=1
2025-12-22 02:02:49,178 | INFO | Train - Loss (last batch): 0.00437
2025-12-22 02:02:49,178 | INFO | Val - Loss, MSE, MAE: 0.00567, 0.00567, 0.05938
2025-12-22 02:02:49,178 | INFO | Test - Best epoch, Loss, MSE, MAE: 1, 0.00547, 0.00547, 0.05818
2025-12-22 02:02:49,178 | INFO | Test - Points (EXACT): total_masked=96963 correct=19178 right_rate=19.7787%
2025-12-22 02:02:52,679 | INFO | - Epoch 002, ExpID 9460 best_epoch=2 improved=1
2025-12-22 02:02:52,679 | INFO | Train - Loss (last batch): 0.00388
2025-12-22 02:02:52,679 | INFO | Val - Loss, MSE, MAE: 0.00336, 0.00336, 0.03575
2025-12-22 02:02:52,679 | INFO | Test - Best epoch, Loss, MSE, MAE: 2, 0.00322, 0.00322, 0.03504
2025-12-22 02:02:52,679 | INFO | Test - Points (EXACT): total_masked=96963 correct=55138 right_rate=56.8650%
2025-12-22 02:02:56,134 | INFO | - Epoch 003, ExpID 9460 best_epoch=2 improved=0
2025-12-22 02:02:56,134 | INFO | Train - Loss (last batch): 0.00412
2025-12-22 02:02:56,134 | INFO | Val - Loss, MSE, MAE: 0.00363, 0.00363, 0.04120
2025-12-22 02:02:56,134 | INFO | Test - Best epoch, Loss, MSE, MAE: 2, 0.00322, 0.00322, 0.03504
2025-12-22 02:02:56,134 | INFO | Test - Points (EXACT): total_masked=96963 correct=55138 right_rate=56.8650%
2025-12-22 02:02:59,249 | INFO | - Epoch 004, ExpID 9460 best_epoch=2 improved=0
2025-12-22 02:02:59,249 | INFO | Train - Loss (last batch): 0.00265
2025-12-22 02:02:59,250 | INFO | Val - Loss, MSE, MAE: 0.00351, 0.00351, 0.03985
2025-12-22 02:02:59,250 | INFO | Test - Best epoch, Loss, MSE, MAE: 2, 0.00322, 0.00322, 0.03504
2025-12-22 02:02:59,250 | INFO | Test - Points (EXACT): total_masked=96963 correct=55138 right_rate=56.8650%
2025-12-22 02:03:02,731 | INFO | - Epoch 005, ExpID 9460 best_epoch=5 improved=1
2025-12-22 02:03:02,731 | INFO | Train - Loss (last batch): 0.00304
2025-12-22 02:03:02,731 | INFO | Val - Loss, MSE, MAE: 0.00321, 0.00321, 0.03592
2025-12-22 02:03:02,731 | INFO | Test - Best epoch, Loss, MSE, MAE: 5, 0.00310, 0.00310, 0.03566
2025-12-22 02:03:02,731 | INFO | Test - Points (EXACT): total_masked=96963 correct=53396 right_rate=55.0684%
2025-12-22 02:03:05,848 | INFO | - Epoch 006, ExpID 9460 best_epoch=5 improved=0
2025-12-22 02:03:05,848 | INFO | Train - Loss (last batch): 0.00304
2025-12-22 02:03:05,848 | INFO | Val - Loss, MSE, MAE: 0.00364, 0.00364, 0.04176
2025-12-22 02:03:05,849 | INFO | Test - Best epoch, Loss, MSE, MAE: 5, 0.00310, 0.00310, 0.03566
2025-12-22 02:03:05,849 | INFO | Test - Points (EXACT): total_masked=96963 correct=53396 right_rate=55.0684%
2025-12-22 02:03:09,347 | INFO | - Epoch 007, ExpID 9460 best_epoch=7 improved=1
2025-12-22 02:03:09,347 | INFO | Train - Loss (last batch): 0.00272
2025-12-22 02:03:09,347 | INFO | Val - Loss, MSE, MAE: 0.00308, 0.00308, 0.03407
2025-12-22 02:03:09,347 | INFO | Test - Best epoch, Loss, MSE, MAE: 7, 0.00296, 0.00296, 0.03374
2025-12-22 02:03:09,347 | INFO | Test - Points (EXACT): total_masked=96963 correct=55936 right_rate=57.6880%
2025-12-22 02:03:12,742 | INFO | - Epoch 008, ExpID 9460 best_epoch=7 improved=0
2025-12-22 02:03:12,742 | INFO | Train - Loss (last batch): 0.00349
2025-12-22 02:03:12,742 | INFO | Val - Loss, MSE, MAE: 0.00325, 0.00325, 0.03697
2025-12-22 02:03:12,742 | INFO | Test - Best epoch, Loss, MSE, MAE: 7, 0.00296, 0.00296, 0.03374
2025-12-22 02:03:12,743 | INFO | Test - Points (EXACT): total_masked=96963 correct=55936 right_rate=57.6880%
2025-12-22 02:03:15,827 | INFO | - Epoch 009, ExpID 9460 best_epoch=7 improved=0
2025-12-22 02:03:15,827 | INFO | Train - Loss (last batch): 0.00244
2025-12-22 02:03:15,827 | INFO | Val - Loss, MSE, MAE: 0.00482, 0.00482, 0.05454
2025-12-22 02:03:15,827 | INFO | Test - Best epoch, Loss, MSE, MAE: 7, 0.00296, 0.00296, 0.03374
2025-12-22 02:03:15,827 | INFO | Test - Points (EXACT): total_masked=96963 correct=55936 right_rate=57.6880%
2025-12-22 02:03:18,955 | INFO | - Epoch 010, ExpID 9460 best_epoch=7 improved=0
2025-12-22 02:03:18,955 | INFO | Train - Loss (last batch): 0.00268
2025-12-22 02:03:18,955 | INFO | Val - Loss, MSE, MAE: 0.00382, 0.00382, 0.04451
2025-12-22 02:03:18,956 | INFO | Test - Best epoch, Loss, MSE, MAE: 7, 0.00296, 0.00296, 0.03374
2025-12-22 02:03:18,956 | INFO | Test - Points (EXACT): total_masked=96963 correct=55936 right_rate=57.6880%
2025-12-22 02:03:22,059 | INFO | - Epoch 011, ExpID 9460 best_epoch=7 improved=0
2025-12-22 02:03:22,059 | INFO | Train - Loss (last batch): 0.00297
2025-12-22 02:03:22,059 | INFO | Val - Loss, MSE, MAE: 0.00359, 0.00359, 0.04176
2025-12-22 02:03:22,059 | INFO | Test - Best epoch, Loss, MSE, MAE: 7, 0.00296, 0.00296, 0.03374
2025-12-22 02:03:22,059 | INFO | Test - Points (EXACT): total_masked=96963 correct=55936 right_rate=57.6880%
2025-12-22 02:03:25,408 | INFO | - Epoch 012, ExpID 9460 best_epoch=7 improved=0
2025-12-22 02:03:25,408 | INFO | Train - Loss (last batch): 0.00261
2025-12-22 02:03:25,408 | INFO | Val - Loss, MSE, MAE: 0.00359, 0.00359, 0.04199
2025-12-22 02:03:25,408 | INFO | Test - Best epoch, Loss, MSE, MAE: 7, 0.00296, 0.00296, 0.03374
2025-12-22 02:03:25,408 | INFO | Test - Points (EXACT): total_masked=96963 correct=55936 right_rate=57.6880%
2025-12-22 02:03:28,499 | INFO | - Epoch 013, ExpID 9460 best_epoch=7 improved=0
2025-12-22 02:03:28,500 | INFO | Train - Loss (last batch): 0.00271
2025-12-22 02:03:28,500 | INFO | Val - Loss, MSE, MAE: 0.00381, 0.00381, 0.04458
2025-12-22 02:03:28,500 | INFO | Test - Best epoch, Loss, MSE, MAE: 7, 0.00296, 0.00296, 0.03374
2025-12-22 02:03:28,500 | INFO | Test - Points (EXACT): total_masked=96963 correct=55936 right_rate=57.6880%
2025-12-22 02:03:31,659 | INFO | - Epoch 014, ExpID 9460 best_epoch=7 improved=0
2025-12-22 02:03:31,659 | INFO | Train - Loss (last batch): 0.00301
2025-12-22 02:03:31,659 | INFO | Val - Loss, MSE, MAE: 0.00314, 0.00314, 0.03565
2025-12-22 02:03:31,659 | INFO | Test - Best epoch, Loss, MSE, MAE: 7, 0.00296, 0.00296, 0.03374
2025-12-22 02:03:31,659 | INFO | Test - Points (EXACT): total_masked=96963 correct=55936 right_rate=57.6880%
2025-12-22 02:03:35,109 | INFO | - Epoch 015, ExpID 9460 best_epoch=15 improved=1
2025-12-22 02:03:35,109 | INFO | Train - Loss (last batch): 0.00289
2025-12-22 02:03:35,109 | INFO | Val - Loss, MSE, MAE: 0.00297, 0.00297, 0.03300
2025-12-22 02:03:35,109 | INFO | Test - Best epoch, Loss, MSE, MAE: 15, 0.00287, 0.00287, 0.03271
2025-12-22 02:03:35,109 | INFO | Test - Points (EXACT): total_masked=96963 correct=57440 right_rate=59.2391%
2025-12-22 02:03:38,233 | INFO | - Epoch 016, ExpID 9460 best_epoch=15 improved=0
2025-12-22 02:03:38,233 | INFO | Train - Loss (last batch): 0.00247
2025-12-22 02:03:38,233 | INFO | Val - Loss, MSE, MAE: 0.00348, 0.00348, 0.04069
2025-12-22 02:03:38,233 | INFO | Test - Best epoch, Loss, MSE, MAE: 15, 0.00287, 0.00287, 0.03271
2025-12-22 02:03:38,233 | INFO | Test - Points (EXACT): total_masked=96963 correct=57440 right_rate=59.2391%
2025-12-22 02:03:41,331 | INFO | - Epoch 017, ExpID 9460 best_epoch=15 improved=0
2025-12-22 02:03:41,331 | INFO | Train - Loss (last batch): 0.00311
2025-12-22 02:03:41,331 | INFO | Val - Loss, MSE, MAE: 0.00389, 0.00389, 0.04551
2025-12-22 02:03:41,331 | INFO | Test - Best epoch, Loss, MSE, MAE: 15, 0.00287, 0.00287, 0.03271
2025-12-22 02:03:41,331 | INFO | Test - Points (EXACT): total_masked=96963 correct=57440 right_rate=59.2391%
2025-12-22 02:03:44,842 | INFO | - Epoch 018, ExpID 9460 best_epoch=15 improved=0
2025-12-22 02:03:44,842 | INFO | Train - Loss (last batch): 0.00304
2025-12-22 02:03:44,842 | INFO | Val - Loss, MSE, MAE: 0.00303, 0.00303, 0.03457
2025-12-22 02:03:44,842 | INFO | Test - Best epoch, Loss, MSE, MAE: 15, 0.00287, 0.00287, 0.03271
2025-12-22 02:03:44,842 | INFO | Test - Points (EXACT): total_masked=96963 correct=57440 right_rate=59.2391%
2025-12-22 02:03:47,961 | INFO | - Epoch 019, ExpID 9460 best_epoch=15 improved=0
2025-12-22 02:03:47,961 | INFO | Train - Loss (last batch): 0.00256
2025-12-22 02:03:47,961 | INFO | Val - Loss, MSE, MAE: 0.00301, 0.00301, 0.03396
2025-12-22 02:03:47,961 | INFO | Test - Best epoch, Loss, MSE, MAE: 15, 0.00287, 0.00287, 0.03271
2025-12-22 02:03:47,961 | INFO | Test - Points (EXACT): total_masked=96963 correct=57440 right_rate=59.2391%
2025-12-22 02:03:51,113 | INFO | - Epoch 020, ExpID 9460 best_epoch=15 improved=0
2025-12-22 02:03:51,113 | INFO | Train - Loss (last batch): 0.00338
2025-12-22 02:03:51,113 | INFO | Val - Loss, MSE, MAE: 0.00355, 0.00355, 0.04178
2025-12-22 02:03:51,113 | INFO | Test - Best epoch, Loss, MSE, MAE: 15, 0.00287, 0.00287, 0.03271
2025-12-22 02:03:51,113 | INFO | Test - Points (EXACT): total_masked=96963 correct=57440 right_rate=59.2391%
2025-12-22 02:03:54,203 | INFO | - Epoch 021, ExpID 9460 best_epoch=15 improved=0
2025-12-22 02:03:54,203 | INFO | Train - Loss (last batch): 0.00243
2025-12-22 02:03:54,203 | INFO | Val - Loss, MSE, MAE: 0.00298, 0.00298, 0.03377
2025-12-22 02:03:54,203 | INFO | Test - Best epoch, Loss, MSE, MAE: 15, 0.00287, 0.00287, 0.03271
2025-12-22 02:03:54,203 | INFO | Test - Points (EXACT): total_masked=96963 correct=57440 right_rate=59.2391%
2025-12-22 02:03:57,602 | INFO | - Epoch 022, ExpID 9460 best_epoch=15 improved=0
2025-12-22 02:03:57,602 | INFO | Train - Loss (last batch): 0.00282
2025-12-22 02:03:57,602 | INFO | Val - Loss, MSE, MAE: 0.00328, 0.00328, 0.03864
2025-12-22 02:03:57,602 | INFO | Test - Best epoch, Loss, MSE, MAE: 15, 0.00287, 0.00287, 0.03271
2025-12-22 02:03:57,602 | INFO | Test - Points (EXACT): total_masked=96963 correct=57440 right_rate=59.2391%
2025-12-22 02:04:01,083 | INFO | - Epoch 023, ExpID 9460 best_epoch=15 improved=0
2025-12-22 02:04:01,084 | INFO | Train - Loss (last batch): 0.00248
2025-12-22 02:04:01,084 | INFO | Val - Loss, MSE, MAE: 0.00342, 0.00342, 0.04015
2025-12-22 02:04:01,084 | INFO | Test - Best epoch, Loss, MSE, MAE: 15, 0.00287, 0.00287, 0.03271
2025-12-22 02:04:01,084 | INFO | Test - Points (EXACT): total_masked=96963 correct=57440 right_rate=59.2391%
2025-12-22 02:04:04,192 | INFO | - Epoch 024, ExpID 9460 best_epoch=15 improved=0
2025-12-22 02:04:04,192 | INFO | Train - Loss (last batch): 0.00230
2025-12-22 02:04:04,192 | INFO | Val - Loss, MSE, MAE: 0.00319, 0.00319, 0.03708
2025-12-22 02:04:04,192 | INFO | Test - Best epoch, Loss, MSE, MAE: 15, 0.00287, 0.00287, 0.03271
2025-12-22 02:04:04,192 | INFO | Test - Points (EXACT): total_masked=96963 correct=57440 right_rate=59.2391%
2025-12-22 02:04:08,170 | INFO | - Epoch 025, ExpID 9460 best_epoch=25 improved=1
2025-12-22 02:04:08,170 | INFO | Train - Loss (last batch): 0.00206
2025-12-22 02:04:08,170 | INFO | Val - Loss, MSE, MAE: 0.00296, 0.00296, 0.03372
2025-12-22 02:04:08,170 | INFO | Test - Best epoch, Loss, MSE, MAE: 25, 0.00288, 0.00288, 0.03352
2025-12-22 02:04:08,170 | INFO | Test - Points (EXACT): total_masked=96963 correct=55851 right_rate=57.6003%
2025-12-22 02:04:11,278 | INFO | - Epoch 026, ExpID 9460 best_epoch=25 improved=0
2025-12-22 02:04:11,278 | INFO | Train - Loss (last batch): 0.00271
2025-12-22 02:04:11,278 | INFO | Val - Loss, MSE, MAE: 0.00327, 0.00327, 0.03819
2025-12-22 02:04:11,278 | INFO | Test - Best epoch, Loss, MSE, MAE: 25, 0.00288, 0.00288, 0.03352
2025-12-22 02:04:11,279 | INFO | Test - Points (EXACT): total_masked=96963 correct=55851 right_rate=57.6003%
2025-12-22 02:04:14,391 | INFO | - Epoch 027, ExpID 9460 best_epoch=25 improved=0
2025-12-22 02:04:14,392 | INFO | Train - Loss (last batch): 0.00312
2025-12-22 02:04:14,392 | INFO | Val - Loss, MSE, MAE: 0.00306, 0.00306, 0.03554
2025-12-22 02:04:14,392 | INFO | Test - Best epoch, Loss, MSE, MAE: 25, 0.00288, 0.00288, 0.03352
2025-12-22 02:04:14,392 | INFO | Test - Points (EXACT): total_masked=96963 correct=55851 right_rate=57.6003%
2025-12-22 02:04:17,513 | INFO | - Epoch 028, ExpID 9460 best_epoch=25 improved=0
2025-12-22 02:04:17,513 | INFO | Train - Loss (last batch): 0.00190
2025-12-22 02:04:17,513 | INFO | Val - Loss, MSE, MAE: 0.00319, 0.00319, 0.03715
2025-12-22 02:04:17,514 | INFO | Test - Best epoch, Loss, MSE, MAE: 25, 0.00288, 0.00288, 0.03352
2025-12-22 02:04:17,514 | INFO | Test - Points (EXACT): total_masked=96963 correct=55851 right_rate=57.6003%
2025-12-22 02:04:20,989 | INFO | - Epoch 029, ExpID 9460 best_epoch=29 improved=1
2025-12-22 02:04:20,989 | INFO | Train - Loss (last batch): 0.00293
2025-12-22 02:04:20,989 | INFO | Val - Loss, MSE, MAE: 0.00283, 0.00283, 0.03175
2025-12-22 02:04:20,989 | INFO | Test - Best epoch, Loss, MSE, MAE: 29, 0.00275, 0.00275, 0.03153
2025-12-22 02:04:20,990 | INFO | Test - Points (EXACT): total_masked=96963 correct=58606 right_rate=60.4416%
2025-12-22 02:04:24,096 | INFO | - Epoch 030, ExpID 9460 best_epoch=29 improved=0
2025-12-22 02:04:24,096 | INFO | Train - Loss (last batch): 0.00266
2025-12-22 02:04:24,096 | INFO | Val - Loss, MSE, MAE: 0.00296, 0.00296, 0.03375
2025-12-22 02:04:24,096 | INFO | Test - Best epoch, Loss, MSE, MAE: 29, 0.00275, 0.00275, 0.03153
2025-12-22 02:04:24,096 | INFO | Test - Points (EXACT): total_masked=96963 correct=58606 right_rate=60.4416%
2025-12-22 02:04:27,185 | INFO | - Epoch 031, ExpID 9460 best_epoch=29 improved=0
2025-12-22 02:04:27,350 | INFO | Train - Loss (last batch): 0.00240
2025-12-22 02:04:27,350 | INFO | Val - Loss, MSE, MAE: 0.00286, 0.00286, 0.03228
2025-12-22 02:04:27,351 | INFO | Test - Best epoch, Loss, MSE, MAE: 29, 0.00275, 0.00275, 0.03153
2025-12-22 02:04:27,351 | INFO | Test - Points (EXACT): total_masked=96963 correct=58606 right_rate=60.4416%
2025-12-22 02:04:30,462 | INFO | - Epoch 032, ExpID 9460 best_epoch=29 improved=0
2025-12-22 02:04:30,462 | INFO | Train - Loss (last batch): 0.00242
2025-12-22 02:04:30,462 | INFO | Val - Loss, MSE, MAE: 0.00324, 0.00324, 0.03795
2025-12-22 02:04:30,462 | INFO | Test - Best epoch, Loss, MSE, MAE: 29, 0.00275, 0.00275, 0.03153
2025-12-22 02:04:30,462 | INFO | Test - Points (EXACT): total_masked=96963 correct=58606 right_rate=60.4416%
2025-12-22 02:04:33,577 | INFO | - Epoch 033, ExpID 9460 best_epoch=29 improved=0
2025-12-22 02:04:33,577 | INFO | Train - Loss (last batch): 0.00241
2025-12-22 02:04:33,577 | INFO | Val - Loss, MSE, MAE: 0.00295, 0.00295, 0.03355
2025-12-22 02:04:33,577 | INFO | Test - Best epoch, Loss, MSE, MAE: 29, 0.00275, 0.00275, 0.03153
2025-12-22 02:04:33,577 | INFO | Test - Points (EXACT): total_masked=96963 correct=58606 right_rate=60.4416%
2025-12-22 02:04:36,684 | INFO | - Epoch 034, ExpID 9460 best_epoch=29 improved=0
2025-12-22 02:04:36,684 | INFO | Train - Loss (last batch): 0.00277
2025-12-22 02:04:36,684 | INFO | Val - Loss, MSE, MAE: 0.00299, 0.00299, 0.03480
2025-12-22 02:04:36,684 | INFO | Test - Best epoch, Loss, MSE, MAE: 29, 0.00275, 0.00275, 0.03153
2025-12-22 02:04:36,684 | INFO | Test - Points (EXACT): total_masked=96963 correct=58606 right_rate=60.4416%
2025-12-22 02:04:39,876 | INFO | - Epoch 035, ExpID 9460 best_epoch=29 improved=0
2025-12-22 02:04:39,876 | INFO | Train - Loss (last batch): 0.00240
2025-12-22 02:04:39,876 | INFO | Val - Loss, MSE, MAE: 0.00324, 0.00324, 0.03833
2025-12-22 02:04:39,876 | INFO | Test - Best epoch, Loss, MSE, MAE: 29, 0.00275, 0.00275, 0.03153
2025-12-22 02:04:39,876 | INFO | Test - Points (EXACT): total_masked=96963 correct=58606 right_rate=60.4416%
2025-12-22 02:04:42,965 | INFO | - Epoch 036, ExpID 9460 best_epoch=29 improved=0
2025-12-22 02:04:42,965 | INFO | Train - Loss (last batch): 0.00224
2025-12-22 02:04:42,965 | INFO | Val - Loss, MSE, MAE: 0.00314, 0.00314, 0.03677
2025-12-22 02:04:42,965 | INFO | Test - Best epoch, Loss, MSE, MAE: 29, 0.00275, 0.00275, 0.03153
2025-12-22 02:04:42,965 | INFO | Test - Points (EXACT): total_masked=96963 correct=58606 right_rate=60.4416%
2025-12-22 02:04:46,131 | INFO | - Epoch 037, ExpID 9460 best_epoch=29 improved=0
2025-12-22 02:04:46,131 | INFO | Train - Loss (last batch): 0.00224
2025-12-22 02:04:46,131 | INFO | Val - Loss, MSE, MAE: 0.00329, 0.00329, 0.03900
2025-12-22 02:04:46,131 | INFO | Test - Best epoch, Loss, MSE, MAE: 29, 0.00275, 0.00275, 0.03153
2025-12-22 02:04:46,131 | INFO | Test - Points (EXACT): total_masked=96963 correct=58606 right_rate=60.4416%
2025-12-22 02:04:49,237 | INFO | - Epoch 038, ExpID 9460 best_epoch=29 improved=0
2025-12-22 02:04:49,237 | INFO | Train - Loss (last batch): 0.00257
2025-12-22 02:04:49,237 | INFO | Val - Loss, MSE, MAE: 0.00307, 0.00307, 0.03582
2025-12-22 02:04:49,237 | INFO | Test - Best epoch, Loss, MSE, MAE: 29, 0.00275, 0.00275, 0.03153
2025-12-22 02:04:49,237 | INFO | Test - Points (EXACT): total_masked=96963 correct=58606 right_rate=60.4416%
2025-12-22 02:04:52,317 | INFO | - Epoch 039, ExpID 9460 best_epoch=29 improved=0
2025-12-22 02:04:52,317 | INFO | Train - Loss (last batch): 0.00226
2025-12-22 02:04:52,317 | INFO | Val - Loss, MSE, MAE: 0.00313, 0.00313, 0.03669
2025-12-22 02:04:52,317 | INFO | Test - Best epoch, Loss, MSE, MAE: 29, 0.00275, 0.00275, 0.03153
2025-12-22 02:04:52,317 | INFO | Test - Points (EXACT): total_masked=96963 correct=58606 right_rate=60.4416%
2025-12-22 02:04:55,408 | INFO | - Epoch 040, ExpID 9460 best_epoch=29 improved=0
2025-12-22 02:04:55,408 | INFO | Train - Loss (last batch): 0.00236
2025-12-22 02:04:55,408 | INFO | Val - Loss, MSE, MAE: 0.00304, 0.00304, 0.03545
2025-12-22 02:04:55,408 | INFO | Test - Best epoch, Loss, MSE, MAE: 29, 0.00275, 0.00275, 0.03153
2025-12-22 02:04:55,408 | INFO | Test - Points (EXACT): total_masked=96963 correct=58606 right_rate=60.4416%
2025-12-22 02:04:58,804 | INFO | - Epoch 041, ExpID 9460 best_epoch=29 improved=0
2025-12-22 02:04:58,804 | INFO | Train - Loss (last batch): 0.00243
2025-12-22 02:04:58,804 | INFO | Val - Loss, MSE, MAE: 0.00309, 0.00309, 0.03627
2025-12-22 02:04:58,804 | INFO | Test - Best epoch, Loss, MSE, MAE: 29, 0.00275, 0.00275, 0.03153
2025-12-22 02:04:58,804 | INFO | Test - Points (EXACT): total_masked=96963 correct=58606 right_rate=60.4416%
2025-12-22 02:05:02,025 | INFO | - Epoch 042, ExpID 9460 best_epoch=29 improved=0
2025-12-22 02:05:02,025 | INFO | Train - Loss (last batch): 0.00220
2025-12-22 02:05:02,025 | INFO | Val - Loss, MSE, MAE: 0.00302, 0.00302, 0.03518
2025-12-22 02:05:02,025 | INFO | Test - Best epoch, Loss, MSE, MAE: 29, 0.00275, 0.00275, 0.03153
2025-12-22 02:05:02,025 | INFO | Test - Points (EXACT): total_masked=96963 correct=58606 right_rate=60.4416%
2025-12-22 02:05:05,386 | INFO | - Epoch 043, ExpID 9460 best_epoch=29 improved=0
2025-12-22 02:05:05,386 | INFO | Train - Loss (last batch): 0.00224
2025-12-22 02:05:05,386 | INFO | Val - Loss, MSE, MAE: 0.00290, 0.00290, 0.03315
2025-12-22 02:05:05,386 | INFO | Test - Best epoch, Loss, MSE, MAE: 29, 0.00275, 0.00275, 0.03153
2025-12-22 02:05:05,386 | INFO | Test - Points (EXACT): total_masked=96963 correct=58606 right_rate=60.4416%
2025-12-22 02:05:08,490 | INFO | - Epoch 044, ExpID 9460 best_epoch=29 improved=0
2025-12-22 02:05:08,490 | INFO | Train - Loss (last batch): 0.00263
2025-12-22 02:05:08,490 | INFO | Val - Loss, MSE, MAE: 0.00327, 0.00327, 0.03856
2025-12-22 02:05:08,490 | INFO | Test - Best epoch, Loss, MSE, MAE: 29, 0.00275, 0.00275, 0.03153
2025-12-22 02:05:08,490 | INFO | Test - Points (EXACT): total_masked=96963 correct=58606 right_rate=60.4416%
2025-12-22 02:05:11,566 | INFO | - Epoch 045, ExpID 9460 best_epoch=29 improved=0
2025-12-22 02:05:11,566 | INFO | Train - Loss (last batch): 0.00244
2025-12-22 02:05:11,566 | INFO | Val - Loss, MSE, MAE: 0.00292, 0.00292, 0.03340
2025-12-22 02:05:11,566 | INFO | Test - Best epoch, Loss, MSE, MAE: 29, 0.00275, 0.00275, 0.03153
2025-12-22 02:05:11,566 | INFO | Test - Points (EXACT): total_masked=96963 correct=58606 right_rate=60.4416%
2025-12-22 02:05:14,677 | INFO | - Epoch 046, ExpID 9460 best_epoch=29 improved=0
2025-12-22 02:05:14,677 | INFO | Train - Loss (last batch): 0.00285
2025-12-22 02:05:14,677 | INFO | Val - Loss, MSE, MAE: 0.00314, 0.00314, 0.03695
2025-12-22 02:05:14,677 | INFO | Test - Best epoch, Loss, MSE, MAE: 29, 0.00275, 0.00275, 0.03153
2025-12-22 02:05:14,677 | INFO | Test - Points (EXACT): total_masked=96963 correct=58606 right_rate=60.4416%
2025-12-22 02:05:17,778 | INFO | - Epoch 047, ExpID 9460 best_epoch=29 improved=0
2025-12-22 02:05:17,778 | INFO | Train - Loss (last batch): 0.00279
2025-12-22 02:05:17,778 | INFO | Val - Loss, MSE, MAE: 0.00295, 0.00295, 0.03407
2025-12-22 02:05:17,778 | INFO | Test - Best epoch, Loss, MSE, MAE: 29, 0.00275, 0.00275, 0.03153
2025-12-22 02:05:17,778 | INFO | Test - Points (EXACT): total_masked=96963 correct=58606 right_rate=60.4416%
2025-12-22 02:05:21,034 | INFO | - Epoch 048, ExpID 9460 best_epoch=29 improved=0
2025-12-22 02:05:21,034 | INFO | Train - Loss (last batch): 0.00201
2025-12-22 02:05:21,034 | INFO | Val - Loss, MSE, MAE: 0.00303, 0.00303, 0.03527
2025-12-22 02:05:21,034 | INFO | Test - Best epoch, Loss, MSE, MAE: 29, 0.00275, 0.00275, 0.03153
2025-12-22 02:05:21,034 | INFO | Test - Points (EXACT): total_masked=96963 correct=58606 right_rate=60.4416%
2025-12-22 02:05:24,170 | INFO | - Epoch 049, ExpID 9460 best_epoch=29 improved=0
2025-12-22 02:05:24,170 | INFO | Train - Loss (last batch): 0.00265
2025-12-22 02:05:24,170 | INFO | Val - Loss, MSE, MAE: 0.00304, 0.00304, 0.03544
2025-12-22 02:05:24,170 | INFO | Test - Best epoch, Loss, MSE, MAE: 29, 0.00275, 0.00275, 0.03153
2025-12-22 02:05:24,170 | INFO | Test - Points (EXACT): total_masked=96963 correct=58606 right_rate=60.4416%
2025-12-22 02:05:27,275 | INFO | - Epoch 050, ExpID 9460 best_epoch=29 improved=0
2025-12-22 02:05:27,275 | INFO | Train - Loss (last batch): 0.00248
2025-12-22 02:05:27,275 | INFO | Val - Loss, MSE, MAE: 0.00301, 0.00301, 0.03507
2025-12-22 02:05:27,275 | INFO | Test - Best epoch, Loss, MSE, MAE: 29, 0.00275, 0.00275, 0.03153
2025-12-22 02:05:27,275 | INFO | Test - Points (EXACT): total_masked=96963 correct=58606 right_rate=60.4416%
2025-12-22 02:05:30,369 | INFO | - Epoch 051, ExpID 9460 best_epoch=29 improved=0
2025-12-22 02:05:30,369 | INFO | Train - Loss (last batch): 0.00240
2025-12-22 02:05:30,369 | INFO | Val - Loss, MSE, MAE: 0.00311, 0.00311, 0.03672
2025-12-22 02:05:30,369 | INFO | Test - Best epoch, Loss, MSE, MAE: 29, 0.00275, 0.00275, 0.03153
2025-12-22 02:05:30,369 | INFO | Test - Points (EXACT): total_masked=96963 correct=58606 right_rate=60.4416%
2025-12-22 02:05:33,481 | INFO | - Epoch 052, ExpID 9460 best_epoch=29 improved=0
2025-12-22 02:05:33,481 | INFO | Train - Loss (last batch): 0.00248
2025-12-22 02:05:33,481 | INFO | Val - Loss, MSE, MAE: 0.00342, 0.00342, 0.04072
2025-12-22 02:05:33,481 | INFO | Test - Best epoch, Loss, MSE, MAE: 29, 0.00275, 0.00275, 0.03153
2025-12-22 02:05:33,481 | INFO | Test - Points (EXACT): total_masked=96963 correct=58606 right_rate=60.4416%
2025-12-22 02:05:36,603 | INFO | - Epoch 053, ExpID 9460 best_epoch=29 improved=0
2025-12-22 02:05:36,603 | INFO | Train - Loss (last batch): 0.00248
2025-12-22 02:05:36,603 | INFO | Val - Loss, MSE, MAE: 0.00305, 0.00305, 0.03594
2025-12-22 02:05:36,603 | INFO | Test - Best epoch, Loss, MSE, MAE: 29, 0.00275, 0.00275, 0.03153
2025-12-22 02:05:36,603 | INFO | Test - Points (EXACT): total_masked=96963 correct=58606 right_rate=60.4416%
2025-12-22 02:05:39,682 | INFO | - Epoch 054, ExpID 9460 best_epoch=29 improved=0
2025-12-22 02:05:39,683 | INFO | Train - Loss (last batch): 0.00219
2025-12-22 02:05:39,683 | INFO | Val - Loss, MSE, MAE: 0.00300, 0.00300, 0.03508
2025-12-22 02:05:39,683 | INFO | Test - Best epoch, Loss, MSE, MAE: 29, 0.00275, 0.00275, 0.03153
2025-12-22 02:05:39,683 | INFO | Test - Points (EXACT): total_masked=96963 correct=58606 right_rate=60.4416%
2025-12-22 02:05:42,828 | INFO | - Epoch 055, ExpID 9460 best_epoch=29 improved=0
2025-12-22 02:05:42,828 | INFO | Train - Loss (last batch): 0.00293
2025-12-22 02:05:42,828 | INFO | Val - Loss, MSE, MAE: 0.00314, 0.00314, 0.03705
2025-12-22 02:05:42,828 | INFO | Test - Best epoch, Loss, MSE, MAE: 29, 0.00275, 0.00275, 0.03153
2025-12-22 02:05:42,828 | INFO | Test - Points (EXACT): total_masked=96963 correct=58606 right_rate=60.4416%
2025-12-22 02:05:45,943 | INFO | - Epoch 056, ExpID 9460 best_epoch=29 improved=0
2025-12-22 02:05:45,943 | INFO | Train - Loss (last batch): 0.00231
2025-12-22 02:05:45,943 | INFO | Val - Loss, MSE, MAE: 0.00302, 0.00302, 0.03555
2025-12-22 02:05:45,943 | INFO | Test - Best epoch, Loss, MSE, MAE: 29, 0.00275, 0.00275, 0.03153
2025-12-22 02:05:45,943 | INFO | Test - Points (EXACT): total_masked=96963 correct=58606 right_rate=60.4416%
2025-12-22 02:05:49,056 | INFO | - Epoch 057, ExpID 9460 best_epoch=29 improved=0
2025-12-22 02:05:49,346 | INFO | Train - Loss (last batch): 0.00266
2025-12-22 02:05:49,346 | INFO | Val - Loss, MSE, MAE: 0.00301, 0.00301, 0.03524
2025-12-22 02:05:49,346 | INFO | Test - Best epoch, Loss, MSE, MAE: 29, 0.00275, 0.00275, 0.03153
2025-12-22 02:05:49,346 | INFO | Test - Points (EXACT): total_masked=96963 correct=58606 right_rate=60.4416%
2025-12-22 02:05:52,968 | INFO | - Epoch 058, ExpID 9460 best_epoch=29 improved=0
2025-12-22 02:05:52,968 | INFO | Train - Loss (last batch): 0.00342
2025-12-22 02:05:52,968 | INFO | Val - Loss, MSE, MAE: 0.00295, 0.00295, 0.03441
2025-12-22 02:05:52,968 | INFO | Test - Best epoch, Loss, MSE, MAE: 29, 0.00275, 0.00275, 0.03153
2025-12-22 02:05:52,968 | INFO | Test - Points (EXACT): total_masked=96963 correct=58606 right_rate=60.4416%
2025-12-22 02:05:56,103 | INFO | - Epoch 059, ExpID 9460 best_epoch=29 improved=0
2025-12-22 02:05:56,103 | INFO | Train - Loss (last batch): 0.00256
2025-12-22 02:05:56,103 | INFO | Val - Loss, MSE, MAE: 0.00309, 0.00309, 0.03644
2025-12-22 02:05:56,103 | INFO | Test - Best epoch, Loss, MSE, MAE: 29, 0.00275, 0.00275, 0.03153
2025-12-22 02:05:56,103 | INFO | Test - Points (EXACT): total_masked=96963 correct=58606 right_rate=60.4416%
2025-12-22 02:05:59,222 | INFO | - Epoch 060, ExpID 9460 best_epoch=29 improved=0
2025-12-22 02:05:59,566 | INFO | Train - Loss (last batch): 0.00295
2025-12-22 02:05:59,567 | INFO | Val - Loss, MSE, MAE: 0.00321, 0.00321, 0.03824
2025-12-22 02:05:59,567 | INFO | Test - Best epoch, Loss, MSE, MAE: 29, 0.00275, 0.00275, 0.03153
2025-12-22 02:05:59,567 | INFO | Test - Points (EXACT): total_masked=96963 correct=58606 right_rate=60.4416%
2025-12-22 02:06:02,670 | INFO | - Epoch 061, ExpID 9460 best_epoch=29 improved=0
2025-12-22 02:06:02,670 | INFO | Train - Loss (last batch): 0.00257
2025-12-22 02:06:02,670 | INFO | Val - Loss, MSE, MAE: 0.00325, 0.00325, 0.03863
2025-12-22 02:06:02,671 | INFO | Test - Best epoch, Loss, MSE, MAE: 29, 0.00275, 0.00275, 0.03153
2025-12-22 02:06:02,671 | INFO | Test - Points (EXACT): total_masked=96963 correct=58606 right_rate=60.4416%
2025-12-22 02:06:05,773 | INFO | - Epoch 062, ExpID 9460 best_epoch=29 improved=0
2025-12-22 02:06:05,774 | INFO | Train - Loss (last batch): 0.00226
2025-12-22 02:06:05,774 | INFO | Val - Loss, MSE, MAE: 0.00300, 0.00300, 0.03515
2025-12-22 02:06:05,774 | INFO | Test - Best epoch, Loss, MSE, MAE: 29, 0.00275, 0.00275, 0.03153
2025-12-22 02:06:05,774 | INFO | Test - Points (EXACT): total_masked=96963 correct=58606 right_rate=60.4416%
2025-12-22 02:06:08,865 | INFO | - Epoch 063, ExpID 9460 best_epoch=29 improved=0
2025-12-22 02:06:08,865 | INFO | Train - Loss (last batch): 0.00378
2025-12-22 02:06:08,866 | INFO | Val - Loss, MSE, MAE: 0.00307, 0.00307, 0.03623
2025-12-22 02:06:08,866 | INFO | Test - Best epoch, Loss, MSE, MAE: 29, 0.00275, 0.00275, 0.03153
2025-12-22 02:06:08,866 | INFO | Test - Points (EXACT): total_masked=96963 correct=58606 right_rate=60.4416%
2025-12-22 02:06:11,992 | INFO | - Epoch 064, ExpID 9460 best_epoch=29 improved=0
2025-12-22 02:06:11,992 | INFO | Train - Loss (last batch): 0.00352
2025-12-22 02:06:11,992 | INFO | Val - Loss, MSE, MAE: 0.00309, 0.00309, 0.03652
2025-12-22 02:06:11,992 | INFO | Test - Best epoch, Loss, MSE, MAE: 29, 0.00275, 0.00275, 0.03153
2025-12-22 02:06:11,992 | INFO | Test - Points (EXACT): total_masked=96963 correct=58606 right_rate=60.4416%
2025-12-22 02:06:15,395 | INFO | - Epoch 065, ExpID 9460 best_epoch=29 improved=0
2025-12-22 02:06:15,395 | INFO | Train - Loss (last batch): 0.00273
2025-12-22 02:06:15,395 | INFO | Val - Loss, MSE, MAE: 0.00303, 0.00303, 0.03569
2025-12-22 02:06:15,395 | INFO | Test - Best epoch, Loss, MSE, MAE: 29, 0.00275, 0.00275, 0.03153
2025-12-22 02:06:15,395 | INFO | Test - Points (EXACT): total_masked=96963 correct=58606 right_rate=60.4416%
2025-12-22 02:06:18,495 | INFO | - Epoch 066, ExpID 9460 best_epoch=29 improved=0
2025-12-22 02:06:18,495 | INFO | Train - Loss (last batch): 0.00277
2025-12-22 02:06:18,495 | INFO | Val - Loss, MSE, MAE: 0.00299, 0.00299, 0.03493
2025-12-22 02:06:18,495 | INFO | Test - Best epoch, Loss, MSE, MAE: 29, 0.00275, 0.00275, 0.03153
2025-12-22 02:06:18,495 | INFO | Test - Points (EXACT): total_masked=96963 correct=58606 right_rate=60.4416%
2025-12-22 02:06:21,621 | INFO | - Epoch 067, ExpID 9460 best_epoch=29 improved=0
2025-12-22 02:06:21,622 | INFO | Train - Loss (last batch): 0.00211
2025-12-22 02:06:21,622 | INFO | Val - Loss, MSE, MAE: 0.00302, 0.00302, 0.03537
2025-12-22 02:06:21,622 | INFO | Test - Best epoch, Loss, MSE, MAE: 29, 0.00275, 0.00275, 0.03153
2025-12-22 02:06:21,622 | INFO | Test - Points (EXACT): total_masked=96963 correct=58606 right_rate=60.4416%
2025-12-22 02:06:24,749 | INFO | - Epoch 068, ExpID 9460 best_epoch=29 improved=0
2025-12-22 02:06:24,749 | INFO | Train - Loss (last batch): 0.00245
2025-12-22 02:06:24,749 | INFO | Val - Loss, MSE, MAE: 0.00303, 0.00303, 0.03568
2025-12-22 02:06:24,749 | INFO | Test - Best epoch, Loss, MSE, MAE: 29, 0.00275, 0.00275, 0.03153
2025-12-22 02:06:24,749 | INFO | Test - Points (EXACT): total_masked=96963 correct=58606 right_rate=60.4416%
2025-12-22 02:06:27,846 | INFO | - Epoch 069, ExpID 9460 best_epoch=29 improved=0
2025-12-22 02:06:27,846 | INFO | Train - Loss (last batch): 0.00236
2025-12-22 02:06:27,846 | INFO | Val - Loss, MSE, MAE: 0.00301, 0.00301, 0.03523
2025-12-22 02:06:27,847 | INFO | Test - Best epoch, Loss, MSE, MAE: 29, 0.00275, 0.00275, 0.03153
2025-12-22 02:06:27,847 | INFO | Test - Points (EXACT): total_masked=96963 correct=58606 right_rate=60.4416%
