INFO | 2026-02-25 07:58:35
INFO | command: RunModelsSingle.py --dataset activity --normalization 1 --denorm_test_pred 1 --global_loss 1 --history 3000 --hid_dim 64 --te_dim 10 --node_dim 10 --nlayer 1 --tf_layer 1 --nhead 4 --batch_size 64 --lr 1e-3 --patience 40 --epoch 300 --seed 1 --gpu 0 --outlayer Linear --patch_size 300 --stride 300
INFO | ExpID=62448 PID=880677 host=gpu-021 device=cuda CUDA_VISIBLE_DEVICES=0
INFO | SLURM_JOB_NAME=N1_G1_D1 SLURM_JOB_ID=536039
INFO | ckpt_path=experiments/experiment_62448.ckpt
INFO | args=Namespace(state='def', n=100000000, dataset='activity', model='tPatchGNN', outlayer='Linear', hop=1, nhead=4, tf_layer=1, nlayer=1, hid_dim=64, te_dim=10, node_dim=10, epoch=300, patience=40, lr=0.001, w_decay=0.0, batch_size=64, seed=1, history=3000, patch_size=300.0, stride=300.0, normalization=1, denorm_test_pred=1, global_loss=1, logmode='a', save='experiments/', load=None, gpu='0', data_sanity_batches=3, quantization=0.0, topk_err=10, exact_abs_tol=1e-05, exact_rel_tol=0.05, npatch=10, device=device(type='cuda'), PID=880677)
INFO | FLAGS | global_loss=1 (1=global masked MSE train/val, 0=repo MSE + evaluation()) | denorm_test_pred=1 (1=denorm for TOPERR/EXACT)
INFO | EVAL_MODE | VAL uses: _masked_metrics() if global_loss=1 else evaluation().
INFO | TOPERR/EXACT | computed on (denorm_test_pred? denorm : scaled) values.
INFO | data: input_dim=12 n_train_batches=52 n_val_batches=16 n_test_batches=17 quantization=0.0 history=3000 patch_size=300.0 stride=300.0 npatch=10
INFO | FLAGS | D(normalization)=1 (0=per-dim,1=global) G(global_loss)=1 N(denorm_eval)=1
INFO | n_train_batches: 52
INFO | 2026-02-25 08:11:24
INFO | command: RunModelsSingle.py --dataset activity --normalization 1 --denorm_test_pred 1 --global_loss 1 --history 3000 --hid_dim 64 --te_dim 10 --node_dim 10 --nlayer 1 --tf_layer 1 --nhead 4 --batch_size 64 --lr 1e-3 --patience 40 --epoch 300 --seed 2 --gpu 0 --outlayer Linear --patch_size 300 --stride 300
INFO | ExpID=87944 PID=880891 host=gpu-021 device=cuda CUDA_VISIBLE_DEVICES=0
INFO | SLURM_JOB_NAME=N1_G1_D1 SLURM_JOB_ID=536039
INFO | ckpt_path=experiments/experiment_87944.ckpt
INFO | args=Namespace(state='def', n=100000000, dataset='activity', model='tPatchGNN', outlayer='Linear', hop=1, nhead=4, tf_layer=1, nlayer=1, hid_dim=64, te_dim=10, node_dim=10, epoch=300, patience=40, lr=0.001, w_decay=0.0, batch_size=64, seed=2, history=3000, patch_size=300.0, stride=300.0, normalization=1, denorm_test_pred=1, global_loss=1, logmode='a', save='experiments/', load=None, gpu='0', data_sanity_batches=3, quantization=0.0, topk_err=10, exact_abs_tol=1e-05, exact_rel_tol=0.05, npatch=10, device=device(type='cuda'), PID=880891)
INFO | FLAGS | global_loss=1 (1=global masked MSE train/val, 0=repo MSE + evaluation()) | denorm_test_pred=1 (1=denorm for TOPERR/EXACT)
INFO | EVAL_MODE | VAL uses: _masked_metrics() if global_loss=1 else evaluation().
INFO | TOPERR/EXACT | computed on (denorm_test_pred? denorm : scaled) values.
INFO | data: input_dim=12 n_train_batches=52 n_val_batches=16 n_test_batches=17 quantization=0.0 history=3000 patch_size=300.0 stride=300.0 npatch=10
INFO | FLAGS | D(normalization)=1 (0=per-dim,1=global) G(global_loss)=1 N(denorm_eval)=1
INFO | n_train_batches: 52
INFO | 2026-02-25 08:23:59
INFO | command: RunModelsSingle.py --dataset activity --normalization 1 --denorm_test_pred 1 --global_loss 1 --history 3000 --hid_dim 64 --te_dim 10 --node_dim 10 --nlayer 1 --tf_layer 1 --nhead 4 --batch_size 64 --lr 1e-3 --patience 40 --epoch 300 --seed 3 --gpu 0 --outlayer Linear --patch_size 300 --stride 300
INFO | ExpID=66328 PID=881079 host=gpu-021 device=cuda CUDA_VISIBLE_DEVICES=0
INFO | SLURM_JOB_NAME=N1_G1_D1 SLURM_JOB_ID=536039
INFO | ckpt_path=experiments/experiment_66328.ckpt
INFO | args=Namespace(state='def', n=100000000, dataset='activity', model='tPatchGNN', outlayer='Linear', hop=1, nhead=4, tf_layer=1, nlayer=1, hid_dim=64, te_dim=10, node_dim=10, epoch=300, patience=40, lr=0.001, w_decay=0.0, batch_size=64, seed=3, history=3000, patch_size=300.0, stride=300.0, normalization=1, denorm_test_pred=1, global_loss=1, logmode='a', save='experiments/', load=None, gpu='0', data_sanity_batches=3, quantization=0.0, topk_err=10, exact_abs_tol=1e-05, exact_rel_tol=0.05, npatch=10, device=device(type='cuda'), PID=881079)
INFO | FLAGS | global_loss=1 (1=global masked MSE train/val, 0=repo MSE + evaluation()) | denorm_test_pred=1 (1=denorm for TOPERR/EXACT)
INFO | EVAL_MODE | VAL uses: _masked_metrics() if global_loss=1 else evaluation().
INFO | TOPERR/EXACT | computed on (denorm_test_pred? denorm : scaled) values.
INFO | data: input_dim=12 n_train_batches=52 n_val_batches=16 n_test_batches=17 quantization=0.0 history=3000 patch_size=300.0 stride=300.0 npatch=10
INFO | FLAGS | D(normalization)=1 (0=per-dim,1=global) G(global_loss)=1 N(denorm_eval)=1
INFO | n_train_batches: 52
INFO | 2026-02-25 08:36:38
INFO | command: RunModelsSingle.py --dataset activity --normalization 1 --denorm_test_pred 1 --global_loss 1 --history 3000 --hid_dim 64 --te_dim 10 --node_dim 10 --nlayer 1 --tf_layer 1 --nhead 4 --batch_size 64 --lr 1e-3 --patience 40 --epoch 300 --seed 4 --gpu 0 --outlayer Linear --patch_size 300 --stride 300
INFO | ExpID=90705 PID=881282 host=gpu-021 device=cuda CUDA_VISIBLE_DEVICES=0
INFO | SLURM_JOB_NAME=N1_G1_D1 SLURM_JOB_ID=536039
INFO | ckpt_path=experiments/experiment_90705.ckpt
INFO | args=Namespace(state='def', n=100000000, dataset='activity', model='tPatchGNN', outlayer='Linear', hop=1, nhead=4, tf_layer=1, nlayer=1, hid_dim=64, te_dim=10, node_dim=10, epoch=300, patience=40, lr=0.001, w_decay=0.0, batch_size=64, seed=4, history=3000, patch_size=300.0, stride=300.0, normalization=1, denorm_test_pred=1, global_loss=1, logmode='a', save='experiments/', load=None, gpu='0', data_sanity_batches=3, quantization=0.0, topk_err=10, exact_abs_tol=1e-05, exact_rel_tol=0.05, npatch=10, device=device(type='cuda'), PID=881282)
INFO | FLAGS | global_loss=1 (1=global masked MSE train/val, 0=repo MSE + evaluation()) | denorm_test_pred=1 (1=denorm for TOPERR/EXACT)
INFO | EVAL_MODE | VAL uses: _masked_metrics() if global_loss=1 else evaluation().
INFO | TOPERR/EXACT | computed on (denorm_test_pred? denorm : scaled) values.
INFO | data: input_dim=12 n_train_batches=52 n_val_batches=16 n_test_batches=17 quantization=0.0 history=3000 patch_size=300.0 stride=300.0 npatch=10
INFO | FLAGS | D(normalization)=1 (0=per-dim,1=global) G(global_loss)=1 N(denorm_eval)=1
INFO | n_train_batches: 52
INFO | 2026-02-25 08:49:20
INFO | command: RunModelsSingle.py --dataset activity --normalization 1 --denorm_test_pred 1 --global_loss 1 --history 3000 --hid_dim 64 --te_dim 10 --node_dim 10 --nlayer 1 --tf_layer 1 --nhead 4 --batch_size 64 --lr 1e-3 --patience 40 --epoch 300 --seed 5 --gpu 0 --outlayer Linear --patch_size 300 --stride 300
INFO | ExpID=29098 PID=881477 host=gpu-021 device=cuda CUDA_VISIBLE_DEVICES=0
INFO | SLURM_JOB_NAME=N1_G1_D1 SLURM_JOB_ID=536039
INFO | ckpt_path=experiments/experiment_29098.ckpt
INFO | args=Namespace(state='def', n=100000000, dataset='activity', model='tPatchGNN', outlayer='Linear', hop=1, nhead=4, tf_layer=1, nlayer=1, hid_dim=64, te_dim=10, node_dim=10, epoch=300, patience=40, lr=0.001, w_decay=0.0, batch_size=64, seed=5, history=3000, patch_size=300.0, stride=300.0, normalization=1, denorm_test_pred=1, global_loss=1, logmode='a', save='experiments/', load=None, gpu='0', data_sanity_batches=3, quantization=0.0, topk_err=10, exact_abs_tol=1e-05, exact_rel_tol=0.05, npatch=10, device=device(type='cuda'), PID=881477)
INFO | FLAGS | global_loss=1 (1=global masked MSE train/val, 0=repo MSE + evaluation()) | denorm_test_pred=1 (1=denorm for TOPERR/EXACT)
INFO | EVAL_MODE | VAL uses: _masked_metrics() if global_loss=1 else evaluation().
INFO | TOPERR/EXACT | computed on (denorm_test_pred? denorm : scaled) values.
INFO | data: input_dim=12 n_train_batches=52 n_val_batches=16 n_test_batches=17 quantization=0.0 history=3000 patch_size=300.0 stride=300.0 npatch=10
INFO | FLAGS | D(normalization)=1 (0=per-dim,1=global) G(global_loss)=1 N(denorm_eval)=1
INFO | n_train_batches: 52
