/home/ouass/Test/MSP-IMTS/tPatchGNN/run_models.py
2026-03-14 15:03:54
run_models.py --dataset activity --state def --history 3000 --batch_size 32 --lr 1e-3 --nhead 1 --patience 10 --tf_layer 1 --nlayer 1 --te_dim 10 --node_dim 10 --hid_dim 34 --outlayer Linear --seed 1 --gpu 0 --multi_scales 500,1000,2000 --multi_strides 500,1000,2000 --metric per_dim --fusion gated
Namespace(multi_scales='500,1000,2000', multi_strides='500,1000,2000', fusion='gated', state='def', n=100000000, hop=1, nhead=1, tf_layer=1, nlayer=1, epoch=1000, patience=10, history=3000, patch_size=24, stride=24, logmode='a', lr=0.001, w_decay=0.0, batch_size=32, save='experiments/', load=None, seed=1, dataset='activity', quantization=0.0, model='tPatchGNN', outlayer='Linear', hid_dim=34, te_dim=10, node_dim=10, gpu='0', metric='per_dim', npatch=125, device=device(type='cuda'), PID=3159480, pred_window=1000, ndim=12)
- Epoch 000, ExpID 65961
Train - Loss (one batch): 0.00506
Val - Loss, MSE, RMSE, MAE, MAPE: 0.00553, 0.00553, 0.07435, 0.05279, 13.54%
Test - Best epoch, Loss, MSE, RMSE, MAE, MAPE: 0, 0.00514, 0.00514, 0.07170, 0.05068, 11.67%
Time spent: 2.60s
- Epoch 001, ExpID 65961
Train - Loss (one batch): 0.00302
Val - Loss, MSE, RMSE, MAE, MAPE: 0.00373, 0.00373, 0.06105, 0.03873, 9.60%
Test - Best epoch, Loss, MSE, RMSE, MAE, MAPE: 1, 0.00346, 0.00346, 0.05885, 0.03752, 8.43%
Time spent: 2.55s
- Epoch 002, ExpID 65961
Train - Loss (one batch): 0.00218
Val - Loss, MSE, RMSE, MAE, MAPE: 0.00327, 0.00327, 0.05722, 0.03504, 8.81%
Test - Best epoch, Loss, MSE, RMSE, MAE, MAPE: 2, 0.00306, 0.00306, 0.05529, 0.03416, 7.78%
Time spent: 2.73s
- Epoch 003, ExpID 65961
Train - Loss (one batch): 0.00456
Val - Loss, MSE, RMSE, MAE, MAPE: 0.00319, 0.00319, 0.05648, 0.03454, 8.75%
Test - Best epoch, Loss, MSE, RMSE, MAE, MAPE: 3, 0.00299, 0.00299, 0.05469, 0.03365, 7.70%
Time spent: 2.66s
- Epoch 004, ExpID 65961
Train - Loss (one batch): 0.00330
Val - Loss, MSE, RMSE, MAE, MAPE: 0.00328, 0.00328, 0.05726, 0.03612, 9.08%
Test - Best epoch, Loss, MSE, RMSE, MAE, MAPE: 3, 0.00299, 0.00299, 0.05469, 0.03365, 7.70%
Time spent: 2.35s
- Epoch 005, ExpID 65961
Train - Loss (one batch): 0.00337
Val - Loss, MSE, RMSE, MAE, MAPE: 0.00316, 0.00316, 0.05626, 0.03564, 9.27%
Test - Best epoch, Loss, MSE, RMSE, MAE, MAPE: 5, 0.00299, 0.00299, 0.05470, 0.03500, 8.24%
Time spent: 2.79s
- Epoch 006, ExpID 65961
Train - Loss (one batch): 0.00333
Val - Loss, MSE, RMSE, MAE, MAPE: 0.00302, 0.00302, 0.05496, 0.03288, 8.34%
Test - Best epoch, Loss, MSE, RMSE, MAE, MAPE: 6, 0.00286, 0.00286, 0.05349, 0.03230, 7.38%
Time spent: 2.79s
- Epoch 007, ExpID 65961
Train - Loss (one batch): 0.00279
Val - Loss, MSE, RMSE, MAE, MAPE: 0.00317, 0.00317, 0.05635, 0.03457, 8.69%
Test - Best epoch, Loss, MSE, RMSE, MAE, MAPE: 6, 0.00286, 0.00286, 0.05349, 0.03230, 7.38%
Time spent: 2.49s
- Epoch 008, ExpID 65961
Train - Loss (one batch): 0.00252
Val - Loss, MSE, RMSE, MAE, MAPE: 0.00304, 0.00304, 0.05512, 0.03362, 8.62%
Test - Best epoch, Loss, MSE, RMSE, MAE, MAPE: 6, 0.00286, 0.00286, 0.05349, 0.03230, 7.38%
Time spent: 2.49s
- Epoch 009, ExpID 65961
Train - Loss (one batch): 0.00224
Val - Loss, MSE, RMSE, MAE, MAPE: 0.00423, 0.00423, 0.06504, 0.04826, 11.76%
Test - Best epoch, Loss, MSE, RMSE, MAE, MAPE: 6, 0.00286, 0.00286, 0.05349, 0.03230, 7.38%
Time spent: 2.45s
- Epoch 010, ExpID 65961
Train - Loss (one batch): 0.00199
Val - Loss, MSE, RMSE, MAE, MAPE: 0.00312, 0.00312, 0.05587, 0.03488, 8.78%
Test - Best epoch, Loss, MSE, RMSE, MAE, MAPE: 6, 0.00286, 0.00286, 0.05349, 0.03230, 7.38%
Time spent: 2.49s
- Epoch 011, ExpID 65961
Train - Loss (one batch): 0.00300
Val - Loss, MSE, RMSE, MAE, MAPE: 0.00293, 0.00293, 0.05411, 0.03243, 8.35%
Test - Best epoch, Loss, MSE, RMSE, MAE, MAPE: 11, 0.00279, 0.00279, 0.05279, 0.03196, 7.40%
Time spent: 2.83s
- Epoch 012, ExpID 65961
Train - Loss (one batch): 0.00287
Val - Loss, MSE, RMSE, MAE, MAPE: 0.00317, 0.00317, 0.05633, 0.03652, 9.25%
Test - Best epoch, Loss, MSE, RMSE, MAE, MAPE: 11, 0.00279, 0.00279, 0.05279, 0.03196, 7.40%
Time spent: 2.51s
- Epoch 013, ExpID 65961
Train - Loss (one batch): 0.00319
Val - Loss, MSE, RMSE, MAE, MAPE: 0.00333, 0.00333, 0.05769, 0.03847, 9.58%
Test - Best epoch, Loss, MSE, RMSE, MAE, MAPE: 11, 0.00279, 0.00279, 0.05279, 0.03196, 7.40%
Time spent: 2.47s
- Epoch 014, ExpID 65961
Train - Loss (one batch): 0.00216
Val - Loss, MSE, RMSE, MAE, MAPE: 0.00305, 0.00305, 0.05519, 0.03370, 8.55%
Test - Best epoch, Loss, MSE, RMSE, MAE, MAPE: 11, 0.00279, 0.00279, 0.05279, 0.03196, 7.40%
Time spent: 2.51s
- Epoch 015, ExpID 65961
Train - Loss (one batch): 0.00296
Val - Loss, MSE, RMSE, MAE, MAPE: 0.00298, 0.00298, 0.05455, 0.03337, 8.51%
Test - Best epoch, Loss, MSE, RMSE, MAE, MAPE: 11, 0.00279, 0.00279, 0.05279, 0.03196, 7.40%
Time spent: 2.51s
- Epoch 016, ExpID 65961
Train - Loss (one batch): 0.00308
Val - Loss, MSE, RMSE, MAE, MAPE: 0.00293, 0.00293, 0.05409, 0.03314, 8.57%
Test - Best epoch, Loss, MSE, RMSE, MAE, MAPE: 16, 0.00280, 0.00280, 0.05291, 0.03279, 7.68%
Time spent: 2.82s
- Epoch 017, ExpID 65961
Train - Loss (one batch): 0.00257
Val - Loss, MSE, RMSE, MAE, MAPE: 0.00296, 0.00296, 0.05445, 0.03302, 8.38%
Test - Best epoch, Loss, MSE, RMSE, MAE, MAPE: 16, 0.00280, 0.00280, 0.05291, 0.03279, 7.68%
Time spent: 2.49s
- Epoch 018, ExpID 65961
Train - Loss (one batch): 0.00346
Val - Loss, MSE, RMSE, MAE, MAPE: 0.00296, 0.00296, 0.05438, 0.03358, 8.37%
Test - Best epoch, Loss, MSE, RMSE, MAE, MAPE: 16, 0.00280, 0.00280, 0.05291, 0.03279, 7.68%
Time spent: 2.49s
- Epoch 019, ExpID 65961
Train - Loss (one batch): 0.00273
Val - Loss, MSE, RMSE, MAE, MAPE: 0.00295, 0.00295, 0.05432, 0.03316, 8.40%
Test - Best epoch, Loss, MSE, RMSE, MAE, MAPE: 16, 0.00280, 0.00280, 0.05291, 0.03279, 7.68%
Time spent: 2.50s
- Epoch 020, ExpID 65961
Train - Loss (one batch): 0.00166
Val - Loss, MSE, RMSE, MAE, MAPE: 0.00290, 0.00290, 0.05383, 0.03253, 8.29%
Test - Best epoch, Loss, MSE, RMSE, MAE, MAPE: 20, 0.00278, 0.00278, 0.05269, 0.03210, 7.37%
Time spent: 2.46s
- Epoch 021, ExpID 65961
Train - Loss (one batch): 0.00252
Val - Loss, MSE, RMSE, MAE, MAPE: 0.00296, 0.00296, 0.05437, 0.03408, 8.81%
Test - Best epoch, Loss, MSE, RMSE, MAE, MAPE: 20, 0.00278, 0.00278, 0.05269, 0.03210, 7.37%
Time spent: 2.16s
- Epoch 022, ExpID 65961
Train - Loss (one batch): 0.00212
Val - Loss, MSE, RMSE, MAE, MAPE: 0.00307, 0.00307, 0.05541, 0.03486, 8.58%
Test - Best epoch, Loss, MSE, RMSE, MAE, MAPE: 20, 0.00278, 0.00278, 0.05269, 0.03210, 7.37%
Time spent: 2.24s
- Epoch 023, ExpID 65961
Train - Loss (one batch): 0.00184
Val - Loss, MSE, RMSE, MAE, MAPE: 0.00298, 0.00298, 0.05457, 0.03372, 8.45%
Test - Best epoch, Loss, MSE, RMSE, MAE, MAPE: 20, 0.00278, 0.00278, 0.05269, 0.03210, 7.37%
Time spent: 2.16s
- Epoch 024, ExpID 65961
Train - Loss (one batch): 0.00261
Val - Loss, MSE, RMSE, MAE, MAPE: 0.00285, 0.00285, 0.05338, 0.03198, 8.06%
Test - Best epoch, Loss, MSE, RMSE, MAE, MAPE: 24, 0.00274, 0.00274, 0.05233, 0.03168, 7.23%
Time spent: 2.68s
- Epoch 025, ExpID 65961
Train - Loss (one batch): 0.00364
Val - Loss, MSE, RMSE, MAE, MAPE: 0.00317, 0.00317, 0.05631, 0.03693, 9.27%
Test - Best epoch, Loss, MSE, RMSE, MAE, MAPE: 24, 0.00274, 0.00274, 0.05233, 0.03168, 7.23%
Time spent: 2.45s
- Epoch 026, ExpID 65961
Train - Loss (one batch): 0.00235
Val - Loss, MSE, RMSE, MAE, MAPE: 0.00296, 0.00296, 0.05444, 0.03386, 8.51%
Test - Best epoch, Loss, MSE, RMSE, MAE, MAPE: 24, 0.00274, 0.00274, 0.05233, 0.03168, 7.23%
Time spent: 2.50s
- Epoch 027, ExpID 65961
Train - Loss (one batch): 0.00152
Val - Loss, MSE, RMSE, MAE, MAPE: 0.00288, 0.00288, 0.05369, 0.03274, 8.29%
Test - Best epoch, Loss, MSE, RMSE, MAE, MAPE: 24, 0.00274, 0.00274, 0.05233, 0.03168, 7.23%
Time spent: 2.49s
- Epoch 028, ExpID 65961
Train - Loss (one batch): 0.00178
Val - Loss, MSE, RMSE, MAE, MAPE: 0.00299, 0.00299, 0.05466, 0.03419, 8.48%
Test - Best epoch, Loss, MSE, RMSE, MAE, MAPE: 24, 0.00274, 0.00274, 0.05233, 0.03168, 7.23%
Time spent: 2.45s
- Epoch 029, ExpID 65961
Train - Loss (one batch): 0.00208
Val - Loss, MSE, RMSE, MAE, MAPE: 0.00289, 0.00289, 0.05379, 0.03304, 8.41%
Test - Best epoch, Loss, MSE, RMSE, MAE, MAPE: 24, 0.00274, 0.00274, 0.05233, 0.03168, 7.23%
Time spent: 2.34s
- Epoch 030, ExpID 65961
Train - Loss (one batch): 0.00207
Val - Loss, MSE, RMSE, MAE, MAPE: 0.00307, 0.00307, 0.05540, 0.03602, 9.17%
Test - Best epoch, Loss, MSE, RMSE, MAE, MAPE: 24, 0.00274, 0.00274, 0.05233, 0.03168, 7.23%
Time spent: 2.31s
- Epoch 031, ExpID 65961
Train - Loss (one batch): 0.00240
Val - Loss, MSE, RMSE, MAE, MAPE: 0.00303, 0.00303, 0.05506, 0.03514, 8.83%
Test - Best epoch, Loss, MSE, RMSE, MAE, MAPE: 24, 0.00274, 0.00274, 0.05233, 0.03168, 7.23%
Time spent: 2.19s
- Epoch 032, ExpID 65961
Train - Loss (one batch): 0.00218
Val - Loss, MSE, RMSE, MAE, MAPE: 0.00284, 0.00284, 0.05326, 0.03224, 8.22%
Test - Best epoch, Loss, MSE, RMSE, MAE, MAPE: 32, 0.00273, 0.00273, 0.05226, 0.03205, 7.35%
Time spent: 2.70s
- Epoch 033, ExpID 65961
Train - Loss (one batch): 0.00291
Val - Loss, MSE, RMSE, MAE, MAPE: 0.00279, 0.00279, 0.05282, 0.03178, 8.11%
Test - Best epoch, Loss, MSE, RMSE, MAE, MAPE: 33, 0.00270, 0.00270, 0.05193, 0.03162, 7.27%
Time spent: 2.79s
- Epoch 034, ExpID 65961
Train - Loss (one batch): 0.00260
Val - Loss, MSE, RMSE, MAE, MAPE: 0.00285, 0.00285, 0.05335, 0.03292, 8.52%
Test - Best epoch, Loss, MSE, RMSE, MAE, MAPE: 33, 0.00270, 0.00270, 0.05193, 0.03162, 7.27%
Time spent: 2.48s
- Epoch 035, ExpID 65961
Train - Loss (one batch): 0.00171
Val - Loss, MSE, RMSE, MAE, MAPE: 0.00287, 0.00287, 0.05362, 0.03288, 8.31%
Test - Best epoch, Loss, MSE, RMSE, MAE, MAPE: 33, 0.00270, 0.00270, 0.05193, 0.03162, 7.27%
Time spent: 2.47s
- Epoch 036, ExpID 65961
Train - Loss (one batch): 0.00229
Val - Loss, MSE, RMSE, MAE, MAPE: 0.00324, 0.00324, 0.05693, 0.03852, 9.54%
Test - Best epoch, Loss, MSE, RMSE, MAE, MAPE: 33, 0.00270, 0.00270, 0.05193, 0.03162, 7.27%
Time spent: 2.53s
- Epoch 037, ExpID 65961
Train - Loss (one batch): 0.00282
Val - Loss, MSE, RMSE, MAE, MAPE: 0.00281, 0.00281, 0.05300, 0.03235, 8.25%
Test - Best epoch, Loss, MSE, RMSE, MAE, MAPE: 33, 0.00270, 0.00270, 0.05193, 0.03162, 7.27%
Time spent: 2.45s
- Epoch 038, ExpID 65961
Train - Loss (one batch): 0.00243
Val - Loss, MSE, RMSE, MAE, MAPE: 0.00288, 0.00288, 0.05368, 0.03312, 8.26%
Test - Best epoch, Loss, MSE, RMSE, MAE, MAPE: 33, 0.00270, 0.00270, 0.05193, 0.03162, 7.27%
Time spent: 2.48s
- Epoch 039, ExpID 65961
Train - Loss (one batch): 0.00318
Val - Loss, MSE, RMSE, MAE, MAPE: 0.00293, 0.00293, 0.05410, 0.03378, 8.48%
Test - Best epoch, Loss, MSE, RMSE, MAE, MAPE: 33, 0.00270, 0.00270, 0.05193, 0.03162, 7.27%
Time spent: 2.34s
- Epoch 040, ExpID 65961
Train - Loss (one batch): 0.00215
Val - Loss, MSE, RMSE, MAE, MAPE: 0.00289, 0.00289, 0.05374, 0.03381, 8.58%
Test - Best epoch, Loss, MSE, RMSE, MAE, MAPE: 33, 0.00270, 0.00270, 0.05193, 0.03162, 7.27%
Time spent: 2.37s
- Epoch 041, ExpID 65961
Train - Loss (one batch): 0.00256
Val - Loss, MSE, RMSE, MAE, MAPE: 0.00280, 0.00280, 0.05291, 0.03196, 8.11%
Test - Best epoch, Loss, MSE, RMSE, MAE, MAPE: 33, 0.00270, 0.00270, 0.05193, 0.03162, 7.27%
Time spent: 2.50s
- Epoch 042, ExpID 65961
Train - Loss (one batch): 0.00254
Val - Loss, MSE, RMSE, MAE, MAPE: 0.00285, 0.00285, 0.05339, 0.03315, 8.46%
Test - Best epoch, Loss, MSE, RMSE, MAE, MAPE: 33, 0.00270, 0.00270, 0.05193, 0.03162, 7.27%
Time spent: 2.60s
- Epoch 043, ExpID 65961
Train - Loss (one batch): 0.00230
Val - Loss, MSE, RMSE, MAE, MAPE: 0.00280, 0.00280, 0.05294, 0.03211, 8.17%
Test - Best epoch, Loss, MSE, RMSE, MAE, MAPE: 33, 0.00270, 0.00270, 0.05193, 0.03162, 7.27%
Time spent: 2.51s
/home/ouass/Test/MSP-IMTS/tPatchGNN/run_models.py
2026-03-14 15:05:49
run_models.py --dataset activity --state def --history 3000 --batch_size 32 --lr 1e-3 --nhead 1 --patience 10 --tf_layer 1 --nlayer 1 --te_dim 10 --node_dim 10 --hid_dim 34 --outlayer Linear --seed 2 --gpu 0 --multi_scales 500,1000,2000 --multi_strides 500,1000,2000 --metric per_dim --fusion gated
Namespace(multi_scales='500,1000,2000', multi_strides='500,1000,2000', fusion='gated', state='def', n=100000000, hop=1, nhead=1, tf_layer=1, nlayer=1, epoch=1000, patience=10, history=3000, patch_size=24, stride=24, logmode='a', lr=0.001, w_decay=0.0, batch_size=32, save='experiments/', load=None, seed=2, dataset='activity', quantization=0.0, model='tPatchGNN', outlayer='Linear', hid_dim=34, te_dim=10, node_dim=10, gpu='0', metric='per_dim', npatch=125, device=device(type='cuda'), PID=3159646, pred_window=1000, ndim=12)
- Epoch 000, ExpID 35779
Train - Loss (one batch): 0.00402
Val - Loss, MSE, RMSE, MAE, MAPE: 0.00378, 0.00378, 0.06148, 0.03995, 10.44%
Test - Best epoch, Loss, MSE, RMSE, MAE, MAPE: 0, 0.00354, 0.00354, 0.05948, 0.03879, 8.96%
Time spent: 2.46s
- Epoch 001, ExpID 35779
Train - Loss (one batch): 0.00306
Val - Loss, MSE, RMSE, MAE, MAPE: 0.00350, 0.00350, 0.05920, 0.03819, 9.85%
Test - Best epoch, Loss, MSE, RMSE, MAE, MAPE: 1, 0.00329, 0.00329, 0.05732, 0.03707, 8.60%
Time spent: 2.48s
- Epoch 002, ExpID 35779
Train - Loss (one batch): 0.00344
Val - Loss, MSE, RMSE, MAE, MAPE: 0.00320, 0.00320, 0.05655, 0.03464, 8.78%
Test - Best epoch, Loss, MSE, RMSE, MAE, MAPE: 2, 0.00301, 0.00301, 0.05483, 0.03391, 7.79%
Time spent: 2.67s
- Epoch 003, ExpID 35779
Train - Loss (one batch): 0.00245
Val - Loss, MSE, RMSE, MAE, MAPE: 0.00316, 0.00316, 0.05619, 0.03417, 8.51%
Test - Best epoch, Loss, MSE, RMSE, MAE, MAPE: 3, 0.00298, 0.00298, 0.05461, 0.03356, 7.56%
Time spent: 2.65s
- Epoch 004, ExpID 35779
Train - Loss (one batch): 0.00239
Val - Loss, MSE, RMSE, MAE, MAPE: 0.00324, 0.00324, 0.05694, 0.03639, 9.24%
Test - Best epoch, Loss, MSE, RMSE, MAE, MAPE: 3, 0.00298, 0.00298, 0.05461, 0.03356, 7.56%
Time spent: 2.19s
- Epoch 005, ExpID 35779
Train - Loss (one batch): 0.00277
Val - Loss, MSE, RMSE, MAE, MAPE: 0.00301, 0.00301, 0.05485, 0.03332, 8.53%
Test - Best epoch, Loss, MSE, RMSE, MAE, MAPE: 5, 0.00286, 0.00286, 0.05347, 0.03275, 7.55%
Time spent: 2.49s
- Epoch 006, ExpID 35779
Train - Loss (one batch): 0.00268
Val - Loss, MSE, RMSE, MAE, MAPE: 0.00299, 0.00299, 0.05471, 0.03319, 8.37%
Test - Best epoch, Loss, MSE, RMSE, MAE, MAPE: 6, 0.00286, 0.00286, 0.05343, 0.03276, 7.44%
Time spent: 2.48s
- Epoch 007, ExpID 35779
Train - Loss (one batch): 0.00330
Val - Loss, MSE, RMSE, MAE, MAPE: 0.00300, 0.00300, 0.05476, 0.03351, 8.53%
Test - Best epoch, Loss, MSE, RMSE, MAE, MAPE: 6, 0.00286, 0.00286, 0.05343, 0.03276, 7.44%
Time spent: 2.17s
- Epoch 008, ExpID 35779
Train - Loss (one batch): 0.00284
Val - Loss, MSE, RMSE, MAE, MAPE: 0.00307, 0.00307, 0.05542, 0.03470, 8.83%
Test - Best epoch, Loss, MSE, RMSE, MAE, MAPE: 6, 0.00286, 0.00286, 0.05343, 0.03276, 7.44%
Time spent: 2.18s
- Epoch 009, ExpID 35779
Train - Loss (one batch): 0.00323
Val - Loss, MSE, RMSE, MAE, MAPE: 0.00309, 0.00309, 0.05559, 0.03511, 8.85%
Test - Best epoch, Loss, MSE, RMSE, MAE, MAPE: 6, 0.00286, 0.00286, 0.05343, 0.03276, 7.44%
Time spent: 2.27s
- Epoch 010, ExpID 35779
Train - Loss (one batch): 0.00212
Val - Loss, MSE, RMSE, MAE, MAPE: 0.00298, 0.00298, 0.05459, 0.03371, 8.63%
Test - Best epoch, Loss, MSE, RMSE, MAE, MAPE: 10, 0.00284, 0.00284, 0.05333, 0.03324, 7.63%
Time spent: 2.56s
- Epoch 011, ExpID 35779
Train - Loss (one batch): 0.00253
Val - Loss, MSE, RMSE, MAE, MAPE: 0.00289, 0.00289, 0.05375, 0.03275, 8.47%
Test - Best epoch, Loss, MSE, RMSE, MAE, MAPE: 11, 0.00276, 0.00276, 0.05258, 0.03227, 7.48%
Time spent: 2.84s
- Epoch 012, ExpID 35779
Train - Loss (one batch): 0.00323
Val - Loss, MSE, RMSE, MAE, MAPE: 0.00321, 0.00321, 0.05663, 0.03704, 8.95%
Test - Best epoch, Loss, MSE, RMSE, MAE, MAPE: 11, 0.00276, 0.00276, 0.05258, 0.03227, 7.48%
Time spent: 2.53s
- Epoch 013, ExpID 35779
Train - Loss (one batch): 0.00243
Val - Loss, MSE, RMSE, MAE, MAPE: 0.00291, 0.00291, 0.05391, 0.03296, 8.40%
Test - Best epoch, Loss, MSE, RMSE, MAE, MAPE: 11, 0.00276, 0.00276, 0.05258, 0.03227, 7.48%
Time spent: 2.51s
- Epoch 014, ExpID 35779
Train - Loss (one batch): 0.00279
Val - Loss, MSE, RMSE, MAE, MAPE: 0.00332, 0.00332, 0.05761, 0.03820, 9.24%
Test - Best epoch, Loss, MSE, RMSE, MAE, MAPE: 11, 0.00276, 0.00276, 0.05258, 0.03227, 7.48%
Time spent: 2.36s
- Epoch 015, ExpID 35779
Train - Loss (one batch): 0.00180
Val - Loss, MSE, RMSE, MAE, MAPE: 0.00287, 0.00287, 0.05360, 0.03244, 8.24%
Test - Best epoch, Loss, MSE, RMSE, MAE, MAPE: 15, 0.00276, 0.00276, 0.05254, 0.03222, 7.32%
Time spent: 2.69s
- Epoch 016, ExpID 35779
Train - Loss (one batch): 0.00198
Val - Loss, MSE, RMSE, MAE, MAPE: 0.00309, 0.00309, 0.05556, 0.03546, 8.70%
Test - Best epoch, Loss, MSE, RMSE, MAE, MAPE: 15, 0.00276, 0.00276, 0.05254, 0.03222, 7.32%
Time spent: 2.56s
- Epoch 017, ExpID 35779
Train - Loss (one batch): 0.00353
Val - Loss, MSE, RMSE, MAE, MAPE: 0.00286, 0.00286, 0.05347, 0.03239, 8.18%
Test - Best epoch, Loss, MSE, RMSE, MAE, MAPE: 17, 0.00274, 0.00274, 0.05230, 0.03197, 7.28%
Time spent: 2.82s
- Epoch 018, ExpID 35779
Train - Loss (one batch): 0.00362
Val - Loss, MSE, RMSE, MAE, MAPE: 0.00286, 0.00286, 0.05351, 0.03262, 8.22%
Test - Best epoch, Loss, MSE, RMSE, MAE, MAPE: 17, 0.00274, 0.00274, 0.05230, 0.03197, 7.28%
Time spent: 2.54s
- Epoch 019, ExpID 35779
Train - Loss (one batch): 0.00252
Val - Loss, MSE, RMSE, MAE, MAPE: 0.00284, 0.00284, 0.05328, 0.03231, 8.14%
Test - Best epoch, Loss, MSE, RMSE, MAE, MAPE: 19, 0.00273, 0.00273, 0.05222, 0.03204, 7.23%
Time spent: 2.89s
- Epoch 020, ExpID 35779
Train - Loss (one batch): 0.00293
Val - Loss, MSE, RMSE, MAE, MAPE: 0.00282, 0.00282, 0.05308, 0.03205, 8.14%
Test - Best epoch, Loss, MSE, RMSE, MAE, MAPE: 20, 0.00270, 0.00270, 0.05194, 0.03168, 7.23%
Time spent: 2.90s
- Epoch 021, ExpID 35779
Train - Loss (one batch): 0.00272
Val - Loss, MSE, RMSE, MAE, MAPE: 0.00283, 0.00283, 0.05322, 0.03213, 8.10%
Test - Best epoch, Loss, MSE, RMSE, MAE, MAPE: 20, 0.00270, 0.00270, 0.05194, 0.03168, 7.23%
Time spent: 2.52s
- Epoch 022, ExpID 35779
Train - Loss (one batch): 0.00267
Val - Loss, MSE, RMSE, MAE, MAPE: 0.00283, 0.00283, 0.05316, 0.03227, 8.12%
Test - Best epoch, Loss, MSE, RMSE, MAE, MAPE: 20, 0.00270, 0.00270, 0.05194, 0.03168, 7.23%
Time spent: 2.53s
- Epoch 023, ExpID 35779
Train - Loss (one batch): 0.00232
Val - Loss, MSE, RMSE, MAE, MAPE: 0.00285, 0.00285, 0.05337, 0.03303, 8.26%
Test - Best epoch, Loss, MSE, RMSE, MAE, MAPE: 20, 0.00270, 0.00270, 0.05194, 0.03168, 7.23%
Time spent: 2.53s
- Epoch 024, ExpID 35779
Train - Loss (one batch): 0.00243
Val - Loss, MSE, RMSE, MAE, MAPE: 0.00303, 0.00303, 0.05506, 0.03489, 8.53%
Test - Best epoch, Loss, MSE, RMSE, MAE, MAPE: 20, 0.00270, 0.00270, 0.05194, 0.03168, 7.23%
Time spent: 2.48s
- Epoch 025, ExpID 35779
Train - Loss (one batch): 0.00291
Val - Loss, MSE, RMSE, MAE, MAPE: 0.00291, 0.00291, 0.05394, 0.03345, 8.25%
Test - Best epoch, Loss, MSE, RMSE, MAE, MAPE: 20, 0.00270, 0.00270, 0.05194, 0.03168, 7.23%
Time spent: 2.52s
- Epoch 026, ExpID 35779
Train - Loss (one batch): 0.00321
Val - Loss, MSE, RMSE, MAE, MAPE: 0.00315, 0.00315, 0.05609, 0.03754, 9.76%
Test - Best epoch, Loss, MSE, RMSE, MAE, MAPE: 20, 0.00270, 0.00270, 0.05194, 0.03168, 7.23%
Time spent: 2.55s
- Epoch 027, ExpID 35779
Train - Loss (one batch): 0.00275
Val - Loss, MSE, RMSE, MAE, MAPE: 0.00278, 0.00278, 0.05271, 0.03221, 8.27%
Test - Best epoch, Loss, MSE, RMSE, MAE, MAPE: 27, 0.00268, 0.00268, 0.05173, 0.03180, 7.33%
Time spent: 2.82s
- Epoch 028, ExpID 35779
Train - Loss (one batch): 0.00242
Val - Loss, MSE, RMSE, MAE, MAPE: 0.00283, 0.00283, 0.05318, 0.03288, 8.23%
Test - Best epoch, Loss, MSE, RMSE, MAE, MAPE: 27, 0.00268, 0.00268, 0.05173, 0.03180, 7.33%
Time spent: 2.54s
- Epoch 029, ExpID 35779
Train - Loss (one batch): 0.00242
Val - Loss, MSE, RMSE, MAE, MAPE: 0.00283, 0.00283, 0.05320, 0.03300, 8.53%
Test - Best epoch, Loss, MSE, RMSE, MAE, MAPE: 27, 0.00268, 0.00268, 0.05173, 0.03180, 7.33%
Time spent: 2.43s
- Epoch 030, ExpID 35779
Train - Loss (one batch): 0.00188
Val - Loss, MSE, RMSE, MAE, MAPE: 0.00284, 0.00284, 0.05327, 0.03289, 8.41%
Test - Best epoch, Loss, MSE, RMSE, MAE, MAPE: 27, 0.00268, 0.00268, 0.05173, 0.03180, 7.33%
Time spent: 2.37s
- Epoch 031, ExpID 35779
Train - Loss (one batch): 0.00233
Val - Loss, MSE, RMSE, MAE, MAPE: 0.00284, 0.00284, 0.05331, 0.03248, 8.17%
Test - Best epoch, Loss, MSE, RMSE, MAE, MAPE: 27, 0.00268, 0.00268, 0.05173, 0.03180, 7.33%
Time spent: 2.54s
- Epoch 032, ExpID 35779
Train - Loss (one batch): 0.00316
Val - Loss, MSE, RMSE, MAE, MAPE: 0.00276, 0.00276, 0.05253, 0.03212, 8.41%
Test - Best epoch, Loss, MSE, RMSE, MAE, MAPE: 32, 0.00266, 0.00266, 0.05158, 0.03194, 7.50%
Time spent: 2.81s
- Epoch 033, ExpID 35779
Train - Loss (one batch): 0.00314
Val - Loss, MSE, RMSE, MAE, MAPE: 0.00290, 0.00290, 0.05384, 0.03423, 8.92%
Test - Best epoch, Loss, MSE, RMSE, MAE, MAPE: 32, 0.00266, 0.00266, 0.05158, 0.03194, 7.50%
Time spent: 2.51s
- Epoch 034, ExpID 35779
Train - Loss (one batch): 0.00379
Val - Loss, MSE, RMSE, MAE, MAPE: 0.00274, 0.00274, 0.05235, 0.03162, 8.16%
Test - Best epoch, Loss, MSE, RMSE, MAE, MAPE: 34, 0.00264, 0.00264, 0.05139, 0.03139, 7.29%
Time spent: 2.83s
- Epoch 035, ExpID 35779
Train - Loss (one batch): 0.00288
Val - Loss, MSE, RMSE, MAE, MAPE: 0.00272, 0.00272, 0.05215, 0.03158, 8.09%
Test - Best epoch, Loss, MSE, RMSE, MAE, MAPE: 35, 0.00263, 0.00263, 0.05128, 0.03133, 7.23%
Time spent: 2.76s
- Epoch 036, ExpID 35779
Train - Loss (one batch): 0.00260
Val - Loss, MSE, RMSE, MAE, MAPE: 0.00279, 0.00279, 0.05281, 0.03248, 8.07%
Test - Best epoch, Loss, MSE, RMSE, MAE, MAPE: 35, 0.00263, 0.00263, 0.05128, 0.03133, 7.23%
Time spent: 2.34s
- Epoch 037, ExpID 35779
Train - Loss (one batch): 0.00310
Val - Loss, MSE, RMSE, MAE, MAPE: 0.00278, 0.00278, 0.05274, 0.03246, 8.16%
Test - Best epoch, Loss, MSE, RMSE, MAE, MAPE: 35, 0.00263, 0.00263, 0.05128, 0.03133, 7.23%
Time spent: 2.52s
- Epoch 038, ExpID 35779
Train - Loss (one batch): 0.00255
Val - Loss, MSE, RMSE, MAE, MAPE: 0.00275, 0.00275, 0.05245, 0.03221, 8.13%
Test - Best epoch, Loss, MSE, RMSE, MAE, MAPE: 35, 0.00263, 0.00263, 0.05128, 0.03133, 7.23%
Time spent: 2.56s
- Epoch 039, ExpID 35779
Train - Loss (one batch): 0.00216
Val - Loss, MSE, RMSE, MAE, MAPE: 0.00274, 0.00274, 0.05237, 0.03224, 8.32%
Test - Best epoch, Loss, MSE, RMSE, MAE, MAPE: 35, 0.00263, 0.00263, 0.05128, 0.03133, 7.23%
Time spent: 2.56s
- Epoch 040, ExpID 35779
Train - Loss (one batch): 0.00272
Val - Loss, MSE, RMSE, MAE, MAPE: 0.00276, 0.00276, 0.05253, 0.03218, 8.23%
Test - Best epoch, Loss, MSE, RMSE, MAE, MAPE: 35, 0.00263, 0.00263, 0.05128, 0.03133, 7.23%
Time spent: 2.47s
- Epoch 041, ExpID 35779
Train - Loss (one batch): 0.00331
Val - Loss, MSE, RMSE, MAE, MAPE: 0.00271, 0.00271, 0.05202, 0.03135, 7.98%
Test - Best epoch, Loss, MSE, RMSE, MAE, MAPE: 41, 0.00264, 0.00264, 0.05142, 0.03149, 7.21%
Time spent: 2.70s
- Epoch 042, ExpID 35779
Train - Loss (one batch): 0.00221
Val - Loss, MSE, RMSE, MAE, MAPE: 0.00289, 0.00289, 0.05374, 0.03389, 8.35%
Test - Best epoch, Loss, MSE, RMSE, MAE, MAPE: 41, 0.00264, 0.00264, 0.05142, 0.03149, 7.21%
Time spent: 2.39s
- Epoch 043, ExpID 35779
Train - Loss (one batch): 0.00293
Val - Loss, MSE, RMSE, MAE, MAPE: 0.00273, 0.00273, 0.05227, 0.03219, 8.21%
Test - Best epoch, Loss, MSE, RMSE, MAE, MAPE: 41, 0.00264, 0.00264, 0.05142, 0.03149, 7.21%
Time spent: 2.52s
- Epoch 044, ExpID 35779
Train - Loss (one batch): 0.00348
Val - Loss, MSE, RMSE, MAE, MAPE: 0.00272, 0.00272, 0.05211, 0.03155, 8.06%
Test - Best epoch, Loss, MSE, RMSE, MAE, MAPE: 41, 0.00264, 0.00264, 0.05142, 0.03149, 7.21%
Time spent: 2.35s
- Epoch 045, ExpID 35779
Train - Loss (one batch): 0.00177
Val - Loss, MSE, RMSE, MAE, MAPE: 0.00270, 0.00270, 0.05192, 0.03126, 8.00%
Test - Best epoch, Loss, MSE, RMSE, MAE, MAPE: 45, 0.00260, 0.00260, 0.05095, 0.03098, 7.13%
Time spent: 2.52s
- Epoch 046, ExpID 35779
Train - Loss (one batch): 0.00234
Val - Loss, MSE, RMSE, MAE, MAPE: 0.00273, 0.00273, 0.05227, 0.03175, 8.11%
Test - Best epoch, Loss, MSE, RMSE, MAE, MAPE: 45, 0.00260, 0.00260, 0.05095, 0.03098, 7.13%
Time spent: 2.23s
- Epoch 047, ExpID 35779
Train - Loss (one batch): 0.00303
Val - Loss, MSE, RMSE, MAE, MAPE: 0.00271, 0.00271, 0.05208, 0.03150, 8.06%
Test - Best epoch, Loss, MSE, RMSE, MAE, MAPE: 45, 0.00260, 0.00260, 0.05095, 0.03098, 7.13%
Time spent: 2.25s
- Epoch 048, ExpID 35779
Train - Loss (one batch): 0.00293
Val - Loss, MSE, RMSE, MAE, MAPE: 0.00269, 0.00269, 0.05191, 0.03141, 8.04%
Test - Best epoch, Loss, MSE, RMSE, MAE, MAPE: 48, 0.00260, 0.00260, 0.05100, 0.03126, 7.16%
Time spent: 2.68s
- Epoch 049, ExpID 35779
Train - Loss (one batch): 0.00251
Val - Loss, MSE, RMSE, MAE, MAPE: 0.00277, 0.00277, 0.05260, 0.03235, 8.10%
Test - Best epoch, Loss, MSE, RMSE, MAE, MAPE: 48, 0.00260, 0.00260, 0.05100, 0.03126, 7.16%
Time spent: 2.56s
- Epoch 050, ExpID 35779
Train - Loss (one batch): 0.00228
Val - Loss, MSE, RMSE, MAE, MAPE: 0.00270, 0.00270, 0.05196, 0.03151, 8.03%
Test - Best epoch, Loss, MSE, RMSE, MAE, MAPE: 48, 0.00260, 0.00260, 0.05100, 0.03126, 7.16%
Time spent: 2.53s
- Epoch 051, ExpID 35779
Train - Loss (one batch): 0.00238
Val - Loss, MSE, RMSE, MAE, MAPE: 0.00271, 0.00271, 0.05207, 0.03167, 8.13%
Test - Best epoch, Loss, MSE, RMSE, MAE, MAPE: 48, 0.00260, 0.00260, 0.05100, 0.03126, 7.16%
Time spent: 2.61s
- Epoch 052, ExpID 35779
Train - Loss (one batch): 0.00240
Val - Loss, MSE, RMSE, MAE, MAPE: 0.00270, 0.00270, 0.05192, 0.03138, 8.01%
Test - Best epoch, Loss, MSE, RMSE, MAE, MAPE: 48, 0.00260, 0.00260, 0.05100, 0.03126, 7.16%
Time spent: 2.49s
- Epoch 053, ExpID 35779
Train - Loss (one batch): 0.00221
Val - Loss, MSE, RMSE, MAE, MAPE: 0.00271, 0.00271, 0.05201, 0.03202, 8.16%
Test - Best epoch, Loss, MSE, RMSE, MAE, MAPE: 48, 0.00260, 0.00260, 0.05100, 0.03126, 7.16%
Time spent: 2.54s
- Epoch 054, ExpID 35779
Train - Loss (one batch): 0.00278
Val - Loss, MSE, RMSE, MAE, MAPE: 0.00269, 0.00269, 0.05183, 0.03158, 8.27%
Test - Best epoch, Loss, MSE, RMSE, MAE, MAPE: 54, 0.00261, 0.00261, 0.05105, 0.03143, 7.36%
Time spent: 2.85s
- Epoch 055, ExpID 35779
Train - Loss (one batch): 0.00319
Val - Loss, MSE, RMSE, MAE, MAPE: 0.00267, 0.00267, 0.05170, 0.03123, 8.07%
Test - Best epoch, Loss, MSE, RMSE, MAE, MAPE: 55, 0.00260, 0.00260, 0.05100, 0.03116, 7.18%
Time spent: 2.80s
- Epoch 056, ExpID 35779
Train - Loss (one batch): 0.00296
Val - Loss, MSE, RMSE, MAE, MAPE: 0.00270, 0.00270, 0.05195, 0.03174, 8.24%
Test - Best epoch, Loss, MSE, RMSE, MAE, MAPE: 55, 0.00260, 0.00260, 0.05100, 0.03116, 7.18%
Time spent: 2.52s
- Epoch 057, ExpID 35779
Train - Loss (one batch): 0.00215
Val - Loss, MSE, RMSE, MAE, MAPE: 0.00267, 0.00267, 0.05171, 0.03130, 8.03%
Test - Best epoch, Loss, MSE, RMSE, MAE, MAPE: 55, 0.00260, 0.00260, 0.05100, 0.03116, 7.18%
Time spent: 2.57s
- Epoch 058, ExpID 35779
Train - Loss (one batch): 0.00236
Val - Loss, MSE, RMSE, MAE, MAPE: 0.00280, 0.00280, 0.05295, 0.03336, 8.58%
Test - Best epoch, Loss, MSE, RMSE, MAE, MAPE: 55, 0.00260, 0.00260, 0.05100, 0.03116, 7.18%
Time spent: 2.53s
- Epoch 059, ExpID 35779
Train - Loss (one batch): 0.00253
Val - Loss, MSE, RMSE, MAE, MAPE: 0.00278, 0.00278, 0.05277, 0.03283, 8.55%
Test - Best epoch, Loss, MSE, RMSE, MAE, MAPE: 55, 0.00260, 0.00260, 0.05100, 0.03116, 7.18%
Time spent: 2.54s
- Epoch 060, ExpID 35779
Train - Loss (one batch): 0.00287
Val - Loss, MSE, RMSE, MAE, MAPE: 0.00288, 0.00288, 0.05363, 0.03363, 8.43%
Test - Best epoch, Loss, MSE, RMSE, MAE, MAPE: 55, 0.00260, 0.00260, 0.05100, 0.03116, 7.18%
Time spent: 2.56s
- Epoch 061, ExpID 35779
Train - Loss (one batch): 0.00288
Val - Loss, MSE, RMSE, MAE, MAPE: 0.00269, 0.00269, 0.05189, 0.03146, 7.96%
Test - Best epoch, Loss, MSE, RMSE, MAE, MAPE: 55, 0.00260, 0.00260, 0.05100, 0.03116, 7.18%
Time spent: 2.51s
- Epoch 062, ExpID 35779
Train - Loss (one batch): 0.00243
Val - Loss, MSE, RMSE, MAE, MAPE: 0.00267, 0.00267, 0.05165, 0.03112, 8.08%
Test - Best epoch, Loss, MSE, RMSE, MAE, MAPE: 62, 0.00259, 0.00259, 0.05086, 0.03104, 7.21%
Time spent: 2.85s
- Epoch 063, ExpID 35779
Train - Loss (one batch): 0.00220
Val - Loss, MSE, RMSE, MAE, MAPE: 0.00268, 0.00268, 0.05178, 0.03121, 7.96%
Test - Best epoch, Loss, MSE, RMSE, MAE, MAPE: 62, 0.00259, 0.00259, 0.05086, 0.03104, 7.21%
Time spent: 2.53s
- Epoch 064, ExpID 35779
Train - Loss (one batch): 0.00263
Val - Loss, MSE, RMSE, MAE, MAPE: 0.00269, 0.00269, 0.05191, 0.03186, 8.24%
Test - Best epoch, Loss, MSE, RMSE, MAE, MAPE: 62, 0.00259, 0.00259, 0.05086, 0.03104, 7.21%
Time spent: 2.53s
- Epoch 065, ExpID 35779
Train - Loss (one batch): 0.00300
Val - Loss, MSE, RMSE, MAE, MAPE: 0.00272, 0.00272, 0.05213, 0.03184, 7.99%
Test - Best epoch, Loss, MSE, RMSE, MAE, MAPE: 62, 0.00259, 0.00259, 0.05086, 0.03104, 7.21%
Time spent: 2.55s
- Epoch 066, ExpID 35779
Train - Loss (one batch): 0.00252
Val - Loss, MSE, RMSE, MAE, MAPE: 0.00275, 0.00275, 0.05249, 0.03228, 8.19%
Test - Best epoch, Loss, MSE, RMSE, MAE, MAPE: 62, 0.00259, 0.00259, 0.05086, 0.03104, 7.21%
Time spent: 2.57s
- Epoch 067, ExpID 35779
Train - Loss (one batch): 0.00190
Val - Loss, MSE, RMSE, MAE, MAPE: 0.00267, 0.00267, 0.05170, 0.03114, 8.15%
Test - Best epoch, Loss, MSE, RMSE, MAE, MAPE: 62, 0.00259, 0.00259, 0.05086, 0.03104, 7.21%
Time spent: 2.56s
- Epoch 068, ExpID 35779
Train - Loss (one batch): 0.00289
Val - Loss, MSE, RMSE, MAE, MAPE: 0.00275, 0.00275, 0.05246, 0.03237, 8.32%
Test - Best epoch, Loss, MSE, RMSE, MAE, MAPE: 62, 0.00259, 0.00259, 0.05086, 0.03104, 7.21%
Time spent: 2.56s
- Epoch 069, ExpID 35779
Train - Loss (one batch): 0.00212
Val - Loss, MSE, RMSE, MAE, MAPE: 0.00268, 0.00268, 0.05180, 0.03146, 8.02%
Test - Best epoch, Loss, MSE, RMSE, MAE, MAPE: 62, 0.00259, 0.00259, 0.05086, 0.03104, 7.21%
Time spent: 2.53s
- Epoch 070, ExpID 35779
Train - Loss (one batch): 0.00244
Val - Loss, MSE, RMSE, MAE, MAPE: 0.00267, 0.00267, 0.05164, 0.03133, 7.97%
Test - Best epoch, Loss, MSE, RMSE, MAE, MAPE: 70, 0.00261, 0.00261, 0.05104, 0.03131, 7.11%
Time spent: 2.85s
- Epoch 071, ExpID 35779
Train - Loss (one batch): 0.00303
Val - Loss, MSE, RMSE, MAE, MAPE: 0.00266, 0.00266, 0.05160, 0.03092, 7.96%
Test - Best epoch, Loss, MSE, RMSE, MAE, MAPE: 71, 0.00258, 0.00258, 0.05081, 0.03091, 7.12%
Time spent: 2.87s
- Epoch 072, ExpID 35779
Train - Loss (one batch): 0.00216
Val - Loss, MSE, RMSE, MAE, MAPE: 0.00273, 0.00273, 0.05222, 0.03214, 8.08%
Test - Best epoch, Loss, MSE, RMSE, MAE, MAPE: 71, 0.00258, 0.00258, 0.05081, 0.03091, 7.12%
Time spent: 2.53s
- Epoch 073, ExpID 35779
Train - Loss (one batch): 0.00320
Val - Loss, MSE, RMSE, MAE, MAPE: 0.00267, 0.00267, 0.05166, 0.03138, 8.01%
Test - Best epoch, Loss, MSE, RMSE, MAE, MAPE: 71, 0.00258, 0.00258, 0.05081, 0.03091, 7.12%
Time spent: 2.45s
- Epoch 074, ExpID 35779
Train - Loss (one batch): 0.00216
Val - Loss, MSE, RMSE, MAE, MAPE: 0.00274, 0.00274, 0.05236, 0.03270, 8.56%
Test - Best epoch, Loss, MSE, RMSE, MAE, MAPE: 71, 0.00258, 0.00258, 0.05081, 0.03091, 7.12%
Time spent: 2.58s
- Epoch 075, ExpID 35779
Train - Loss (one batch): 0.00247
Val - Loss, MSE, RMSE, MAE, MAPE: 0.00268, 0.00268, 0.05181, 0.03136, 7.97%
Test - Best epoch, Loss, MSE, RMSE, MAE, MAPE: 71, 0.00258, 0.00258, 0.05081, 0.03091, 7.12%
Time spent: 2.55s
- Epoch 076, ExpID 35779
Train - Loss (one batch): 0.00208
Val - Loss, MSE, RMSE, MAE, MAPE: 0.00269, 0.00269, 0.05186, 0.03171, 8.29%
Test - Best epoch, Loss, MSE, RMSE, MAE, MAPE: 71, 0.00258, 0.00258, 0.05081, 0.03091, 7.12%
Time spent: 2.62s
- Epoch 077, ExpID 35779
Train - Loss (one batch): 0.00242
Val - Loss, MSE, RMSE, MAE, MAPE: 0.00267, 0.00267, 0.05169, 0.03129, 7.97%
Test - Best epoch, Loss, MSE, RMSE, MAE, MAPE: 71, 0.00258, 0.00258, 0.05081, 0.03091, 7.12%
Time spent: 2.60s
- Epoch 078, ExpID 35779
Train - Loss (one batch): 0.00257
Val - Loss, MSE, RMSE, MAE, MAPE: 0.00266, 0.00266, 0.05158, 0.03121, 8.06%
Test - Best epoch, Loss, MSE, RMSE, MAE, MAPE: 78, 0.00259, 0.00259, 0.05085, 0.03122, 7.22%
Time spent: 2.77s
- Epoch 079, ExpID 35779
Train - Loss (one batch): 0.00243
Val - Loss, MSE, RMSE, MAE, MAPE: 0.00274, 0.00274, 0.05235, 0.03254, 8.16%
Test - Best epoch, Loss, MSE, RMSE, MAE, MAPE: 78, 0.00259, 0.00259, 0.05085, 0.03122, 7.22%
Time spent: 2.42s
- Epoch 080, ExpID 35779
Train - Loss (one batch): 0.00201
Val - Loss, MSE, RMSE, MAE, MAPE: 0.00276, 0.00276, 0.05250, 0.03248, 8.09%
Test - Best epoch, Loss, MSE, RMSE, MAE, MAPE: 78, 0.00259, 0.00259, 0.05085, 0.03122, 7.22%
Time spent: 2.36s
- Epoch 081, ExpID 35779
Train - Loss (one batch): 0.00252
Val - Loss, MSE, RMSE, MAE, MAPE: 0.00284, 0.00284, 0.05331, 0.03391, 8.32%
Test - Best epoch, Loss, MSE, RMSE, MAE, MAPE: 78, 0.00259, 0.00259, 0.05085, 0.03122, 7.22%
Time spent: 2.58s
- Epoch 082, ExpID 35779
Train - Loss (one batch): 0.00239
Val - Loss, MSE, RMSE, MAE, MAPE: 0.00278, 0.00278, 0.05271, 0.03320, 8.67%
Test - Best epoch, Loss, MSE, RMSE, MAE, MAPE: 78, 0.00259, 0.00259, 0.05085, 0.03122, 7.22%
Time spent: 2.58s
- Epoch 083, ExpID 35779
Train - Loss (one batch): 0.00224
Val - Loss, MSE, RMSE, MAE, MAPE: 0.00268, 0.00268, 0.05177, 0.03143, 8.14%
Test - Best epoch, Loss, MSE, RMSE, MAE, MAPE: 78, 0.00259, 0.00259, 0.05085, 0.03122, 7.22%
Time spent: 2.53s
- Epoch 084, ExpID 35779
Train - Loss (one batch): 0.00163
Val - Loss, MSE, RMSE, MAE, MAPE: 0.00271, 0.00271, 0.05209, 0.03190, 8.30%
Test - Best epoch, Loss, MSE, RMSE, MAE, MAPE: 78, 0.00259, 0.00259, 0.05085, 0.03122, 7.22%
Time spent: 2.53s
- Epoch 085, ExpID 35779
Train - Loss (one batch): 0.00205
Val - Loss, MSE, RMSE, MAE, MAPE: 0.00283, 0.00283, 0.05315, 0.03358, 8.94%
Test - Best epoch, Loss, MSE, RMSE, MAE, MAPE: 78, 0.00259, 0.00259, 0.05085, 0.03122, 7.22%
Time spent: 2.54s
- Epoch 086, ExpID 35779
Train - Loss (one batch): 0.00204
Val - Loss, MSE, RMSE, MAE, MAPE: 0.00267, 0.00267, 0.05168, 0.03140, 7.99%
Test - Best epoch, Loss, MSE, RMSE, MAE, MAPE: 78, 0.00259, 0.00259, 0.05085, 0.03122, 7.22%
Time spent: 2.50s
- Epoch 087, ExpID 35779
Train - Loss (one batch): 0.00261
Val - Loss, MSE, RMSE, MAE, MAPE: 0.00268, 0.00268, 0.05174, 0.03139, 8.01%
Test - Best epoch, Loss, MSE, RMSE, MAE, MAPE: 78, 0.00259, 0.00259, 0.05085, 0.03122, 7.22%
Time spent: 2.55s
- Epoch 088, ExpID 35779
Train - Loss (one batch): 0.00223
Val - Loss, MSE, RMSE, MAE, MAPE: 0.00269, 0.00269, 0.05188, 0.03164, 8.10%
Test - Best epoch, Loss, MSE, RMSE, MAE, MAPE: 78, 0.00259, 0.00259, 0.05085, 0.03122, 7.22%
Time spent: 2.52s
/home/ouass/Test/MSP-IMTS/tPatchGNN/run_models.py
2026-03-14 15:09:51
run_models.py --dataset activity --state def --history 3000 --batch_size 32 --lr 1e-3 --nhead 1 --patience 10 --tf_layer 1 --nlayer 1 --te_dim 10 --node_dim 10 --hid_dim 34 --outlayer Linear --seed 3 --gpu 0 --multi_scales 500,1000,2000 --multi_strides 500,1000,2000 --metric per_dim --fusion gated
Namespace(multi_scales='500,1000,2000', multi_strides='500,1000,2000', fusion='gated', state='def', n=100000000, hop=1, nhead=1, tf_layer=1, nlayer=1, epoch=1000, patience=10, history=3000, patch_size=24, stride=24, logmode='a', lr=0.001, w_decay=0.0, batch_size=32, save='experiments/', load=None, seed=3, dataset='activity', quantization=0.0, model='tPatchGNN', outlayer='Linear', hid_dim=34, te_dim=10, node_dim=10, gpu='0', metric='per_dim', npatch=125, device=device(type='cuda'), PID=3159836, pred_window=1000, ndim=12)
- Epoch 000, ExpID 8290
Train - Loss (one batch): 0.00292
Val - Loss, MSE, RMSE, MAE, MAPE: 0.00394, 0.00394, 0.06275, 0.04116, 10.20%
Test - Best epoch, Loss, MSE, RMSE, MAE, MAPE: 0, 0.00367, 0.00367, 0.06057, 0.03992, 8.98%
Time spent: 2.71s
- Epoch 001, ExpID 8290
Train - Loss (one batch): 0.00336
Val - Loss, MSE, RMSE, MAE, MAPE: 0.00388, 0.00388, 0.06230, 0.04068, 10.06%
Test - Best epoch, Loss, MSE, RMSE, MAE, MAPE: 1, 0.00365, 0.00365, 0.06042, 0.03949, 8.93%
Time spent: 2.58s
- Epoch 002, ExpID 8290
Train - Loss (one batch): 0.00262
Val - Loss, MSE, RMSE, MAE, MAPE: 0.00383, 0.00383, 0.06188, 0.04130, 10.22%
Test - Best epoch, Loss, MSE, RMSE, MAE, MAPE: 2, 0.00365, 0.00365, 0.06041, 0.04046, 9.16%
Time spent: 2.72s
- Epoch 003, ExpID 8290
Train - Loss (one batch): 0.00377
Val - Loss, MSE, RMSE, MAE, MAPE: 0.00366, 0.00366, 0.06052, 0.03969, 9.85%
Test - Best epoch, Loss, MSE, RMSE, MAE, MAPE: 3, 0.00348, 0.00348, 0.05902, 0.03883, 8.80%
Time spent: 2.53s
- Epoch 004, ExpID 8290
Train - Loss (one batch): 0.00274
Val - Loss, MSE, RMSE, MAE, MAPE: 0.00330, 0.00330, 0.05747, 0.03625, 9.16%
Test - Best epoch, Loss, MSE, RMSE, MAE, MAPE: 4, 0.00314, 0.00314, 0.05603, 0.03555, 8.14%
Time spent: 2.50s
- Epoch 005, ExpID 8290
Train - Loss (one batch): 0.00300
Val - Loss, MSE, RMSE, MAE, MAPE: 0.00326, 0.00326, 0.05711, 0.03610, 9.23%
Test - Best epoch, Loss, MSE, RMSE, MAE, MAPE: 5, 0.00310, 0.00310, 0.05568, 0.03537, 8.17%
Time spent: 2.79s
- Epoch 006, ExpID 8290
Train - Loss (one batch): 0.00275
Val - Loss, MSE, RMSE, MAE, MAPE: 0.00326, 0.00326, 0.05708, 0.03606, 9.18%
Test - Best epoch, Loss, MSE, RMSE, MAE, MAPE: 6, 0.00311, 0.00311, 0.05581, 0.03550, 8.18%
Time spent: 2.76s
- Epoch 007, ExpID 8290
Train - Loss (one batch): 0.00380
Val - Loss, MSE, RMSE, MAE, MAPE: 0.00325, 0.00325, 0.05705, 0.03586, 9.03%
Test - Best epoch, Loss, MSE, RMSE, MAE, MAPE: 7, 0.00310, 0.00310, 0.05571, 0.03521, 8.02%
Time spent: 2.74s
- Epoch 008, ExpID 8290
Train - Loss (one batch): 0.00280
Val - Loss, MSE, RMSE, MAE, MAPE: 0.00332, 0.00332, 0.05761, 0.03701, 9.41%
Test - Best epoch, Loss, MSE, RMSE, MAE, MAPE: 7, 0.00310, 0.00310, 0.05571, 0.03521, 8.02%
Time spent: 2.50s
- Epoch 009, ExpID 8290
Train - Loss (one batch): 0.00293
Val - Loss, MSE, RMSE, MAE, MAPE: 0.00329, 0.00329, 0.05735, 0.03679, 9.12%
Test - Best epoch, Loss, MSE, RMSE, MAE, MAPE: 7, 0.00310, 0.00310, 0.05571, 0.03521, 8.02%
Time spent: 2.47s
- Epoch 010, ExpID 8290
Train - Loss (one batch): 0.00292
Val - Loss, MSE, RMSE, MAE, MAPE: 0.00334, 0.00334, 0.05778, 0.03754, 9.19%
Test - Best epoch, Loss, MSE, RMSE, MAE, MAPE: 7, 0.00310, 0.00310, 0.05571, 0.03521, 8.02%
Time spent: 2.47s
- Epoch 011, ExpID 8290
Train - Loss (one batch): 0.00324
Val - Loss, MSE, RMSE, MAE, MAPE: 0.00364, 0.00364, 0.06034, 0.04203, 9.91%
Test - Best epoch, Loss, MSE, RMSE, MAE, MAPE: 7, 0.00310, 0.00310, 0.05571, 0.03521, 8.02%
Time spent: 2.43s
- Epoch 012, ExpID 8290
Train - Loss (one batch): 0.00221
Val - Loss, MSE, RMSE, MAE, MAPE: 0.00317, 0.00317, 0.05629, 0.03541, 8.77%
Test - Best epoch, Loss, MSE, RMSE, MAE, MAPE: 12, 0.00304, 0.00304, 0.05514, 0.03491, 7.85%
Time spent: 2.77s
- Epoch 013, ExpID 8290
Train - Loss (one batch): 0.00258
Val - Loss, MSE, RMSE, MAE, MAPE: 0.00301, 0.00301, 0.05488, 0.03371, 8.54%
Test - Best epoch, Loss, MSE, RMSE, MAE, MAPE: 13, 0.00289, 0.00289, 0.05376, 0.03329, 7.60%
Time spent: 2.74s
- Epoch 014, ExpID 8290
Train - Loss (one batch): 0.00188
Val - Loss, MSE, RMSE, MAE, MAPE: 0.00300, 0.00300, 0.05475, 0.03347, 8.57%
Test - Best epoch, Loss, MSE, RMSE, MAE, MAPE: 14, 0.00288, 0.00288, 0.05369, 0.03313, 7.64%
Time spent: 2.61s
- Epoch 015, ExpID 8290
Train - Loss (one batch): 0.00217
Val - Loss, MSE, RMSE, MAE, MAPE: 0.00338, 0.00338, 0.05816, 0.03933, 9.38%
Test - Best epoch, Loss, MSE, RMSE, MAE, MAPE: 14, 0.00288, 0.00288, 0.05369, 0.03313, 7.64%
Time spent: 2.47s
- Epoch 016, ExpID 8290
Train - Loss (one batch): 0.00310
Val - Loss, MSE, RMSE, MAE, MAPE: 0.00297, 0.00297, 0.05447, 0.03338, 8.59%
Test - Best epoch, Loss, MSE, RMSE, MAE, MAPE: 16, 0.00285, 0.00285, 0.05342, 0.03297, 7.67%
Time spent: 2.81s
- Epoch 017, ExpID 8290
Train - Loss (one batch): 0.00299
Val - Loss, MSE, RMSE, MAE, MAPE: 0.00302, 0.00302, 0.05495, 0.03384, 8.55%
Test - Best epoch, Loss, MSE, RMSE, MAE, MAPE: 16, 0.00285, 0.00285, 0.05342, 0.03297, 7.67%
Time spent: 2.45s
- Epoch 018, ExpID 8290
Train - Loss (one batch): 0.00259
Val - Loss, MSE, RMSE, MAE, MAPE: 0.00315, 0.00315, 0.05616, 0.03667, 8.87%
Test - Best epoch, Loss, MSE, RMSE, MAE, MAPE: 16, 0.00285, 0.00285, 0.05342, 0.03297, 7.67%
Time spent: 2.48s
- Epoch 019, ExpID 8290
Train - Loss (one batch): 0.00263
Val - Loss, MSE, RMSE, MAE, MAPE: 0.00298, 0.00298, 0.05461, 0.03363, 8.43%
Test - Best epoch, Loss, MSE, RMSE, MAE, MAPE: 16, 0.00285, 0.00285, 0.05342, 0.03297, 7.67%
Time spent: 2.45s
- Epoch 020, ExpID 8290
Train - Loss (one batch): 0.00216
Val - Loss, MSE, RMSE, MAE, MAPE: 0.00297, 0.00297, 0.05454, 0.03379, 8.44%
Test - Best epoch, Loss, MSE, RMSE, MAE, MAPE: 16, 0.00285, 0.00285, 0.05342, 0.03297, 7.67%
Time spent: 2.33s
- Epoch 021, ExpID 8290
Train - Loss (one batch): 0.00302
Val - Loss, MSE, RMSE, MAE, MAPE: 0.00294, 0.00294, 0.05424, 0.03308, 8.43%
Test - Best epoch, Loss, MSE, RMSE, MAE, MAPE: 21, 0.00282, 0.00282, 0.05311, 0.03261, 7.53%
Time spent: 2.59s
- Epoch 022, ExpID 8290
Train - Loss (one batch): 0.00250
Val - Loss, MSE, RMSE, MAE, MAPE: 0.00291, 0.00291, 0.05396, 0.03302, 8.33%
Test - Best epoch, Loss, MSE, RMSE, MAE, MAPE: 22, 0.00280, 0.00280, 0.05296, 0.03265, 7.47%
Time spent: 2.67s
- Epoch 023, ExpID 8290
Train - Loss (one batch): 0.00222
Val - Loss, MSE, RMSE, MAE, MAPE: 0.00305, 0.00305, 0.05520, 0.03526, 8.62%
Test - Best epoch, Loss, MSE, RMSE, MAE, MAPE: 22, 0.00280, 0.00280, 0.05296, 0.03265, 7.47%
Time spent: 2.30s
- Epoch 024, ExpID 8290
Train - Loss (one batch): 0.00218
Val - Loss, MSE, RMSE, MAE, MAPE: 0.00292, 0.00292, 0.05402, 0.03349, 8.44%
Test - Best epoch, Loss, MSE, RMSE, MAE, MAPE: 22, 0.00280, 0.00280, 0.05296, 0.03265, 7.47%
Time spent: 2.32s
- Epoch 025, ExpID 8290
Train - Loss (one batch): 0.00246
Val - Loss, MSE, RMSE, MAE, MAPE: 0.00292, 0.00292, 0.05406, 0.03309, 8.33%
Test - Best epoch, Loss, MSE, RMSE, MAE, MAPE: 22, 0.00280, 0.00280, 0.05296, 0.03265, 7.47%
Time spent: 2.31s
- Epoch 026, ExpID 8290
Train - Loss (one batch): 0.00274
Val - Loss, MSE, RMSE, MAE, MAPE: 0.00300, 0.00300, 0.05478, 0.03480, 8.53%
Test - Best epoch, Loss, MSE, RMSE, MAE, MAPE: 22, 0.00280, 0.00280, 0.05296, 0.03265, 7.47%
Time spent: 2.46s
- Epoch 027, ExpID 8290
Train - Loss (one batch): 0.00236
Val - Loss, MSE, RMSE, MAE, MAPE: 0.00292, 0.00292, 0.05407, 0.03313, 8.42%
Test - Best epoch, Loss, MSE, RMSE, MAE, MAPE: 22, 0.00280, 0.00280, 0.05296, 0.03265, 7.47%
Time spent: 2.35s
- Epoch 028, ExpID 8290
Train - Loss (one batch): 0.00177
Val - Loss, MSE, RMSE, MAE, MAPE: 0.00313, 0.00313, 0.05594, 0.03661, 8.86%
Test - Best epoch, Loss, MSE, RMSE, MAE, MAPE: 22, 0.00280, 0.00280, 0.05296, 0.03265, 7.47%
Time spent: 2.38s
- Epoch 029, ExpID 8290
Train - Loss (one batch): 0.00286
Val - Loss, MSE, RMSE, MAE, MAPE: 0.00292, 0.00292, 0.05401, 0.03338, 8.37%
Test - Best epoch, Loss, MSE, RMSE, MAE, MAPE: 22, 0.00280, 0.00280, 0.05296, 0.03265, 7.47%
Time spent: 2.21s
- Epoch 030, ExpID 8290
Train - Loss (one batch): 0.00377
Val - Loss, MSE, RMSE, MAE, MAPE: 0.00286, 0.00286, 0.05351, 0.03281, 8.33%
Test - Best epoch, Loss, MSE, RMSE, MAE, MAPE: 30, 0.00278, 0.00278, 0.05275, 0.03267, 7.51%
Time spent: 2.70s
- Epoch 031, ExpID 8290
Train - Loss (one batch): 0.00273
Val - Loss, MSE, RMSE, MAE, MAPE: 0.00304, 0.00304, 0.05518, 0.03496, 8.59%
Test - Best epoch, Loss, MSE, RMSE, MAE, MAPE: 30, 0.00278, 0.00278, 0.05275, 0.03267, 7.51%
Time spent: 2.46s
- Epoch 032, ExpID 8290
Train - Loss (one batch): 0.00208
Val - Loss, MSE, RMSE, MAE, MAPE: 0.00288, 0.00288, 0.05365, 0.03282, 8.23%
Test - Best epoch, Loss, MSE, RMSE, MAE, MAPE: 30, 0.00278, 0.00278, 0.05275, 0.03267, 7.51%
Time spent: 2.45s
- Epoch 033, ExpID 8290
Train - Loss (one batch): 0.00248
Val - Loss, MSE, RMSE, MAE, MAPE: 0.00295, 0.00295, 0.05429, 0.03373, 8.40%
Test - Best epoch, Loss, MSE, RMSE, MAE, MAPE: 30, 0.00278, 0.00278, 0.05275, 0.03267, 7.51%
Time spent: 2.45s
- Epoch 034, ExpID 8290
Train - Loss (one batch): 0.00335
Val - Loss, MSE, RMSE, MAE, MAPE: 0.00323, 0.00323, 0.05679, 0.03840, 9.14%
Test - Best epoch, Loss, MSE, RMSE, MAE, MAPE: 30, 0.00278, 0.00278, 0.05275, 0.03267, 7.51%
Time spent: 2.46s
- Epoch 035, ExpID 8290
Train - Loss (one batch): 0.00187
Val - Loss, MSE, RMSE, MAE, MAPE: 0.00344, 0.00344, 0.05864, 0.04079, 9.51%
Test - Best epoch, Loss, MSE, RMSE, MAE, MAPE: 30, 0.00278, 0.00278, 0.05275, 0.03267, 7.51%
Time spent: 2.46s
- Epoch 036, ExpID 8290
Train - Loss (one batch): 0.00290
Val - Loss, MSE, RMSE, MAE, MAPE: 0.00281, 0.00281, 0.05297, 0.03215, 8.31%
Test - Best epoch, Loss, MSE, RMSE, MAE, MAPE: 36, 0.00274, 0.00274, 0.05235, 0.03218, 7.47%
Time spent: 2.74s
- Epoch 037, ExpID 8290
Train - Loss (one batch): 0.00259
Val - Loss, MSE, RMSE, MAE, MAPE: 0.00308, 0.00308, 0.05546, 0.03615, 8.77%
Test - Best epoch, Loss, MSE, RMSE, MAE, MAPE: 36, 0.00274, 0.00274, 0.05235, 0.03218, 7.47%
Time spent: 2.50s
- Epoch 038, ExpID 8290
Train - Loss (one batch): 0.00200
Val - Loss, MSE, RMSE, MAE, MAPE: 0.00290, 0.00290, 0.05387, 0.03371, 8.35%
Test - Best epoch, Loss, MSE, RMSE, MAE, MAPE: 36, 0.00274, 0.00274, 0.05235, 0.03218, 7.47%
Time spent: 2.51s
- Epoch 039, ExpID 8290
Train - Loss (one batch): 0.00235
Val - Loss, MSE, RMSE, MAE, MAPE: 0.00296, 0.00296, 0.05437, 0.03471, 8.55%
Test - Best epoch, Loss, MSE, RMSE, MAE, MAPE: 36, 0.00274, 0.00274, 0.05235, 0.03218, 7.47%
Time spent: 2.53s
- Epoch 040, ExpID 8290
Train - Loss (one batch): 0.00259
Val - Loss, MSE, RMSE, MAE, MAPE: 0.00301, 0.00301, 0.05482, 0.03432, 8.55%
Test - Best epoch, Loss, MSE, RMSE, MAE, MAPE: 36, 0.00274, 0.00274, 0.05235, 0.03218, 7.47%
Time spent: 2.53s
- Epoch 041, ExpID 8290
Train - Loss (one batch): 0.00167
Val - Loss, MSE, RMSE, MAE, MAPE: 0.00282, 0.00282, 0.05315, 0.03257, 8.27%
Test - Best epoch, Loss, MSE, RMSE, MAE, MAPE: 36, 0.00274, 0.00274, 0.05235, 0.03218, 7.47%
Time spent: 2.45s
- Epoch 042, ExpID 8290
Train - Loss (one batch): 0.00254
Val - Loss, MSE, RMSE, MAE, MAPE: 0.00294, 0.00294, 0.05418, 0.03490, 8.62%
Test - Best epoch, Loss, MSE, RMSE, MAE, MAPE: 36, 0.00274, 0.00274, 0.05235, 0.03218, 7.47%
Time spent: 2.41s
- Epoch 043, ExpID 8290
Train - Loss (one batch): 0.00420
Val - Loss, MSE, RMSE, MAE, MAPE: 0.00321, 0.00321, 0.05662, 0.03798, 9.03%
Test - Best epoch, Loss, MSE, RMSE, MAE, MAPE: 36, 0.00274, 0.00274, 0.05235, 0.03218, 7.47%
Time spent: 2.45s
- Epoch 044, ExpID 8290
Train - Loss (one batch): 0.00254
Val - Loss, MSE, RMSE, MAE, MAPE: 0.00291, 0.00291, 0.05397, 0.03320, 8.35%
Test - Best epoch, Loss, MSE, RMSE, MAE, MAPE: 36, 0.00274, 0.00274, 0.05235, 0.03218, 7.47%
Time spent: 2.47s
- Epoch 045, ExpID 8290
Train - Loss (one batch): 0.00227
Val - Loss, MSE, RMSE, MAE, MAPE: 0.00280, 0.00280, 0.05294, 0.03255, 8.34%
Test - Best epoch, Loss, MSE, RMSE, MAE, MAPE: 45, 0.00275, 0.00275, 0.05248, 0.03272, 7.56%
Time spent: 2.80s
- Epoch 046, ExpID 8290
Train - Loss (one batch): 0.00201
Val - Loss, MSE, RMSE, MAE, MAPE: 0.00293, 0.00293, 0.05415, 0.03495, 8.63%
Test - Best epoch, Loss, MSE, RMSE, MAE, MAPE: 45, 0.00275, 0.00275, 0.05248, 0.03272, 7.56%
Time spent: 2.51s
- Epoch 047, ExpID 8290
Train - Loss (one batch): 0.00266
Val - Loss, MSE, RMSE, MAE, MAPE: 0.00291, 0.00291, 0.05396, 0.03446, 8.61%
Test - Best epoch, Loss, MSE, RMSE, MAE, MAPE: 45, 0.00275, 0.00275, 0.05248, 0.03272, 7.56%
Time spent: 2.39s
- Epoch 048, ExpID 8290
Train - Loss (one batch): 0.00331
Val - Loss, MSE, RMSE, MAE, MAPE: 0.00303, 0.00303, 0.05501, 0.03610, 8.68%
Test - Best epoch, Loss, MSE, RMSE, MAE, MAPE: 45, 0.00275, 0.00275, 0.05248, 0.03272, 7.56%
Time spent: 2.26s
- Epoch 049, ExpID 8290
Train - Loss (one batch): 0.00281
Val - Loss, MSE, RMSE, MAE, MAPE: 0.00285, 0.00285, 0.05338, 0.03300, 8.21%
Test - Best epoch, Loss, MSE, RMSE, MAE, MAPE: 45, 0.00275, 0.00275, 0.05248, 0.03272, 7.56%
Time spent: 2.34s
- Epoch 050, ExpID 8290
Train - Loss (one batch): 0.00198
Val - Loss, MSE, RMSE, MAE, MAPE: 0.00277, 0.00277, 0.05267, 0.03212, 8.18%
Test - Best epoch, Loss, MSE, RMSE, MAE, MAPE: 50, 0.00273, 0.00273, 0.05225, 0.03232, 7.41%
Time spent: 2.63s
- Epoch 051, ExpID 8290
Train - Loss (one batch): 0.00252
Val - Loss, MSE, RMSE, MAE, MAPE: 0.00289, 0.00289, 0.05380, 0.03440, 8.53%
Test - Best epoch, Loss, MSE, RMSE, MAE, MAPE: 50, 0.00273, 0.00273, 0.05225, 0.03232, 7.41%
Time spent: 2.49s
- Epoch 052, ExpID 8290
Train - Loss (one batch): 0.00306
Val - Loss, MSE, RMSE, MAE, MAPE: 0.00280, 0.00280, 0.05288, 0.03244, 8.23%
Test - Best epoch, Loss, MSE, RMSE, MAE, MAPE: 50, 0.00273, 0.00273, 0.05225, 0.03232, 7.41%
Time spent: 2.51s
- Epoch 053, ExpID 8290
Train - Loss (one batch): 0.00210
Val - Loss, MSE, RMSE, MAE, MAPE: 0.00304, 0.00304, 0.05511, 0.03623, 8.75%
Test - Best epoch, Loss, MSE, RMSE, MAE, MAPE: 50, 0.00273, 0.00273, 0.05225, 0.03232, 7.41%
Time spent: 2.57s
- Epoch 054, ExpID 8290
Train - Loss (one batch): 0.00234
Val - Loss, MSE, RMSE, MAE, MAPE: 0.00278, 0.00278, 0.05277, 0.03205, 8.25%
Test - Best epoch, Loss, MSE, RMSE, MAE, MAPE: 50, 0.00273, 0.00273, 0.05225, 0.03232, 7.41%
Time spent: 2.26s
- Epoch 055, ExpID 8290
Train - Loss (one batch): 0.00228
Val - Loss, MSE, RMSE, MAE, MAPE: 0.00300, 0.00300, 0.05474, 0.03539, 8.69%
Test - Best epoch, Loss, MSE, RMSE, MAE, MAPE: 50, 0.00273, 0.00273, 0.05225, 0.03232, 7.41%
Time spent: 2.23s
- Epoch 056, ExpID 8290
Train - Loss (one batch): 0.00189
Val - Loss, MSE, RMSE, MAE, MAPE: 0.00283, 0.00283, 0.05315, 0.03307, 8.34%
Test - Best epoch, Loss, MSE, RMSE, MAE, MAPE: 50, 0.00273, 0.00273, 0.05225, 0.03232, 7.41%
Time spent: 2.20s
- Epoch 057, ExpID 8290
Train - Loss (one batch): 0.00213
Val - Loss, MSE, RMSE, MAE, MAPE: 0.00281, 0.00281, 0.05302, 0.03298, 8.20%
Test - Best epoch, Loss, MSE, RMSE, MAE, MAPE: 50, 0.00273, 0.00273, 0.05225, 0.03232, 7.41%
Time spent: 2.26s
- Epoch 058, ExpID 8290
Train - Loss (one batch): 0.00187
Val - Loss, MSE, RMSE, MAE, MAPE: 0.00326, 0.00326, 0.05713, 0.03897, 9.12%
Test - Best epoch, Loss, MSE, RMSE, MAE, MAPE: 50, 0.00273, 0.00273, 0.05225, 0.03232, 7.41%
Time spent: 2.43s
- Epoch 059, ExpID 8290
Train - Loss (one batch): 0.00224
Val - Loss, MSE, RMSE, MAE, MAPE: 0.00296, 0.00296, 0.05439, 0.03521, 8.69%
Test - Best epoch, Loss, MSE, RMSE, MAE, MAPE: 50, 0.00273, 0.00273, 0.05225, 0.03232, 7.41%
Time spent: 2.46s
- Epoch 060, ExpID 8290
Train - Loss (one batch): 0.00372
Val - Loss, MSE, RMSE, MAE, MAPE: 0.00296, 0.00296, 0.05439, 0.03477, 8.51%
Test - Best epoch, Loss, MSE, RMSE, MAE, MAPE: 50, 0.00273, 0.00273, 0.05225, 0.03232, 7.41%
Time spent: 2.41s
/home/ouass/Test/MSP-IMTS/tPatchGNN/run_models.py
2026-03-14 15:12:45
run_models.py --dataset activity --state def --history 3000 --batch_size 32 --lr 1e-3 --nhead 1 --patience 10 --tf_layer 1 --nlayer 1 --te_dim 10 --node_dim 10 --hid_dim 34 --outlayer Linear --seed 4 --gpu 0 --multi_scales 500,1000,2000 --multi_strides 500,1000,2000 --metric per_dim --fusion gated
Namespace(multi_scales='500,1000,2000', multi_strides='500,1000,2000', fusion='gated', state='def', n=100000000, hop=1, nhead=1, tf_layer=1, nlayer=1, epoch=1000, patience=10, history=3000, patch_size=24, stride=24, logmode='a', lr=0.001, w_decay=0.0, batch_size=32, save='experiments/', load=None, seed=4, dataset='activity', quantization=0.0, model='tPatchGNN', outlayer='Linear', hid_dim=34, te_dim=10, node_dim=10, gpu='0', metric='per_dim', npatch=125, device=device(type='cuda'), PID=3159940, pred_window=1000, ndim=12)
- Epoch 000, ExpID 60512
Train - Loss (one batch): 0.00333
Val - Loss, MSE, RMSE, MAE, MAPE: 0.00414, 0.00414, 0.06434, 0.04260, 10.73%
Test - Best epoch, Loss, MSE, RMSE, MAE, MAPE: 0, 0.00383, 0.00383, 0.06192, 0.04081, 9.38%
Time spent: 2.61s
- Epoch 001, ExpID 60512
Train - Loss (one batch): 0.00305
Val - Loss, MSE, RMSE, MAE, MAPE: 0.00341, 0.00341, 0.05843, 0.03679, 9.19%
Test - Best epoch, Loss, MSE, RMSE, MAE, MAPE: 1, 0.00322, 0.00322, 0.05677, 0.03578, 8.11%
Time spent: 2.50s
- Epoch 002, ExpID 60512
Train - Loss (one batch): 0.00305
Val - Loss, MSE, RMSE, MAE, MAPE: 0.00369, 0.00369, 0.06075, 0.04206, 10.76%
Test - Best epoch, Loss, MSE, RMSE, MAE, MAPE: 1, 0.00322, 0.00322, 0.05677, 0.03578, 8.11%
Time spent: 2.32s
- Epoch 003, ExpID 60512
Train - Loss (one batch): 0.00307
Val - Loss, MSE, RMSE, MAE, MAPE: 0.00306, 0.00306, 0.05528, 0.03424, 8.92%
Test - Best epoch, Loss, MSE, RMSE, MAE, MAPE: 3, 0.00294, 0.00294, 0.05419, 0.03382, 7.91%
Time spent: 2.76s
- Epoch 004, ExpID 60512
Train - Loss (one batch): 0.00280
Val - Loss, MSE, RMSE, MAE, MAPE: 0.00326, 0.00326, 0.05713, 0.03703, 9.43%
Test - Best epoch, Loss, MSE, RMSE, MAE, MAPE: 3, 0.00294, 0.00294, 0.05419, 0.03382, 7.91%
Time spent: 2.55s
- Epoch 005, ExpID 60512
Train - Loss (one batch): 0.00235
Val - Loss, MSE, RMSE, MAE, MAPE: 0.00328, 0.00328, 0.05723, 0.03781, 9.83%
Test - Best epoch, Loss, MSE, RMSE, MAE, MAPE: 3, 0.00294, 0.00294, 0.05419, 0.03382, 7.91%
Time spent: 2.55s
- Epoch 006, ExpID 60512
Train - Loss (one batch): 0.00307
Val - Loss, MSE, RMSE, MAE, MAPE: 0.00295, 0.00295, 0.05429, 0.03279, 8.42%
Test - Best epoch, Loss, MSE, RMSE, MAE, MAPE: 6, 0.00282, 0.00282, 0.05311, 0.03232, 7.45%
Time spent: 2.81s
- Epoch 007, ExpID 60512
Train - Loss (one batch): 0.00261
Val - Loss, MSE, RMSE, MAE, MAPE: 0.00332, 0.00332, 0.05765, 0.03828, 9.75%
Test - Best epoch, Loss, MSE, RMSE, MAE, MAPE: 6, 0.00282, 0.00282, 0.05311, 0.03232, 7.45%
Time spent: 2.48s
- Epoch 008, ExpID 60512
Train - Loss (one batch): 0.00276
Val - Loss, MSE, RMSE, MAE, MAPE: 0.00313, 0.00313, 0.05595, 0.03588, 9.35%
Test - Best epoch, Loss, MSE, RMSE, MAE, MAPE: 6, 0.00282, 0.00282, 0.05311, 0.03232, 7.45%
Time spent: 2.48s
- Epoch 009, ExpID 60512
Train - Loss (one batch): 0.00250
Val - Loss, MSE, RMSE, MAE, MAPE: 0.00324, 0.00324, 0.05690, 0.03772, 10.09%
Test - Best epoch, Loss, MSE, RMSE, MAE, MAPE: 6, 0.00282, 0.00282, 0.05311, 0.03232, 7.45%
Time spent: 2.46s
- Epoch 010, ExpID 60512
Train - Loss (one batch): 0.00286
Val - Loss, MSE, RMSE, MAE, MAPE: 0.00299, 0.00299, 0.05467, 0.03358, 8.60%
Test - Best epoch, Loss, MSE, RMSE, MAE, MAPE: 6, 0.00282, 0.00282, 0.05311, 0.03232, 7.45%
Time spent: 2.49s
- Epoch 011, ExpID 60512
Train - Loss (one batch): 0.00256
Val - Loss, MSE, RMSE, MAE, MAPE: 0.00300, 0.00300, 0.05475, 0.03384, 8.74%
Test - Best epoch, Loss, MSE, RMSE, MAE, MAPE: 6, 0.00282, 0.00282, 0.05311, 0.03232, 7.45%
Time spent: 2.47s
- Epoch 012, ExpID 60512
Train - Loss (one batch): 0.00265
Val - Loss, MSE, RMSE, MAE, MAPE: 0.00373, 0.00373, 0.06106, 0.04357, 11.12%
Test - Best epoch, Loss, MSE, RMSE, MAE, MAPE: 6, 0.00282, 0.00282, 0.05311, 0.03232, 7.45%
Time spent: 2.47s
- Epoch 013, ExpID 60512
Train - Loss (one batch): 0.00245
Val - Loss, MSE, RMSE, MAE, MAPE: 0.00331, 0.00331, 0.05756, 0.03850, 9.76%
Test - Best epoch, Loss, MSE, RMSE, MAE, MAPE: 6, 0.00282, 0.00282, 0.05311, 0.03232, 7.45%
Time spent: 2.47s
- Epoch 014, ExpID 60512
Train - Loss (one batch): 0.00293
Val - Loss, MSE, RMSE, MAE, MAPE: 0.00296, 0.00296, 0.05445, 0.03403, 9.05%
Test - Best epoch, Loss, MSE, RMSE, MAE, MAPE: 6, 0.00282, 0.00282, 0.05311, 0.03232, 7.45%
Time spent: 2.52s
- Epoch 015, ExpID 60512
Train - Loss (one batch): 0.00446
Val - Loss, MSE, RMSE, MAE, MAPE: 0.00311, 0.00311, 0.05579, 0.03625, 9.57%
Test - Best epoch, Loss, MSE, RMSE, MAE, MAPE: 6, 0.00282, 0.00282, 0.05311, 0.03232, 7.45%
Time spent: 2.46s
- Epoch 016, ExpID 60512
Train - Loss (one batch): 0.00304
Val - Loss, MSE, RMSE, MAE, MAPE: 0.00293, 0.00293, 0.05412, 0.03314, 8.47%
Test - Best epoch, Loss, MSE, RMSE, MAE, MAPE: 16, 0.00281, 0.00281, 0.05298, 0.03266, 7.53%
Time spent: 2.72s
- Epoch 017, ExpID 60512
Train - Loss (one batch): 0.00221
Val - Loss, MSE, RMSE, MAE, MAPE: 0.00288, 0.00288, 0.05369, 0.03264, 8.48%
Test - Best epoch, Loss, MSE, RMSE, MAE, MAPE: 17, 0.00277, 0.00277, 0.05267, 0.03239, 7.55%
Time spent: 2.78s
- Epoch 018, ExpID 60512
Train - Loss (one batch): 0.00194
Val - Loss, MSE, RMSE, MAE, MAPE: 0.00302, 0.00302, 0.05498, 0.03507, 9.13%
Test - Best epoch, Loss, MSE, RMSE, MAE, MAPE: 17, 0.00277, 0.00277, 0.05267, 0.03239, 7.55%
Time spent: 2.44s
- Epoch 019, ExpID 60512
Train - Loss (one batch): 0.00299
Val - Loss, MSE, RMSE, MAE, MAPE: 0.00300, 0.00300, 0.05480, 0.03470, 9.00%
Test - Best epoch, Loss, MSE, RMSE, MAE, MAPE: 17, 0.00277, 0.00277, 0.05267, 0.03239, 7.55%
Time spent: 2.51s
- Epoch 020, ExpID 60512
Train - Loss (one batch): 0.00305
Val - Loss, MSE, RMSE, MAE, MAPE: 0.00286, 0.00286, 0.05350, 0.03269, 8.56%
Test - Best epoch, Loss, MSE, RMSE, MAE, MAPE: 20, 0.00275, 0.00275, 0.05246, 0.03230, 7.56%
Time spent: 2.76s
- Epoch 021, ExpID 60512
Train - Loss (one batch): 0.00223
Val - Loss, MSE, RMSE, MAE, MAPE: 0.00283, 0.00283, 0.05319, 0.03230, 8.38%
Test - Best epoch, Loss, MSE, RMSE, MAE, MAPE: 21, 0.00273, 0.00273, 0.05225, 0.03202, 7.46%
Time spent: 2.80s
- Epoch 022, ExpID 60512
Train - Loss (one batch): 0.00209
Val - Loss, MSE, RMSE, MAE, MAPE: 0.00288, 0.00288, 0.05365, 0.03306, 8.38%
Test - Best epoch, Loss, MSE, RMSE, MAE, MAPE: 21, 0.00273, 0.00273, 0.05225, 0.03202, 7.46%
Time spent: 2.48s
- Epoch 023, ExpID 60512
Train - Loss (one batch): 0.00238
Val - Loss, MSE, RMSE, MAE, MAPE: 0.00301, 0.00301, 0.05484, 0.03508, 9.12%
Test - Best epoch, Loss, MSE, RMSE, MAE, MAPE: 21, 0.00273, 0.00273, 0.05225, 0.03202, 7.46%
Time spent: 2.48s
- Epoch 024, ExpID 60512
Train - Loss (one batch): 0.00346
Val - Loss, MSE, RMSE, MAE, MAPE: 0.00287, 0.00287, 0.05353, 0.03335, 8.77%
Test - Best epoch, Loss, MSE, RMSE, MAE, MAPE: 21, 0.00273, 0.00273, 0.05225, 0.03202, 7.46%
Time spent: 2.50s
- Epoch 025, ExpID 60512
Train - Loss (one batch): 0.00155
Val - Loss, MSE, RMSE, MAE, MAPE: 0.00306, 0.00306, 0.05532, 0.03582, 9.18%
Test - Best epoch, Loss, MSE, RMSE, MAE, MAPE: 21, 0.00273, 0.00273, 0.05225, 0.03202, 7.46%
Time spent: 2.48s
- Epoch 026, ExpID 60512
Train - Loss (one batch): 0.00224
Val - Loss, MSE, RMSE, MAE, MAPE: 0.00285, 0.00285, 0.05342, 0.03290, 8.60%
Test - Best epoch, Loss, MSE, RMSE, MAE, MAPE: 21, 0.00273, 0.00273, 0.05225, 0.03202, 7.46%
Time spent: 2.51s
- Epoch 027, ExpID 60512
Train - Loss (one batch): 0.00217
Val - Loss, MSE, RMSE, MAE, MAPE: 0.00301, 0.00301, 0.05486, 0.03579, 8.92%
Test - Best epoch, Loss, MSE, RMSE, MAE, MAPE: 21, 0.00273, 0.00273, 0.05225, 0.03202, 7.46%
Time spent: 2.49s
- Epoch 028, ExpID 60512
Train - Loss (one batch): 0.00298
Val - Loss, MSE, RMSE, MAE, MAPE: 0.00280, 0.00280, 0.05292, 0.03235, 8.24%
Test - Best epoch, Loss, MSE, RMSE, MAE, MAPE: 28, 0.00272, 0.00272, 0.05212, 0.03214, 7.36%
Time spent: 2.77s
- Epoch 029, ExpID 60512
Train - Loss (one batch): 0.00314
Val - Loss, MSE, RMSE, MAE, MAPE: 0.00294, 0.00294, 0.05426, 0.03450, 8.98%
Test - Best epoch, Loss, MSE, RMSE, MAE, MAPE: 28, 0.00272, 0.00272, 0.05212, 0.03214, 7.36%
Time spent: 2.47s
- Epoch 030, ExpID 60512
Train - Loss (one batch): 0.00247
Val - Loss, MSE, RMSE, MAE, MAPE: 0.00281, 0.00281, 0.05303, 0.03240, 8.37%
Test - Best epoch, Loss, MSE, RMSE, MAE, MAPE: 28, 0.00272, 0.00272, 0.05212, 0.03214, 7.36%
Time spent: 2.43s
- Epoch 031, ExpID 60512
Train - Loss (one batch): 0.00265
Val - Loss, MSE, RMSE, MAE, MAPE: 0.00298, 0.00298, 0.05463, 0.03525, 9.30%
Test - Best epoch, Loss, MSE, RMSE, MAE, MAPE: 28, 0.00272, 0.00272, 0.05212, 0.03214, 7.36%
Time spent: 2.33s
- Epoch 032, ExpID 60512
Train - Loss (one batch): 0.00241
Val - Loss, MSE, RMSE, MAE, MAPE: 0.00295, 0.00295, 0.05435, 0.03476, 8.94%
Test - Best epoch, Loss, MSE, RMSE, MAE, MAPE: 28, 0.00272, 0.00272, 0.05212, 0.03214, 7.36%
Time spent: 2.23s
- Epoch 033, ExpID 60512
Train - Loss (one batch): 0.00289
Val - Loss, MSE, RMSE, MAE, MAPE: 0.00281, 0.00281, 0.05298, 0.03254, 8.42%
Test - Best epoch, Loss, MSE, RMSE, MAE, MAPE: 28, 0.00272, 0.00272, 0.05212, 0.03214, 7.36%
Time spent: 2.23s
- Epoch 034, ExpID 60512
Train - Loss (one batch): 0.00219
Val - Loss, MSE, RMSE, MAE, MAPE: 0.00301, 0.00301, 0.05483, 0.03551, 9.33%
Test - Best epoch, Loss, MSE, RMSE, MAE, MAPE: 28, 0.00272, 0.00272, 0.05212, 0.03214, 7.36%
Time spent: 2.42s
- Epoch 035, ExpID 60512
Train - Loss (one batch): 0.00166
Val - Loss, MSE, RMSE, MAE, MAPE: 0.00275, 0.00275, 0.05246, 0.03163, 8.12%
Test - Best epoch, Loss, MSE, RMSE, MAE, MAPE: 35, 0.00268, 0.00268, 0.05178, 0.03173, 7.31%
Time spent: 2.78s
- Epoch 036, ExpID 60512
Train - Loss (one batch): 0.00262
Val - Loss, MSE, RMSE, MAE, MAPE: 0.00278, 0.00278, 0.05274, 0.03233, 8.19%
Test - Best epoch, Loss, MSE, RMSE, MAE, MAPE: 35, 0.00268, 0.00268, 0.05178, 0.03173, 7.31%
Time spent: 2.50s
- Epoch 037, ExpID 60512
Train - Loss (one batch): 0.00181
Val - Loss, MSE, RMSE, MAE, MAPE: 0.00276, 0.00276, 0.05250, 0.03178, 8.11%
Test - Best epoch, Loss, MSE, RMSE, MAE, MAPE: 35, 0.00268, 0.00268, 0.05178, 0.03173, 7.31%
Time spent: 2.48s
- Epoch 038, ExpID 60512
Train - Loss (one batch): 0.00200
Val - Loss, MSE, RMSE, MAE, MAPE: 0.00285, 0.00285, 0.05334, 0.03351, 8.89%
Test - Best epoch, Loss, MSE, RMSE, MAE, MAPE: 35, 0.00268, 0.00268, 0.05178, 0.03173, 7.31%
Time spent: 2.48s
- Epoch 039, ExpID 60512
Train - Loss (one batch): 0.00187
Val - Loss, MSE, RMSE, MAE, MAPE: 0.00275, 0.00275, 0.05243, 0.03180, 8.25%
Test - Best epoch, Loss, MSE, RMSE, MAE, MAPE: 39, 0.00267, 0.00267, 0.05164, 0.03170, 7.39%
Time spent: 2.60s
- Epoch 040, ExpID 60512
Train - Loss (one batch): 0.00181
Val - Loss, MSE, RMSE, MAE, MAPE: 0.00276, 0.00276, 0.05254, 0.03181, 8.10%
Test - Best epoch, Loss, MSE, RMSE, MAE, MAPE: 39, 0.00267, 0.00267, 0.05164, 0.03170, 7.39%
Time spent: 2.34s
- Epoch 041, ExpID 60512
Train - Loss (one batch): 0.00227
Val - Loss, MSE, RMSE, MAE, MAPE: 0.00283, 0.00283, 0.05321, 0.03307, 8.23%
Test - Best epoch, Loss, MSE, RMSE, MAE, MAPE: 39, 0.00267, 0.00267, 0.05164, 0.03170, 7.39%
Time spent: 2.29s
- Epoch 042, ExpID 60512
Train - Loss (one batch): 0.00255
Val - Loss, MSE, RMSE, MAE, MAPE: 0.00273, 0.00273, 0.05229, 0.03160, 8.10%
Test - Best epoch, Loss, MSE, RMSE, MAE, MAPE: 42, 0.00266, 0.00266, 0.05157, 0.03163, 7.28%
Time spent: 2.77s
- Epoch 043, ExpID 60512
Train - Loss (one batch): 0.00253
Val - Loss, MSE, RMSE, MAE, MAPE: 0.00274, 0.00274, 0.05236, 0.03172, 8.26%
Test - Best epoch, Loss, MSE, RMSE, MAE, MAPE: 42, 0.00266, 0.00266, 0.05157, 0.03163, 7.28%
Time spent: 2.21s
- Epoch 044, ExpID 60512
Train - Loss (one batch): 0.00365
Val - Loss, MSE, RMSE, MAE, MAPE: 0.00272, 0.00272, 0.05217, 0.03161, 8.12%
Test - Best epoch, Loss, MSE, RMSE, MAE, MAPE: 44, 0.00265, 0.00265, 0.05147, 0.03164, 7.31%
Time spent: 2.54s
- Epoch 045, ExpID 60512
Train - Loss (one batch): 0.00283
Val - Loss, MSE, RMSE, MAE, MAPE: 0.00273, 0.00273, 0.05229, 0.03152, 8.15%
Test - Best epoch, Loss, MSE, RMSE, MAE, MAPE: 44, 0.00265, 0.00265, 0.05147, 0.03164, 7.31%
Time spent: 2.37s
- Epoch 046, ExpID 60512
Train - Loss (one batch): 0.00253
Val - Loss, MSE, RMSE, MAE, MAPE: 0.00289, 0.00289, 0.05376, 0.03441, 8.71%
Test - Best epoch, Loss, MSE, RMSE, MAE, MAPE: 44, 0.00265, 0.00265, 0.05147, 0.03164, 7.31%
Time spent: 2.52s
- Epoch 047, ExpID 60512
Train - Loss (one batch): 0.00226
Val - Loss, MSE, RMSE, MAE, MAPE: 0.00274, 0.00274, 0.05238, 0.03213, 8.36%
Test - Best epoch, Loss, MSE, RMSE, MAE, MAPE: 44, 0.00265, 0.00265, 0.05147, 0.03164, 7.31%
Time spent: 2.52s
- Epoch 048, ExpID 60512
Train - Loss (one batch): 0.00289
Val - Loss, MSE, RMSE, MAE, MAPE: 0.00280, 0.00280, 0.05294, 0.03258, 8.39%
Test - Best epoch, Loss, MSE, RMSE, MAE, MAPE: 44, 0.00265, 0.00265, 0.05147, 0.03164, 7.31%
Time spent: 2.49s
- Epoch 049, ExpID 60512
Train - Loss (one batch): 0.00241
Val - Loss, MSE, RMSE, MAE, MAPE: 0.00283, 0.00283, 0.05319, 0.03322, 8.53%
Test - Best epoch, Loss, MSE, RMSE, MAE, MAPE: 44, 0.00265, 0.00265, 0.05147, 0.03164, 7.31%
Time spent: 2.50s
- Epoch 050, ExpID 60512
Train - Loss (one batch): 0.00317
Val - Loss, MSE, RMSE, MAE, MAPE: 0.00277, 0.00277, 0.05258, 0.03231, 8.11%
Test - Best epoch, Loss, MSE, RMSE, MAE, MAPE: 44, 0.00265, 0.00265, 0.05147, 0.03164, 7.31%
Time spent: 2.30s
- Epoch 051, ExpID 60512
Train - Loss (one batch): 0.00239
Val - Loss, MSE, RMSE, MAE, MAPE: 0.00274, 0.00274, 0.05232, 0.03190, 8.19%
Test - Best epoch, Loss, MSE, RMSE, MAE, MAPE: 44, 0.00265, 0.00265, 0.05147, 0.03164, 7.31%
Time spent: 2.41s
- Epoch 052, ExpID 60512
Train - Loss (one batch): 0.00262
Val - Loss, MSE, RMSE, MAE, MAPE: 0.00273, 0.00273, 0.05225, 0.03205, 8.27%
Test - Best epoch, Loss, MSE, RMSE, MAE, MAPE: 44, 0.00265, 0.00265, 0.05147, 0.03164, 7.31%
Time spent: 2.56s
- Epoch 053, ExpID 60512
Train - Loss (one batch): 0.00267
Val - Loss, MSE, RMSE, MAE, MAPE: 0.00274, 0.00274, 0.05234, 0.03162, 8.09%
Test - Best epoch, Loss, MSE, RMSE, MAE, MAPE: 44, 0.00265, 0.00265, 0.05147, 0.03164, 7.31%
Time spent: 2.55s
- Epoch 054, ExpID 60512
Train - Loss (one batch): 0.00207
Val - Loss, MSE, RMSE, MAE, MAPE: 0.00275, 0.00275, 0.05248, 0.03214, 8.29%
Test - Best epoch, Loss, MSE, RMSE, MAE, MAPE: 44, 0.00265, 0.00265, 0.05147, 0.03164, 7.31%
Time spent: 2.51s
/home/ouass/Test/MSP-IMTS/tPatchGNN/run_models.py
2026-03-14 15:15:20
run_models.py --dataset activity --state def --history 3000 --batch_size 32 --lr 1e-3 --nhead 1 --patience 10 --tf_layer 1 --nlayer 1 --te_dim 10 --node_dim 10 --hid_dim 34 --outlayer Linear --seed 5 --gpu 0 --multi_scales 500,1000,2000 --multi_strides 500,1000,2000 --metric per_dim --fusion gated
Namespace(multi_scales='500,1000,2000', multi_strides='500,1000,2000', fusion='gated', state='def', n=100000000, hop=1, nhead=1, tf_layer=1, nlayer=1, epoch=1000, patience=10, history=3000, patch_size=24, stride=24, logmode='a', lr=0.001, w_decay=0.0, batch_size=32, save='experiments/', load=None, seed=5, dataset='activity', quantization=0.0, model='tPatchGNN', outlayer='Linear', hid_dim=34, te_dim=10, node_dim=10, gpu='0', metric='per_dim', npatch=125, device=device(type='cuda'), PID=3160042, pred_window=1000, ndim=12)
- Epoch 000, ExpID 16722
Train - Loss (one batch): 0.00486
Val - Loss, MSE, RMSE, MAE, MAPE: 0.00437, 0.00437, 0.06608, 0.04568, 12.18%
Test - Best epoch, Loss, MSE, RMSE, MAE, MAPE: 0, 0.00411, 0.00411, 0.06408, 0.04418, 10.56%
Time spent: 2.48s
- Epoch 001, ExpID 16722
Train - Loss (one batch): 0.00358
Val - Loss, MSE, RMSE, MAE, MAPE: 0.00390, 0.00390, 0.06247, 0.04208, 10.95%
Test - Best epoch, Loss, MSE, RMSE, MAE, MAPE: 1, 0.00369, 0.00369, 0.06077, 0.04092, 9.65%
Time spent: 2.38s
- Epoch 002, ExpID 16722
Train - Loss (one batch): 0.00331
Val - Loss, MSE, RMSE, MAE, MAPE: 0.00413, 0.00413, 0.06424, 0.04559, 11.87%
Test - Best epoch, Loss, MSE, RMSE, MAE, MAPE: 1, 0.00369, 0.00369, 0.06077, 0.04092, 9.65%
Time spent: 2.30s
- Epoch 003, ExpID 16722
Train - Loss (one batch): 0.00367
Val - Loss, MSE, RMSE, MAE, MAPE: 0.00322, 0.00322, 0.05674, 0.03533, 8.77%
Test - Best epoch, Loss, MSE, RMSE, MAE, MAPE: 3, 0.00305, 0.00305, 0.05522, 0.03442, 7.77%
Time spent: 2.73s
- Epoch 004, ExpID 16722
Train - Loss (one batch): 0.00288
Val - Loss, MSE, RMSE, MAE, MAPE: 0.00305, 0.00305, 0.05521, 0.03388, 8.72%
Test - Best epoch, Loss, MSE, RMSE, MAE, MAPE: 4, 0.00291, 0.00291, 0.05390, 0.03331, 7.71%
Time spent: 2.73s
- Epoch 005, ExpID 16722
Train - Loss (one batch): 0.00352
Val - Loss, MSE, RMSE, MAE, MAPE: 0.00315, 0.00315, 0.05609, 0.03534, 9.12%
Test - Best epoch, Loss, MSE, RMSE, MAE, MAPE: 4, 0.00291, 0.00291, 0.05390, 0.03331, 7.71%
Time spent: 2.41s
- Epoch 006, ExpID 16722
Train - Loss (one batch): 0.00270
Val - Loss, MSE, RMSE, MAE, MAPE: 0.00305, 0.00305, 0.05524, 0.03368, 8.46%
Test - Best epoch, Loss, MSE, RMSE, MAE, MAPE: 4, 0.00291, 0.00291, 0.05390, 0.03331, 7.71%
Time spent: 2.26s
- Epoch 007, ExpID 16722
Train - Loss (one batch): 0.00396
Val - Loss, MSE, RMSE, MAE, MAPE: 0.00321, 0.00321, 0.05664, 0.03616, 9.19%
Test - Best epoch, Loss, MSE, RMSE, MAE, MAPE: 4, 0.00291, 0.00291, 0.05390, 0.03331, 7.71%
Time spent: 2.25s
- Epoch 008, ExpID 16722
Train - Loss (one batch): 0.00199
Val - Loss, MSE, RMSE, MAE, MAPE: 0.00295, 0.00295, 0.05435, 0.03270, 8.34%
Test - Best epoch, Loss, MSE, RMSE, MAE, MAPE: 8, 0.00282, 0.00282, 0.05312, 0.03232, 7.42%
Time spent: 2.55s
- Epoch 009, ExpID 16722
Train - Loss (one batch): 0.00313
Val - Loss, MSE, RMSE, MAE, MAPE: 0.00294, 0.00294, 0.05425, 0.03281, 8.37%
Test - Best epoch, Loss, MSE, RMSE, MAE, MAPE: 9, 0.00282, 0.00282, 0.05307, 0.03244, 7.47%
Time spent: 2.64s
- Epoch 010, ExpID 16722
Train - Loss (one batch): 0.00339
Val - Loss, MSE, RMSE, MAE, MAPE: 0.00291, 0.00291, 0.05399, 0.03258, 8.29%
Test - Best epoch, Loss, MSE, RMSE, MAE, MAPE: 10, 0.00280, 0.00280, 0.05287, 0.03224, 7.40%
Time spent: 2.72s
- Epoch 011, ExpID 16722
Train - Loss (one batch): 0.00219
Val - Loss, MSE, RMSE, MAE, MAPE: 0.00294, 0.00294, 0.05420, 0.03279, 8.31%
Test - Best epoch, Loss, MSE, RMSE, MAE, MAPE: 10, 0.00280, 0.00280, 0.05287, 0.03224, 7.40%
Time spent: 2.44s
- Epoch 012, ExpID 16722
Train - Loss (one batch): 0.00247
Val - Loss, MSE, RMSE, MAE, MAPE: 0.00299, 0.00299, 0.05468, 0.03393, 8.42%
Test - Best epoch, Loss, MSE, RMSE, MAE, MAPE: 10, 0.00280, 0.00280, 0.05287, 0.03224, 7.40%
Time spent: 2.43s
- Epoch 013, ExpID 16722
Train - Loss (one batch): 0.00226
Val - Loss, MSE, RMSE, MAE, MAPE: 0.00294, 0.00294, 0.05423, 0.03306, 8.37%
Test - Best epoch, Loss, MSE, RMSE, MAE, MAPE: 10, 0.00280, 0.00280, 0.05287, 0.03224, 7.40%
Time spent: 2.44s
- Epoch 014, ExpID 16722
Train - Loss (one batch): 0.00311
Val - Loss, MSE, RMSE, MAE, MAPE: 0.00294, 0.00294, 0.05425, 0.03361, 8.82%
Test - Best epoch, Loss, MSE, RMSE, MAE, MAPE: 10, 0.00280, 0.00280, 0.05287, 0.03224, 7.40%
Time spent: 2.40s
- Epoch 015, ExpID 16722
Train - Loss (one batch): 0.00306
Val - Loss, MSE, RMSE, MAE, MAPE: 0.00313, 0.00313, 0.05592, 0.03579, 9.05%
Test - Best epoch, Loss, MSE, RMSE, MAE, MAPE: 10, 0.00280, 0.00280, 0.05287, 0.03224, 7.40%
Time spent: 2.40s
- Epoch 016, ExpID 16722
Train - Loss (one batch): 0.00292
Val - Loss, MSE, RMSE, MAE, MAPE: 0.00301, 0.00301, 0.05485, 0.03435, 8.46%
Test - Best epoch, Loss, MSE, RMSE, MAE, MAPE: 10, 0.00280, 0.00280, 0.05287, 0.03224, 7.40%
Time spent: 2.25s
- Epoch 017, ExpID 16722
Train - Loss (one batch): 0.00170
Val - Loss, MSE, RMSE, MAE, MAPE: 0.00297, 0.00297, 0.05450, 0.03439, 9.00%
Test - Best epoch, Loss, MSE, RMSE, MAE, MAPE: 10, 0.00280, 0.00280, 0.05287, 0.03224, 7.40%
Time spent: 2.27s
- Epoch 018, ExpID 16722
Train - Loss (one batch): 0.00280
Val - Loss, MSE, RMSE, MAE, MAPE: 0.00288, 0.00288, 0.05367, 0.03241, 8.22%
Test - Best epoch, Loss, MSE, RMSE, MAE, MAPE: 18, 0.00277, 0.00277, 0.05266, 0.03211, 7.31%
Time spent: 2.53s
- Epoch 019, ExpID 16722
Train - Loss (one batch): 0.00317
Val - Loss, MSE, RMSE, MAE, MAPE: 0.00286, 0.00286, 0.05351, 0.03275, 8.33%
Test - Best epoch, Loss, MSE, RMSE, MAE, MAPE: 19, 0.00276, 0.00276, 0.05254, 0.03247, 7.43%
Time spent: 2.67s
- Epoch 020, ExpID 16722
Train - Loss (one batch): 0.00246
Val - Loss, MSE, RMSE, MAE, MAPE: 0.00292, 0.00292, 0.05399, 0.03361, 8.35%
Test - Best epoch, Loss, MSE, RMSE, MAE, MAPE: 19, 0.00276, 0.00276, 0.05254, 0.03247, 7.43%
Time spent: 2.40s
- Epoch 021, ExpID 16722
Train - Loss (one batch): 0.00287
Val - Loss, MSE, RMSE, MAE, MAPE: 0.00295, 0.00295, 0.05434, 0.03420, 8.40%
Test - Best epoch, Loss, MSE, RMSE, MAE, MAPE: 19, 0.00276, 0.00276, 0.05254, 0.03247, 7.43%
Time spent: 2.43s
- Epoch 022, ExpID 16722
Train - Loss (one batch): 0.00279
Val - Loss, MSE, RMSE, MAE, MAPE: 0.00288, 0.00288, 0.05365, 0.03329, 8.67%
Test - Best epoch, Loss, MSE, RMSE, MAE, MAPE: 19, 0.00276, 0.00276, 0.05254, 0.03247, 7.43%
Time spent: 2.45s
- Epoch 023, ExpID 16722
Train - Loss (one batch): 0.00223
Val - Loss, MSE, RMSE, MAE, MAPE: 0.00289, 0.00289, 0.05372, 0.03345, 8.32%
Test - Best epoch, Loss, MSE, RMSE, MAE, MAPE: 19, 0.00276, 0.00276, 0.05254, 0.03247, 7.43%
Time spent: 2.42s
- Epoch 024, ExpID 16722
Train - Loss (one batch): 0.00202
Val - Loss, MSE, RMSE, MAE, MAPE: 0.00286, 0.00286, 0.05345, 0.03267, 8.46%
Test - Best epoch, Loss, MSE, RMSE, MAE, MAPE: 24, 0.00275, 0.00275, 0.05247, 0.03231, 7.50%
Time spent: 2.55s
- Epoch 025, ExpID 16722
Train - Loss (one batch): 0.00248
Val - Loss, MSE, RMSE, MAE, MAPE: 0.00286, 0.00286, 0.05349, 0.03244, 8.23%
Test - Best epoch, Loss, MSE, RMSE, MAE, MAPE: 24, 0.00275, 0.00275, 0.05247, 0.03231, 7.50%
Time spent: 2.25s
- Epoch 026, ExpID 16722
Train - Loss (one batch): 0.00174
Val - Loss, MSE, RMSE, MAE, MAPE: 0.00311, 0.00311, 0.05579, 0.03680, 9.66%
Test - Best epoch, Loss, MSE, RMSE, MAE, MAPE: 24, 0.00275, 0.00275, 0.05247, 0.03231, 7.50%
Time spent: 2.27s
- Epoch 027, ExpID 16722
Train - Loss (one batch): 0.00270
Val - Loss, MSE, RMSE, MAE, MAPE: 0.00303, 0.00303, 0.05508, 0.03569, 9.29%
Test - Best epoch, Loss, MSE, RMSE, MAE, MAPE: 24, 0.00275, 0.00275, 0.05247, 0.03231, 7.50%
Time spent: 2.26s
- Epoch 028, ExpID 16722
Train - Loss (one batch): 0.00256
Val - Loss, MSE, RMSE, MAE, MAPE: 0.00288, 0.00288, 0.05369, 0.03379, 8.47%
Test - Best epoch, Loss, MSE, RMSE, MAE, MAPE: 24, 0.00275, 0.00275, 0.05247, 0.03231, 7.50%
Time spent: 2.26s
- Epoch 029, ExpID 16722
Train - Loss (one batch): 0.00221
Val - Loss, MSE, RMSE, MAE, MAPE: 0.00285, 0.00285, 0.05338, 0.03333, 8.54%
Test - Best epoch, Loss, MSE, RMSE, MAE, MAPE: 29, 0.00276, 0.00276, 0.05257, 0.03313, 7.64%
Time spent: 2.51s
- Epoch 030, ExpID 16722
Train - Loss (one batch): 0.00250
Val - Loss, MSE, RMSE, MAE, MAPE: 0.00306, 0.00306, 0.05532, 0.03601, 8.63%
Test - Best epoch, Loss, MSE, RMSE, MAE, MAPE: 29, 0.00276, 0.00276, 0.05257, 0.03313, 7.64%
Time spent: 2.16s
- Epoch 031, ExpID 16722
Train - Loss (one batch): 0.00262
Val - Loss, MSE, RMSE, MAE, MAPE: 0.00285, 0.00285, 0.05341, 0.03320, 8.72%
Test - Best epoch, Loss, MSE, RMSE, MAE, MAPE: 29, 0.00276, 0.00276, 0.05257, 0.03313, 7.64%
Time spent: 2.17s
- Epoch 032, ExpID 16722
Train - Loss (one batch): 0.00361
Val - Loss, MSE, RMSE, MAE, MAPE: 0.00279, 0.00279, 0.05278, 0.03185, 8.10%
Test - Best epoch, Loss, MSE, RMSE, MAE, MAPE: 32, 0.00270, 0.00270, 0.05195, 0.03173, 7.26%
Time spent: 2.51s
- Epoch 033, ExpID 16722
Train - Loss (one batch): 0.00215
Val - Loss, MSE, RMSE, MAE, MAPE: 0.00296, 0.00296, 0.05441, 0.03491, 9.14%
Test - Best epoch, Loss, MSE, RMSE, MAE, MAPE: 32, 0.00270, 0.00270, 0.05195, 0.03173, 7.26%
Time spent: 2.42s
- Epoch 034, ExpID 16722
Train - Loss (one batch): 0.00188
Val - Loss, MSE, RMSE, MAE, MAPE: 0.00279, 0.00279, 0.05284, 0.03193, 8.20%
Test - Best epoch, Loss, MSE, RMSE, MAE, MAPE: 32, 0.00270, 0.00270, 0.05195, 0.03173, 7.26%
Time spent: 2.32s
- Epoch 035, ExpID 16722
Train - Loss (one batch): 0.00197
Val - Loss, MSE, RMSE, MAE, MAPE: 0.00296, 0.00296, 0.05443, 0.03523, 8.98%
Test - Best epoch, Loss, MSE, RMSE, MAE, MAPE: 32, 0.00270, 0.00270, 0.05195, 0.03173, 7.26%
Time spent: 2.43s
- Epoch 036, ExpID 16722
Train - Loss (one batch): 0.00280
Val - Loss, MSE, RMSE, MAE, MAPE: 0.00283, 0.00283, 0.05324, 0.03280, 8.24%
Test - Best epoch, Loss, MSE, RMSE, MAE, MAPE: 32, 0.00270, 0.00270, 0.05195, 0.03173, 7.26%
Time spent: 2.25s
- Epoch 037, ExpID 16722
Train - Loss (one batch): 0.00174
Val - Loss, MSE, RMSE, MAE, MAPE: 0.00278, 0.00278, 0.05271, 0.03203, 8.19%
Test - Best epoch, Loss, MSE, RMSE, MAE, MAPE: 37, 0.00269, 0.00269, 0.05187, 0.03192, 7.36%
Time spent: 2.56s
- Epoch 038, ExpID 16722
Train - Loss (one batch): 0.00267
Val - Loss, MSE, RMSE, MAE, MAPE: 0.00284, 0.00284, 0.05325, 0.03297, 8.69%
Test - Best epoch, Loss, MSE, RMSE, MAE, MAPE: 37, 0.00269, 0.00269, 0.05187, 0.03192, 7.36%
Time spent: 2.39s
- Epoch 039, ExpID 16722
Train - Loss (one batch): 0.00326
Val - Loss, MSE, RMSE, MAE, MAPE: 0.00322, 0.00322, 0.05671, 0.03816, 9.93%
Test - Best epoch, Loss, MSE, RMSE, MAE, MAPE: 37, 0.00269, 0.00269, 0.05187, 0.03192, 7.36%
Time spent: 2.41s
- Epoch 040, ExpID 16722
Train - Loss (one batch): 0.00204
Val - Loss, MSE, RMSE, MAE, MAPE: 0.00283, 0.00283, 0.05323, 0.03322, 8.57%
Test - Best epoch, Loss, MSE, RMSE, MAE, MAPE: 37, 0.00269, 0.00269, 0.05187, 0.03192, 7.36%
Time spent: 2.42s
- Epoch 041, ExpID 16722
Train - Loss (one batch): 0.00256
Val - Loss, MSE, RMSE, MAE, MAPE: 0.00286, 0.00286, 0.05350, 0.03344, 8.26%
Test - Best epoch, Loss, MSE, RMSE, MAE, MAPE: 37, 0.00269, 0.00269, 0.05187, 0.03192, 7.36%
Time spent: 2.43s
- Epoch 042, ExpID 16722
Train - Loss (one batch): 0.00212
Val - Loss, MSE, RMSE, MAE, MAPE: 0.00295, 0.00295, 0.05431, 0.03477, 8.41%
Test - Best epoch, Loss, MSE, RMSE, MAE, MAPE: 37, 0.00269, 0.00269, 0.05187, 0.03192, 7.36%
Time spent: 2.40s
- Epoch 043, ExpID 16722
Train - Loss (one batch): 0.00328
Val - Loss, MSE, RMSE, MAE, MAPE: 0.00282, 0.00282, 0.05310, 0.03288, 8.70%
Test - Best epoch, Loss, MSE, RMSE, MAE, MAPE: 37, 0.00269, 0.00269, 0.05187, 0.03192, 7.36%
Time spent: 2.42s
- Epoch 044, ExpID 16722
Train - Loss (one batch): 0.00227
Val - Loss, MSE, RMSE, MAE, MAPE: 0.00288, 0.00288, 0.05368, 0.03365, 8.29%
Test - Best epoch, Loss, MSE, RMSE, MAE, MAPE: 37, 0.00269, 0.00269, 0.05187, 0.03192, 7.36%
Time spent: 2.41s
- Epoch 045, ExpID 16722
Train - Loss (one batch): 0.00287
Val - Loss, MSE, RMSE, MAE, MAPE: 0.00275, 0.00275, 0.05240, 0.03173, 8.12%
Test - Best epoch, Loss, MSE, RMSE, MAE, MAPE: 45, 0.00266, 0.00266, 0.05162, 0.03166, 7.30%
Time spent: 2.69s
- Epoch 046, ExpID 16722
Train - Loss (one batch): 0.00375
Val - Loss, MSE, RMSE, MAE, MAPE: 0.00284, 0.00284, 0.05331, 0.03333, 8.56%
Test - Best epoch, Loss, MSE, RMSE, MAE, MAPE: 45, 0.00266, 0.00266, 0.05162, 0.03166, 7.30%
Time spent: 2.42s
- Epoch 047, ExpID 16722
Train - Loss (one batch): 0.00253
Val - Loss, MSE, RMSE, MAE, MAPE: 0.00282, 0.00282, 0.05314, 0.03278, 8.18%
Test - Best epoch, Loss, MSE, RMSE, MAE, MAPE: 45, 0.00266, 0.00266, 0.05162, 0.03166, 7.30%
Time spent: 2.43s
- Epoch 048, ExpID 16722
Train - Loss (one batch): 0.00244
Val - Loss, MSE, RMSE, MAE, MAPE: 0.00281, 0.00281, 0.05300, 0.03263, 8.37%
Test - Best epoch, Loss, MSE, RMSE, MAE, MAPE: 45, 0.00266, 0.00266, 0.05162, 0.03166, 7.30%
Time spent: 2.45s
- Epoch 049, ExpID 16722
Train - Loss (one batch): 0.00306
Val - Loss, MSE, RMSE, MAE, MAPE: 0.00273, 0.00273, 0.05221, 0.03147, 8.09%
Test - Best epoch, Loss, MSE, RMSE, MAE, MAPE: 49, 0.00264, 0.00264, 0.05142, 0.03134, 7.25%
Time spent: 2.68s
- Epoch 050, ExpID 16722
Train - Loss (one batch): 0.00205
Val - Loss, MSE, RMSE, MAE, MAPE: 0.00279, 0.00279, 0.05283, 0.03252, 8.20%
Test - Best epoch, Loss, MSE, RMSE, MAE, MAPE: 49, 0.00264, 0.00264, 0.05142, 0.03134, 7.25%
Time spent: 2.39s
- Epoch 051, ExpID 16722
Train - Loss (one batch): 0.00246
Val - Loss, MSE, RMSE, MAE, MAPE: 0.00291, 0.00291, 0.05393, 0.03447, 8.43%
Test - Best epoch, Loss, MSE, RMSE, MAE, MAPE: 49, 0.00264, 0.00264, 0.05142, 0.03134, 7.25%
Time spent: 2.42s
- Epoch 052, ExpID 16722
Train - Loss (one batch): 0.00230
Val - Loss, MSE, RMSE, MAE, MAPE: 0.00282, 0.00282, 0.05312, 0.03336, 8.31%
Test - Best epoch, Loss, MSE, RMSE, MAE, MAPE: 49, 0.00264, 0.00264, 0.05142, 0.03134, 7.25%
Time spent: 2.41s
- Epoch 053, ExpID 16722
Train - Loss (one batch): 0.00240
Val - Loss, MSE, RMSE, MAE, MAPE: 0.00322, 0.00322, 0.05678, 0.03863, 9.08%
Test - Best epoch, Loss, MSE, RMSE, MAE, MAPE: 49, 0.00264, 0.00264, 0.05142, 0.03134, 7.25%
Time spent: 2.57s
- Epoch 054, ExpID 16722
Train - Loss (one batch): 0.00235
Val - Loss, MSE, RMSE, MAE, MAPE: 0.00284, 0.00284, 0.05326, 0.03307, 8.47%
Test - Best epoch, Loss, MSE, RMSE, MAE, MAPE: 49, 0.00264, 0.00264, 0.05142, 0.03134, 7.25%
Time spent: 2.37s
- Epoch 055, ExpID 16722
Train - Loss (one batch): 0.00225
Val - Loss, MSE, RMSE, MAE, MAPE: 0.00293, 0.00293, 0.05417, 0.03497, 8.54%
Test - Best epoch, Loss, MSE, RMSE, MAE, MAPE: 49, 0.00264, 0.00264, 0.05142, 0.03134, 7.25%
Time spent: 2.29s
- Epoch 056, ExpID 16722
Train - Loss (one batch): 0.00225
Val - Loss, MSE, RMSE, MAE, MAPE: 0.00278, 0.00278, 0.05275, 0.03302, 8.43%
Test - Best epoch, Loss, MSE, RMSE, MAE, MAPE: 49, 0.00264, 0.00264, 0.05142, 0.03134, 7.25%
Time spent: 2.14s
- Epoch 057, ExpID 16722
Train - Loss (one batch): 0.00201
Val - Loss, MSE, RMSE, MAE, MAPE: 0.00279, 0.00279, 0.05284, 0.03271, 8.15%
Test - Best epoch, Loss, MSE, RMSE, MAE, MAPE: 49, 0.00264, 0.00264, 0.05142, 0.03134, 7.25%
Time spent: 2.31s
- Epoch 058, ExpID 16722
Train - Loss (one batch): 0.00170
Val - Loss, MSE, RMSE, MAE, MAPE: 0.00272, 0.00272, 0.05218, 0.03168, 8.19%
Test - Best epoch, Loss, MSE, RMSE, MAE, MAPE: 58, 0.00265, 0.00265, 0.05143, 0.03157, 7.30%
Time spent: 2.73s
- Epoch 059, ExpID 16722
Train - Loss (one batch): 0.00242
Val - Loss, MSE, RMSE, MAE, MAPE: 0.00279, 0.00279, 0.05278, 0.03301, 8.71%
Test - Best epoch, Loss, MSE, RMSE, MAE, MAPE: 58, 0.00265, 0.00265, 0.05143, 0.03157, 7.30%
Time spent: 2.50s
- Epoch 060, ExpID 16722
Train - Loss (one batch): 0.00292
Val - Loss, MSE, RMSE, MAE, MAPE: 0.00274, 0.00274, 0.05238, 0.03219, 8.08%
Test - Best epoch, Loss, MSE, RMSE, MAE, MAPE: 58, 0.00265, 0.00265, 0.05143, 0.03157, 7.30%
Time spent: 2.39s
- Epoch 061, ExpID 16722
Train - Loss (one batch): 0.00205
Val - Loss, MSE, RMSE, MAE, MAPE: 0.00277, 0.00277, 0.05260, 0.03260, 8.22%
Test - Best epoch, Loss, MSE, RMSE, MAE, MAPE: 58, 0.00265, 0.00265, 0.05143, 0.03157, 7.30%
Time spent: 2.21s
- Epoch 062, ExpID 16722
Train - Loss (one batch): 0.00263
Val - Loss, MSE, RMSE, MAE, MAPE: 0.00281, 0.00281, 0.05304, 0.03305, 8.15%
Test - Best epoch, Loss, MSE, RMSE, MAE, MAPE: 58, 0.00265, 0.00265, 0.05143, 0.03157, 7.30%
Time spent: 2.34s
- Epoch 063, ExpID 16722
Train - Loss (one batch): 0.00268
Val - Loss, MSE, RMSE, MAE, MAPE: 0.00270, 0.00270, 0.05196, 0.03148, 8.17%
Test - Best epoch, Loss, MSE, RMSE, MAE, MAPE: 63, 0.00263, 0.00263, 0.05125, 0.03143, 7.34%
Time spent: 2.73s
- Epoch 064, ExpID 16722
Train - Loss (one batch): 0.00258
Val - Loss, MSE, RMSE, MAE, MAPE: 0.00282, 0.00282, 0.05314, 0.03318, 8.23%
Test - Best epoch, Loss, MSE, RMSE, MAE, MAPE: 63, 0.00263, 0.00263, 0.05125, 0.03143, 7.34%
Time spent: 2.39s
- Epoch 065, ExpID 16722
Train - Loss (one batch): 0.00279
Val - Loss, MSE, RMSE, MAE, MAPE: 0.00283, 0.00283, 0.05316, 0.03358, 8.30%
Test - Best epoch, Loss, MSE, RMSE, MAE, MAPE: 63, 0.00263, 0.00263, 0.05125, 0.03143, 7.34%
Time spent: 2.40s
- Epoch 066, ExpID 16722
Train - Loss (one batch): 0.00251
Val - Loss, MSE, RMSE, MAE, MAPE: 0.00284, 0.00284, 0.05333, 0.03379, 8.34%
Test - Best epoch, Loss, MSE, RMSE, MAE, MAPE: 63, 0.00263, 0.00263, 0.05125, 0.03143, 7.34%
Time spent: 2.42s
- Epoch 067, ExpID 16722
Train - Loss (one batch): 0.00284
Val - Loss, MSE, RMSE, MAE, MAPE: 0.00281, 0.00281, 0.05304, 0.03326, 8.21%
Test - Best epoch, Loss, MSE, RMSE, MAE, MAPE: 63, 0.00263, 0.00263, 0.05125, 0.03143, 7.34%
Time spent: 2.36s
- Epoch 068, ExpID 16722
Train - Loss (one batch): 0.00306
Val - Loss, MSE, RMSE, MAE, MAPE: 0.00274, 0.00274, 0.05238, 0.03244, 8.34%
Test - Best epoch, Loss, MSE, RMSE, MAE, MAPE: 63, 0.00263, 0.00263, 0.05125, 0.03143, 7.34%
Time spent: 2.31s
- Epoch 069, ExpID 16722
Train - Loss (one batch): 0.00177
Val - Loss, MSE, RMSE, MAE, MAPE: 0.00273, 0.00273, 0.05225, 0.03197, 8.08%
Test - Best epoch, Loss, MSE, RMSE, MAE, MAPE: 63, 0.00263, 0.00263, 0.05125, 0.03143, 7.34%
Time spent: 2.24s
- Epoch 070, ExpID 16722
Train - Loss (one batch): 0.00203
Val - Loss, MSE, RMSE, MAE, MAPE: 0.00272, 0.00272, 0.05214, 0.03176, 8.01%
Test - Best epoch, Loss, MSE, RMSE, MAE, MAPE: 63, 0.00263, 0.00263, 0.05125, 0.03143, 7.34%
Time spent: 2.31s
- Epoch 071, ExpID 16722
Train - Loss (one batch): 0.00273
Val - Loss, MSE, RMSE, MAE, MAPE: 0.00277, 0.00277, 0.05261, 0.03225, 8.11%
Test - Best epoch, Loss, MSE, RMSE, MAE, MAPE: 63, 0.00263, 0.00263, 0.05125, 0.03143, 7.34%
Time spent: 2.29s
- Epoch 072, ExpID 16722
Train - Loss (one batch): 0.00286
Val - Loss, MSE, RMSE, MAE, MAPE: 0.00277, 0.00277, 0.05259, 0.03291, 8.52%
Test - Best epoch, Loss, MSE, RMSE, MAE, MAPE: 63, 0.00263, 0.00263, 0.05125, 0.03143, 7.34%
Time spent: 2.31s
- Epoch 073, ExpID 16722
Train - Loss (one batch): 0.00284
Val - Loss, MSE, RMSE, MAE, MAPE: 0.00276, 0.00276, 0.05256, 0.03283, 8.39%
Test - Best epoch, Loss, MSE, RMSE, MAE, MAPE: 63, 0.00263, 0.00263, 0.05125, 0.03143, 7.34%
Time spent: 2.45s
