=== Activity | seed 1 ===
PID, device: 3445441 cuda
Total records: 25
Dataset n_samples: 25 15 5 5
Test record ids (first 20): ['B04', 'D02', 'A01', 'E04', 'C02']
Test record ids (last 20): ['B04', 'D02', 'A01', 'E04', 'C02']
data_max: tensor([5.6217, 3.9067, 2.4465, 5.3456, 3.9414, 2.2163, 5.7582, 3.9781, 2.6061,
        5.3913, 3.9654, 2.6011], device='cuda:0')
data_min: tensor([ 0.1852, -0.1228, -1.4615,  0.1606, -0.4760, -2.5436, -0.2787, -0.4944,
        -2.0269,  0.0198, -0.4789, -1.9588], device='cuda:0')
time_max: tensor(304861., device='cuda:0')
manual set time_max: tensor(4000, device='cuda:0')
[MS] batch keys: ['X_list', 'tt_list', 'mk_list', 'npatches', 'tp_to_predict', 'data_to_predict', 'mask_predicted_data']
[MS] #scales: 3
[MS] per-scale shapes: [(32, 20, 3, 12), (32, 10, 6, 12), (32, 5, 12, 12)]
[MS] data_to_predict: (32, 33, 12)
[MS] mask_predicted_data sum: 2838.0
[MS] tt_list mins/maxes: [(0.0, 0.9976666569709778), (0.0, 0.9976666569709778), (0.0, 0.9976666569709778)]
[MS] tp_to_predict min/max: 0.0 1.3313332796096802
[MS] use_ms=True fusion=gated scales=300,600,1200 strides=150,300,600 npatches_per_scale=[20, 10, 5]
decoder exists: True
fuse_proj exists: True
attn_V exists: False
attn_u exists: False
gate_mlp exists: True
Missing trainable params in optimizer: []
Missing count: 0
n_train_batches: 104
Epoch 0: avg decoder weight change = 0.00008973
Epoch 1: avg decoder weight change = 0.00000596
Epoch 2: avg decoder weight change = 0.00000576
Epoch 3: avg decoder weight change = 0.00000840
Epoch 4: avg decoder weight change = 0.00000990
Epoch 5: avg decoder weight change = 0.00001198
Epoch 6: avg decoder weight change = 0.00001794
Epoch 7: avg decoder weight change = 0.00000957
Epoch 8: avg decoder weight change = 0.00001453
Epoch 9: avg decoder weight change = 0.00001631
Epoch 10: avg decoder weight change = 0.00001648
Epoch 11: avg decoder weight change = 0.00001687
Epoch 12: avg decoder weight change = 0.00001814
Epoch 13: avg decoder weight change = 0.00001797
Epoch 14: avg decoder weight change = 0.00001965
Epoch 15: avg decoder weight change = 0.00002023
Epoch 16: avg decoder weight change = 0.00001810
Epoch 17: avg decoder weight change = 0.00002069
Epoch 18: avg decoder weight change = 0.00002844
Epoch 19: avg decoder weight change = 0.00002704
Epoch 20: avg decoder weight change = 0.00002142
Epoch 21: avg decoder weight change = 0.00002737
Epoch 22: avg decoder weight change = 0.00002589
Epoch 23: avg decoder weight change = 0.00003846
Epoch 24: avg decoder weight change = 0.00003109
Epoch 25: avg decoder weight change = 0.00002608
Epoch 26: avg decoder weight change = 0.00002332
Epoch 27: avg decoder weight change = 0.00003155
Epoch 28: avg decoder weight change = 0.00002688
Epoch 29: avg decoder weight change = 0.00002796
Epoch 30: avg decoder weight change = 0.00003023
Epoch 31: avg decoder weight change = 0.00003486
Epoch 32: avg decoder weight change = 0.00003421
Epoch 33: avg decoder weight change = 0.00003590
Epoch 34: avg decoder weight change = 0.00003126
Epoch 35: avg decoder weight change = 0.00003691
Epoch 36: avg decoder weight change = 0.00003995
Epoch 37: avg decoder weight change = 0.00004020
Epoch 38: avg decoder weight change = 0.00003809
Epoch 39: avg decoder weight change = 0.00003452
Epoch 40: avg decoder weight change = 0.00003406
Epoch 41: avg decoder weight change = 0.00003527
Epoch 42: avg decoder weight change = 0.00003633
Epoch 43: avg decoder weight change = 0.00003694
Epoch 44: avg decoder weight change = 0.00004350
Epoch 45: avg decoder weight change = 0.00004099
Epoch 46: avg decoder weight change = 0.00003443
Epoch 47: avg decoder weight change = 0.00003819
Epoch 48: avg decoder weight change = 0.00003839
Epoch 49: avg decoder weight change = 0.00005415
Epoch 50: avg decoder weight change = 0.00004240
Epoch 51: avg decoder weight change = 0.00004238
Epoch 52: avg decoder weight change = 0.00004931
Epoch 53: avg decoder weight change = 0.00006678
Epoch 54: avg decoder weight change = 0.00005648
Epoch 55: avg decoder weight change = 0.00005341
Epoch 56: avg decoder weight change = 0.00005548
Epoch 57: avg decoder weight change = 0.00005757
Epoch 58: avg decoder weight change = 0.00005124
Epoch 59: avg decoder weight change = 0.00005914
Epoch 60: avg decoder weight change = 0.00005924
Epoch 61: avg decoder weight change = 0.00005293
Exp has been early stopped!
=== Activity | seed 2 ===
PID, device: 3445661 cuda
Total records: 25
Dataset n_samples: 25 15 5 5
Test record ids (first 20): ['B04', 'D02', 'A01', 'E04', 'C02']
Test record ids (last 20): ['B04', 'D02', 'A01', 'E04', 'C02']
data_max: tensor([5.6217, 3.9067, 2.4465, 5.3456, 3.9414, 2.2163, 5.7582, 3.9781, 2.6061,
        5.3913, 3.9654, 2.6011], device='cuda:0')
data_min: tensor([ 0.1852, -0.1228, -1.4615,  0.1606, -0.4760, -2.5436, -0.2787, -0.4944,
        -2.0269,  0.0198, -0.4789, -1.9588], device='cuda:0')
time_max: tensor(304861., device='cuda:0')
manual set time_max: tensor(4000, device='cuda:0')
[MS] batch keys: ['X_list', 'tt_list', 'mk_list', 'npatches', 'tp_to_predict', 'data_to_predict', 'mask_predicted_data']
[MS] #scales: 3
[MS] per-scale shapes: [(32, 20, 3, 12), (32, 10, 6, 12), (32, 5, 12, 12)]
[MS] data_to_predict: (32, 33, 12)
[MS] mask_predicted_data sum: 2838.0
[MS] tt_list mins/maxes: [(0.0, 0.9976666569709778), (0.0, 0.9976666569709778), (0.0, 0.9976666569709778)]
[MS] tp_to_predict min/max: 0.0 1.3313332796096802
[MS] use_ms=True fusion=gated scales=300,600,1200 strides=150,300,600 npatches_per_scale=[20, 10, 5]
decoder exists: True
fuse_proj exists: True
attn_V exists: False
attn_u exists: False
gate_mlp exists: True
Missing trainable params in optimizer: []
Missing count: 0
n_train_batches: 104
Epoch 0: avg decoder weight change = 0.00007619
Epoch 1: avg decoder weight change = 0.00000600
Epoch 2: avg decoder weight change = 0.00000661
Epoch 3: avg decoder weight change = 0.00000533
Epoch 4: avg decoder weight change = 0.00001228
Epoch 5: avg decoder weight change = 0.00001100
Epoch 6: avg decoder weight change = 0.00000958
Epoch 7: avg decoder weight change = 0.00001080
Epoch 8: avg decoder weight change = 0.00001041
Epoch 9: avg decoder weight change = 0.00001595
Epoch 10: avg decoder weight change = 0.00001627
Epoch 11: avg decoder weight change = 0.00001287
Epoch 12: avg decoder weight change = 0.00001339
Epoch 13: avg decoder weight change = 0.00001509
Epoch 14: avg decoder weight change = 0.00001660
Epoch 15: avg decoder weight change = 0.00001334
Epoch 16: avg decoder weight change = 0.00002729
Epoch 17: avg decoder weight change = 0.00002110
Epoch 18: avg decoder weight change = 0.00002222
Epoch 19: avg decoder weight change = 0.00002060
Epoch 20: avg decoder weight change = 0.00002334
Epoch 21: avg decoder weight change = 0.00001787
Epoch 22: avg decoder weight change = 0.00002209
Epoch 23: avg decoder weight change = 0.00003842
Epoch 24: avg decoder weight change = 0.00002376
Epoch 25: avg decoder weight change = 0.00002455
Epoch 26: avg decoder weight change = 0.00002220
Epoch 27: avg decoder weight change = 0.00002048
Epoch 28: avg decoder weight change = 0.00002021
Epoch 29: avg decoder weight change = 0.00001939
Epoch 30: avg decoder weight change = 0.00003295
Epoch 31: avg decoder weight change = 0.00001833
Epoch 32: avg decoder weight change = 0.00001948
Epoch 33: avg decoder weight change = 0.00001820
Epoch 34: avg decoder weight change = 0.00002603
Epoch 35: avg decoder weight change = 0.00002853
Epoch 36: avg decoder weight change = 0.00002846
Epoch 37: avg decoder weight change = 0.00002873
Epoch 38: avg decoder weight change = 0.00001908
Epoch 39: avg decoder weight change = 0.00002122
Epoch 40: avg decoder weight change = 0.00002798
Epoch 41: avg decoder weight change = 0.00004291
Epoch 42: avg decoder weight change = 0.00002820
Epoch 43: avg decoder weight change = 0.00003250
Epoch 44: avg decoder weight change = 0.00002987
Epoch 45: avg decoder weight change = 0.00003424
Epoch 46: avg decoder weight change = 0.00002896
Epoch 47: avg decoder weight change = 0.00002246
Epoch 48: avg decoder weight change = 0.00002715
Epoch 49: avg decoder weight change = 0.00003664
Epoch 50: avg decoder weight change = 0.00003579
Epoch 51: avg decoder weight change = 0.00003962
Epoch 52: avg decoder weight change = 0.00003962
Epoch 53: avg decoder weight change = 0.00002707
Exp has been early stopped!
=== Activity | seed 3 ===
PID, device: 3445705 cuda
Total records: 25
Dataset n_samples: 25 15 5 5
Test record ids (first 20): ['B04', 'D02', 'A01', 'E04', 'C02']
Test record ids (last 20): ['B04', 'D02', 'A01', 'E04', 'C02']
data_max: tensor([5.6217, 3.9067, 2.4465, 5.3456, 3.9414, 2.2163, 5.7582, 3.9781, 2.6061,
        5.3913, 3.9654, 2.6011], device='cuda:0')
data_min: tensor([ 0.1852, -0.1228, -1.4615,  0.1606, -0.4760, -2.5436, -0.2787, -0.4944,
        -2.0269,  0.0198, -0.4789, -1.9588], device='cuda:0')
time_max: tensor(304861., device='cuda:0')
manual set time_max: tensor(4000, device='cuda:0')
[MS] batch keys: ['X_list', 'tt_list', 'mk_list', 'npatches', 'tp_to_predict', 'data_to_predict', 'mask_predicted_data']
[MS] #scales: 3
[MS] per-scale shapes: [(32, 20, 3, 12), (32, 10, 6, 12), (32, 5, 12, 12)]
[MS] data_to_predict: (32, 33, 12)
[MS] mask_predicted_data sum: 2838.0
[MS] tt_list mins/maxes: [(0.0, 0.9976666569709778), (0.0, 0.9976666569709778), (0.0, 0.9976666569709778)]
[MS] tp_to_predict min/max: 0.0 1.3313332796096802
[MS] use_ms=True fusion=gated scales=300,600,1200 strides=150,300,600 npatches_per_scale=[20, 10, 5]
decoder exists: True
fuse_proj exists: True
attn_V exists: False
attn_u exists: False
gate_mlp exists: True
Missing trainable params in optimizer: []
Missing count: 0
n_train_batches: 104
Epoch 0: avg decoder weight change = 0.00008920
Epoch 1: avg decoder weight change = 0.00000960
Epoch 2: avg decoder weight change = 0.00001084
Epoch 3: avg decoder weight change = 0.00001437
Epoch 4: avg decoder weight change = 0.00002068
Epoch 5: avg decoder weight change = 0.00001461
Epoch 6: avg decoder weight change = 0.00001080
Epoch 7: avg decoder weight change = 0.00001592
Epoch 8: avg decoder weight change = 0.00000830
Epoch 9: avg decoder weight change = 0.00000994
Epoch 10: avg decoder weight change = 0.00001233
Epoch 11: avg decoder weight change = 0.00001513
Epoch 12: avg decoder weight change = 0.00001310
Epoch 13: avg decoder weight change = 0.00001717
Epoch 14: avg decoder weight change = 0.00001434
Epoch 15: avg decoder weight change = 0.00001631
Epoch 16: avg decoder weight change = 0.00001354
Epoch 17: avg decoder weight change = 0.00001677
Epoch 18: avg decoder weight change = 0.00002138
Epoch 19: avg decoder weight change = 0.00001665
Epoch 20: avg decoder weight change = 0.00002107
Epoch 21: avg decoder weight change = 0.00001442
Epoch 22: avg decoder weight change = 0.00001523
Epoch 23: avg decoder weight change = 0.00001743
Epoch 24: avg decoder weight change = 0.00001669
Epoch 25: avg decoder weight change = 0.00002171
Epoch 26: avg decoder weight change = 0.00002014
Epoch 27: avg decoder weight change = 0.00001543
Epoch 28: avg decoder weight change = 0.00002320
Epoch 29: avg decoder weight change = 0.00002105
Epoch 30: avg decoder weight change = 0.00002382
Epoch 31: avg decoder weight change = 0.00002533
Epoch 32: avg decoder weight change = 0.00002431
Epoch 33: avg decoder weight change = 0.00003143
Epoch 34: avg decoder weight change = 0.00002459
Epoch 35: avg decoder weight change = 0.00002255
Epoch 36: avg decoder weight change = 0.00001967
Epoch 37: avg decoder weight change = 0.00002380
Epoch 38: avg decoder weight change = 0.00002524
Epoch 39: avg decoder weight change = 0.00002559
Epoch 40: avg decoder weight change = 0.00003870
Epoch 41: avg decoder weight change = 0.00002460
Epoch 42: avg decoder weight change = 0.00002156
Epoch 43: avg decoder weight change = 0.00003296
Epoch 44: avg decoder weight change = 0.00002706
Epoch 45: avg decoder weight change = 0.00002857
Epoch 46: avg decoder weight change = 0.00002346
Epoch 47: avg decoder weight change = 0.00002731
Epoch 48: avg decoder weight change = 0.00003240
Epoch 49: avg decoder weight change = 0.00004552
Epoch 50: avg decoder weight change = 0.00003342
Epoch 51: avg decoder weight change = 0.00003851
Epoch 52: avg decoder weight change = 0.00003565
Epoch 53: avg decoder weight change = 0.00003374
Epoch 54: avg decoder weight change = 0.00004199
Epoch 55: avg decoder weight change = 0.00002886
Epoch 56: avg decoder weight change = 0.00003908
Epoch 57: avg decoder weight change = 0.00003605
Epoch 58: avg decoder weight change = 0.00003219
Epoch 59: avg decoder weight change = 0.00003588
Epoch 60: avg decoder weight change = 0.00003784
Epoch 61: avg decoder weight change = 0.00004633
Epoch 62: avg decoder weight change = 0.00004286
Epoch 63: avg decoder weight change = 0.00004614
Epoch 64: avg decoder weight change = 0.00004000
Epoch 65: avg decoder weight change = 0.00004388
Epoch 66: avg decoder weight change = 0.00003972
Epoch 67: avg decoder weight change = 0.00003797
Epoch 68: avg decoder weight change = 0.00004821
Epoch 69: avg decoder weight change = 0.00004739
Epoch 70: avg decoder weight change = 0.00006255
Epoch 71: avg decoder weight change = 0.00005832
Epoch 72: avg decoder weight change = 0.00005015
Exp has been early stopped!
=== Activity | seed 4 ===
PID, device: 3445839 cuda
Total records: 25
Dataset n_samples: 25 15 5 5
Test record ids (first 20): ['B04', 'D02', 'A01', 'E04', 'C02']
Test record ids (last 20): ['B04', 'D02', 'A01', 'E04', 'C02']
data_max: tensor([5.6217, 3.9067, 2.4465, 5.3456, 3.9414, 2.2163, 5.7582, 3.9781, 2.6061,
        5.3913, 3.9654, 2.6011], device='cuda:0')
data_min: tensor([ 0.1852, -0.1228, -1.4615,  0.1606, -0.4760, -2.5436, -0.2787, -0.4944,
        -2.0269,  0.0198, -0.4789, -1.9588], device='cuda:0')
time_max: tensor(304861., device='cuda:0')
manual set time_max: tensor(4000, device='cuda:0')
[MS] batch keys: ['X_list', 'tt_list', 'mk_list', 'npatches', 'tp_to_predict', 'data_to_predict', 'mask_predicted_data']
[MS] #scales: 3
[MS] per-scale shapes: [(32, 20, 3, 12), (32, 10, 6, 12), (32, 5, 12, 12)]
[MS] data_to_predict: (32, 33, 12)
[MS] mask_predicted_data sum: 2838.0
[MS] tt_list mins/maxes: [(0.0, 0.9976666569709778), (0.0, 0.9976666569709778), (0.0, 0.9976666569709778)]
[MS] tp_to_predict min/max: 0.0 1.3313332796096802
[MS] use_ms=True fusion=gated scales=300,600,1200 strides=150,300,600 npatches_per_scale=[20, 10, 5]
decoder exists: True
fuse_proj exists: True
attn_V exists: False
attn_u exists: False
gate_mlp exists: True
Missing trainable params in optimizer: []
Missing count: 0
n_train_batches: 104
Epoch 0: avg decoder weight change = 0.00009123
Epoch 1: avg decoder weight change = 0.00000550
Epoch 2: avg decoder weight change = 0.00000692
Epoch 3: avg decoder weight change = 0.00001132
Epoch 4: avg decoder weight change = 0.00000926
Epoch 5: avg decoder weight change = 0.00000788
Epoch 6: avg decoder weight change = 0.00001248
Epoch 7: avg decoder weight change = 0.00001001
Epoch 8: avg decoder weight change = 0.00001339
Epoch 9: avg decoder weight change = 0.00001060
Epoch 10: avg decoder weight change = 0.00001397
Epoch 11: avg decoder weight change = 0.00001103
Epoch 12: avg decoder weight change = 0.00002199
Epoch 13: avg decoder weight change = 0.00001159
Epoch 14: avg decoder weight change = 0.00001295
Epoch 15: avg decoder weight change = 0.00001373
Epoch 16: avg decoder weight change = 0.00001555
Epoch 17: avg decoder weight change = 0.00002053
Epoch 18: avg decoder weight change = 0.00001450
Epoch 19: avg decoder weight change = 0.00001514
Epoch 20: avg decoder weight change = 0.00002033
Epoch 21: avg decoder weight change = 0.00002048
Epoch 22: avg decoder weight change = 0.00001606
Epoch 23: avg decoder weight change = 0.00001785
Epoch 24: avg decoder weight change = 0.00001822
Epoch 25: avg decoder weight change = 0.00001515
Epoch 26: avg decoder weight change = 0.00001489
Epoch 27: avg decoder weight change = 0.00001605
Epoch 28: avg decoder weight change = 0.00001931
Epoch 29: avg decoder weight change = 0.00001974
Epoch 30: avg decoder weight change = 0.00002274
Epoch 31: avg decoder weight change = 0.00001693
Epoch 32: avg decoder weight change = 0.00002830
Epoch 33: avg decoder weight change = 0.00003229
Epoch 34: avg decoder weight change = 0.00003035
Epoch 35: avg decoder weight change = 0.00002118
Epoch 36: avg decoder weight change = 0.00001720
Epoch 37: avg decoder weight change = 0.00002201
Epoch 38: avg decoder weight change = 0.00002092
Epoch 39: avg decoder weight change = 0.00002850
Epoch 40: avg decoder weight change = 0.00001924
Epoch 41: avg decoder weight change = 0.00002212
Epoch 42: avg decoder weight change = 0.00002428
Epoch 43: avg decoder weight change = 0.00003091
Epoch 44: avg decoder weight change = 0.00002667
Epoch 45: avg decoder weight change = 0.00002036
Epoch 46: avg decoder weight change = 0.00001737
Epoch 47: avg decoder weight change = 0.00002496
Epoch 48: avg decoder weight change = 0.00002230
Epoch 49: avg decoder weight change = 0.00002323
Epoch 50: avg decoder weight change = 0.00003291
Epoch 51: avg decoder weight change = 0.00002998
Epoch 52: avg decoder weight change = 0.00002652
Epoch 53: avg decoder weight change = 0.00003001
Exp has been early stopped!
=== Activity | seed 5 ===
PID, device: 3445901 cuda
Total records: 25
Dataset n_samples: 25 15 5 5
Test record ids (first 20): ['B04', 'D02', 'A01', 'E04', 'C02']
Test record ids (last 20): ['B04', 'D02', 'A01', 'E04', 'C02']
data_max: tensor([5.6217, 3.9067, 2.4465, 5.3456, 3.9414, 2.2163, 5.7582, 3.9781, 2.6061,
        5.3913, 3.9654, 2.6011], device='cuda:0')
data_min: tensor([ 0.1852, -0.1228, -1.4615,  0.1606, -0.4760, -2.5436, -0.2787, -0.4944,
        -2.0269,  0.0198, -0.4789, -1.9588], device='cuda:0')
time_max: tensor(304861., device='cuda:0')
manual set time_max: tensor(4000, device='cuda:0')
[MS] batch keys: ['X_list', 'tt_list', 'mk_list', 'npatches', 'tp_to_predict', 'data_to_predict', 'mask_predicted_data']
[MS] #scales: 3
[MS] per-scale shapes: [(32, 20, 3, 12), (32, 10, 6, 12), (32, 5, 12, 12)]
[MS] data_to_predict: (32, 33, 12)
[MS] mask_predicted_data sum: 2838.0
[MS] tt_list mins/maxes: [(0.0, 0.9976666569709778), (0.0, 0.9976666569709778), (0.0, 0.9976666569709778)]
[MS] tp_to_predict min/max: 0.0 1.3313332796096802
[MS] use_ms=True fusion=gated scales=300,600,1200 strides=150,300,600 npatches_per_scale=[20, 10, 5]
decoder exists: True
fuse_proj exists: True
attn_V exists: False
attn_u exists: False
gate_mlp exists: True
Missing trainable params in optimizer: []
Missing count: 0
n_train_batches: 104
Epoch 0: avg decoder weight change = 0.00009666
Epoch 1: avg decoder weight change = 0.00001115
Epoch 2: avg decoder weight change = 0.00000821
Epoch 3: avg decoder weight change = 0.00000906
Epoch 4: avg decoder weight change = 0.00001263
Epoch 5: avg decoder weight change = 0.00001034
Epoch 6: avg decoder weight change = 0.00001302
Epoch 7: avg decoder weight change = 0.00001912
Epoch 8: avg decoder weight change = 0.00001559
Epoch 9: avg decoder weight change = 0.00001780
Epoch 10: avg decoder weight change = 0.00001717
Epoch 11: avg decoder weight change = 0.00001637
Epoch 12: avg decoder weight change = 0.00001744
Epoch 13: avg decoder weight change = 0.00001627
Epoch 14: avg decoder weight change = 0.00002723
Epoch 15: avg decoder weight change = 0.00002153
Epoch 16: avg decoder weight change = 0.00002279
Epoch 17: avg decoder weight change = 0.00002093
Epoch 18: avg decoder weight change = 0.00002392
Epoch 19: avg decoder weight change = 0.00002098
Epoch 20: avg decoder weight change = 0.00002163
Epoch 21: avg decoder weight change = 0.00002066
Exp has been early stopped!
