/home/ouass/Test/MSP-IMTS/tPatchGNN/run_models.py
2026-03-16 01:53:05
run_models.py --dataset activity --state def --history 3000 --batch_size 32 --lr 1e-3 --nhead 1 --patience 10 --tf_layer 1 --nlayer 1 --te_dim 10 --node_dim 10 --hid_dim 34 --outlayer Linear --seed 1 --gpu 0 --multi_scales 300,600,1200 --multi_strides 150,300,600 --metric per_dim --fusion concat
Namespace(multi_scales='300,600,1200', multi_strides='150,300,600', fusion='concat', state='def', n=100000000, hop=1, nhead=1, tf_layer=1, nlayer=1, epoch=1000, patience=10, history=3000, patch_size=24, stride=24, logmode='a', lr=0.001, w_decay=0.0, batch_size=32, save='experiments/', load=None, seed=1, dataset='activity', quantization=0.0, model='tPatchGNN', outlayer='Linear', hid_dim=34, te_dim=10, node_dim=10, gpu='0', metric='per_dim', npatch=125, device=device(type='cuda'), PID=3445478, pred_window=1000, ndim=12)
- Epoch 000, ExpID 5787
Train - Loss (one batch): 0.00260
Val - Loss, MSE, RMSE, MAE, MAPE: 0.00354, 0.00354, 0.05946, 0.03712, 9.57%
Test - Best epoch, Loss, MSE, RMSE, MAE, MAPE: 0, 0.00331, 0.00331, 0.05750, 0.03593, 8.32%
Time spent: 3.50s
- Epoch 001, ExpID 5787
Train - Loss (one batch): 0.00257
Val - Loss, MSE, RMSE, MAE, MAPE: 0.00330, 0.00330, 0.05741, 0.03507, 8.95%
Test - Best epoch, Loss, MSE, RMSE, MAE, MAPE: 1, 0.00312, 0.00312, 0.05587, 0.03438, 7.91%
Time spent: 3.51s
- Epoch 002, ExpID 5787
Train - Loss (one batch): 0.00303
Val - Loss, MSE, RMSE, MAE, MAPE: 0.00328, 0.00328, 0.05728, 0.03483, 8.83%
Test - Best epoch, Loss, MSE, RMSE, MAE, MAPE: 2, 0.00308, 0.00308, 0.05553, 0.03379, 7.75%
Time spent: 3.53s
- Epoch 003, ExpID 5787
Train - Loss (one batch): 0.00432
Val - Loss, MSE, RMSE, MAE, MAPE: 0.00327, 0.00327, 0.05719, 0.03637, 9.33%
Test - Best epoch, Loss, MSE, RMSE, MAE, MAPE: 3, 0.00312, 0.00312, 0.05584, 0.03572, 8.30%
Time spent: 3.58s
- Epoch 004, ExpID 5787
Train - Loss (one batch): 0.00294
Val - Loss, MSE, RMSE, MAE, MAPE: 0.00335, 0.00335, 0.05789, 0.03651, 9.04%
Test - Best epoch, Loss, MSE, RMSE, MAE, MAPE: 3, 0.00312, 0.00312, 0.05584, 0.03572, 8.30%
Time spent: 3.15s
- Epoch 005, ExpID 5787
Train - Loss (one batch): 0.00186
Val - Loss, MSE, RMSE, MAE, MAPE: 0.00311, 0.00311, 0.05578, 0.03350, 8.48%
Test - Best epoch, Loss, MSE, RMSE, MAE, MAPE: 5, 0.00296, 0.00296, 0.05443, 0.03286, 7.49%
Time spent: 3.62s
- Epoch 006, ExpID 5787
Train - Loss (one batch): 0.00166
Val - Loss, MSE, RMSE, MAE, MAPE: 0.00335, 0.00335, 0.05787, 0.03787, 9.58%
Test - Best epoch, Loss, MSE, RMSE, MAE, MAPE: 5, 0.00296, 0.00296, 0.05443, 0.03286, 7.49%
Time spent: 3.20s
- Epoch 007, ExpID 5787
Train - Loss (one batch): 0.00325
Val - Loss, MSE, RMSE, MAE, MAPE: 0.00304, 0.00304, 0.05517, 0.03331, 8.51%
Test - Best epoch, Loss, MSE, RMSE, MAE, MAPE: 7, 0.00291, 0.00291, 0.05394, 0.03275, 7.53%
Time spent: 3.55s
- Epoch 008, ExpID 5787
Train - Loss (one batch): 0.00314
Val - Loss, MSE, RMSE, MAE, MAPE: 0.00297, 0.00297, 0.05450, 0.03302, 8.56%
Test - Best epoch, Loss, MSE, RMSE, MAE, MAPE: 8, 0.00284, 0.00284, 0.05332, 0.03259, 7.59%
Time spent: 3.55s
- Epoch 009, ExpID 5787
Train - Loss (one batch): 0.00232
Val - Loss, MSE, RMSE, MAE, MAPE: 0.00311, 0.00311, 0.05574, 0.03522, 9.12%
Test - Best epoch, Loss, MSE, RMSE, MAE, MAPE: 8, 0.00284, 0.00284, 0.05332, 0.03259, 7.59%
Time spent: 3.17s
- Epoch 010, ExpID 5787
Train - Loss (one batch): 0.00239
Val - Loss, MSE, RMSE, MAE, MAPE: 0.00363, 0.00363, 0.06021, 0.04197, 10.69%
Test - Best epoch, Loss, MSE, RMSE, MAE, MAPE: 8, 0.00284, 0.00284, 0.05332, 0.03259, 7.59%
Time spent: 3.15s
- Epoch 011, ExpID 5787
Train - Loss (one batch): 0.00260
Val - Loss, MSE, RMSE, MAE, MAPE: 0.00310, 0.00310, 0.05564, 0.03514, 8.81%
Test - Best epoch, Loss, MSE, RMSE, MAE, MAPE: 8, 0.00284, 0.00284, 0.05332, 0.03259, 7.59%
Time spent: 3.16s
- Epoch 012, ExpID 5787
Train - Loss (one batch): 0.00208
Val - Loss, MSE, RMSE, MAE, MAPE: 0.00296, 0.00296, 0.05443, 0.03337, 8.42%
Test - Best epoch, Loss, MSE, RMSE, MAE, MAPE: 12, 0.00285, 0.00285, 0.05339, 0.03299, 7.50%
Time spent: 3.60s
- Epoch 013, ExpID 5787
Train - Loss (one batch): 0.00195
Val - Loss, MSE, RMSE, MAE, MAPE: 0.00283, 0.00283, 0.05319, 0.03220, 8.23%
Test - Best epoch, Loss, MSE, RMSE, MAE, MAPE: 13, 0.00272, 0.00272, 0.05220, 0.03189, 7.29%
Time spent: 3.62s
- Epoch 014, ExpID 5787
Train - Loss (one batch): 0.00199
Val - Loss, MSE, RMSE, MAE, MAPE: 0.00291, 0.00291, 0.05398, 0.03408, 8.44%
Test - Best epoch, Loss, MSE, RMSE, MAE, MAPE: 13, 0.00272, 0.00272, 0.05220, 0.03189, 7.29%
Time spent: 3.16s
- Epoch 015, ExpID 5787
Train - Loss (one batch): 0.00302
Val - Loss, MSE, RMSE, MAE, MAPE: 0.00291, 0.00291, 0.05390, 0.03371, 8.40%
Test - Best epoch, Loss, MSE, RMSE, MAE, MAPE: 13, 0.00272, 0.00272, 0.05220, 0.03189, 7.29%
Time spent: 3.16s
- Epoch 016, ExpID 5787
Train - Loss (one batch): 0.00255
Val - Loss, MSE, RMSE, MAE, MAPE: 0.00295, 0.00295, 0.05429, 0.03492, 9.02%
Test - Best epoch, Loss, MSE, RMSE, MAE, MAPE: 13, 0.00272, 0.00272, 0.05220, 0.03189, 7.29%
Time spent: 3.20s
- Epoch 017, ExpID 5787
Train - Loss (one batch): 0.00274
Val - Loss, MSE, RMSE, MAE, MAPE: 0.00305, 0.00305, 0.05522, 0.03608, 9.11%
Test - Best epoch, Loss, MSE, RMSE, MAE, MAPE: 13, 0.00272, 0.00272, 0.05220, 0.03189, 7.29%
Time spent: 3.14s
- Epoch 018, ExpID 5787
Train - Loss (one batch): 0.00380
Val - Loss, MSE, RMSE, MAE, MAPE: 0.00283, 0.00283, 0.05321, 0.03322, 8.49%
Test - Best epoch, Loss, MSE, RMSE, MAE, MAPE: 13, 0.00272, 0.00272, 0.05220, 0.03189, 7.29%
Time spent: 3.16s
- Epoch 019, ExpID 5787
Train - Loss (one batch): 0.00245
Val - Loss, MSE, RMSE, MAE, MAPE: 0.00368, 0.00368, 0.06065, 0.04367, 10.70%
Test - Best epoch, Loss, MSE, RMSE, MAE, MAPE: 13, 0.00272, 0.00272, 0.05220, 0.03189, 7.29%
Time spent: 3.17s
- Epoch 020, ExpID 5787
Train - Loss (one batch): 0.00225
Val - Loss, MSE, RMSE, MAE, MAPE: 0.00275, 0.00275, 0.05246, 0.03208, 8.22%
Test - Best epoch, Loss, MSE, RMSE, MAE, MAPE: 20, 0.00267, 0.00267, 0.05163, 0.03184, 7.31%
Time spent: 3.59s
- Epoch 021, ExpID 5787
Train - Loss (one batch): 0.00224
Val - Loss, MSE, RMSE, MAE, MAPE: 0.00278, 0.00278, 0.05271, 0.03258, 8.52%
Test - Best epoch, Loss, MSE, RMSE, MAE, MAPE: 20, 0.00267, 0.00267, 0.05163, 0.03184, 7.31%
Time spent: 3.18s
- Epoch 022, ExpID 5787
Train - Loss (one batch): 0.00249
Val - Loss, MSE, RMSE, MAE, MAPE: 0.00296, 0.00296, 0.05437, 0.03476, 8.55%
Test - Best epoch, Loss, MSE, RMSE, MAE, MAPE: 20, 0.00267, 0.00267, 0.05163, 0.03184, 7.31%
Time spent: 3.19s
- Epoch 023, ExpID 5787
Train - Loss (one batch): 0.00321
Val - Loss, MSE, RMSE, MAE, MAPE: 0.00273, 0.00273, 0.05224, 0.03172, 8.15%
Test - Best epoch, Loss, MSE, RMSE, MAE, MAPE: 23, 0.00265, 0.00265, 0.05152, 0.03159, 7.26%
Time spent: 3.59s
- Epoch 024, ExpID 5787
Train - Loss (one batch): 0.00215
Val - Loss, MSE, RMSE, MAE, MAPE: 0.00288, 0.00288, 0.05367, 0.03430, 8.76%
Test - Best epoch, Loss, MSE, RMSE, MAE, MAPE: 23, 0.00265, 0.00265, 0.05152, 0.03159, 7.26%
Time spent: 3.13s
- Epoch 025, ExpID 5787
Train - Loss (one batch): 0.00338
Val - Loss, MSE, RMSE, MAE, MAPE: 0.00286, 0.00286, 0.05344, 0.03370, 8.64%
Test - Best epoch, Loss, MSE, RMSE, MAE, MAPE: 23, 0.00265, 0.00265, 0.05152, 0.03159, 7.26%
Time spent: 3.21s
- Epoch 026, ExpID 5787
Train - Loss (one batch): 0.00210
Val - Loss, MSE, RMSE, MAE, MAPE: 0.00278, 0.00278, 0.05273, 0.03247, 8.33%
Test - Best epoch, Loss, MSE, RMSE, MAE, MAPE: 23, 0.00265, 0.00265, 0.05152, 0.03159, 7.26%
Time spent: 3.20s
- Epoch 027, ExpID 5787
Train - Loss (one batch): 0.00205
Val - Loss, MSE, RMSE, MAE, MAPE: 0.00294, 0.00294, 0.05422, 0.03505, 8.83%
Test - Best epoch, Loss, MSE, RMSE, MAE, MAPE: 23, 0.00265, 0.00265, 0.05152, 0.03159, 7.26%
Time spent: 3.15s
- Epoch 028, ExpID 5787
Train - Loss (one batch): 0.00171
Val - Loss, MSE, RMSE, MAE, MAPE: 0.00273, 0.00273, 0.05222, 0.03203, 8.36%
Test - Best epoch, Loss, MSE, RMSE, MAE, MAPE: 28, 0.00266, 0.00266, 0.05160, 0.03205, 7.45%
Time spent: 3.61s
- Epoch 029, ExpID 5787
Train - Loss (one batch): 0.00215
Val - Loss, MSE, RMSE, MAE, MAPE: 0.00276, 0.00276, 0.05252, 0.03257, 8.46%
Test - Best epoch, Loss, MSE, RMSE, MAE, MAPE: 28, 0.00266, 0.00266, 0.05160, 0.03205, 7.45%
Time spent: 3.15s
- Epoch 030, ExpID 5787
Train - Loss (one batch): 0.00235
Val - Loss, MSE, RMSE, MAE, MAPE: 0.00273, 0.00273, 0.05225, 0.03164, 8.07%
Test - Best epoch, Loss, MSE, RMSE, MAE, MAPE: 28, 0.00266, 0.00266, 0.05160, 0.03205, 7.45%
Time spent: 3.13s
- Epoch 031, ExpID 5787
Train - Loss (one batch): 0.00126
Val - Loss, MSE, RMSE, MAE, MAPE: 0.00285, 0.00285, 0.05339, 0.03392, 8.56%
Test - Best epoch, Loss, MSE, RMSE, MAE, MAPE: 28, 0.00266, 0.00266, 0.05160, 0.03205, 7.45%
Time spent: 3.15s
- Epoch 032, ExpID 5787
Train - Loss (one batch): 0.00305
Val - Loss, MSE, RMSE, MAE, MAPE: 0.00272, 0.00272, 0.05219, 0.03198, 8.12%
Test - Best epoch, Loss, MSE, RMSE, MAE, MAPE: 32, 0.00264, 0.00264, 0.05139, 0.03172, 7.23%
Time spent: 3.55s
- Epoch 033, ExpID 5787
Train - Loss (one batch): 0.00272
Val - Loss, MSE, RMSE, MAE, MAPE: 0.00285, 0.00285, 0.05343, 0.03433, 8.96%
Test - Best epoch, Loss, MSE, RMSE, MAE, MAPE: 32, 0.00264, 0.00264, 0.05139, 0.03172, 7.23%
Time spent: 3.08s
- Epoch 034, ExpID 5787
Train - Loss (one batch): 0.00162
Val - Loss, MSE, RMSE, MAE, MAPE: 0.00271, 0.00271, 0.05210, 0.03205, 8.27%
Test - Best epoch, Loss, MSE, RMSE, MAE, MAPE: 34, 0.00263, 0.00263, 0.05126, 0.03191, 7.40%
Time spent: 3.58s
- Epoch 035, ExpID 5787
Train - Loss (one batch): 0.00263
Val - Loss, MSE, RMSE, MAE, MAPE: 0.00276, 0.00276, 0.05257, 0.03243, 8.22%
Test - Best epoch, Loss, MSE, RMSE, MAE, MAPE: 34, 0.00263, 0.00263, 0.05126, 0.03191, 7.40%
Time spent: 3.14s
- Epoch 036, ExpID 5787
Train - Loss (one batch): 0.00262
Val - Loss, MSE, RMSE, MAE, MAPE: 0.00282, 0.00282, 0.05314, 0.03336, 8.41%
Test - Best epoch, Loss, MSE, RMSE, MAE, MAPE: 34, 0.00263, 0.00263, 0.05126, 0.03191, 7.40%
Time spent: 3.10s
- Epoch 037, ExpID 5787
Train - Loss (one batch): 0.00219
Val - Loss, MSE, RMSE, MAE, MAPE: 0.00273, 0.00273, 0.05226, 0.03219, 8.13%
Test - Best epoch, Loss, MSE, RMSE, MAE, MAPE: 34, 0.00263, 0.00263, 0.05126, 0.03191, 7.40%
Time spent: 3.05s
- Epoch 038, ExpID 5787
Train - Loss (one batch): 0.00286
Val - Loss, MSE, RMSE, MAE, MAPE: 0.00300, 0.00300, 0.05476, 0.03602, 8.99%
Test - Best epoch, Loss, MSE, RMSE, MAE, MAPE: 34, 0.00263, 0.00263, 0.05126, 0.03191, 7.40%
Time spent: 3.00s
- Epoch 039, ExpID 5787
Train - Loss (one batch): 0.00255
Val - Loss, MSE, RMSE, MAE, MAPE: 0.00281, 0.00281, 0.05306, 0.03383, 8.71%
Test - Best epoch, Loss, MSE, RMSE, MAE, MAPE: 34, 0.00263, 0.00263, 0.05126, 0.03191, 7.40%
Time spent: 3.00s
- Epoch 040, ExpID 5787
Train - Loss (one batch): 0.00276
Val - Loss, MSE, RMSE, MAE, MAPE: 0.00266, 0.00266, 0.05159, 0.03099, 7.83%
Test - Best epoch, Loss, MSE, RMSE, MAE, MAPE: 40, 0.00259, 0.00259, 0.05087, 0.03097, 7.04%
Time spent: 3.44s
- Epoch 041, ExpID 5787
Train - Loss (one batch): 0.00265
Val - Loss, MSE, RMSE, MAE, MAPE: 0.00284, 0.00284, 0.05328, 0.03329, 8.37%
Test - Best epoch, Loss, MSE, RMSE, MAE, MAPE: 40, 0.00259, 0.00259, 0.05087, 0.03097, 7.04%
Time spent: 3.14s
- Epoch 042, ExpID 5787
Train - Loss (one batch): 0.00214
Val - Loss, MSE, RMSE, MAE, MAPE: 0.00264, 0.00264, 0.05140, 0.03110, 8.00%
Test - Best epoch, Loss, MSE, RMSE, MAE, MAPE: 42, 0.00257, 0.00257, 0.05072, 0.03108, 7.16%
Time spent: 3.56s
- Epoch 043, ExpID 5787
Train - Loss (one batch): 0.00183
Val - Loss, MSE, RMSE, MAE, MAPE: 0.00281, 0.00281, 0.05299, 0.03319, 8.33%
Test - Best epoch, Loss, MSE, RMSE, MAE, MAPE: 42, 0.00257, 0.00257, 0.05072, 0.03108, 7.16%
Time spent: 3.18s
- Epoch 044, ExpID 5787
Train - Loss (one batch): 0.00196
Val - Loss, MSE, RMSE, MAE, MAPE: 0.00277, 0.00277, 0.05263, 0.03250, 8.29%
Test - Best epoch, Loss, MSE, RMSE, MAE, MAPE: 42, 0.00257, 0.00257, 0.05072, 0.03108, 7.16%
Time spent: 3.15s
- Epoch 045, ExpID 5787
Train - Loss (one batch): 0.00269
Val - Loss, MSE, RMSE, MAE, MAPE: 0.00270, 0.00270, 0.05198, 0.03149, 8.00%
Test - Best epoch, Loss, MSE, RMSE, MAE, MAPE: 42, 0.00257, 0.00257, 0.05072, 0.03108, 7.16%
Time spent: 3.20s
- Epoch 046, ExpID 5787
Train - Loss (one batch): 0.00238
Val - Loss, MSE, RMSE, MAE, MAPE: 0.00274, 0.00274, 0.05237, 0.03200, 8.27%
Test - Best epoch, Loss, MSE, RMSE, MAE, MAPE: 42, 0.00257, 0.00257, 0.05072, 0.03108, 7.16%
Time spent: 3.11s
- Epoch 047, ExpID 5787
Train - Loss (one batch): 0.00367
Val - Loss, MSE, RMSE, MAE, MAPE: 0.00283, 0.00283, 0.05323, 0.03355, 8.71%
Test - Best epoch, Loss, MSE, RMSE, MAE, MAPE: 42, 0.00257, 0.00257, 0.05072, 0.03108, 7.16%
Time spent: 3.13s
- Epoch 048, ExpID 5787
Train - Loss (one batch): 0.00179
Val - Loss, MSE, RMSE, MAE, MAPE: 0.00276, 0.00276, 0.05255, 0.03231, 8.11%
Test - Best epoch, Loss, MSE, RMSE, MAE, MAPE: 42, 0.00257, 0.00257, 0.05072, 0.03108, 7.16%
Time spent: 3.14s
- Epoch 049, ExpID 5787
Train - Loss (one batch): 0.00210
Val - Loss, MSE, RMSE, MAE, MAPE: 0.00323, 0.00323, 0.05686, 0.03856, 9.38%
Test - Best epoch, Loss, MSE, RMSE, MAE, MAPE: 42, 0.00257, 0.00257, 0.05072, 0.03108, 7.16%
Time spent: 3.12s
- Epoch 050, ExpID 5787
Train - Loss (one batch): 0.00288
Val - Loss, MSE, RMSE, MAE, MAPE: 0.00268, 0.00268, 0.05179, 0.03119, 8.06%
Test - Best epoch, Loss, MSE, RMSE, MAE, MAPE: 42, 0.00257, 0.00257, 0.05072, 0.03108, 7.16%
Time spent: 3.07s
- Epoch 051, ExpID 5787
Train - Loss (one batch): 0.00188
Val - Loss, MSE, RMSE, MAE, MAPE: 0.00266, 0.00266, 0.05158, 0.03096, 7.94%
Test - Best epoch, Loss, MSE, RMSE, MAE, MAPE: 42, 0.00257, 0.00257, 0.05072, 0.03108, 7.16%
Time spent: 2.98s
- Epoch 052, ExpID 5787
Train - Loss (one batch): 0.00279
Val - Loss, MSE, RMSE, MAE, MAPE: 0.00281, 0.00281, 0.05297, 0.03352, 8.60%
Test - Best epoch, Loss, MSE, RMSE, MAE, MAPE: 42, 0.00257, 0.00257, 0.05072, 0.03108, 7.16%
Time spent: 2.97s
/home/ouass/Test/MSP-IMTS/tPatchGNN/run_models.py
2026-03-16 01:56:04
run_models.py --dataset activity --state def --history 3000 --batch_size 32 --lr 1e-3 --nhead 1 --patience 10 --tf_layer 1 --nlayer 1 --te_dim 10 --node_dim 10 --hid_dim 34 --outlayer Linear --seed 2 --gpu 0 --multi_scales 300,600,1200 --multi_strides 150,300,600 --metric per_dim --fusion concat
Namespace(multi_scales='300,600,1200', multi_strides='150,300,600', fusion='concat', state='def', n=100000000, hop=1, nhead=1, tf_layer=1, nlayer=1, epoch=1000, patience=10, history=3000, patch_size=24, stride=24, logmode='a', lr=0.001, w_decay=0.0, batch_size=32, save='experiments/', load=None, seed=2, dataset='activity', quantization=0.0, model='tPatchGNN', outlayer='Linear', hid_dim=34, te_dim=10, node_dim=10, gpu='0', metric='per_dim', npatch=125, device=device(type='cuda'), PID=3445629, pred_window=1000, ndim=12)
- Epoch 000, ExpID 59771
Train - Loss (one batch): 0.00596
Val - Loss, MSE, RMSE, MAE, MAPE: 0.00572, 0.00572, 0.07565, 0.05414, 14.20%
Test - Best epoch, Loss, MSE, RMSE, MAE, MAPE: 0, 0.00548, 0.00548, 0.07405, 0.05263, 12.50%
Time spent: 3.50s
- Epoch 001, ExpID 59771
Train - Loss (one batch): 0.00300
Val - Loss, MSE, RMSE, MAE, MAPE: 0.00333, 0.00333, 0.05766, 0.03581, 9.13%
Test - Best epoch, Loss, MSE, RMSE, MAE, MAPE: 1, 0.00314, 0.00314, 0.05608, 0.03499, 8.03%
Time spent: 3.44s
- Epoch 002, ExpID 59771
Train - Loss (one batch): 0.00265
Val - Loss, MSE, RMSE, MAE, MAPE: 0.00347, 0.00347, 0.05887, 0.03867, 10.11%
Test - Best epoch, Loss, MSE, RMSE, MAE, MAPE: 1, 0.00314, 0.00314, 0.05608, 0.03499, 8.03%
Time spent: 3.14s
- Epoch 003, ExpID 59771
Train - Loss (one batch): 0.00212
Val - Loss, MSE, RMSE, MAE, MAPE: 0.00316, 0.00316, 0.05623, 0.03483, 8.96%
Test - Best epoch, Loss, MSE, RMSE, MAE, MAPE: 3, 0.00300, 0.00300, 0.05477, 0.03419, 7.92%
Time spent: 3.50s
- Epoch 004, ExpID 59771
Train - Loss (one batch): 0.00303
Val - Loss, MSE, RMSE, MAE, MAPE: 0.00323, 0.00323, 0.05681, 0.03572, 9.17%
Test - Best epoch, Loss, MSE, RMSE, MAE, MAPE: 3, 0.00300, 0.00300, 0.05477, 0.03419, 7.92%
Time spent: 3.13s
- Epoch 005, ExpID 59771
Train - Loss (one batch): 0.00283
Val - Loss, MSE, RMSE, MAE, MAPE: 0.00396, 0.00396, 0.06291, 0.04460, 11.07%
Test - Best epoch, Loss, MSE, RMSE, MAE, MAPE: 3, 0.00300, 0.00300, 0.05477, 0.03419, 7.92%
Time spent: 3.13s
- Epoch 006, ExpID 59771
Train - Loss (one batch): 0.00252
Val - Loss, MSE, RMSE, MAE, MAPE: 0.00315, 0.00315, 0.05612, 0.03492, 8.91%
Test - Best epoch, Loss, MSE, RMSE, MAE, MAPE: 6, 0.00300, 0.00300, 0.05480, 0.03444, 7.91%
Time spent: 3.50s
- Epoch 007, ExpID 59771
Train - Loss (one batch): 0.00295
Val - Loss, MSE, RMSE, MAE, MAPE: 0.00348, 0.00348, 0.05901, 0.03982, 10.33%
Test - Best epoch, Loss, MSE, RMSE, MAE, MAPE: 6, 0.00300, 0.00300, 0.05480, 0.03444, 7.91%
Time spent: 3.04s
- Epoch 008, ExpID 59771
Train - Loss (one batch): 0.00317
Val - Loss, MSE, RMSE, MAE, MAPE: 0.00354, 0.00354, 0.05948, 0.04021, 10.03%
Test - Best epoch, Loss, MSE, RMSE, MAE, MAPE: 6, 0.00300, 0.00300, 0.05480, 0.03444, 7.91%
Time spent: 3.02s
- Epoch 009, ExpID 59771
Train - Loss (one batch): 0.00306
Val - Loss, MSE, RMSE, MAE, MAPE: 0.00301, 0.00301, 0.05488, 0.03339, 8.47%
Test - Best epoch, Loss, MSE, RMSE, MAE, MAPE: 9, 0.00286, 0.00286, 0.05347, 0.03272, 7.46%
Time spent: 3.48s
- Epoch 010, ExpID 59771
Train - Loss (one batch): 0.00162
Val - Loss, MSE, RMSE, MAE, MAPE: 0.00302, 0.00302, 0.05500, 0.03368, 8.71%
Test - Best epoch, Loss, MSE, RMSE, MAE, MAPE: 9, 0.00286, 0.00286, 0.05347, 0.03272, 7.46%
Time spent: 3.20s
- Epoch 011, ExpID 59771
Train - Loss (one batch): 0.00214
Val - Loss, MSE, RMSE, MAE, MAPE: 0.00323, 0.00323, 0.05684, 0.03665, 9.24%
Test - Best epoch, Loss, MSE, RMSE, MAE, MAPE: 9, 0.00286, 0.00286, 0.05347, 0.03272, 7.46%
Time spent: 3.14s
- Epoch 012, ExpID 59771
Train - Loss (one batch): 0.00347
Val - Loss, MSE, RMSE, MAE, MAPE: 0.00316, 0.00316, 0.05623, 0.03588, 9.19%
Test - Best epoch, Loss, MSE, RMSE, MAE, MAPE: 9, 0.00286, 0.00286, 0.05347, 0.03272, 7.46%
Time spent: 3.15s
- Epoch 013, ExpID 59771
Train - Loss (one batch): 0.00197
Val - Loss, MSE, RMSE, MAE, MAPE: 0.00389, 0.00389, 0.06239, 0.04467, 11.21%
Test - Best epoch, Loss, MSE, RMSE, MAE, MAPE: 9, 0.00286, 0.00286, 0.05347, 0.03272, 7.46%
Time spent: 3.13s
- Epoch 014, ExpID 59771
Train - Loss (one batch): 0.00265
Val - Loss, MSE, RMSE, MAE, MAPE: 0.00310, 0.00310, 0.05571, 0.03489, 8.77%
Test - Best epoch, Loss, MSE, RMSE, MAE, MAPE: 9, 0.00286, 0.00286, 0.05347, 0.03272, 7.46%
Time spent: 3.01s
- Epoch 015, ExpID 59771
Train - Loss (one batch): 0.00225
Val - Loss, MSE, RMSE, MAE, MAPE: 0.00316, 0.00316, 0.05623, 0.03583, 9.06%
Test - Best epoch, Loss, MSE, RMSE, MAE, MAPE: 9, 0.00286, 0.00286, 0.05347, 0.03272, 7.46%
Time spent: 3.02s
- Epoch 016, ExpID 59771
Train - Loss (one batch): 0.00214
Val - Loss, MSE, RMSE, MAE, MAPE: 0.00301, 0.00301, 0.05487, 0.03432, 8.89%
Test - Best epoch, Loss, MSE, RMSE, MAE, MAPE: 16, 0.00288, 0.00288, 0.05362, 0.03389, 7.88%
Time spent: 3.45s
- Epoch 017, ExpID 59771
Train - Loss (one batch): 0.00348
Val - Loss, MSE, RMSE, MAE, MAPE: 0.00368, 0.00368, 0.06069, 0.04303, 11.06%
Test - Best epoch, Loss, MSE, RMSE, MAE, MAPE: 16, 0.00288, 0.00288, 0.05362, 0.03389, 7.88%
Time spent: 3.11s
- Epoch 018, ExpID 59771
Train - Loss (one batch): 0.00329
Val - Loss, MSE, RMSE, MAE, MAPE: 0.00299, 0.00299, 0.05464, 0.03408, 8.88%
Test - Best epoch, Loss, MSE, RMSE, MAE, MAPE: 18, 0.00286, 0.00286, 0.05347, 0.03370, 7.86%
Time spent: 3.58s
- Epoch 019, ExpID 59771
Train - Loss (one batch): 0.00228
Val - Loss, MSE, RMSE, MAE, MAPE: 0.00306, 0.00306, 0.05528, 0.03460, 8.76%
Test - Best epoch, Loss, MSE, RMSE, MAE, MAPE: 18, 0.00286, 0.00286, 0.05347, 0.03370, 7.86%
Time spent: 3.14s
- Epoch 020, ExpID 59771
Train - Loss (one batch): 0.00253
Val - Loss, MSE, RMSE, MAE, MAPE: 0.00324, 0.00324, 0.05689, 0.03760, 9.52%
Test - Best epoch, Loss, MSE, RMSE, MAE, MAPE: 18, 0.00286, 0.00286, 0.05347, 0.03370, 7.86%
Time spent: 3.17s
- Epoch 021, ExpID 59771
Train - Loss (one batch): 0.00226
Val - Loss, MSE, RMSE, MAE, MAPE: 0.00294, 0.00294, 0.05427, 0.03372, 8.84%
Test - Best epoch, Loss, MSE, RMSE, MAE, MAPE: 21, 0.00282, 0.00282, 0.05311, 0.03335, 7.81%
Time spent: 3.58s
- Epoch 022, ExpID 59771
Train - Loss (one batch): 0.00136
Val - Loss, MSE, RMSE, MAE, MAPE: 0.00330, 0.00330, 0.05747, 0.03803, 9.46%
Test - Best epoch, Loss, MSE, RMSE, MAE, MAPE: 21, 0.00282, 0.00282, 0.05311, 0.03335, 7.81%
Time spent: 3.13s
- Epoch 023, ExpID 59771
Train - Loss (one batch): 0.00226
Val - Loss, MSE, RMSE, MAE, MAPE: 0.00289, 0.00289, 0.05380, 0.03282, 8.43%
Test - Best epoch, Loss, MSE, RMSE, MAE, MAPE: 23, 0.00276, 0.00276, 0.05251, 0.03249, 7.44%
Time spent: 3.54s
- Epoch 024, ExpID 59771
Train - Loss (one batch): 0.00273
Val - Loss, MSE, RMSE, MAE, MAPE: 0.00329, 0.00329, 0.05739, 0.03883, 9.99%
Test - Best epoch, Loss, MSE, RMSE, MAE, MAPE: 23, 0.00276, 0.00276, 0.05251, 0.03249, 7.44%
Time spent: 3.11s
- Epoch 025, ExpID 59771
Train - Loss (one batch): 0.00215
Val - Loss, MSE, RMSE, MAE, MAPE: 0.00324, 0.00324, 0.05689, 0.03780, 9.51%
Test - Best epoch, Loss, MSE, RMSE, MAE, MAPE: 23, 0.00276, 0.00276, 0.05251, 0.03249, 7.44%
Time spent: 3.14s
- Epoch 026, ExpID 59771
Train - Loss (one batch): 0.00177
Val - Loss, MSE, RMSE, MAE, MAPE: 0.00297, 0.00297, 0.05446, 0.03340, 8.41%
Test - Best epoch, Loss, MSE, RMSE, MAE, MAPE: 23, 0.00276, 0.00276, 0.05251, 0.03249, 7.44%
Time spent: 3.15s
- Epoch 027, ExpID 59771
Train - Loss (one batch): 0.00345
Val - Loss, MSE, RMSE, MAE, MAPE: 0.00292, 0.00292, 0.05401, 0.03363, 8.79%
Test - Best epoch, Loss, MSE, RMSE, MAE, MAPE: 23, 0.00276, 0.00276, 0.05251, 0.03249, 7.44%
Time spent: 3.18s
- Epoch 028, ExpID 59771
Train - Loss (one batch): 0.00204
Val - Loss, MSE, RMSE, MAE, MAPE: 0.00342, 0.00342, 0.05849, 0.04039, 10.19%
Test - Best epoch, Loss, MSE, RMSE, MAE, MAPE: 23, 0.00276, 0.00276, 0.05251, 0.03249, 7.44%
Time spent: 3.16s
- Epoch 029, ExpID 59771
Train - Loss (one batch): 0.00305
Val - Loss, MSE, RMSE, MAE, MAPE: 0.00291, 0.00291, 0.05397, 0.03352, 8.64%
Test - Best epoch, Loss, MSE, RMSE, MAE, MAPE: 23, 0.00276, 0.00276, 0.05251, 0.03249, 7.44%
Time spent: 3.08s
- Epoch 030, ExpID 59771
Train - Loss (one batch): 0.00238
Val - Loss, MSE, RMSE, MAE, MAPE: 0.00341, 0.00341, 0.05843, 0.04050, 10.26%
Test - Best epoch, Loss, MSE, RMSE, MAE, MAPE: 23, 0.00276, 0.00276, 0.05251, 0.03249, 7.44%
Time spent: 3.03s
- Epoch 031, ExpID 59771
Train - Loss (one batch): 0.00190
Val - Loss, MSE, RMSE, MAE, MAPE: 0.00314, 0.00314, 0.05600, 0.03630, 9.04%
Test - Best epoch, Loss, MSE, RMSE, MAE, MAPE: 23, 0.00276, 0.00276, 0.05251, 0.03249, 7.44%
Time spent: 3.12s
- Epoch 032, ExpID 59771
Train - Loss (one batch): 0.00363
Val - Loss, MSE, RMSE, MAE, MAPE: 0.00322, 0.00322, 0.05673, 0.03776, 9.48%
Test - Best epoch, Loss, MSE, RMSE, MAE, MAPE: 23, 0.00276, 0.00276, 0.05251, 0.03249, 7.44%
Time spent: 3.22s
- Epoch 033, ExpID 59771
Train - Loss (one batch): 0.00190
Val - Loss, MSE, RMSE, MAE, MAPE: 0.00287, 0.00287, 0.05354, 0.03302, 8.30%
Test - Best epoch, Loss, MSE, RMSE, MAE, MAPE: 33, 0.00276, 0.00276, 0.05253, 0.03288, 7.42%
Time spent: 3.62s
- Epoch 034, ExpID 59771
Train - Loss (one batch): 0.00212
Val - Loss, MSE, RMSE, MAE, MAPE: 0.00320, 0.00320, 0.05659, 0.03765, 9.41%
Test - Best epoch, Loss, MSE, RMSE, MAE, MAPE: 33, 0.00276, 0.00276, 0.05253, 0.03288, 7.42%
Time spent: 3.14s
- Epoch 035, ExpID 59771
Train - Loss (one batch): 0.00268
Val - Loss, MSE, RMSE, MAE, MAPE: 0.00356, 0.00356, 0.05968, 0.04202, 10.45%
Test - Best epoch, Loss, MSE, RMSE, MAE, MAPE: 33, 0.00276, 0.00276, 0.05253, 0.03288, 7.42%
Time spent: 3.16s
- Epoch 036, ExpID 59771
Train - Loss (one batch): 0.00312
Val - Loss, MSE, RMSE, MAE, MAPE: 0.00281, 0.00281, 0.05299, 0.03235, 8.44%
Test - Best epoch, Loss, MSE, RMSE, MAE, MAPE: 36, 0.00271, 0.00271, 0.05204, 0.03213, 7.50%
Time spent: 3.45s
- Epoch 037, ExpID 59771
Train - Loss (one batch): 0.00208
Val - Loss, MSE, RMSE, MAE, MAPE: 0.00297, 0.00297, 0.05450, 0.03437, 8.93%
Test - Best epoch, Loss, MSE, RMSE, MAE, MAPE: 36, 0.00271, 0.00271, 0.05204, 0.03213, 7.50%
Time spent: 3.00s
- Epoch 038, ExpID 59771
Train - Loss (one batch): 0.00216
Val - Loss, MSE, RMSE, MAE, MAPE: 0.00289, 0.00289, 0.05379, 0.03311, 8.38%
Test - Best epoch, Loss, MSE, RMSE, MAE, MAPE: 36, 0.00271, 0.00271, 0.05204, 0.03213, 7.50%
Time spent: 3.13s
- Epoch 039, ExpID 59771
Train - Loss (one batch): 0.00177
Val - Loss, MSE, RMSE, MAE, MAPE: 0.00282, 0.00282, 0.05310, 0.03239, 8.41%
Test - Best epoch, Loss, MSE, RMSE, MAE, MAPE: 36, 0.00271, 0.00271, 0.05204, 0.03213, 7.50%
Time spent: 3.17s
- Epoch 040, ExpID 59771
Train - Loss (one batch): 0.00245
Val - Loss, MSE, RMSE, MAE, MAPE: 0.00291, 0.00291, 0.05397, 0.03395, 8.71%
Test - Best epoch, Loss, MSE, RMSE, MAE, MAPE: 36, 0.00271, 0.00271, 0.05204, 0.03213, 7.50%
Time spent: 3.11s
- Epoch 041, ExpID 59771
Train - Loss (one batch): 0.00198
Val - Loss, MSE, RMSE, MAE, MAPE: 0.00304, 0.00304, 0.05511, 0.03565, 9.17%
Test - Best epoch, Loss, MSE, RMSE, MAE, MAPE: 36, 0.00271, 0.00271, 0.05204, 0.03213, 7.50%
Time spent: 3.11s
- Epoch 042, ExpID 59771
Train - Loss (one batch): 0.00229
Val - Loss, MSE, RMSE, MAE, MAPE: 0.00301, 0.00301, 0.05483, 0.03491, 8.89%
Test - Best epoch, Loss, MSE, RMSE, MAE, MAPE: 36, 0.00271, 0.00271, 0.05204, 0.03213, 7.50%
Time spent: 3.12s
- Epoch 043, ExpID 59771
Train - Loss (one batch): 0.00276
Val - Loss, MSE, RMSE, MAE, MAPE: 0.00294, 0.00294, 0.05422, 0.03441, 8.87%
Test - Best epoch, Loss, MSE, RMSE, MAE, MAPE: 36, 0.00271, 0.00271, 0.05204, 0.03213, 7.50%
Time spent: 3.13s
- Epoch 044, ExpID 59771
Train - Loss (one batch): 0.00208
Val - Loss, MSE, RMSE, MAE, MAPE: 0.00279, 0.00279, 0.05279, 0.03197, 8.24%
Test - Best epoch, Loss, MSE, RMSE, MAE, MAPE: 44, 0.00268, 0.00268, 0.05180, 0.03180, 7.31%
Time spent: 3.59s
- Epoch 045, ExpID 59771
Train - Loss (one batch): 0.00196
Val - Loss, MSE, RMSE, MAE, MAPE: 0.00288, 0.00288, 0.05371, 0.03325, 8.46%
Test - Best epoch, Loss, MSE, RMSE, MAE, MAPE: 44, 0.00268, 0.00268, 0.05180, 0.03180, 7.31%
Time spent: 3.16s
- Epoch 046, ExpID 59771
Train - Loss (one batch): 0.00179
Val - Loss, MSE, RMSE, MAE, MAPE: 0.00293, 0.00293, 0.05415, 0.03355, 8.50%
Test - Best epoch, Loss, MSE, RMSE, MAE, MAPE: 44, 0.00268, 0.00268, 0.05180, 0.03180, 7.31%
Time spent: 3.02s
- Epoch 047, ExpID 59771
Train - Loss (one batch): 0.00216
Val - Loss, MSE, RMSE, MAE, MAPE: 0.00293, 0.00293, 0.05413, 0.03411, 8.69%
Test - Best epoch, Loss, MSE, RMSE, MAE, MAPE: 44, 0.00268, 0.00268, 0.05180, 0.03180, 7.31%
Time spent: 3.16s
- Epoch 048, ExpID 59771
Train - Loss (one batch): 0.00248
Val - Loss, MSE, RMSE, MAE, MAPE: 0.00291, 0.00291, 0.05393, 0.03400, 9.19%
Test - Best epoch, Loss, MSE, RMSE, MAE, MAPE: 44, 0.00268, 0.00268, 0.05180, 0.03180, 7.31%
Time spent: 3.16s
- Epoch 049, ExpID 59771
Train - Loss (one batch): 0.00285
Val - Loss, MSE, RMSE, MAE, MAPE: 0.00290, 0.00290, 0.05385, 0.03366, 8.82%
Test - Best epoch, Loss, MSE, RMSE, MAE, MAPE: 44, 0.00268, 0.00268, 0.05180, 0.03180, 7.31%
Time spent: 3.15s
- Epoch 050, ExpID 59771
Train - Loss (one batch): 0.00236
Val - Loss, MSE, RMSE, MAE, MAPE: 0.00274, 0.00274, 0.05233, 0.03178, 8.34%
Test - Best epoch, Loss, MSE, RMSE, MAE, MAPE: 50, 0.00266, 0.00266, 0.05157, 0.03175, 7.42%
Time spent: 3.58s
- Epoch 051, ExpID 59771
Train - Loss (one batch): 0.00311
Val - Loss, MSE, RMSE, MAE, MAPE: 0.00276, 0.00276, 0.05257, 0.03186, 8.29%
Test - Best epoch, Loss, MSE, RMSE, MAE, MAPE: 50, 0.00266, 0.00266, 0.05157, 0.03175, 7.42%
Time spent: 3.19s
- Epoch 052, ExpID 59771
Train - Loss (one batch): 0.00206
Val - Loss, MSE, RMSE, MAE, MAPE: 0.00284, 0.00284, 0.05329, 0.03272, 8.30%
Test - Best epoch, Loss, MSE, RMSE, MAE, MAPE: 50, 0.00266, 0.00266, 0.05157, 0.03175, 7.42%
Time spent: 3.16s
- Epoch 053, ExpID 59771
Train - Loss (one batch): 0.00295
Val - Loss, MSE, RMSE, MAE, MAPE: 0.00279, 0.00279, 0.05280, 0.03177, 8.15%
Test - Best epoch, Loss, MSE, RMSE, MAE, MAPE: 50, 0.00266, 0.00266, 0.05157, 0.03175, 7.42%
Time spent: 3.14s
- Epoch 054, ExpID 59771
Train - Loss (one batch): 0.00333
Val - Loss, MSE, RMSE, MAE, MAPE: 0.00276, 0.00276, 0.05256, 0.03216, 8.49%
Test - Best epoch, Loss, MSE, RMSE, MAE, MAPE: 50, 0.00266, 0.00266, 0.05157, 0.03175, 7.42%
Time spent: 3.17s
- Epoch 055, ExpID 59771
Train - Loss (one batch): 0.00258
Val - Loss, MSE, RMSE, MAE, MAPE: 0.00322, 0.00322, 0.05676, 0.03822, 9.79%
Test - Best epoch, Loss, MSE, RMSE, MAE, MAPE: 50, 0.00266, 0.00266, 0.05157, 0.03175, 7.42%
Time spent: 3.13s
- Epoch 056, ExpID 59771
Train - Loss (one batch): 0.00251
Val - Loss, MSE, RMSE, MAE, MAPE: 0.00301, 0.00301, 0.05482, 0.03490, 8.74%
Test - Best epoch, Loss, MSE, RMSE, MAE, MAPE: 50, 0.00266, 0.00266, 0.05157, 0.03175, 7.42%
Time spent: 3.15s
- Epoch 057, ExpID 59771
Train - Loss (one batch): 0.00329
Val - Loss, MSE, RMSE, MAE, MAPE: 0.00282, 0.00282, 0.05313, 0.03263, 8.25%
Test - Best epoch, Loss, MSE, RMSE, MAE, MAPE: 50, 0.00266, 0.00266, 0.05157, 0.03175, 7.42%
Time spent: 3.13s
- Epoch 058, ExpID 59771
Train - Loss (one batch): 0.00217
Val - Loss, MSE, RMSE, MAE, MAPE: 0.00307, 0.00307, 0.05539, 0.03651, 9.47%
Test - Best epoch, Loss, MSE, RMSE, MAE, MAPE: 50, 0.00266, 0.00266, 0.05157, 0.03175, 7.42%
Time spent: 3.15s
- Epoch 059, ExpID 59771
Train - Loss (one batch): 0.00302
Val - Loss, MSE, RMSE, MAE, MAPE: 0.00273, 0.00273, 0.05230, 0.03157, 8.35%
Test - Best epoch, Loss, MSE, RMSE, MAE, MAPE: 59, 0.00266, 0.00266, 0.05154, 0.03158, 7.33%
Time spent: 3.54s
- Epoch 060, ExpID 59771
Train - Loss (one batch): 0.00269
Val - Loss, MSE, RMSE, MAE, MAPE: 0.00285, 0.00285, 0.05337, 0.03288, 8.44%
Test - Best epoch, Loss, MSE, RMSE, MAE, MAPE: 59, 0.00266, 0.00266, 0.05154, 0.03158, 7.33%
Time spent: 3.02s
- Epoch 061, ExpID 59771
Train - Loss (one batch): 0.00227
Val - Loss, MSE, RMSE, MAE, MAPE: 0.00276, 0.00276, 0.05254, 0.03181, 8.33%
Test - Best epoch, Loss, MSE, RMSE, MAE, MAPE: 59, 0.00266, 0.00266, 0.05154, 0.03158, 7.33%
Time spent: 3.13s
- Epoch 062, ExpID 59771
Train - Loss (one batch): 0.00215
Val - Loss, MSE, RMSE, MAE, MAPE: 0.00276, 0.00276, 0.05256, 0.03189, 8.23%
Test - Best epoch, Loss, MSE, RMSE, MAE, MAPE: 59, 0.00266, 0.00266, 0.05154, 0.03158, 7.33%
Time spent: 3.18s
- Epoch 063, ExpID 59771
Train - Loss (one batch): 0.00239
Val - Loss, MSE, RMSE, MAE, MAPE: 0.00321, 0.00321, 0.05670, 0.03838, 9.95%
Test - Best epoch, Loss, MSE, RMSE, MAE, MAPE: 59, 0.00266, 0.00266, 0.05154, 0.03158, 7.33%
Time spent: 3.17s
- Epoch 064, ExpID 59771
Train - Loss (one batch): 0.00163
Val - Loss, MSE, RMSE, MAE, MAPE: 0.00283, 0.00283, 0.05317, 0.03231, 8.23%
Test - Best epoch, Loss, MSE, RMSE, MAE, MAPE: 59, 0.00266, 0.00266, 0.05154, 0.03158, 7.33%
Time spent: 3.17s
- Epoch 065, ExpID 59771
Train - Loss (one batch): 0.00362
Val - Loss, MSE, RMSE, MAE, MAPE: 0.00293, 0.00293, 0.05412, 0.03425, 8.77%
Test - Best epoch, Loss, MSE, RMSE, MAE, MAPE: 59, 0.00266, 0.00266, 0.05154, 0.03158, 7.33%
Time spent: 3.17s
- Epoch 066, ExpID 59771
Train - Loss (one batch): 0.00187
Val - Loss, MSE, RMSE, MAE, MAPE: 0.00285, 0.00285, 0.05339, 0.03298, 8.32%
Test - Best epoch, Loss, MSE, RMSE, MAE, MAPE: 59, 0.00266, 0.00266, 0.05154, 0.03158, 7.33%
Time spent: 3.16s
- Epoch 067, ExpID 59771
Train - Loss (one batch): 0.00392
Val - Loss, MSE, RMSE, MAE, MAPE: 0.00274, 0.00274, 0.05236, 0.03168, 8.17%
Test - Best epoch, Loss, MSE, RMSE, MAE, MAPE: 59, 0.00266, 0.00266, 0.05154, 0.03158, 7.33%
Time spent: 3.18s
- Epoch 068, ExpID 59771
Train - Loss (one batch): 0.00213
Val - Loss, MSE, RMSE, MAE, MAPE: 0.00275, 0.00275, 0.05244, 0.03177, 8.21%
Test - Best epoch, Loss, MSE, RMSE, MAE, MAPE: 59, 0.00266, 0.00266, 0.05154, 0.03158, 7.33%
Time spent: 3.19s
- Epoch 069, ExpID 59771
Train - Loss (one batch): 0.00233
Val - Loss, MSE, RMSE, MAE, MAPE: 0.00272, 0.00272, 0.05217, 0.03141, 8.07%
Test - Best epoch, Loss, MSE, RMSE, MAE, MAPE: 69, 0.00266, 0.00266, 0.05156, 0.03134, 7.20%
Time spent: 3.54s
- Epoch 070, ExpID 59771
Train - Loss (one batch): 0.00235
Val - Loss, MSE, RMSE, MAE, MAPE: 0.00280, 0.00280, 0.05293, 0.03239, 8.27%
Test - Best epoch, Loss, MSE, RMSE, MAE, MAPE: 69, 0.00266, 0.00266, 0.05156, 0.03134, 7.20%
Time spent: 3.01s
- Epoch 071, ExpID 59771
Train - Loss (one batch): 0.00241
Val - Loss, MSE, RMSE, MAE, MAPE: 0.00276, 0.00276, 0.05257, 0.03203, 8.35%
Test - Best epoch, Loss, MSE, RMSE, MAE, MAPE: 69, 0.00266, 0.00266, 0.05156, 0.03134, 7.20%
Time spent: 3.01s
- Epoch 072, ExpID 59771
Train - Loss (one batch): 0.00209
Val - Loss, MSE, RMSE, MAE, MAPE: 0.00298, 0.00298, 0.05460, 0.03519, 8.99%
Test - Best epoch, Loss, MSE, RMSE, MAE, MAPE: 69, 0.00266, 0.00266, 0.05156, 0.03134, 7.20%
Time spent: 3.14s
- Epoch 073, ExpID 59771
Train - Loss (one batch): 0.00187
Val - Loss, MSE, RMSE, MAE, MAPE: 0.00281, 0.00281, 0.05303, 0.03225, 8.35%
Test - Best epoch, Loss, MSE, RMSE, MAE, MAPE: 69, 0.00266, 0.00266, 0.05156, 0.03134, 7.20%
Time spent: 3.15s
- Epoch 074, ExpID 59771
Train - Loss (one batch): 0.00270
Val - Loss, MSE, RMSE, MAE, MAPE: 0.00302, 0.00302, 0.05498, 0.03531, 9.31%
Test - Best epoch, Loss, MSE, RMSE, MAE, MAPE: 69, 0.00266, 0.00266, 0.05156, 0.03134, 7.20%
Time spent: 3.10s
- Epoch 075, ExpID 59771
Train - Loss (one batch): 0.00198
Val - Loss, MSE, RMSE, MAE, MAPE: 0.00285, 0.00285, 0.05334, 0.03335, 8.79%
Test - Best epoch, Loss, MSE, RMSE, MAE, MAPE: 69, 0.00266, 0.00266, 0.05156, 0.03134, 7.20%
Time spent: 3.13s
- Epoch 076, ExpID 59771
Train - Loss (one batch): 0.00272
Val - Loss, MSE, RMSE, MAE, MAPE: 0.00301, 0.00301, 0.05484, 0.03546, 9.00%
Test - Best epoch, Loss, MSE, RMSE, MAE, MAPE: 69, 0.00266, 0.00266, 0.05156, 0.03134, 7.20%
Time spent: 3.02s
- Epoch 077, ExpID 59771
Train - Loss (one batch): 0.00282
Val - Loss, MSE, RMSE, MAE, MAPE: 0.00277, 0.00277, 0.05267, 0.03216, 8.34%
Test - Best epoch, Loss, MSE, RMSE, MAE, MAPE: 69, 0.00266, 0.00266, 0.05156, 0.03134, 7.20%
Time spent: 3.11s
- Epoch 078, ExpID 59771
Train - Loss (one batch): 0.00256
Val - Loss, MSE, RMSE, MAE, MAPE: 0.00276, 0.00276, 0.05254, 0.03181, 8.21%
Test - Best epoch, Loss, MSE, RMSE, MAE, MAPE: 69, 0.00266, 0.00266, 0.05156, 0.03134, 7.20%
Time spent: 3.12s
- Epoch 079, ExpID 59771
Train - Loss (one batch): 0.00298
Val - Loss, MSE, RMSE, MAE, MAPE: 0.00276, 0.00276, 0.05252, 0.03195, 8.16%
Test - Best epoch, Loss, MSE, RMSE, MAE, MAPE: 69, 0.00266, 0.00266, 0.05156, 0.03134, 7.20%
Time spent: 3.14s
/home/ouass/Test/MSP-IMTS/tPatchGNN/run_models.py
2026-03-16 02:00:24
run_models.py --dataset activity --state def --history 3000 --batch_size 32 --lr 1e-3 --nhead 1 --patience 10 --tf_layer 1 --nlayer 1 --te_dim 10 --node_dim 10 --hid_dim 34 --outlayer Linear --seed 3 --gpu 0 --multi_scales 300,600,1200 --multi_strides 150,300,600 --metric per_dim --fusion concat
Namespace(multi_scales='300,600,1200', multi_strides='150,300,600', fusion='concat', state='def', n=100000000, hop=1, nhead=1, tf_layer=1, nlayer=1, epoch=1000, patience=10, history=3000, patch_size=24, stride=24, logmode='a', lr=0.001, w_decay=0.0, batch_size=32, save='experiments/', load=None, seed=3, dataset='activity', quantization=0.0, model='tPatchGNN', outlayer='Linear', hid_dim=34, te_dim=10, node_dim=10, gpu='0', metric='per_dim', npatch=125, device=device(type='cuda'), PID=3445738, pred_window=1000, ndim=12)
- Epoch 000, ExpID 66498
Train - Loss (one batch): 0.00806
Val - Loss, MSE, RMSE, MAE, MAPE: 0.00669, 0.00669, 0.08176, 0.06148, 16.01%
Test - Best epoch, Loss, MSE, RMSE, MAE, MAPE: 0, 0.00629, 0.00629, 0.07933, 0.05932, 13.87%
Time spent: 3.48s
- Epoch 001, ExpID 66498
Train - Loss (one batch): 0.00328
Val - Loss, MSE, RMSE, MAE, MAPE: 0.00359, 0.00359, 0.05995, 0.03979, 9.74%
Test - Best epoch, Loss, MSE, RMSE, MAE, MAPE: 1, 0.00344, 0.00344, 0.05863, 0.03909, 8.68%
Time spent: 3.42s
- Epoch 002, ExpID 66498
Train - Loss (one batch): 0.00372
Val - Loss, MSE, RMSE, MAE, MAPE: 0.00313, 0.00313, 0.05594, 0.03421, 8.57%
Test - Best epoch, Loss, MSE, RMSE, MAE, MAPE: 2, 0.00299, 0.00299, 0.05466, 0.03364, 7.63%
Time spent: 3.40s
- Epoch 003, ExpID 66498
Train - Loss (one batch): 0.00316
Val - Loss, MSE, RMSE, MAE, MAPE: 0.00345, 0.00345, 0.05872, 0.03893, 9.33%
Test - Best epoch, Loss, MSE, RMSE, MAE, MAPE: 2, 0.00299, 0.00299, 0.05466, 0.03364, 7.63%
Time spent: 3.00s
- Epoch 004, ExpID 66498
Train - Loss (one batch): 0.00230
Val - Loss, MSE, RMSE, MAE, MAPE: 0.00379, 0.00379, 0.06153, 0.04374, 11.14%
Test - Best epoch, Loss, MSE, RMSE, MAE, MAPE: 2, 0.00299, 0.00299, 0.05466, 0.03364, 7.63%
Time spent: 3.00s
- Epoch 005, ExpID 66498
Train - Loss (one batch): 0.00271
Val - Loss, MSE, RMSE, MAE, MAPE: 0.00355, 0.00355, 0.05955, 0.04011, 9.56%
Test - Best epoch, Loss, MSE, RMSE, MAE, MAPE: 2, 0.00299, 0.00299, 0.05466, 0.03364, 7.63%
Time spent: 3.01s
- Epoch 006, ExpID 66498
Train - Loss (one batch): 0.00196
Val - Loss, MSE, RMSE, MAE, MAPE: 0.00313, 0.00313, 0.05597, 0.03498, 8.65%
Test - Best epoch, Loss, MSE, RMSE, MAE, MAPE: 2, 0.00299, 0.00299, 0.05466, 0.03364, 7.63%
Time spent: 3.13s
- Epoch 007, ExpID 66498
Train - Loss (one batch): 0.00322
Val - Loss, MSE, RMSE, MAE, MAPE: 0.00300, 0.00300, 0.05479, 0.03417, 8.68%
Test - Best epoch, Loss, MSE, RMSE, MAE, MAPE: 7, 0.00289, 0.00289, 0.05373, 0.03397, 7.76%
Time spent: 3.62s
- Epoch 008, ExpID 66498
Train - Loss (one batch): 0.00200
Val - Loss, MSE, RMSE, MAE, MAPE: 0.00323, 0.00323, 0.05686, 0.03610, 8.91%
Test - Best epoch, Loss, MSE, RMSE, MAE, MAPE: 7, 0.00289, 0.00289, 0.05373, 0.03397, 7.76%
Time spent: 3.06s
- Epoch 009, ExpID 66498
Train - Loss (one batch): 0.00312
Val - Loss, MSE, RMSE, MAE, MAPE: 0.00306, 0.00306, 0.05535, 0.03394, 8.55%
Test - Best epoch, Loss, MSE, RMSE, MAE, MAPE: 7, 0.00289, 0.00289, 0.05373, 0.03397, 7.76%
Time spent: 3.12s
- Epoch 010, ExpID 66498
Train - Loss (one batch): 0.00280
Val - Loss, MSE, RMSE, MAE, MAPE: 0.00300, 0.00300, 0.05476, 0.03347, 8.47%
Test - Best epoch, Loss, MSE, RMSE, MAE, MAPE: 10, 0.00287, 0.00287, 0.05359, 0.03314, 7.58%
Time spent: 3.62s
- Epoch 011, ExpID 66498
Train - Loss (one batch): 0.00253
Val - Loss, MSE, RMSE, MAE, MAPE: 0.00340, 0.00340, 0.05828, 0.03876, 9.40%
Test - Best epoch, Loss, MSE, RMSE, MAE, MAPE: 10, 0.00287, 0.00287, 0.05359, 0.03314, 7.58%
Time spent: 3.09s
- Epoch 012, ExpID 66498
Train - Loss (one batch): 0.00304
Val - Loss, MSE, RMSE, MAE, MAPE: 0.00293, 0.00293, 0.05409, 0.03302, 8.50%
Test - Best epoch, Loss, MSE, RMSE, MAE, MAPE: 12, 0.00281, 0.00281, 0.05296, 0.03265, 7.57%
Time spent: 3.43s
- Epoch 013, ExpID 66498
Train - Loss (one batch): 0.00180
Val - Loss, MSE, RMSE, MAE, MAPE: 0.00297, 0.00297, 0.05448, 0.03338, 8.42%
Test - Best epoch, Loss, MSE, RMSE, MAE, MAPE: 12, 0.00281, 0.00281, 0.05296, 0.03265, 7.57%
Time spent: 3.10s
- Epoch 014, ExpID 66498
Train - Loss (one batch): 0.00251
Val - Loss, MSE, RMSE, MAE, MAPE: 0.00318, 0.00318, 0.05635, 0.03627, 8.89%
Test - Best epoch, Loss, MSE, RMSE, MAE, MAPE: 12, 0.00281, 0.00281, 0.05296, 0.03265, 7.57%
Time spent: 3.18s
- Epoch 015, ExpID 66498
Train - Loss (one batch): 0.00319
Val - Loss, MSE, RMSE, MAE, MAPE: 0.00313, 0.00313, 0.05598, 0.03525, 8.82%
Test - Best epoch, Loss, MSE, RMSE, MAE, MAPE: 12, 0.00281, 0.00281, 0.05296, 0.03265, 7.57%
Time spent: 3.15s
- Epoch 016, ExpID 66498
Train - Loss (one batch): 0.00240
Val - Loss, MSE, RMSE, MAE, MAPE: 0.00303, 0.00303, 0.05501, 0.03394, 8.58%
Test - Best epoch, Loss, MSE, RMSE, MAE, MAPE: 12, 0.00281, 0.00281, 0.05296, 0.03265, 7.57%
Time spent: 3.14s
- Epoch 017, ExpID 66498
Train - Loss (one batch): 0.00215
Val - Loss, MSE, RMSE, MAE, MAPE: 0.00300, 0.00300, 0.05479, 0.03423, 8.49%
Test - Best epoch, Loss, MSE, RMSE, MAE, MAPE: 12, 0.00281, 0.00281, 0.05296, 0.03265, 7.57%
Time spent: 3.14s
- Epoch 018, ExpID 66498
Train - Loss (one batch): 0.00208
Val - Loss, MSE, RMSE, MAE, MAPE: 0.00294, 0.00294, 0.05420, 0.03313, 8.38%
Test - Best epoch, Loss, MSE, RMSE, MAE, MAPE: 12, 0.00281, 0.00281, 0.05296, 0.03265, 7.57%
Time spent: 3.13s
- Epoch 019, ExpID 66498
Train - Loss (one batch): 0.00300
Val - Loss, MSE, RMSE, MAE, MAPE: 0.00298, 0.00298, 0.05455, 0.03375, 8.41%
Test - Best epoch, Loss, MSE, RMSE, MAE, MAPE: 12, 0.00281, 0.00281, 0.05296, 0.03265, 7.57%
Time spent: 3.15s
- Epoch 020, ExpID 66498
Train - Loss (one batch): 0.00201
Val - Loss, MSE, RMSE, MAE, MAPE: 0.00298, 0.00298, 0.05456, 0.03366, 8.41%
Test - Best epoch, Loss, MSE, RMSE, MAE, MAPE: 12, 0.00281, 0.00281, 0.05296, 0.03265, 7.57%
Time spent: 3.14s
- Epoch 021, ExpID 66498
Train - Loss (one batch): 0.00388
Val - Loss, MSE, RMSE, MAE, MAPE: 0.00312, 0.00312, 0.05585, 0.03620, 8.82%
Test - Best epoch, Loss, MSE, RMSE, MAE, MAPE: 12, 0.00281, 0.00281, 0.05296, 0.03265, 7.57%
Time spent: 3.15s
- Epoch 022, ExpID 66498
Train - Loss (one batch): 0.00262
Val - Loss, MSE, RMSE, MAE, MAPE: 0.00312, 0.00312, 0.05581, 0.03546, 8.76%
Test - Best epoch, Loss, MSE, RMSE, MAE, MAPE: 12, 0.00281, 0.00281, 0.05296, 0.03265, 7.57%
Time spent: 3.20s
/home/ouass/Test/MSP-IMTS/tPatchGNN/run_models.py
2026-03-16 02:01:43
run_models.py --dataset activity --state def --history 3000 --batch_size 32 --lr 1e-3 --nhead 1 --patience 10 --tf_layer 1 --nlayer 1 --te_dim 10 --node_dim 10 --hid_dim 34 --outlayer Linear --seed 4 --gpu 0 --multi_scales 300,600,1200 --multi_strides 150,300,600 --metric per_dim --fusion concat
Namespace(multi_scales='300,600,1200', multi_strides='150,300,600', fusion='concat', state='def', n=100000000, hop=1, nhead=1, tf_layer=1, nlayer=1, epoch=1000, patience=10, history=3000, patch_size=24, stride=24, logmode='a', lr=0.001, w_decay=0.0, batch_size=32, save='experiments/', load=None, seed=4, dataset='activity', quantization=0.0, model='tPatchGNN', outlayer='Linear', hid_dim=34, te_dim=10, node_dim=10, gpu='0', metric='per_dim', npatch=125, device=device(type='cuda'), PID=3445774, pred_window=1000, ndim=12)
- Epoch 000, ExpID 71331
Train - Loss (one batch): 0.00676
Val - Loss, MSE, RMSE, MAE, MAPE: 0.00804, 0.00804, 0.08965, 0.07088, 18.81%
Test - Best epoch, Loss, MSE, RMSE, MAE, MAPE: 0, 0.00751, 0.00751, 0.08667, 0.06808, 16.44%
Time spent: 3.49s
- Epoch 001, ExpID 71331
Train - Loss (one batch): 0.00233
Val - Loss, MSE, RMSE, MAE, MAPE: 0.00336, 0.00336, 0.05794, 0.03658, 9.62%
Test - Best epoch, Loss, MSE, RMSE, MAE, MAPE: 1, 0.00318, 0.00318, 0.05640, 0.03571, 8.34%
Time spent: 3.45s
- Epoch 002, ExpID 71331
Train - Loss (one batch): 0.00339
Val - Loss, MSE, RMSE, MAE, MAPE: 0.00318, 0.00318, 0.05636, 0.03472, 8.97%
Test - Best epoch, Loss, MSE, RMSE, MAE, MAPE: 2, 0.00304, 0.00304, 0.05517, 0.03410, 7.91%
Time spent: 3.45s
- Epoch 003, ExpID 71331
Train - Loss (one batch): 0.00414
Val - Loss, MSE, RMSE, MAE, MAPE: 0.00313, 0.00313, 0.05598, 0.03476, 8.77%
Test - Best epoch, Loss, MSE, RMSE, MAE, MAPE: 3, 0.00300, 0.00300, 0.05475, 0.03403, 7.74%
Time spent: 3.45s
- Epoch 004, ExpID 71331
Train - Loss (one batch): 0.00300
Val - Loss, MSE, RMSE, MAE, MAPE: 0.00314, 0.00314, 0.05602, 0.03454, 8.92%
Test - Best epoch, Loss, MSE, RMSE, MAE, MAPE: 3, 0.00300, 0.00300, 0.05475, 0.03403, 7.74%
Time spent: 3.05s
- Epoch 005, ExpID 71331
Train - Loss (one batch): 0.00322
Val - Loss, MSE, RMSE, MAE, MAPE: 0.00310, 0.00310, 0.05572, 0.03398, 8.64%
Test - Best epoch, Loss, MSE, RMSE, MAE, MAPE: 5, 0.00296, 0.00296, 0.05444, 0.03336, 7.63%
Time spent: 3.56s
- Epoch 006, ExpID 71331
Train - Loss (one batch): 0.00267
Val - Loss, MSE, RMSE, MAE, MAPE: 0.00304, 0.00304, 0.05517, 0.03352, 8.54%
Test - Best epoch, Loss, MSE, RMSE, MAE, MAPE: 6, 0.00292, 0.00292, 0.05402, 0.03308, 7.55%
Time spent: 3.58s
- Epoch 007, ExpID 71331
Train - Loss (one batch): 0.00346
Val - Loss, MSE, RMSE, MAE, MAPE: 0.00306, 0.00306, 0.05534, 0.03406, 8.59%
Test - Best epoch, Loss, MSE, RMSE, MAE, MAPE: 6, 0.00292, 0.00292, 0.05402, 0.03308, 7.55%
Time spent: 3.12s
- Epoch 008, ExpID 71331
Train - Loss (one batch): 0.00312
Val - Loss, MSE, RMSE, MAE, MAPE: 0.00307, 0.00307, 0.05545, 0.03412, 8.81%
Test - Best epoch, Loss, MSE, RMSE, MAE, MAPE: 6, 0.00292, 0.00292, 0.05402, 0.03308, 7.55%
Time spent: 3.21s
- Epoch 009, ExpID 71331
Train - Loss (one batch): 0.00184
Val - Loss, MSE, RMSE, MAE, MAPE: 0.00317, 0.00317, 0.05633, 0.03561, 9.06%
Test - Best epoch, Loss, MSE, RMSE, MAE, MAPE: 6, 0.00292, 0.00292, 0.05402, 0.03308, 7.55%
Time spent: 3.16s
- Epoch 010, ExpID 71331
Train - Loss (one batch): 0.00339
Val - Loss, MSE, RMSE, MAE, MAPE: 0.00297, 0.00297, 0.05449, 0.03314, 8.51%
Test - Best epoch, Loss, MSE, RMSE, MAE, MAPE: 10, 0.00284, 0.00284, 0.05327, 0.03263, 7.51%
Time spent: 3.58s
- Epoch 011, ExpID 71331
Train - Loss (one batch): 0.00332
Val - Loss, MSE, RMSE, MAE, MAPE: 0.00341, 0.00341, 0.05842, 0.03937, 10.17%
Test - Best epoch, Loss, MSE, RMSE, MAE, MAPE: 10, 0.00284, 0.00284, 0.05327, 0.03263, 7.51%
Time spent: 3.15s
- Epoch 012, ExpID 71331
Train - Loss (one batch): 0.00275
Val - Loss, MSE, RMSE, MAE, MAPE: 0.00399, 0.00399, 0.06320, 0.04621, 11.96%
Test - Best epoch, Loss, MSE, RMSE, MAE, MAPE: 10, 0.00284, 0.00284, 0.05327, 0.03263, 7.51%
Time spent: 3.19s
- Epoch 013, ExpID 71331
Train - Loss (one batch): 0.00253
Val - Loss, MSE, RMSE, MAE, MAPE: 0.00353, 0.00353, 0.05945, 0.04053, 10.35%
Test - Best epoch, Loss, MSE, RMSE, MAE, MAPE: 10, 0.00284, 0.00284, 0.05327, 0.03263, 7.51%
Time spent: 3.15s
- Epoch 014, ExpID 71331
Train - Loss (one batch): 0.00293
Val - Loss, MSE, RMSE, MAE, MAPE: 0.00317, 0.00317, 0.05634, 0.03641, 9.34%
Test - Best epoch, Loss, MSE, RMSE, MAE, MAPE: 10, 0.00284, 0.00284, 0.05327, 0.03263, 7.51%
Time spent: 3.14s
- Epoch 015, ExpID 71331
Train - Loss (one batch): 0.00308
Val - Loss, MSE, RMSE, MAE, MAPE: 0.00304, 0.00304, 0.05517, 0.03482, 9.10%
Test - Best epoch, Loss, MSE, RMSE, MAE, MAPE: 10, 0.00284, 0.00284, 0.05327, 0.03263, 7.51%
Time spent: 3.17s
- Epoch 016, ExpID 71331
Train - Loss (one batch): 0.00352
Val - Loss, MSE, RMSE, MAE, MAPE: 0.00293, 0.00293, 0.05409, 0.03273, 8.36%
Test - Best epoch, Loss, MSE, RMSE, MAE, MAPE: 16, 0.00279, 0.00279, 0.05286, 0.03230, 7.43%
Time spent: 3.44s
- Epoch 017, ExpID 71331
Train - Loss (one batch): 0.00321
Val - Loss, MSE, RMSE, MAE, MAPE: 0.00322, 0.00322, 0.05670, 0.03696, 9.36%
Test - Best epoch, Loss, MSE, RMSE, MAE, MAPE: 16, 0.00279, 0.00279, 0.05286, 0.03230, 7.43%
Time spent: 3.16s
- Epoch 018, ExpID 71331
Train - Loss (one batch): 0.00199
Val - Loss, MSE, RMSE, MAE, MAPE: 0.00327, 0.00327, 0.05716, 0.03767, 9.51%
Test - Best epoch, Loss, MSE, RMSE, MAE, MAPE: 16, 0.00279, 0.00279, 0.05286, 0.03230, 7.43%
Time spent: 3.21s
- Epoch 019, ExpID 71331
Train - Loss (one batch): 0.00326
Val - Loss, MSE, RMSE, MAE, MAPE: 0.00298, 0.00298, 0.05455, 0.03356, 8.45%
Test - Best epoch, Loss, MSE, RMSE, MAE, MAPE: 16, 0.00279, 0.00279, 0.05286, 0.03230, 7.43%
Time spent: 3.11s
- Epoch 020, ExpID 71331
Train - Loss (one batch): 0.00254
Val - Loss, MSE, RMSE, MAE, MAPE: 0.00296, 0.00296, 0.05436, 0.03332, 8.38%
Test - Best epoch, Loss, MSE, RMSE, MAE, MAPE: 16, 0.00279, 0.00279, 0.05286, 0.03230, 7.43%
Time spent: 3.22s
- Epoch 021, ExpID 71331
Train - Loss (one batch): 0.00200
Val - Loss, MSE, RMSE, MAE, MAPE: 0.00304, 0.00304, 0.05510, 0.03458, 8.64%
Test - Best epoch, Loss, MSE, RMSE, MAE, MAPE: 16, 0.00279, 0.00279, 0.05286, 0.03230, 7.43%
Time spent: 3.15s
- Epoch 022, ExpID 71331
Train - Loss (one batch): 0.00315
Val - Loss, MSE, RMSE, MAE, MAPE: 0.00289, 0.00289, 0.05376, 0.03274, 8.36%
Test - Best epoch, Loss, MSE, RMSE, MAE, MAPE: 22, 0.00278, 0.00278, 0.05276, 0.03247, 7.46%
Time spent: 3.55s
- Epoch 023, ExpID 71331
Train - Loss (one batch): 0.00334
Val - Loss, MSE, RMSE, MAE, MAPE: 0.00388, 0.00388, 0.06227, 0.04505, 11.07%
Test - Best epoch, Loss, MSE, RMSE, MAE, MAPE: 22, 0.00278, 0.00278, 0.05276, 0.03247, 7.46%
Time spent: 3.16s
- Epoch 024, ExpID 71331
Train - Loss (one batch): 0.00305
Val - Loss, MSE, RMSE, MAE, MAPE: 0.00313, 0.00313, 0.05595, 0.03631, 9.31%
Test - Best epoch, Loss, MSE, RMSE, MAE, MAPE: 22, 0.00278, 0.00278, 0.05276, 0.03247, 7.46%
Time spent: 3.17s
- Epoch 025, ExpID 71331
Train - Loss (one batch): 0.00287
Val - Loss, MSE, RMSE, MAE, MAPE: 0.00291, 0.00291, 0.05396, 0.03305, 8.40%
Test - Best epoch, Loss, MSE, RMSE, MAE, MAPE: 22, 0.00278, 0.00278, 0.05276, 0.03247, 7.46%
Time spent: 3.12s
- Epoch 026, ExpID 71331
Train - Loss (one batch): 0.00191
Val - Loss, MSE, RMSE, MAE, MAPE: 0.00359, 0.00359, 0.05995, 0.04192, 10.54%
Test - Best epoch, Loss, MSE, RMSE, MAE, MAPE: 22, 0.00278, 0.00278, 0.05276, 0.03247, 7.46%
Time spent: 3.14s
- Epoch 027, ExpID 71331
Train - Loss (one batch): 0.00164
Val - Loss, MSE, RMSE, MAE, MAPE: 0.00287, 0.00287, 0.05357, 0.03263, 8.31%
Test - Best epoch, Loss, MSE, RMSE, MAE, MAPE: 27, 0.00277, 0.00277, 0.05259, 0.03247, 7.46%
Time spent: 3.57s
- Epoch 028, ExpID 71331
Train - Loss (one batch): 0.00297
Val - Loss, MSE, RMSE, MAE, MAPE: 0.00331, 0.00331, 0.05754, 0.03887, 9.83%
Test - Best epoch, Loss, MSE, RMSE, MAE, MAPE: 27, 0.00277, 0.00277, 0.05259, 0.03247, 7.46%
Time spent: 3.19s
- Epoch 029, ExpID 71331
Train - Loss (one batch): 0.00186
Val - Loss, MSE, RMSE, MAE, MAPE: 0.00305, 0.00305, 0.05518, 0.03558, 9.14%
Test - Best epoch, Loss, MSE, RMSE, MAE, MAPE: 27, 0.00277, 0.00277, 0.05259, 0.03247, 7.46%
Time spent: 3.03s
- Epoch 030, ExpID 71331
Train - Loss (one batch): 0.00253
Val - Loss, MSE, RMSE, MAE, MAPE: 0.00314, 0.00314, 0.05600, 0.03679, 9.47%
Test - Best epoch, Loss, MSE, RMSE, MAE, MAPE: 27, 0.00277, 0.00277, 0.05259, 0.03247, 7.46%
Time spent: 3.07s
- Epoch 031, ExpID 71331
Train - Loss (one batch): 0.00209
Val - Loss, MSE, RMSE, MAE, MAPE: 0.00293, 0.00293, 0.05417, 0.03381, 8.63%
Test - Best epoch, Loss, MSE, RMSE, MAE, MAPE: 27, 0.00277, 0.00277, 0.05259, 0.03247, 7.46%
Time spent: 3.23s
- Epoch 032, ExpID 71331
Train - Loss (one batch): 0.00204
Val - Loss, MSE, RMSE, MAE, MAPE: 0.00334, 0.00334, 0.05776, 0.03962, 10.01%
Test - Best epoch, Loss, MSE, RMSE, MAE, MAPE: 27, 0.00277, 0.00277, 0.05259, 0.03247, 7.46%
Time spent: 3.16s
- Epoch 033, ExpID 71331
Train - Loss (one batch): 0.00338
Val - Loss, MSE, RMSE, MAE, MAPE: 0.00292, 0.00292, 0.05401, 0.03333, 8.41%
Test - Best epoch, Loss, MSE, RMSE, MAE, MAPE: 27, 0.00277, 0.00277, 0.05259, 0.03247, 7.46%
Time spent: 3.09s
- Epoch 034, ExpID 71331
Train - Loss (one batch): 0.00271
Val - Loss, MSE, RMSE, MAE, MAPE: 0.00285, 0.00285, 0.05340, 0.03292, 8.54%
Test - Best epoch, Loss, MSE, RMSE, MAE, MAPE: 34, 0.00274, 0.00274, 0.05231, 0.03263, 7.60%
Time spent: 3.45s
- Epoch 035, ExpID 71331
Train - Loss (one batch): 0.00247
Val - Loss, MSE, RMSE, MAE, MAPE: 0.00338, 0.00338, 0.05811, 0.04002, 10.02%
Test - Best epoch, Loss, MSE, RMSE, MAE, MAPE: 34, 0.00274, 0.00274, 0.05231, 0.03263, 7.60%
Time spent: 3.09s
- Epoch 036, ExpID 71331
Train - Loss (one batch): 0.00237
Val - Loss, MSE, RMSE, MAE, MAPE: 0.00305, 0.00305, 0.05524, 0.03553, 9.00%
Test - Best epoch, Loss, MSE, RMSE, MAE, MAPE: 34, 0.00274, 0.00274, 0.05231, 0.03263, 7.60%
Time spent: 3.18s
- Epoch 037, ExpID 71331
Train - Loss (one batch): 0.00291
Val - Loss, MSE, RMSE, MAE, MAPE: 0.00311, 0.00311, 0.05578, 0.03642, 9.30%
Test - Best epoch, Loss, MSE, RMSE, MAE, MAPE: 34, 0.00274, 0.00274, 0.05231, 0.03263, 7.60%
Time spent: 3.16s
- Epoch 038, ExpID 71331
Train - Loss (one batch): 0.00232
Val - Loss, MSE, RMSE, MAE, MAPE: 0.00281, 0.00281, 0.05302, 0.03238, 8.33%
Test - Best epoch, Loss, MSE, RMSE, MAE, MAPE: 38, 0.00271, 0.00271, 0.05208, 0.03222, 7.46%
Time spent: 3.59s
- Epoch 039, ExpID 71331
Train - Loss (one batch): 0.00298
Val - Loss, MSE, RMSE, MAE, MAPE: 0.00288, 0.00288, 0.05367, 0.03311, 8.40%
Test - Best epoch, Loss, MSE, RMSE, MAE, MAPE: 38, 0.00271, 0.00271, 0.05208, 0.03222, 7.46%
Time spent: 3.06s
- Epoch 040, ExpID 71331
Train - Loss (one batch): 0.00186
Val - Loss, MSE, RMSE, MAE, MAPE: 0.00324, 0.00324, 0.05696, 0.03823, 9.49%
Test - Best epoch, Loss, MSE, RMSE, MAE, MAPE: 38, 0.00271, 0.00271, 0.05208, 0.03222, 7.46%
Time spent: 3.16s
- Epoch 041, ExpID 71331
Train - Loss (one batch): 0.00209
Val - Loss, MSE, RMSE, MAE, MAPE: 0.00286, 0.00286, 0.05345, 0.03320, 8.57%
Test - Best epoch, Loss, MSE, RMSE, MAE, MAPE: 38, 0.00271, 0.00271, 0.05208, 0.03222, 7.46%
Time spent: 3.15s
- Epoch 042, ExpID 71331
Train - Loss (one batch): 0.00207
Val - Loss, MSE, RMSE, MAE, MAPE: 0.00287, 0.00287, 0.05354, 0.03325, 8.46%
Test - Best epoch, Loss, MSE, RMSE, MAE, MAPE: 38, 0.00271, 0.00271, 0.05208, 0.03222, 7.46%
Time spent: 3.16s
- Epoch 043, ExpID 71331
Train - Loss (one batch): 0.00188
Val - Loss, MSE, RMSE, MAE, MAPE: 0.00315, 0.00315, 0.05612, 0.03703, 9.33%
Test - Best epoch, Loss, MSE, RMSE, MAE, MAPE: 38, 0.00271, 0.00271, 0.05208, 0.03222, 7.46%
Time spent: 3.16s
- Epoch 044, ExpID 71331
Train - Loss (one batch): 0.00271
Val - Loss, MSE, RMSE, MAE, MAPE: 0.00281, 0.00281, 0.05303, 0.03238, 8.19%
Test - Best epoch, Loss, MSE, RMSE, MAE, MAPE: 38, 0.00271, 0.00271, 0.05208, 0.03222, 7.46%
Time spent: 3.18s
- Epoch 045, ExpID 71331
Train - Loss (one batch): 0.00268
Val - Loss, MSE, RMSE, MAE, MAPE: 0.00279, 0.00279, 0.05278, 0.03251, 8.31%
Test - Best epoch, Loss, MSE, RMSE, MAE, MAPE: 45, 0.00270, 0.00270, 0.05196, 0.03243, 7.47%
Time spent: 3.52s
- Epoch 046, ExpID 71331
Train - Loss (one batch): 0.00332
Val - Loss, MSE, RMSE, MAE, MAPE: 0.00301, 0.00301, 0.05491, 0.03558, 9.02%
Test - Best epoch, Loss, MSE, RMSE, MAE, MAPE: 45, 0.00270, 0.00270, 0.05196, 0.03243, 7.47%
Time spent: 3.17s
- Epoch 047, ExpID 71331
Train - Loss (one batch): 0.00243
Val - Loss, MSE, RMSE, MAE, MAPE: 0.00292, 0.00292, 0.05403, 0.03387, 8.48%
Test - Best epoch, Loss, MSE, RMSE, MAE, MAPE: 45, 0.00270, 0.00270, 0.05196, 0.03243, 7.47%
Time spent: 3.18s
- Epoch 048, ExpID 71331
Train - Loss (one batch): 0.00315
Val - Loss, MSE, RMSE, MAE, MAPE: 0.00303, 0.00303, 0.05503, 0.03588, 9.29%
Test - Best epoch, Loss, MSE, RMSE, MAE, MAPE: 45, 0.00270, 0.00270, 0.05196, 0.03243, 7.47%
Time spent: 3.16s
- Epoch 049, ExpID 71331
Train - Loss (one batch): 0.00285
Val - Loss, MSE, RMSE, MAE, MAPE: 0.00280, 0.00280, 0.05290, 0.03247, 8.37%
Test - Best epoch, Loss, MSE, RMSE, MAE, MAPE: 45, 0.00270, 0.00270, 0.05196, 0.03243, 7.47%
Time spent: 3.25s
- Epoch 050, ExpID 71331
Train - Loss (one batch): 0.00208
Val - Loss, MSE, RMSE, MAE, MAPE: 0.00276, 0.00276, 0.05252, 0.03191, 8.24%
Test - Best epoch, Loss, MSE, RMSE, MAE, MAPE: 50, 0.00266, 0.00266, 0.05154, 0.03171, 7.37%
Time spent: 3.62s
- Epoch 051, ExpID 71331
Train - Loss (one batch): 0.00286
Val - Loss, MSE, RMSE, MAE, MAPE: 0.00297, 0.00297, 0.05448, 0.03466, 8.75%
Test - Best epoch, Loss, MSE, RMSE, MAE, MAPE: 50, 0.00266, 0.00266, 0.05154, 0.03171, 7.37%
Time spent: 3.13s
- Epoch 052, ExpID 71331
Train - Loss (one batch): 0.00200
Val - Loss, MSE, RMSE, MAE, MAPE: 0.00281, 0.00281, 0.05306, 0.03284, 8.47%
Test - Best epoch, Loss, MSE, RMSE, MAE, MAPE: 50, 0.00266, 0.00266, 0.05154, 0.03171, 7.37%
Time spent: 3.16s
- Epoch 053, ExpID 71331
Train - Loss (one batch): 0.00256
Val - Loss, MSE, RMSE, MAE, MAPE: 0.00288, 0.00288, 0.05371, 0.03367, 8.58%
Test - Best epoch, Loss, MSE, RMSE, MAE, MAPE: 50, 0.00266, 0.00266, 0.05154, 0.03171, 7.37%
Time spent: 3.19s
- Epoch 054, ExpID 71331
Train - Loss (one batch): 0.00287
Val - Loss, MSE, RMSE, MAE, MAPE: 0.00281, 0.00281, 0.05299, 0.03281, 8.50%
Test - Best epoch, Loss, MSE, RMSE, MAE, MAPE: 50, 0.00266, 0.00266, 0.05154, 0.03171, 7.37%
Time spent: 3.18s
- Epoch 055, ExpID 71331
Train - Loss (one batch): 0.00260
Val - Loss, MSE, RMSE, MAE, MAPE: 0.00335, 0.00335, 0.05791, 0.03971, 9.85%
Test - Best epoch, Loss, MSE, RMSE, MAE, MAPE: 50, 0.00266, 0.00266, 0.05154, 0.03171, 7.37%
Time spent: 3.16s
- Epoch 056, ExpID 71331
Train - Loss (one batch): 0.00333
Val - Loss, MSE, RMSE, MAE, MAPE: 0.00276, 0.00276, 0.05250, 0.03204, 8.29%
Test - Best epoch, Loss, MSE, RMSE, MAE, MAPE: 56, 0.00266, 0.00266, 0.05157, 0.03196, 7.43%
Time spent: 3.64s
- Epoch 057, ExpID 71331
Train - Loss (one batch): 0.00331
Val - Loss, MSE, RMSE, MAE, MAPE: 0.00322, 0.00322, 0.05671, 0.03789, 9.14%
Test - Best epoch, Loss, MSE, RMSE, MAE, MAPE: 56, 0.00266, 0.00266, 0.05157, 0.03196, 7.43%
Time spent: 3.13s
- Epoch 058, ExpID 71331
Train - Loss (one batch): 0.00304
Val - Loss, MSE, RMSE, MAE, MAPE: 0.00277, 0.00277, 0.05260, 0.03185, 8.16%
Test - Best epoch, Loss, MSE, RMSE, MAE, MAPE: 56, 0.00266, 0.00266, 0.05157, 0.03196, 7.43%
Time spent: 3.16s
- Epoch 059, ExpID 71331
Train - Loss (one batch): 0.00230
Val - Loss, MSE, RMSE, MAE, MAPE: 0.00291, 0.00291, 0.05391, 0.03386, 8.63%
Test - Best epoch, Loss, MSE, RMSE, MAE, MAPE: 56, 0.00266, 0.00266, 0.05157, 0.03196, 7.43%
Time spent: 3.13s
- Epoch 060, ExpID 71331
Train - Loss (one batch): 0.00265
Val - Loss, MSE, RMSE, MAE, MAPE: 0.00296, 0.00296, 0.05436, 0.03490, 8.92%
Test - Best epoch, Loss, MSE, RMSE, MAE, MAPE: 56, 0.00266, 0.00266, 0.05157, 0.03196, 7.43%
Time spent: 3.18s
- Epoch 061, ExpID 71331
Train - Loss (one batch): 0.00180
Val - Loss, MSE, RMSE, MAE, MAPE: 0.00282, 0.00282, 0.05314, 0.03293, 8.43%
Test - Best epoch, Loss, MSE, RMSE, MAE, MAPE: 56, 0.00266, 0.00266, 0.05157, 0.03196, 7.43%
Time spent: 3.20s
- Epoch 062, ExpID 71331
Train - Loss (one batch): 0.00191
Val - Loss, MSE, RMSE, MAE, MAPE: 0.00291, 0.00291, 0.05393, 0.03433, 8.73%
Test - Best epoch, Loss, MSE, RMSE, MAE, MAPE: 56, 0.00266, 0.00266, 0.05157, 0.03196, 7.43%
Time spent: 3.16s
- Epoch 063, ExpID 71331
Train - Loss (one batch): 0.00272
Val - Loss, MSE, RMSE, MAE, MAPE: 0.00275, 0.00275, 0.05243, 0.03207, 8.16%
Test - Best epoch, Loss, MSE, RMSE, MAE, MAPE: 63, 0.00267, 0.00267, 0.05166, 0.03214, 7.32%
Time spent: 3.61s
- Epoch 064, ExpID 71331
Train - Loss (one batch): 0.00337
Val - Loss, MSE, RMSE, MAE, MAPE: 0.00275, 0.00275, 0.05243, 0.03225, 8.28%
Test - Best epoch, Loss, MSE, RMSE, MAE, MAPE: 64, 0.00268, 0.00268, 0.05174, 0.03235, 7.43%
Time spent: 3.61s
- Epoch 065, ExpID 71331
Train - Loss (one batch): 0.00270
Val - Loss, MSE, RMSE, MAE, MAPE: 0.00275, 0.00275, 0.05240, 0.03190, 8.10%
Test - Best epoch, Loss, MSE, RMSE, MAE, MAPE: 65, 0.00264, 0.00264, 0.05141, 0.03154, 7.21%
Time spent: 3.58s
- Epoch 066, ExpID 71331
Train - Loss (one batch): 0.00196
Val - Loss, MSE, RMSE, MAE, MAPE: 0.00303, 0.00303, 0.05505, 0.03553, 8.97%
Test - Best epoch, Loss, MSE, RMSE, MAE, MAPE: 65, 0.00264, 0.00264, 0.05141, 0.03154, 7.21%
Time spent: 3.18s
- Epoch 067, ExpID 71331
Train - Loss (one batch): 0.00255
Val - Loss, MSE, RMSE, MAE, MAPE: 0.00277, 0.00277, 0.05265, 0.03193, 8.10%
Test - Best epoch, Loss, MSE, RMSE, MAE, MAPE: 65, 0.00264, 0.00264, 0.05141, 0.03154, 7.21%
Time spent: 3.15s
- Epoch 068, ExpID 71331
Train - Loss (one batch): 0.00236
Val - Loss, MSE, RMSE, MAE, MAPE: 0.00276, 0.00276, 0.05251, 0.03179, 8.14%
Test - Best epoch, Loss, MSE, RMSE, MAE, MAPE: 65, 0.00264, 0.00264, 0.05141, 0.03154, 7.21%
Time spent: 3.14s
- Epoch 069, ExpID 71331
Train - Loss (one batch): 0.00321
Val - Loss, MSE, RMSE, MAE, MAPE: 0.00298, 0.00298, 0.05456, 0.03532, 8.67%
Test - Best epoch, Loss, MSE, RMSE, MAE, MAPE: 65, 0.00264, 0.00264, 0.05141, 0.03154, 7.21%
Time spent: 3.16s
- Epoch 070, ExpID 71331
Train - Loss (one batch): 0.00258
Val - Loss, MSE, RMSE, MAE, MAPE: 0.00274, 0.00274, 0.05234, 0.03197, 8.11%
Test - Best epoch, Loss, MSE, RMSE, MAE, MAPE: 70, 0.00265, 0.00265, 0.05146, 0.03180, 7.23%
Time spent: 3.60s
- Epoch 071, ExpID 71331
Train - Loss (one batch): 0.00203
Val - Loss, MSE, RMSE, MAE, MAPE: 0.00278, 0.00278, 0.05270, 0.03248, 8.27%
Test - Best epoch, Loss, MSE, RMSE, MAE, MAPE: 70, 0.00265, 0.00265, 0.05146, 0.03180, 7.23%
Time spent: 3.23s
- Epoch 072, ExpID 71331
Train - Loss (one batch): 0.00247
Val - Loss, MSE, RMSE, MAE, MAPE: 0.00278, 0.00278, 0.05271, 0.03245, 8.17%
Test - Best epoch, Loss, MSE, RMSE, MAE, MAPE: 70, 0.00265, 0.00265, 0.05146, 0.03180, 7.23%
Time spent: 3.17s
- Epoch 073, ExpID 71331
Train - Loss (one batch): 0.00268
Val - Loss, MSE, RMSE, MAE, MAPE: 0.00273, 0.00273, 0.05225, 0.03154, 8.23%
Test - Best epoch, Loss, MSE, RMSE, MAE, MAPE: 73, 0.00263, 0.00263, 0.05132, 0.03150, 7.35%
Time spent: 3.62s
- Epoch 074, ExpID 71331
Train - Loss (one batch): 0.00201
Val - Loss, MSE, RMSE, MAE, MAPE: 0.00275, 0.00275, 0.05243, 0.03218, 8.29%
Test - Best epoch, Loss, MSE, RMSE, MAE, MAPE: 73, 0.00263, 0.00263, 0.05132, 0.03150, 7.35%
Time spent: 3.14s
- Epoch 075, ExpID 71331
Train - Loss (one batch): 0.00269
Val - Loss, MSE, RMSE, MAE, MAPE: 0.00279, 0.00279, 0.05279, 0.03211, 8.17%
Test - Best epoch, Loss, MSE, RMSE, MAE, MAPE: 73, 0.00263, 0.00263, 0.05132, 0.03150, 7.35%
Time spent: 3.15s
- Epoch 076, ExpID 71331
Train - Loss (one batch): 0.00269
Val - Loss, MSE, RMSE, MAE, MAPE: 0.00286, 0.00286, 0.05352, 0.03401, 9.06%
Test - Best epoch, Loss, MSE, RMSE, MAE, MAPE: 73, 0.00263, 0.00263, 0.05132, 0.03150, 7.35%
Time spent: 2.99s
- Epoch 077, ExpID 71331
Train - Loss (one batch): 0.00189
Val - Loss, MSE, RMSE, MAE, MAPE: 0.00286, 0.00286, 0.05351, 0.03330, 8.46%
Test - Best epoch, Loss, MSE, RMSE, MAE, MAPE: 73, 0.00263, 0.00263, 0.05132, 0.03150, 7.35%
Time spent: 3.10s
- Epoch 078, ExpID 71331
Train - Loss (one batch): 0.00282
Val - Loss, MSE, RMSE, MAE, MAPE: 0.00275, 0.00275, 0.05239, 0.03188, 8.19%
Test - Best epoch, Loss, MSE, RMSE, MAE, MAPE: 73, 0.00263, 0.00263, 0.05132, 0.03150, 7.35%
Time spent: 3.15s
- Epoch 079, ExpID 71331
Train - Loss (one batch): 0.00402
Val - Loss, MSE, RMSE, MAE, MAPE: 0.00285, 0.00285, 0.05343, 0.03389, 8.41%
Test - Best epoch, Loss, MSE, RMSE, MAE, MAPE: 73, 0.00263, 0.00263, 0.05132, 0.03150, 7.35%
Time spent: 3.20s
- Epoch 080, ExpID 71331
Train - Loss (one batch): 0.00229
Val - Loss, MSE, RMSE, MAE, MAPE: 0.00283, 0.00283, 0.05324, 0.03341, 8.80%
Test - Best epoch, Loss, MSE, RMSE, MAE, MAPE: 73, 0.00263, 0.00263, 0.05132, 0.03150, 7.35%
Time spent: 3.15s
- Epoch 081, ExpID 71331
Train - Loss (one batch): 0.00244
Val - Loss, MSE, RMSE, MAE, MAPE: 0.00281, 0.00281, 0.05298, 0.03285, 8.46%
Test - Best epoch, Loss, MSE, RMSE, MAE, MAPE: 73, 0.00263, 0.00263, 0.05132, 0.03150, 7.35%
Time spent: 3.14s
- Epoch 082, ExpID 71331
Train - Loss (one batch): 0.00265
Val - Loss, MSE, RMSE, MAE, MAPE: 0.00285, 0.00285, 0.05337, 0.03343, 8.55%
Test - Best epoch, Loss, MSE, RMSE, MAE, MAPE: 73, 0.00263, 0.00263, 0.05132, 0.03150, 7.35%
Time spent: 3.17s
- Epoch 083, ExpID 71331
Train - Loss (one batch): 0.00211
Val - Loss, MSE, RMSE, MAE, MAPE: 0.00274, 0.00274, 0.05239, 0.03195, 8.13%
Test - Best epoch, Loss, MSE, RMSE, MAE, MAPE: 73, 0.00263, 0.00263, 0.05132, 0.03150, 7.35%
Time spent: 3.11s
/home/ouass/Test/MSP-IMTS/tPatchGNN/run_models.py
2026-03-16 02:06:43
run_models.py --dataset activity --state def --history 3000 --batch_size 32 --lr 1e-3 --nhead 1 --patience 10 --tf_layer 1 --nlayer 1 --te_dim 10 --node_dim 10 --hid_dim 34 --outlayer Linear --seed 5 --gpu 0 --multi_scales 300,600,1200 --multi_strides 150,300,600 --metric per_dim --fusion concat
Namespace(multi_scales='300,600,1200', multi_strides='150,300,600', fusion='concat', state='def', n=100000000, hop=1, nhead=1, tf_layer=1, nlayer=1, epoch=1000, patience=10, history=3000, patch_size=24, stride=24, logmode='a', lr=0.001, w_decay=0.0, batch_size=32, save='experiments/', load=None, seed=5, dataset='activity', quantization=0.0, model='tPatchGNN', outlayer='Linear', hid_dim=34, te_dim=10, node_dim=10, gpu='0', metric='per_dim', npatch=125, device=device(type='cuda'), PID=3445885, pred_window=1000, ndim=12)
- Epoch 000, ExpID 17926
Train - Loss (one batch): 0.00240
Val - Loss, MSE, RMSE, MAE, MAPE: 0.00391, 0.00391, 0.06252, 0.04118, 10.40%
Test - Best epoch, Loss, MSE, RMSE, MAE, MAPE: 0, 0.00360, 0.00360, 0.06003, 0.03946, 9.00%
Time spent: 3.47s
- Epoch 001, ExpID 17926
Train - Loss (one batch): 0.00390
Val - Loss, MSE, RMSE, MAE, MAPE: 0.00333, 0.00333, 0.05774, 0.03590, 9.01%
Test - Best epoch, Loss, MSE, RMSE, MAE, MAPE: 1, 0.00312, 0.00312, 0.05587, 0.03479, 7.88%
Time spent: 3.57s
- Epoch 002, ExpID 17926
Train - Loss (one batch): 0.00304
Val - Loss, MSE, RMSE, MAE, MAPE: 0.00308, 0.00308, 0.05549, 0.03358, 8.58%
Test - Best epoch, Loss, MSE, RMSE, MAE, MAPE: 2, 0.00291, 0.00291, 0.05396, 0.03303, 7.55%
Time spent: 3.57s
- Epoch 003, ExpID 17926
Train - Loss (one batch): 0.00327
Val - Loss, MSE, RMSE, MAE, MAPE: 0.00352, 0.00352, 0.05934, 0.04085, 10.82%
Test - Best epoch, Loss, MSE, RMSE, MAE, MAPE: 2, 0.00291, 0.00291, 0.05396, 0.03303, 7.55%
Time spent: 3.14s
- Epoch 004, ExpID 17926
Train - Loss (one batch): 0.00402
Val - Loss, MSE, RMSE, MAE, MAPE: 0.00300, 0.00300, 0.05475, 0.03306, 8.50%
Test - Best epoch, Loss, MSE, RMSE, MAE, MAPE: 4, 0.00285, 0.00285, 0.05341, 0.03276, 7.54%
Time spent: 3.56s
- Epoch 005, ExpID 17926
Train - Loss (one batch): 0.00308
Val - Loss, MSE, RMSE, MAE, MAPE: 0.00301, 0.00301, 0.05482, 0.03389, 8.75%
Test - Best epoch, Loss, MSE, RMSE, MAE, MAPE: 4, 0.00285, 0.00285, 0.05341, 0.03276, 7.54%
Time spent: 3.18s
- Epoch 006, ExpID 17926
Train - Loss (one batch): 0.00281
Val - Loss, MSE, RMSE, MAE, MAPE: 0.00308, 0.00308, 0.05551, 0.03439, 8.54%
Test - Best epoch, Loss, MSE, RMSE, MAE, MAPE: 4, 0.00285, 0.00285, 0.05341, 0.03276, 7.54%
Time spent: 3.14s
- Epoch 007, ExpID 17926
Train - Loss (one batch): 0.00348
Val - Loss, MSE, RMSE, MAE, MAPE: 0.00345, 0.00345, 0.05871, 0.03996, 10.00%
Test - Best epoch, Loss, MSE, RMSE, MAE, MAPE: 4, 0.00285, 0.00285, 0.05341, 0.03276, 7.54%
Time spent: 3.16s
- Epoch 008, ExpID 17926
Train - Loss (one batch): 0.00211
Val - Loss, MSE, RMSE, MAE, MAPE: 0.00303, 0.00303, 0.05501, 0.03453, 8.96%
Test - Best epoch, Loss, MSE, RMSE, MAE, MAPE: 4, 0.00285, 0.00285, 0.05341, 0.03276, 7.54%
Time spent: 3.15s
- Epoch 009, ExpID 17926
Train - Loss (one batch): 0.00283
Val - Loss, MSE, RMSE, MAE, MAPE: 0.00298, 0.00298, 0.05460, 0.03339, 8.40%
Test - Best epoch, Loss, MSE, RMSE, MAE, MAPE: 9, 0.00285, 0.00285, 0.05336, 0.03305, 7.49%
Time spent: 3.59s
- Epoch 010, ExpID 17926
Train - Loss (one batch): 0.00192
Val - Loss, MSE, RMSE, MAE, MAPE: 0.00318, 0.00318, 0.05636, 0.03633, 8.90%
Test - Best epoch, Loss, MSE, RMSE, MAE, MAPE: 9, 0.00285, 0.00285, 0.05336, 0.03305, 7.49%
Time spent: 3.16s
- Epoch 011, ExpID 17926
Train - Loss (one batch): 0.00245
Val - Loss, MSE, RMSE, MAE, MAPE: 0.00312, 0.00312, 0.05590, 0.03570, 8.91%
Test - Best epoch, Loss, MSE, RMSE, MAE, MAPE: 9, 0.00285, 0.00285, 0.05336, 0.03305, 7.49%
Time spent: 3.14s
- Epoch 012, ExpID 17926
Train - Loss (one batch): 0.00241
Val - Loss, MSE, RMSE, MAE, MAPE: 0.00283, 0.00283, 0.05322, 0.03199, 8.23%
Test - Best epoch, Loss, MSE, RMSE, MAE, MAPE: 12, 0.00272, 0.00272, 0.05214, 0.03189, 7.36%
Time spent: 3.59s
- Epoch 013, ExpID 17926
Train - Loss (one batch): 0.00238
Val - Loss, MSE, RMSE, MAE, MAPE: 0.00302, 0.00302, 0.05493, 0.03449, 8.67%
Test - Best epoch, Loss, MSE, RMSE, MAE, MAPE: 12, 0.00272, 0.00272, 0.05214, 0.03189, 7.36%
Time spent: 3.17s
- Epoch 014, ExpID 17926
Train - Loss (one batch): 0.00209
Val - Loss, MSE, RMSE, MAE, MAPE: 0.00299, 0.00299, 0.05470, 0.03420, 8.59%
Test - Best epoch, Loss, MSE, RMSE, MAE, MAPE: 12, 0.00272, 0.00272, 0.05214, 0.03189, 7.36%
Time spent: 3.16s
- Epoch 015, ExpID 17926
Train - Loss (one batch): 0.00190
Val - Loss, MSE, RMSE, MAE, MAPE: 0.00289, 0.00289, 0.05380, 0.03332, 8.57%
Test - Best epoch, Loss, MSE, RMSE, MAE, MAPE: 12, 0.00272, 0.00272, 0.05214, 0.03189, 7.36%
Time spent: 3.11s
- Epoch 016, ExpID 17926
Train - Loss (one batch): 0.00230
Val - Loss, MSE, RMSE, MAE, MAPE: 0.00285, 0.00285, 0.05343, 0.03248, 8.36%
Test - Best epoch, Loss, MSE, RMSE, MAE, MAPE: 12, 0.00272, 0.00272, 0.05214, 0.03189, 7.36%
Time spent: 3.13s
- Epoch 017, ExpID 17926
Train - Loss (one batch): 0.00214
Val - Loss, MSE, RMSE, MAE, MAPE: 0.00296, 0.00296, 0.05442, 0.03431, 8.73%
Test - Best epoch, Loss, MSE, RMSE, MAE, MAPE: 12, 0.00272, 0.00272, 0.05214, 0.03189, 7.36%
Time spent: 3.13s
- Epoch 018, ExpID 17926
Train - Loss (one batch): 0.00301
Val - Loss, MSE, RMSE, MAE, MAPE: 0.00292, 0.00292, 0.05401, 0.03362, 8.57%
Test - Best epoch, Loss, MSE, RMSE, MAE, MAPE: 12, 0.00272, 0.00272, 0.05214, 0.03189, 7.36%
Time spent: 3.16s
- Epoch 019, ExpID 17926
Train - Loss (one batch): 0.00240
Val - Loss, MSE, RMSE, MAE, MAPE: 0.00278, 0.00278, 0.05275, 0.03197, 8.34%
Test - Best epoch, Loss, MSE, RMSE, MAE, MAPE: 19, 0.00267, 0.00267, 0.05166, 0.03179, 7.41%
Time spent: 3.59s
- Epoch 020, ExpID 17926
Train - Loss (one batch): 0.00197
Val - Loss, MSE, RMSE, MAE, MAPE: 0.00285, 0.00285, 0.05335, 0.03266, 8.27%
Test - Best epoch, Loss, MSE, RMSE, MAE, MAPE: 19, 0.00267, 0.00267, 0.05166, 0.03179, 7.41%
Time spent: 3.11s
- Epoch 021, ExpID 17926
Train - Loss (one batch): 0.00171
Val - Loss, MSE, RMSE, MAE, MAPE: 0.00280, 0.00280, 0.05292, 0.03243, 8.26%
Test - Best epoch, Loss, MSE, RMSE, MAE, MAPE: 19, 0.00267, 0.00267, 0.05166, 0.03179, 7.41%
Time spent: 3.17s
- Epoch 022, ExpID 17926
Train - Loss (one batch): 0.00347
Val - Loss, MSE, RMSE, MAE, MAPE: 0.00286, 0.00286, 0.05352, 0.03298, 8.44%
Test - Best epoch, Loss, MSE, RMSE, MAE, MAPE: 19, 0.00267, 0.00267, 0.05166, 0.03179, 7.41%
Time spent: 3.13s
- Epoch 023, ExpID 17926
Train - Loss (one batch): 0.00173
Val - Loss, MSE, RMSE, MAE, MAPE: 0.00345, 0.00345, 0.05874, 0.04081, 10.15%
Test - Best epoch, Loss, MSE, RMSE, MAE, MAPE: 19, 0.00267, 0.00267, 0.05166, 0.03179, 7.41%
Time spent: 3.19s
- Epoch 024, ExpID 17926
Train - Loss (one batch): 0.00379
Val - Loss, MSE, RMSE, MAE, MAPE: 0.00308, 0.00308, 0.05549, 0.03645, 9.25%
Test - Best epoch, Loss, MSE, RMSE, MAE, MAPE: 19, 0.00267, 0.00267, 0.05166, 0.03179, 7.41%
Time spent: 3.12s
- Epoch 025, ExpID 17926
Train - Loss (one batch): 0.00327
Val - Loss, MSE, RMSE, MAE, MAPE: 0.00288, 0.00288, 0.05368, 0.03326, 8.52%
Test - Best epoch, Loss, MSE, RMSE, MAE, MAPE: 19, 0.00267, 0.00267, 0.05166, 0.03179, 7.41%
Time spent: 3.16s
- Epoch 026, ExpID 17926
Train - Loss (one batch): 0.00256
Val - Loss, MSE, RMSE, MAE, MAPE: 0.00297, 0.00297, 0.05451, 0.03481, 8.88%
Test - Best epoch, Loss, MSE, RMSE, MAE, MAPE: 19, 0.00267, 0.00267, 0.05166, 0.03179, 7.41%
Time spent: 3.17s
- Epoch 027, ExpID 17926
Train - Loss (one batch): 0.00281
Val - Loss, MSE, RMSE, MAE, MAPE: 0.00291, 0.00291, 0.05393, 0.03382, 8.40%
Test - Best epoch, Loss, MSE, RMSE, MAE, MAPE: 19, 0.00267, 0.00267, 0.05166, 0.03179, 7.41%
Time spent: 3.15s
- Epoch 028, ExpID 17926
Train - Loss (one batch): 0.00176
Val - Loss, MSE, RMSE, MAE, MAPE: 0.00291, 0.00291, 0.05394, 0.03364, 8.52%
Test - Best epoch, Loss, MSE, RMSE, MAE, MAPE: 19, 0.00267, 0.00267, 0.05166, 0.03179, 7.41%
Time spent: 3.16s
- Epoch 029, ExpID 17926
Train - Loss (one batch): 0.00232
Val - Loss, MSE, RMSE, MAE, MAPE: 0.00276, 0.00276, 0.05252, 0.03176, 8.20%
Test - Best epoch, Loss, MSE, RMSE, MAE, MAPE: 29, 0.00265, 0.00265, 0.05143, 0.03167, 7.33%
Time spent: 3.59s
- Epoch 030, ExpID 17926
Train - Loss (one batch): 0.00266
Val - Loss, MSE, RMSE, MAE, MAPE: 0.00281, 0.00281, 0.05297, 0.03233, 8.18%
Test - Best epoch, Loss, MSE, RMSE, MAE, MAPE: 29, 0.00265, 0.00265, 0.05143, 0.03167, 7.33%
Time spent: 3.13s
- Epoch 031, ExpID 17926
Train - Loss (one batch): 0.00260
Val - Loss, MSE, RMSE, MAE, MAPE: 0.00282, 0.00282, 0.05306, 0.03248, 8.30%
Test - Best epoch, Loss, MSE, RMSE, MAE, MAPE: 29, 0.00265, 0.00265, 0.05143, 0.03167, 7.33%
Time spent: 3.17s
- Epoch 032, ExpID 17926
Train - Loss (one batch): 0.00194
Val - Loss, MSE, RMSE, MAE, MAPE: 0.00282, 0.00282, 0.05311, 0.03272, 8.31%
Test - Best epoch, Loss, MSE, RMSE, MAE, MAPE: 29, 0.00265, 0.00265, 0.05143, 0.03167, 7.33%
Time spent: 3.17s
- Epoch 033, ExpID 17926
Train - Loss (one batch): 0.00171
Val - Loss, MSE, RMSE, MAE, MAPE: 0.00288, 0.00288, 0.05363, 0.03337, 8.41%
Test - Best epoch, Loss, MSE, RMSE, MAE, MAPE: 29, 0.00265, 0.00265, 0.05143, 0.03167, 7.33%
Time spent: 3.11s
- Epoch 034, ExpID 17926
Train - Loss (one batch): 0.00205
Val - Loss, MSE, RMSE, MAE, MAPE: 0.00278, 0.00278, 0.05271, 0.03211, 8.19%
Test - Best epoch, Loss, MSE, RMSE, MAE, MAPE: 29, 0.00265, 0.00265, 0.05143, 0.03167, 7.33%
Time spent: 3.16s
- Epoch 035, ExpID 17926
Train - Loss (one batch): 0.00199
Val - Loss, MSE, RMSE, MAE, MAPE: 0.00287, 0.00287, 0.05358, 0.03346, 8.61%
Test - Best epoch, Loss, MSE, RMSE, MAE, MAPE: 29, 0.00265, 0.00265, 0.05143, 0.03167, 7.33%
Time spent: 3.16s
- Epoch 036, ExpID 17926
Train - Loss (one batch): 0.00308
Val - Loss, MSE, RMSE, MAE, MAPE: 0.00300, 0.00300, 0.05480, 0.03574, 9.31%
Test - Best epoch, Loss, MSE, RMSE, MAE, MAPE: 29, 0.00265, 0.00265, 0.05143, 0.03167, 7.33%
Time spent: 3.17s
- Epoch 037, ExpID 17926
Train - Loss (one batch): 0.00244
Val - Loss, MSE, RMSE, MAE, MAPE: 0.00282, 0.00282, 0.05307, 0.03246, 8.28%
Test - Best epoch, Loss, MSE, RMSE, MAE, MAPE: 29, 0.00265, 0.00265, 0.05143, 0.03167, 7.33%
Time spent: 3.18s
- Epoch 038, ExpID 17926
Train - Loss (one batch): 0.00320
Val - Loss, MSE, RMSE, MAE, MAPE: 0.00288, 0.00288, 0.05368, 0.03353, 8.60%
Test - Best epoch, Loss, MSE, RMSE, MAE, MAPE: 29, 0.00265, 0.00265, 0.05143, 0.03167, 7.33%
Time spent: 3.18s
- Epoch 039, ExpID 17926
Train - Loss (one batch): 0.00252
Val - Loss, MSE, RMSE, MAE, MAPE: 0.00279, 0.00279, 0.05278, 0.03211, 8.20%
Test - Best epoch, Loss, MSE, RMSE, MAE, MAPE: 29, 0.00265, 0.00265, 0.05143, 0.03167, 7.33%
Time spent: 3.16s
