=== Activity | seed 1 ===
PID, device: 3158900 cuda
Total records: 25
Dataset n_samples: 25 15 5 5
Test record ids (first 20): ['B04', 'D02', 'A01', 'E04', 'C02']
Test record ids (last 20): ['B04', 'D02', 'A01', 'E04', 'C02']
data_max: tensor([5.6217, 3.9067, 2.4465, 5.3456, 3.9414, 2.2163, 5.7582, 3.9781, 2.6061,
        5.3913, 3.9654, 2.6011], device='cuda:0')
data_min: tensor([ 0.1852, -0.1228, -1.4615,  0.1606, -0.4760, -2.5436, -0.2787, -0.4944,
        -2.0269,  0.0198, -0.4789, -1.9588], device='cuda:0')
time_max: tensor(304861., device='cuda:0')
manual set time_max: tensor(4000, device='cuda:0')
[MS] batch keys: ['X_list', 'tt_list', 'mk_list', 'npatches', 'tp_to_predict', 'data_to_predict', 'mask_predicted_data']
[MS] #scales: 3
[MS] per-scale shapes: [(32, 30, 1, 12), (32, 10, 3, 12), (32, 4, 9, 12)]
[MS] data_to_predict: (32, 33, 12)
[MS] mask_predicted_data sum: 2838.0
[MS] tt_list mins/maxes: [(0.0, 0.9976666569709778), (0.0, 0.9976666569709778), (0.0, 0.9976666569709778)]
[MS] tp_to_predict min/max: 0.0 1.3313332796096802
[MS] use_ms=True fusion=gated scales=100,300,900 strides=100,300,900 npatches_per_scale=[30, 10, 4]
decoder exists: True
fuse_proj exists: True
attn_V exists: False
attn_u exists: False
gate_mlp exists: True
Missing trainable params in optimizer: []
Missing count: 0
n_train_batches: 104
Epoch 0: avg decoder weight change = 0.00009630
Epoch 1: avg decoder weight change = 0.00000947
Epoch 2: avg decoder weight change = 0.00001009
Epoch 3: avg decoder weight change = 0.00001048
Epoch 4: avg decoder weight change = 0.00001066
Epoch 5: avg decoder weight change = 0.00001418
Epoch 6: avg decoder weight change = 0.00001591
Epoch 7: avg decoder weight change = 0.00001456
Epoch 8: avg decoder weight change = 0.00001801
Epoch 9: avg decoder weight change = 0.00001843
Epoch 10: avg decoder weight change = 0.00001119
Epoch 11: avg decoder weight change = 0.00001652
Epoch 12: avg decoder weight change = 0.00002103
Epoch 13: avg decoder weight change = 0.00002630
Epoch 14: avg decoder weight change = 0.00001787
Epoch 15: avg decoder weight change = 0.00002111
Epoch 16: avg decoder weight change = 0.00001654
Epoch 17: avg decoder weight change = 0.00002279
Epoch 18: avg decoder weight change = 0.00001534
Epoch 19: avg decoder weight change = 0.00001525
Epoch 20: avg decoder weight change = 0.00001921
Epoch 21: avg decoder weight change = 0.00002657
Epoch 22: avg decoder weight change = 0.00001860
Epoch 23: avg decoder weight change = 0.00002119
Epoch 24: avg decoder weight change = 0.00001645
Epoch 25: avg decoder weight change = 0.00002320
Epoch 26: avg decoder weight change = 0.00003260
Epoch 27: avg decoder weight change = 0.00001959
Epoch 28: avg decoder weight change = 0.00002317
Epoch 29: avg decoder weight change = 0.00003062
Epoch 30: avg decoder weight change = 0.00001918
Epoch 31: avg decoder weight change = 0.00002224
Epoch 32: avg decoder weight change = 0.00002646
Exp has been early stopped!
=== Activity | seed 2 ===
PID, device: 3158987 cuda
Total records: 25
Dataset n_samples: 25 15 5 5
Test record ids (first 20): ['B04', 'D02', 'A01', 'E04', 'C02']
Test record ids (last 20): ['B04', 'D02', 'A01', 'E04', 'C02']
data_max: tensor([5.6217, 3.9067, 2.4465, 5.3456, 3.9414, 2.2163, 5.7582, 3.9781, 2.6061,
        5.3913, 3.9654, 2.6011], device='cuda:0')
data_min: tensor([ 0.1852, -0.1228, -1.4615,  0.1606, -0.4760, -2.5436, -0.2787, -0.4944,
        -2.0269,  0.0198, -0.4789, -1.9588], device='cuda:0')
time_max: tensor(304861., device='cuda:0')
manual set time_max: tensor(4000, device='cuda:0')
[MS] batch keys: ['X_list', 'tt_list', 'mk_list', 'npatches', 'tp_to_predict', 'data_to_predict', 'mask_predicted_data']
[MS] #scales: 3
[MS] per-scale shapes: [(32, 30, 1, 12), (32, 10, 3, 12), (32, 4, 9, 12)]
[MS] data_to_predict: (32, 33, 12)
[MS] mask_predicted_data sum: 2838.0
[MS] tt_list mins/maxes: [(0.0, 0.9976666569709778), (0.0, 0.9976666569709778), (0.0, 0.9976666569709778)]
[MS] tp_to_predict min/max: 0.0 1.3313332796096802
[MS] use_ms=True fusion=gated scales=100,300,900 strides=100,300,900 npatches_per_scale=[30, 10, 4]
decoder exists: True
fuse_proj exists: True
attn_V exists: False
attn_u exists: False
gate_mlp exists: True
Missing trainable params in optimizer: []
Missing count: 0
n_train_batches: 104
Epoch 0: avg decoder weight change = 0.00007808
Epoch 1: avg decoder weight change = 0.00000428
Epoch 2: avg decoder weight change = 0.00000642
Epoch 3: avg decoder weight change = 0.00000666
Epoch 4: avg decoder weight change = 0.00000650
Epoch 5: avg decoder weight change = 0.00000867
Epoch 6: avg decoder weight change = 0.00000857
Epoch 7: avg decoder weight change = 0.00000982
Epoch 8: avg decoder weight change = 0.00000810
Epoch 9: avg decoder weight change = 0.00000858
Epoch 10: avg decoder weight change = 0.00001212
Epoch 11: avg decoder weight change = 0.00001182
Epoch 12: avg decoder weight change = 0.00001181
Epoch 13: avg decoder weight change = 0.00001420
Epoch 14: avg decoder weight change = 0.00001326
Epoch 15: avg decoder weight change = 0.00001432
Epoch 16: avg decoder weight change = 0.00001608
Epoch 17: avg decoder weight change = 0.00001806
Epoch 18: avg decoder weight change = 0.00001614
Epoch 19: avg decoder weight change = 0.00001426
Epoch 20: avg decoder weight change = 0.00001828
Epoch 21: avg decoder weight change = 0.00001290
Epoch 22: avg decoder weight change = 0.00001677
Epoch 23: avg decoder weight change = 0.00001822
Epoch 24: avg decoder weight change = 0.00001997
Epoch 25: avg decoder weight change = 0.00001895
Epoch 26: avg decoder weight change = 0.00001485
Epoch 27: avg decoder weight change = 0.00001526
Epoch 28: avg decoder weight change = 0.00002188
Epoch 29: avg decoder weight change = 0.00001598
Epoch 30: avg decoder weight change = 0.00002271
Epoch 31: avg decoder weight change = 0.00001780
Epoch 32: avg decoder weight change = 0.00002002
Epoch 33: avg decoder weight change = 0.00002432
Epoch 34: avg decoder weight change = 0.00002208
Epoch 35: avg decoder weight change = 0.00001900
Epoch 36: avg decoder weight change = 0.00002663
Epoch 37: avg decoder weight change = 0.00002211
Epoch 38: avg decoder weight change = 0.00003143
Epoch 39: avg decoder weight change = 0.00002654
Epoch 40: avg decoder weight change = 0.00002835
Epoch 41: avg decoder weight change = 0.00004084
Epoch 42: avg decoder weight change = 0.00002363
Epoch 43: avg decoder weight change = 0.00003168
Epoch 44: avg decoder weight change = 0.00003227
Epoch 45: avg decoder weight change = 0.00003947
Epoch 46: avg decoder weight change = 0.00004780
Epoch 47: avg decoder weight change = 0.00005961
Epoch 48: avg decoder weight change = 0.00004321
Epoch 49: avg decoder weight change = 0.00003339
Epoch 50: avg decoder weight change = 0.00003711
Epoch 51: avg decoder weight change = 0.00003274
Epoch 52: avg decoder weight change = 0.00003863
Epoch 53: avg decoder weight change = 0.00003934
Epoch 54: avg decoder weight change = 0.00004529
Epoch 55: avg decoder weight change = 0.00004693
Epoch 56: avg decoder weight change = 0.00003822
Epoch 57: avg decoder weight change = 0.00004647
Epoch 58: avg decoder weight change = 0.00004937
Epoch 59: avg decoder weight change = 0.00004961
Epoch 60: avg decoder weight change = 0.00004788
Epoch 61: avg decoder weight change = 0.00005034
Epoch 62: avg decoder weight change = 0.00006000
Epoch 63: avg decoder weight change = 0.00005480
Epoch 64: avg decoder weight change = 0.00005716
Epoch 65: avg decoder weight change = 0.00006286
Epoch 66: avg decoder weight change = 0.00005927
Epoch 67: avg decoder weight change = 0.00005519
Epoch 68: avg decoder weight change = 0.00006685
Exp has been early stopped!
=== Activity | seed 3 ===
PID, device: 3159127 cuda
Total records: 25
Dataset n_samples: 25 15 5 5
Test record ids (first 20): ['B04', 'D02', 'A01', 'E04', 'C02']
Test record ids (last 20): ['B04', 'D02', 'A01', 'E04', 'C02']
data_max: tensor([5.6217, 3.9067, 2.4465, 5.3456, 3.9414, 2.2163, 5.7582, 3.9781, 2.6061,
        5.3913, 3.9654, 2.6011], device='cuda:0')
data_min: tensor([ 0.1852, -0.1228, -1.4615,  0.1606, -0.4760, -2.5436, -0.2787, -0.4944,
        -2.0269,  0.0198, -0.4789, -1.9588], device='cuda:0')
time_max: tensor(304861., device='cuda:0')
manual set time_max: tensor(4000, device='cuda:0')
[MS] batch keys: ['X_list', 'tt_list', 'mk_list', 'npatches', 'tp_to_predict', 'data_to_predict', 'mask_predicted_data']
[MS] #scales: 3
[MS] per-scale shapes: [(32, 30, 1, 12), (32, 10, 3, 12), (32, 4, 9, 12)]
[MS] data_to_predict: (32, 33, 12)
[MS] mask_predicted_data sum: 2838.0
[MS] tt_list mins/maxes: [(0.0, 0.9976666569709778), (0.0, 0.9976666569709778), (0.0, 0.9976666569709778)]
[MS] tp_to_predict min/max: 0.0 1.3313332796096802
[MS] use_ms=True fusion=gated scales=100,300,900 strides=100,300,900 npatches_per_scale=[30, 10, 4]
decoder exists: True
fuse_proj exists: True
attn_V exists: False
attn_u exists: False
gate_mlp exists: True
Missing trainable params in optimizer: []
Missing count: 0
n_train_batches: 104
Epoch 0: avg decoder weight change = 0.00006872
Epoch 1: avg decoder weight change = 0.00001290
Epoch 2: avg decoder weight change = 0.00001080
Epoch 3: avg decoder weight change = 0.00000872
Epoch 4: avg decoder weight change = 0.00000930
Epoch 5: avg decoder weight change = 0.00001102
Epoch 6: avg decoder weight change = 0.00001336
Epoch 7: avg decoder weight change = 0.00001099
Epoch 8: avg decoder weight change = 0.00001368
Epoch 9: avg decoder weight change = 0.00001765
Epoch 10: avg decoder weight change = 0.00001044
Epoch 11: avg decoder weight change = 0.00001706
Epoch 12: avg decoder weight change = 0.00001660
Epoch 13: avg decoder weight change = 0.00001814
Epoch 14: avg decoder weight change = 0.00003857
Epoch 15: avg decoder weight change = 0.00002030
Epoch 16: avg decoder weight change = 0.00001931
Epoch 17: avg decoder weight change = 0.00002376
Epoch 18: avg decoder weight change = 0.00001522
Epoch 19: avg decoder weight change = 0.00002145
Epoch 20: avg decoder weight change = 0.00001568
Epoch 21: avg decoder weight change = 0.00002182
Epoch 22: avg decoder weight change = 0.00003600
Epoch 23: avg decoder weight change = 0.00001707
Epoch 24: avg decoder weight change = 0.00002818
Epoch 25: avg decoder weight change = 0.00002037
Epoch 26: avg decoder weight change = 0.00002646
Epoch 27: avg decoder weight change = 0.00002079
Epoch 28: avg decoder weight change = 0.00002328
Epoch 29: avg decoder weight change = 0.00003062
Epoch 30: avg decoder weight change = 0.00003233
Epoch 31: avg decoder weight change = 0.00002424
Epoch 32: avg decoder weight change = 0.00003052
Epoch 33: avg decoder weight change = 0.00002593
Epoch 34: avg decoder weight change = 0.00003282
Epoch 35: avg decoder weight change = 0.00003333
Epoch 36: avg decoder weight change = 0.00003455
Epoch 37: avg decoder weight change = 0.00002749
Epoch 38: avg decoder weight change = 0.00003078
Epoch 39: avg decoder weight change = 0.00003515
Epoch 40: avg decoder weight change = 0.00003519
Epoch 41: avg decoder weight change = 0.00003297
Epoch 42: avg decoder weight change = 0.00003141
Epoch 43: avg decoder weight change = 0.00005491
Epoch 44: avg decoder weight change = 0.00003597
Epoch 45: avg decoder weight change = 0.00002937
Epoch 46: avg decoder weight change = 0.00002441
Epoch 47: avg decoder weight change = 0.00003674
Epoch 48: avg decoder weight change = 0.00003936
Epoch 49: avg decoder weight change = 0.00005925
Epoch 50: avg decoder weight change = 0.00004913
Epoch 51: avg decoder weight change = 0.00005380
Epoch 52: avg decoder weight change = 0.00003613
Epoch 53: avg decoder weight change = 0.00003389
Epoch 54: avg decoder weight change = 0.00004090
Epoch 55: avg decoder weight change = 0.00005200
Epoch 56: avg decoder weight change = 0.00005613
Epoch 57: avg decoder weight change = 0.00004573
Epoch 58: avg decoder weight change = 0.00004444
Epoch 59: avg decoder weight change = 0.00005895
Epoch 60: avg decoder weight change = 0.00004965
Epoch 61: avg decoder weight change = 0.00004851
Epoch 62: avg decoder weight change = 0.00005956
Epoch 63: avg decoder weight change = 0.00005581
Epoch 64: avg decoder weight change = 0.00006209
Epoch 65: avg decoder weight change = 0.00004677
Epoch 66: avg decoder weight change = 0.00005829
Epoch 67: avg decoder weight change = 0.00005154
Epoch 68: avg decoder weight change = 0.00005130
Epoch 69: avg decoder weight change = 0.00005648
Epoch 70: avg decoder weight change = 0.00004432
Epoch 71: avg decoder weight change = 0.00005588
Epoch 72: avg decoder weight change = 0.00006362
Epoch 73: avg decoder weight change = 0.00006588
Epoch 74: avg decoder weight change = 0.00005278
Epoch 75: avg decoder weight change = 0.00005115
Epoch 76: avg decoder weight change = 0.00005601
Epoch 77: avg decoder weight change = 0.00007887
Epoch 78: avg decoder weight change = 0.00007726
Epoch 79: avg decoder weight change = 0.00008309
Epoch 80: avg decoder weight change = 0.00005548
Epoch 81: avg decoder weight change = 0.00006696
Epoch 82: avg decoder weight change = 0.00005558
Epoch 83: avg decoder weight change = 0.00007163
Epoch 84: avg decoder weight change = 0.00008287
Epoch 85: avg decoder weight change = 0.00006992
Exp has been early stopped!
=== Activity | seed 4 ===
PID, device: 3159295 cuda
Total records: 25
Dataset n_samples: 25 15 5 5
Test record ids (first 20): ['B04', 'D02', 'A01', 'E04', 'C02']
Test record ids (last 20): ['B04', 'D02', 'A01', 'E04', 'C02']
data_max: tensor([5.6217, 3.9067, 2.4465, 5.3456, 3.9414, 2.2163, 5.7582, 3.9781, 2.6061,
        5.3913, 3.9654, 2.6011], device='cuda:0')
data_min: tensor([ 0.1852, -0.1228, -1.4615,  0.1606, -0.4760, -2.5436, -0.2787, -0.4944,
        -2.0269,  0.0198, -0.4789, -1.9588], device='cuda:0')
time_max: tensor(304861., device='cuda:0')
manual set time_max: tensor(4000, device='cuda:0')
[MS] batch keys: ['X_list', 'tt_list', 'mk_list', 'npatches', 'tp_to_predict', 'data_to_predict', 'mask_predicted_data']
[MS] #scales: 3
[MS] per-scale shapes: [(32, 30, 1, 12), (32, 10, 3, 12), (32, 4, 9, 12)]
[MS] data_to_predict: (32, 33, 12)
[MS] mask_predicted_data sum: 2838.0
[MS] tt_list mins/maxes: [(0.0, 0.9976666569709778), (0.0, 0.9976666569709778), (0.0, 0.9976666569709778)]
[MS] tp_to_predict min/max: 0.0 1.3313332796096802
[MS] use_ms=True fusion=gated scales=100,300,900 strides=100,300,900 npatches_per_scale=[30, 10, 4]
decoder exists: True
fuse_proj exists: True
attn_V exists: False
attn_u exists: False
gate_mlp exists: True
Missing trainable params in optimizer: []
Missing count: 0
n_train_batches: 104
Epoch 0: avg decoder weight change = 0.00008438
Epoch 1: avg decoder weight change = 0.00001585
Epoch 2: avg decoder weight change = 0.00001364
Epoch 3: avg decoder weight change = 0.00001641
Epoch 4: avg decoder weight change = 0.00001127
Epoch 5: avg decoder weight change = 0.00001218
Epoch 6: avg decoder weight change = 0.00001210
Epoch 7: avg decoder weight change = 0.00001563
Epoch 8: avg decoder weight change = 0.00001351
Epoch 9: avg decoder weight change = 0.00001201
Epoch 10: avg decoder weight change = 0.00002188
Epoch 11: avg decoder weight change = 0.00001567
Epoch 12: avg decoder weight change = 0.00001426
Epoch 13: avg decoder weight change = 0.00001785
Epoch 14: avg decoder weight change = 0.00001641
Epoch 15: avg decoder weight change = 0.00001740
Epoch 16: avg decoder weight change = 0.00002055
Epoch 17: avg decoder weight change = 0.00002057
Epoch 18: avg decoder weight change = 0.00003362
Epoch 19: avg decoder weight change = 0.00002366
Epoch 20: avg decoder weight change = 0.00002030
Epoch 21: avg decoder weight change = 0.00002524
Epoch 22: avg decoder weight change = 0.00002432
Epoch 23: avg decoder weight change = 0.00002993
Epoch 24: avg decoder weight change = 0.00002988
Epoch 25: avg decoder weight change = 0.00002726
Epoch 26: avg decoder weight change = 0.00002642
Epoch 27: avg decoder weight change = 0.00002479
Epoch 28: avg decoder weight change = 0.00003026
Epoch 29: avg decoder weight change = 0.00003594
Epoch 30: avg decoder weight change = 0.00002664
Epoch 31: avg decoder weight change = 0.00003259
Epoch 32: avg decoder weight change = 0.00003262
Epoch 33: avg decoder weight change = 0.00003159
Epoch 34: avg decoder weight change = 0.00003315
Epoch 35: avg decoder weight change = 0.00004794
Epoch 36: avg decoder weight change = 0.00004219
Epoch 37: avg decoder weight change = 0.00004187
Epoch 38: avg decoder weight change = 0.00004396
Epoch 39: avg decoder weight change = 0.00003776
Epoch 40: avg decoder weight change = 0.00004676
Epoch 41: avg decoder weight change = 0.00003717
Epoch 42: avg decoder weight change = 0.00004921
Epoch 43: avg decoder weight change = 0.00004092
Epoch 44: avg decoder weight change = 0.00004090
Epoch 45: avg decoder weight change = 0.00004666
Epoch 46: avg decoder weight change = 0.00004865
Epoch 47: avg decoder weight change = 0.00004339
Epoch 48: avg decoder weight change = 0.00004735
Epoch 49: avg decoder weight change = 0.00004374
Epoch 50: avg decoder weight change = 0.00004981
Epoch 51: avg decoder weight change = 0.00005028
Epoch 52: avg decoder weight change = 0.00006142
Epoch 53: avg decoder weight change = 0.00004560
Epoch 54: avg decoder weight change = 0.00004755
Epoch 55: avg decoder weight change = 0.00005269
Epoch 56: avg decoder weight change = 0.00006716
Epoch 57: avg decoder weight change = 0.00006159
Epoch 58: avg decoder weight change = 0.00005732
Epoch 59: avg decoder weight change = 0.00005563
Epoch 60: avg decoder weight change = 0.00005265
Epoch 61: avg decoder weight change = 0.00006891
Epoch 62: avg decoder weight change = 0.00006640
Epoch 63: avg decoder weight change = 0.00006727
Epoch 64: avg decoder weight change = 0.00006218
Epoch 65: avg decoder weight change = 0.00005939
Epoch 66: avg decoder weight change = 0.00006791
Epoch 67: avg decoder weight change = 0.00007340
Epoch 68: avg decoder weight change = 0.00007124
Epoch 69: avg decoder weight change = 0.00009009
Epoch 70: avg decoder weight change = 0.00008472
Epoch 71: avg decoder weight change = 0.00008292
Epoch 72: avg decoder weight change = 0.00007502
Epoch 73: avg decoder weight change = 0.00007486
Epoch 74: avg decoder weight change = 0.00008379
Exp has been early stopped!
=== Activity | seed 5 ===
PID, device: 3159437 cuda
Total records: 25
Dataset n_samples: 25 15 5 5
Test record ids (first 20): ['B04', 'D02', 'A01', 'E04', 'C02']
Test record ids (last 20): ['B04', 'D02', 'A01', 'E04', 'C02']
data_max: tensor([5.6217, 3.9067, 2.4465, 5.3456, 3.9414, 2.2163, 5.7582, 3.9781, 2.6061,
        5.3913, 3.9654, 2.6011], device='cuda:0')
data_min: tensor([ 0.1852, -0.1228, -1.4615,  0.1606, -0.4760, -2.5436, -0.2787, -0.4944,
        -2.0269,  0.0198, -0.4789, -1.9588], device='cuda:0')
time_max: tensor(304861., device='cuda:0')
manual set time_max: tensor(4000, device='cuda:0')
[MS] batch keys: ['X_list', 'tt_list', 'mk_list', 'npatches', 'tp_to_predict', 'data_to_predict', 'mask_predicted_data']
[MS] #scales: 3
[MS] per-scale shapes: [(32, 30, 1, 12), (32, 10, 3, 12), (32, 4, 9, 12)]
[MS] data_to_predict: (32, 33, 12)
[MS] mask_predicted_data sum: 2838.0
[MS] tt_list mins/maxes: [(0.0, 0.9976666569709778), (0.0, 0.9976666569709778), (0.0, 0.9976666569709778)]
[MS] tp_to_predict min/max: 0.0 1.3313332796096802
[MS] use_ms=True fusion=gated scales=100,300,900 strides=100,300,900 npatches_per_scale=[30, 10, 4]
decoder exists: True
fuse_proj exists: True
attn_V exists: False
attn_u exists: False
gate_mlp exists: True
Missing trainable params in optimizer: []
Missing count: 0
n_train_batches: 104
Epoch 0: avg decoder weight change = 0.00007965
Epoch 1: avg decoder weight change = 0.00001245
Epoch 2: avg decoder weight change = 0.00000967
Epoch 3: avg decoder weight change = 0.00001177
Epoch 4: avg decoder weight change = 0.00001570
Epoch 5: avg decoder weight change = 0.00001108
Epoch 6: avg decoder weight change = 0.00001259
Epoch 7: avg decoder weight change = 0.00001304
Epoch 8: avg decoder weight change = 0.00001382
Epoch 9: avg decoder weight change = 0.00001910
Epoch 10: avg decoder weight change = 0.00001760
Epoch 11: avg decoder weight change = 0.00001198
Epoch 12: avg decoder weight change = 0.00001214
Epoch 13: avg decoder weight change = 0.00001295
Epoch 14: avg decoder weight change = 0.00001787
Epoch 15: avg decoder weight change = 0.00001473
Epoch 16: avg decoder weight change = 0.00002034
Epoch 17: avg decoder weight change = 0.00001437
Epoch 18: avg decoder weight change = 0.00001772
Epoch 19: avg decoder weight change = 0.00001346
Epoch 20: avg decoder weight change = 0.00002340
Epoch 21: avg decoder weight change = 0.00001835
Epoch 22: avg decoder weight change = 0.00002176
Epoch 23: avg decoder weight change = 0.00002831
Epoch 24: avg decoder weight change = 0.00001738
Epoch 25: avg decoder weight change = 0.00002174
Epoch 26: avg decoder weight change = 0.00002148
Epoch 27: avg decoder weight change = 0.00001859
Epoch 28: avg decoder weight change = 0.00002645
Epoch 29: avg decoder weight change = 0.00002872
Epoch 30: avg decoder weight change = 0.00002663
Epoch 31: avg decoder weight change = 0.00002856
Epoch 32: avg decoder weight change = 0.00003519
Epoch 33: avg decoder weight change = 0.00003563
Epoch 34: avg decoder weight change = 0.00002584
Epoch 35: avg decoder weight change = 0.00002265
Epoch 36: avg decoder weight change = 0.00002340
Epoch 37: avg decoder weight change = 0.00002612
Epoch 38: avg decoder weight change = 0.00002669
Epoch 39: avg decoder weight change = 0.00003034
Epoch 40: avg decoder weight change = 0.00003251
Epoch 41: avg decoder weight change = 0.00003039
Epoch 42: avg decoder weight change = 0.00002971
Epoch 43: avg decoder weight change = 0.00003241
Epoch 44: avg decoder weight change = 0.00003674
Epoch 45: avg decoder weight change = 0.00003132
Epoch 46: avg decoder weight change = 0.00004470
Epoch 47: avg decoder weight change = 0.00003991
Epoch 48: avg decoder weight change = 0.00005092
Epoch 49: avg decoder weight change = 0.00004013
Epoch 50: avg decoder weight change = 0.00003792
Epoch 51: avg decoder weight change = 0.00004858
Epoch 52: avg decoder weight change = 0.00003720
Epoch 53: avg decoder weight change = 0.00003839
Epoch 54: avg decoder weight change = 0.00005259
Epoch 55: avg decoder weight change = 0.00005756
Epoch 56: avg decoder weight change = 0.00004267
Epoch 57: avg decoder weight change = 0.00005086
Epoch 58: avg decoder weight change = 0.00006064
Epoch 59: avg decoder weight change = 0.00005698
Epoch 60: avg decoder weight change = 0.00006668
Epoch 61: avg decoder weight change = 0.00005603
Epoch 62: avg decoder weight change = 0.00006019
Epoch 63: avg decoder weight change = 0.00006429
Exp has been early stopped!
