=== Activity | seed 1 ===
PID, device: 3159803 cuda
Total records: 25
Dataset n_samples: 25 15 5 5
Test record ids (first 20): ['B04', 'D02', 'A01', 'E04', 'C02']
Test record ids (last 20): ['B04', 'D02', 'A01', 'E04', 'C02']
data_max: tensor([5.6217, 3.9067, 2.4465, 5.3456, 3.9414, 2.2163, 5.7582, 3.9781, 2.6061,
        5.3913, 3.9654, 2.6011], device='cuda:0')
data_min: tensor([ 0.1852, -0.1228, -1.4615,  0.1606, -0.4760, -2.5436, -0.2787, -0.4944,
        -2.0269,  0.0198, -0.4789, -1.9588], device='cuda:0')
time_max: tensor(304861., device='cuda:0')
manual set time_max: tensor(4000, device='cuda:0')
[MS] batch keys: ['X_list', 'tt_list', 'mk_list', 'npatches', 'tp_to_predict', 'data_to_predict', 'mask_predicted_data']
[MS] #scales: 2
[MS] per-scale shapes: [(32, 6, 5, 12), (32, 3, 10, 12)]
[MS] data_to_predict: (32, 33, 12)
[MS] mask_predicted_data sum: 2838.0
[MS] tt_list mins/maxes: [(0.0, 0.9976666569709778), (0.0, 0.9976666569709778)]
[MS] tp_to_predict min/max: 0.0 1.3313332796096802
[MS] use_ms=True fusion=gated scales=500,1000 strides=500,1000 npatches_per_scale=[6, 3]
decoder exists: True
fuse_proj exists: True
attn_V exists: False
attn_u exists: False
gate_mlp exists: True
Missing trainable params in optimizer: []
Missing count: 0
n_train_batches: 104
Epoch 0: avg decoder weight change = 0.00010953
Epoch 1: avg decoder weight change = 0.00001274
Epoch 2: avg decoder weight change = 0.00002189
Epoch 3: avg decoder weight change = 0.00001235
Epoch 4: avg decoder weight change = 0.00001356
Epoch 5: avg decoder weight change = 0.00002870
Epoch 6: avg decoder weight change = 0.00001341
Epoch 7: avg decoder weight change = 0.00001609
Epoch 8: avg decoder weight change = 0.00001814
Epoch 9: avg decoder weight change = 0.00001538
Epoch 10: avg decoder weight change = 0.00002400
Epoch 11: avg decoder weight change = 0.00002130
Epoch 12: avg decoder weight change = 0.00001759
Epoch 13: avg decoder weight change = 0.00001902
Epoch 14: avg decoder weight change = 0.00001954
Epoch 15: avg decoder weight change = 0.00002330
Epoch 16: avg decoder weight change = 0.00002159
Epoch 17: avg decoder weight change = 0.00002211
Epoch 18: avg decoder weight change = 0.00002557
Epoch 19: avg decoder weight change = 0.00003699
Epoch 20: avg decoder weight change = 0.00002377
Epoch 21: avg decoder weight change = 0.00002659
Epoch 22: avg decoder weight change = 0.00002940
Epoch 23: avg decoder weight change = 0.00002359
Epoch 24: avg decoder weight change = 0.00002189
Epoch 25: avg decoder weight change = 0.00002399
Epoch 26: avg decoder weight change = 0.00002882
Epoch 27: avg decoder weight change = 0.00002382
Epoch 28: avg decoder weight change = 0.00002869
Epoch 29: avg decoder weight change = 0.00002802
Epoch 30: avg decoder weight change = 0.00003121
Epoch 31: avg decoder weight change = 0.00003541
Epoch 32: avg decoder weight change = 0.00003759
Epoch 33: avg decoder weight change = 0.00004723
Epoch 34: avg decoder weight change = 0.00004253
Epoch 35: avg decoder weight change = 0.00004613
Epoch 36: avg decoder weight change = 0.00003501
Epoch 37: avg decoder weight change = 0.00003281
Epoch 38: avg decoder weight change = 0.00004287
Epoch 39: avg decoder weight change = 0.00004250
Exp has been early stopped!
=== Activity | seed 2 ===
PID, device: 3159870 cuda
Total records: 25
Dataset n_samples: 25 15 5 5
Test record ids (first 20): ['B04', 'D02', 'A01', 'E04', 'C02']
Test record ids (last 20): ['B04', 'D02', 'A01', 'E04', 'C02']
data_max: tensor([5.6217, 3.9067, 2.4465, 5.3456, 3.9414, 2.2163, 5.7582, 3.9781, 2.6061,
        5.3913, 3.9654, 2.6011], device='cuda:0')
data_min: tensor([ 0.1852, -0.1228, -1.4615,  0.1606, -0.4760, -2.5436, -0.2787, -0.4944,
        -2.0269,  0.0198, -0.4789, -1.9588], device='cuda:0')
time_max: tensor(304861., device='cuda:0')
manual set time_max: tensor(4000, device='cuda:0')
[MS] batch keys: ['X_list', 'tt_list', 'mk_list', 'npatches', 'tp_to_predict', 'data_to_predict', 'mask_predicted_data']
[MS] #scales: 2
[MS] per-scale shapes: [(32, 6, 5, 12), (32, 3, 10, 12)]
[MS] data_to_predict: (32, 33, 12)
[MS] mask_predicted_data sum: 2838.0
[MS] tt_list mins/maxes: [(0.0, 0.9976666569709778), (0.0, 0.9976666569709778)]
[MS] tp_to_predict min/max: 0.0 1.3313332796096802
[MS] use_ms=True fusion=gated scales=500,1000 strides=500,1000 npatches_per_scale=[6, 3]
decoder exists: True
fuse_proj exists: True
attn_V exists: False
attn_u exists: False
gate_mlp exists: True
Missing trainable params in optimizer: []
Missing count: 0
n_train_batches: 104
Epoch 0: avg decoder weight change = 0.00010197
Epoch 1: avg decoder weight change = 0.00000607
Epoch 2: avg decoder weight change = 0.00000880
Epoch 3: avg decoder weight change = 0.00000775
Epoch 4: avg decoder weight change = 0.00001942
Epoch 5: avg decoder weight change = 0.00002058
Epoch 6: avg decoder weight change = 0.00001065
Epoch 7: avg decoder weight change = 0.00001545
Epoch 8: avg decoder weight change = 0.00001595
Epoch 9: avg decoder weight change = 0.00001187
Epoch 10: avg decoder weight change = 0.00002557
Epoch 11: avg decoder weight change = 0.00001792
Epoch 12: avg decoder weight change = 0.00001782
Epoch 13: avg decoder weight change = 0.00001719
Epoch 14: avg decoder weight change = 0.00001647
Epoch 15: avg decoder weight change = 0.00002476
Epoch 16: avg decoder weight change = 0.00001838
Epoch 17: avg decoder weight change = 0.00001976
Epoch 18: avg decoder weight change = 0.00003018
Epoch 19: avg decoder weight change = 0.00001961
Epoch 20: avg decoder weight change = 0.00002687
Epoch 21: avg decoder weight change = 0.00002050
Epoch 22: avg decoder weight change = 0.00002281
Epoch 23: avg decoder weight change = 0.00002405
Epoch 24: avg decoder weight change = 0.00002205
Epoch 25: avg decoder weight change = 0.00002115
Epoch 26: avg decoder weight change = 0.00003094
Epoch 27: avg decoder weight change = 0.00002102
Epoch 28: avg decoder weight change = 0.00003199
Epoch 29: avg decoder weight change = 0.00003371
Epoch 30: avg decoder weight change = 0.00002956
Epoch 31: avg decoder weight change = 0.00003120
Epoch 32: avg decoder weight change = 0.00003059
Epoch 33: avg decoder weight change = 0.00003500
Epoch 34: avg decoder weight change = 0.00003279
Epoch 35: avg decoder weight change = 0.00003442
Epoch 36: avg decoder weight change = 0.00004560
Epoch 37: avg decoder weight change = 0.00002927
Epoch 38: avg decoder weight change = 0.00002970
Epoch 39: avg decoder weight change = 0.00002974
Epoch 40: avg decoder weight change = 0.00003457
Epoch 41: avg decoder weight change = 0.00003700
Epoch 42: avg decoder weight change = 0.00004192
Epoch 43: avg decoder weight change = 0.00004890
Epoch 44: avg decoder weight change = 0.00004016
Epoch 45: avg decoder weight change = 0.00003028
Epoch 46: avg decoder weight change = 0.00004266
Epoch 47: avg decoder weight change = 0.00003685
Epoch 48: avg decoder weight change = 0.00003780
Epoch 49: avg decoder weight change = 0.00005649
Epoch 50: avg decoder weight change = 0.00004559
Epoch 51: avg decoder weight change = 0.00004451
Epoch 52: avg decoder weight change = 0.00004366
Epoch 53: avg decoder weight change = 0.00004796
Epoch 54: avg decoder weight change = 0.00005311
Epoch 55: avg decoder weight change = 0.00004230
Epoch 56: avg decoder weight change = 0.00004880
Epoch 57: avg decoder weight change = 0.00005914
Epoch 58: avg decoder weight change = 0.00005089
Epoch 59: avg decoder weight change = 0.00006547
Epoch 60: avg decoder weight change = 0.00004667
Epoch 61: avg decoder weight change = 0.00004936
Epoch 62: avg decoder weight change = 0.00005124
Epoch 63: avg decoder weight change = 0.00005713
Epoch 64: avg decoder weight change = 0.00005923
Epoch 65: avg decoder weight change = 0.00005137
Epoch 66: avg decoder weight change = 0.00006875
Epoch 67: avg decoder weight change = 0.00006740
Epoch 68: avg decoder weight change = 0.00006036
Epoch 69: avg decoder weight change = 0.00006984
Epoch 70: avg decoder weight change = 0.00006825
Epoch 71: avg decoder weight change = 0.00005673
Exp has been early stopped!
=== Activity | seed 3 ===
PID, device: 3159972 cuda
Total records: 25
Dataset n_samples: 25 15 5 5
Test record ids (first 20): ['B04', 'D02', 'A01', 'E04', 'C02']
Test record ids (last 20): ['B04', 'D02', 'A01', 'E04', 'C02']
data_max: tensor([5.6217, 3.9067, 2.4465, 5.3456, 3.9414, 2.2163, 5.7582, 3.9781, 2.6061,
        5.3913, 3.9654, 2.6011], device='cuda:0')
data_min: tensor([ 0.1852, -0.1228, -1.4615,  0.1606, -0.4760, -2.5436, -0.2787, -0.4944,
        -2.0269,  0.0198, -0.4789, -1.9588], device='cuda:0')
time_max: tensor(304861., device='cuda:0')
manual set time_max: tensor(4000, device='cuda:0')
[MS] batch keys: ['X_list', 'tt_list', 'mk_list', 'npatches', 'tp_to_predict', 'data_to_predict', 'mask_predicted_data']
[MS] #scales: 2
[MS] per-scale shapes: [(32, 6, 5, 12), (32, 3, 10, 12)]
[MS] data_to_predict: (32, 33, 12)
[MS] mask_predicted_data sum: 2838.0
[MS] tt_list mins/maxes: [(0.0, 0.9976666569709778), (0.0, 0.9976666569709778)]
[MS] tp_to_predict min/max: 0.0 1.3313332796096802
[MS] use_ms=True fusion=gated scales=500,1000 strides=500,1000 npatches_per_scale=[6, 3]
decoder exists: True
fuse_proj exists: True
attn_V exists: False
attn_u exists: False
gate_mlp exists: True
Missing trainable params in optimizer: []
Missing count: 0
n_train_batches: 104
Epoch 0: avg decoder weight change = 0.00010284
Epoch 1: avg decoder weight change = 0.00003799
Epoch 2: avg decoder weight change = 0.00001716
Epoch 3: avg decoder weight change = 0.00001840
Epoch 4: avg decoder weight change = 0.00001502
Epoch 5: avg decoder weight change = 0.00002235
Epoch 6: avg decoder weight change = 0.00002204
Epoch 7: avg decoder weight change = 0.00001936
Epoch 8: avg decoder weight change = 0.00002172
Epoch 9: avg decoder weight change = 0.00001822
Epoch 10: avg decoder weight change = 0.00002478
Epoch 11: avg decoder weight change = 0.00002581
Epoch 12: avg decoder weight change = 0.00002293
Epoch 13: avg decoder weight change = 0.00002033
Epoch 14: avg decoder weight change = 0.00002079
Epoch 15: avg decoder weight change = 0.00002376
Epoch 16: avg decoder weight change = 0.00002048
Epoch 17: avg decoder weight change = 0.00003337
Epoch 18: avg decoder weight change = 0.00002435
Epoch 19: avg decoder weight change = 0.00002229
Epoch 20: avg decoder weight change = 0.00003713
Epoch 21: avg decoder weight change = 0.00003068
Epoch 22: avg decoder weight change = 0.00002763
Epoch 23: avg decoder weight change = 0.00002461
Epoch 24: avg decoder weight change = 0.00002960
Epoch 25: avg decoder weight change = 0.00002746
Epoch 26: avg decoder weight change = 0.00002509
Epoch 27: avg decoder weight change = 0.00003153
Epoch 28: avg decoder weight change = 0.00003245
Epoch 29: avg decoder weight change = 0.00003246
Epoch 30: avg decoder weight change = 0.00003356
Epoch 31: avg decoder weight change = 0.00003529
Epoch 32: avg decoder weight change = 0.00003197
Epoch 33: avg decoder weight change = 0.00003207
Epoch 34: avg decoder weight change = 0.00004313
Epoch 35: avg decoder weight change = 0.00003494
Epoch 36: avg decoder weight change = 0.00003930
Epoch 37: avg decoder weight change = 0.00004050
Epoch 38: avg decoder weight change = 0.00003884
Epoch 39: avg decoder weight change = 0.00003681
Epoch 40: avg decoder weight change = 0.00003902
Epoch 41: avg decoder weight change = 0.00004597
Epoch 42: avg decoder weight change = 0.00004880
Epoch 43: avg decoder weight change = 0.00004200
Epoch 44: avg decoder weight change = 0.00004122
Epoch 45: avg decoder weight change = 0.00005706
Epoch 46: avg decoder weight change = 0.00005821
Epoch 47: avg decoder weight change = 0.00004431
Epoch 48: avg decoder weight change = 0.00004956
Epoch 49: avg decoder weight change = 0.00005661
Epoch 50: avg decoder weight change = 0.00005816
Epoch 51: avg decoder weight change = 0.00005838
Epoch 52: avg decoder weight change = 0.00005811
Epoch 53: avg decoder weight change = 0.00005571
Epoch 54: avg decoder weight change = 0.00005629
Epoch 55: avg decoder weight change = 0.00007915
Epoch 56: avg decoder weight change = 0.00005678
Epoch 57: avg decoder weight change = 0.00006274
Exp has been early stopped!
=== Activity | seed 4 ===
PID, device: 3160025 cuda
Total records: 25
Dataset n_samples: 25 15 5 5
Test record ids (first 20): ['B04', 'D02', 'A01', 'E04', 'C02']
Test record ids (last 20): ['B04', 'D02', 'A01', 'E04', 'C02']
data_max: tensor([5.6217, 3.9067, 2.4465, 5.3456, 3.9414, 2.2163, 5.7582, 3.9781, 2.6061,
        5.3913, 3.9654, 2.6011], device='cuda:0')
data_min: tensor([ 0.1852, -0.1228, -1.4615,  0.1606, -0.4760, -2.5436, -0.2787, -0.4944,
        -2.0269,  0.0198, -0.4789, -1.9588], device='cuda:0')
time_max: tensor(304861., device='cuda:0')
manual set time_max: tensor(4000, device='cuda:0')
[MS] batch keys: ['X_list', 'tt_list', 'mk_list', 'npatches', 'tp_to_predict', 'data_to_predict', 'mask_predicted_data']
[MS] #scales: 2
[MS] per-scale shapes: [(32, 6, 5, 12), (32, 3, 10, 12)]
[MS] data_to_predict: (32, 33, 12)
[MS] mask_predicted_data sum: 2838.0
[MS] tt_list mins/maxes: [(0.0, 0.9976666569709778), (0.0, 0.9976666569709778)]
[MS] tp_to_predict min/max: 0.0 1.3313332796096802
[MS] use_ms=True fusion=gated scales=500,1000 strides=500,1000 npatches_per_scale=[6, 3]
decoder exists: True
fuse_proj exists: True
attn_V exists: False
attn_u exists: False
gate_mlp exists: True
Missing trainable params in optimizer: []
Missing count: 0
n_train_batches: 104
Epoch 0: avg decoder weight change = 0.00009926
Epoch 1: avg decoder weight change = 0.00001063
Epoch 2: avg decoder weight change = 0.00001082
Epoch 3: avg decoder weight change = 0.00001124
Epoch 4: avg decoder weight change = 0.00001181
Epoch 5: avg decoder weight change = 0.00001327
Epoch 6: avg decoder weight change = 0.00001752
Epoch 7: avg decoder weight change = 0.00002438
Epoch 8: avg decoder weight change = 0.00001815
Epoch 9: avg decoder weight change = 0.00001382
Epoch 10: avg decoder weight change = 0.00001838
Epoch 11: avg decoder weight change = 0.00001367
Epoch 12: avg decoder weight change = 0.00001768
Epoch 13: avg decoder weight change = 0.00002182
Epoch 14: avg decoder weight change = 0.00002204
Epoch 15: avg decoder weight change = 0.00002325
Epoch 16: avg decoder weight change = 0.00001651
Epoch 17: avg decoder weight change = 0.00001355
Epoch 18: avg decoder weight change = 0.00001816
Epoch 19: avg decoder weight change = 0.00001904
Epoch 20: avg decoder weight change = 0.00001880
Epoch 21: avg decoder weight change = 0.00002815
Epoch 22: avg decoder weight change = 0.00002011
Epoch 23: avg decoder weight change = 0.00002136
Epoch 24: avg decoder weight change = 0.00002255
Epoch 25: avg decoder weight change = 0.00001800
Epoch 26: avg decoder weight change = 0.00001945
Epoch 27: avg decoder weight change = 0.00002448
Epoch 28: avg decoder weight change = 0.00002316
Epoch 29: avg decoder weight change = 0.00001967
Epoch 30: avg decoder weight change = 0.00002392
Epoch 31: avg decoder weight change = 0.00001881
Epoch 32: avg decoder weight change = 0.00001945
Epoch 33: avg decoder weight change = 0.00003126
Epoch 34: avg decoder weight change = 0.00002240
Epoch 35: avg decoder weight change = 0.00003117
Epoch 36: avg decoder weight change = 0.00002440
Epoch 37: avg decoder weight change = 0.00002932
Epoch 38: avg decoder weight change = 0.00003163
Epoch 39: avg decoder weight change = 0.00002454
Epoch 40: avg decoder weight change = 0.00002156
Epoch 41: avg decoder weight change = 0.00003563
Epoch 42: avg decoder weight change = 0.00002810
Epoch 43: avg decoder weight change = 0.00003281
Epoch 44: avg decoder weight change = 0.00003547
Epoch 45: avg decoder weight change = 0.00004783
Epoch 46: avg decoder weight change = 0.00003854
Epoch 47: avg decoder weight change = 0.00005188
Epoch 48: avg decoder weight change = 0.00003718
Epoch 49: avg decoder weight change = 0.00004398
Epoch 50: avg decoder weight change = 0.00004560
Epoch 51: avg decoder weight change = 0.00004630
Epoch 52: avg decoder weight change = 0.00003509
Epoch 53: avg decoder weight change = 0.00004540
Epoch 54: avg decoder weight change = 0.00004180
Epoch 55: avg decoder weight change = 0.00005225
Epoch 56: avg decoder weight change = 0.00004504
Epoch 57: avg decoder weight change = 0.00004057
Epoch 58: avg decoder weight change = 0.00005278
Epoch 59: avg decoder weight change = 0.00005274
Epoch 60: avg decoder weight change = 0.00005582
Epoch 61: avg decoder weight change = 0.00005202
Epoch 62: avg decoder weight change = 0.00006100
Epoch 63: avg decoder weight change = 0.00007357
Epoch 64: avg decoder weight change = 0.00006721
Epoch 65: avg decoder weight change = 0.00006095
Epoch 66: avg decoder weight change = 0.00006125
Epoch 67: avg decoder weight change = 0.00005814
Epoch 68: avg decoder weight change = 0.00006299
Epoch 69: avg decoder weight change = 0.00005650
Epoch 70: avg decoder weight change = 0.00007687
Epoch 71: avg decoder weight change = 0.00006249
Epoch 72: avg decoder weight change = 0.00006475
Epoch 73: avg decoder weight change = 0.00006149
Epoch 74: avg decoder weight change = 0.00006335
Epoch 75: avg decoder weight change = 0.00006530
Epoch 76: avg decoder weight change = 0.00007401
Epoch 77: avg decoder weight change = 0.00006446
Epoch 78: avg decoder weight change = 0.00006024
Epoch 79: avg decoder weight change = 0.00006328
Epoch 80: avg decoder weight change = 0.00006585
Epoch 81: avg decoder weight change = 0.00007222
Epoch 82: avg decoder weight change = 0.00007215
Epoch 83: avg decoder weight change = 0.00006660
Epoch 84: avg decoder weight change = 0.00006889
Epoch 85: avg decoder weight change = 0.00006791
Epoch 86: avg decoder weight change = 0.00006910
Epoch 87: avg decoder weight change = 0.00006654
Epoch 88: avg decoder weight change = 0.00006616
Epoch 89: avg decoder weight change = 0.00006258
Epoch 90: avg decoder weight change = 0.00006887
Epoch 91: avg decoder weight change = 0.00007449
Epoch 92: avg decoder weight change = 0.00006520
Epoch 93: avg decoder weight change = 0.00006693
Epoch 94: avg decoder weight change = 0.00007363
Epoch 95: avg decoder weight change = 0.00007099
Epoch 96: avg decoder weight change = 0.00007226
Epoch 97: avg decoder weight change = 0.00008076
Epoch 98: avg decoder weight change = 0.00006608
Epoch 99: avg decoder weight change = 0.00006983
Epoch 100: avg decoder weight change = 0.00008961
Epoch 101: avg decoder weight change = 0.00006879
Epoch 102: avg decoder weight change = 0.00007980
Epoch 103: avg decoder weight change = 0.00007583
Epoch 104: avg decoder weight change = 0.00007159
Epoch 105: avg decoder weight change = 0.00007208
Epoch 106: avg decoder weight change = 0.00007794
Epoch 107: avg decoder weight change = 0.00007409
Epoch 108: avg decoder weight change = 0.00007921
Epoch 109: avg decoder weight change = 0.00007785
Epoch 110: avg decoder weight change = 0.00007966
Epoch 111: avg decoder weight change = 0.00006854
Epoch 112: avg decoder weight change = 0.00009803
Epoch 113: avg decoder weight change = 0.00007966
Epoch 114: avg decoder weight change = 0.00009139
Epoch 115: avg decoder weight change = 0.00008408
Epoch 116: avg decoder weight change = 0.00007790
Epoch 117: avg decoder weight change = 0.00007966
Epoch 118: avg decoder weight change = 0.00008117
Epoch 119: avg decoder weight change = 0.00007203
Epoch 120: avg decoder weight change = 0.00008259
Epoch 121: avg decoder weight change = 0.00007393
Epoch 122: avg decoder weight change = 0.00007471
Epoch 123: avg decoder weight change = 0.00007863
Epoch 124: avg decoder weight change = 0.00008631
Epoch 125: avg decoder weight change = 0.00010729
Epoch 126: avg decoder weight change = 0.00008553
Epoch 127: avg decoder weight change = 0.00007913
Epoch 128: avg decoder weight change = 0.00008402
Exp has been early stopped!
=== Activity | seed 5 ===
PID, device: 3160226 cuda
Total records: 25
Dataset n_samples: 25 15 5 5
Test record ids (first 20): ['B04', 'D02', 'A01', 'E04', 'C02']
Test record ids (last 20): ['B04', 'D02', 'A01', 'E04', 'C02']
data_max: tensor([5.6217, 3.9067, 2.4465, 5.3456, 3.9414, 2.2163, 5.7582, 3.9781, 2.6061,
        5.3913, 3.9654, 2.6011], device='cuda:0')
data_min: tensor([ 0.1852, -0.1228, -1.4615,  0.1606, -0.4760, -2.5436, -0.2787, -0.4944,
        -2.0269,  0.0198, -0.4789, -1.9588], device='cuda:0')
time_max: tensor(304861., device='cuda:0')
manual set time_max: tensor(4000, device='cuda:0')
[MS] batch keys: ['X_list', 'tt_list', 'mk_list', 'npatches', 'tp_to_predict', 'data_to_predict', 'mask_predicted_data']
[MS] #scales: 2
[MS] per-scale shapes: [(32, 6, 5, 12), (32, 3, 10, 12)]
[MS] data_to_predict: (32, 33, 12)
[MS] mask_predicted_data sum: 2838.0
[MS] tt_list mins/maxes: [(0.0, 0.9976666569709778), (0.0, 0.9976666569709778)]
[MS] tp_to_predict min/max: 0.0 1.3313332796096802
[MS] use_ms=True fusion=gated scales=500,1000 strides=500,1000 npatches_per_scale=[6, 3]
decoder exists: True
fuse_proj exists: True
attn_V exists: False
attn_u exists: False
gate_mlp exists: True
Missing trainable params in optimizer: []
Missing count: 0
n_train_batches: 104
Epoch 0: avg decoder weight change = 0.00010164
Epoch 1: avg decoder weight change = 0.00000978
Epoch 2: avg decoder weight change = 0.00000611
Epoch 3: avg decoder weight change = 0.00000410
Epoch 4: avg decoder weight change = 0.00000739
Epoch 5: avg decoder weight change = 0.00000569
Epoch 6: avg decoder weight change = 0.00000782
Epoch 7: avg decoder weight change = 0.00000677
Epoch 8: avg decoder weight change = 0.00000763
Epoch 9: avg decoder weight change = 0.00000590
Epoch 10: avg decoder weight change = 0.00000659
Epoch 11: avg decoder weight change = 0.00000810
Epoch 12: avg decoder weight change = 0.00001434
Epoch 13: avg decoder weight change = 0.00001009
Epoch 14: avg decoder weight change = 0.00000913
Epoch 15: avg decoder weight change = 0.00000739
Epoch 16: avg decoder weight change = 0.00000685
Epoch 17: avg decoder weight change = 0.00000869
Epoch 18: avg decoder weight change = 0.00001474
Epoch 19: avg decoder weight change = 0.00001118
Epoch 20: avg decoder weight change = 0.00001199
Epoch 21: avg decoder weight change = 0.00000971
Epoch 22: avg decoder weight change = 0.00001102
Epoch 23: avg decoder weight change = 0.00001912
Epoch 24: avg decoder weight change = 0.00001396
Epoch 25: avg decoder weight change = 0.00001150
Epoch 26: avg decoder weight change = 0.00001271
Epoch 27: avg decoder weight change = 0.00001285
Epoch 28: avg decoder weight change = 0.00001660
Epoch 29: avg decoder weight change = 0.00001802
Epoch 30: avg decoder weight change = 0.00001512
Epoch 31: avg decoder weight change = 0.00001097
Epoch 32: avg decoder weight change = 0.00001498
Epoch 33: avg decoder weight change = 0.00001796
Epoch 34: avg decoder weight change = 0.00002047
Epoch 35: avg decoder weight change = 0.00002513
Epoch 36: avg decoder weight change = 0.00001560
Epoch 37: avg decoder weight change = 0.00001359
Epoch 38: avg decoder weight change = 0.00001917
Epoch 39: avg decoder weight change = 0.00001659
Epoch 40: avg decoder weight change = 0.00001955
Epoch 41: avg decoder weight change = 0.00001758
Epoch 42: avg decoder weight change = 0.00002081
Exp has been early stopped!
