/home/ouass/Test/MSP-IMTS/tPatchGNN/run_models.py
2026-03-14 15:07:57
run_models.py --dataset activity --state def --history 3000 --batch_size 32 --lr 1e-3 --nhead 1 --patience 10 --tf_layer 1 --nlayer 1 --te_dim 10 --node_dim 10 --hid_dim 34 --outlayer Linear --seed 1 --gpu 0 --multi_scales 250,500,1000 --multi_strides 250,500,1000 --metric per_dim --fusion gated
Namespace(multi_scales='250,500,1000', multi_strides='250,500,1000', fusion='gated', state='def', n=100000000, hop=1, nhead=1, tf_layer=1, nlayer=1, epoch=1000, patience=10, history=3000, patch_size=24, stride=24, logmode='a', lr=0.001, w_decay=0.0, batch_size=32, save='experiments/', load=None, seed=1, dataset='activity', quantization=0.0, model='tPatchGNN', outlayer='Linear', hid_dim=34, te_dim=10, node_dim=10, gpu='0', metric='per_dim', npatch=125, device=device(type='cuda'), PID=3159742, pred_window=1000, ndim=12)
- Epoch 000, ExpID 22042
Train - Loss (one batch): 0.00279
Val - Loss, MSE, RMSE, MAE, MAPE: 0.00373, 0.00373, 0.06107, 0.03913, 10.18%
Test - Best epoch, Loss, MSE, RMSE, MAE, MAPE: 0, 0.00348, 0.00348, 0.05900, 0.03792, 8.83%
Time spent: 2.84s
- Epoch 001, ExpID 22042
Train - Loss (one batch): 0.00409
Val - Loss, MSE, RMSE, MAE, MAPE: 0.00337, 0.00337, 0.05807, 0.03672, 9.47%
Test - Best epoch, Loss, MSE, RMSE, MAE, MAPE: 1, 0.00318, 0.00318, 0.05637, 0.03586, 8.30%
Time spent: 2.93s
- Epoch 002, ExpID 22042
Train - Loss (one batch): 0.00294
Val - Loss, MSE, RMSE, MAE, MAPE: 0.00310, 0.00310, 0.05567, 0.03357, 8.61%
Test - Best epoch, Loss, MSE, RMSE, MAE, MAPE: 2, 0.00296, 0.00296, 0.05439, 0.03304, 7.57%
Time spent: 3.03s
- Epoch 003, ExpID 22042
Train - Loss (one batch): 0.00218
Val - Loss, MSE, RMSE, MAE, MAPE: 0.00312, 0.00312, 0.05585, 0.03385, 8.64%
Test - Best epoch, Loss, MSE, RMSE, MAE, MAPE: 2, 0.00296, 0.00296, 0.05439, 0.03304, 7.57%
Time spent: 2.77s
- Epoch 004, ExpID 22042
Train - Loss (one batch): 0.00228
Val - Loss, MSE, RMSE, MAE, MAPE: 0.00298, 0.00298, 0.05460, 0.03252, 8.41%
Test - Best epoch, Loss, MSE, RMSE, MAE, MAPE: 4, 0.00286, 0.00286, 0.05348, 0.03217, 7.40%
Time spent: 3.04s
- Epoch 005, ExpID 22042
Train - Loss (one batch): 0.00297
Val - Loss, MSE, RMSE, MAE, MAPE: 0.00295, 0.00295, 0.05429, 0.03244, 8.48%
Test - Best epoch, Loss, MSE, RMSE, MAE, MAPE: 5, 0.00283, 0.00283, 0.05315, 0.03209, 7.43%
Time spent: 3.08s
- Epoch 006, ExpID 22042
Train - Loss (one batch): 0.00247
Val - Loss, MSE, RMSE, MAE, MAPE: 0.00315, 0.00315, 0.05610, 0.03550, 8.85%
Test - Best epoch, Loss, MSE, RMSE, MAE, MAPE: 5, 0.00283, 0.00283, 0.05315, 0.03209, 7.43%
Time spent: 2.71s
- Epoch 007, ExpID 22042
Train - Loss (one batch): 0.00310
Val - Loss, MSE, RMSE, MAE, MAPE: 0.00309, 0.00309, 0.05560, 0.03493, 8.91%
Test - Best epoch, Loss, MSE, RMSE, MAE, MAPE: 5, 0.00283, 0.00283, 0.05315, 0.03209, 7.43%
Time spent: 2.74s
- Epoch 008, ExpID 22042
Train - Loss (one batch): 0.00182
Val - Loss, MSE, RMSE, MAE, MAPE: 0.00290, 0.00290, 0.05385, 0.03251, 8.57%
Test - Best epoch, Loss, MSE, RMSE, MAE, MAPE: 8, 0.00279, 0.00279, 0.05277, 0.03220, 7.55%
Time spent: 3.04s
- Epoch 009, ExpID 22042
Train - Loss (one batch): 0.00354
Val - Loss, MSE, RMSE, MAE, MAPE: 0.00307, 0.00307, 0.05543, 0.03456, 8.72%
Test - Best epoch, Loss, MSE, RMSE, MAE, MAPE: 8, 0.00279, 0.00279, 0.05277, 0.03220, 7.55%
Time spent: 2.71s
- Epoch 010, ExpID 22042
Train - Loss (one batch): 0.00267
Val - Loss, MSE, RMSE, MAE, MAPE: 0.00288, 0.00288, 0.05365, 0.03240, 8.35%
Test - Best epoch, Loss, MSE, RMSE, MAE, MAPE: 10, 0.00278, 0.00278, 0.05270, 0.03212, 7.38%
Time spent: 3.05s
- Epoch 011, ExpID 22042
Train - Loss (one batch): 0.00310
Val - Loss, MSE, RMSE, MAE, MAPE: 0.00285, 0.00285, 0.05339, 0.03234, 8.42%
Test - Best epoch, Loss, MSE, RMSE, MAE, MAPE: 11, 0.00275, 0.00275, 0.05243, 0.03207, 7.44%
Time spent: 3.01s
- Epoch 012, ExpID 22042
Train - Loss (one batch): 0.00195
Val - Loss, MSE, RMSE, MAE, MAPE: 0.00297, 0.00297, 0.05451, 0.03398, 8.54%
Test - Best epoch, Loss, MSE, RMSE, MAE, MAPE: 11, 0.00275, 0.00275, 0.05243, 0.03207, 7.44%
Time spent: 2.42s
- Epoch 013, ExpID 22042
Train - Loss (one batch): 0.00209
Val - Loss, MSE, RMSE, MAE, MAPE: 0.00289, 0.00289, 0.05375, 0.03296, 8.70%
Test - Best epoch, Loss, MSE, RMSE, MAE, MAPE: 11, 0.00275, 0.00275, 0.05243, 0.03207, 7.44%
Time spent: 2.62s
- Epoch 014, ExpID 22042
Train - Loss (one batch): 0.00213
Val - Loss, MSE, RMSE, MAE, MAPE: 0.00287, 0.00287, 0.05357, 0.03318, 8.52%
Test - Best epoch, Loss, MSE, RMSE, MAE, MAPE: 11, 0.00275, 0.00275, 0.05243, 0.03207, 7.44%
Time spent: 2.71s
- Epoch 015, ExpID 22042
Train - Loss (one batch): 0.00340
Val - Loss, MSE, RMSE, MAE, MAPE: 0.00293, 0.00293, 0.05410, 0.03368, 8.45%
Test - Best epoch, Loss, MSE, RMSE, MAE, MAPE: 11, 0.00275, 0.00275, 0.05243, 0.03207, 7.44%
Time spent: 2.72s
- Epoch 016, ExpID 22042
Train - Loss (one batch): 0.00308
Val - Loss, MSE, RMSE, MAE, MAPE: 0.00304, 0.00304, 0.05514, 0.03565, 9.33%
Test - Best epoch, Loss, MSE, RMSE, MAE, MAPE: 11, 0.00275, 0.00275, 0.05243, 0.03207, 7.44%
Time spent: 2.71s
- Epoch 017, ExpID 22042
Train - Loss (one batch): 0.00298
Val - Loss, MSE, RMSE, MAE, MAPE: 0.00287, 0.00287, 0.05361, 0.03305, 8.35%
Test - Best epoch, Loss, MSE, RMSE, MAE, MAPE: 11, 0.00275, 0.00275, 0.05243, 0.03207, 7.44%
Time spent: 2.78s
- Epoch 018, ExpID 22042
Train - Loss (one batch): 0.00259
Val - Loss, MSE, RMSE, MAE, MAPE: 0.00278, 0.00278, 0.05271, 0.03176, 8.30%
Test - Best epoch, Loss, MSE, RMSE, MAE, MAPE: 18, 0.00269, 0.00269, 0.05191, 0.03171, 7.38%
Time spent: 3.03s
- Epoch 019, ExpID 22042
Train - Loss (one batch): 0.00162
Val - Loss, MSE, RMSE, MAE, MAPE: 0.00290, 0.00290, 0.05386, 0.03372, 8.96%
Test - Best epoch, Loss, MSE, RMSE, MAE, MAPE: 18, 0.00269, 0.00269, 0.05191, 0.03171, 7.38%
Time spent: 2.69s
- Epoch 020, ExpID 22042
Train - Loss (one batch): 0.00321
Val - Loss, MSE, RMSE, MAE, MAPE: 0.00279, 0.00279, 0.05285, 0.03249, 8.48%
Test - Best epoch, Loss, MSE, RMSE, MAE, MAPE: 18, 0.00269, 0.00269, 0.05191, 0.03171, 7.38%
Time spent: 2.70s
- Epoch 021, ExpID 22042
Train - Loss (one batch): 0.00237
Val - Loss, MSE, RMSE, MAE, MAPE: 0.00343, 0.00343, 0.05858, 0.04093, 10.70%
Test - Best epoch, Loss, MSE, RMSE, MAE, MAPE: 18, 0.00269, 0.00269, 0.05191, 0.03171, 7.38%
Time spent: 2.74s
- Epoch 022, ExpID 22042
Train - Loss (one batch): 0.00260
Val - Loss, MSE, RMSE, MAE, MAPE: 0.00278, 0.00278, 0.05277, 0.03213, 8.28%
Test - Best epoch, Loss, MSE, RMSE, MAE, MAPE: 18, 0.00269, 0.00269, 0.05191, 0.03171, 7.38%
Time spent: 2.74s
- Epoch 023, ExpID 22042
Train - Loss (one batch): 0.00232
Val - Loss, MSE, RMSE, MAE, MAPE: 0.00291, 0.00291, 0.05396, 0.03444, 8.46%
Test - Best epoch, Loss, MSE, RMSE, MAE, MAPE: 18, 0.00269, 0.00269, 0.05191, 0.03171, 7.38%
Time spent: 2.71s
- Epoch 024, ExpID 22042
Train - Loss (one batch): 0.00157
Val - Loss, MSE, RMSE, MAE, MAPE: 0.00295, 0.00295, 0.05434, 0.03490, 9.14%
Test - Best epoch, Loss, MSE, RMSE, MAE, MAPE: 18, 0.00269, 0.00269, 0.05191, 0.03171, 7.38%
Time spent: 2.72s
- Epoch 025, ExpID 22042
Train - Loss (one batch): 0.00303
Val - Loss, MSE, RMSE, MAE, MAPE: 0.00273, 0.00273, 0.05221, 0.03148, 8.11%
Test - Best epoch, Loss, MSE, RMSE, MAE, MAPE: 25, 0.00265, 0.00265, 0.05147, 0.03146, 7.25%
Time spent: 3.07s
- Epoch 026, ExpID 22042
Train - Loss (one batch): 0.00179
Val - Loss, MSE, RMSE, MAE, MAPE: 0.00277, 0.00277, 0.05266, 0.03223, 8.14%
Test - Best epoch, Loss, MSE, RMSE, MAE, MAPE: 25, 0.00265, 0.00265, 0.05147, 0.03146, 7.25%
Time spent: 2.70s
- Epoch 027, ExpID 22042
Train - Loss (one batch): 0.00302
Val - Loss, MSE, RMSE, MAE, MAPE: 0.00277, 0.00277, 0.05263, 0.03207, 8.14%
Test - Best epoch, Loss, MSE, RMSE, MAE, MAPE: 25, 0.00265, 0.00265, 0.05147, 0.03146, 7.25%
Time spent: 2.72s
- Epoch 028, ExpID 22042
Train - Loss (one batch): 0.00205
Val - Loss, MSE, RMSE, MAE, MAPE: 0.00284, 0.00284, 0.05332, 0.03316, 8.32%
Test - Best epoch, Loss, MSE, RMSE, MAE, MAPE: 25, 0.00265, 0.00265, 0.05147, 0.03146, 7.25%
Time spent: 2.78s
- Epoch 029, ExpID 22042
Train - Loss (one batch): 0.00253
Val - Loss, MSE, RMSE, MAE, MAPE: 0.00303, 0.00303, 0.05505, 0.03577, 9.02%
Test - Best epoch, Loss, MSE, RMSE, MAE, MAPE: 25, 0.00265, 0.00265, 0.05147, 0.03146, 7.25%
Time spent: 2.74s
- Epoch 030, ExpID 22042
Train - Loss (one batch): 0.00216
Val - Loss, MSE, RMSE, MAE, MAPE: 0.00276, 0.00276, 0.05254, 0.03250, 8.13%
Test - Best epoch, Loss, MSE, RMSE, MAE, MAPE: 25, 0.00265, 0.00265, 0.05147, 0.03146, 7.25%
Time spent: 2.75s
- Epoch 031, ExpID 22042
Train - Loss (one batch): 0.00262
Val - Loss, MSE, RMSE, MAE, MAPE: 0.00295, 0.00295, 0.05431, 0.03497, 9.09%
Test - Best epoch, Loss, MSE, RMSE, MAE, MAPE: 25, 0.00265, 0.00265, 0.05147, 0.03146, 7.25%
Time spent: 2.72s
- Epoch 032, ExpID 22042
Train - Loss (one batch): 0.00251
Val - Loss, MSE, RMSE, MAE, MAPE: 0.00278, 0.00278, 0.05274, 0.03217, 8.15%
Test - Best epoch, Loss, MSE, RMSE, MAE, MAPE: 25, 0.00265, 0.00265, 0.05147, 0.03146, 7.25%
Time spent: 2.68s
- Epoch 033, ExpID 22042
Train - Loss (one batch): 0.00191
Val - Loss, MSE, RMSE, MAE, MAPE: 0.00269, 0.00269, 0.05191, 0.03146, 8.14%
Test - Best epoch, Loss, MSE, RMSE, MAE, MAPE: 33, 0.00263, 0.00263, 0.05130, 0.03148, 7.25%
Time spent: 3.05s
- Epoch 034, ExpID 22042
Train - Loss (one batch): 0.00289
Val - Loss, MSE, RMSE, MAE, MAPE: 0.00315, 0.00315, 0.05616, 0.03795, 9.69%
Test - Best epoch, Loss, MSE, RMSE, MAE, MAPE: 33, 0.00263, 0.00263, 0.05130, 0.03148, 7.25%
Time spent: 2.78s
- Epoch 035, ExpID 22042
Train - Loss (one batch): 0.00202
Val - Loss, MSE, RMSE, MAE, MAPE: 0.00272, 0.00272, 0.05215, 0.03182, 8.31%
Test - Best epoch, Loss, MSE, RMSE, MAE, MAPE: 33, 0.00263, 0.00263, 0.05130, 0.03148, 7.25%
Time spent: 2.69s
- Epoch 036, ExpID 22042
Train - Loss (one batch): 0.00217
Val - Loss, MSE, RMSE, MAE, MAPE: 0.00273, 0.00273, 0.05225, 0.03201, 8.41%
Test - Best epoch, Loss, MSE, RMSE, MAE, MAPE: 33, 0.00263, 0.00263, 0.05130, 0.03148, 7.25%
Time spent: 2.42s
- Epoch 037, ExpID 22042
Train - Loss (one batch): 0.00208
Val - Loss, MSE, RMSE, MAE, MAPE: 0.00296, 0.00296, 0.05440, 0.03576, 9.33%
Test - Best epoch, Loss, MSE, RMSE, MAE, MAPE: 33, 0.00263, 0.00263, 0.05130, 0.03148, 7.25%
Time spent: 2.30s
- Epoch 038, ExpID 22042
Train - Loss (one batch): 0.00264
Val - Loss, MSE, RMSE, MAE, MAPE: 0.00273, 0.00273, 0.05223, 0.03167, 8.14%
Test - Best epoch, Loss, MSE, RMSE, MAE, MAPE: 33, 0.00263, 0.00263, 0.05130, 0.03148, 7.25%
Time spent: 2.37s
- Epoch 039, ExpID 22042
Train - Loss (one batch): 0.00283
Val - Loss, MSE, RMSE, MAE, MAPE: 0.00292, 0.00292, 0.05403, 0.03516, 9.03%
Test - Best epoch, Loss, MSE, RMSE, MAE, MAPE: 33, 0.00263, 0.00263, 0.05130, 0.03148, 7.25%
Time spent: 2.43s
- Epoch 040, ExpID 22042
Train - Loss (one batch): 0.00203
Val - Loss, MSE, RMSE, MAE, MAPE: 0.00271, 0.00271, 0.05205, 0.03156, 8.13%
Test - Best epoch, Loss, MSE, RMSE, MAE, MAPE: 33, 0.00263, 0.00263, 0.05130, 0.03148, 7.25%
Time spent: 2.75s
- Epoch 041, ExpID 22042
Train - Loss (one batch): 0.00158
Val - Loss, MSE, RMSE, MAE, MAPE: 0.00277, 0.00277, 0.05261, 0.03244, 8.32%
Test - Best epoch, Loss, MSE, RMSE, MAE, MAPE: 33, 0.00263, 0.00263, 0.05130, 0.03148, 7.25%
Time spent: 2.62s
- Epoch 042, ExpID 22042
Train - Loss (one batch): 0.00285
Val - Loss, MSE, RMSE, MAE, MAPE: 0.00268, 0.00268, 0.05178, 0.03157, 8.33%
Test - Best epoch, Loss, MSE, RMSE, MAE, MAPE: 42, 0.00261, 0.00261, 0.05110, 0.03163, 7.43%
Time spent: 3.09s
- Epoch 043, ExpID 22042
Train - Loss (one batch): 0.00280
Val - Loss, MSE, RMSE, MAE, MAPE: 0.00293, 0.00293, 0.05413, 0.03537, 9.34%
Test - Best epoch, Loss, MSE, RMSE, MAE, MAPE: 42, 0.00261, 0.00261, 0.05110, 0.03163, 7.43%
Time spent: 2.72s
- Epoch 044, ExpID 22042
Train - Loss (one batch): 0.00311
Val - Loss, MSE, RMSE, MAE, MAPE: 0.00322, 0.00322, 0.05677, 0.03865, 9.75%
Test - Best epoch, Loss, MSE, RMSE, MAE, MAPE: 42, 0.00261, 0.00261, 0.05110, 0.03163, 7.43%
Time spent: 2.72s
- Epoch 045, ExpID 22042
Train - Loss (one batch): 0.00192
Val - Loss, MSE, RMSE, MAE, MAPE: 0.00285, 0.00285, 0.05342, 0.03394, 8.75%
Test - Best epoch, Loss, MSE, RMSE, MAE, MAPE: 42, 0.00261, 0.00261, 0.05110, 0.03163, 7.43%
Time spent: 2.72s
- Epoch 046, ExpID 22042
Train - Loss (one batch): 0.00345
Val - Loss, MSE, RMSE, MAE, MAPE: 0.00267, 0.00267, 0.05167, 0.03125, 7.98%
Test - Best epoch, Loss, MSE, RMSE, MAE, MAPE: 46, 0.00259, 0.00259, 0.05090, 0.03112, 7.15%
Time spent: 3.06s
- Epoch 047, ExpID 22042
Train - Loss (one batch): 0.00186
Val - Loss, MSE, RMSE, MAE, MAPE: 0.00272, 0.00272, 0.05217, 0.03174, 8.00%
Test - Best epoch, Loss, MSE, RMSE, MAE, MAPE: 46, 0.00259, 0.00259, 0.05090, 0.03112, 7.15%
Time spent: 2.71s
- Epoch 048, ExpID 22042
Train - Loss (one batch): 0.00225
Val - Loss, MSE, RMSE, MAE, MAPE: 0.00331, 0.00331, 0.05757, 0.03998, 9.91%
Test - Best epoch, Loss, MSE, RMSE, MAE, MAPE: 46, 0.00259, 0.00259, 0.05090, 0.03112, 7.15%
Time spent: 2.74s
- Epoch 049, ExpID 22042
Train - Loss (one batch): 0.00272
Val - Loss, MSE, RMSE, MAE, MAPE: 0.00268, 0.00268, 0.05176, 0.03155, 8.19%
Test - Best epoch, Loss, MSE, RMSE, MAE, MAPE: 46, 0.00259, 0.00259, 0.05090, 0.03112, 7.15%
Time spent: 2.72s
- Epoch 050, ExpID 22042
Train - Loss (one batch): 0.00229
Val - Loss, MSE, RMSE, MAE, MAPE: 0.00276, 0.00276, 0.05255, 0.03294, 8.58%
Test - Best epoch, Loss, MSE, RMSE, MAE, MAPE: 46, 0.00259, 0.00259, 0.05090, 0.03112, 7.15%
Time spent: 2.72s
- Epoch 051, ExpID 22042
Train - Loss (one batch): 0.00196
Val - Loss, MSE, RMSE, MAE, MAPE: 0.00266, 0.00266, 0.05153, 0.03089, 8.00%
Test - Best epoch, Loss, MSE, RMSE, MAE, MAPE: 51, 0.00258, 0.00258, 0.05076, 0.03095, 7.13%
Time spent: 3.00s
- Epoch 052, ExpID 22042
Train - Loss (one batch): 0.00196
Val - Loss, MSE, RMSE, MAE, MAPE: 0.00299, 0.00299, 0.05466, 0.03614, 9.59%
Test - Best epoch, Loss, MSE, RMSE, MAE, MAPE: 51, 0.00258, 0.00258, 0.05076, 0.03095, 7.13%
Time spent: 2.74s
- Epoch 053, ExpID 22042
Train - Loss (one batch): 0.00228
Val - Loss, MSE, RMSE, MAE, MAPE: 0.00275, 0.00275, 0.05245, 0.03295, 8.58%
Test - Best epoch, Loss, MSE, RMSE, MAE, MAPE: 51, 0.00258, 0.00258, 0.05076, 0.03095, 7.13%
Time spent: 2.72s
- Epoch 054, ExpID 22042
Train - Loss (one batch): 0.00267
Val - Loss, MSE, RMSE, MAE, MAPE: 0.00278, 0.00278, 0.05277, 0.03266, 8.49%
Test - Best epoch, Loss, MSE, RMSE, MAE, MAPE: 51, 0.00258, 0.00258, 0.05076, 0.03095, 7.13%
Time spent: 2.78s
- Epoch 055, ExpID 22042
Train - Loss (one batch): 0.00254
Val - Loss, MSE, RMSE, MAE, MAPE: 0.00281, 0.00281, 0.05303, 0.03365, 8.77%
Test - Best epoch, Loss, MSE, RMSE, MAE, MAPE: 51, 0.00258, 0.00258, 0.05076, 0.03095, 7.13%
Time spent: 2.74s
- Epoch 056, ExpID 22042
Train - Loss (one batch): 0.00238
Val - Loss, MSE, RMSE, MAE, MAPE: 0.00270, 0.00270, 0.05199, 0.03187, 8.19%
Test - Best epoch, Loss, MSE, RMSE, MAE, MAPE: 51, 0.00258, 0.00258, 0.05076, 0.03095, 7.13%
Time spent: 2.71s
- Epoch 057, ExpID 22042
Train - Loss (one batch): 0.00260
Val - Loss, MSE, RMSE, MAE, MAPE: 0.00267, 0.00267, 0.05167, 0.03118, 7.99%
Test - Best epoch, Loss, MSE, RMSE, MAE, MAPE: 51, 0.00258, 0.00258, 0.05076, 0.03095, 7.13%
Time spent: 2.70s
- Epoch 058, ExpID 22042
Train - Loss (one batch): 0.00231
Val - Loss, MSE, RMSE, MAE, MAPE: 0.00272, 0.00272, 0.05219, 0.03235, 8.47%
Test - Best epoch, Loss, MSE, RMSE, MAE, MAPE: 51, 0.00258, 0.00258, 0.05076, 0.03095, 7.13%
Time spent: 2.78s
- Epoch 059, ExpID 22042
Train - Loss (one batch): 0.00267
Val - Loss, MSE, RMSE, MAE, MAPE: 0.00266, 0.00266, 0.05161, 0.03149, 8.15%
Test - Best epoch, Loss, MSE, RMSE, MAE, MAPE: 51, 0.00258, 0.00258, 0.05076, 0.03095, 7.13%
Time spent: 2.73s
- Epoch 060, ExpID 22042
Train - Loss (one batch): 0.00218
Val - Loss, MSE, RMSE, MAE, MAPE: 0.00265, 0.00265, 0.05146, 0.03103, 7.95%
Test - Best epoch, Loss, MSE, RMSE, MAE, MAPE: 60, 0.00257, 0.00257, 0.05071, 0.03105, 7.09%
Time spent: 3.00s
- Epoch 061, ExpID 22042
Train - Loss (one batch): 0.00289
Val - Loss, MSE, RMSE, MAE, MAPE: 0.00274, 0.00274, 0.05239, 0.03244, 8.35%
Test - Best epoch, Loss, MSE, RMSE, MAE, MAPE: 60, 0.00257, 0.00257, 0.05071, 0.03105, 7.09%
Time spent: 2.73s
- Epoch 062, ExpID 22042
Train - Loss (one batch): 0.00242
Val - Loss, MSE, RMSE, MAE, MAPE: 0.00265, 0.00265, 0.05144, 0.03128, 8.21%
Test - Best epoch, Loss, MSE, RMSE, MAE, MAPE: 62, 0.00259, 0.00259, 0.05086, 0.03139, 7.35%
Time spent: 3.05s
- Epoch 063, ExpID 22042
Train - Loss (one batch): 0.00307
Val - Loss, MSE, RMSE, MAE, MAPE: 0.00283, 0.00283, 0.05322, 0.03387, 8.37%
Test - Best epoch, Loss, MSE, RMSE, MAE, MAPE: 62, 0.00259, 0.00259, 0.05086, 0.03139, 7.35%
Time spent: 2.73s
- Epoch 064, ExpID 22042
Train - Loss (one batch): 0.00202
Val - Loss, MSE, RMSE, MAE, MAPE: 0.00266, 0.00266, 0.05157, 0.03127, 8.09%
Test - Best epoch, Loss, MSE, RMSE, MAE, MAPE: 62, 0.00259, 0.00259, 0.05086, 0.03139, 7.35%
Time spent: 2.71s
- Epoch 065, ExpID 22042
Train - Loss (one batch): 0.00240
Val - Loss, MSE, RMSE, MAE, MAPE: 0.00263, 0.00263, 0.05126, 0.03076, 7.97%
Test - Best epoch, Loss, MSE, RMSE, MAE, MAPE: 65, 0.00256, 0.00256, 0.05062, 0.03086, 7.15%
Time spent: 3.03s
- Epoch 066, ExpID 22042
Train - Loss (one batch): 0.00180
Val - Loss, MSE, RMSE, MAE, MAPE: 0.00267, 0.00267, 0.05170, 0.03116, 7.98%
Test - Best epoch, Loss, MSE, RMSE, MAE, MAPE: 65, 0.00256, 0.00256, 0.05062, 0.03086, 7.15%
Time spent: 2.72s
- Epoch 067, ExpID 22042
Train - Loss (one batch): 0.00329
Val - Loss, MSE, RMSE, MAE, MAPE: 0.00269, 0.00269, 0.05182, 0.03139, 8.11%
Test - Best epoch, Loss, MSE, RMSE, MAE, MAPE: 65, 0.00256, 0.00256, 0.05062, 0.03086, 7.15%
Time spent: 2.74s
- Epoch 068, ExpID 22042
Train - Loss (one batch): 0.00266
Val - Loss, MSE, RMSE, MAE, MAPE: 0.00273, 0.00273, 0.05224, 0.03199, 8.33%
Test - Best epoch, Loss, MSE, RMSE, MAE, MAPE: 65, 0.00256, 0.00256, 0.05062, 0.03086, 7.15%
Time spent: 2.76s
- Epoch 069, ExpID 22042
Train - Loss (one batch): 0.00234
Val - Loss, MSE, RMSE, MAE, MAPE: 0.00269, 0.00269, 0.05188, 0.03148, 8.27%
Test - Best epoch, Loss, MSE, RMSE, MAE, MAPE: 65, 0.00256, 0.00256, 0.05062, 0.03086, 7.15%
Time spent: 2.70s
- Epoch 070, ExpID 22042
Train - Loss (one batch): 0.00287
Val - Loss, MSE, RMSE, MAE, MAPE: 0.00271, 0.00271, 0.05206, 0.03166, 8.40%
Test - Best epoch, Loss, MSE, RMSE, MAE, MAPE: 65, 0.00256, 0.00256, 0.05062, 0.03086, 7.15%
Time spent: 2.76s
- Epoch 071, ExpID 22042
Train - Loss (one batch): 0.00329
Val - Loss, MSE, RMSE, MAE, MAPE: 0.00279, 0.00279, 0.05278, 0.03314, 8.54%
Test - Best epoch, Loss, MSE, RMSE, MAE, MAPE: 65, 0.00256, 0.00256, 0.05062, 0.03086, 7.15%
Time spent: 2.71s
- Epoch 072, ExpID 22042
Train - Loss (one batch): 0.00373
Val - Loss, MSE, RMSE, MAE, MAPE: 0.00270, 0.00270, 0.05198, 0.03152, 8.11%
Test - Best epoch, Loss, MSE, RMSE, MAE, MAPE: 65, 0.00256, 0.00256, 0.05062, 0.03086, 7.15%
Time spent: 2.63s
- Epoch 073, ExpID 22042
Train - Loss (one batch): 0.00216
Val - Loss, MSE, RMSE, MAE, MAPE: 0.00280, 0.00280, 0.05289, 0.03335, 8.60%
Test - Best epoch, Loss, MSE, RMSE, MAE, MAPE: 65, 0.00256, 0.00256, 0.05062, 0.03086, 7.15%
Time spent: 2.78s
- Epoch 074, ExpID 22042
Train - Loss (one batch): 0.00199
Val - Loss, MSE, RMSE, MAE, MAPE: 0.00285, 0.00285, 0.05343, 0.03417, 8.91%
Test - Best epoch, Loss, MSE, RMSE, MAE, MAPE: 65, 0.00256, 0.00256, 0.05062, 0.03086, 7.15%
Time spent: 2.77s
- Epoch 075, ExpID 22042
Train - Loss (one batch): 0.00340
Val - Loss, MSE, RMSE, MAE, MAPE: 0.00267, 0.00267, 0.05171, 0.03122, 7.92%
Test - Best epoch, Loss, MSE, RMSE, MAE, MAPE: 65, 0.00256, 0.00256, 0.05062, 0.03086, 7.15%
Time spent: 2.74s
/home/ouass/Test/MSP-IMTS/tPatchGNN/run_models.py
2026-03-14 15:12:08
run_models.py --dataset activity --state def --history 3000 --batch_size 32 --lr 1e-3 --nhead 1 --patience 10 --tf_layer 1 --nlayer 1 --te_dim 10 --node_dim 10 --hid_dim 34 --outlayer Linear --seed 2 --gpu 0 --multi_scales 250,500,1000 --multi_strides 250,500,1000 --metric per_dim --fusion gated
Namespace(multi_scales='250,500,1000', multi_strides='250,500,1000', fusion='gated', state='def', n=100000000, hop=1, nhead=1, tf_layer=1, nlayer=1, epoch=1000, patience=10, history=3000, patch_size=24, stride=24, logmode='a', lr=0.001, w_decay=0.0, batch_size=32, save='experiments/', load=None, seed=2, dataset='activity', quantization=0.0, model='tPatchGNN', outlayer='Linear', hid_dim=34, te_dim=10, node_dim=10, gpu='0', metric='per_dim', npatch=125, device=device(type='cuda'), PID=3159903, pred_window=1000, ndim=12)
- Epoch 000, ExpID 39804
Train - Loss (one batch): 0.00415
Val - Loss, MSE, RMSE, MAE, MAPE: 0.00370, 0.00370, 0.06082, 0.03869, 9.87%
Test - Best epoch, Loss, MSE, RMSE, MAE, MAPE: 0, 0.00349, 0.00349, 0.05908, 0.03764, 8.61%
Time spent: 2.73s
- Epoch 001, ExpID 39804
Train - Loss (one batch): 0.00261
Val - Loss, MSE, RMSE, MAE, MAPE: 0.00320, 0.00320, 0.05659, 0.03523, 9.10%
Test - Best epoch, Loss, MSE, RMSE, MAE, MAPE: 1, 0.00302, 0.00302, 0.05495, 0.03449, 7.99%
Time spent: 3.03s
- Epoch 002, ExpID 39804
Train - Loss (one batch): 0.00246
Val - Loss, MSE, RMSE, MAE, MAPE: 0.00308, 0.00308, 0.05547, 0.03426, 8.92%
Test - Best epoch, Loss, MSE, RMSE, MAE, MAPE: 2, 0.00291, 0.00291, 0.05390, 0.03360, 7.84%
Time spent: 2.96s
- Epoch 003, ExpID 39804
Train - Loss (one batch): 0.00220
Val - Loss, MSE, RMSE, MAE, MAPE: 0.00304, 0.00304, 0.05511, 0.03358, 8.62%
Test - Best epoch, Loss, MSE, RMSE, MAE, MAPE: 3, 0.00288, 0.00288, 0.05367, 0.03301, 7.58%
Time spent: 2.92s
- Epoch 004, ExpID 39804
Train - Loss (one batch): 0.00227
Val - Loss, MSE, RMSE, MAE, MAPE: 0.00327, 0.00327, 0.05716, 0.03760, 9.97%
Test - Best epoch, Loss, MSE, RMSE, MAE, MAPE: 3, 0.00288, 0.00288, 0.05367, 0.03301, 7.58%
Time spent: 2.70s
- Epoch 005, ExpID 39804
Train - Loss (one batch): 0.00405
Val - Loss, MSE, RMSE, MAE, MAPE: 0.00363, 0.00363, 0.06023, 0.04227, 10.84%
Test - Best epoch, Loss, MSE, RMSE, MAE, MAPE: 3, 0.00288, 0.00288, 0.05367, 0.03301, 7.58%
Time spent: 2.51s
- Epoch 006, ExpID 39804
Train - Loss (one batch): 0.00460
Val - Loss, MSE, RMSE, MAE, MAPE: 0.00293, 0.00293, 0.05417, 0.03317, 8.65%
Test - Best epoch, Loss, MSE, RMSE, MAE, MAPE: 6, 0.00278, 0.00278, 0.05272, 0.03259, 7.60%
Time spent: 2.71s
- Epoch 007, ExpID 39804
Train - Loss (one batch): 0.00265
Val - Loss, MSE, RMSE, MAE, MAPE: 0.00294, 0.00294, 0.05421, 0.03302, 8.49%
Test - Best epoch, Loss, MSE, RMSE, MAE, MAPE: 6, 0.00278, 0.00278, 0.05272, 0.03259, 7.60%
Time spent: 2.38s
- Epoch 008, ExpID 39804
Train - Loss (one batch): 0.00192
Val - Loss, MSE, RMSE, MAE, MAPE: 0.00289, 0.00289, 0.05373, 0.03255, 8.40%
Test - Best epoch, Loss, MSE, RMSE, MAE, MAPE: 8, 0.00274, 0.00274, 0.05235, 0.03202, 7.40%
Time spent: 2.94s
- Epoch 009, ExpID 39804
Train - Loss (one batch): 0.00311
Val - Loss, MSE, RMSE, MAE, MAPE: 0.00324, 0.00324, 0.05688, 0.03697, 9.21%
Test - Best epoch, Loss, MSE, RMSE, MAE, MAPE: 8, 0.00274, 0.00274, 0.05235, 0.03202, 7.40%
Time spent: 2.75s
- Epoch 010, ExpID 39804
Train - Loss (one batch): 0.00156
Val - Loss, MSE, RMSE, MAE, MAPE: 0.00307, 0.00307, 0.05540, 0.03519, 8.92%
Test - Best epoch, Loss, MSE, RMSE, MAE, MAPE: 8, 0.00274, 0.00274, 0.05235, 0.03202, 7.40%
Time spent: 2.70s
- Epoch 011, ExpID 39804
Train - Loss (one batch): 0.00253
Val - Loss, MSE, RMSE, MAE, MAPE: 0.00283, 0.00283, 0.05320, 0.03218, 8.28%
Test - Best epoch, Loss, MSE, RMSE, MAE, MAPE: 11, 0.00270, 0.00270, 0.05195, 0.03174, 7.33%
Time spent: 3.04s
- Epoch 012, ExpID 39804
Train - Loss (one batch): 0.00321
Val - Loss, MSE, RMSE, MAE, MAPE: 0.00288, 0.00288, 0.05362, 0.03312, 8.63%
Test - Best epoch, Loss, MSE, RMSE, MAE, MAPE: 11, 0.00270, 0.00270, 0.05195, 0.03174, 7.33%
Time spent: 2.69s
- Epoch 013, ExpID 39804
Train - Loss (one batch): 0.00238
Val - Loss, MSE, RMSE, MAE, MAPE: 0.00310, 0.00310, 0.05572, 0.03621, 9.47%
Test - Best epoch, Loss, MSE, RMSE, MAE, MAPE: 11, 0.00270, 0.00270, 0.05195, 0.03174, 7.33%
Time spent: 2.70s
- Epoch 014, ExpID 39804
Train - Loss (one batch): 0.00326
Val - Loss, MSE, RMSE, MAE, MAPE: 0.00290, 0.00290, 0.05388, 0.03366, 8.75%
Test - Best epoch, Loss, MSE, RMSE, MAE, MAPE: 11, 0.00270, 0.00270, 0.05195, 0.03174, 7.33%
Time spent: 2.71s
- Epoch 015, ExpID 39804
Train - Loss (one batch): 0.00262
Val - Loss, MSE, RMSE, MAE, MAPE: 0.00283, 0.00283, 0.05317, 0.03210, 8.14%
Test - Best epoch, Loss, MSE, RMSE, MAE, MAPE: 15, 0.00270, 0.00270, 0.05198, 0.03174, 7.23%
Time spent: 3.06s
- Epoch 016, ExpID 39804
Train - Loss (one batch): 0.00210
Val - Loss, MSE, RMSE, MAE, MAPE: 0.00302, 0.00302, 0.05497, 0.03535, 9.12%
Test - Best epoch, Loss, MSE, RMSE, MAE, MAPE: 15, 0.00270, 0.00270, 0.05198, 0.03174, 7.23%
Time spent: 2.67s
- Epoch 017, ExpID 39804
Train - Loss (one batch): 0.00241
Val - Loss, MSE, RMSE, MAE, MAPE: 0.00339, 0.00339, 0.05823, 0.04038, 10.22%
Test - Best epoch, Loss, MSE, RMSE, MAE, MAPE: 15, 0.00270, 0.00270, 0.05198, 0.03174, 7.23%
Time spent: 2.73s
- Epoch 018, ExpID 39804
Train - Loss (one batch): 0.00251
Val - Loss, MSE, RMSE, MAE, MAPE: 0.00281, 0.00281, 0.05298, 0.03234, 8.16%
Test - Best epoch, Loss, MSE, RMSE, MAE, MAPE: 18, 0.00269, 0.00269, 0.05189, 0.03206, 7.27%
Time spent: 2.95s
- Epoch 019, ExpID 39804
Train - Loss (one batch): 0.00235
Val - Loss, MSE, RMSE, MAE, MAPE: 0.00279, 0.00279, 0.05280, 0.03188, 8.16%
Test - Best epoch, Loss, MSE, RMSE, MAE, MAPE: 19, 0.00267, 0.00267, 0.05165, 0.03159, 7.26%
Time spent: 2.90s
- Epoch 020, ExpID 39804
Train - Loss (one batch): 0.00231
Val - Loss, MSE, RMSE, MAE, MAPE: 0.00281, 0.00281, 0.05298, 0.03198, 8.16%
Test - Best epoch, Loss, MSE, RMSE, MAE, MAPE: 19, 0.00267, 0.00267, 0.05165, 0.03159, 7.26%
Time spent: 2.58s
- Epoch 021, ExpID 39804
Train - Loss (one batch): 0.00331
Val - Loss, MSE, RMSE, MAE, MAPE: 0.00292, 0.00292, 0.05407, 0.03459, 9.32%
Test - Best epoch, Loss, MSE, RMSE, MAE, MAPE: 19, 0.00267, 0.00267, 0.05165, 0.03159, 7.26%
Time spent: 2.71s
- Epoch 022, ExpID 39804
Train - Loss (one batch): 0.00383
Val - Loss, MSE, RMSE, MAE, MAPE: 0.00290, 0.00290, 0.05389, 0.03454, 9.12%
Test - Best epoch, Loss, MSE, RMSE, MAE, MAPE: 19, 0.00267, 0.00267, 0.05165, 0.03159, 7.26%
Time spent: 2.68s
- Epoch 023, ExpID 39804
Train - Loss (one batch): 0.00248
Val - Loss, MSE, RMSE, MAE, MAPE: 0.00282, 0.00282, 0.05309, 0.03263, 8.50%
Test - Best epoch, Loss, MSE, RMSE, MAE, MAPE: 19, 0.00267, 0.00267, 0.05165, 0.03159, 7.26%
Time spent: 2.74s
- Epoch 024, ExpID 39804
Train - Loss (one batch): 0.00170
Val - Loss, MSE, RMSE, MAE, MAPE: 0.00278, 0.00278, 0.05273, 0.03183, 8.07%
Test - Best epoch, Loss, MSE, RMSE, MAE, MAPE: 24, 0.00267, 0.00267, 0.05171, 0.03157, 7.19%
Time spent: 3.03s
- Epoch 025, ExpID 39804
Train - Loss (one batch): 0.00297
Val - Loss, MSE, RMSE, MAE, MAPE: 0.00276, 0.00276, 0.05258, 0.03218, 8.26%
Test - Best epoch, Loss, MSE, RMSE, MAE, MAPE: 25, 0.00266, 0.00266, 0.05156, 0.03187, 7.35%
Time spent: 3.08s
- Epoch 026, ExpID 39804
Train - Loss (one batch): 0.00267
Val - Loss, MSE, RMSE, MAE, MAPE: 0.00277, 0.00277, 0.05261, 0.03207, 8.25%
Test - Best epoch, Loss, MSE, RMSE, MAE, MAPE: 25, 0.00266, 0.00266, 0.05156, 0.03187, 7.35%
Time spent: 2.67s
- Epoch 027, ExpID 39804
Train - Loss (one batch): 0.00279
Val - Loss, MSE, RMSE, MAE, MAPE: 0.00307, 0.00307, 0.05537, 0.03610, 9.14%
Test - Best epoch, Loss, MSE, RMSE, MAE, MAPE: 25, 0.00266, 0.00266, 0.05156, 0.03187, 7.35%
Time spent: 2.71s
- Epoch 028, ExpID 39804
Train - Loss (one batch): 0.00345
Val - Loss, MSE, RMSE, MAE, MAPE: 0.00277, 0.00277, 0.05266, 0.03180, 8.09%
Test - Best epoch, Loss, MSE, RMSE, MAE, MAPE: 25, 0.00266, 0.00266, 0.05156, 0.03187, 7.35%
Time spent: 2.67s
- Epoch 029, ExpID 39804
Train - Loss (one batch): 0.00254
Val - Loss, MSE, RMSE, MAE, MAPE: 0.00278, 0.00278, 0.05277, 0.03214, 8.41%
Test - Best epoch, Loss, MSE, RMSE, MAE, MAPE: 25, 0.00266, 0.00266, 0.05156, 0.03187, 7.35%
Time spent: 2.70s
- Epoch 030, ExpID 39804
Train - Loss (one batch): 0.00233
Val - Loss, MSE, RMSE, MAE, MAPE: 0.00275, 0.00275, 0.05247, 0.03174, 8.16%
Test - Best epoch, Loss, MSE, RMSE, MAE, MAPE: 30, 0.00264, 0.00264, 0.05142, 0.03158, 7.27%
Time spent: 3.06s
- Epoch 031, ExpID 39804
Train - Loss (one batch): 0.00172
Val - Loss, MSE, RMSE, MAE, MAPE: 0.00301, 0.00301, 0.05483, 0.03563, 9.25%
Test - Best epoch, Loss, MSE, RMSE, MAE, MAPE: 30, 0.00264, 0.00264, 0.05142, 0.03158, 7.27%
Time spent: 2.70s
- Epoch 032, ExpID 39804
Train - Loss (one batch): 0.00303
Val - Loss, MSE, RMSE, MAE, MAPE: 0.00280, 0.00280, 0.05290, 0.03243, 8.27%
Test - Best epoch, Loss, MSE, RMSE, MAE, MAPE: 30, 0.00264, 0.00264, 0.05142, 0.03158, 7.27%
Time spent: 2.78s
- Epoch 033, ExpID 39804
Train - Loss (one batch): 0.00300
Val - Loss, MSE, RMSE, MAE, MAPE: 0.00289, 0.00289, 0.05372, 0.03381, 8.86%
Test - Best epoch, Loss, MSE, RMSE, MAE, MAPE: 30, 0.00264, 0.00264, 0.05142, 0.03158, 7.27%
Time spent: 2.73s
- Epoch 034, ExpID 39804
Train - Loss (one batch): 0.00376
Val - Loss, MSE, RMSE, MAE, MAPE: 0.00273, 0.00273, 0.05228, 0.03167, 8.17%
Test - Best epoch, Loss, MSE, RMSE, MAE, MAPE: 34, 0.00264, 0.00264, 0.05135, 0.03157, 7.28%
Time spent: 3.04s
- Epoch 035, ExpID 39804
Train - Loss (one batch): 0.00248
Val - Loss, MSE, RMSE, MAE, MAPE: 0.00286, 0.00286, 0.05347, 0.03365, 8.68%
Test - Best epoch, Loss, MSE, RMSE, MAE, MAPE: 34, 0.00264, 0.00264, 0.05135, 0.03157, 7.28%
Time spent: 2.72s
- Epoch 036, ExpID 39804
Train - Loss (one batch): 0.00162
Val - Loss, MSE, RMSE, MAE, MAPE: 0.00278, 0.00278, 0.05270, 0.03247, 8.42%
Test - Best epoch, Loss, MSE, RMSE, MAE, MAPE: 34, 0.00264, 0.00264, 0.05135, 0.03157, 7.28%
Time spent: 2.74s
- Epoch 037, ExpID 39804
Train - Loss (one batch): 0.00315
Val - Loss, MSE, RMSE, MAE, MAPE: 0.00274, 0.00274, 0.05239, 0.03185, 8.24%
Test - Best epoch, Loss, MSE, RMSE, MAE, MAPE: 34, 0.00264, 0.00264, 0.05135, 0.03157, 7.28%
Time spent: 2.71s
- Epoch 038, ExpID 39804
Train - Loss (one batch): 0.00271
Val - Loss, MSE, RMSE, MAE, MAPE: 0.00278, 0.00278, 0.05275, 0.03265, 8.49%
Test - Best epoch, Loss, MSE, RMSE, MAE, MAPE: 34, 0.00264, 0.00264, 0.05135, 0.03157, 7.28%
Time spent: 2.76s
- Epoch 039, ExpID 39804
Train - Loss (one batch): 0.00248
Val - Loss, MSE, RMSE, MAE, MAPE: 0.00271, 0.00271, 0.05205, 0.03159, 8.14%
Test - Best epoch, Loss, MSE, RMSE, MAE, MAPE: 39, 0.00262, 0.00262, 0.05119, 0.03152, 7.27%
Time spent: 3.04s
- Epoch 040, ExpID 39804
Train - Loss (one batch): 0.00207
Val - Loss, MSE, RMSE, MAE, MAPE: 0.00287, 0.00287, 0.05355, 0.03395, 8.35%
Test - Best epoch, Loss, MSE, RMSE, MAE, MAPE: 39, 0.00262, 0.00262, 0.05119, 0.03152, 7.27%
Time spent: 2.75s
- Epoch 041, ExpID 39804
Train - Loss (one batch): 0.00288
Val - Loss, MSE, RMSE, MAE, MAPE: 0.00282, 0.00282, 0.05315, 0.03321, 8.39%
Test - Best epoch, Loss, MSE, RMSE, MAE, MAPE: 39, 0.00262, 0.00262, 0.05119, 0.03152, 7.27%
Time spent: 2.42s
- Epoch 042, ExpID 39804
Train - Loss (one batch): 0.00248
Val - Loss, MSE, RMSE, MAE, MAPE: 0.00277, 0.00277, 0.05266, 0.03275, 8.65%
Test - Best epoch, Loss, MSE, RMSE, MAE, MAPE: 39, 0.00262, 0.00262, 0.05119, 0.03152, 7.27%
Time spent: 2.45s
- Epoch 043, ExpID 39804
Train - Loss (one batch): 0.00234
Val - Loss, MSE, RMSE, MAE, MAPE: 0.00272, 0.00272, 0.05214, 0.03175, 8.27%
Test - Best epoch, Loss, MSE, RMSE, MAE, MAPE: 39, 0.00262, 0.00262, 0.05119, 0.03152, 7.27%
Time spent: 2.71s
- Epoch 044, ExpID 39804
Train - Loss (one batch): 0.00220
Val - Loss, MSE, RMSE, MAE, MAPE: 0.00273, 0.00273, 0.05227, 0.03182, 8.10%
Test - Best epoch, Loss, MSE, RMSE, MAE, MAPE: 39, 0.00262, 0.00262, 0.05119, 0.03152, 7.27%
Time spent: 2.71s
- Epoch 045, ExpID 39804
Train - Loss (one batch): 0.00252
Val - Loss, MSE, RMSE, MAE, MAPE: 0.00275, 0.00275, 0.05245, 0.03262, 8.23%
Test - Best epoch, Loss, MSE, RMSE, MAE, MAPE: 39, 0.00262, 0.00262, 0.05119, 0.03152, 7.27%
Time spent: 2.74s
- Epoch 046, ExpID 39804
Train - Loss (one batch): 0.00281
Val - Loss, MSE, RMSE, MAE, MAPE: 0.00273, 0.00273, 0.05228, 0.03191, 8.36%
Test - Best epoch, Loss, MSE, RMSE, MAE, MAPE: 39, 0.00262, 0.00262, 0.05119, 0.03152, 7.27%
Time spent: 2.72s
- Epoch 047, ExpID 39804
Train - Loss (one batch): 0.00361
Val - Loss, MSE, RMSE, MAE, MAPE: 0.00276, 0.00276, 0.05249, 0.03254, 8.55%
Test - Best epoch, Loss, MSE, RMSE, MAE, MAPE: 39, 0.00262, 0.00262, 0.05119, 0.03152, 7.27%
Time spent: 2.72s
- Epoch 048, ExpID 39804
Train - Loss (one batch): 0.00313
Val - Loss, MSE, RMSE, MAE, MAPE: 0.00272, 0.00272, 0.05216, 0.03137, 8.09%
Test - Best epoch, Loss, MSE, RMSE, MAE, MAPE: 39, 0.00262, 0.00262, 0.05119, 0.03152, 7.27%
Time spent: 2.72s
- Epoch 049, ExpID 39804
Train - Loss (one batch): 0.00255
Val - Loss, MSE, RMSE, MAE, MAPE: 0.00273, 0.00273, 0.05227, 0.03222, 8.37%
Test - Best epoch, Loss, MSE, RMSE, MAE, MAPE: 39, 0.00262, 0.00262, 0.05119, 0.03152, 7.27%
Time spent: 2.68s
/home/ouass/Test/MSP-IMTS/tPatchGNN/run_models.py
2026-03-14 15:15:11
run_models.py --dataset activity --state def --history 3000 --batch_size 32 --lr 1e-3 --nhead 1 --patience 10 --tf_layer 1 --nlayer 1 --te_dim 10 --node_dim 10 --hid_dim 34 --outlayer Linear --seed 3 --gpu 0 --multi_scales 250,500,1000 --multi_strides 250,500,1000 --metric per_dim --fusion gated
Namespace(multi_scales='250,500,1000', multi_strides='250,500,1000', fusion='gated', state='def', n=100000000, hop=1, nhead=1, tf_layer=1, nlayer=1, epoch=1000, patience=10, history=3000, patch_size=24, stride=24, logmode='a', lr=0.001, w_decay=0.0, batch_size=32, save='experiments/', load=None, seed=3, dataset='activity', quantization=0.0, model='tPatchGNN', outlayer='Linear', hid_dim=34, te_dim=10, node_dim=10, gpu='0', metric='per_dim', npatch=125, device=device(type='cuda'), PID=3160008, pred_window=1000, ndim=12)
- Epoch 000, ExpID 73041
Train - Loss (one batch): 0.00540
Val - Loss, MSE, RMSE, MAE, MAPE: 0.00565, 0.00565, 0.07516, 0.05139, 13.45%
Test - Best epoch, Loss, MSE, RMSE, MAE, MAPE: 0, 0.00534, 0.00534, 0.07308, 0.05016, 11.73%
Time spent: 2.87s
- Epoch 001, ExpID 73041
Train - Loss (one batch): 0.00353
Val - Loss, MSE, RMSE, MAE, MAPE: 0.00375, 0.00375, 0.06122, 0.04082, 10.17%
Test - Best epoch, Loss, MSE, RMSE, MAE, MAPE: 1, 0.00356, 0.00356, 0.05969, 0.03998, 8.92%
Time spent: 2.87s
- Epoch 002, ExpID 73041
Train - Loss (one batch): 0.00281
Val - Loss, MSE, RMSE, MAE, MAPE: 0.00324, 0.00324, 0.05690, 0.03557, 9.15%
Test - Best epoch, Loss, MSE, RMSE, MAE, MAPE: 2, 0.00308, 0.00308, 0.05549, 0.03488, 8.03%
Time spent: 3.10s
- Epoch 003, ExpID 73041
Train - Loss (one batch): 0.00261
Val - Loss, MSE, RMSE, MAE, MAPE: 0.00316, 0.00316, 0.05619, 0.03496, 8.99%
Test - Best epoch, Loss, MSE, RMSE, MAE, MAPE: 3, 0.00302, 0.00302, 0.05491, 0.03436, 7.87%
Time spent: 3.05s
- Epoch 004, ExpID 73041
Train - Loss (one batch): 0.00279
Val - Loss, MSE, RMSE, MAE, MAPE: 0.00340, 0.00340, 0.05828, 0.03821, 9.47%
Test - Best epoch, Loss, MSE, RMSE, MAE, MAPE: 3, 0.00302, 0.00302, 0.05491, 0.03436, 7.87%
Time spent: 2.76s
- Epoch 005, ExpID 73041
Train - Loss (one batch): 0.00251
Val - Loss, MSE, RMSE, MAE, MAPE: 0.00320, 0.00320, 0.05660, 0.03594, 8.99%
Test - Best epoch, Loss, MSE, RMSE, MAE, MAPE: 3, 0.00302, 0.00302, 0.05491, 0.03436, 7.87%
Time spent: 2.73s
- Epoch 006, ExpID 73041
Train - Loss (one batch): 0.00268
Val - Loss, MSE, RMSE, MAE, MAPE: 0.00318, 0.00318, 0.05638, 0.03536, 9.06%
Test - Best epoch, Loss, MSE, RMSE, MAE, MAPE: 3, 0.00302, 0.00302, 0.05491, 0.03436, 7.87%
Time spent: 2.72s
- Epoch 007, ExpID 73041
Train - Loss (one batch): 0.00284
Val - Loss, MSE, RMSE, MAE, MAPE: 0.00337, 0.00337, 0.05808, 0.03811, 9.45%
Test - Best epoch, Loss, MSE, RMSE, MAE, MAPE: 3, 0.00302, 0.00302, 0.05491, 0.03436, 7.87%
Time spent: 2.77s
- Epoch 008, ExpID 73041
Train - Loss (one batch): 0.00250
Val - Loss, MSE, RMSE, MAE, MAPE: 0.00352, 0.00352, 0.05937, 0.04068, 9.72%
Test - Best epoch, Loss, MSE, RMSE, MAE, MAPE: 3, 0.00302, 0.00302, 0.05491, 0.03436, 7.87%
Time spent: 2.68s
- Epoch 009, ExpID 73041
Train - Loss (one batch): 0.00273
Val - Loss, MSE, RMSE, MAE, MAPE: 0.00367, 0.00367, 0.06060, 0.04234, 10.06%
Test - Best epoch, Loss, MSE, RMSE, MAE, MAPE: 3, 0.00302, 0.00302, 0.05491, 0.03436, 7.87%
Time spent: 2.74s
- Epoch 010, ExpID 73041
Train - Loss (one batch): 0.00394
Val - Loss, MSE, RMSE, MAE, MAPE: 0.00347, 0.00347, 0.05891, 0.04027, 9.64%
Test - Best epoch, Loss, MSE, RMSE, MAE, MAPE: 3, 0.00302, 0.00302, 0.05491, 0.03436, 7.87%
Time spent: 2.76s
- Epoch 011, ExpID 73041
Train - Loss (one batch): 0.00219
Val - Loss, MSE, RMSE, MAE, MAPE: 0.00303, 0.00303, 0.05506, 0.03427, 8.70%
Test - Best epoch, Loss, MSE, RMSE, MAE, MAPE: 11, 0.00288, 0.00288, 0.05371, 0.03367, 7.62%
Time spent: 3.06s
- Epoch 012, ExpID 73041
Train - Loss (one batch): 0.00240
Val - Loss, MSE, RMSE, MAE, MAPE: 0.00306, 0.00306, 0.05527, 0.03435, 8.71%
Test - Best epoch, Loss, MSE, RMSE, MAE, MAPE: 11, 0.00288, 0.00288, 0.05371, 0.03367, 7.62%
Time spent: 2.76s
- Epoch 013, ExpID 73041
Train - Loss (one batch): 0.00263
Val - Loss, MSE, RMSE, MAE, MAPE: 0.00321, 0.00321, 0.05665, 0.03713, 9.12%
Test - Best epoch, Loss, MSE, RMSE, MAE, MAPE: 11, 0.00288, 0.00288, 0.05371, 0.03367, 7.62%
Time spent: 2.76s
- Epoch 014, ExpID 73041
Train - Loss (one batch): 0.00278
Val - Loss, MSE, RMSE, MAE, MAPE: 0.00318, 0.00318, 0.05639, 0.03680, 8.98%
Test - Best epoch, Loss, MSE, RMSE, MAE, MAPE: 11, 0.00288, 0.00288, 0.05371, 0.03367, 7.62%
Time spent: 2.73s
- Epoch 015, ExpID 73041
Train - Loss (one batch): 0.00281
Val - Loss, MSE, RMSE, MAE, MAPE: 0.00309, 0.00309, 0.05562, 0.03520, 8.80%
Test - Best epoch, Loss, MSE, RMSE, MAE, MAPE: 11, 0.00288, 0.00288, 0.05371, 0.03367, 7.62%
Time spent: 2.74s
- Epoch 016, ExpID 73041
Train - Loss (one batch): 0.00272
Val - Loss, MSE, RMSE, MAE, MAPE: 0.00313, 0.00313, 0.05594, 0.03622, 8.90%
Test - Best epoch, Loss, MSE, RMSE, MAE, MAPE: 11, 0.00288, 0.00288, 0.05371, 0.03367, 7.62%
Time spent: 2.72s
- Epoch 017, ExpID 73041
Train - Loss (one batch): 0.00198
Val - Loss, MSE, RMSE, MAE, MAPE: 0.00316, 0.00316, 0.05624, 0.03662, 8.89%
Test - Best epoch, Loss, MSE, RMSE, MAE, MAPE: 11, 0.00288, 0.00288, 0.05371, 0.03367, 7.62%
Time spent: 2.71s
- Epoch 018, ExpID 73041
Train - Loss (one batch): 0.00295
Val - Loss, MSE, RMSE, MAE, MAPE: 0.00317, 0.00317, 0.05626, 0.03701, 9.07%
Test - Best epoch, Loss, MSE, RMSE, MAE, MAPE: 11, 0.00288, 0.00288, 0.05371, 0.03367, 7.62%
Time spent: 2.75s
- Epoch 019, ExpID 73041
Train - Loss (one batch): 0.00250
Val - Loss, MSE, RMSE, MAE, MAPE: 0.00359, 0.00359, 0.05995, 0.04202, 9.85%
Test - Best epoch, Loss, MSE, RMSE, MAE, MAPE: 11, 0.00288, 0.00288, 0.05371, 0.03367, 7.62%
Time spent: 2.71s
- Epoch 020, ExpID 73041
Train - Loss (one batch): 0.00237
Val - Loss, MSE, RMSE, MAE, MAPE: 0.00294, 0.00294, 0.05419, 0.03365, 8.51%
Test - Best epoch, Loss, MSE, RMSE, MAE, MAPE: 20, 0.00280, 0.00280, 0.05294, 0.03313, 7.49%
Time spent: 3.06s
- Epoch 021, ExpID 73041
Train - Loss (one batch): 0.00333
Val - Loss, MSE, RMSE, MAE, MAPE: 0.00292, 0.00292, 0.05407, 0.03350, 8.70%
Test - Best epoch, Loss, MSE, RMSE, MAE, MAPE: 21, 0.00280, 0.00280, 0.05292, 0.03329, 7.67%
Time spent: 3.07s
- Epoch 022, ExpID 73041
Train - Loss (one batch): 0.00248
Val - Loss, MSE, RMSE, MAE, MAPE: 0.00297, 0.00297, 0.05449, 0.03420, 8.75%
Test - Best epoch, Loss, MSE, RMSE, MAE, MAPE: 21, 0.00280, 0.00280, 0.05292, 0.03329, 7.67%
Time spent: 2.76s
- Epoch 023, ExpID 73041
Train - Loss (one batch): 0.00237
Val - Loss, MSE, RMSE, MAE, MAPE: 0.00317, 0.00317, 0.05634, 0.03644, 8.98%
Test - Best epoch, Loss, MSE, RMSE, MAE, MAPE: 21, 0.00280, 0.00280, 0.05292, 0.03329, 7.67%
Time spent: 2.63s
- Epoch 024, ExpID 73041
Train - Loss (one batch): 0.00262
Val - Loss, MSE, RMSE, MAE, MAPE: 0.00302, 0.00302, 0.05499, 0.03510, 8.66%
Test - Best epoch, Loss, MSE, RMSE, MAE, MAPE: 21, 0.00280, 0.00280, 0.05292, 0.03329, 7.67%
Time spent: 2.58s
- Epoch 025, ExpID 73041
Train - Loss (one batch): 0.00301
Val - Loss, MSE, RMSE, MAE, MAPE: 0.00306, 0.00306, 0.05529, 0.03563, 8.76%
Test - Best epoch, Loss, MSE, RMSE, MAE, MAPE: 21, 0.00280, 0.00280, 0.05292, 0.03329, 7.67%
Time spent: 2.60s
- Epoch 026, ExpID 73041
Train - Loss (one batch): 0.00228
Val - Loss, MSE, RMSE, MAE, MAPE: 0.00304, 0.00304, 0.05512, 0.03536, 8.74%
Test - Best epoch, Loss, MSE, RMSE, MAE, MAPE: 21, 0.00280, 0.00280, 0.05292, 0.03329, 7.67%
Time spent: 2.74s
- Epoch 027, ExpID 73041
Train - Loss (one batch): 0.00211
Val - Loss, MSE, RMSE, MAE, MAPE: 0.00299, 0.00299, 0.05465, 0.03456, 8.93%
Test - Best epoch, Loss, MSE, RMSE, MAE, MAPE: 21, 0.00280, 0.00280, 0.05292, 0.03329, 7.67%
Time spent: 2.72s
- Epoch 028, ExpID 73041
Train - Loss (one batch): 0.00286
Val - Loss, MSE, RMSE, MAE, MAPE: 0.00290, 0.00290, 0.05389, 0.03363, 8.51%
Test - Best epoch, Loss, MSE, RMSE, MAE, MAPE: 28, 0.00280, 0.00280, 0.05293, 0.03352, 7.56%
Time spent: 3.05s
- Epoch 029, ExpID 73041
Train - Loss (one batch): 0.00432
Val - Loss, MSE, RMSE, MAE, MAPE: 0.00292, 0.00292, 0.05400, 0.03400, 8.51%
Test - Best epoch, Loss, MSE, RMSE, MAE, MAPE: 28, 0.00280, 0.00280, 0.05293, 0.03352, 7.56%
Time spent: 2.74s
- Epoch 030, ExpID 73041
Train - Loss (one batch): 0.00257
Val - Loss, MSE, RMSE, MAE, MAPE: 0.00322, 0.00322, 0.05675, 0.03774, 9.10%
Test - Best epoch, Loss, MSE, RMSE, MAE, MAPE: 28, 0.00280, 0.00280, 0.05293, 0.03352, 7.56%
Time spent: 2.70s
- Epoch 031, ExpID 73041
Train - Loss (one batch): 0.00244
Val - Loss, MSE, RMSE, MAE, MAPE: 0.00319, 0.00319, 0.05651, 0.03728, 9.05%
Test - Best epoch, Loss, MSE, RMSE, MAE, MAPE: 28, 0.00280, 0.00280, 0.05293, 0.03352, 7.56%
Time spent: 2.69s
- Epoch 032, ExpID 73041
Train - Loss (one batch): 0.00202
Val - Loss, MSE, RMSE, MAE, MAPE: 0.00286, 0.00286, 0.05352, 0.03342, 8.43%
Test - Best epoch, Loss, MSE, RMSE, MAE, MAPE: 32, 0.00277, 0.00277, 0.05260, 0.03315, 7.51%
Time spent: 3.01s
- Epoch 033, ExpID 73041
Train - Loss (one batch): 0.00296
Val - Loss, MSE, RMSE, MAE, MAPE: 0.00292, 0.00292, 0.05401, 0.03412, 8.56%
Test - Best epoch, Loss, MSE, RMSE, MAE, MAPE: 32, 0.00277, 0.00277, 0.05260, 0.03315, 7.51%
Time spent: 2.73s
- Epoch 034, ExpID 73041
Train - Loss (one batch): 0.00176
Val - Loss, MSE, RMSE, MAE, MAPE: 0.00324, 0.00324, 0.05691, 0.03843, 9.14%
Test - Best epoch, Loss, MSE, RMSE, MAE, MAPE: 32, 0.00277, 0.00277, 0.05260, 0.03315, 7.51%
Time spent: 2.77s
- Epoch 035, ExpID 73041
Train - Loss (one batch): 0.00252
Val - Loss, MSE, RMSE, MAE, MAPE: 0.00281, 0.00281, 0.05297, 0.03277, 8.41%
Test - Best epoch, Loss, MSE, RMSE, MAE, MAPE: 35, 0.00272, 0.00272, 0.05212, 0.03273, 7.50%
Time spent: 3.11s
- Epoch 036, ExpID 73041
Train - Loss (one batch): 0.00248
Val - Loss, MSE, RMSE, MAE, MAPE: 0.00299, 0.00299, 0.05470, 0.03521, 8.72%
Test - Best epoch, Loss, MSE, RMSE, MAE, MAPE: 35, 0.00272, 0.00272, 0.05212, 0.03273, 7.50%
Time spent: 2.74s
- Epoch 037, ExpID 73041
Train - Loss (one batch): 0.00257
Val - Loss, MSE, RMSE, MAE, MAPE: 0.00285, 0.00285, 0.05342, 0.03341, 8.41%
Test - Best epoch, Loss, MSE, RMSE, MAE, MAPE: 35, 0.00272, 0.00272, 0.05212, 0.03273, 7.50%
Time spent: 2.79s
- Epoch 038, ExpID 73041
Train - Loss (one batch): 0.00202
Val - Loss, MSE, RMSE, MAE, MAPE: 0.00282, 0.00282, 0.05310, 0.03269, 8.25%
Test - Best epoch, Loss, MSE, RMSE, MAE, MAPE: 35, 0.00272, 0.00272, 0.05212, 0.03273, 7.50%
Time spent: 2.76s
- Epoch 039, ExpID 73041
Train - Loss (one batch): 0.00296
Val - Loss, MSE, RMSE, MAE, MAPE: 0.00309, 0.00309, 0.05560, 0.03660, 8.82%
Test - Best epoch, Loss, MSE, RMSE, MAE, MAPE: 35, 0.00272, 0.00272, 0.05212, 0.03273, 7.50%
Time spent: 2.72s
- Epoch 040, ExpID 73041
Train - Loss (one batch): 0.00308
Val - Loss, MSE, RMSE, MAE, MAPE: 0.00296, 0.00296, 0.05440, 0.03517, 8.62%
Test - Best epoch, Loss, MSE, RMSE, MAE, MAPE: 35, 0.00272, 0.00272, 0.05212, 0.03273, 7.50%
Time spent: 2.75s
- Epoch 041, ExpID 73041
Train - Loss (one batch): 0.00214
Val - Loss, MSE, RMSE, MAE, MAPE: 0.00300, 0.00300, 0.05477, 0.03531, 8.66%
Test - Best epoch, Loss, MSE, RMSE, MAE, MAPE: 35, 0.00272, 0.00272, 0.05212, 0.03273, 7.50%
Time spent: 2.73s
- Epoch 042, ExpID 73041
Train - Loss (one batch): 0.00256
Val - Loss, MSE, RMSE, MAE, MAPE: 0.00291, 0.00291, 0.05393, 0.03406, 8.53%
Test - Best epoch, Loss, MSE, RMSE, MAE, MAPE: 35, 0.00272, 0.00272, 0.05212, 0.03273, 7.50%
Time spent: 2.72s
- Epoch 043, ExpID 73041
Train - Loss (one batch): 0.00324
Val - Loss, MSE, RMSE, MAE, MAPE: 0.00356, 0.00356, 0.05963, 0.04197, 9.77%
Test - Best epoch, Loss, MSE, RMSE, MAE, MAPE: 35, 0.00272, 0.00272, 0.05212, 0.03273, 7.50%
Time spent: 2.71s
- Epoch 044, ExpID 73041
Train - Loss (one batch): 0.00243
Val - Loss, MSE, RMSE, MAE, MAPE: 0.00347, 0.00347, 0.05891, 0.04125, 9.62%
Test - Best epoch, Loss, MSE, RMSE, MAE, MAPE: 35, 0.00272, 0.00272, 0.05212, 0.03273, 7.50%
Time spent: 2.63s
- Epoch 045, ExpID 73041
Train - Loss (one batch): 0.00218
Val - Loss, MSE, RMSE, MAE, MAPE: 0.00295, 0.00295, 0.05428, 0.03480, 8.52%
Test - Best epoch, Loss, MSE, RMSE, MAE, MAPE: 35, 0.00272, 0.00272, 0.05212, 0.03273, 7.50%
Time spent: 2.57s
/home/ouass/Test/MSP-IMTS/tPatchGNN/run_models.py
2026-03-14 15:17:54
run_models.py --dataset activity --state def --history 3000 --batch_size 32 --lr 1e-3 --nhead 1 --patience 10 --tf_layer 1 --nlayer 1 --te_dim 10 --node_dim 10 --hid_dim 34 --outlayer Linear --seed 4 --gpu 0 --multi_scales 250,500,1000 --multi_strides 250,500,1000 --metric per_dim --fusion gated
Namespace(multi_scales='250,500,1000', multi_strides='250,500,1000', fusion='gated', state='def', n=100000000, hop=1, nhead=1, tf_layer=1, nlayer=1, epoch=1000, patience=10, history=3000, patch_size=24, stride=24, logmode='a', lr=0.001, w_decay=0.0, batch_size=32, save='experiments/', load=None, seed=4, dataset='activity', quantization=0.0, model='tPatchGNN', outlayer='Linear', hid_dim=34, te_dim=10, node_dim=10, gpu='0', metric='per_dim', npatch=125, device=device(type='cuda'), PID=3160130, pred_window=1000, ndim=12)
- Epoch 000, ExpID 47021
Train - Loss (one batch): 0.00336
Val - Loss, MSE, RMSE, MAE, MAPE: 0.00437, 0.00437, 0.06612, 0.04485, 11.41%
Test - Best epoch, Loss, MSE, RMSE, MAE, MAPE: 0, 0.00410, 0.00410, 0.06404, 0.04294, 9.78%
Time spent: 2.79s
- Epoch 001, ExpID 47021
Train - Loss (one batch): 0.00269
Val - Loss, MSE, RMSE, MAE, MAPE: 0.00428, 0.00428, 0.06546, 0.04761, 12.36%
Test - Best epoch, Loss, MSE, RMSE, MAE, MAPE: 1, 0.00408, 0.00408, 0.06390, 0.04622, 10.90%
Time spent: 2.66s
- Epoch 002, ExpID 47021
Train - Loss (one batch): 0.00351
Val - Loss, MSE, RMSE, MAE, MAPE: 0.00343, 0.00343, 0.05854, 0.03886, 10.17%
Test - Best epoch, Loss, MSE, RMSE, MAE, MAPE: 2, 0.00329, 0.00329, 0.05738, 0.03809, 8.93%
Time spent: 3.04s
- Epoch 003, ExpID 47021
Train - Loss (one batch): 0.00341
Val - Loss, MSE, RMSE, MAE, MAPE: 0.00312, 0.00312, 0.05583, 0.03487, 9.04%
Test - Best epoch, Loss, MSE, RMSE, MAE, MAPE: 3, 0.00301, 0.00301, 0.05485, 0.03444, 7.99%
Time spent: 3.05s
- Epoch 004, ExpID 47021
Train - Loss (one batch): 0.00166
Val - Loss, MSE, RMSE, MAE, MAPE: 0.00390, 0.00390, 0.06244, 0.04459, 11.15%
Test - Best epoch, Loss, MSE, RMSE, MAE, MAPE: 3, 0.00301, 0.00301, 0.05485, 0.03444, 7.99%
Time spent: 2.72s
- Epoch 005, ExpID 47021
Train - Loss (one batch): 0.00262
Val - Loss, MSE, RMSE, MAE, MAPE: 0.00316, 0.00316, 0.05622, 0.03600, 9.43%
Test - Best epoch, Loss, MSE, RMSE, MAE, MAPE: 3, 0.00301, 0.00301, 0.05485, 0.03444, 7.99%
Time spent: 2.76s
- Epoch 006, ExpID 47021
Train - Loss (one batch): 0.00231
Val - Loss, MSE, RMSE, MAE, MAPE: 0.00319, 0.00319, 0.05649, 0.03613, 9.24%
Test - Best epoch, Loss, MSE, RMSE, MAE, MAPE: 3, 0.00301, 0.00301, 0.05485, 0.03444, 7.99%
Time spent: 2.72s
- Epoch 007, ExpID 47021
Train - Loss (one batch): 0.00337
Val - Loss, MSE, RMSE, MAE, MAPE: 0.00299, 0.00299, 0.05472, 0.03386, 8.82%
Test - Best epoch, Loss, MSE, RMSE, MAE, MAPE: 7, 0.00290, 0.00290, 0.05385, 0.03361, 7.83%
Time spent: 3.02s
- Epoch 008, ExpID 47021
Train - Loss (one batch): 0.00164
Val - Loss, MSE, RMSE, MAE, MAPE: 0.00305, 0.00305, 0.05523, 0.03444, 8.80%
Test - Best epoch, Loss, MSE, RMSE, MAE, MAPE: 7, 0.00290, 0.00290, 0.05385, 0.03361, 7.83%
Time spent: 2.75s
- Epoch 009, ExpID 47021
Train - Loss (one batch): 0.00194
Val - Loss, MSE, RMSE, MAE, MAPE: 0.00305, 0.00305, 0.05519, 0.03480, 9.12%
Test - Best epoch, Loss, MSE, RMSE, MAE, MAPE: 7, 0.00290, 0.00290, 0.05385, 0.03361, 7.83%
Time spent: 2.73s
- Epoch 010, ExpID 47021
Train - Loss (one batch): 0.00245
Val - Loss, MSE, RMSE, MAE, MAPE: 0.00291, 0.00291, 0.05394, 0.03304, 8.38%
Test - Best epoch, Loss, MSE, RMSE, MAE, MAPE: 10, 0.00282, 0.00282, 0.05313, 0.03277, 7.46%
Time spent: 3.00s
- Epoch 011, ExpID 47021
Train - Loss (one batch): 0.00249
Val - Loss, MSE, RMSE, MAE, MAPE: 0.00327, 0.00327, 0.05722, 0.03821, 9.96%
Test - Best epoch, Loss, MSE, RMSE, MAE, MAPE: 10, 0.00282, 0.00282, 0.05313, 0.03277, 7.46%
Time spent: 2.64s
- Epoch 012, ExpID 47021
Train - Loss (one batch): 0.00415
Val - Loss, MSE, RMSE, MAE, MAPE: 0.00287, 0.00287, 0.05356, 0.03273, 8.39%
Test - Best epoch, Loss, MSE, RMSE, MAE, MAPE: 12, 0.00279, 0.00279, 0.05280, 0.03258, 7.47%
Time spent: 2.71s
- Epoch 013, ExpID 47021
Train - Loss (one batch): 0.00195
Val - Loss, MSE, RMSE, MAE, MAPE: 0.00307, 0.00307, 0.05544, 0.03576, 9.53%
Test - Best epoch, Loss, MSE, RMSE, MAE, MAPE: 12, 0.00279, 0.00279, 0.05280, 0.03258, 7.47%
Time spent: 2.40s
- Epoch 014, ExpID 47021
Train - Loss (one batch): 0.00270
Val - Loss, MSE, RMSE, MAE, MAPE: 0.00339, 0.00339, 0.05823, 0.03947, 10.04%
Test - Best epoch, Loss, MSE, RMSE, MAE, MAPE: 12, 0.00279, 0.00279, 0.05280, 0.03258, 7.47%
Time spent: 2.40s
- Epoch 015, ExpID 47021
Train - Loss (one batch): 0.00279
Val - Loss, MSE, RMSE, MAE, MAPE: 0.00332, 0.00332, 0.05760, 0.03900, 10.20%
Test - Best epoch, Loss, MSE, RMSE, MAE, MAPE: 12, 0.00279, 0.00279, 0.05280, 0.03258, 7.47%
Time spent: 2.70s
- Epoch 016, ExpID 47021
Train - Loss (one batch): 0.00168
Val - Loss, MSE, RMSE, MAE, MAPE: 0.00351, 0.00351, 0.05920, 0.04137, 10.66%
Test - Best epoch, Loss, MSE, RMSE, MAE, MAPE: 12, 0.00279, 0.00279, 0.05280, 0.03258, 7.47%
Time spent: 2.72s
- Epoch 017, ExpID 47021
Train - Loss (one batch): 0.00249
Val - Loss, MSE, RMSE, MAE, MAPE: 0.00347, 0.00347, 0.05894, 0.04103, 10.55%
Test - Best epoch, Loss, MSE, RMSE, MAE, MAPE: 12, 0.00279, 0.00279, 0.05280, 0.03258, 7.47%
Time spent: 2.74s
- Epoch 018, ExpID 47021
Train - Loss (one batch): 0.00233
Val - Loss, MSE, RMSE, MAE, MAPE: 0.00293, 0.00293, 0.05410, 0.03383, 8.77%
Test - Best epoch, Loss, MSE, RMSE, MAE, MAPE: 12, 0.00279, 0.00279, 0.05280, 0.03258, 7.47%
Time spent: 2.76s
- Epoch 019, ExpID 47021
Train - Loss (one batch): 0.00236
Val - Loss, MSE, RMSE, MAE, MAPE: 0.00282, 0.00282, 0.05314, 0.03249, 8.50%
Test - Best epoch, Loss, MSE, RMSE, MAE, MAPE: 19, 0.00275, 0.00275, 0.05246, 0.03240, 7.59%
Time spent: 3.07s
- Epoch 020, ExpID 47021
Train - Loss (one batch): 0.00244
Val - Loss, MSE, RMSE, MAE, MAPE: 0.00335, 0.00335, 0.05788, 0.03957, 10.09%
Test - Best epoch, Loss, MSE, RMSE, MAE, MAPE: 19, 0.00275, 0.00275, 0.05246, 0.03240, 7.59%
Time spent: 2.72s
- Epoch 021, ExpID 47021
Train - Loss (one batch): 0.00214
Val - Loss, MSE, RMSE, MAE, MAPE: 0.00304, 0.00304, 0.05514, 0.03543, 9.08%
Test - Best epoch, Loss, MSE, RMSE, MAE, MAPE: 19, 0.00275, 0.00275, 0.05246, 0.03240, 7.59%
Time spent: 2.62s
- Epoch 022, ExpID 47021
Train - Loss (one batch): 0.00185
Val - Loss, MSE, RMSE, MAE, MAPE: 0.00313, 0.00313, 0.05595, 0.03699, 9.78%
Test - Best epoch, Loss, MSE, RMSE, MAE, MAPE: 19, 0.00275, 0.00275, 0.05246, 0.03240, 7.59%
Time spent: 2.64s
- Epoch 023, ExpID 47021
Train - Loss (one batch): 0.00303
Val - Loss, MSE, RMSE, MAE, MAPE: 0.00342, 0.00342, 0.05844, 0.04053, 10.45%
Test - Best epoch, Loss, MSE, RMSE, MAE, MAPE: 19, 0.00275, 0.00275, 0.05246, 0.03240, 7.59%
Time spent: 2.75s
- Epoch 024, ExpID 47021
Train - Loss (one batch): 0.00233
Val - Loss, MSE, RMSE, MAE, MAPE: 0.00376, 0.00376, 0.06130, 0.04466, 11.32%
Test - Best epoch, Loss, MSE, RMSE, MAE, MAPE: 19, 0.00275, 0.00275, 0.05246, 0.03240, 7.59%
Time spent: 2.74s
- Epoch 025, ExpID 47021
Train - Loss (one batch): 0.00361
Val - Loss, MSE, RMSE, MAE, MAPE: 0.00337, 0.00337, 0.05806, 0.04018, 10.49%
Test - Best epoch, Loss, MSE, RMSE, MAE, MAPE: 19, 0.00275, 0.00275, 0.05246, 0.03240, 7.59%
Time spent: 2.73s
- Epoch 026, ExpID 47021
Train - Loss (one batch): 0.00371
Val - Loss, MSE, RMSE, MAE, MAPE: 0.00301, 0.00301, 0.05489, 0.03550, 9.32%
Test - Best epoch, Loss, MSE, RMSE, MAE, MAPE: 19, 0.00275, 0.00275, 0.05246, 0.03240, 7.59%
Time spent: 2.73s
- Epoch 027, ExpID 47021
Train - Loss (one batch): 0.00235
Val - Loss, MSE, RMSE, MAE, MAPE: 0.00283, 0.00283, 0.05320, 0.03288, 8.24%
Test - Best epoch, Loss, MSE, RMSE, MAE, MAPE: 19, 0.00275, 0.00275, 0.05246, 0.03240, 7.59%
Time spent: 2.81s
- Epoch 028, ExpID 47021
Train - Loss (one batch): 0.00275
Val - Loss, MSE, RMSE, MAE, MAPE: 0.00329, 0.00329, 0.05740, 0.03927, 10.14%
Test - Best epoch, Loss, MSE, RMSE, MAE, MAPE: 19, 0.00275, 0.00275, 0.05246, 0.03240, 7.59%
Time spent: 2.75s
- Epoch 029, ExpID 47021
Train - Loss (one batch): 0.00299
Val - Loss, MSE, RMSE, MAE, MAPE: 0.00282, 0.00282, 0.05314, 0.03285, 8.57%
Test - Best epoch, Loss, MSE, RMSE, MAE, MAPE: 29, 0.00277, 0.00277, 0.05259, 0.03284, 7.69%
Time spent: 3.08s
- Epoch 030, ExpID 47021
Train - Loss (one batch): 0.00299
Val - Loss, MSE, RMSE, MAE, MAPE: 0.00281, 0.00281, 0.05303, 0.03251, 8.63%
Test - Best epoch, Loss, MSE, RMSE, MAE, MAPE: 30, 0.00274, 0.00274, 0.05239, 0.03256, 7.69%
Time spent: 3.11s
- Epoch 031, ExpID 47021
Train - Loss (one batch): 0.00278
Val - Loss, MSE, RMSE, MAE, MAPE: 0.00306, 0.00306, 0.05528, 0.03645, 9.65%
Test - Best epoch, Loss, MSE, RMSE, MAE, MAPE: 30, 0.00274, 0.00274, 0.05239, 0.03256, 7.69%
Time spent: 2.75s
- Epoch 032, ExpID 47021
Train - Loss (one batch): 0.00229
Val - Loss, MSE, RMSE, MAE, MAPE: 0.00315, 0.00315, 0.05610, 0.03754, 9.71%
Test - Best epoch, Loss, MSE, RMSE, MAE, MAPE: 30, 0.00274, 0.00274, 0.05239, 0.03256, 7.69%
Time spent: 2.68s
- Epoch 033, ExpID 47021
Train - Loss (one batch): 0.00277
Val - Loss, MSE, RMSE, MAE, MAPE: 0.00275, 0.00275, 0.05244, 0.03185, 8.31%
Test - Best epoch, Loss, MSE, RMSE, MAE, MAPE: 33, 0.00269, 0.00269, 0.05188, 0.03178, 7.39%
Time spent: 3.04s
- Epoch 034, ExpID 47021
Train - Loss (one batch): 0.00293
Val - Loss, MSE, RMSE, MAE, MAPE: 0.00286, 0.00286, 0.05346, 0.03349, 8.81%
Test - Best epoch, Loss, MSE, RMSE, MAE, MAPE: 33, 0.00269, 0.00269, 0.05188, 0.03178, 7.39%
Time spent: 2.69s
- Epoch 035, ExpID 47021
Train - Loss (one batch): 0.00285
Val - Loss, MSE, RMSE, MAE, MAPE: 0.00292, 0.00292, 0.05405, 0.03462, 9.17%
Test - Best epoch, Loss, MSE, RMSE, MAE, MAPE: 33, 0.00269, 0.00269, 0.05188, 0.03178, 7.39%
Time spent: 2.73s
- Epoch 036, ExpID 47021
Train - Loss (one batch): 0.00445
Val - Loss, MSE, RMSE, MAE, MAPE: 0.00283, 0.00283, 0.05320, 0.03299, 8.79%
Test - Best epoch, Loss, MSE, RMSE, MAE, MAPE: 33, 0.00269, 0.00269, 0.05188, 0.03178, 7.39%
Time spent: 2.70s
- Epoch 037, ExpID 47021
Train - Loss (one batch): 0.00268
Val - Loss, MSE, RMSE, MAE, MAPE: 0.00272, 0.00272, 0.05215, 0.03136, 8.17%
Test - Best epoch, Loss, MSE, RMSE, MAE, MAPE: 37, 0.00267, 0.00267, 0.05164, 0.03141, 7.30%
Time spent: 2.96s
- Epoch 038, ExpID 47021
Train - Loss (one batch): 0.00397
Val - Loss, MSE, RMSE, MAE, MAPE: 0.00301, 0.00301, 0.05486, 0.03566, 9.43%
Test - Best epoch, Loss, MSE, RMSE, MAE, MAPE: 37, 0.00267, 0.00267, 0.05164, 0.03141, 7.30%
Time spent: 2.60s
- Epoch 039, ExpID 47021
Train - Loss (one batch): 0.00252
Val - Loss, MSE, RMSE, MAE, MAPE: 0.00295, 0.00295, 0.05430, 0.03497, 9.13%
Test - Best epoch, Loss, MSE, RMSE, MAE, MAPE: 37, 0.00267, 0.00267, 0.05164, 0.03141, 7.30%
Time spent: 2.65s
- Epoch 040, ExpID 47021
Train - Loss (one batch): 0.00187
Val - Loss, MSE, RMSE, MAE, MAPE: 0.00280, 0.00280, 0.05287, 0.03268, 8.76%
Test - Best epoch, Loss, MSE, RMSE, MAE, MAPE: 37, 0.00267, 0.00267, 0.05164, 0.03141, 7.30%
Time spent: 2.68s
- Epoch 041, ExpID 47021
Train - Loss (one batch): 0.00174
Val - Loss, MSE, RMSE, MAE, MAPE: 0.00275, 0.00275, 0.05241, 0.03200, 8.33%
Test - Best epoch, Loss, MSE, RMSE, MAE, MAPE: 37, 0.00267, 0.00267, 0.05164, 0.03141, 7.30%
Time spent: 2.79s
- Epoch 042, ExpID 47021
Train - Loss (one batch): 0.00210
Val - Loss, MSE, RMSE, MAE, MAPE: 0.00287, 0.00287, 0.05355, 0.03407, 9.00%
Test - Best epoch, Loss, MSE, RMSE, MAE, MAPE: 37, 0.00267, 0.00267, 0.05164, 0.03141, 7.30%
Time spent: 2.60s
- Epoch 043, ExpID 47021
Train - Loss (one batch): 0.00252
Val - Loss, MSE, RMSE, MAE, MAPE: 0.00275, 0.00275, 0.05241, 0.03206, 8.32%
Test - Best epoch, Loss, MSE, RMSE, MAE, MAPE: 37, 0.00267, 0.00267, 0.05164, 0.03141, 7.30%
Time spent: 2.40s
- Epoch 044, ExpID 47021
Train - Loss (one batch): 0.00331
Val - Loss, MSE, RMSE, MAE, MAPE: 0.00299, 0.00299, 0.05469, 0.03581, 9.46%
Test - Best epoch, Loss, MSE, RMSE, MAE, MAPE: 37, 0.00267, 0.00267, 0.05164, 0.03141, 7.30%
Time spent: 2.41s
- Epoch 045, ExpID 47021
Train - Loss (one batch): 0.00206
Val - Loss, MSE, RMSE, MAE, MAPE: 0.00277, 0.00277, 0.05262, 0.03255, 8.59%
Test - Best epoch, Loss, MSE, RMSE, MAE, MAPE: 37, 0.00267, 0.00267, 0.05164, 0.03141, 7.30%
Time spent: 2.49s
- Epoch 046, ExpID 47021
Train - Loss (one batch): 0.00235
Val - Loss, MSE, RMSE, MAE, MAPE: 0.00316, 0.00316, 0.05624, 0.03801, 9.91%
Test - Best epoch, Loss, MSE, RMSE, MAE, MAPE: 37, 0.00267, 0.00267, 0.05164, 0.03141, 7.30%
Time spent: 2.72s
- Epoch 047, ExpID 47021
Train - Loss (one batch): 0.00233
Val - Loss, MSE, RMSE, MAE, MAPE: 0.00295, 0.00295, 0.05433, 0.03526, 9.42%
Test - Best epoch, Loss, MSE, RMSE, MAE, MAPE: 37, 0.00267, 0.00267, 0.05164, 0.03141, 7.30%
Time spent: 2.73s
/home/ouass/Test/MSP-IMTS/tPatchGNN/run_models.py
2026-03-14 15:20:10
run_models.py --dataset activity --state def --history 3000 --batch_size 32 --lr 1e-3 --nhead 1 --patience 10 --tf_layer 1 --nlayer 1 --te_dim 10 --node_dim 10 --hid_dim 34 --outlayer Linear --seed 5 --gpu 0 --multi_scales 250,500,1000 --multi_strides 250,500,1000 --metric per_dim --fusion gated
Namespace(multi_scales='250,500,1000', multi_strides='250,500,1000', fusion='gated', state='def', n=100000000, hop=1, nhead=1, tf_layer=1, nlayer=1, epoch=1000, patience=10, history=3000, patch_size=24, stride=24, logmode='a', lr=0.001, w_decay=0.0, batch_size=32, save='experiments/', load=None, seed=5, dataset='activity', quantization=0.0, model='tPatchGNN', outlayer='Linear', hid_dim=34, te_dim=10, node_dim=10, gpu='0', metric='per_dim', npatch=125, device=device(type='cuda'), PID=3160258, pred_window=1000, ndim=12)
- Epoch 000, ExpID 46011
Train - Loss (one batch): 0.00507
Val - Loss, MSE, RMSE, MAE, MAPE: 0.00587, 0.00587, 0.07664, 0.05695, 14.82%
Test - Best epoch, Loss, MSE, RMSE, MAE, MAPE: 0, 0.00531, 0.00531, 0.07288, 0.05388, 12.78%
Time spent: 3.01s
- Epoch 001, ExpID 46011
Train - Loss (one batch): 0.00278
Val - Loss, MSE, RMSE, MAE, MAPE: 0.00369, 0.00369, 0.06072, 0.03841, 9.63%
Test - Best epoch, Loss, MSE, RMSE, MAE, MAPE: 1, 0.00346, 0.00346, 0.05886, 0.03753, 8.49%
Time spent: 2.93s
- Epoch 002, ExpID 46011
Train - Loss (one batch): 0.00207
Val - Loss, MSE, RMSE, MAE, MAPE: 0.00358, 0.00358, 0.05981, 0.03891, 9.78%
Test - Best epoch, Loss, MSE, RMSE, MAE, MAPE: 2, 0.00338, 0.00338, 0.05812, 0.03809, 8.64%
Time spent: 3.06s
- Epoch 003, ExpID 46011
Train - Loss (one batch): 0.00318
Val - Loss, MSE, RMSE, MAE, MAPE: 0.00321, 0.00321, 0.05661, 0.03498, 8.76%
Test - Best epoch, Loss, MSE, RMSE, MAE, MAPE: 3, 0.00304, 0.00304, 0.05513, 0.03438, 7.74%
Time spent: 3.06s
- Epoch 004, ExpID 46011
Train - Loss (one batch): 0.00259
Val - Loss, MSE, RMSE, MAE, MAPE: 0.00334, 0.00334, 0.05782, 0.03757, 9.67%
Test - Best epoch, Loss, MSE, RMSE, MAE, MAPE: 3, 0.00304, 0.00304, 0.05513, 0.03438, 7.74%
Time spent: 2.71s
- Epoch 005, ExpID 46011
Train - Loss (one batch): 0.00250
Val - Loss, MSE, RMSE, MAE, MAPE: 0.00332, 0.00332, 0.05766, 0.03797, 9.86%
Test - Best epoch, Loss, MSE, RMSE, MAE, MAPE: 3, 0.00304, 0.00304, 0.05513, 0.03438, 7.74%
Time spent: 2.71s
- Epoch 006, ExpID 46011
Train - Loss (one batch): 0.00286
Val - Loss, MSE, RMSE, MAE, MAPE: 0.00301, 0.00301, 0.05486, 0.03394, 8.52%
Test - Best epoch, Loss, MSE, RMSE, MAE, MAPE: 6, 0.00287, 0.00287, 0.05358, 0.03346, 7.55%
Time spent: 3.04s
- Epoch 007, ExpID 46011
Train - Loss (one batch): 0.00351
Val - Loss, MSE, RMSE, MAE, MAPE: 0.00304, 0.00304, 0.05516, 0.03374, 8.44%
Test - Best epoch, Loss, MSE, RMSE, MAE, MAPE: 6, 0.00287, 0.00287, 0.05358, 0.03346, 7.55%
Time spent: 2.59s
- Epoch 008, ExpID 46011
Train - Loss (one batch): 0.00226
Val - Loss, MSE, RMSE, MAE, MAPE: 0.00319, 0.00319, 0.05645, 0.03716, 9.06%
Test - Best epoch, Loss, MSE, RMSE, MAE, MAPE: 6, 0.00287, 0.00287, 0.05358, 0.03346, 7.55%
Time spent: 2.62s
- Epoch 009, ExpID 46011
Train - Loss (one batch): 0.00356
Val - Loss, MSE, RMSE, MAE, MAPE: 0.00295, 0.00295, 0.05428, 0.03299, 8.52%
Test - Best epoch, Loss, MSE, RMSE, MAE, MAPE: 9, 0.00282, 0.00282, 0.05311, 0.03270, 7.56%
Time spent: 3.10s
- Epoch 010, ExpID 46011
Train - Loss (one batch): 0.00262
Val - Loss, MSE, RMSE, MAE, MAPE: 0.00308, 0.00308, 0.05552, 0.03531, 8.67%
Test - Best epoch, Loss, MSE, RMSE, MAE, MAPE: 9, 0.00282, 0.00282, 0.05311, 0.03270, 7.56%
Time spent: 2.59s
- Epoch 011, ExpID 46011
Train - Loss (one batch): 0.00219
Val - Loss, MSE, RMSE, MAE, MAPE: 0.00293, 0.00293, 0.05409, 0.03275, 8.49%
Test - Best epoch, Loss, MSE, RMSE, MAE, MAPE: 11, 0.00279, 0.00279, 0.05283, 0.03244, 7.53%
Time spent: 3.01s
- Epoch 012, ExpID 46011
Train - Loss (one batch): 0.00255
Val - Loss, MSE, RMSE, MAE, MAPE: 0.00304, 0.00304, 0.05515, 0.03391, 8.51%
Test - Best epoch, Loss, MSE, RMSE, MAE, MAPE: 11, 0.00279, 0.00279, 0.05283, 0.03244, 7.53%
Time spent: 2.70s
- Epoch 013, ExpID 46011
Train - Loss (one batch): 0.00278
Val - Loss, MSE, RMSE, MAE, MAPE: 0.00300, 0.00300, 0.05480, 0.03428, 8.53%
Test - Best epoch, Loss, MSE, RMSE, MAE, MAPE: 11, 0.00279, 0.00279, 0.05283, 0.03244, 7.53%
Time spent: 2.68s
- Epoch 014, ExpID 46011
Train - Loss (one batch): 0.00388
Val - Loss, MSE, RMSE, MAE, MAPE: 0.00297, 0.00297, 0.05447, 0.03383, 8.86%
Test - Best epoch, Loss, MSE, RMSE, MAE, MAPE: 11, 0.00279, 0.00279, 0.05283, 0.03244, 7.53%
Time spent: 2.79s
- Epoch 015, ExpID 46011
Train - Loss (one batch): 0.00282
Val - Loss, MSE, RMSE, MAE, MAPE: 0.00289, 0.00289, 0.05372, 0.03269, 8.29%
Test - Best epoch, Loss, MSE, RMSE, MAE, MAPE: 15, 0.00276, 0.00276, 0.05251, 0.03238, 7.39%
Time spent: 3.05s
- Epoch 016, ExpID 46011
Train - Loss (one batch): 0.00258
Val - Loss, MSE, RMSE, MAE, MAPE: 0.00295, 0.00295, 0.05432, 0.03364, 8.36%
Test - Best epoch, Loss, MSE, RMSE, MAE, MAPE: 15, 0.00276, 0.00276, 0.05251, 0.03238, 7.39%
Time spent: 2.82s
- Epoch 017, ExpID 46011
Train - Loss (one batch): 0.00212
Val - Loss, MSE, RMSE, MAE, MAPE: 0.00294, 0.00294, 0.05420, 0.03286, 8.35%
Test - Best epoch, Loss, MSE, RMSE, MAE, MAPE: 15, 0.00276, 0.00276, 0.05251, 0.03238, 7.39%
Time spent: 2.74s
- Epoch 018, ExpID 46011
Train - Loss (one batch): 0.00233
Val - Loss, MSE, RMSE, MAE, MAPE: 0.00291, 0.00291, 0.05398, 0.03332, 8.63%
Test - Best epoch, Loss, MSE, RMSE, MAE, MAPE: 15, 0.00276, 0.00276, 0.05251, 0.03238, 7.39%
Time spent: 2.74s
- Epoch 019, ExpID 46011
Train - Loss (one batch): 0.00257
Val - Loss, MSE, RMSE, MAE, MAPE: 0.00298, 0.00298, 0.05456, 0.03426, 8.79%
Test - Best epoch, Loss, MSE, RMSE, MAE, MAPE: 15, 0.00276, 0.00276, 0.05251, 0.03238, 7.39%
Time spent: 2.78s
- Epoch 020, ExpID 46011
Train - Loss (one batch): 0.00219
Val - Loss, MSE, RMSE, MAE, MAPE: 0.00289, 0.00289, 0.05375, 0.03280, 8.22%
Test - Best epoch, Loss, MSE, RMSE, MAE, MAPE: 15, 0.00276, 0.00276, 0.05251, 0.03238, 7.39%
Time spent: 2.81s
- Epoch 021, ExpID 46011
Train - Loss (one batch): 0.00325
Val - Loss, MSE, RMSE, MAE, MAPE: 0.00286, 0.00286, 0.05352, 0.03287, 8.44%
Test - Best epoch, Loss, MSE, RMSE, MAE, MAPE: 21, 0.00274, 0.00274, 0.05237, 0.03251, 7.54%
Time spent: 3.04s
- Epoch 022, ExpID 46011
Train - Loss (one batch): 0.00463
Val - Loss, MSE, RMSE, MAE, MAPE: 0.00306, 0.00306, 0.05531, 0.03590, 8.76%
Test - Best epoch, Loss, MSE, RMSE, MAE, MAPE: 21, 0.00274, 0.00274, 0.05237, 0.03251, 7.54%
Time spent: 2.74s
- Epoch 023, ExpID 46011
Train - Loss (one batch): 0.00197
Val - Loss, MSE, RMSE, MAE, MAPE: 0.00294, 0.00294, 0.05422, 0.03312, 8.33%
Test - Best epoch, Loss, MSE, RMSE, MAE, MAPE: 21, 0.00274, 0.00274, 0.05237, 0.03251, 7.54%
Time spent: 2.69s
- Epoch 024, ExpID 46011
Train - Loss (one batch): 0.00327
Val - Loss, MSE, RMSE, MAE, MAPE: 0.00283, 0.00283, 0.05319, 0.03244, 8.36%
Test - Best epoch, Loss, MSE, RMSE, MAE, MAPE: 24, 0.00274, 0.00274, 0.05234, 0.03239, 7.52%
Time spent: 3.06s
- Epoch 025, ExpID 46011
Train - Loss (one batch): 0.00179
Val - Loss, MSE, RMSE, MAE, MAPE: 0.00291, 0.00291, 0.05392, 0.03289, 8.36%
Test - Best epoch, Loss, MSE, RMSE, MAE, MAPE: 24, 0.00274, 0.00274, 0.05234, 0.03239, 7.52%
Time spent: 2.74s
- Epoch 026, ExpID 46011
Train - Loss (one batch): 0.00228
Val - Loss, MSE, RMSE, MAE, MAPE: 0.00286, 0.00286, 0.05352, 0.03288, 8.55%
Test - Best epoch, Loss, MSE, RMSE, MAE, MAPE: 24, 0.00274, 0.00274, 0.05234, 0.03239, 7.52%
Time spent: 2.61s
- Epoch 027, ExpID 46011
Train - Loss (one batch): 0.00298
Val - Loss, MSE, RMSE, MAE, MAPE: 0.00289, 0.00289, 0.05375, 0.03359, 8.36%
Test - Best epoch, Loss, MSE, RMSE, MAE, MAPE: 24, 0.00274, 0.00274, 0.05234, 0.03239, 7.52%
Time spent: 2.61s
- Epoch 028, ExpID 46011
Train - Loss (one batch): 0.00192
Val - Loss, MSE, RMSE, MAE, MAPE: 0.00305, 0.00305, 0.05518, 0.03504, 8.82%
Test - Best epoch, Loss, MSE, RMSE, MAE, MAPE: 24, 0.00274, 0.00274, 0.05234, 0.03239, 7.52%
Time spent: 2.64s
- Epoch 029, ExpID 46011
Train - Loss (one batch): 0.00240
Val - Loss, MSE, RMSE, MAE, MAPE: 0.00296, 0.00296, 0.05444, 0.03452, 8.50%
Test - Best epoch, Loss, MSE, RMSE, MAE, MAPE: 24, 0.00274, 0.00274, 0.05234, 0.03239, 7.52%
Time spent: 2.78s
- Epoch 030, ExpID 46011
Train - Loss (one batch): 0.00171
Val - Loss, MSE, RMSE, MAE, MAPE: 0.00280, 0.00280, 0.05293, 0.03192, 8.17%
Test - Best epoch, Loss, MSE, RMSE, MAE, MAPE: 30, 0.00270, 0.00270, 0.05199, 0.03195, 7.33%
Time spent: 3.14s
- Epoch 031, ExpID 46011
Train - Loss (one batch): 0.00309
Val - Loss, MSE, RMSE, MAE, MAPE: 0.00302, 0.00302, 0.05493, 0.03540, 8.63%
Test - Best epoch, Loss, MSE, RMSE, MAE, MAPE: 30, 0.00270, 0.00270, 0.05199, 0.03195, 7.33%
Time spent: 2.74s
- Epoch 032, ExpID 46011
Train - Loss (one batch): 0.00166
Val - Loss, MSE, RMSE, MAE, MAPE: 0.00283, 0.00283, 0.05322, 0.03297, 8.35%
Test - Best epoch, Loss, MSE, RMSE, MAE, MAPE: 30, 0.00270, 0.00270, 0.05199, 0.03195, 7.33%
Time spent: 2.79s
- Epoch 033, ExpID 46011
Train - Loss (one batch): 0.00203
Val - Loss, MSE, RMSE, MAE, MAPE: 0.00332, 0.00332, 0.05765, 0.03924, 10.11%
Test - Best epoch, Loss, MSE, RMSE, MAE, MAPE: 30, 0.00270, 0.00270, 0.05199, 0.03195, 7.33%
Time spent: 2.69s
- Epoch 034, ExpID 46011
Train - Loss (one batch): 0.00207
Val - Loss, MSE, RMSE, MAE, MAPE: 0.00292, 0.00292, 0.05400, 0.03387, 8.73%
Test - Best epoch, Loss, MSE, RMSE, MAE, MAPE: 30, 0.00270, 0.00270, 0.05199, 0.03195, 7.33%
Time spent: 2.76s
- Epoch 035, ExpID 46011
Train - Loss (one batch): 0.00271
Val - Loss, MSE, RMSE, MAE, MAPE: 0.00292, 0.00292, 0.05403, 0.03431, 8.48%
Test - Best epoch, Loss, MSE, RMSE, MAE, MAPE: 30, 0.00270, 0.00270, 0.05199, 0.03195, 7.33%
Time spent: 2.68s
- Epoch 036, ExpID 46011
Train - Loss (one batch): 0.00197
Val - Loss, MSE, RMSE, MAE, MAPE: 0.00283, 0.00283, 0.05318, 0.03287, 8.23%
Test - Best epoch, Loss, MSE, RMSE, MAE, MAPE: 30, 0.00270, 0.00270, 0.05199, 0.03195, 7.33%
Time spent: 2.73s
- Epoch 037, ExpID 46011
Train - Loss (one batch): 0.00351
Val - Loss, MSE, RMSE, MAE, MAPE: 0.00283, 0.00283, 0.05318, 0.03304, 8.29%
Test - Best epoch, Loss, MSE, RMSE, MAE, MAPE: 30, 0.00270, 0.00270, 0.05199, 0.03195, 7.33%
Time spent: 2.73s
- Epoch 038, ExpID 46011
Train - Loss (one batch): 0.00215
Val - Loss, MSE, RMSE, MAE, MAPE: 0.00299, 0.00299, 0.05466, 0.03526, 8.55%
Test - Best epoch, Loss, MSE, RMSE, MAE, MAPE: 30, 0.00270, 0.00270, 0.05199, 0.03195, 7.33%
Time spent: 2.73s
- Epoch 039, ExpID 46011
Train - Loss (one batch): 0.00264
Val - Loss, MSE, RMSE, MAE, MAPE: 0.00277, 0.00277, 0.05259, 0.03173, 8.10%
Test - Best epoch, Loss, MSE, RMSE, MAE, MAPE: 39, 0.00266, 0.00266, 0.05159, 0.03161, 7.24%
Time spent: 3.03s
- Epoch 040, ExpID 46011
Train - Loss (one batch): 0.00201
Val - Loss, MSE, RMSE, MAE, MAPE: 0.00292, 0.00292, 0.05401, 0.03400, 8.93%
Test - Best epoch, Loss, MSE, RMSE, MAE, MAPE: 39, 0.00266, 0.00266, 0.05159, 0.03161, 7.24%
Time spent: 2.71s
- Epoch 041, ExpID 46011
Train - Loss (one batch): 0.00201
Val - Loss, MSE, RMSE, MAE, MAPE: 0.00277, 0.00277, 0.05267, 0.03194, 8.15%
Test - Best epoch, Loss, MSE, RMSE, MAE, MAPE: 39, 0.00266, 0.00266, 0.05159, 0.03161, 7.24%
Time spent: 2.73s
- Epoch 042, ExpID 46011
Train - Loss (one batch): 0.00234
Val - Loss, MSE, RMSE, MAE, MAPE: 0.00279, 0.00279, 0.05283, 0.03221, 8.17%
Test - Best epoch, Loss, MSE, RMSE, MAE, MAPE: 39, 0.00266, 0.00266, 0.05159, 0.03161, 7.24%
Time spent: 2.77s
- Epoch 043, ExpID 46011
Train - Loss (one batch): 0.00230
Val - Loss, MSE, RMSE, MAE, MAPE: 0.00276, 0.00276, 0.05254, 0.03186, 8.18%
Test - Best epoch, Loss, MSE, RMSE, MAE, MAPE: 43, 0.00266, 0.00266, 0.05154, 0.03174, 7.32%
Time spent: 3.06s
- Epoch 044, ExpID 46011
Train - Loss (one batch): 0.00309
Val - Loss, MSE, RMSE, MAE, MAPE: 0.00273, 0.00273, 0.05228, 0.03175, 8.19%
Test - Best epoch, Loss, MSE, RMSE, MAE, MAPE: 44, 0.00264, 0.00264, 0.05138, 0.03178, 7.32%
Time spent: 3.02s
- Epoch 045, ExpID 46011
Train - Loss (one batch): 0.00251
Val - Loss, MSE, RMSE, MAE, MAPE: 0.00276, 0.00276, 0.05250, 0.03224, 8.17%
Test - Best epoch, Loss, MSE, RMSE, MAE, MAPE: 44, 0.00264, 0.00264, 0.05138, 0.03178, 7.32%
Time spent: 2.72s
- Epoch 046, ExpID 46011
Train - Loss (one batch): 0.00210
Val - Loss, MSE, RMSE, MAE, MAPE: 0.00273, 0.00273, 0.05226, 0.03204, 8.25%
Test - Best epoch, Loss, MSE, RMSE, MAE, MAPE: 46, 0.00265, 0.00265, 0.05144, 0.03203, 7.39%
Time spent: 3.07s
- Epoch 047, ExpID 46011
Train - Loss (one batch): 0.00252
Val - Loss, MSE, RMSE, MAE, MAPE: 0.00276, 0.00276, 0.05251, 0.03183, 8.18%
Test - Best epoch, Loss, MSE, RMSE, MAE, MAPE: 46, 0.00265, 0.00265, 0.05144, 0.03203, 7.39%
Time spent: 2.73s
- Epoch 048, ExpID 46011
Train - Loss (one batch): 0.00239
Val - Loss, MSE, RMSE, MAE, MAPE: 0.00277, 0.00277, 0.05263, 0.03203, 8.33%
Test - Best epoch, Loss, MSE, RMSE, MAE, MAPE: 46, 0.00265, 0.00265, 0.05144, 0.03203, 7.39%
Time spent: 2.72s
- Epoch 049, ExpID 46011
Train - Loss (one batch): 0.00275
Val - Loss, MSE, RMSE, MAE, MAPE: 0.00276, 0.00276, 0.05252, 0.03235, 8.34%
Test - Best epoch, Loss, MSE, RMSE, MAE, MAPE: 46, 0.00265, 0.00265, 0.05144, 0.03203, 7.39%
Time spent: 2.77s
- Epoch 050, ExpID 46011
Train - Loss (one batch): 0.00244
Val - Loss, MSE, RMSE, MAE, MAPE: 0.00277, 0.00277, 0.05258, 0.03206, 8.24%
Test - Best epoch, Loss, MSE, RMSE, MAE, MAPE: 46, 0.00265, 0.00265, 0.05144, 0.03203, 7.39%
Time spent: 2.74s
- Epoch 051, ExpID 46011
Train - Loss (one batch): 0.00410
Val - Loss, MSE, RMSE, MAE, MAPE: 0.00284, 0.00284, 0.05332, 0.03276, 8.50%
Test - Best epoch, Loss, MSE, RMSE, MAE, MAPE: 46, 0.00265, 0.00265, 0.05144, 0.03203, 7.39%
Time spent: 2.80s
- Epoch 052, ExpID 46011
Train - Loss (one batch): 0.00252
Val - Loss, MSE, RMSE, MAE, MAPE: 0.00276, 0.00276, 0.05253, 0.03189, 8.15%
Test - Best epoch, Loss, MSE, RMSE, MAE, MAPE: 46, 0.00265, 0.00265, 0.05144, 0.03203, 7.39%
Time spent: 2.72s
- Epoch 053, ExpID 46011
Train - Loss (one batch): 0.00295
Val - Loss, MSE, RMSE, MAE, MAPE: 0.00285, 0.00285, 0.05334, 0.03374, 8.35%
Test - Best epoch, Loss, MSE, RMSE, MAE, MAPE: 46, 0.00265, 0.00265, 0.05144, 0.03203, 7.39%
Time spent: 2.75s
- Epoch 054, ExpID 46011
Train - Loss (one batch): 0.00178
Val - Loss, MSE, RMSE, MAE, MAPE: 0.00278, 0.00278, 0.05268, 0.03210, 8.39%
Test - Best epoch, Loss, MSE, RMSE, MAE, MAPE: 46, 0.00265, 0.00265, 0.05144, 0.03203, 7.39%
Time spent: 2.77s
- Epoch 055, ExpID 46011
Train - Loss (one batch): 0.00335
Val - Loss, MSE, RMSE, MAE, MAPE: 0.00301, 0.00301, 0.05485, 0.03567, 9.04%
Test - Best epoch, Loss, MSE, RMSE, MAE, MAPE: 46, 0.00265, 0.00265, 0.05144, 0.03203, 7.39%
Time spent: 2.75s
- Epoch 056, ExpID 46011
Train - Loss (one batch): 0.00283
Val - Loss, MSE, RMSE, MAE, MAPE: 0.00287, 0.00287, 0.05358, 0.03342, 8.30%
Test - Best epoch, Loss, MSE, RMSE, MAE, MAPE: 46, 0.00265, 0.00265, 0.05144, 0.03203, 7.39%
Time spent: 2.78s
