INFO | TOP_ERR | split=test epoch=0 rank=1/10 b=25 t=3 var_idx=0 tp=1.008333 y_true=10.830914 y_pred=0.150883 diff=-10.680031 abs_err=10.680031
INFO | TOP_ERR | split=test epoch=0 rank=2/10 b=121 t=0 var_idx=1 tp=1.001333 y_true=6.881000 y_pred=0.320122 diff=-6.560878 abs_err=6.560878
INFO | TOP_ERR | split=test epoch=0 rank=3/10 b=199 t=3 var_idx=0 tp=1.013333 y_true=6.511257 y_pred=0.067233 diff=-6.444024 abs_err=6.444024
INFO | TOP_ERR | split=test epoch=0 rank=4/10 b=96 t=6 var_idx=2 tp=1.035000 y_true=6.015623 y_pred=0.277277 diff=-5.738346 abs_err=5.738347
INFO | TOP_ERR | split=test epoch=0 rank=5/10 b=154 t=7 var_idx=0 tp=1.035333 y_true=4.823892 y_pred=-0.158802 diff=-4.982693 abs_err=4.982693
INFO | TOP_ERR | split=test epoch=0 rank=6/10 b=143 t=7 var_idx=1 tp=1.025667 y_true=5.128757 y_pred=0.468918 diff=-4.659840 abs_err=4.659840
INFO | TOP_ERR | split=test epoch=0 rank=7/10 b=62 t=4 var_idx=0 tp=1.020667 y_true=4.385177 y_pred=-0.100810 diff=-4.485987 abs_err=4.485987
INFO | TOP_ERR | split=test epoch=0 rank=8/10 b=41 t=0 var_idx=0 tp=1.000667 y_true=4.081450 y_pred=-0.157691 diff=-4.239141 abs_err=4.239141
INFO | TOP_ERR | split=test epoch=0 rank=9/10 b=46 t=5 var_idx=0 tp=1.027333 y_true=3.878967 y_pred=-0.100116 diff=-3.979083 abs_err=3.979083
INFO | TOP_ERR | split=test epoch=0 rank=10/10 b=44 t=5 var_idx=0 tp=1.036667 y_true=3.608988 y_pred=-0.162627 diff=-3.771615 abs_err=3.771615
INFO | TOP_BEST | split=test epoch=0 rank=1/3 b=24 t=1 var_idx=1 tp=1.007000 y_true=-0.127970 y_pred=-0.127799 diff=0.000171 abs_err=0.000171
INFO | TOP_BEST | split=test epoch=0 rank=2/3 b=236 t=4 var_idx=2 tp=1.033667 y_true=-0.173762 y_pred=-0.173959 diff=-0.000197 abs_err=0.000197
INFO | TOP_BEST | split=test epoch=0 rank=3/3 b=241 t=7 var_idx=1 tp=1.040333 y_true=-0.127970 y_pred=-0.127719 diff=0.000251 abs_err=0.000251
INFO | TOP_OK | split=test epoch=0 none_found (no exact matches)
INFO | [CH_INFLUENCE] TEST per-channel masked error ranked by MAE (epoch=0)
INFO | [CH_INFLUENCE] rank=1/5 ch=0 n=8076 mae=0.434278 rmse=1.036559 mse=1.074454
INFO | [CH_INFLUENCE] rank=2/5 ch=3 n=7800 mae=0.428381 rmse=0.541598 mse=0.293328
INFO | [CH_INFLUENCE] rank=3/5 ch=4 n=7775 mae=0.386158 rmse=0.496790 mse=0.246800
INFO | [CH_INFLUENCE] rank=4/5 ch=1 n=7852 mae=0.184823 rmse=0.915820 mse=0.838726
INFO | [CH_INFLUENCE] rank=5/5 ch=2 n=7640 mae=0.154670 rmse=0.453900 mse=0.206025
INFO | TOP_ERR | split=test epoch=1 rank=1/10 b=25 t=3 var_idx=0 tp=1.008333 y_true=10.830914 y_pred=0.304252 diff=-10.526662 abs_err=10.526662
INFO | TOP_ERR | split=test epoch=1 rank=2/10 b=199 t=3 var_idx=0 tp=1.013333 y_true=6.511257 y_pred=-0.029773 diff=-6.541030 abs_err=6.541030
INFO | TOP_ERR | split=test epoch=1 rank=3/10 b=121 t=0 var_idx=1 tp=1.001333 y_true=6.881000 y_pred=0.469333 diff=-6.411667 abs_err=6.411667
INFO | TOP_ERR | split=test epoch=1 rank=4/10 b=96 t=6 var_idx=2 tp=1.035000 y_true=6.015623 y_pred=0.489309 diff=-5.526314 abs_err=5.526314
INFO | TOP_ERR | split=test epoch=1 rank=5/10 b=154 t=7 var_idx=0 tp=1.035333 y_true=4.823892 y_pred=-0.155367 diff=-4.979259 abs_err=4.979259
INFO | TOP_ERR | split=test epoch=1 rank=6/10 b=62 t=4 var_idx=0 tp=1.020667 y_true=4.385177 y_pred=-0.113982 diff=-4.499158 abs_err=4.499158
INFO | TOP_ERR | split=test epoch=1 rank=7/10 b=143 t=7 var_idx=1 tp=1.025667 y_true=5.128757 y_pred=0.741127 diff=-4.387630 abs_err=4.387630
INFO | TOP_ERR | split=test epoch=1 rank=8/10 b=41 t=0 var_idx=0 tp=1.000667 y_true=4.081450 y_pred=-0.068437 diff=-4.149887 abs_err=4.149887
INFO | TOP_ERR | split=test epoch=1 rank=9/10 b=46 t=5 var_idx=0 tp=1.027333 y_true=3.878967 y_pred=-0.024594 diff=-3.903561 abs_err=3.903561
INFO | TOP_ERR | split=test epoch=1 rank=10/10 b=44 t=5 var_idx=0 tp=1.036667 y_true=3.608988 y_pred=-0.149832 diff=-3.758820 abs_err=3.758821
INFO | TOP_BEST | split=test epoch=1 rank=1/3 b=113 t=5 var_idx=1 tp=1.011667 y_true=-0.127970 y_pred=-0.128046 diff=-0.000076 abs_err=0.000076
INFO | TOP_BEST | split=test epoch=1 rank=2/3 b=113 t=9 var_idx=1 tp=1.021667 y_true=-0.127970 y_pred=-0.127875 diff=0.000096 abs_err=0.000096
INFO | TOP_BEST | split=test epoch=1 rank=3/3 b=113 t=10 var_idx=1 tp=1.023667 y_true=-0.127970 y_pred=-0.127841 diff=0.000130 abs_err=0.000130
INFO | TOP_OK | split=test epoch=1 none_found (no exact matches)
INFO | [CH_INFLUENCE] TEST per-channel masked error ranked by MAE (epoch=1)
INFO | [CH_INFLUENCE] rank=1/5 ch=0 n=8076 mae=0.429701 rmse=1.035344 mse=1.071938
INFO | [CH_INFLUENCE] rank=2/5 ch=3 n=7800 mae=0.412123 rmse=0.523490 mse=0.274042
INFO | [CH_INFLUENCE] rank=3/5 ch=4 n=7775 mae=0.375053 rmse=0.485563 mse=0.235772
INFO | [CH_INFLUENCE] rank=4/5 ch=1 n=7852 mae=0.208421 rmse=0.909128 mse=0.826514
INFO | [CH_INFLUENCE] rank=5/5 ch=2 n=7640 mae=0.174225 rmse=0.442562 mse=0.195861
INFO | TOP_ERR | split=test epoch=2 rank=1/10 b=25 t=3 var_idx=0 tp=1.008333 y_true=10.830914 y_pred=0.285210 diff=-10.545704 abs_err=10.545704
INFO | TOP_ERR | split=test epoch=2 rank=2/10 b=199 t=3 var_idx=0 tp=1.013333 y_true=6.511257 y_pred=0.054183 diff=-6.457074 abs_err=6.457074
INFO | TOP_ERR | split=test epoch=2 rank=3/10 b=121 t=0 var_idx=1 tp=1.001333 y_true=6.881000 y_pred=0.600871 diff=-6.280129 abs_err=6.280129
INFO | TOP_ERR | split=test epoch=2 rank=4/10 b=96 t=6 var_idx=2 tp=1.035000 y_true=6.015623 y_pred=0.641420 diff=-5.374203 abs_err=5.374203
INFO | TOP_ERR | split=test epoch=2 rank=5/10 b=154 t=7 var_idx=0 tp=1.035333 y_true=4.823892 y_pred=-0.052805 diff=-4.876697 abs_err=4.876697
INFO | TOP_ERR | split=test epoch=2 rank=6/10 b=62 t=4 var_idx=0 tp=1.020667 y_true=4.385177 y_pred=-0.040435 diff=-4.425612 abs_err=4.425612
INFO | TOP_ERR | split=test epoch=2 rank=7/10 b=143 t=7 var_idx=1 tp=1.025667 y_true=5.128757 y_pred=0.961667 diff=-4.167090 abs_err=4.167090
INFO | TOP_ERR | split=test epoch=2 rank=8/10 b=41 t=0 var_idx=0 tp=1.000667 y_true=4.081450 y_pred=0.020152 diff=-4.061299 abs_err=4.061299
INFO | TOP_ERR | split=test epoch=2 rank=9/10 b=122 t=2 var_idx=1 tp=1.013667 y_true=-0.127970 y_pred=3.883128 diff=4.011098 abs_err=4.011098
INFO | TOP_ERR | split=test epoch=2 rank=10/10 b=46 t=5 var_idx=0 tp=1.027333 y_true=3.878967 y_pred=0.033210 diff=-3.845757 abs_err=3.845757
INFO | TOP_BEST | split=test epoch=2 rank=1/3 b=223 t=7 var_idx=2 tp=1.021333 y_true=-0.173762 y_pred=-0.173844 diff=-0.000081 abs_err=0.000081
INFO | TOP_BEST | split=test epoch=2 rank=2/3 b=54 t=3 var_idx=4 tp=1.028000 y_true=1.397322 y_pred=1.397545 diff=0.000222 abs_err=0.000222
INFO | TOP_BEST | split=test epoch=2 rank=3/3 b=223 t=4 var_idx=2 tp=1.014333 y_true=-0.173762 y_pred=-0.174011 diff=-0.000249 abs_err=0.000249
INFO | TOP_OK | split=test epoch=2 none_found (no exact matches)
INFO | [CH_INFLUENCE] TEST per-channel masked error ranked by MAE (epoch=2)
INFO | [CH_INFLUENCE] rank=1/5 ch=0 n=8076 mae=0.488143 rmse=1.036300 mse=1.073917
INFO | [CH_INFLUENCE] rank=2/5 ch=3 n=7800 mae=0.416997 rmse=0.530004 mse=0.280904
INFO | [CH_INFLUENCE] rank=3/5 ch=4 n=7775 mae=0.376725 rmse=0.485912 mse=0.236111
INFO | [CH_INFLUENCE] rank=4/5 ch=1 n=7852 mae=0.252907 rmse=0.909588 mse=0.827350
INFO | [CH_INFLUENCE] rank=5/5 ch=2 n=7640 mae=0.186754 rmse=0.444035 mse=0.197167
INFO | TOP_ERR | split=test epoch=5 rank=1/10 b=25 t=3 var_idx=0 tp=1.008333 y_true=10.830914 y_pred=0.066208 diff=-10.764706 abs_err=10.764706
INFO | TOP_ERR | split=test epoch=5 rank=2/10 b=199 t=3 var_idx=0 tp=1.013333 y_true=6.511257 y_pred=-0.053347 diff=-6.564604 abs_err=6.564604
INFO | TOP_ERR | split=test epoch=5 rank=3/10 b=121 t=0 var_idx=1 tp=1.001333 y_true=6.881000 y_pred=0.387439 diff=-6.493561 abs_err=6.493561
INFO | TOP_ERR | split=test epoch=5 rank=4/10 b=96 t=6 var_idx=2 tp=1.035000 y_true=6.015623 y_pred=0.593099 diff=-5.422525 abs_err=5.422524
INFO | TOP_ERR | split=test epoch=5 rank=5/10 b=154 t=7 var_idx=0 tp=1.035333 y_true=4.823892 y_pred=-0.099580 diff=-4.923472 abs_err=4.923472
INFO | TOP_ERR | split=test epoch=5 rank=6/10 b=62 t=4 var_idx=0 tp=1.020667 y_true=4.385177 y_pred=-0.130169 diff=-4.515345 abs_err=4.515346
INFO | TOP_ERR | split=test epoch=5 rank=7/10 b=143 t=7 var_idx=1 tp=1.025667 y_true=5.128757 y_pred=0.699650 diff=-4.429108 abs_err=4.429108
INFO | TOP_ERR | split=test epoch=5 rank=8/10 b=41 t=0 var_idx=0 tp=1.000667 y_true=4.081450 y_pred=-0.046608 diff=-4.128059 abs_err=4.128058
INFO | TOP_ERR | split=test epoch=5 rank=9/10 b=46 t=5 var_idx=0 tp=1.027333 y_true=3.878967 y_pred=-0.003879 diff=-3.882846 abs_err=3.882845
INFO | TOP_ERR | split=test epoch=5 rank=10/10 b=44 t=5 var_idx=0 tp=1.036667 y_true=3.608988 y_pred=-0.077824 diff=-3.686812 abs_err=3.686812
INFO | TOP_BEST | split=test epoch=5 rank=1/3 b=130 t=2 var_idx=3 tp=1.013333 y_true=-0.874524 y_pred=-0.874491 diff=0.000033 abs_err=0.000033
INFO | TOP_BEST | split=test epoch=5 rank=2/3 b=182 t=0 var_idx=1 tp=1.000667 y_true=-0.127970 y_pred=-0.127920 diff=0.000050 abs_err=0.000050
INFO | TOP_BEST | split=test epoch=5 rank=3/3 b=161 t=2 var_idx=1 tp=1.039667 y_true=-0.127970 y_pred=-0.127791 diff=0.000179 abs_err=0.000179
INFO | TOP_OK | split=test epoch=5 none_found (no exact matches)
INFO | [CH_INFLUENCE] TEST per-channel masked error ranked by MAE (epoch=5)
INFO | [CH_INFLUENCE] rank=1/5 ch=0 n=8076 mae=0.410062 rmse=1.031367 mse=1.063718
INFO | [CH_INFLUENCE] rank=2/5 ch=3 n=7800 mae=0.409969 rmse=0.522032 mse=0.272518
INFO | [CH_INFLUENCE] rank=3/5 ch=4 n=7775 mae=0.382929 rmse=0.489975 mse=0.240075
INFO | [CH_INFLUENCE] rank=4/5 ch=1 n=7852 mae=0.188850 rmse=0.910337 mse=0.828713
INFO | [CH_INFLUENCE] rank=5/5 ch=2 n=7640 mae=0.150953 rmse=0.424424 mse=0.180136
INFO | TOP_ERR | split=test epoch=6 rank=1/10 b=25 t=3 var_idx=0 tp=1.008333 y_true=10.830914 y_pred=0.040511 diff=-10.790402 abs_err=10.790402
INFO | TOP_ERR | split=test epoch=6 rank=2/10 b=199 t=3 var_idx=0 tp=1.013333 y_true=6.511257 y_pred=0.056314 diff=-6.454943 abs_err=6.454944
INFO | TOP_ERR | split=test epoch=6 rank=3/10 b=121 t=0 var_idx=1 tp=1.001333 y_true=6.881000 y_pred=0.560502 diff=-6.320498 abs_err=6.320498
INFO | TOP_ERR | split=test epoch=6 rank=4/10 b=96 t=6 var_idx=2 tp=1.035000 y_true=6.015623 y_pred=0.870251 diff=-5.145372 abs_err=5.145372
INFO | TOP_ERR | split=test epoch=6 rank=5/10 b=154 t=7 var_idx=0 tp=1.035333 y_true=4.823892 y_pred=0.015281 diff=-4.808611 abs_err=4.808610
INFO | TOP_ERR | split=test epoch=6 rank=6/10 b=143 t=7 var_idx=1 tp=1.025667 y_true=5.128757 y_pred=0.721640 diff=-4.407117 abs_err=4.407117
INFO | TOP_ERR | split=test epoch=6 rank=7/10 b=62 t=4 var_idx=0 tp=1.020667 y_true=4.385177 y_pred=-0.008032 diff=-4.393208 abs_err=4.393208
INFO | TOP_ERR | split=test epoch=6 rank=8/10 b=41 t=0 var_idx=0 tp=1.000667 y_true=4.081450 y_pred=0.016480 diff=-4.064970 abs_err=4.064970
INFO | TOP_ERR | split=test epoch=6 rank=9/10 b=46 t=5 var_idx=0 tp=1.027333 y_true=3.878967 y_pred=0.043803 diff=-3.835164 abs_err=3.835164
INFO | TOP_ERR | split=test epoch=6 rank=10/10 b=120 t=0 var_idx=2 tp=1.008000 y_true=0.084129 y_pred=3.829874 diff=3.745745 abs_err=3.745745
INFO | TOP_BEST | split=test epoch=6 rank=1/3 b=17 t=3 var_idx=4 tp=1.032667 y_true=1.188623 y_pred=1.188716 diff=0.000093 abs_err=0.000093
INFO | TOP_BEST | split=test epoch=6 rank=2/3 b=158 t=5 var_idx=3 tp=1.032667 y_true=-0.492607 y_pred=-0.492928 diff=-0.000321 abs_err=0.000321
INFO | TOP_BEST | split=test epoch=6 rank=3/3 b=63 t=8 var_idx=4 tp=1.039000 y_true=0.458175 y_pred=0.457621 diff=-0.000554 abs_err=0.000554
INFO | TOP_OK | split=test epoch=6 none_found (no exact matches)
INFO | [CH_INFLUENCE] TEST per-channel masked error ranked by MAE (epoch=6)
INFO | [CH_INFLUENCE] rank=1/5 ch=0 n=8076 mae=0.479562 rmse=1.032135 mse=1.065303
INFO | [CH_INFLUENCE] rank=2/5 ch=3 n=7800 mae=0.423973 rmse=0.537575 mse=0.288987
INFO | [CH_INFLUENCE] rank=3/5 ch=4 n=7775 mae=0.382932 rmse=0.491662 mse=0.241732
INFO | [CH_INFLUENCE] rank=4/5 ch=1 n=7852 mae=0.228008 rmse=0.910865 mse=0.829675
INFO | [CH_INFLUENCE] rank=5/5 ch=2 n=7640 mae=0.201366 rmse=0.468204 mse=0.219215
INFO | TOP_ERR | split=test epoch=7 rank=1/10 b=25 t=3 var_idx=0 tp=1.008333 y_true=10.830914 y_pred=0.102213 diff=-10.728701 abs_err=10.728701
INFO | TOP_ERR | split=test epoch=7 rank=2/10 b=199 t=3 var_idx=0 tp=1.013333 y_true=6.511257 y_pred=0.040981 diff=-6.470276 abs_err=6.470276
INFO | TOP_ERR | split=test epoch=7 rank=3/10 b=121 t=0 var_idx=1 tp=1.001333 y_true=6.881000 y_pred=0.464917 diff=-6.416083 abs_err=6.416082
INFO | TOP_ERR | split=test epoch=7 rank=4/10 b=96 t=6 var_idx=2 tp=1.035000 y_true=6.015623 y_pred=0.588485 diff=-5.427138 abs_err=5.427138
INFO | TOP_ERR | split=test epoch=7 rank=5/10 b=154 t=7 var_idx=0 tp=1.035333 y_true=4.823892 y_pred=-0.001368 diff=-4.825260 abs_err=4.825260
INFO | TOP_ERR | split=test epoch=7 rank=6/10 b=62 t=4 var_idx=0 tp=1.020667 y_true=4.385177 y_pred=-0.067053 diff=-4.452229 abs_err=4.452229
INFO | TOP_ERR | split=test epoch=7 rank=7/10 b=143 t=7 var_idx=1 tp=1.025667 y_true=5.128757 y_pred=0.722594 diff=-4.406163 abs_err=4.406163
INFO | TOP_ERR | split=test epoch=7 rank=8/10 b=41 t=0 var_idx=0 tp=1.000667 y_true=4.081450 y_pred=0.029865 diff=-4.051586 abs_err=4.051586
INFO | TOP_ERR | split=test epoch=7 rank=9/10 b=46 t=5 var_idx=0 tp=1.027333 y_true=3.878967 y_pred=0.074637 diff=-3.804330 abs_err=3.804330
INFO | TOP_ERR | split=test epoch=7 rank=10/10 b=44 t=5 var_idx=0 tp=1.036667 y_true=3.608988 y_pred=0.016618 diff=-3.592371 abs_err=3.592371
INFO | TOP_BEST | split=test epoch=7 rank=1/3 b=78 t=0 var_idx=4 tp=1.008000 y_true=0.614699 y_pred=0.614610 diff=-0.000090 abs_err=0.000090
INFO | TOP_BEST | split=test epoch=7 rank=2/3 b=83 t=1 var_idx=1 tp=1.007667 y_true=-0.127970 y_pred=-0.128124 diff=-0.000154 abs_err=0.000154
INFO | TOP_BEST | split=test epoch=7 rank=3/3 b=160 t=0 var_idx=1 tp=1.001333 y_true=-0.127970 y_pred=-0.128436 diff=-0.000466 abs_err=0.000466
INFO | TOP_OK | split=test epoch=7 none_found (no exact matches)
INFO | [CH_INFLUENCE] TEST per-channel masked error ranked by MAE (epoch=7)
INFO | [CH_INFLUENCE] rank=1/5 ch=0 n=8076 mae=0.464863 rmse=1.029569 mse=1.060013
INFO | [CH_INFLUENCE] rank=2/5 ch=3 n=7800 mae=0.400513 rmse=0.507962 mse=0.258025
INFO | [CH_INFLUENCE] rank=3/5 ch=4 n=7775 mae=0.366877 rmse=0.470486 mse=0.221358
INFO | [CH_INFLUENCE] rank=4/5 ch=1 n=7852 mae=0.188271 rmse=0.910826 mse=0.829603
INFO | [CH_INFLUENCE] rank=5/5 ch=2 n=7640 mae=0.139930 rmse=0.436119 mse=0.190200
INFO | TOP_ERR | split=test epoch=14 rank=1/10 b=25 t=3 var_idx=0 tp=1.008333 y_true=10.830914 y_pred=0.054011 diff=-10.776903 abs_err=10.776903
INFO | TOP_ERR | split=test epoch=14 rank=2/10 b=199 t=3 var_idx=0 tp=1.013333 y_true=6.511257 y_pred=-0.030461 diff=-6.541718 abs_err=6.541718
INFO | TOP_ERR | split=test epoch=14 rank=3/10 b=121 t=0 var_idx=1 tp=1.001333 y_true=6.881000 y_pred=0.632819 diff=-6.248181 abs_err=6.248181
INFO | TOP_ERR | split=test epoch=14 rank=4/10 b=96 t=6 var_idx=2 tp=1.035000 y_true=6.015623 y_pred=0.631733 diff=-5.383890 abs_err=5.383890
INFO | TOP_ERR | split=test epoch=14 rank=5/10 b=154 t=7 var_idx=0 tp=1.035333 y_true=4.823892 y_pred=-0.033772 diff=-4.857664 abs_err=4.857664
INFO | TOP_ERR | split=test epoch=14 rank=6/10 b=62 t=4 var_idx=0 tp=1.020667 y_true=4.385177 y_pred=-0.138873 diff=-4.524050 abs_err=4.524050
INFO | TOP_ERR | split=test epoch=14 rank=7/10 b=120 t=0 var_idx=2 tp=1.008000 y_true=0.084129 y_pred=4.324300 diff=4.240171 abs_err=4.240171
INFO | TOP_ERR | split=test epoch=14 rank=8/10 b=143 t=7 var_idx=1 tp=1.025667 y_true=5.128757 y_pred=0.917156 diff=-4.211601 abs_err=4.211601
INFO | TOP_ERR | split=test epoch=14 rank=9/10 b=41 t=0 var_idx=0 tp=1.000667 y_true=4.081450 y_pred=-0.014690 diff=-4.096140 abs_err=4.096140
INFO | TOP_ERR | split=test epoch=14 rank=10/10 b=46 t=5 var_idx=0 tp=1.027333 y_true=3.878967 y_pred=0.035133 diff=-3.843834 abs_err=3.843834
INFO | TOP_BEST | split=test epoch=14 rank=1/3 b=88 t=0 var_idx=3 tp=1.000333 y_true=0.223487 y_pred=0.223602 diff=0.000115 abs_err=0.000115
INFO | TOP_BEST | split=test epoch=14 rank=2/3 b=37 t=6 var_idx=2 tp=1.024333 y_true=-0.173762 y_pred=-0.173879 diff=-0.000117 abs_err=0.000117
INFO | TOP_BEST | split=test epoch=14 rank=3/3 b=233 t=0 var_idx=2 tp=1.001667 y_true=-0.173762 y_pred=-0.173897 diff=-0.000134 abs_err=0.000134
INFO | TOP_OK | split=test epoch=14 none_found (no exact matches)
INFO | [CH_INFLUENCE] TEST per-channel masked error ranked by MAE (epoch=14)
INFO | [CH_INFLUENCE] rank=1/5 ch=0 n=8076 mae=0.434944 rmse=1.028974 mse=1.058788
INFO | [CH_INFLUENCE] rank=2/5 ch=3 n=7800 mae=0.405473 rmse=0.509600 mse=0.259692
INFO | [CH_INFLUENCE] rank=3/5 ch=4 n=7775 mae=0.367339 rmse=0.471012 mse=0.221852
INFO | [CH_INFLUENCE] rank=4/5 ch=1 n=7852 mae=0.203305 rmse=0.909731 mse=0.827611
INFO | [CH_INFLUENCE] rank=5/5 ch=2 n=7640 mae=0.131139 rmse=0.467488 mse=0.218545
INFO | TOP_ERR | split=test epoch=16 rank=1/10 b=25 t=3 var_idx=0 tp=1.008333 y_true=10.830914 y_pred=0.047844 diff=-10.783070 abs_err=10.783070
INFO | TOP_ERR | split=test epoch=16 rank=2/10 b=199 t=3 var_idx=0 tp=1.013333 y_true=6.511257 y_pred=-0.022713 diff=-6.533970 abs_err=6.533970
INFO | TOP_ERR | split=test epoch=16 rank=3/10 b=121 t=0 var_idx=1 tp=1.001333 y_true=6.881000 y_pred=1.213248 diff=-5.667752 abs_err=5.667752
INFO | TOP_ERR | split=test epoch=16 rank=4/10 b=120 t=0 var_idx=2 tp=1.008000 y_true=0.084129 y_pred=5.240823 diff=5.156694 abs_err=5.156694
INFO | TOP_ERR | split=test epoch=16 rank=5/10 b=96 t=6 var_idx=2 tp=1.035000 y_true=6.015623 y_pred=0.891454 diff=-5.124169 abs_err=5.124169
INFO | TOP_ERR | split=test epoch=16 rank=6/10 b=154 t=7 var_idx=0 tp=1.035333 y_true=4.823892 y_pred=-0.065517 diff=-4.889408 abs_err=4.889408
INFO | TOP_ERR | split=test epoch=16 rank=7/10 b=62 t=4 var_idx=0 tp=1.020667 y_true=4.385177 y_pred=-0.164074 diff=-4.549250 abs_err=4.549250
INFO | TOP_ERR | split=test epoch=16 rank=8/10 b=41 t=0 var_idx=0 tp=1.000667 y_true=4.081450 y_pred=0.008181 diff=-4.073269 abs_err=4.073269
INFO | TOP_ERR | split=test epoch=16 rank=9/10 b=46 t=5 var_idx=0 tp=1.027333 y_true=3.878967 y_pred=0.053843 diff=-3.825124 abs_err=3.825124
INFO | TOP_ERR | split=test epoch=16 rank=10/10 b=44 t=5 var_idx=0 tp=1.036667 y_true=3.608988 y_pred=-0.000101 diff=-3.609089 abs_err=3.609089
INFO | TOP_BEST | split=test epoch=16 rank=1/3 b=217 t=10 var_idx=2 tp=1.035333 y_true=-0.173762 y_pred=-0.173754 diff=0.000009 abs_err=0.000009
INFO | TOP_BEST | split=test epoch=16 rank=2/3 b=165 t=3 var_idx=1 tp=1.018000 y_true=-0.127970 y_pred=-0.128006 diff=-0.000035 abs_err=0.000035
INFO | TOP_BEST | split=test epoch=16 rank=3/3 b=71 t=12 var_idx=2 tp=1.029667 y_true=-0.173762 y_pred=-0.173804 diff=-0.000042 abs_err=0.000042
INFO | TOP_OK | split=test epoch=16 none_found (no exact matches)
INFO | [CH_INFLUENCE] TEST per-channel masked error ranked by MAE (epoch=16)
INFO | [CH_INFLUENCE] rank=1/5 ch=0 n=8076 mae=0.432932 rmse=1.030111 mse=1.061128
INFO | [CH_INFLUENCE] rank=2/5 ch=3 n=7800 mae=0.400072 rmse=0.505661 mse=0.255693
INFO | [CH_INFLUENCE] rank=3/5 ch=4 n=7775 mae=0.364645 rmse=0.468758 mse=0.219734
INFO | [CH_INFLUENCE] rank=4/5 ch=1 n=7852 mae=0.218045 rmse=0.913383 mse=0.834268
INFO | [CH_INFLUENCE] rank=5/5 ch=2 n=7640 mae=0.131889 rmse=0.481143 mse=0.231499
INFO | TOP_ERR | split=test epoch=17 rank=1/10 b=25 t=3 var_idx=0 tp=1.008333 y_true=10.830914 y_pred=0.045939 diff=-10.784974 abs_err=10.784974
INFO | TOP_ERR | split=test epoch=17 rank=2/10 b=199 t=3 var_idx=0 tp=1.013333 y_true=6.511257 y_pred=-0.026363 diff=-6.537620 abs_err=6.537620
INFO | TOP_ERR | split=test epoch=17 rank=3/10 b=121 t=0 var_idx=1 tp=1.001333 y_true=6.881000 y_pred=0.604272 diff=-6.276728 abs_err=6.276728
INFO | TOP_ERR | split=test epoch=17 rank=4/10 b=96 t=6 var_idx=2 tp=1.035000 y_true=6.015623 y_pred=0.580708 diff=-5.434915 abs_err=5.434915
INFO | TOP_ERR | split=test epoch=17 rank=5/10 b=120 t=0 var_idx=2 tp=1.008000 y_true=0.084129 y_pred=5.050005 diff=4.965876 abs_err=4.965877
INFO | TOP_ERR | split=test epoch=17 rank=6/10 b=154 t=7 var_idx=0 tp=1.035333 y_true=4.823892 y_pred=-0.015493 diff=-4.839384 abs_err=4.839385
INFO | TOP_ERR | split=test epoch=17 rank=7/10 b=62 t=4 var_idx=0 tp=1.020667 y_true=4.385177 y_pred=-0.100740 diff=-4.485917 abs_err=4.485917
INFO | TOP_ERR | split=test epoch=17 rank=8/10 b=143 t=7 var_idx=1 tp=1.025667 y_true=5.128757 y_pred=0.737512 diff=-4.391245 abs_err=4.391245
INFO | TOP_ERR | split=test epoch=17 rank=9/10 b=41 t=0 var_idx=0 tp=1.000667 y_true=4.081450 y_pred=-0.002547 diff=-4.083998 abs_err=4.083998
INFO | TOP_ERR | split=test epoch=17 rank=10/10 b=46 t=5 var_idx=0 tp=1.027333 y_true=3.878967 y_pred=0.018808 diff=-3.860158 abs_err=3.860158
INFO | TOP_BEST | split=test epoch=17 rank=1/3 b=237 t=0 var_idx=2 tp=1.011000 y_true=-0.173762 y_pred=-0.173743 diff=0.000019 abs_err=0.000019
INFO | TOP_BEST | split=test epoch=17 rank=2/3 b=245 t=7 var_idx=2 tp=1.021667 y_true=-0.173762 y_pred=-0.173885 diff=-0.000123 abs_err=0.000123
INFO | TOP_BEST | split=test epoch=17 rank=3/3 b=223 t=8 var_idx=3 tp=1.030333 y_true=1.369238 y_pred=1.369395 diff=0.000157 abs_err=0.000157
INFO | TOP_OK | split=test epoch=17 none_found (no exact matches)
INFO | [CH_INFLUENCE] TEST per-channel masked error ranked by MAE (epoch=17)
INFO | [CH_INFLUENCE] rank=1/5 ch=0 n=8076 mae=0.450468 rmse=1.028874 mse=1.058582
INFO | [CH_INFLUENCE] rank=2/5 ch=3 n=7800 mae=0.397140 rmse=0.504445 mse=0.254465
INFO | [CH_INFLUENCE] rank=3/5 ch=4 n=7775 mae=0.364487 rmse=0.469262 mse=0.220207
INFO | [CH_INFLUENCE] rank=4/5 ch=1 n=7852 mae=0.200307 rmse=0.905761 mse=0.820403
INFO | [CH_INFLUENCE] rank=5/5 ch=2 n=7640 mae=0.136101 rmse=0.484803 mse=0.235034
