/home/ouass/Test/MSP-IMTS/tPatchGNN/run_models.py
2026-03-08 17:26:56
run_models.py --dataset physionet --history 24 --quantization 1.0 --hid_dim 64 --te_dim 10 --node_dim 10 --nlayer 1 --tf_layer 1 --nhead 1 --batch_size 32 --lr 1e-3 --patience 25 --epoch 600 --seed 1 --gpu 0 --metric per_dim --multi_scales 4,8 --multi_strides 4,8 --fusion concat
Namespace(multi_scales='4,8', multi_strides='4,8', fusion='concat', state='def', n=100000000, hop=1, nhead=1, tf_layer=1, nlayer=1, epoch=600, patience=25, history=24, patch_size=24, stride=24, logmode='a', lr=0.001, w_decay=0.0, batch_size=32, save='experiments/', load=None, seed=1, dataset='physionet', quantization=1.0, model='tPatchGNN', outlayer='Linear', hid_dim=64, te_dim=10, node_dim=10, gpu='0', metric='per_dim', npatch=1, device=device(type='cuda'), PID=1955439, ndim=41)
- Epoch 000, ExpID 65084
Train - Loss (one batch): 0.00716
Val - Loss, MSE, RMSE, MAE, MAPE: 0.00761, 0.00761, 0.08723, 0.05308, 162.99%
Test - Best epoch, Loss, MSE, RMSE, MAE, MAPE: 0, 0.00892, 0.00892, 0.09445, 0.05390, 148.47%
Time spent: 7.36s
- Epoch 001, ExpID 65084
Train - Loss (one batch): 0.00450
Val - Loss, MSE, RMSE, MAE, MAPE: 0.00704, 0.00704, 0.08390, 0.05021, 121.71%
Test - Best epoch, Loss, MSE, RMSE, MAE, MAPE: 1, 0.00819, 0.00819, 0.09050, 0.05016, 107.74%
Time spent: 7.32s
- Epoch 002, ExpID 65084
Train - Loss (one batch): 0.00727
Val - Loss, MSE, RMSE, MAE, MAPE: 0.00602, 0.00602, 0.07756, 0.04452, 89.48%
Test - Best epoch, Loss, MSE, RMSE, MAE, MAPE: 2, 0.00725, 0.00725, 0.08514, 0.04409, 73.89%
Time spent: 7.32s
- Epoch 003, ExpID 65084
Train - Loss (one batch): 0.00482
Val - Loss, MSE, RMSE, MAE, MAPE: 0.00566, 0.00566, 0.07521, 0.04127, 107.78%
Test - Best epoch, Loss, MSE, RMSE, MAE, MAPE: 3, 0.00689, 0.00689, 0.08301, 0.04120, 90.60%
Time spent: 7.32s
- Epoch 004, ExpID 65084
Train - Loss (one batch): 0.00454
Val - Loss, MSE, RMSE, MAE, MAPE: 0.00558, 0.00558, 0.07469, 0.03987, 64.31%
Test - Best epoch, Loss, MSE, RMSE, MAE, MAPE: 4, 0.00687, 0.00687, 0.08288, 0.04034, 57.07%
Time spent: 7.31s
- Epoch 005, ExpID 65084
Train - Loss (one batch): 0.00702
Val - Loss, MSE, RMSE, MAE, MAPE: 0.00562, 0.00562, 0.07495, 0.04107, 94.13%
Test - Best epoch, Loss, MSE, RMSE, MAE, MAPE: 4, 0.00687, 0.00687, 0.08288, 0.04034, 57.07%
Time spent: 6.42s
- Epoch 006, ExpID 65084
Train - Loss (one batch): 0.00366
Val - Loss, MSE, RMSE, MAE, MAPE: 0.00619, 0.00619, 0.07866, 0.04445, 80.57%
Test - Best epoch, Loss, MSE, RMSE, MAE, MAPE: 4, 0.00687, 0.00687, 0.08288, 0.04034, 57.07%
Time spent: 6.40s
- Epoch 007, ExpID 65084
Train - Loss (one batch): 0.00459
Val - Loss, MSE, RMSE, MAE, MAPE: 0.00564, 0.00564, 0.07507, 0.04125, 147.70%
Test - Best epoch, Loss, MSE, RMSE, MAE, MAPE: 4, 0.00687, 0.00687, 0.08288, 0.04034, 57.07%
Time spent: 6.40s
- Epoch 008, ExpID 65084
Train - Loss (one batch): 0.00396
Val - Loss, MSE, RMSE, MAE, MAPE: 0.00525, 0.00525, 0.07244, 0.03833, 54.43%
Test - Best epoch, Loss, MSE, RMSE, MAE, MAPE: 8, 0.00656, 0.00656, 0.08099, 0.03844, 47.28%
Time spent: 7.31s
- Epoch 009, ExpID 65084
Train - Loss (one batch): 0.00398
Val - Loss, MSE, RMSE, MAE, MAPE: 0.00568, 0.00568, 0.07538, 0.04048, 99.23%
Test - Best epoch, Loss, MSE, RMSE, MAE, MAPE: 8, 0.00656, 0.00656, 0.08099, 0.03844, 47.28%
Time spent: 6.40s
- Epoch 010, ExpID 65084
Train - Loss (one batch): 0.00377
Val - Loss, MSE, RMSE, MAE, MAPE: 0.00547, 0.00547, 0.07394, 0.04099, 91.52%
Test - Best epoch, Loss, MSE, RMSE, MAE, MAPE: 8, 0.00656, 0.00656, 0.08099, 0.03844, 47.28%
Time spent: 6.42s
- Epoch 011, ExpID 65084
Train - Loss (one batch): 0.00491
Val - Loss, MSE, RMSE, MAE, MAPE: 0.00537, 0.00537, 0.07327, 0.03937, 53.09%
Test - Best epoch, Loss, MSE, RMSE, MAE, MAPE: 8, 0.00656, 0.00656, 0.08099, 0.03844, 47.28%
Time spent: 6.41s
- Epoch 012, ExpID 65084
Train - Loss (one batch): 0.00380
Val - Loss, MSE, RMSE, MAE, MAPE: 0.00597, 0.00597, 0.07726, 0.04298, 82.30%
Test - Best epoch, Loss, MSE, RMSE, MAE, MAPE: 8, 0.00656, 0.00656, 0.08099, 0.03844, 47.28%
Time spent: 6.41s
- Epoch 013, ExpID 65084
Train - Loss (one batch): 0.00355
Val - Loss, MSE, RMSE, MAE, MAPE: 0.00549, 0.00549, 0.07407, 0.04174, 67.48%
Test - Best epoch, Loss, MSE, RMSE, MAE, MAPE: 8, 0.00656, 0.00656, 0.08099, 0.03844, 47.28%
Time spent: 6.41s
- Epoch 014, ExpID 65084
Train - Loss (one batch): 0.00427
Val - Loss, MSE, RMSE, MAE, MAPE: 0.00541, 0.00541, 0.07354, 0.03953, 54.59%
Test - Best epoch, Loss, MSE, RMSE, MAE, MAPE: 8, 0.00656, 0.00656, 0.08099, 0.03844, 47.28%
Time spent: 6.41s
- Epoch 015, ExpID 65084
Train - Loss (one batch): 0.00620
Val - Loss, MSE, RMSE, MAE, MAPE: 0.00516, 0.00516, 0.07185, 0.03885, 63.24%
Test - Best epoch, Loss, MSE, RMSE, MAE, MAPE: 15, 0.00645, 0.00645, 0.08034, 0.03896, 58.34%
Time spent: 7.29s
- Epoch 016, ExpID 65084
Train - Loss (one batch): 0.00563
Val - Loss, MSE, RMSE, MAE, MAPE: 0.00582, 0.00582, 0.07631, 0.04232, 124.69%
Test - Best epoch, Loss, MSE, RMSE, MAE, MAPE: 15, 0.00645, 0.00645, 0.08034, 0.03896, 58.34%
Time spent: 6.41s
- Epoch 017, ExpID 65084
Train - Loss (one batch): 0.00634
Val - Loss, MSE, RMSE, MAE, MAPE: 0.00539, 0.00539, 0.07341, 0.04042, 64.91%
Test - Best epoch, Loss, MSE, RMSE, MAE, MAPE: 15, 0.00645, 0.00645, 0.08034, 0.03896, 58.34%
Time spent: 6.41s
- Epoch 018, ExpID 65084
Train - Loss (one batch): 0.00371
Val - Loss, MSE, RMSE, MAE, MAPE: 0.00544, 0.00544, 0.07374, 0.04111, 85.66%
Test - Best epoch, Loss, MSE, RMSE, MAE, MAPE: 15, 0.00645, 0.00645, 0.08034, 0.03896, 58.34%
Time spent: 6.39s
- Epoch 019, ExpID 65084
Train - Loss (one batch): 0.00568
Val - Loss, MSE, RMSE, MAE, MAPE: 0.00557, 0.00557, 0.07461, 0.04046, 100.60%
Test - Best epoch, Loss, MSE, RMSE, MAE, MAPE: 15, 0.00645, 0.00645, 0.08034, 0.03896, 58.34%
Time spent: 6.39s
- Epoch 020, ExpID 65084
Train - Loss (one batch): 0.00436
Val - Loss, MSE, RMSE, MAE, MAPE: 0.00543, 0.00543, 0.07372, 0.03916, 57.63%
Test - Best epoch, Loss, MSE, RMSE, MAE, MAPE: 15, 0.00645, 0.00645, 0.08034, 0.03896, 58.34%
Time spent: 6.40s
- Epoch 021, ExpID 65084
Train - Loss (one batch): 0.00316
Val - Loss, MSE, RMSE, MAE, MAPE: 0.00523, 0.00523, 0.07232, 0.03876, 95.49%
Test - Best epoch, Loss, MSE, RMSE, MAE, MAPE: 15, 0.00645, 0.00645, 0.08034, 0.03896, 58.34%
Time spent: 6.39s
- Epoch 022, ExpID 65084
Train - Loss (one batch): 0.00629
Val - Loss, MSE, RMSE, MAE, MAPE: 0.00525, 0.00525, 0.07249, 0.03827, 90.09%
Test - Best epoch, Loss, MSE, RMSE, MAE, MAPE: 15, 0.00645, 0.00645, 0.08034, 0.03896, 58.34%
Time spent: 6.41s
- Epoch 023, ExpID 65084
Train - Loss (one batch): 0.00372
Val - Loss, MSE, RMSE, MAE, MAPE: 0.00525, 0.00525, 0.07244, 0.03882, 96.35%
Test - Best epoch, Loss, MSE, RMSE, MAE, MAPE: 15, 0.00645, 0.00645, 0.08034, 0.03896, 58.34%
Time spent: 6.41s
- Epoch 024, ExpID 65084
Train - Loss (one batch): 0.00447
Val - Loss, MSE, RMSE, MAE, MAPE: 0.00534, 0.00534, 0.07309, 0.04053, 53.05%
Test - Best epoch, Loss, MSE, RMSE, MAE, MAPE: 15, 0.00645, 0.00645, 0.08034, 0.03896, 58.34%
Time spent: 6.41s
- Epoch 025, ExpID 65084
Train - Loss (one batch): 0.00438
Val - Loss, MSE, RMSE, MAE, MAPE: 0.00580, 0.00580, 0.07614, 0.04210, 55.43%
Test - Best epoch, Loss, MSE, RMSE, MAE, MAPE: 15, 0.00645, 0.00645, 0.08034, 0.03896, 58.34%
Time spent: 6.41s
- Epoch 026, ExpID 65084
Train - Loss (one batch): 0.00440
Val - Loss, MSE, RMSE, MAE, MAPE: 0.00527, 0.00527, 0.07262, 0.03806, 67.54%
Test - Best epoch, Loss, MSE, RMSE, MAE, MAPE: 15, 0.00645, 0.00645, 0.08034, 0.03896, 58.34%
Time spent: 6.41s
- Epoch 027, ExpID 65084
Train - Loss (one batch): 0.00675
Val - Loss, MSE, RMSE, MAE, MAPE: 0.00526, 0.00526, 0.07250, 0.03905, 112.71%
Test - Best epoch, Loss, MSE, RMSE, MAE, MAPE: 15, 0.00645, 0.00645, 0.08034, 0.03896, 58.34%
Time spent: 6.41s
- Epoch 028, ExpID 65084
Train - Loss (one batch): 0.00426
Val - Loss, MSE, RMSE, MAE, MAPE: 0.00538, 0.00538, 0.07333, 0.03999, 129.70%
Test - Best epoch, Loss, MSE, RMSE, MAE, MAPE: 15, 0.00645, 0.00645, 0.08034, 0.03896, 58.34%
Time spent: 6.40s
- Epoch 029, ExpID 65084
Train - Loss (one batch): 0.00682
Val - Loss, MSE, RMSE, MAE, MAPE: 0.00583, 0.00583, 0.07634, 0.04154, 130.92%
Test - Best epoch, Loss, MSE, RMSE, MAE, MAPE: 15, 0.00645, 0.00645, 0.08034, 0.03896, 58.34%
Time spent: 6.41s
- Epoch 030, ExpID 65084
Train - Loss (one batch): 0.00495
Val - Loss, MSE, RMSE, MAE, MAPE: 0.00536, 0.00536, 0.07319, 0.04003, 62.75%
Test - Best epoch, Loss, MSE, RMSE, MAE, MAPE: 15, 0.00645, 0.00645, 0.08034, 0.03896, 58.34%
Time spent: 6.43s
- Epoch 031, ExpID 65084
Train - Loss (one batch): 0.00346
Val - Loss, MSE, RMSE, MAE, MAPE: 0.00530, 0.00530, 0.07283, 0.03865, 80.95%
Test - Best epoch, Loss, MSE, RMSE, MAE, MAPE: 15, 0.00645, 0.00645, 0.08034, 0.03896, 58.34%
Time spent: 6.41s
- Epoch 032, ExpID 65084
Train - Loss (one batch): 0.00302
Val - Loss, MSE, RMSE, MAE, MAPE: 0.00525, 0.00525, 0.07248, 0.03806, 59.24%
Test - Best epoch, Loss, MSE, RMSE, MAE, MAPE: 15, 0.00645, 0.00645, 0.08034, 0.03896, 58.34%
Time spent: 6.40s
- Epoch 033, ExpID 65084
Train - Loss (one batch): 0.00432
Val - Loss, MSE, RMSE, MAE, MAPE: 0.00522, 0.00522, 0.07227, 0.03980, 85.03%
Test - Best epoch, Loss, MSE, RMSE, MAE, MAPE: 15, 0.00645, 0.00645, 0.08034, 0.03896, 58.34%
Time spent: 6.41s
- Epoch 034, ExpID 65084
Train - Loss (one batch): 0.00378
Val - Loss, MSE, RMSE, MAE, MAPE: 0.00532, 0.00532, 0.07292, 0.04041, 59.42%
Test - Best epoch, Loss, MSE, RMSE, MAE, MAPE: 15, 0.00645, 0.00645, 0.08034, 0.03896, 58.34%
Time spent: 6.41s
- Epoch 035, ExpID 65084
Train - Loss (one batch): 0.00364
Val - Loss, MSE, RMSE, MAE, MAPE: 0.00544, 0.00544, 0.07378, 0.04175, 89.62%
Test - Best epoch, Loss, MSE, RMSE, MAE, MAPE: 15, 0.00645, 0.00645, 0.08034, 0.03896, 58.34%
Time spent: 6.41s
- Epoch 036, ExpID 65084
Train - Loss (one batch): 0.00323
Val - Loss, MSE, RMSE, MAE, MAPE: 0.00539, 0.00539, 0.07343, 0.04219, 116.91%
Test - Best epoch, Loss, MSE, RMSE, MAE, MAPE: 15, 0.00645, 0.00645, 0.08034, 0.03896, 58.34%
Time spent: 6.41s
- Epoch 037, ExpID 65084
Train - Loss (one batch): 0.00381
Val - Loss, MSE, RMSE, MAE, MAPE: 0.00550, 0.00550, 0.07415, 0.04101, 105.45%
Test - Best epoch, Loss, MSE, RMSE, MAE, MAPE: 15, 0.00645, 0.00645, 0.08034, 0.03896, 58.34%
Time spent: 6.40s
- Epoch 038, ExpID 65084
Train - Loss (one batch): 0.00559
Val - Loss, MSE, RMSE, MAE, MAPE: 0.00525, 0.00525, 0.07246, 0.03887, 61.02%
Test - Best epoch, Loss, MSE, RMSE, MAE, MAPE: 15, 0.00645, 0.00645, 0.08034, 0.03896, 58.34%
Time spent: 6.40s
- Epoch 039, ExpID 65084
Train - Loss (one batch): 0.00385
Val - Loss, MSE, RMSE, MAE, MAPE: 0.00528, 0.00528, 0.07263, 0.04049, 60.90%
Test - Best epoch, Loss, MSE, RMSE, MAE, MAPE: 15, 0.00645, 0.00645, 0.08034, 0.03896, 58.34%
Time spent: 6.41s
- Epoch 040, ExpID 65084
Train - Loss (one batch): 0.00500
Val - Loss, MSE, RMSE, MAE, MAPE: 0.00544, 0.00544, 0.07378, 0.04379, 133.91%
Test - Best epoch, Loss, MSE, RMSE, MAE, MAPE: 15, 0.00645, 0.00645, 0.08034, 0.03896, 58.34%
Time spent: 6.39s
/home/ouass/Test/MSP-IMTS/tPatchGNN/run_models.py
2026-03-08 17:31:49
run_models.py --dataset physionet --history 24 --quantization 1.0 --hid_dim 64 --te_dim 10 --node_dim 10 --nlayer 1 --tf_layer 1 --nhead 1 --batch_size 32 --lr 1e-3 --patience 25 --epoch 600 --seed 2 --gpu 0 --metric per_dim --multi_scales 4,8 --multi_strides 4,8 --fusion concat
Namespace(multi_scales='4,8', multi_strides='4,8', fusion='concat', state='def', n=100000000, hop=1, nhead=1, tf_layer=1, nlayer=1, epoch=600, patience=25, history=24, patch_size=24, stride=24, logmode='a', lr=0.001, w_decay=0.0, batch_size=32, save='experiments/', load=None, seed=2, dataset='physionet', quantization=1.0, model='tPatchGNN', outlayer='Linear', hid_dim=64, te_dim=10, node_dim=10, gpu='0', metric='per_dim', npatch=1, device=device(type='cuda'), PID=1955589, ndim=41)
- Epoch 000, ExpID 73314
Train - Loss (one batch): 0.00576
Val - Loss, MSE, RMSE, MAE, MAPE: 0.00789, 0.00789, 0.08881, 0.05430, 151.92%
Test - Best epoch, Loss, MSE, RMSE, MAE, MAPE: 0, 0.00946, 0.00946, 0.09726, 0.05453, 138.06%
Time spent: 7.37s
- Epoch 001, ExpID 73314
Train - Loss (one batch): 0.00698
Val - Loss, MSE, RMSE, MAE, MAPE: 0.00621, 0.00621, 0.07877, 0.04577, 86.97%
Test - Best epoch, Loss, MSE, RMSE, MAE, MAPE: 1, 0.00761, 0.00761, 0.08725, 0.04584, 75.41%
Time spent: 7.33s
- Epoch 002, ExpID 73314
Train - Loss (one batch): 0.00399
Val - Loss, MSE, RMSE, MAE, MAPE: 0.00602, 0.00602, 0.07758, 0.04549, 98.93%
Test - Best epoch, Loss, MSE, RMSE, MAE, MAPE: 2, 0.00752, 0.00752, 0.08673, 0.04603, 87.51%
Time spent: 7.33s
- Epoch 003, ExpID 73314
Train - Loss (one batch): 0.00733
Val - Loss, MSE, RMSE, MAE, MAPE: 0.00625, 0.00625, 0.07905, 0.04757, 123.81%
Test - Best epoch, Loss, MSE, RMSE, MAE, MAPE: 2, 0.00752, 0.00752, 0.08673, 0.04603, 87.51%
Time spent: 6.42s
- Epoch 004, ExpID 73314
Train - Loss (one batch): 0.00389
Val - Loss, MSE, RMSE, MAE, MAPE: 0.00591, 0.00591, 0.07686, 0.04559, 127.30%
Test - Best epoch, Loss, MSE, RMSE, MAE, MAPE: 4, 0.00742, 0.00742, 0.08613, 0.04564, 112.13%
Time spent: 7.33s
- Epoch 005, ExpID 73314
Train - Loss (one batch): 0.00494
Val - Loss, MSE, RMSE, MAE, MAPE: 0.00580, 0.00580, 0.07615, 0.04455, 72.33%
Test - Best epoch, Loss, MSE, RMSE, MAE, MAPE: 5, 0.00727, 0.00727, 0.08524, 0.04515, 62.27%
Time spent: 7.32s
- Epoch 006, ExpID 73314
Train - Loss (one batch): 0.00624
Val - Loss, MSE, RMSE, MAE, MAPE: 0.00576, 0.00576, 0.07587, 0.04537, 118.30%
Test - Best epoch, Loss, MSE, RMSE, MAE, MAPE: 6, 0.00718, 0.00718, 0.08473, 0.04557, 104.30%
Time spent: 7.32s
- Epoch 007, ExpID 73314
Train - Loss (one batch): 0.00377
Val - Loss, MSE, RMSE, MAE, MAPE: 0.00528, 0.00528, 0.07265, 0.03940, 78.92%
Test - Best epoch, Loss, MSE, RMSE, MAE, MAPE: 7, 0.00668, 0.00668, 0.08176, 0.03987, 66.17%
Time spent: 7.34s
- Epoch 008, ExpID 73314
Train - Loss (one batch): 0.00531
Val - Loss, MSE, RMSE, MAE, MAPE: 0.00519, 0.00519, 0.07205, 0.03932, 96.46%
Test - Best epoch, Loss, MSE, RMSE, MAE, MAPE: 8, 0.00663, 0.00663, 0.08143, 0.03938, 83.92%
Time spent: 7.32s
- Epoch 009, ExpID 73314
Train - Loss (one batch): 0.00589
Val - Loss, MSE, RMSE, MAE, MAPE: 0.00527, 0.00527, 0.07257, 0.04017, 113.38%
Test - Best epoch, Loss, MSE, RMSE, MAE, MAPE: 8, 0.00663, 0.00663, 0.08143, 0.03938, 83.92%
Time spent: 6.43s
- Epoch 010, ExpID 73314
Train - Loss (one batch): 0.00331
Val - Loss, MSE, RMSE, MAE, MAPE: 0.00543, 0.00543, 0.07372, 0.04101, 117.51%
Test - Best epoch, Loss, MSE, RMSE, MAE, MAPE: 8, 0.00663, 0.00663, 0.08143, 0.03938, 83.92%
Time spent: 6.40s
- Epoch 011, ExpID 73314
Train - Loss (one batch): 0.00502
Val - Loss, MSE, RMSE, MAE, MAPE: 0.00517, 0.00517, 0.07189, 0.03952, 52.34%
Test - Best epoch, Loss, MSE, RMSE, MAE, MAPE: 11, 0.00662, 0.00662, 0.08137, 0.04002, 48.40%
Time spent: 7.31s
- Epoch 012, ExpID 73314
Train - Loss (one batch): 0.00850
Val - Loss, MSE, RMSE, MAE, MAPE: 0.00550, 0.00550, 0.07419, 0.04081, 68.20%
Test - Best epoch, Loss, MSE, RMSE, MAE, MAPE: 11, 0.00662, 0.00662, 0.08137, 0.04002, 48.40%
Time spent: 6.42s
- Epoch 013, ExpID 73314
Train - Loss (one batch): 0.00455
Val - Loss, MSE, RMSE, MAE, MAPE: 0.00586, 0.00586, 0.07654, 0.04390, 188.86%
Test - Best epoch, Loss, MSE, RMSE, MAE, MAPE: 11, 0.00662, 0.00662, 0.08137, 0.04002, 48.40%
Time spent: 6.42s
- Epoch 014, ExpID 73314
Train - Loss (one batch): 0.00411
Val - Loss, MSE, RMSE, MAE, MAPE: 0.00534, 0.00534, 0.07310, 0.03975, 80.22%
Test - Best epoch, Loss, MSE, RMSE, MAE, MAPE: 11, 0.00662, 0.00662, 0.08137, 0.04002, 48.40%
Time spent: 6.42s
- Epoch 015, ExpID 73314
Train - Loss (one batch): 0.00432
Val - Loss, MSE, RMSE, MAE, MAPE: 0.00607, 0.00607, 0.07791, 0.04472, 162.69%
Test - Best epoch, Loss, MSE, RMSE, MAE, MAPE: 11, 0.00662, 0.00662, 0.08137, 0.04002, 48.40%
Time spent: 6.42s
- Epoch 016, ExpID 73314
Train - Loss (one batch): 0.00826
Val - Loss, MSE, RMSE, MAE, MAPE: 0.00557, 0.00557, 0.07463, 0.04135, 149.55%
Test - Best epoch, Loss, MSE, RMSE, MAE, MAPE: 11, 0.00662, 0.00662, 0.08137, 0.04002, 48.40%
Time spent: 6.43s
- Epoch 017, ExpID 73314
Train - Loss (one batch): 0.00469
Val - Loss, MSE, RMSE, MAE, MAPE: 0.00519, 0.00519, 0.07203, 0.03946, 67.55%
Test - Best epoch, Loss, MSE, RMSE, MAE, MAPE: 11, 0.00662, 0.00662, 0.08137, 0.04002, 48.40%
Time spent: 6.43s
- Epoch 018, ExpID 73314
Train - Loss (one batch): 0.00503
Val - Loss, MSE, RMSE, MAE, MAPE: 0.00551, 0.00551, 0.07424, 0.04099, 152.00%
Test - Best epoch, Loss, MSE, RMSE, MAE, MAPE: 11, 0.00662, 0.00662, 0.08137, 0.04002, 48.40%
Time spent: 6.42s
- Epoch 019, ExpID 73314
Train - Loss (one batch): 0.00342
Val - Loss, MSE, RMSE, MAE, MAPE: 0.00560, 0.00560, 0.07481, 0.04201, 114.56%
Test - Best epoch, Loss, MSE, RMSE, MAE, MAPE: 11, 0.00662, 0.00662, 0.08137, 0.04002, 48.40%
Time spent: 6.42s
- Epoch 020, ExpID 73314
Train - Loss (one batch): 0.00428
Val - Loss, MSE, RMSE, MAE, MAPE: 0.00548, 0.00548, 0.07406, 0.04380, 109.46%
Test - Best epoch, Loss, MSE, RMSE, MAE, MAPE: 11, 0.00662, 0.00662, 0.08137, 0.04002, 48.40%
Time spent: 6.42s
- Epoch 021, ExpID 73314
Train - Loss (one batch): 0.00733
Val - Loss, MSE, RMSE, MAE, MAPE: 0.00562, 0.00562, 0.07494, 0.04137, 107.50%
Test - Best epoch, Loss, MSE, RMSE, MAE, MAPE: 11, 0.00662, 0.00662, 0.08137, 0.04002, 48.40%
Time spent: 6.42s
- Epoch 022, ExpID 73314
Train - Loss (one batch): 0.01815
Val - Loss, MSE, RMSE, MAE, MAPE: 0.00549, 0.00549, 0.07413, 0.04077, 137.99%
Test - Best epoch, Loss, MSE, RMSE, MAE, MAPE: 11, 0.00662, 0.00662, 0.08137, 0.04002, 48.40%
Time spent: 6.42s
- Epoch 023, ExpID 73314
Train - Loss (one batch): 0.00384
Val - Loss, MSE, RMSE, MAE, MAPE: 0.00524, 0.00524, 0.07240, 0.03921, 85.50%
Test - Best epoch, Loss, MSE, RMSE, MAE, MAPE: 11, 0.00662, 0.00662, 0.08137, 0.04002, 48.40%
Time spent: 6.43s
- Epoch 024, ExpID 73314
Train - Loss (one batch): 0.00318
Val - Loss, MSE, RMSE, MAE, MAPE: 0.00522, 0.00522, 0.07224, 0.03963, 101.67%
Test - Best epoch, Loss, MSE, RMSE, MAE, MAPE: 11, 0.00662, 0.00662, 0.08137, 0.04002, 48.40%
Time spent: 6.42s
- Epoch 025, ExpID 73314
Train - Loss (one batch): 0.00362
Val - Loss, MSE, RMSE, MAE, MAPE: 0.00527, 0.00527, 0.07257, 0.03938, 75.75%
Test - Best epoch, Loss, MSE, RMSE, MAE, MAPE: 11, 0.00662, 0.00662, 0.08137, 0.04002, 48.40%
Time spent: 6.43s
- Epoch 026, ExpID 73314
Train - Loss (one batch): 0.00492
Val - Loss, MSE, RMSE, MAE, MAPE: 0.00539, 0.00539, 0.07339, 0.03993, 88.61%
Test - Best epoch, Loss, MSE, RMSE, MAE, MAPE: 11, 0.00662, 0.00662, 0.08137, 0.04002, 48.40%
Time spent: 6.42s
- Epoch 027, ExpID 73314
Train - Loss (one batch): 0.00333
Val - Loss, MSE, RMSE, MAE, MAPE: 0.00608, 0.00608, 0.07796, 0.04444, 72.51%
Test - Best epoch, Loss, MSE, RMSE, MAE, MAPE: 11, 0.00662, 0.00662, 0.08137, 0.04002, 48.40%
Time spent: 6.43s
- Epoch 028, ExpID 73314
Train - Loss (one batch): 0.00417
Val - Loss, MSE, RMSE, MAE, MAPE: 0.00534, 0.00534, 0.07306, 0.04063, 66.02%
Test - Best epoch, Loss, MSE, RMSE, MAE, MAPE: 11, 0.00662, 0.00662, 0.08137, 0.04002, 48.40%
Time spent: 6.42s
- Epoch 029, ExpID 73314
Train - Loss (one batch): 0.00602
Val - Loss, MSE, RMSE, MAE, MAPE: 0.00545, 0.00545, 0.07383, 0.04137, 127.66%
Test - Best epoch, Loss, MSE, RMSE, MAE, MAPE: 11, 0.00662, 0.00662, 0.08137, 0.04002, 48.40%
Time spent: 6.42s
- Epoch 030, ExpID 73314
Train - Loss (one batch): 0.00301
Val - Loss, MSE, RMSE, MAE, MAPE: 0.00524, 0.00524, 0.07242, 0.03744, 58.61%
Test - Best epoch, Loss, MSE, RMSE, MAE, MAPE: 11, 0.00662, 0.00662, 0.08137, 0.04002, 48.40%
Time spent: 6.41s
- Epoch 031, ExpID 73314
Train - Loss (one batch): 0.00596
Val - Loss, MSE, RMSE, MAE, MAPE: 0.00539, 0.00539, 0.07340, 0.04037, 99.98%
Test - Best epoch, Loss, MSE, RMSE, MAE, MAPE: 11, 0.00662, 0.00662, 0.08137, 0.04002, 48.40%
Time spent: 6.43s
- Epoch 032, ExpID 73314
Train - Loss (one batch): 0.00439
Val - Loss, MSE, RMSE, MAE, MAPE: 0.00598, 0.00598, 0.07735, 0.04634, 148.42%
Test - Best epoch, Loss, MSE, RMSE, MAE, MAPE: 11, 0.00662, 0.00662, 0.08137, 0.04002, 48.40%
Time spent: 6.43s
- Epoch 033, ExpID 73314
Train - Loss (one batch): 0.00291
Val - Loss, MSE, RMSE, MAE, MAPE: 0.00531, 0.00531, 0.07284, 0.04083, 143.11%
Test - Best epoch, Loss, MSE, RMSE, MAE, MAPE: 11, 0.00662, 0.00662, 0.08137, 0.04002, 48.40%
Time spent: 6.41s
- Epoch 034, ExpID 73314
Train - Loss (one batch): 0.00593
Val - Loss, MSE, RMSE, MAE, MAPE: 0.00680, 0.00680, 0.08244, 0.05017, 125.09%
Test - Best epoch, Loss, MSE, RMSE, MAE, MAPE: 11, 0.00662, 0.00662, 0.08137, 0.04002, 48.40%
Time spent: 6.41s
- Epoch 035, ExpID 73314
Train - Loss (one batch): 0.01006
Val - Loss, MSE, RMSE, MAE, MAPE: 0.00559, 0.00559, 0.07478, 0.04220, 70.52%
Test - Best epoch, Loss, MSE, RMSE, MAE, MAPE: 11, 0.00662, 0.00662, 0.08137, 0.04002, 48.40%
Time spent: 6.42s
- Epoch 036, ExpID 73314
Train - Loss (one batch): 0.01379
Val - Loss, MSE, RMSE, MAE, MAPE: 0.00523, 0.00523, 0.07229, 0.03824, 75.91%
Test - Best epoch, Loss, MSE, RMSE, MAE, MAPE: 11, 0.00662, 0.00662, 0.08137, 0.04002, 48.40%
Time spent: 6.42s
/home/ouass/Test/MSP-IMTS/tPatchGNN/run_models.py
2026-03-08 17:36:19
run_models.py --dataset physionet --history 24 --quantization 1.0 --hid_dim 64 --te_dim 10 --node_dim 10 --nlayer 1 --tf_layer 1 --nhead 1 --batch_size 32 --lr 1e-3 --patience 25 --epoch 600 --seed 3 --gpu 0 --metric per_dim --multi_scales 4,8 --multi_strides 4,8 --fusion concat
Namespace(multi_scales='4,8', multi_strides='4,8', fusion='concat', state='def', n=100000000, hop=1, nhead=1, tf_layer=1, nlayer=1, epoch=600, patience=25, history=24, patch_size=24, stride=24, logmode='a', lr=0.001, w_decay=0.0, batch_size=32, save='experiments/', load=None, seed=3, dataset='physionet', quantization=1.0, model='tPatchGNN', outlayer='Linear', hid_dim=64, te_dim=10, node_dim=10, gpu='0', metric='per_dim', npatch=1, device=device(type='cuda'), PID=1955678, ndim=41)
- Epoch 000, ExpID 14170
Train - Loss (one batch): 0.00605
Val - Loss, MSE, RMSE, MAE, MAPE: 0.00737, 0.00737, 0.08584, 0.05269, 105.28%
Test - Best epoch, Loss, MSE, RMSE, MAE, MAPE: 0, 0.00883, 0.00883, 0.09395, 0.05245, 97.03%
Time spent: 7.34s
- Epoch 001, ExpID 14170
Train - Loss (one batch): 0.00555
Val - Loss, MSE, RMSE, MAE, MAPE: 0.00688, 0.00688, 0.08294, 0.05001, 98.14%
Test - Best epoch, Loss, MSE, RMSE, MAE, MAPE: 1, 0.00818, 0.00818, 0.09046, 0.04946, 86.31%
Time spent: 7.30s
- Epoch 002, ExpID 14170
Train - Loss (one batch): 0.00665
Val - Loss, MSE, RMSE, MAE, MAPE: 0.00643, 0.00643, 0.08018, 0.04642, 129.04%
Test - Best epoch, Loss, MSE, RMSE, MAE, MAPE: 2, 0.00768, 0.00768, 0.08761, 0.04570, 112.36%
Time spent: 7.31s
- Epoch 003, ExpID 14170
Train - Loss (one batch): 0.01293
Val - Loss, MSE, RMSE, MAE, MAPE: 0.00545, 0.00545, 0.07382, 0.04206, 105.02%
Test - Best epoch, Loss, MSE, RMSE, MAE, MAPE: 3, 0.00679, 0.00679, 0.08239, 0.04172, 93.35%
Time spent: 7.30s
- Epoch 004, ExpID 14170
Train - Loss (one batch): 0.00438
Val - Loss, MSE, RMSE, MAE, MAPE: 0.00559, 0.00559, 0.07474, 0.04217, 112.12%
Test - Best epoch, Loss, MSE, RMSE, MAE, MAPE: 3, 0.00679, 0.00679, 0.08239, 0.04172, 93.35%
Time spent: 6.40s
- Epoch 005, ExpID 14170
Train - Loss (one batch): 0.00490
Val - Loss, MSE, RMSE, MAE, MAPE: 0.00588, 0.00588, 0.07671, 0.04430, 136.98%
Test - Best epoch, Loss, MSE, RMSE, MAE, MAPE: 3, 0.00679, 0.00679, 0.08239, 0.04172, 93.35%
Time spent: 6.42s
- Epoch 006, ExpID 14170
Train - Loss (one batch): 0.00393
Val - Loss, MSE, RMSE, MAE, MAPE: 0.00594, 0.00594, 0.07705, 0.04411, 106.38%
Test - Best epoch, Loss, MSE, RMSE, MAE, MAPE: 3, 0.00679, 0.00679, 0.08239, 0.04172, 93.35%
Time spent: 6.41s
- Epoch 007, ExpID 14170
Train - Loss (one batch): 0.00506
Val - Loss, MSE, RMSE, MAE, MAPE: 0.00568, 0.00568, 0.07534, 0.04263, 69.45%
Test - Best epoch, Loss, MSE, RMSE, MAE, MAPE: 3, 0.00679, 0.00679, 0.08239, 0.04172, 93.35%
Time spent: 6.41s
- Epoch 008, ExpID 14170
Train - Loss (one batch): 0.00714
Val - Loss, MSE, RMSE, MAE, MAPE: 0.00604, 0.00604, 0.07773, 0.04609, 66.87%
Test - Best epoch, Loss, MSE, RMSE, MAE, MAPE: 3, 0.00679, 0.00679, 0.08239, 0.04172, 93.35%
Time spent: 6.41s
- Epoch 009, ExpID 14170
Train - Loss (one batch): 0.00394
Val - Loss, MSE, RMSE, MAE, MAPE: 0.00558, 0.00558, 0.07470, 0.04319, 152.71%
Test - Best epoch, Loss, MSE, RMSE, MAE, MAPE: 3, 0.00679, 0.00679, 0.08239, 0.04172, 93.35%
Time spent: 6.41s
- Epoch 010, ExpID 14170
Train - Loss (one batch): 0.00747
Val - Loss, MSE, RMSE, MAE, MAPE: 0.00537, 0.00537, 0.07327, 0.04037, 134.95%
Test - Best epoch, Loss, MSE, RMSE, MAE, MAPE: 10, 0.00654, 0.00654, 0.08085, 0.04009, 111.45%
Time spent: 7.30s
- Epoch 011, ExpID 14170
Train - Loss (one batch): 0.00490
Val - Loss, MSE, RMSE, MAE, MAPE: 0.00571, 0.00571, 0.07557, 0.04316, 87.82%
Test - Best epoch, Loss, MSE, RMSE, MAE, MAPE: 10, 0.00654, 0.00654, 0.08085, 0.04009, 111.45%
Time spent: 6.40s
- Epoch 012, ExpID 14170
Train - Loss (one batch): 0.00457
Val - Loss, MSE, RMSE, MAE, MAPE: 0.00540, 0.00540, 0.07348, 0.04089, 120.25%
Test - Best epoch, Loss, MSE, RMSE, MAE, MAPE: 10, 0.00654, 0.00654, 0.08085, 0.04009, 111.45%
Time spent: 6.41s
- Epoch 013, ExpID 14170
Train - Loss (one batch): 0.00389
Val - Loss, MSE, RMSE, MAE, MAPE: 0.00554, 0.00554, 0.07440, 0.04159, 132.49%
Test - Best epoch, Loss, MSE, RMSE, MAE, MAPE: 10, 0.00654, 0.00654, 0.08085, 0.04009, 111.45%
Time spent: 6.41s
- Epoch 014, ExpID 14170
Train - Loss (one batch): 0.00665
Val - Loss, MSE, RMSE, MAE, MAPE: 0.00517, 0.00517, 0.07189, 0.04020, 122.30%
Test - Best epoch, Loss, MSE, RMSE, MAE, MAPE: 14, 0.00648, 0.00648, 0.08050, 0.04027, 104.89%
Time spent: 7.31s
- Epoch 015, ExpID 14170
Train - Loss (one batch): 0.00340
Val - Loss, MSE, RMSE, MAE, MAPE: 0.00588, 0.00588, 0.07669, 0.04326, 92.64%
Test - Best epoch, Loss, MSE, RMSE, MAE, MAPE: 14, 0.00648, 0.00648, 0.08050, 0.04027, 104.89%
Time spent: 6.39s
- Epoch 016, ExpID 14170
Train - Loss (one batch): 0.00518
Val - Loss, MSE, RMSE, MAE, MAPE: 0.00543, 0.00543, 0.07367, 0.04145, 96.25%
Test - Best epoch, Loss, MSE, RMSE, MAE, MAPE: 14, 0.00648, 0.00648, 0.08050, 0.04027, 104.89%
Time spent: 6.39s
- Epoch 017, ExpID 14170
Train - Loss (one batch): 0.00506
Val - Loss, MSE, RMSE, MAE, MAPE: 0.00556, 0.00556, 0.07456, 0.04276, 137.58%
Test - Best epoch, Loss, MSE, RMSE, MAE, MAPE: 14, 0.00648, 0.00648, 0.08050, 0.04027, 104.89%
Time spent: 6.39s
- Epoch 018, ExpID 14170
Train - Loss (one batch): 0.00340
Val - Loss, MSE, RMSE, MAE, MAPE: 0.00600, 0.00600, 0.07746, 0.04438, 73.26%
Test - Best epoch, Loss, MSE, RMSE, MAE, MAPE: 14, 0.00648, 0.00648, 0.08050, 0.04027, 104.89%
Time spent: 6.39s
- Epoch 019, ExpID 14170
Train - Loss (one batch): 0.00479
Val - Loss, MSE, RMSE, MAE, MAPE: 0.00518, 0.00518, 0.07200, 0.03902, 62.77%
Test - Best epoch, Loss, MSE, RMSE, MAE, MAPE: 14, 0.00648, 0.00648, 0.08050, 0.04027, 104.89%
Time spent: 6.41s
- Epoch 020, ExpID 14170
Train - Loss (one batch): 0.00512
Val - Loss, MSE, RMSE, MAE, MAPE: 0.00576, 0.00576, 0.07591, 0.04321, 130.12%
Test - Best epoch, Loss, MSE, RMSE, MAE, MAPE: 14, 0.00648, 0.00648, 0.08050, 0.04027, 104.89%
Time spent: 6.42s
- Epoch 021, ExpID 14170
Train - Loss (one batch): 0.00466
Val - Loss, MSE, RMSE, MAE, MAPE: 0.00543, 0.00543, 0.07366, 0.03956, 84.32%
Test - Best epoch, Loss, MSE, RMSE, MAE, MAPE: 14, 0.00648, 0.00648, 0.08050, 0.04027, 104.89%
Time spent: 6.41s
- Epoch 022, ExpID 14170
Train - Loss (one batch): 0.00464
Val - Loss, MSE, RMSE, MAE, MAPE: 0.00551, 0.00551, 0.07421, 0.04109, 104.19%
Test - Best epoch, Loss, MSE, RMSE, MAE, MAPE: 14, 0.00648, 0.00648, 0.08050, 0.04027, 104.89%
Time spent: 6.41s
- Epoch 023, ExpID 14170
Train - Loss (one batch): 0.00379
Val - Loss, MSE, RMSE, MAE, MAPE: 0.00518, 0.00518, 0.07196, 0.03998, 148.88%
Test - Best epoch, Loss, MSE, RMSE, MAE, MAPE: 14, 0.00648, 0.00648, 0.08050, 0.04027, 104.89%
Time spent: 6.40s
- Epoch 024, ExpID 14170
Train - Loss (one batch): 0.00433
Val - Loss, MSE, RMSE, MAE, MAPE: 0.00538, 0.00538, 0.07332, 0.04065, 68.63%
Test - Best epoch, Loss, MSE, RMSE, MAE, MAPE: 14, 0.00648, 0.00648, 0.08050, 0.04027, 104.89%
Time spent: 6.41s
- Epoch 025, ExpID 14170
Train - Loss (one batch): 0.00395
Val - Loss, MSE, RMSE, MAE, MAPE: 0.00539, 0.00539, 0.07338, 0.03967, 112.44%
Test - Best epoch, Loss, MSE, RMSE, MAE, MAPE: 14, 0.00648, 0.00648, 0.08050, 0.04027, 104.89%
Time spent: 6.41s
- Epoch 026, ExpID 14170
Train - Loss (one batch): 0.01119
Val - Loss, MSE, RMSE, MAE, MAPE: 0.00522, 0.00522, 0.07224, 0.03873, 97.91%
Test - Best epoch, Loss, MSE, RMSE, MAE, MAPE: 14, 0.00648, 0.00648, 0.08050, 0.04027, 104.89%
Time spent: 6.41s
- Epoch 027, ExpID 14170
Train - Loss (one batch): 0.00395
Val - Loss, MSE, RMSE, MAE, MAPE: 0.00523, 0.00523, 0.07232, 0.03883, 75.02%
Test - Best epoch, Loss, MSE, RMSE, MAE, MAPE: 14, 0.00648, 0.00648, 0.08050, 0.04027, 104.89%
Time spent: 6.40s
- Epoch 028, ExpID 14170
Train - Loss (one batch): 0.00372
Val - Loss, MSE, RMSE, MAE, MAPE: 0.00586, 0.00586, 0.07657, 0.04407, 120.85%
Test - Best epoch, Loss, MSE, RMSE, MAE, MAPE: 14, 0.00648, 0.00648, 0.08050, 0.04027, 104.89%
Time spent: 6.38s
- Epoch 029, ExpID 14170
Train - Loss (one batch): 0.00338
Val - Loss, MSE, RMSE, MAE, MAPE: 0.00528, 0.00528, 0.07266, 0.03919, 89.18%
Test - Best epoch, Loss, MSE, RMSE, MAE, MAPE: 14, 0.00648, 0.00648, 0.08050, 0.04027, 104.89%
Time spent: 6.41s
- Epoch 030, ExpID 14170
Train - Loss (one batch): 0.00526
Val - Loss, MSE, RMSE, MAE, MAPE: 0.00521, 0.00521, 0.07220, 0.03971, 85.04%
Test - Best epoch, Loss, MSE, RMSE, MAE, MAPE: 14, 0.00648, 0.00648, 0.08050, 0.04027, 104.89%
Time spent: 6.40s
- Epoch 031, ExpID 14170
Train - Loss (one batch): 0.00359
Val - Loss, MSE, RMSE, MAE, MAPE: 0.00597, 0.00597, 0.07726, 0.04258, 85.12%
Test - Best epoch, Loss, MSE, RMSE, MAE, MAPE: 14, 0.00648, 0.00648, 0.08050, 0.04027, 104.89%
Time spent: 6.41s
- Epoch 032, ExpID 14170
Train - Loss (one batch): 0.00416
Val - Loss, MSE, RMSE, MAE, MAPE: 0.00575, 0.00575, 0.07585, 0.04138, 107.69%
Test - Best epoch, Loss, MSE, RMSE, MAE, MAPE: 14, 0.00648, 0.00648, 0.08050, 0.04027, 104.89%
Time spent: 6.39s
- Epoch 033, ExpID 14170
Train - Loss (one batch): 0.00463
Val - Loss, MSE, RMSE, MAE, MAPE: 0.00510, 0.00510, 0.07141, 0.03761, 72.04%
Test - Best epoch, Loss, MSE, RMSE, MAE, MAPE: 33, 0.00655, 0.00655, 0.08095, 0.03820, 62.48%
Time spent: 7.30s
- Epoch 034, ExpID 14170
Train - Loss (one batch): 0.00713
Val - Loss, MSE, RMSE, MAE, MAPE: 0.00526, 0.00526, 0.07252, 0.03896, 86.08%
Test - Best epoch, Loss, MSE, RMSE, MAE, MAPE: 33, 0.00655, 0.00655, 0.08095, 0.03820, 62.48%
Time spent: 6.38s
- Epoch 035, ExpID 14170
Train - Loss (one batch): 0.01275
Val - Loss, MSE, RMSE, MAE, MAPE: 0.00521, 0.00521, 0.07220, 0.03800, 64.71%
Test - Best epoch, Loss, MSE, RMSE, MAE, MAPE: 33, 0.00655, 0.00655, 0.08095, 0.03820, 62.48%
Time spent: 6.41s
- Epoch 036, ExpID 14170
Train - Loss (one batch): 0.00397
Val - Loss, MSE, RMSE, MAE, MAPE: 0.00501, 0.00501, 0.07075, 0.03853, 111.48%
Test - Best epoch, Loss, MSE, RMSE, MAE, MAPE: 36, 0.00637, 0.00637, 0.07984, 0.03873, 94.27%
Time spent: 7.30s
- Epoch 037, ExpID 14170
Train - Loss (one batch): 0.00355
Val - Loss, MSE, RMSE, MAE, MAPE: 0.00530, 0.00530, 0.07283, 0.04140, 115.50%
Test - Best epoch, Loss, MSE, RMSE, MAE, MAPE: 36, 0.00637, 0.00637, 0.07984, 0.03873, 94.27%
Time spent: 6.40s
- Epoch 038, ExpID 14170
Train - Loss (one batch): 0.00414
Val - Loss, MSE, RMSE, MAE, MAPE: 0.00515, 0.00515, 0.07180, 0.03962, 82.42%
Test - Best epoch, Loss, MSE, RMSE, MAE, MAPE: 36, 0.00637, 0.00637, 0.07984, 0.03873, 94.27%
Time spent: 6.40s
- Epoch 039, ExpID 14170
Train - Loss (one batch): 0.00487
Val - Loss, MSE, RMSE, MAE, MAPE: 0.00535, 0.00535, 0.07313, 0.04062, 95.66%
Test - Best epoch, Loss, MSE, RMSE, MAE, MAPE: 36, 0.00637, 0.00637, 0.07984, 0.03873, 94.27%
Time spent: 6.39s
- Epoch 040, ExpID 14170
Train - Loss (one batch): 0.00650
Val - Loss, MSE, RMSE, MAE, MAPE: 0.00541, 0.00541, 0.07354, 0.04189, 131.26%
Test - Best epoch, Loss, MSE, RMSE, MAE, MAPE: 36, 0.00637, 0.00637, 0.07984, 0.03873, 94.27%
Time spent: 6.38s
- Epoch 041, ExpID 14170
Train - Loss (one batch): 0.00519
Val - Loss, MSE, RMSE, MAE, MAPE: 0.00553, 0.00553, 0.07440, 0.04234, 100.45%
Test - Best epoch, Loss, MSE, RMSE, MAE, MAPE: 36, 0.00637, 0.00637, 0.07984, 0.03873, 94.27%
Time spent: 6.40s
- Epoch 042, ExpID 14170
Train - Loss (one batch): 0.00394
Val - Loss, MSE, RMSE, MAE, MAPE: 0.00548, 0.00548, 0.07399, 0.04020, 95.52%
Test - Best epoch, Loss, MSE, RMSE, MAE, MAPE: 36, 0.00637, 0.00637, 0.07984, 0.03873, 94.27%
Time spent: 6.42s
- Epoch 043, ExpID 14170
Train - Loss (one batch): 0.00342
Val - Loss, MSE, RMSE, MAE, MAPE: 0.00537, 0.00537, 0.07325, 0.04229, 78.00%
Test - Best epoch, Loss, MSE, RMSE, MAE, MAPE: 36, 0.00637, 0.00637, 0.07984, 0.03873, 94.27%
Time spent: 6.40s
- Epoch 044, ExpID 14170
Train - Loss (one batch): 0.00363
Val - Loss, MSE, RMSE, MAE, MAPE: 0.00540, 0.00540, 0.07348, 0.03896, 89.99%
Test - Best epoch, Loss, MSE, RMSE, MAE, MAPE: 36, 0.00637, 0.00637, 0.07984, 0.03873, 94.27%
Time spent: 6.41s
- Epoch 045, ExpID 14170
Train - Loss (one batch): 0.00269
Val - Loss, MSE, RMSE, MAE, MAPE: 0.00612, 0.00612, 0.07822, 0.04857, 168.84%
Test - Best epoch, Loss, MSE, RMSE, MAE, MAPE: 36, 0.00637, 0.00637, 0.07984, 0.03873, 94.27%
Time spent: 6.41s
- Epoch 046, ExpID 14170
Train - Loss (one batch): 0.00587
Val - Loss, MSE, RMSE, MAE, MAPE: 0.00547, 0.00547, 0.07397, 0.04116, 126.72%
Test - Best epoch, Loss, MSE, RMSE, MAE, MAPE: 36, 0.00637, 0.00637, 0.07984, 0.03873, 94.27%
Time spent: 6.41s
- Epoch 047, ExpID 14170
Train - Loss (one batch): 0.00418
Val - Loss, MSE, RMSE, MAE, MAPE: 0.00526, 0.00526, 0.07254, 0.03770, 65.83%
Test - Best epoch, Loss, MSE, RMSE, MAE, MAPE: 36, 0.00637, 0.00637, 0.07984, 0.03873, 94.27%
Time spent: 6.40s
- Epoch 048, ExpID 14170
Train - Loss (one batch): 0.00379
Val - Loss, MSE, RMSE, MAE, MAPE: 0.00520, 0.00520, 0.07211, 0.03892, 103.90%
Test - Best epoch, Loss, MSE, RMSE, MAE, MAPE: 36, 0.00637, 0.00637, 0.07984, 0.03873, 94.27%
Time spent: 6.40s
- Epoch 049, ExpID 14170
Train - Loss (one batch): 0.00651
Val - Loss, MSE, RMSE, MAE, MAPE: 0.00526, 0.00526, 0.07251, 0.03945, 136.11%
Test - Best epoch, Loss, MSE, RMSE, MAE, MAPE: 36, 0.00637, 0.00637, 0.07984, 0.03873, 94.27%
Time spent: 6.41s
- Epoch 050, ExpID 14170
Train - Loss (one batch): 0.00745
Val - Loss, MSE, RMSE, MAE, MAPE: 0.00533, 0.00533, 0.07303, 0.03906, 98.53%
Test - Best epoch, Loss, MSE, RMSE, MAE, MAPE: 36, 0.00637, 0.00637, 0.07984, 0.03873, 94.27%
Time spent: 6.41s
- Epoch 051, ExpID 14170
Train - Loss (one batch): 0.00519
Val - Loss, MSE, RMSE, MAE, MAPE: 0.00515, 0.00515, 0.07174, 0.03815, 71.61%
Test - Best epoch, Loss, MSE, RMSE, MAE, MAPE: 36, 0.00637, 0.00637, 0.07984, 0.03873, 94.27%
Time spent: 6.41s
- Epoch 052, ExpID 14170
Train - Loss (one batch): 0.00403
Val - Loss, MSE, RMSE, MAE, MAPE: 0.00565, 0.00565, 0.07513, 0.04250, 118.55%
Test - Best epoch, Loss, MSE, RMSE, MAE, MAPE: 36, 0.00637, 0.00637, 0.07984, 0.03873, 94.27%
Time spent: 6.38s
- Epoch 053, ExpID 14170
Train - Loss (one batch): 0.00503
Val - Loss, MSE, RMSE, MAE, MAPE: 0.00540, 0.00540, 0.07346, 0.03912, 62.47%
Test - Best epoch, Loss, MSE, RMSE, MAE, MAPE: 36, 0.00637, 0.00637, 0.07984, 0.03873, 94.27%
Time spent: 6.38s
- Epoch 054, ExpID 14170
Train - Loss (one batch): 0.00338
Val - Loss, MSE, RMSE, MAE, MAPE: 0.00520, 0.00520, 0.07210, 0.03951, 79.56%
Test - Best epoch, Loss, MSE, RMSE, MAE, MAPE: 36, 0.00637, 0.00637, 0.07984, 0.03873, 94.27%
Time spent: 6.40s
- Epoch 055, ExpID 14170
Train - Loss (one batch): 0.00459
Val - Loss, MSE, RMSE, MAE, MAPE: 0.00554, 0.00554, 0.07440, 0.04112, 89.65%
Test - Best epoch, Loss, MSE, RMSE, MAE, MAPE: 36, 0.00637, 0.00637, 0.07984, 0.03873, 94.27%
Time spent: 6.41s
- Epoch 056, ExpID 14170
Train - Loss (one batch): 0.00447
Val - Loss, MSE, RMSE, MAE, MAPE: 0.00535, 0.00535, 0.07311, 0.03901, 104.93%
Test - Best epoch, Loss, MSE, RMSE, MAE, MAPE: 36, 0.00637, 0.00637, 0.07984, 0.03873, 94.27%
Time spent: 6.41s
- Epoch 057, ExpID 14170
Train - Loss (one batch): 0.00369
Val - Loss, MSE, RMSE, MAE, MAPE: 0.00535, 0.00535, 0.07316, 0.03952, 100.60%
Test - Best epoch, Loss, MSE, RMSE, MAE, MAPE: 36, 0.00637, 0.00637, 0.07984, 0.03873, 94.27%
Time spent: 6.41s
- Epoch 058, ExpID 14170
Train - Loss (one batch): 0.00514
Val - Loss, MSE, RMSE, MAE, MAPE: 0.00528, 0.00528, 0.07267, 0.04026, 73.48%
Test - Best epoch, Loss, MSE, RMSE, MAE, MAPE: 36, 0.00637, 0.00637, 0.07984, 0.03873, 94.27%
Time spent: 6.39s
- Epoch 059, ExpID 14170
Train - Loss (one batch): 0.00506
Val - Loss, MSE, RMSE, MAE, MAPE: 0.00537, 0.00537, 0.07325, 0.03996, 84.84%
Test - Best epoch, Loss, MSE, RMSE, MAE, MAPE: 36, 0.00637, 0.00637, 0.07984, 0.03873, 94.27%
Time spent: 6.40s
- Epoch 060, ExpID 14170
Train - Loss (one batch): 0.00423
Val - Loss, MSE, RMSE, MAE, MAPE: 0.00581, 0.00581, 0.07620, 0.04374, 154.59%
Test - Best epoch, Loss, MSE, RMSE, MAE, MAPE: 36, 0.00637, 0.00637, 0.07984, 0.03873, 94.27%
Time spent: 6.41s
- Epoch 061, ExpID 14170
Train - Loss (one batch): 0.00319
Val - Loss, MSE, RMSE, MAE, MAPE: 0.00568, 0.00568, 0.07535, 0.04001, 100.57%
Test - Best epoch, Loss, MSE, RMSE, MAE, MAPE: 36, 0.00637, 0.00637, 0.07984, 0.03873, 94.27%
Time spent: 6.40s
/home/ouass/Test/MSP-IMTS/tPatchGNN/run_models.py
2026-03-08 17:43:27
run_models.py --dataset physionet --history 24 --quantization 1.0 --hid_dim 64 --te_dim 10 --node_dim 10 --nlayer 1 --tf_layer 1 --nhead 1 --batch_size 32 --lr 1e-3 --patience 25 --epoch 600 --seed 4 --gpu 0 --metric per_dim --multi_scales 4,8 --multi_strides 4,8 --fusion concat
Namespace(multi_scales='4,8', multi_strides='4,8', fusion='concat', state='def', n=100000000, hop=1, nhead=1, tf_layer=1, nlayer=1, epoch=600, patience=25, history=24, patch_size=24, stride=24, logmode='a', lr=0.001, w_decay=0.0, batch_size=32, save='experiments/', load=None, seed=4, dataset='physionet', quantization=1.0, model='tPatchGNN', outlayer='Linear', hid_dim=64, te_dim=10, node_dim=10, gpu='0', metric='per_dim', npatch=1, device=device(type='cuda'), PID=1955831, ndim=41)
- Epoch 000, ExpID 66680
Train - Loss (one batch): 0.00675
Val - Loss, MSE, RMSE, MAE, MAPE: 0.00675, 0.00675, 0.08219, 0.05021, 121.45%
Test - Best epoch, Loss, MSE, RMSE, MAE, MAPE: 0, 0.00862, 0.00862, 0.09285, 0.05111, 107.93%
Time spent: 7.37s
- Epoch 001, ExpID 66680
Train - Loss (one batch): 0.00494
Val - Loss, MSE, RMSE, MAE, MAPE: 0.00802, 0.00802, 0.08957, 0.05577, 83.62%
Test - Best epoch, Loss, MSE, RMSE, MAE, MAPE: 0, 0.00862, 0.00862, 0.09285, 0.05111, 107.93%
Time spent: 6.44s
- Epoch 002, ExpID 66680
Train - Loss (one batch): 0.00525
Val - Loss, MSE, RMSE, MAE, MAPE: 0.00563, 0.00563, 0.07501, 0.04192, 99.83%
Test - Best epoch, Loss, MSE, RMSE, MAE, MAPE: 2, 0.00714, 0.00714, 0.08452, 0.04210, 94.59%
Time spent: 7.34s
- Epoch 003, ExpID 66680
Train - Loss (one batch): 0.00381
Val - Loss, MSE, RMSE, MAE, MAPE: 0.00662, 0.00662, 0.08135, 0.04829, 107.93%
Test - Best epoch, Loss, MSE, RMSE, MAE, MAPE: 2, 0.00714, 0.00714, 0.08452, 0.04210, 94.59%
Time spent: 6.43s
- Epoch 004, ExpID 66680
Train - Loss (one batch): 0.00544
Val - Loss, MSE, RMSE, MAE, MAPE: 0.00578, 0.00578, 0.07600, 0.04308, 74.75%
Test - Best epoch, Loss, MSE, RMSE, MAE, MAPE: 2, 0.00714, 0.00714, 0.08452, 0.04210, 94.59%
Time spent: 6.44s
- Epoch 005, ExpID 66680
Train - Loss (one batch): 0.00506
Val - Loss, MSE, RMSE, MAE, MAPE: 0.00615, 0.00615, 0.07845, 0.04624, 194.96%
Test - Best epoch, Loss, MSE, RMSE, MAE, MAPE: 2, 0.00714, 0.00714, 0.08452, 0.04210, 94.59%
Time spent: 6.42s
- Epoch 006, ExpID 66680
Train - Loss (one batch): 0.00690
Val - Loss, MSE, RMSE, MAE, MAPE: 0.00630, 0.00630, 0.07939, 0.04546, 79.74%
Test - Best epoch, Loss, MSE, RMSE, MAE, MAPE: 2, 0.00714, 0.00714, 0.08452, 0.04210, 94.59%
Time spent: 6.43s
- Epoch 007, ExpID 66680
Train - Loss (one batch): 0.00462
Val - Loss, MSE, RMSE, MAE, MAPE: 0.00524, 0.00524, 0.07242, 0.04010, 96.30%
Test - Best epoch, Loss, MSE, RMSE, MAE, MAPE: 7, 0.00683, 0.00683, 0.08264, 0.04031, 90.06%
Time spent: 7.33s
- Epoch 008, ExpID 66680
Train - Loss (one batch): 0.00768
Val - Loss, MSE, RMSE, MAE, MAPE: 0.00534, 0.00534, 0.07304, 0.04157, 143.93%
Test - Best epoch, Loss, MSE, RMSE, MAE, MAPE: 7, 0.00683, 0.00683, 0.08264, 0.04031, 90.06%
Time spent: 6.44s
- Epoch 009, ExpID 66680
Train - Loss (one batch): 0.00511
Val - Loss, MSE, RMSE, MAE, MAPE: 0.00567, 0.00567, 0.07532, 0.04306, 128.79%
Test - Best epoch, Loss, MSE, RMSE, MAE, MAPE: 7, 0.00683, 0.00683, 0.08264, 0.04031, 90.06%
Time spent: 6.42s
- Epoch 010, ExpID 66680
Train - Loss (one batch): 0.00356
Val - Loss, MSE, RMSE, MAE, MAPE: 0.00534, 0.00534, 0.07304, 0.03943, 83.48%
Test - Best epoch, Loss, MSE, RMSE, MAE, MAPE: 7, 0.00683, 0.00683, 0.08264, 0.04031, 90.06%
Time spent: 6.41s
- Epoch 011, ExpID 66680
Train - Loss (one batch): 0.00488
Val - Loss, MSE, RMSE, MAE, MAPE: 0.00534, 0.00534, 0.07309, 0.03981, 72.36%
Test - Best epoch, Loss, MSE, RMSE, MAE, MAPE: 7, 0.00683, 0.00683, 0.08264, 0.04031, 90.06%
Time spent: 6.44s
- Epoch 012, ExpID 66680
Train - Loss (one batch): 0.00376
Val - Loss, MSE, RMSE, MAE, MAPE: 0.00557, 0.00557, 0.07461, 0.04161, 71.19%
Test - Best epoch, Loss, MSE, RMSE, MAE, MAPE: 7, 0.00683, 0.00683, 0.08264, 0.04031, 90.06%
Time spent: 6.43s
- Epoch 013, ExpID 66680
Train - Loss (one batch): 0.00401
Val - Loss, MSE, RMSE, MAE, MAPE: 0.00555, 0.00555, 0.07451, 0.04320, 186.13%
Test - Best epoch, Loss, MSE, RMSE, MAE, MAPE: 7, 0.00683, 0.00683, 0.08264, 0.04031, 90.06%
Time spent: 6.42s
- Epoch 014, ExpID 66680
Train - Loss (one batch): 0.00752
Val - Loss, MSE, RMSE, MAE, MAPE: 0.00536, 0.00536, 0.07321, 0.04273, 146.85%
Test - Best epoch, Loss, MSE, RMSE, MAE, MAPE: 7, 0.00683, 0.00683, 0.08264, 0.04031, 90.06%
Time spent: 6.41s
- Epoch 015, ExpID 66680
Train - Loss (one batch): 0.00586
Val - Loss, MSE, RMSE, MAE, MAPE: 0.00556, 0.00556, 0.07459, 0.04160, 85.49%
Test - Best epoch, Loss, MSE, RMSE, MAE, MAPE: 7, 0.00683, 0.00683, 0.08264, 0.04031, 90.06%
Time spent: 6.42s
- Epoch 016, ExpID 66680
Train - Loss (one batch): 0.00483
Val - Loss, MSE, RMSE, MAE, MAPE: 0.00566, 0.00566, 0.07526, 0.04284, 65.60%
Test - Best epoch, Loss, MSE, RMSE, MAE, MAPE: 7, 0.00683, 0.00683, 0.08264, 0.04031, 90.06%
Time spent: 6.42s
- Epoch 017, ExpID 66680
Train - Loss (one batch): 0.00496
Val - Loss, MSE, RMSE, MAE, MAPE: 0.00555, 0.00555, 0.07447, 0.04417, 174.83%
Test - Best epoch, Loss, MSE, RMSE, MAE, MAPE: 7, 0.00683, 0.00683, 0.08264, 0.04031, 90.06%
Time spent: 6.41s
- Epoch 018, ExpID 66680
Train - Loss (one batch): 0.00369
Val - Loss, MSE, RMSE, MAE, MAPE: 0.00536, 0.00536, 0.07320, 0.04031, 64.24%
Test - Best epoch, Loss, MSE, RMSE, MAE, MAPE: 7, 0.00683, 0.00683, 0.08264, 0.04031, 90.06%
Time spent: 6.44s
- Epoch 019, ExpID 66680
Train - Loss (one batch): 0.00462
Val - Loss, MSE, RMSE, MAE, MAPE: 0.00535, 0.00535, 0.07312, 0.04011, 81.62%
Test - Best epoch, Loss, MSE, RMSE, MAE, MAPE: 7, 0.00683, 0.00683, 0.08264, 0.04031, 90.06%
Time spent: 6.43s
- Epoch 020, ExpID 66680
Train - Loss (one batch): 0.00329
Val - Loss, MSE, RMSE, MAE, MAPE: 0.00521, 0.00521, 0.07218, 0.03964, 126.87%
Test - Best epoch, Loss, MSE, RMSE, MAE, MAPE: 20, 0.00667, 0.00667, 0.08170, 0.04022, 116.29%
Time spent: 7.32s
- Epoch 021, ExpID 66680
Train - Loss (one batch): 0.00649
Val - Loss, MSE, RMSE, MAE, MAPE: 0.00519, 0.00519, 0.07204, 0.03921, 110.99%
Test - Best epoch, Loss, MSE, RMSE, MAE, MAPE: 21, 0.00668, 0.00668, 0.08171, 0.03932, 98.43%
Time spent: 7.32s
- Epoch 022, ExpID 66680
Train - Loss (one batch): 0.00368
Val - Loss, MSE, RMSE, MAE, MAPE: 0.00558, 0.00558, 0.07473, 0.04156, 71.32%
Test - Best epoch, Loss, MSE, RMSE, MAE, MAPE: 21, 0.00668, 0.00668, 0.08171, 0.03932, 98.43%
Time spent: 6.44s
- Epoch 023, ExpID 66680
Train - Loss (one batch): 0.00362
Val - Loss, MSE, RMSE, MAE, MAPE: 0.00514, 0.00514, 0.07169, 0.03889, 95.79%
Test - Best epoch, Loss, MSE, RMSE, MAE, MAPE: 23, 0.00656, 0.00656, 0.08098, 0.03931, 85.48%
Time spent: 7.32s
- Epoch 024, ExpID 66680
Train - Loss (one batch): 0.00433
Val - Loss, MSE, RMSE, MAE, MAPE: 0.00544, 0.00544, 0.07377, 0.04174, 127.63%
Test - Best epoch, Loss, MSE, RMSE, MAE, MAPE: 23, 0.00656, 0.00656, 0.08098, 0.03931, 85.48%
Time spent: 6.43s
- Epoch 025, ExpID 66680
Train - Loss (one batch): 0.00557
Val - Loss, MSE, RMSE, MAE, MAPE: 0.00513, 0.00513, 0.07164, 0.03845, 60.63%
Test - Best epoch, Loss, MSE, RMSE, MAE, MAPE: 25, 0.00665, 0.00665, 0.08157, 0.03904, 52.23%
Time spent: 7.34s
- Epoch 026, ExpID 66680
Train - Loss (one batch): 0.00387
Val - Loss, MSE, RMSE, MAE, MAPE: 0.00521, 0.00521, 0.07218, 0.03877, 87.88%
Test - Best epoch, Loss, MSE, RMSE, MAE, MAPE: 25, 0.00665, 0.00665, 0.08157, 0.03904, 52.23%
Time spent: 6.44s
- Epoch 027, ExpID 66680
Train - Loss (one batch): 0.00348
Val - Loss, MSE, RMSE, MAE, MAPE: 0.00502, 0.00502, 0.07084, 0.03761, 74.15%
Test - Best epoch, Loss, MSE, RMSE, MAE, MAPE: 27, 0.00663, 0.00663, 0.08140, 0.03839, 68.28%
Time spent: 7.34s
- Epoch 028, ExpID 66680
Train - Loss (one batch): 0.00509
Val - Loss, MSE, RMSE, MAE, MAPE: 0.00507, 0.00507, 0.07124, 0.03871, 84.18%
Test - Best epoch, Loss, MSE, RMSE, MAE, MAPE: 27, 0.00663, 0.00663, 0.08140, 0.03839, 68.28%
Time spent: 6.44s
- Epoch 029, ExpID 66680
Train - Loss (one batch): 0.00521
Val - Loss, MSE, RMSE, MAE, MAPE: 0.00514, 0.00514, 0.07170, 0.03816, 73.27%
Test - Best epoch, Loss, MSE, RMSE, MAE, MAPE: 27, 0.00663, 0.00663, 0.08140, 0.03839, 68.28%
Time spent: 6.44s
- Epoch 030, ExpID 66680
Train - Loss (one batch): 0.00405
Val - Loss, MSE, RMSE, MAE, MAPE: 0.00526, 0.00526, 0.07251, 0.04010, 97.57%
Test - Best epoch, Loss, MSE, RMSE, MAE, MAPE: 27, 0.00663, 0.00663, 0.08140, 0.03839, 68.28%
Time spent: 6.44s
- Epoch 031, ExpID 66680
Train - Loss (one batch): 0.00390
Val - Loss, MSE, RMSE, MAE, MAPE: 0.00508, 0.00508, 0.07130, 0.03807, 92.02%
Test - Best epoch, Loss, MSE, RMSE, MAE, MAPE: 27, 0.00663, 0.00663, 0.08140, 0.03839, 68.28%
Time spent: 6.44s
- Epoch 032, ExpID 66680
Train - Loss (one batch): 0.00471
Val - Loss, MSE, RMSE, MAE, MAPE: 0.00541, 0.00541, 0.07355, 0.04071, 136.11%
Test - Best epoch, Loss, MSE, RMSE, MAE, MAPE: 27, 0.00663, 0.00663, 0.08140, 0.03839, 68.28%
Time spent: 6.44s
- Epoch 033, ExpID 66680
Train - Loss (one batch): 0.00307
Val - Loss, MSE, RMSE, MAE, MAPE: 0.00505, 0.00505, 0.07110, 0.03867, 106.47%
Test - Best epoch, Loss, MSE, RMSE, MAE, MAPE: 27, 0.00663, 0.00663, 0.08140, 0.03839, 68.28%
Time spent: 6.43s
- Epoch 034, ExpID 66680
Train - Loss (one batch): 0.00560
Val - Loss, MSE, RMSE, MAE, MAPE: 0.00525, 0.00525, 0.07245, 0.03946, 89.65%
Test - Best epoch, Loss, MSE, RMSE, MAE, MAPE: 27, 0.00663, 0.00663, 0.08140, 0.03839, 68.28%
Time spent: 6.43s
- Epoch 035, ExpID 66680
Train - Loss (one batch): 0.00634
Val - Loss, MSE, RMSE, MAE, MAPE: 0.00508, 0.00508, 0.07129, 0.03875, 102.64%
Test - Best epoch, Loss, MSE, RMSE, MAE, MAPE: 27, 0.00663, 0.00663, 0.08140, 0.03839, 68.28%
Time spent: 6.41s
- Epoch 036, ExpID 66680
Train - Loss (one batch): 0.00498
Val - Loss, MSE, RMSE, MAE, MAPE: 0.00514, 0.00514, 0.07172, 0.03815, 81.43%
Test - Best epoch, Loss, MSE, RMSE, MAE, MAPE: 27, 0.00663, 0.00663, 0.08140, 0.03839, 68.28%
Time spent: 6.43s
- Epoch 037, ExpID 66680
Train - Loss (one batch): 0.00498
Val - Loss, MSE, RMSE, MAE, MAPE: 0.00519, 0.00519, 0.07206, 0.03974, 105.20%
Test - Best epoch, Loss, MSE, RMSE, MAE, MAPE: 27, 0.00663, 0.00663, 0.08140, 0.03839, 68.28%
Time spent: 6.44s
- Epoch 038, ExpID 66680
Train - Loss (one batch): 0.00493
Val - Loss, MSE, RMSE, MAE, MAPE: 0.00507, 0.00507, 0.07123, 0.03860, 120.45%
Test - Best epoch, Loss, MSE, RMSE, MAE, MAPE: 27, 0.00663, 0.00663, 0.08140, 0.03839, 68.28%
Time spent: 6.44s
- Epoch 039, ExpID 66680
Train - Loss (one batch): 0.00401
Val - Loss, MSE, RMSE, MAE, MAPE: 0.00618, 0.00618, 0.07863, 0.04575, 68.79%
Test - Best epoch, Loss, MSE, RMSE, MAE, MAPE: 27, 0.00663, 0.00663, 0.08140, 0.03839, 68.28%
Time spent: 6.43s
- Epoch 040, ExpID 66680
Train - Loss (one batch): 0.00335
Val - Loss, MSE, RMSE, MAE, MAPE: 0.00507, 0.00507, 0.07124, 0.03847, 127.71%
Test - Best epoch, Loss, MSE, RMSE, MAE, MAPE: 27, 0.00663, 0.00663, 0.08140, 0.03839, 68.28%
Time spent: 6.43s
- Epoch 041, ExpID 66680
Train - Loss (one batch): 0.00358
Val - Loss, MSE, RMSE, MAE, MAPE: 0.00562, 0.00562, 0.07498, 0.03857, 80.94%
Test - Best epoch, Loss, MSE, RMSE, MAE, MAPE: 27, 0.00663, 0.00663, 0.08140, 0.03839, 68.28%
Time spent: 6.42s
- Epoch 042, ExpID 66680
Train - Loss (one batch): 0.00404
Val - Loss, MSE, RMSE, MAE, MAPE: 0.00515, 0.00515, 0.07179, 0.03839, 73.46%
Test - Best epoch, Loss, MSE, RMSE, MAE, MAPE: 27, 0.00663, 0.00663, 0.08140, 0.03839, 68.28%
Time spent: 6.45s
- Epoch 043, ExpID 66680
Train - Loss (one batch): 0.00290
Val - Loss, MSE, RMSE, MAE, MAPE: 0.00511, 0.00511, 0.07146, 0.03903, 65.98%
Test - Best epoch, Loss, MSE, RMSE, MAE, MAPE: 27, 0.00663, 0.00663, 0.08140, 0.03839, 68.28%
Time spent: 6.44s
- Epoch 044, ExpID 66680
Train - Loss (one batch): 0.00461
Val - Loss, MSE, RMSE, MAE, MAPE: 0.00527, 0.00527, 0.07258, 0.04024, 92.88%
Test - Best epoch, Loss, MSE, RMSE, MAE, MAPE: 27, 0.00663, 0.00663, 0.08140, 0.03839, 68.28%
Time spent: 6.44s
- Epoch 045, ExpID 66680
Train - Loss (one batch): 0.00597
Val - Loss, MSE, RMSE, MAE, MAPE: 0.00521, 0.00521, 0.07220, 0.03850, 67.00%
Test - Best epoch, Loss, MSE, RMSE, MAE, MAPE: 27, 0.00663, 0.00663, 0.08140, 0.03839, 68.28%
Time spent: 6.45s
- Epoch 046, ExpID 66680
Train - Loss (one batch): 0.00530
Val - Loss, MSE, RMSE, MAE, MAPE: 0.00520, 0.00520, 0.07208, 0.03856, 97.53%
Test - Best epoch, Loss, MSE, RMSE, MAE, MAPE: 27, 0.00663, 0.00663, 0.08140, 0.03839, 68.28%
Time spent: 6.44s
- Epoch 047, ExpID 66680
Train - Loss (one batch): 0.00991
Val - Loss, MSE, RMSE, MAE, MAPE: 0.00562, 0.00562, 0.07495, 0.04432, 188.76%
Test - Best epoch, Loss, MSE, RMSE, MAE, MAPE: 27, 0.00663, 0.00663, 0.08140, 0.03839, 68.28%
Time spent: 6.44s
- Epoch 048, ExpID 66680
Train - Loss (one batch): 0.00496
Val - Loss, MSE, RMSE, MAE, MAPE: 0.00513, 0.00513, 0.07160, 0.03832, 92.86%
Test - Best epoch, Loss, MSE, RMSE, MAE, MAPE: 27, 0.00663, 0.00663, 0.08140, 0.03839, 68.28%
Time spent: 6.42s
- Epoch 049, ExpID 66680
Train - Loss (one batch): 0.00424
Val - Loss, MSE, RMSE, MAE, MAPE: 0.00500, 0.00500, 0.07073, 0.03764, 90.66%
Test - Best epoch, Loss, MSE, RMSE, MAE, MAPE: 49, 0.00669, 0.00669, 0.08179, 0.03853, 83.90%
Time spent: 7.32s
- Epoch 050, ExpID 66680
Train - Loss (one batch): 0.00345
Val - Loss, MSE, RMSE, MAE, MAPE: 0.00505, 0.00505, 0.07110, 0.03806, 63.18%
Test - Best epoch, Loss, MSE, RMSE, MAE, MAPE: 49, 0.00669, 0.00669, 0.08179, 0.03853, 83.90%
Time spent: 6.45s
- Epoch 051, ExpID 66680
Train - Loss (one batch): 0.00407
Val - Loss, MSE, RMSE, MAE, MAPE: 0.00514, 0.00514, 0.07167, 0.03916, 125.51%
Test - Best epoch, Loss, MSE, RMSE, MAE, MAPE: 49, 0.00669, 0.00669, 0.08179, 0.03853, 83.90%
Time spent: 6.47s
- Epoch 052, ExpID 66680
Train - Loss (one batch): 0.00361
Val - Loss, MSE, RMSE, MAE, MAPE: 0.00526, 0.00526, 0.07251, 0.03948, 55.94%
Test - Best epoch, Loss, MSE, RMSE, MAE, MAPE: 49, 0.00669, 0.00669, 0.08179, 0.03853, 83.90%
Time spent: 6.50s
- Epoch 053, ExpID 66680
Train - Loss (one batch): 0.00339
Val - Loss, MSE, RMSE, MAE, MAPE: 0.00515, 0.00515, 0.07176, 0.03816, 65.28%
Test - Best epoch, Loss, MSE, RMSE, MAE, MAPE: 49, 0.00669, 0.00669, 0.08179, 0.03853, 83.90%
Time spent: 6.45s
- Epoch 054, ExpID 66680
Train - Loss (one batch): 0.00422
Val - Loss, MSE, RMSE, MAE, MAPE: 0.00499, 0.00499, 0.07062, 0.03753, 115.59%
Test - Best epoch, Loss, MSE, RMSE, MAE, MAPE: 54, 0.00701, 0.00701, 0.08372, 0.03907, 105.95%
Time spent: 7.33s
- Epoch 055, ExpID 66680
Train - Loss (one batch): 0.00354
Val - Loss, MSE, RMSE, MAE, MAPE: 0.00499, 0.00499, 0.07067, 0.03736, 83.60%
Test - Best epoch, Loss, MSE, RMSE, MAE, MAPE: 54, 0.00701, 0.00701, 0.08372, 0.03907, 105.95%
Time spent: 6.45s
- Epoch 056, ExpID 66680
Train - Loss (one batch): 0.00322
Val - Loss, MSE, RMSE, MAE, MAPE: 0.00497, 0.00497, 0.07050, 0.03764, 92.74%
Test - Best epoch, Loss, MSE, RMSE, MAE, MAPE: 56, 0.00647, 0.00647, 0.08044, 0.03799, 81.19%
Time spent: 7.34s
- Epoch 057, ExpID 66680
Train - Loss (one batch): 0.00370
Val - Loss, MSE, RMSE, MAE, MAPE: 0.00507, 0.00507, 0.07119, 0.03917, 108.99%
Test - Best epoch, Loss, MSE, RMSE, MAE, MAPE: 56, 0.00647, 0.00647, 0.08044, 0.03799, 81.19%
Time spent: 6.43s
- Epoch 058, ExpID 66680
Train - Loss (one batch): 0.00463
Val - Loss, MSE, RMSE, MAE, MAPE: 0.00506, 0.00506, 0.07117, 0.03859, 103.75%
Test - Best epoch, Loss, MSE, RMSE, MAE, MAPE: 56, 0.00647, 0.00647, 0.08044, 0.03799, 81.19%
Time spent: 6.44s
- Epoch 059, ExpID 66680
Train - Loss (one batch): 0.00363
Val - Loss, MSE, RMSE, MAE, MAPE: 0.00528, 0.00528, 0.07270, 0.04021, 81.31%
Test - Best epoch, Loss, MSE, RMSE, MAE, MAPE: 56, 0.00647, 0.00647, 0.08044, 0.03799, 81.19%
Time spent: 6.45s
- Epoch 060, ExpID 66680
Train - Loss (one batch): 0.00469
Val - Loss, MSE, RMSE, MAE, MAPE: 0.00548, 0.00548, 0.07404, 0.04114, 73.03%
Test - Best epoch, Loss, MSE, RMSE, MAE, MAPE: 56, 0.00647, 0.00647, 0.08044, 0.03799, 81.19%
Time spent: 6.44s
- Epoch 061, ExpID 66680
Train - Loss (one batch): 0.00431
Val - Loss, MSE, RMSE, MAE, MAPE: 0.00502, 0.00502, 0.07083, 0.03834, 62.85%
Test - Best epoch, Loss, MSE, RMSE, MAE, MAPE: 56, 0.00647, 0.00647, 0.08044, 0.03799, 81.19%
Time spent: 6.43s
- Epoch 062, ExpID 66680
Train - Loss (one batch): 0.00437
Val - Loss, MSE, RMSE, MAE, MAPE: 0.00514, 0.00514, 0.07167, 0.03818, 78.83%
Test - Best epoch, Loss, MSE, RMSE, MAE, MAPE: 56, 0.00647, 0.00647, 0.08044, 0.03799, 81.19%
Time spent: 6.44s
- Epoch 063, ExpID 66680
Train - Loss (one batch): 0.00532
Val - Loss, MSE, RMSE, MAE, MAPE: 0.00530, 0.00530, 0.07283, 0.03909, 89.24%
Test - Best epoch, Loss, MSE, RMSE, MAE, MAPE: 56, 0.00647, 0.00647, 0.08044, 0.03799, 81.19%
Time spent: 6.44s
- Epoch 064, ExpID 66680
Train - Loss (one batch): 0.00370
Val - Loss, MSE, RMSE, MAE, MAPE: 0.00524, 0.00524, 0.07235, 0.04154, 148.02%
Test - Best epoch, Loss, MSE, RMSE, MAE, MAPE: 56, 0.00647, 0.00647, 0.08044, 0.03799, 81.19%
Time spent: 6.44s
- Epoch 065, ExpID 66680
Train - Loss (one batch): 0.00436
Val - Loss, MSE, RMSE, MAE, MAPE: 0.00510, 0.00510, 0.07144, 0.03869, 122.70%
Test - Best epoch, Loss, MSE, RMSE, MAE, MAPE: 56, 0.00647, 0.00647, 0.08044, 0.03799, 81.19%
Time spent: 6.44s
- Epoch 066, ExpID 66680
Train - Loss (one batch): 0.00379
Val - Loss, MSE, RMSE, MAE, MAPE: 0.00506, 0.00506, 0.07115, 0.03899, 99.30%
Test - Best epoch, Loss, MSE, RMSE, MAE, MAPE: 56, 0.00647, 0.00647, 0.08044, 0.03799, 81.19%
Time spent: 6.44s
- Epoch 067, ExpID 66680
Train - Loss (one batch): 0.00469
Val - Loss, MSE, RMSE, MAE, MAPE: 0.00507, 0.00507, 0.07121, 0.03802, 96.37%
Test - Best epoch, Loss, MSE, RMSE, MAE, MAPE: 56, 0.00647, 0.00647, 0.08044, 0.03799, 81.19%
Time spent: 6.43s
- Epoch 068, ExpID 66680
Train - Loss (one batch): 0.00482
Val - Loss, MSE, RMSE, MAE, MAPE: 0.00511, 0.00511, 0.07152, 0.03830, 66.04%
Test - Best epoch, Loss, MSE, RMSE, MAE, MAPE: 56, 0.00647, 0.00647, 0.08044, 0.03799, 81.19%
Time spent: 6.44s
- Epoch 069, ExpID 66680
Train - Loss (one batch): 0.00260
Val - Loss, MSE, RMSE, MAE, MAPE: 0.00527, 0.00527, 0.07256, 0.03897, 74.18%
Test - Best epoch, Loss, MSE, RMSE, MAE, MAPE: 56, 0.00647, 0.00647, 0.08044, 0.03799, 81.19%
Time spent: 6.41s
- Epoch 070, ExpID 66680
Train - Loss (one batch): 0.00458
Val - Loss, MSE, RMSE, MAE, MAPE: 0.00497, 0.00497, 0.07051, 0.03630, 72.58%
Test - Best epoch, Loss, MSE, RMSE, MAE, MAPE: 56, 0.00647, 0.00647, 0.08044, 0.03799, 81.19%
Time spent: 6.42s
- Epoch 071, ExpID 66680
Train - Loss (one batch): 0.00406
Val - Loss, MSE, RMSE, MAE, MAPE: 0.00506, 0.00506, 0.07113, 0.03826, 110.93%
Test - Best epoch, Loss, MSE, RMSE, MAE, MAPE: 56, 0.00647, 0.00647, 0.08044, 0.03799, 81.19%
Time spent: 6.44s
- Epoch 072, ExpID 66680
Train - Loss (one batch): 0.00313
Val - Loss, MSE, RMSE, MAE, MAPE: 0.00501, 0.00501, 0.07075, 0.03738, 80.36%
Test - Best epoch, Loss, MSE, RMSE, MAE, MAPE: 56, 0.00647, 0.00647, 0.08044, 0.03799, 81.19%
Time spent: 6.44s
- Epoch 073, ExpID 66680
Train - Loss (one batch): 0.00420
Val - Loss, MSE, RMSE, MAE, MAPE: 0.00519, 0.00519, 0.07202, 0.03971, 59.26%
Test - Best epoch, Loss, MSE, RMSE, MAE, MAPE: 56, 0.00647, 0.00647, 0.08044, 0.03799, 81.19%
Time spent: 6.44s
- Epoch 074, ExpID 66680
Train - Loss (one batch): 0.00434
Val - Loss, MSE, RMSE, MAE, MAPE: 0.00520, 0.00520, 0.07214, 0.03867, 112.80%
Test - Best epoch, Loss, MSE, RMSE, MAE, MAPE: 56, 0.00647, 0.00647, 0.08044, 0.03799, 81.19%
Time spent: 6.43s
- Epoch 075, ExpID 66680
Train - Loss (one batch): 0.00370
Val - Loss, MSE, RMSE, MAE, MAPE: 0.00524, 0.00524, 0.07237, 0.03877, 109.61%
Test - Best epoch, Loss, MSE, RMSE, MAE, MAPE: 56, 0.00647, 0.00647, 0.08044, 0.03799, 81.19%
Time spent: 6.44s
- Epoch 076, ExpID 66680
Train - Loss (one batch): 0.00471
Val - Loss, MSE, RMSE, MAE, MAPE: 0.00506, 0.00506, 0.07116, 0.03738, 72.25%
Test - Best epoch, Loss, MSE, RMSE, MAE, MAPE: 56, 0.00647, 0.00647, 0.08044, 0.03799, 81.19%
Time spent: 6.44s
- Epoch 077, ExpID 66680
Train - Loss (one batch): 0.00368
Val - Loss, MSE, RMSE, MAE, MAPE: 0.00509, 0.00509, 0.07133, 0.03792, 80.96%
Test - Best epoch, Loss, MSE, RMSE, MAE, MAPE: 56, 0.00647, 0.00647, 0.08044, 0.03799, 81.19%
Time spent: 6.43s
- Epoch 078, ExpID 66680
Train - Loss (one batch): 0.00433
Val - Loss, MSE, RMSE, MAE, MAPE: 0.00526, 0.00526, 0.07250, 0.03969, 69.64%
Test - Best epoch, Loss, MSE, RMSE, MAE, MAPE: 56, 0.00647, 0.00647, 0.08044, 0.03799, 81.19%
Time spent: 6.44s
- Epoch 079, ExpID 66680
Train - Loss (one batch): 0.00502
Val - Loss, MSE, RMSE, MAE, MAPE: 0.00516, 0.00516, 0.07181, 0.04058, 180.09%
Test - Best epoch, Loss, MSE, RMSE, MAE, MAPE: 56, 0.00647, 0.00647, 0.08044, 0.03799, 81.19%
Time spent: 6.44s
- Epoch 080, ExpID 66680
Train - Loss (one batch): 0.00446
Val - Loss, MSE, RMSE, MAE, MAPE: 0.00512, 0.00512, 0.07155, 0.03754, 51.59%
Test - Best epoch, Loss, MSE, RMSE, MAE, MAPE: 56, 0.00647, 0.00647, 0.08044, 0.03799, 81.19%
Time spent: 6.44s
- Epoch 081, ExpID 66680
Train - Loss (one batch): 0.00343
Val - Loss, MSE, RMSE, MAE, MAPE: 0.00537, 0.00537, 0.07329, 0.03908, 73.52%
Test - Best epoch, Loss, MSE, RMSE, MAE, MAPE: 56, 0.00647, 0.00647, 0.08044, 0.03799, 81.19%
Time spent: 6.43s
/home/ouass/Test/MSP-IMTS/tPatchGNN/run_models.py
2026-03-08 17:52:49
run_models.py --dataset physionet --history 24 --quantization 1.0 --hid_dim 64 --te_dim 10 --node_dim 10 --nlayer 1 --tf_layer 1 --nhead 1 --batch_size 32 --lr 1e-3 --patience 25 --epoch 600 --seed 5 --gpu 0 --metric per_dim --multi_scales 4,8 --multi_strides 4,8 --fusion concat
Namespace(multi_scales='4,8', multi_strides='4,8', fusion='concat', state='def', n=100000000, hop=1, nhead=1, tf_layer=1, nlayer=1, epoch=600, patience=25, history=24, patch_size=24, stride=24, logmode='a', lr=0.001, w_decay=0.0, batch_size=32, save='experiments/', load=None, seed=5, dataset='physionet', quantization=1.0, model='tPatchGNN', outlayer='Linear', hid_dim=64, te_dim=10, node_dim=10, gpu='0', metric='per_dim', npatch=1, device=device(type='cuda'), PID=1955934, ndim=41)
- Epoch 000, ExpID 4092
Train - Loss (one batch): 0.00418
Val - Loss, MSE, RMSE, MAE, MAPE: 0.00609, 0.00609, 0.07802, 0.04567, 172.92%
Test - Best epoch, Loss, MSE, RMSE, MAE, MAPE: 0, 0.00745, 0.00745, 0.08630, 0.04564, 146.78%
Time spent: 7.33s
- Epoch 001, ExpID 4092
Train - Loss (one batch): 0.00518
Val - Loss, MSE, RMSE, MAE, MAPE: 0.00551, 0.00551, 0.07423, 0.04084, 94.23%
Test - Best epoch, Loss, MSE, RMSE, MAE, MAPE: 1, 0.00690, 0.00690, 0.08306, 0.04076, 82.12%
Time spent: 7.28s
- Epoch 002, ExpID 4092
Train - Loss (one batch): 0.00611
Val - Loss, MSE, RMSE, MAE, MAPE: 0.00563, 0.00563, 0.07500, 0.04262, 179.84%
Test - Best epoch, Loss, MSE, RMSE, MAE, MAPE: 1, 0.00690, 0.00690, 0.08306, 0.04076, 82.12%
Time spent: 6.42s
- Epoch 003, ExpID 4092
Train - Loss (one batch): 0.00440
Val - Loss, MSE, RMSE, MAE, MAPE: 0.00571, 0.00571, 0.07558, 0.04258, 120.71%
Test - Best epoch, Loss, MSE, RMSE, MAE, MAPE: 1, 0.00690, 0.00690, 0.08306, 0.04076, 82.12%
Time spent: 6.41s
- Epoch 004, ExpID 4092
Train - Loss (one batch): 0.00502
Val - Loss, MSE, RMSE, MAE, MAPE: 0.00597, 0.00597, 0.07726, 0.04425, 65.68%
Test - Best epoch, Loss, MSE, RMSE, MAE, MAPE: 1, 0.00690, 0.00690, 0.08306, 0.04076, 82.12%
Time spent: 6.41s
- Epoch 005, ExpID 4092
Train - Loss (one batch): 0.00793
Val - Loss, MSE, RMSE, MAE, MAPE: 0.00583, 0.00583, 0.07636, 0.04311, 142.06%
Test - Best epoch, Loss, MSE, RMSE, MAE, MAPE: 1, 0.00690, 0.00690, 0.08306, 0.04076, 82.12%
Time spent: 6.41s
- Epoch 006, ExpID 4092
Train - Loss (one batch): 0.00577
Val - Loss, MSE, RMSE, MAE, MAPE: 0.00563, 0.00563, 0.07501, 0.04242, 159.35%
Test - Best epoch, Loss, MSE, RMSE, MAE, MAPE: 1, 0.00690, 0.00690, 0.08306, 0.04076, 82.12%
Time spent: 6.42s
- Epoch 007, ExpID 4092
Train - Loss (one batch): 0.00451
Val - Loss, MSE, RMSE, MAE, MAPE: 0.00555, 0.00555, 0.07451, 0.04055, 94.01%
Test - Best epoch, Loss, MSE, RMSE, MAE, MAPE: 1, 0.00690, 0.00690, 0.08306, 0.04076, 82.12%
Time spent: 6.43s
- Epoch 008, ExpID 4092
Train - Loss (one batch): 0.00495
Val - Loss, MSE, RMSE, MAE, MAPE: 0.00530, 0.00530, 0.07280, 0.03941, 95.65%
Test - Best epoch, Loss, MSE, RMSE, MAE, MAPE: 8, 0.00652, 0.00652, 0.08075, 0.03926, 82.38%
Time spent: 7.32s
- Epoch 009, ExpID 4092
Train - Loss (one batch): 0.00376
Val - Loss, MSE, RMSE, MAE, MAPE: 0.00523, 0.00523, 0.07235, 0.04023, 85.22%
Test - Best epoch, Loss, MSE, RMSE, MAE, MAPE: 9, 0.00653, 0.00653, 0.08083, 0.04026, 71.34%
Time spent: 7.31s
- Epoch 010, ExpID 4092
Train - Loss (one batch): 0.00661
Val - Loss, MSE, RMSE, MAE, MAPE: 0.00536, 0.00536, 0.07319, 0.04032, 66.75%
Test - Best epoch, Loss, MSE, RMSE, MAE, MAPE: 9, 0.00653, 0.00653, 0.08083, 0.04026, 71.34%
Time spent: 6.40s
- Epoch 011, ExpID 4092
Train - Loss (one batch): 0.00436
Val - Loss, MSE, RMSE, MAE, MAPE: 0.00549, 0.00549, 0.07410, 0.03957, 67.04%
Test - Best epoch, Loss, MSE, RMSE, MAE, MAPE: 9, 0.00653, 0.00653, 0.08083, 0.04026, 71.34%
Time spent: 6.44s
- Epoch 012, ExpID 4092
Train - Loss (one batch): 0.00392
Val - Loss, MSE, RMSE, MAE, MAPE: 0.00542, 0.00542, 0.07361, 0.04016, 100.76%
Test - Best epoch, Loss, MSE, RMSE, MAE, MAPE: 9, 0.00653, 0.00653, 0.08083, 0.04026, 71.34%
Time spent: 6.43s
- Epoch 013, ExpID 4092
Train - Loss (one batch): 0.00631
Val - Loss, MSE, RMSE, MAE, MAPE: 0.00537, 0.00537, 0.07325, 0.03841, 108.06%
Test - Best epoch, Loss, MSE, RMSE, MAE, MAPE: 9, 0.00653, 0.00653, 0.08083, 0.04026, 71.34%
Time spent: 6.41s
- Epoch 014, ExpID 4092
Train - Loss (one batch): 0.00406
Val - Loss, MSE, RMSE, MAE, MAPE: 0.00592, 0.00592, 0.07693, 0.04286, 94.14%
Test - Best epoch, Loss, MSE, RMSE, MAE, MAPE: 9, 0.00653, 0.00653, 0.08083, 0.04026, 71.34%
Time spent: 6.42s
- Epoch 015, ExpID 4092
Train - Loss (one batch): 0.00357
Val - Loss, MSE, RMSE, MAE, MAPE: 0.00545, 0.00545, 0.07384, 0.04165, 63.47%
Test - Best epoch, Loss, MSE, RMSE, MAE, MAPE: 9, 0.00653, 0.00653, 0.08083, 0.04026, 71.34%
Time spent: 6.41s
- Epoch 016, ExpID 4092
Train - Loss (one batch): 0.00414
Val - Loss, MSE, RMSE, MAE, MAPE: 0.00517, 0.00517, 0.07189, 0.03873, 102.97%
Test - Best epoch, Loss, MSE, RMSE, MAE, MAPE: 16, 0.00644, 0.00644, 0.08025, 0.03856, 87.26%
Time spent: 7.31s
- Epoch 017, ExpID 4092
Train - Loss (one batch): 0.00351
Val - Loss, MSE, RMSE, MAE, MAPE: 0.00522, 0.00522, 0.07223, 0.03837, 105.61%
Test - Best epoch, Loss, MSE, RMSE, MAE, MAPE: 16, 0.00644, 0.00644, 0.08025, 0.03856, 87.26%
Time spent: 6.42s
- Epoch 018, ExpID 4092
Train - Loss (one batch): 0.00557
Val - Loss, MSE, RMSE, MAE, MAPE: 0.00542, 0.00542, 0.07362, 0.04249, 184.09%
Test - Best epoch, Loss, MSE, RMSE, MAE, MAPE: 16, 0.00644, 0.00644, 0.08025, 0.03856, 87.26%
Time spent: 6.41s
- Epoch 019, ExpID 4092
Train - Loss (one batch): 0.00943
Val - Loss, MSE, RMSE, MAE, MAPE: 0.00526, 0.00526, 0.07251, 0.03947, 107.68%
Test - Best epoch, Loss, MSE, RMSE, MAE, MAPE: 16, 0.00644, 0.00644, 0.08025, 0.03856, 87.26%
Time spent: 6.41s
- Epoch 020, ExpID 4092
Train - Loss (one batch): 0.00367
Val - Loss, MSE, RMSE, MAE, MAPE: 0.00519, 0.00519, 0.07202, 0.03910, 92.75%
Test - Best epoch, Loss, MSE, RMSE, MAE, MAPE: 16, 0.00644, 0.00644, 0.08025, 0.03856, 87.26%
Time spent: 6.39s
- Epoch 021, ExpID 4092
Train - Loss (one batch): 0.00344
Val - Loss, MSE, RMSE, MAE, MAPE: 0.00527, 0.00527, 0.07262, 0.03964, 86.59%
Test - Best epoch, Loss, MSE, RMSE, MAE, MAPE: 16, 0.00644, 0.00644, 0.08025, 0.03856, 87.26%
Time spent: 6.42s
- Epoch 022, ExpID 4092
Train - Loss (one batch): 0.00376
Val - Loss, MSE, RMSE, MAE, MAPE: 0.00529, 0.00529, 0.07274, 0.04028, 75.24%
Test - Best epoch, Loss, MSE, RMSE, MAE, MAPE: 16, 0.00644, 0.00644, 0.08025, 0.03856, 87.26%
Time spent: 6.42s
- Epoch 023, ExpID 4092
Train - Loss (one batch): 0.00464
Val - Loss, MSE, RMSE, MAE, MAPE: 0.00535, 0.00535, 0.07313, 0.03830, 83.42%
Test - Best epoch, Loss, MSE, RMSE, MAE, MAPE: 16, 0.00644, 0.00644, 0.08025, 0.03856, 87.26%
Time spent: 6.42s
- Epoch 024, ExpID 4092
Train - Loss (one batch): 0.00886
Val - Loss, MSE, RMSE, MAE, MAPE: 0.00559, 0.00559, 0.07477, 0.03986, 85.09%
Test - Best epoch, Loss, MSE, RMSE, MAE, MAPE: 16, 0.00644, 0.00644, 0.08025, 0.03856, 87.26%
Time spent: 6.41s
- Epoch 025, ExpID 4092
Train - Loss (one batch): 0.00699
Val - Loss, MSE, RMSE, MAE, MAPE: 0.00643, 0.00643, 0.08019, 0.04753, 77.09%
Test - Best epoch, Loss, MSE, RMSE, MAE, MAPE: 16, 0.00644, 0.00644, 0.08025, 0.03856, 87.26%
Time spent: 6.41s
- Epoch 026, ExpID 4092
Train - Loss (one batch): 0.00351
Val - Loss, MSE, RMSE, MAE, MAPE: 0.00544, 0.00544, 0.07376, 0.04060, 110.53%
Test - Best epoch, Loss, MSE, RMSE, MAE, MAPE: 16, 0.00644, 0.00644, 0.08025, 0.03856, 87.26%
Time spent: 6.41s
- Epoch 027, ExpID 4092
Train - Loss (one batch): 0.00287
Val - Loss, MSE, RMSE, MAE, MAPE: 0.00493, 0.00493, 0.07018, 0.03645, 90.13%
Test - Best epoch, Loss, MSE, RMSE, MAE, MAPE: 27, 0.00633, 0.00633, 0.07957, 0.03660, 79.07%
Time spent: 7.31s
- Epoch 028, ExpID 4092
Train - Loss (one batch): 0.00362
Val - Loss, MSE, RMSE, MAE, MAPE: 0.00509, 0.00509, 0.07132, 0.03850, 117.30%
Test - Best epoch, Loss, MSE, RMSE, MAE, MAPE: 27, 0.00633, 0.00633, 0.07957, 0.03660, 79.07%
Time spent: 6.41s
- Epoch 029, ExpID 4092
Train - Loss (one batch): 0.00502
Val - Loss, MSE, RMSE, MAE, MAPE: 0.00528, 0.00528, 0.07263, 0.03884, 93.22%
Test - Best epoch, Loss, MSE, RMSE, MAE, MAPE: 27, 0.00633, 0.00633, 0.07957, 0.03660, 79.07%
Time spent: 6.40s
- Epoch 030, ExpID 4092
Train - Loss (one batch): 0.00456
Val - Loss, MSE, RMSE, MAE, MAPE: 0.00522, 0.00522, 0.07226, 0.03971, 134.11%
Test - Best epoch, Loss, MSE, RMSE, MAE, MAPE: 27, 0.00633, 0.00633, 0.07957, 0.03660, 79.07%
Time spent: 6.42s
- Epoch 031, ExpID 4092
Train - Loss (one batch): 0.00399
Val - Loss, MSE, RMSE, MAE, MAPE: 0.00522, 0.00522, 0.07225, 0.03842, 126.41%
Test - Best epoch, Loss, MSE, RMSE, MAE, MAPE: 27, 0.00633, 0.00633, 0.07957, 0.03660, 79.07%
Time spent: 6.41s
- Epoch 032, ExpID 4092
Train - Loss (one batch): 0.00427
Val - Loss, MSE, RMSE, MAE, MAPE: 0.00513, 0.00513, 0.07163, 0.03777, 88.49%
Test - Best epoch, Loss, MSE, RMSE, MAE, MAPE: 27, 0.00633, 0.00633, 0.07957, 0.03660, 79.07%
Time spent: 6.43s
- Epoch 033, ExpID 4092
Train - Loss (one batch): 0.00554
Val - Loss, MSE, RMSE, MAE, MAPE: 0.00577, 0.00577, 0.07594, 0.04107, 73.85%
Test - Best epoch, Loss, MSE, RMSE, MAE, MAPE: 27, 0.00633, 0.00633, 0.07957, 0.03660, 79.07%
Time spent: 6.41s
- Epoch 034, ExpID 4092
Train - Loss (one batch): 0.00324
Val - Loss, MSE, RMSE, MAE, MAPE: 0.00525, 0.00525, 0.07244, 0.03872, 74.58%
Test - Best epoch, Loss, MSE, RMSE, MAE, MAPE: 27, 0.00633, 0.00633, 0.07957, 0.03660, 79.07%
Time spent: 6.41s
- Epoch 035, ExpID 4092
Train - Loss (one batch): 0.00281
Val - Loss, MSE, RMSE, MAE, MAPE: 0.00528, 0.00528, 0.07264, 0.03838, 103.31%
Test - Best epoch, Loss, MSE, RMSE, MAE, MAPE: 27, 0.00633, 0.00633, 0.07957, 0.03660, 79.07%
Time spent: 6.40s
- Epoch 036, ExpID 4092
Train - Loss (one batch): 0.00373
Val - Loss, MSE, RMSE, MAE, MAPE: 0.00516, 0.00516, 0.07185, 0.03779, 90.01%
Test - Best epoch, Loss, MSE, RMSE, MAE, MAPE: 27, 0.00633, 0.00633, 0.07957, 0.03660, 79.07%
Time spent: 6.42s
- Epoch 037, ExpID 4092
Train - Loss (one batch): 0.00404
Val - Loss, MSE, RMSE, MAE, MAPE: 0.00507, 0.00507, 0.07121, 0.03865, 94.83%
Test - Best epoch, Loss, MSE, RMSE, MAE, MAPE: 27, 0.00633, 0.00633, 0.07957, 0.03660, 79.07%
Time spent: 6.40s
- Epoch 038, ExpID 4092
Train - Loss (one batch): 0.00419
Val - Loss, MSE, RMSE, MAE, MAPE: 0.00558, 0.00558, 0.07470, 0.04241, 111.29%
Test - Best epoch, Loss, MSE, RMSE, MAE, MAPE: 27, 0.00633, 0.00633, 0.07957, 0.03660, 79.07%
Time spent: 6.41s
- Epoch 039, ExpID 4092
Train - Loss (one batch): 0.00356
Val - Loss, MSE, RMSE, MAE, MAPE: 0.00545, 0.00545, 0.07386, 0.04036, 135.50%
Test - Best epoch, Loss, MSE, RMSE, MAE, MAPE: 27, 0.00633, 0.00633, 0.07957, 0.03660, 79.07%
Time spent: 6.42s
- Epoch 040, ExpID 4092
Train - Loss (one batch): 0.00341
Val - Loss, MSE, RMSE, MAE, MAPE: 0.00543, 0.00543, 0.07368, 0.04074, 80.57%
Test - Best epoch, Loss, MSE, RMSE, MAE, MAPE: 27, 0.00633, 0.00633, 0.07957, 0.03660, 79.07%
Time spent: 6.42s
- Epoch 041, ExpID 4092
Train - Loss (one batch): 0.00355
Val - Loss, MSE, RMSE, MAE, MAPE: 0.00517, 0.00517, 0.07188, 0.03753, 80.14%
Test - Best epoch, Loss, MSE, RMSE, MAE, MAPE: 27, 0.00633, 0.00633, 0.07957, 0.03660, 79.07%
Time spent: 6.42s
- Epoch 042, ExpID 4092
Train - Loss (one batch): 0.00349
Val - Loss, MSE, RMSE, MAE, MAPE: 0.00564, 0.00564, 0.07513, 0.04031, 91.72%
Test - Best epoch, Loss, MSE, RMSE, MAE, MAPE: 27, 0.00633, 0.00633, 0.07957, 0.03660, 79.07%
Time spent: 6.42s
- Epoch 043, ExpID 4092
Train - Loss (one batch): 0.00380
Val - Loss, MSE, RMSE, MAE, MAPE: 0.00526, 0.00526, 0.07253, 0.03920, 87.58%
Test - Best epoch, Loss, MSE, RMSE, MAE, MAPE: 27, 0.00633, 0.00633, 0.07957, 0.03660, 79.07%
Time spent: 6.42s
- Epoch 044, ExpID 4092
Train - Loss (one batch): 0.00442
Val - Loss, MSE, RMSE, MAE, MAPE: 0.00507, 0.00507, 0.07117, 0.03784, 85.12%
Test - Best epoch, Loss, MSE, RMSE, MAE, MAPE: 27, 0.00633, 0.00633, 0.07957, 0.03660, 79.07%
Time spent: 6.42s
- Epoch 045, ExpID 4092
Train - Loss (one batch): 0.00341
Val - Loss, MSE, RMSE, MAE, MAPE: 0.00537, 0.00537, 0.07326, 0.03903, 99.34%
Test - Best epoch, Loss, MSE, RMSE, MAE, MAPE: 27, 0.00633, 0.00633, 0.07957, 0.03660, 79.07%
Time spent: 6.41s
- Epoch 046, ExpID 4092
Train - Loss (one batch): 0.00338
Val - Loss, MSE, RMSE, MAE, MAPE: 0.00513, 0.00513, 0.07165, 0.03831, 118.10%
Test - Best epoch, Loss, MSE, RMSE, MAE, MAPE: 27, 0.00633, 0.00633, 0.07957, 0.03660, 79.07%
Time spent: 6.39s
- Epoch 047, ExpID 4092
Train - Loss (one batch): 0.00275
Val - Loss, MSE, RMSE, MAE, MAPE: 0.00544, 0.00544, 0.07375, 0.04035, 147.89%
Test - Best epoch, Loss, MSE, RMSE, MAE, MAPE: 27, 0.00633, 0.00633, 0.07957, 0.03660, 79.07%
Time spent: 6.39s
- Epoch 048, ExpID 4092
Train - Loss (one batch): 0.00482
Val - Loss, MSE, RMSE, MAE, MAPE: 0.00530, 0.00530, 0.07282, 0.03935, 92.11%
Test - Best epoch, Loss, MSE, RMSE, MAE, MAPE: 27, 0.00633, 0.00633, 0.07957, 0.03660, 79.07%
Time spent: 6.39s
- Epoch 049, ExpID 4092
Train - Loss (one batch): 0.00462
Val - Loss, MSE, RMSE, MAE, MAPE: 0.00527, 0.00527, 0.07259, 0.04074, 147.80%
Test - Best epoch, Loss, MSE, RMSE, MAE, MAPE: 27, 0.00633, 0.00633, 0.07957, 0.03660, 79.07%
Time spent: 6.42s
- Epoch 050, ExpID 4092
Train - Loss (one batch): 0.00379
Val - Loss, MSE, RMSE, MAE, MAPE: 0.00544, 0.00544, 0.07378, 0.03965, 100.57%
Test - Best epoch, Loss, MSE, RMSE, MAE, MAPE: 27, 0.00633, 0.00633, 0.07957, 0.03660, 79.07%
Time spent: 6.41s
- Epoch 051, ExpID 4092
Train - Loss (one batch): 0.00463
Val - Loss, MSE, RMSE, MAE, MAPE: 0.00529, 0.00529, 0.07275, 0.03790, 87.72%
Test - Best epoch, Loss, MSE, RMSE, MAE, MAPE: 27, 0.00633, 0.00633, 0.07957, 0.03660, 79.07%
Time spent: 6.41s
- Epoch 052, ExpID 4092
Train - Loss (one batch): 0.00337
Val - Loss, MSE, RMSE, MAE, MAPE: 0.00527, 0.00527, 0.07260, 0.03818, 88.55%
Test - Best epoch, Loss, MSE, RMSE, MAE, MAPE: 27, 0.00633, 0.00633, 0.07957, 0.03660, 79.07%
Time spent: 6.41s
