/home/ouass/Test/MSP-IMTS/tPatchGNN/run_models.py
2026-03-08 14:41:19
run_models.py --dataset physionet --history 24 --quantization 1.0 --hid_dim 64 --te_dim 10 --node_dim 10 --nlayer 1 --tf_layer 1 --nhead 1 --batch_size 32 --lr 1e-3 --patience 15 --epoch 600 --seed 1 --gpu 0 --metric global --multi_scales 2,8,24 --multi_strides 2,8,24 --fusion gated
Namespace(multi_scales='2,8,24', multi_strides='2,8,24', fusion='gated', state='def', n=100000000, hop=1, nhead=1, tf_layer=1, nlayer=1, epoch=600, patience=15, history=24, patch_size=24, stride=24, logmode='a', lr=0.001, w_decay=0.0, batch_size=32, save='experiments/', load=None, seed=1, dataset='physionet', quantization=1.0, model='tPatchGNN', outlayer='Linear', hid_dim=64, te_dim=10, node_dim=10, gpu='0', metric='global', npatch=1, device=device(type='cuda'), PID=1952413, ndim=41)
- Epoch 000, ExpID 77895
Train - Loss (one batch): 0.00501
Val - Loss, MSE, RMSE, MAE, MAPE: 0.00523, 0.00523, 0.07232, 0.04538, 56.94%
Test - Best epoch, Loss, MSE, RMSE, MAE, MAPE: 0, 0.00560, 0.00560, 0.07481, 0.04545, 50.66%
Time spent: 10.78s
- Epoch 001, ExpID 77895
Train - Loss (one batch): 0.00427
Val - Loss, MSE, RMSE, MAE, MAPE: 0.00473, 0.00473, 0.06878, 0.04100, 34.39%
Test - Best epoch, Loss, MSE, RMSE, MAE, MAPE: 1, 0.00512, 0.00512, 0.07157, 0.04115, 31.43%
Time spent: 10.72s
- Epoch 002, ExpID 77895
Train - Loss (one batch): 0.00321
Val - Loss, MSE, RMSE, MAE, MAPE: 0.00461, 0.00461, 0.06787, 0.04041, 27.90%
Test - Best epoch, Loss, MSE, RMSE, MAE, MAPE: 2, 0.00498, 0.00498, 0.07060, 0.04047, 25.58%
Time spent: 10.73s
- Epoch 003, ExpID 77895
Train - Loss (one batch): 0.00414
Val - Loss, MSE, RMSE, MAE, MAPE: 0.00461, 0.00461, 0.06789, 0.03947, 28.85%
Test - Best epoch, Loss, MSE, RMSE, MAE, MAPE: 2, 0.00498, 0.00498, 0.07060, 0.04047, 25.58%
Time spent: 9.46s
- Epoch 004, ExpID 77895
Train - Loss (one batch): 0.00432
Val - Loss, MSE, RMSE, MAE, MAPE: 0.00552, 0.00552, 0.07431, 0.04836, 51.16%
Test - Best epoch, Loss, MSE, RMSE, MAE, MAPE: 2, 0.00498, 0.00498, 0.07060, 0.04047, 25.58%
Time spent: 9.46s
- Epoch 005, ExpID 77895
Train - Loss (one batch): 0.00319
Val - Loss, MSE, RMSE, MAE, MAPE: 0.00483, 0.00483, 0.06950, 0.04259, 32.48%
Test - Best epoch, Loss, MSE, RMSE, MAE, MAPE: 2, 0.00498, 0.00498, 0.07060, 0.04047, 25.58%
Time spent: 9.46s
- Epoch 006, ExpID 77895
Train - Loss (one batch): 0.00444
Val - Loss, MSE, RMSE, MAE, MAPE: 0.00429, 0.00429, 0.06547, 0.03779, 26.39%
Test - Best epoch, Loss, MSE, RMSE, MAE, MAPE: 6, 0.00466, 0.00466, 0.06827, 0.03782, 24.31%
Time spent: 10.73s
- Epoch 007, ExpID 77895
Train - Loss (one batch): 0.00490
Val - Loss, MSE, RMSE, MAE, MAPE: 0.00514, 0.00514, 0.07172, 0.04509, 41.25%
Test - Best epoch, Loss, MSE, RMSE, MAE, MAPE: 6, 0.00466, 0.00466, 0.06827, 0.03782, 24.31%
Time spent: 9.46s
- Epoch 008, ExpID 77895
Train - Loss (one batch): 0.00371
Val - Loss, MSE, RMSE, MAE, MAPE: 0.00444, 0.00444, 0.06661, 0.03930, 33.00%
Test - Best epoch, Loss, MSE, RMSE, MAE, MAPE: 6, 0.00466, 0.00466, 0.06827, 0.03782, 24.31%
Time spent: 9.46s
- Epoch 009, ExpID 77895
Train - Loss (one batch): 0.00456
Val - Loss, MSE, RMSE, MAE, MAPE: 0.00434, 0.00434, 0.06585, 0.03742, 33.27%
Test - Best epoch, Loss, MSE, RMSE, MAE, MAPE: 6, 0.00466, 0.00466, 0.06827, 0.03782, 24.31%
Time spent: 9.46s
- Epoch 010, ExpID 77895
Train - Loss (one batch): 0.00383
Val - Loss, MSE, RMSE, MAE, MAPE: 0.00444, 0.00444, 0.06663, 0.03864, 25.38%
Test - Best epoch, Loss, MSE, RMSE, MAE, MAPE: 6, 0.00466, 0.00466, 0.06827, 0.03782, 24.31%
Time spent: 9.46s
- Epoch 011, ExpID 77895
Train - Loss (one batch): 0.00555
Val - Loss, MSE, RMSE, MAE, MAPE: 0.00440, 0.00440, 0.06633, 0.03896, 39.21%
Test - Best epoch, Loss, MSE, RMSE, MAE, MAPE: 6, 0.00466, 0.00466, 0.06827, 0.03782, 24.31%
Time spent: 9.46s
- Epoch 012, ExpID 77895
Train - Loss (one batch): 0.00311
Val - Loss, MSE, RMSE, MAE, MAPE: 0.00428, 0.00428, 0.06543, 0.03724, 32.10%
Test - Best epoch, Loss, MSE, RMSE, MAE, MAPE: 12, 0.00466, 0.00466, 0.06824, 0.03728, 29.95%
Time spent: 10.73s
- Epoch 013, ExpID 77895
Train - Loss (one batch): 0.00574
Val - Loss, MSE, RMSE, MAE, MAPE: 0.00419, 0.00419, 0.06474, 0.03667, 36.91%
Test - Best epoch, Loss, MSE, RMSE, MAE, MAPE: 13, 0.00453, 0.00453, 0.06731, 0.03662, 34.37%
Time spent: 10.73s
- Epoch 014, ExpID 77895
Train - Loss (one batch): 0.00443
Val - Loss, MSE, RMSE, MAE, MAPE: 0.00423, 0.00423, 0.06503, 0.03773, 27.78%
Test - Best epoch, Loss, MSE, RMSE, MAE, MAPE: 13, 0.00453, 0.00453, 0.06731, 0.03662, 34.37%
Time spent: 9.46s
- Epoch 015, ExpID 77895
Train - Loss (one batch): 0.00532
Val - Loss, MSE, RMSE, MAE, MAPE: 0.00427, 0.00427, 0.06531, 0.03780, 35.87%
Test - Best epoch, Loss, MSE, RMSE, MAE, MAPE: 13, 0.00453, 0.00453, 0.06731, 0.03662, 34.37%
Time spent: 9.46s
- Epoch 016, ExpID 77895
Train - Loss (one batch): 0.00465
Val - Loss, MSE, RMSE, MAE, MAPE: 0.00476, 0.00476, 0.06900, 0.04324, 39.43%
Test - Best epoch, Loss, MSE, RMSE, MAE, MAPE: 13, 0.00453, 0.00453, 0.06731, 0.03662, 34.37%
Time spent: 9.46s
- Epoch 017, ExpID 77895
Train - Loss (one batch): 0.00385
Val - Loss, MSE, RMSE, MAE, MAPE: 0.00421, 0.00421, 0.06491, 0.03697, 27.29%
Test - Best epoch, Loss, MSE, RMSE, MAE, MAPE: 13, 0.00453, 0.00453, 0.06731, 0.03662, 34.37%
Time spent: 9.46s
- Epoch 018, ExpID 77895
Train - Loss (one batch): 0.00329
Val - Loss, MSE, RMSE, MAE, MAPE: 0.00416, 0.00416, 0.06449, 0.03627, 29.21%
Test - Best epoch, Loss, MSE, RMSE, MAE, MAPE: 18, 0.00452, 0.00452, 0.06724, 0.03628, 27.01%
Time spent: 10.73s
- Epoch 019, ExpID 77895
Train - Loss (one batch): 0.00324
Val - Loss, MSE, RMSE, MAE, MAPE: 0.00442, 0.00442, 0.06652, 0.03957, 27.91%
Test - Best epoch, Loss, MSE, RMSE, MAE, MAPE: 18, 0.00452, 0.00452, 0.06724, 0.03628, 27.01%
Time spent: 9.46s
- Epoch 020, ExpID 77895
Train - Loss (one batch): 0.00452
Val - Loss, MSE, RMSE, MAE, MAPE: 0.00461, 0.00461, 0.06791, 0.04070, 32.56%
Test - Best epoch, Loss, MSE, RMSE, MAE, MAPE: 18, 0.00452, 0.00452, 0.06724, 0.03628, 27.01%
Time spent: 9.46s
- Epoch 021, ExpID 77895
Train - Loss (one batch): 0.00390
Val - Loss, MSE, RMSE, MAE, MAPE: 0.00407, 0.00407, 0.06377, 0.03585, 34.30%
Test - Best epoch, Loss, MSE, RMSE, MAE, MAPE: 21, 0.00444, 0.00444, 0.06666, 0.03592, 32.04%
Time spent: 10.73s
- Epoch 022, ExpID 77895
Train - Loss (one batch): 0.00371
Val - Loss, MSE, RMSE, MAE, MAPE: 0.00417, 0.00417, 0.06460, 0.03708, 26.70%
Test - Best epoch, Loss, MSE, RMSE, MAE, MAPE: 21, 0.00444, 0.00444, 0.06666, 0.03592, 32.04%
Time spent: 9.46s
- Epoch 023, ExpID 77895
Train - Loss (one batch): 0.00365
Val - Loss, MSE, RMSE, MAE, MAPE: 0.00417, 0.00417, 0.06460, 0.03678, 27.24%
Test - Best epoch, Loss, MSE, RMSE, MAE, MAPE: 21, 0.00444, 0.00444, 0.06666, 0.03592, 32.04%
Time spent: 9.46s
- Epoch 024, ExpID 77895
Train - Loss (one batch): 0.00363
Val - Loss, MSE, RMSE, MAE, MAPE: 0.00425, 0.00425, 0.06521, 0.03851, 39.78%
Test - Best epoch, Loss, MSE, RMSE, MAE, MAPE: 21, 0.00444, 0.00444, 0.06666, 0.03592, 32.04%
Time spent: 9.46s
- Epoch 025, ExpID 77895
Train - Loss (one batch): 0.00295
Val - Loss, MSE, RMSE, MAE, MAPE: 0.00407, 0.00407, 0.06383, 0.03660, 31.25%
Test - Best epoch, Loss, MSE, RMSE, MAE, MAPE: 21, 0.00444, 0.00444, 0.06666, 0.03592, 32.04%
Time spent: 9.46s
- Epoch 026, ExpID 77895
Train - Loss (one batch): 0.00313
Val - Loss, MSE, RMSE, MAE, MAPE: 0.00452, 0.00452, 0.06719, 0.03858, 43.09%
Test - Best epoch, Loss, MSE, RMSE, MAE, MAPE: 21, 0.00444, 0.00444, 0.06666, 0.03592, 32.04%
Time spent: 9.45s
- Epoch 027, ExpID 77895
Train - Loss (one batch): 0.00379
Val - Loss, MSE, RMSE, MAE, MAPE: 0.00414, 0.00414, 0.06436, 0.03703, 27.29%
Test - Best epoch, Loss, MSE, RMSE, MAE, MAPE: 21, 0.00444, 0.00444, 0.06666, 0.03592, 32.04%
Time spent: 9.46s
- Epoch 028, ExpID 77895
Train - Loss (one batch): 0.00516
Val - Loss, MSE, RMSE, MAE, MAPE: 0.00411, 0.00411, 0.06407, 0.03672, 23.56%
Test - Best epoch, Loss, MSE, RMSE, MAE, MAPE: 21, 0.00444, 0.00444, 0.06666, 0.03592, 32.04%
Time spent: 9.46s
- Epoch 029, ExpID 77895
Train - Loss (one batch): 0.00352
Val - Loss, MSE, RMSE, MAE, MAPE: 0.00408, 0.00408, 0.06388, 0.03574, 34.83%
Test - Best epoch, Loss, MSE, RMSE, MAE, MAPE: 21, 0.00444, 0.00444, 0.06666, 0.03592, 32.04%
Time spent: 9.45s
- Epoch 030, ExpID 77895
Train - Loss (one batch): 0.00394
Val - Loss, MSE, RMSE, MAE, MAPE: 0.00420, 0.00420, 0.06478, 0.03716, 29.50%
Test - Best epoch, Loss, MSE, RMSE, MAE, MAPE: 21, 0.00444, 0.00444, 0.06666, 0.03592, 32.04%
Time spent: 9.46s
- Epoch 031, ExpID 77895
Train - Loss (one batch): 0.00436
Val - Loss, MSE, RMSE, MAE, MAPE: 0.00415, 0.00415, 0.06444, 0.03735, 37.83%
Test - Best epoch, Loss, MSE, RMSE, MAE, MAPE: 21, 0.00444, 0.00444, 0.06666, 0.03592, 32.04%
Time spent: 9.46s
- Epoch 032, ExpID 77895
Train - Loss (one batch): 0.00317
Val - Loss, MSE, RMSE, MAE, MAPE: 0.00443, 0.00443, 0.06654, 0.03944, 44.20%
Test - Best epoch, Loss, MSE, RMSE, MAE, MAPE: 21, 0.00444, 0.00444, 0.06666, 0.03592, 32.04%
Time spent: 9.46s
- Epoch 033, ExpID 77895
Train - Loss (one batch): 0.00336
Val - Loss, MSE, RMSE, MAE, MAPE: 0.00409, 0.00409, 0.06399, 0.03530, 32.67%
Test - Best epoch, Loss, MSE, RMSE, MAE, MAPE: 21, 0.00444, 0.00444, 0.06666, 0.03592, 32.04%
Time spent: 9.45s
- Epoch 034, ExpID 77895
Train - Loss (one batch): 0.00334
Val - Loss, MSE, RMSE, MAE, MAPE: 0.00415, 0.00415, 0.06446, 0.03623, 29.69%
Test - Best epoch, Loss, MSE, RMSE, MAE, MAPE: 21, 0.00444, 0.00444, 0.06666, 0.03592, 32.04%
Time spent: 9.45s
- Epoch 035, ExpID 77895
Train - Loss (one batch): 0.00378
Val - Loss, MSE, RMSE, MAE, MAPE: 0.00402, 0.00402, 0.06341, 0.03506, 36.17%
Test - Best epoch, Loss, MSE, RMSE, MAE, MAPE: 35, 0.00438, 0.00438, 0.06615, 0.03513, 34.32%
Time spent: 10.72s
- Epoch 036, ExpID 77895
Train - Loss (one batch): 0.00424
Val - Loss, MSE, RMSE, MAE, MAPE: 0.00408, 0.00408, 0.06386, 0.03524, 27.02%
Test - Best epoch, Loss, MSE, RMSE, MAE, MAPE: 35, 0.00438, 0.00438, 0.06615, 0.03513, 34.32%
Time spent: 9.45s
- Epoch 037, ExpID 77895
Train - Loss (one batch): 0.00306
Val - Loss, MSE, RMSE, MAE, MAPE: 0.00409, 0.00409, 0.06399, 0.03546, 27.02%
Test - Best epoch, Loss, MSE, RMSE, MAE, MAPE: 35, 0.00438, 0.00438, 0.06615, 0.03513, 34.32%
Time spent: 9.45s
- Epoch 038, ExpID 77895
Train - Loss (one batch): 0.00418
Val - Loss, MSE, RMSE, MAE, MAPE: 0.00421, 0.00421, 0.06492, 0.03763, 29.35%
Test - Best epoch, Loss, MSE, RMSE, MAE, MAPE: 35, 0.00438, 0.00438, 0.06615, 0.03513, 34.32%
Time spent: 9.45s
- Epoch 039, ExpID 77895
Train - Loss (one batch): 0.00195
Val - Loss, MSE, RMSE, MAE, MAPE: 0.00408, 0.00408, 0.06384, 0.03583, 25.75%
Test - Best epoch, Loss, MSE, RMSE, MAE, MAPE: 35, 0.00438, 0.00438, 0.06615, 0.03513, 34.32%
Time spent: 9.46s
- Epoch 040, ExpID 77895
Train - Loss (one batch): 0.00416
Val - Loss, MSE, RMSE, MAE, MAPE: 0.00411, 0.00411, 0.06415, 0.03584, 25.55%
Test - Best epoch, Loss, MSE, RMSE, MAE, MAPE: 35, 0.00438, 0.00438, 0.06615, 0.03513, 34.32%
Time spent: 9.45s
- Epoch 041, ExpID 77895
Train - Loss (one batch): 0.00255
Val - Loss, MSE, RMSE, MAE, MAPE: 0.00407, 0.00407, 0.06376, 0.03591, 28.11%
Test - Best epoch, Loss, MSE, RMSE, MAE, MAPE: 35, 0.00438, 0.00438, 0.06615, 0.03513, 34.32%
Time spent: 9.45s
- Epoch 042, ExpID 77895
Train - Loss (one batch): 0.00408
Val - Loss, MSE, RMSE, MAE, MAPE: 0.00422, 0.00422, 0.06499, 0.03816, 57.49%
Test - Best epoch, Loss, MSE, RMSE, MAE, MAPE: 35, 0.00438, 0.00438, 0.06615, 0.03513, 34.32%
Time spent: 9.45s
- Epoch 043, ExpID 77895
Train - Loss (one batch): 0.00322
Val - Loss, MSE, RMSE, MAE, MAPE: 0.00402, 0.00402, 0.06338, 0.03497, 25.98%
Test - Best epoch, Loss, MSE, RMSE, MAE, MAPE: 43, 0.00437, 0.00437, 0.06610, 0.03500, 24.00%
Time spent: 10.72s
- Epoch 044, ExpID 77895
Train - Loss (one batch): 0.00422
Val - Loss, MSE, RMSE, MAE, MAPE: 0.00414, 0.00414, 0.06438, 0.03580, 43.42%
Test - Best epoch, Loss, MSE, RMSE, MAE, MAPE: 43, 0.00437, 0.00437, 0.06610, 0.03500, 24.00%
Time spent: 9.45s
- Epoch 045, ExpID 77895
Train - Loss (one batch): 0.00423
Val - Loss, MSE, RMSE, MAE, MAPE: 0.00416, 0.00416, 0.06453, 0.03734, 31.91%
Test - Best epoch, Loss, MSE, RMSE, MAE, MAPE: 43, 0.00437, 0.00437, 0.06610, 0.03500, 24.00%
Time spent: 9.45s
- Epoch 046, ExpID 77895
Train - Loss (one batch): 0.00465
Val - Loss, MSE, RMSE, MAE, MAPE: 0.00446, 0.00446, 0.06681, 0.04044, 58.31%
Test - Best epoch, Loss, MSE, RMSE, MAE, MAPE: 43, 0.00437, 0.00437, 0.06610, 0.03500, 24.00%
Time spent: 9.45s
- Epoch 047, ExpID 77895
Train - Loss (one batch): 0.00330
Val - Loss, MSE, RMSE, MAE, MAPE: 0.00423, 0.00423, 0.06504, 0.03793, 30.23%
Test - Best epoch, Loss, MSE, RMSE, MAE, MAPE: 43, 0.00437, 0.00437, 0.06610, 0.03500, 24.00%
Time spent: 9.45s
- Epoch 048, ExpID 77895
Train - Loss (one batch): 0.00424
Val - Loss, MSE, RMSE, MAE, MAPE: 0.00409, 0.00409, 0.06393, 0.03600, 36.73%
Test - Best epoch, Loss, MSE, RMSE, MAE, MAPE: 43, 0.00437, 0.00437, 0.06610, 0.03500, 24.00%
Time spent: 9.45s
- Epoch 049, ExpID 77895
Train - Loss (one batch): 0.00477
Val - Loss, MSE, RMSE, MAE, MAPE: 0.00410, 0.00410, 0.06401, 0.03610, 28.16%
Test - Best epoch, Loss, MSE, RMSE, MAE, MAPE: 43, 0.00437, 0.00437, 0.06610, 0.03500, 24.00%
Time spent: 9.45s
- Epoch 050, ExpID 77895
Train - Loss (one batch): 0.00414
Val - Loss, MSE, RMSE, MAE, MAPE: 0.00425, 0.00425, 0.06523, 0.03780, 42.43%
Test - Best epoch, Loss, MSE, RMSE, MAE, MAPE: 43, 0.00437, 0.00437, 0.06610, 0.03500, 24.00%
Time spent: 9.46s
- Epoch 051, ExpID 77895
Train - Loss (one batch): 0.00286
Val - Loss, MSE, RMSE, MAE, MAPE: 0.00420, 0.00420, 0.06479, 0.03566, 34.36%
Test - Best epoch, Loss, MSE, RMSE, MAE, MAPE: 43, 0.00437, 0.00437, 0.06610, 0.03500, 24.00%
Time spent: 9.46s
- Epoch 052, ExpID 77895
Train - Loss (one batch): 0.00368
Val - Loss, MSE, RMSE, MAE, MAPE: 0.00435, 0.00435, 0.06594, 0.03884, 42.45%
Test - Best epoch, Loss, MSE, RMSE, MAE, MAPE: 43, 0.00437, 0.00437, 0.06610, 0.03500, 24.00%
Time spent: 9.45s
- Epoch 053, ExpID 77895
Train - Loss (one batch): 0.00306
Val - Loss, MSE, RMSE, MAE, MAPE: 0.00408, 0.00408, 0.06386, 0.03604, 39.55%
Test - Best epoch, Loss, MSE, RMSE, MAE, MAPE: 43, 0.00437, 0.00437, 0.06610, 0.03500, 24.00%
Time spent: 9.45s
- Epoch 054, ExpID 77895
Train - Loss (one batch): 0.00368
Val - Loss, MSE, RMSE, MAE, MAPE: 0.00415, 0.00415, 0.06446, 0.03578, 35.35%
Test - Best epoch, Loss, MSE, RMSE, MAE, MAPE: 43, 0.00437, 0.00437, 0.06610, 0.03500, 24.00%
Time spent: 9.46s
- Epoch 055, ExpID 77895
Train - Loss (one batch): 0.00332
Val - Loss, MSE, RMSE, MAE, MAPE: 0.00411, 0.00411, 0.06411, 0.03537, 32.06%
Test - Best epoch, Loss, MSE, RMSE, MAE, MAPE: 43, 0.00437, 0.00437, 0.06610, 0.03500, 24.00%
Time spent: 9.46s
- Epoch 056, ExpID 77895
Train - Loss (one batch): 0.00352
Val - Loss, MSE, RMSE, MAE, MAPE: 0.00410, 0.00410, 0.06406, 0.03621, 28.04%
Test - Best epoch, Loss, MSE, RMSE, MAE, MAPE: 43, 0.00437, 0.00437, 0.06610, 0.03500, 24.00%
Time spent: 9.45s
- Epoch 057, ExpID 77895
Train - Loss (one batch): 0.00390
Val - Loss, MSE, RMSE, MAE, MAPE: 0.00418, 0.00418, 0.06465, 0.03650, 33.96%
Test - Best epoch, Loss, MSE, RMSE, MAE, MAPE: 43, 0.00437, 0.00437, 0.06610, 0.03500, 24.00%
Time spent: 9.45s
- Epoch 058, ExpID 77895
Train - Loss (one batch): 0.00420
Val - Loss, MSE, RMSE, MAE, MAPE: 0.00405, 0.00405, 0.06366, 0.03511, 31.61%
Test - Best epoch, Loss, MSE, RMSE, MAE, MAPE: 43, 0.00437, 0.00437, 0.06610, 0.03500, 24.00%
Time spent: 9.46s
/home/ouass/Test/MSP-IMTS/tPatchGNN/run_models.py
2026-03-08 14:51:14
run_models.py --dataset physionet --history 24 --quantization 1.0 --hid_dim 64 --te_dim 10 --node_dim 10 --nlayer 1 --tf_layer 1 --nhead 1 --batch_size 32 --lr 1e-3 --patience 15 --epoch 600 --seed 2 --gpu 0 --metric global --multi_scales 2,8,24 --multi_strides 2,8,24 --fusion gated
Namespace(multi_scales='2,8,24', multi_strides='2,8,24', fusion='gated', state='def', n=100000000, hop=1, nhead=1, tf_layer=1, nlayer=1, epoch=600, patience=15, history=24, patch_size=24, stride=24, logmode='a', lr=0.001, w_decay=0.0, batch_size=32, save='experiments/', load=None, seed=2, dataset='physionet', quantization=1.0, model='tPatchGNN', outlayer='Linear', hid_dim=64, te_dim=10, node_dim=10, gpu='0', metric='global', npatch=1, device=device(type='cuda'), PID=1952592, ndim=41)
- Epoch 000, ExpID 56158
Train - Loss (one batch): 0.00617
Val - Loss, MSE, RMSE, MAE, MAPE: 0.00501, 0.00501, 0.07077, 0.04148, 46.39%
Test - Best epoch, Loss, MSE, RMSE, MAE, MAPE: 0, 0.00539, 0.00539, 0.07343, 0.04149, 43.65%
Time spent: 10.78s
- Epoch 001, ExpID 56158
Train - Loss (one batch): 0.00527
Val - Loss, MSE, RMSE, MAE, MAPE: 0.00455, 0.00455, 0.06749, 0.03994, 51.06%
Test - Best epoch, Loss, MSE, RMSE, MAE, MAPE: 1, 0.00493, 0.00493, 0.07023, 0.03988, 49.05%
Time spent: 10.72s
- Epoch 002, ExpID 56158
Train - Loss (one batch): 0.00490
Val - Loss, MSE, RMSE, MAE, MAPE: 0.00480, 0.00480, 0.06930, 0.04207, 33.07%
Test - Best epoch, Loss, MSE, RMSE, MAE, MAPE: 1, 0.00493, 0.00493, 0.07023, 0.03988, 49.05%
Time spent: 9.45s
- Epoch 003, ExpID 56158
Train - Loss (one batch): 0.00457
Val - Loss, MSE, RMSE, MAE, MAPE: 0.00434, 0.00434, 0.06590, 0.03760, 43.40%
Test - Best epoch, Loss, MSE, RMSE, MAE, MAPE: 3, 0.00473, 0.00473, 0.06880, 0.03759, 41.52%
Time spent: 10.72s
- Epoch 004, ExpID 56158
Train - Loss (one batch): 0.00500
Val - Loss, MSE, RMSE, MAE, MAPE: 0.00431, 0.00431, 0.06563, 0.03770, 34.76%
Test - Best epoch, Loss, MSE, RMSE, MAE, MAPE: 4, 0.00471, 0.00471, 0.06861, 0.03768, 32.88%
Time spent: 10.72s
- Epoch 005, ExpID 56158
Train - Loss (one batch): 0.00439
Val - Loss, MSE, RMSE, MAE, MAPE: 0.00442, 0.00442, 0.06645, 0.03837, 32.77%
Test - Best epoch, Loss, MSE, RMSE, MAE, MAPE: 4, 0.00471, 0.00471, 0.06861, 0.03768, 32.88%
Time spent: 9.46s
- Epoch 006, ExpID 56158
Train - Loss (one batch): 0.00545
Val - Loss, MSE, RMSE, MAE, MAPE: 0.00427, 0.00427, 0.06537, 0.03739, 32.00%
Test - Best epoch, Loss, MSE, RMSE, MAE, MAPE: 6, 0.00466, 0.00466, 0.06830, 0.03736, 29.67%
Time spent: 10.72s
- Epoch 007, ExpID 56158
Train - Loss (one batch): 0.00470
Val - Loss, MSE, RMSE, MAE, MAPE: 0.00436, 0.00436, 0.06600, 0.03871, 27.44%
Test - Best epoch, Loss, MSE, RMSE, MAE, MAPE: 6, 0.00466, 0.00466, 0.06830, 0.03736, 29.67%
Time spent: 9.46s
- Epoch 008, ExpID 56158
Train - Loss (one batch): 0.00367
Val - Loss, MSE, RMSE, MAE, MAPE: 0.00456, 0.00456, 0.06752, 0.03932, 30.46%
Test - Best epoch, Loss, MSE, RMSE, MAE, MAPE: 6, 0.00466, 0.00466, 0.06830, 0.03736, 29.67%
Time spent: 9.46s
- Epoch 009, ExpID 56158
Train - Loss (one batch): 0.00363
Val - Loss, MSE, RMSE, MAE, MAPE: 0.00420, 0.00420, 0.06481, 0.03709, 25.12%
Test - Best epoch, Loss, MSE, RMSE, MAE, MAPE: 9, 0.00458, 0.00458, 0.06768, 0.03713, 23.16%
Time spent: 10.72s
- Epoch 010, ExpID 56158
Train - Loss (one batch): 0.00394
Val - Loss, MSE, RMSE, MAE, MAPE: 0.00453, 0.00453, 0.06734, 0.03977, 30.57%
Test - Best epoch, Loss, MSE, RMSE, MAE, MAPE: 9, 0.00458, 0.00458, 0.06768, 0.03713, 23.16%
Time spent: 9.45s
- Epoch 011, ExpID 56158
Train - Loss (one batch): 0.00447
Val - Loss, MSE, RMSE, MAE, MAPE: 0.00432, 0.00432, 0.06569, 0.03857, 48.58%
Test - Best epoch, Loss, MSE, RMSE, MAE, MAPE: 9, 0.00458, 0.00458, 0.06768, 0.03713, 23.16%
Time spent: 9.45s
- Epoch 012, ExpID 56158
Train - Loss (one batch): 0.00414
Val - Loss, MSE, RMSE, MAE, MAPE: 0.00436, 0.00436, 0.06606, 0.03792, 28.72%
Test - Best epoch, Loss, MSE, RMSE, MAE, MAPE: 9, 0.00458, 0.00458, 0.06768, 0.03713, 23.16%
Time spent: 9.46s
- Epoch 013, ExpID 56158
Train - Loss (one batch): 0.00455
Val - Loss, MSE, RMSE, MAE, MAPE: 0.00440, 0.00440, 0.06634, 0.03839, 38.68%
Test - Best epoch, Loss, MSE, RMSE, MAE, MAPE: 9, 0.00458, 0.00458, 0.06768, 0.03713, 23.16%
Time spent: 9.45s
- Epoch 014, ExpID 56158
Train - Loss (one batch): 0.00412
Val - Loss, MSE, RMSE, MAE, MAPE: 0.00420, 0.00420, 0.06480, 0.03662, 29.17%
Test - Best epoch, Loss, MSE, RMSE, MAE, MAPE: 14, 0.00460, 0.00460, 0.06781, 0.03674, 27.30%
Time spent: 10.72s
- Epoch 015, ExpID 56158
Train - Loss (one batch): 0.00471
Val - Loss, MSE, RMSE, MAE, MAPE: 0.00419, 0.00419, 0.06472, 0.03766, 33.52%
Test - Best epoch, Loss, MSE, RMSE, MAE, MAPE: 15, 0.00455, 0.00455, 0.06743, 0.03766, 31.17%
Time spent: 10.72s
- Epoch 016, ExpID 56158
Train - Loss (one batch): 0.00342
Val - Loss, MSE, RMSE, MAE, MAPE: 0.00439, 0.00439, 0.06624, 0.03994, 40.84%
Test - Best epoch, Loss, MSE, RMSE, MAE, MAPE: 15, 0.00455, 0.00455, 0.06743, 0.03766, 31.17%
Time spent: 9.45s
- Epoch 017, ExpID 56158
Train - Loss (one batch): 0.00447
Val - Loss, MSE, RMSE, MAE, MAPE: 0.00413, 0.00413, 0.06425, 0.03672, 36.56%
Test - Best epoch, Loss, MSE, RMSE, MAE, MAPE: 17, 0.00450, 0.00450, 0.06707, 0.03675, 34.18%
Time spent: 10.72s
- Epoch 018, ExpID 56158
Train - Loss (one batch): 0.00365
Val - Loss, MSE, RMSE, MAE, MAPE: 0.00419, 0.00419, 0.06471, 0.03713, 40.49%
Test - Best epoch, Loss, MSE, RMSE, MAE, MAPE: 17, 0.00450, 0.00450, 0.06707, 0.03675, 34.18%
Time spent: 9.45s
- Epoch 019, ExpID 56158
Train - Loss (one batch): 0.00367
Val - Loss, MSE, RMSE, MAE, MAPE: 0.00417, 0.00417, 0.06456, 0.03680, 40.75%
Test - Best epoch, Loss, MSE, RMSE, MAE, MAPE: 17, 0.00450, 0.00450, 0.06707, 0.03675, 34.18%
Time spent: 9.45s
- Epoch 020, ExpID 56158
Train - Loss (one batch): 0.00373
Val - Loss, MSE, RMSE, MAE, MAPE: 0.00416, 0.00416, 0.06448, 0.03668, 33.47%
Test - Best epoch, Loss, MSE, RMSE, MAE, MAPE: 17, 0.00450, 0.00450, 0.06707, 0.03675, 34.18%
Time spent: 9.45s
- Epoch 021, ExpID 56158
Train - Loss (one batch): 0.00425
Val - Loss, MSE, RMSE, MAE, MAPE: 0.00431, 0.00431, 0.06562, 0.03780, 27.48%
Test - Best epoch, Loss, MSE, RMSE, MAE, MAPE: 17, 0.00450, 0.00450, 0.06707, 0.03675, 34.18%
Time spent: 9.45s
- Epoch 022, ExpID 56158
Train - Loss (one batch): 0.00410
Val - Loss, MSE, RMSE, MAE, MAPE: 0.00406, 0.00406, 0.06370, 0.03640, 44.47%
Test - Best epoch, Loss, MSE, RMSE, MAE, MAPE: 22, 0.00443, 0.00443, 0.06656, 0.03646, 42.03%
Time spent: 10.72s
- Epoch 023, ExpID 56158
Train - Loss (one batch): 0.00281
Val - Loss, MSE, RMSE, MAE, MAPE: 0.00409, 0.00409, 0.06392, 0.03541, 41.27%
Test - Best epoch, Loss, MSE, RMSE, MAE, MAPE: 22, 0.00443, 0.00443, 0.06656, 0.03646, 42.03%
Time spent: 9.45s
- Epoch 024, ExpID 56158
Train - Loss (one batch): 0.00495
Val - Loss, MSE, RMSE, MAE, MAPE: 0.00409, 0.00409, 0.06395, 0.03605, 40.13%
Test - Best epoch, Loss, MSE, RMSE, MAE, MAPE: 22, 0.00443, 0.00443, 0.06656, 0.03646, 42.03%
Time spent: 9.45s
- Epoch 025, ExpID 56158
Train - Loss (one batch): 0.00315
Val - Loss, MSE, RMSE, MAE, MAPE: 0.00416, 0.00416, 0.06449, 0.03738, 28.10%
Test - Best epoch, Loss, MSE, RMSE, MAE, MAPE: 22, 0.00443, 0.00443, 0.06656, 0.03646, 42.03%
Time spent: 9.45s
- Epoch 026, ExpID 56158
Train - Loss (one batch): 0.00491
Val - Loss, MSE, RMSE, MAE, MAPE: 0.00407, 0.00407, 0.06383, 0.03603, 37.67%
Test - Best epoch, Loss, MSE, RMSE, MAE, MAPE: 22, 0.00443, 0.00443, 0.06656, 0.03646, 42.03%
Time spent: 9.45s
- Epoch 027, ExpID 56158
Train - Loss (one batch): 0.00317
Val - Loss, MSE, RMSE, MAE, MAPE: 0.00402, 0.00402, 0.06341, 0.03543, 36.52%
Test - Best epoch, Loss, MSE, RMSE, MAE, MAPE: 27, 0.00438, 0.00438, 0.06620, 0.03552, 34.33%
Time spent: 10.72s
- Epoch 028, ExpID 56158
Train - Loss (one batch): 0.00428
Val - Loss, MSE, RMSE, MAE, MAPE: 0.00435, 0.00435, 0.06596, 0.03955, 24.35%
Test - Best epoch, Loss, MSE, RMSE, MAE, MAPE: 27, 0.00438, 0.00438, 0.06620, 0.03552, 34.33%
Time spent: 9.45s
- Epoch 029, ExpID 56158
Train - Loss (one batch): 0.00280
Val - Loss, MSE, RMSE, MAE, MAPE: 0.00415, 0.00415, 0.06445, 0.03747, 43.82%
Test - Best epoch, Loss, MSE, RMSE, MAE, MAPE: 27, 0.00438, 0.00438, 0.06620, 0.03552, 34.33%
Time spent: 9.45s
- Epoch 030, ExpID 56158
Train - Loss (one batch): 0.00566
Val - Loss, MSE, RMSE, MAE, MAPE: 0.00417, 0.00417, 0.06457, 0.03743, 41.33%
Test - Best epoch, Loss, MSE, RMSE, MAE, MAPE: 27, 0.00438, 0.00438, 0.06620, 0.03552, 34.33%
Time spent: 9.45s
- Epoch 031, ExpID 56158
Train - Loss (one batch): 0.00498
Val - Loss, MSE, RMSE, MAE, MAPE: 0.00408, 0.00408, 0.06389, 0.03603, 24.83%
Test - Best epoch, Loss, MSE, RMSE, MAE, MAPE: 27, 0.00438, 0.00438, 0.06620, 0.03552, 34.33%
Time spent: 9.45s
- Epoch 032, ExpID 56158
Train - Loss (one batch): 0.00419
Val - Loss, MSE, RMSE, MAE, MAPE: 0.00423, 0.00423, 0.06501, 0.03744, 32.04%
Test - Best epoch, Loss, MSE, RMSE, MAE, MAPE: 27, 0.00438, 0.00438, 0.06620, 0.03552, 34.33%
Time spent: 9.45s
- Epoch 033, ExpID 56158
Train - Loss (one batch): 0.00463
Val - Loss, MSE, RMSE, MAE, MAPE: 0.00407, 0.00407, 0.06377, 0.03582, 39.98%
Test - Best epoch, Loss, MSE, RMSE, MAE, MAPE: 27, 0.00438, 0.00438, 0.06620, 0.03552, 34.33%
Time spent: 9.45s
- Epoch 034, ExpID 56158
Train - Loss (one batch): 0.00339
Val - Loss, MSE, RMSE, MAE, MAPE: 0.00425, 0.00425, 0.06518, 0.03796, 28.26%
Test - Best epoch, Loss, MSE, RMSE, MAE, MAPE: 27, 0.00438, 0.00438, 0.06620, 0.03552, 34.33%
Time spent: 9.45s
- Epoch 035, ExpID 56158
Train - Loss (one batch): 0.00442
Val - Loss, MSE, RMSE, MAE, MAPE: 0.00407, 0.00407, 0.06384, 0.03523, 30.11%
Test - Best epoch, Loss, MSE, RMSE, MAE, MAPE: 27, 0.00438, 0.00438, 0.06620, 0.03552, 34.33%
Time spent: 9.46s
- Epoch 036, ExpID 56158
Train - Loss (one batch): 0.00374
Val - Loss, MSE, RMSE, MAE, MAPE: 0.00410, 0.00410, 0.06406, 0.03671, 29.44%
Test - Best epoch, Loss, MSE, RMSE, MAE, MAPE: 27, 0.00438, 0.00438, 0.06620, 0.03552, 34.33%
Time spent: 9.45s
- Epoch 037, ExpID 56158
Train - Loss (one batch): 0.00439
Val - Loss, MSE, RMSE, MAE, MAPE: 0.00406, 0.00406, 0.06369, 0.03538, 29.77%
Test - Best epoch, Loss, MSE, RMSE, MAE, MAPE: 27, 0.00438, 0.00438, 0.06620, 0.03552, 34.33%
Time spent: 9.45s
- Epoch 038, ExpID 56158
Train - Loss (one batch): 0.00364
Val - Loss, MSE, RMSE, MAE, MAPE: 0.00441, 0.00441, 0.06640, 0.03856, 30.43%
Test - Best epoch, Loss, MSE, RMSE, MAE, MAPE: 27, 0.00438, 0.00438, 0.06620, 0.03552, 34.33%
Time spent: 9.44s
- Epoch 039, ExpID 56158
Train - Loss (one batch): 0.00487
Val - Loss, MSE, RMSE, MAE, MAPE: 0.00410, 0.00410, 0.06399, 0.03617, 35.59%
Test - Best epoch, Loss, MSE, RMSE, MAE, MAPE: 27, 0.00438, 0.00438, 0.06620, 0.03552, 34.33%
Time spent: 9.45s
- Epoch 040, ExpID 56158
Train - Loss (one batch): 0.00441
Val - Loss, MSE, RMSE, MAE, MAPE: 0.00404, 0.00404, 0.06354, 0.03521, 37.18%
Test - Best epoch, Loss, MSE, RMSE, MAE, MAPE: 27, 0.00438, 0.00438, 0.06620, 0.03552, 34.33%
Time spent: 9.45s
- Epoch 041, ExpID 56158
Train - Loss (one batch): 0.00292
Val - Loss, MSE, RMSE, MAE, MAPE: 0.00429, 0.00429, 0.06549, 0.03869, 25.98%
Test - Best epoch, Loss, MSE, RMSE, MAE, MAPE: 27, 0.00438, 0.00438, 0.06620, 0.03552, 34.33%
Time spent: 9.44s
- Epoch 042, ExpID 56158
Train - Loss (one batch): 0.00394
Val - Loss, MSE, RMSE, MAE, MAPE: 0.00415, 0.00415, 0.06443, 0.03684, 29.35%
Test - Best epoch, Loss, MSE, RMSE, MAE, MAPE: 27, 0.00438, 0.00438, 0.06620, 0.03552, 34.33%
Time spent: 9.44s
/home/ouass/Test/MSP-IMTS/tPatchGNN/run_models.py
2026-03-08 14:58:38
run_models.py --dataset physionet --history 24 --quantization 1.0 --hid_dim 64 --te_dim 10 --node_dim 10 --nlayer 1 --tf_layer 1 --nhead 1 --batch_size 32 --lr 1e-3 --patience 15 --epoch 600 --seed 3 --gpu 0 --metric global --multi_scales 2,8,24 --multi_strides 2,8,24 --fusion gated
Namespace(multi_scales='2,8,24', multi_strides='2,8,24', fusion='gated', state='def', n=100000000, hop=1, nhead=1, tf_layer=1, nlayer=1, epoch=600, patience=15, history=24, patch_size=24, stride=24, logmode='a', lr=0.001, w_decay=0.0, batch_size=32, save='experiments/', load=None, seed=3, dataset='physionet', quantization=1.0, model='tPatchGNN', outlayer='Linear', hid_dim=64, te_dim=10, node_dim=10, gpu='0', metric='global', npatch=1, device=device(type='cuda'), PID=1952674, ndim=41)
- Epoch 000, ExpID 23303
Train - Loss (one batch): 0.00621
Val - Loss, MSE, RMSE, MAE, MAPE: 0.00509, 0.00509, 0.07132, 0.04155, 51.73%
Test - Best epoch, Loss, MSE, RMSE, MAE, MAPE: 0, 0.00546, 0.00546, 0.07387, 0.04146, 46.50%
Time spent: 10.83s
- Epoch 001, ExpID 23303
Train - Loss (one batch): 0.00527
Val - Loss, MSE, RMSE, MAE, MAPE: 0.00448, 0.00448, 0.06697, 0.03883, 39.81%
Test - Best epoch, Loss, MSE, RMSE, MAE, MAPE: 1, 0.00487, 0.00487, 0.06981, 0.03883, 36.71%
Time spent: 10.76s
- Epoch 002, ExpID 23303
Train - Loss (one batch): 0.00378
Val - Loss, MSE, RMSE, MAE, MAPE: 0.00459, 0.00459, 0.06772, 0.04051, 34.03%
Test - Best epoch, Loss, MSE, RMSE, MAE, MAPE: 1, 0.00487, 0.00487, 0.06981, 0.03883, 36.71%
Time spent: 9.49s
- Epoch 003, ExpID 23303
Train - Loss (one batch): 0.00506
Val - Loss, MSE, RMSE, MAE, MAPE: 0.00428, 0.00428, 0.06540, 0.03799, 27.27%
Test - Best epoch, Loss, MSE, RMSE, MAE, MAPE: 3, 0.00467, 0.00467, 0.06837, 0.03808, 25.19%
Time spent: 10.77s
- Epoch 004, ExpID 23303
Train - Loss (one batch): 0.00359
Val - Loss, MSE, RMSE, MAE, MAPE: 0.00442, 0.00442, 0.06646, 0.03883, 38.94%
Test - Best epoch, Loss, MSE, RMSE, MAE, MAPE: 3, 0.00467, 0.00467, 0.06837, 0.03808, 25.19%
Time spent: 9.49s
- Epoch 005, ExpID 23303
Train - Loss (one batch): 0.00573
Val - Loss, MSE, RMSE, MAE, MAPE: 0.00423, 0.00423, 0.06505, 0.03723, 32.25%
Test - Best epoch, Loss, MSE, RMSE, MAE, MAPE: 5, 0.00462, 0.00462, 0.06795, 0.03725, 30.25%
Time spent: 10.77s
- Epoch 006, ExpID 23303
Train - Loss (one batch): 0.00363
Val - Loss, MSE, RMSE, MAE, MAPE: 0.00418, 0.00418, 0.06467, 0.03755, 40.24%
Test - Best epoch, Loss, MSE, RMSE, MAE, MAPE: 6, 0.00455, 0.00455, 0.06749, 0.03751, 37.81%
Time spent: 10.77s
- Epoch 007, ExpID 23303
Train - Loss (one batch): 0.00383
Val - Loss, MSE, RMSE, MAE, MAPE: 0.00432, 0.00432, 0.06572, 0.03834, 35.05%
Test - Best epoch, Loss, MSE, RMSE, MAE, MAPE: 6, 0.00455, 0.00455, 0.06749, 0.03751, 37.81%
Time spent: 9.49s
- Epoch 008, ExpID 23303
Train - Loss (one batch): 0.00323
Val - Loss, MSE, RMSE, MAE, MAPE: 0.00427, 0.00427, 0.06532, 0.03716, 37.06%
Test - Best epoch, Loss, MSE, RMSE, MAE, MAPE: 6, 0.00455, 0.00455, 0.06749, 0.03751, 37.81%
Time spent: 9.49s
- Epoch 009, ExpID 23303
Train - Loss (one batch): 0.00405
Val - Loss, MSE, RMSE, MAE, MAPE: 0.00431, 0.00431, 0.06566, 0.03823, 45.09%
Test - Best epoch, Loss, MSE, RMSE, MAE, MAPE: 6, 0.00455, 0.00455, 0.06749, 0.03751, 37.81%
Time spent: 9.49s
- Epoch 010, ExpID 23303
Train - Loss (one batch): 0.00395
Val - Loss, MSE, RMSE, MAE, MAPE: 0.00410, 0.00410, 0.06404, 0.03617, 25.66%
Test - Best epoch, Loss, MSE, RMSE, MAE, MAPE: 10, 0.00446, 0.00446, 0.06678, 0.03615, 23.51%
Time spent: 10.77s
- Epoch 011, ExpID 23303
Train - Loss (one batch): 0.00490
Val - Loss, MSE, RMSE, MAE, MAPE: 0.00417, 0.00417, 0.06460, 0.03773, 45.08%
Test - Best epoch, Loss, MSE, RMSE, MAE, MAPE: 10, 0.00446, 0.00446, 0.06678, 0.03615, 23.51%
Time spent: 9.49s
- Epoch 012, ExpID 23303
Train - Loss (one batch): 0.00399
Val - Loss, MSE, RMSE, MAE, MAPE: 0.00418, 0.00418, 0.06468, 0.03688, 24.32%
Test - Best epoch, Loss, MSE, RMSE, MAE, MAPE: 10, 0.00446, 0.00446, 0.06678, 0.03615, 23.51%
Time spent: 9.49s
- Epoch 013, ExpID 23303
Train - Loss (one batch): 0.00314
Val - Loss, MSE, RMSE, MAE, MAPE: 0.00410, 0.00410, 0.06406, 0.03699, 33.04%
Test - Best epoch, Loss, MSE, RMSE, MAE, MAPE: 10, 0.00446, 0.00446, 0.06678, 0.03615, 23.51%
Time spent: 9.49s
- Epoch 014, ExpID 23303
Train - Loss (one batch): 0.00251
Val - Loss, MSE, RMSE, MAE, MAPE: 0.00418, 0.00418, 0.06467, 0.03705, 32.62%
Test - Best epoch, Loss, MSE, RMSE, MAE, MAPE: 10, 0.00446, 0.00446, 0.06678, 0.03615, 23.51%
Time spent: 9.49s
- Epoch 015, ExpID 23303
Train - Loss (one batch): 0.00400
Val - Loss, MSE, RMSE, MAE, MAPE: 0.00416, 0.00416, 0.06448, 0.03705, 27.20%
Test - Best epoch, Loss, MSE, RMSE, MAE, MAPE: 10, 0.00446, 0.00446, 0.06678, 0.03615, 23.51%
Time spent: 9.49s
- Epoch 016, ExpID 23303
Train - Loss (one batch): 0.00353
Val - Loss, MSE, RMSE, MAE, MAPE: 0.00409, 0.00409, 0.06394, 0.03595, 27.94%
Test - Best epoch, Loss, MSE, RMSE, MAE, MAPE: 16, 0.00448, 0.00448, 0.06690, 0.03604, 26.11%
Time spent: 10.77s
- Epoch 017, ExpID 23303
Train - Loss (one batch): 0.00494
Val - Loss, MSE, RMSE, MAE, MAPE: 0.00434, 0.00434, 0.06589, 0.03918, 39.86%
Test - Best epoch, Loss, MSE, RMSE, MAE, MAPE: 16, 0.00448, 0.00448, 0.06690, 0.03604, 26.11%
Time spent: 9.50s
- Epoch 018, ExpID 23303
Train - Loss (one batch): 0.00388
Val - Loss, MSE, RMSE, MAE, MAPE: 0.00433, 0.00433, 0.06582, 0.03824, 41.59%
Test - Best epoch, Loss, MSE, RMSE, MAE, MAPE: 16, 0.00448, 0.00448, 0.06690, 0.03604, 26.11%
Time spent: 9.50s
- Epoch 019, ExpID 23303
Train - Loss (one batch): 0.00283
Val - Loss, MSE, RMSE, MAE, MAPE: 0.00423, 0.00423, 0.06503, 0.03798, 35.13%
Test - Best epoch, Loss, MSE, RMSE, MAE, MAPE: 16, 0.00448, 0.00448, 0.06690, 0.03604, 26.11%
Time spent: 9.50s
- Epoch 020, ExpID 23303
Train - Loss (one batch): 0.00375
Val - Loss, MSE, RMSE, MAE, MAPE: 0.00409, 0.00409, 0.06394, 0.03556, 25.79%
Test - Best epoch, Loss, MSE, RMSE, MAE, MAPE: 20, 0.00446, 0.00446, 0.06676, 0.03561, 23.84%
Time spent: 10.77s
- Epoch 021, ExpID 23303
Train - Loss (one batch): 0.00548
Val - Loss, MSE, RMSE, MAE, MAPE: 0.00402, 0.00402, 0.06343, 0.03531, 34.61%
Test - Best epoch, Loss, MSE, RMSE, MAE, MAPE: 21, 0.00441, 0.00441, 0.06639, 0.03551, 32.62%
Time spent: 10.77s
- Epoch 022, ExpID 23303
Train - Loss (one batch): 0.00404
Val - Loss, MSE, RMSE, MAE, MAPE: 0.00405, 0.00405, 0.06364, 0.03667, 38.60%
Test - Best epoch, Loss, MSE, RMSE, MAE, MAPE: 21, 0.00441, 0.00441, 0.06639, 0.03551, 32.62%
Time spent: 9.49s
- Epoch 023, ExpID 23303
Train - Loss (one batch): 0.00452
Val - Loss, MSE, RMSE, MAE, MAPE: 0.00455, 0.00455, 0.06748, 0.04329, 46.92%
Test - Best epoch, Loss, MSE, RMSE, MAE, MAPE: 21, 0.00441, 0.00441, 0.06639, 0.03551, 32.62%
Time spent: 9.49s
- Epoch 024, ExpID 23303
Train - Loss (one batch): 0.00327
Val - Loss, MSE, RMSE, MAE, MAPE: 0.00422, 0.00422, 0.06497, 0.03729, 43.20%
Test - Best epoch, Loss, MSE, RMSE, MAE, MAPE: 21, 0.00441, 0.00441, 0.06639, 0.03551, 32.62%
Time spent: 9.50s
- Epoch 025, ExpID 23303
Train - Loss (one batch): 0.00431
Val - Loss, MSE, RMSE, MAE, MAPE: 0.00398, 0.00398, 0.06308, 0.03520, 29.51%
Test - Best epoch, Loss, MSE, RMSE, MAE, MAPE: 25, 0.00438, 0.00438, 0.06619, 0.03534, 27.81%
Time spent: 10.77s
- Epoch 026, ExpID 23303
Train - Loss (one batch): 0.00501
Val - Loss, MSE, RMSE, MAE, MAPE: 0.00406, 0.00406, 0.06372, 0.03711, 29.12%
Test - Best epoch, Loss, MSE, RMSE, MAE, MAPE: 25, 0.00438, 0.00438, 0.06619, 0.03534, 27.81%
Time spent: 9.49s
- Epoch 027, ExpID 23303
Train - Loss (one batch): 0.00471
Val - Loss, MSE, RMSE, MAE, MAPE: 0.00412, 0.00412, 0.06416, 0.03696, 24.50%
Test - Best epoch, Loss, MSE, RMSE, MAE, MAPE: 25, 0.00438, 0.00438, 0.06619, 0.03534, 27.81%
Time spent: 9.49s
- Epoch 028, ExpID 23303
Train - Loss (one batch): 0.00376
Val - Loss, MSE, RMSE, MAE, MAPE: 0.00399, 0.00399, 0.06314, 0.03531, 43.14%
Test - Best epoch, Loss, MSE, RMSE, MAE, MAPE: 25, 0.00438, 0.00438, 0.06619, 0.03534, 27.81%
Time spent: 9.49s
- Epoch 029, ExpID 23303
Train - Loss (one batch): 0.00473
Val - Loss, MSE, RMSE, MAE, MAPE: 0.00420, 0.00420, 0.06484, 0.03705, 47.09%
Test - Best epoch, Loss, MSE, RMSE, MAE, MAPE: 25, 0.00438, 0.00438, 0.06619, 0.03534, 27.81%
Time spent: 9.49s
- Epoch 030, ExpID 23303
Train - Loss (one batch): 0.00337
Val - Loss, MSE, RMSE, MAE, MAPE: 0.00398, 0.00398, 0.06305, 0.03466, 29.65%
Test - Best epoch, Loss, MSE, RMSE, MAE, MAPE: 30, 0.00435, 0.00435, 0.06592, 0.03474, 27.64%
Time spent: 10.76s
- Epoch 031, ExpID 23303
Train - Loss (one batch): 0.00496
Val - Loss, MSE, RMSE, MAE, MAPE: 0.00403, 0.00403, 0.06347, 0.03516, 29.00%
Test - Best epoch, Loss, MSE, RMSE, MAE, MAPE: 30, 0.00435, 0.00435, 0.06592, 0.03474, 27.64%
Time spent: 9.49s
- Epoch 032, ExpID 23303
Train - Loss (one batch): 0.00365
Val - Loss, MSE, RMSE, MAE, MAPE: 0.00395, 0.00395, 0.06288, 0.03467, 26.10%
Test - Best epoch, Loss, MSE, RMSE, MAE, MAPE: 32, 0.00430, 0.00430, 0.06555, 0.03470, 24.20%
Time spent: 10.76s
- Epoch 033, ExpID 23303
Train - Loss (one batch): 0.00501
Val - Loss, MSE, RMSE, MAE, MAPE: 0.00393, 0.00393, 0.06265, 0.03513, 37.51%
Test - Best epoch, Loss, MSE, RMSE, MAE, MAPE: 33, 0.00429, 0.00429, 0.06551, 0.03521, 35.80%
Time spent: 10.76s
- Epoch 034, ExpID 23303
Train - Loss (one batch): 0.00366
Val - Loss, MSE, RMSE, MAE, MAPE: 0.00422, 0.00422, 0.06497, 0.03741, 43.49%
Test - Best epoch, Loss, MSE, RMSE, MAE, MAPE: 33, 0.00429, 0.00429, 0.06551, 0.03521, 35.80%
Time spent: 9.49s
- Epoch 035, ExpID 23303
Train - Loss (one batch): 0.00487
Val - Loss, MSE, RMSE, MAE, MAPE: 0.00397, 0.00397, 0.06297, 0.03486, 30.40%
Test - Best epoch, Loss, MSE, RMSE, MAE, MAPE: 33, 0.00429, 0.00429, 0.06551, 0.03521, 35.80%
Time spent: 9.49s
- Epoch 036, ExpID 23303
Train - Loss (one batch): 0.00370
Val - Loss, MSE, RMSE, MAE, MAPE: 0.00409, 0.00409, 0.06395, 0.03682, 49.10%
Test - Best epoch, Loss, MSE, RMSE, MAE, MAPE: 33, 0.00429, 0.00429, 0.06551, 0.03521, 35.80%
Time spent: 9.48s
- Epoch 037, ExpID 23303
Train - Loss (one batch): 0.00318
Val - Loss, MSE, RMSE, MAE, MAPE: 0.00412, 0.00412, 0.06416, 0.03615, 36.52%
Test - Best epoch, Loss, MSE, RMSE, MAE, MAPE: 33, 0.00429, 0.00429, 0.06551, 0.03521, 35.80%
Time spent: 9.49s
- Epoch 038, ExpID 23303
Train - Loss (one batch): 0.00382
Val - Loss, MSE, RMSE, MAE, MAPE: 0.00402, 0.00402, 0.06338, 0.03567, 25.49%
Test - Best epoch, Loss, MSE, RMSE, MAE, MAPE: 33, 0.00429, 0.00429, 0.06551, 0.03521, 35.80%
Time spent: 9.49s
- Epoch 039, ExpID 23303
Train - Loss (one batch): 0.00372
Val - Loss, MSE, RMSE, MAE, MAPE: 0.00405, 0.00405, 0.06365, 0.03587, 23.93%
Test - Best epoch, Loss, MSE, RMSE, MAE, MAPE: 33, 0.00429, 0.00429, 0.06551, 0.03521, 35.80%
Time spent: 9.48s
- Epoch 040, ExpID 23303
Train - Loss (one batch): 0.00350
Val - Loss, MSE, RMSE, MAE, MAPE: 0.00403, 0.00403, 0.06348, 0.03569, 29.10%
Test - Best epoch, Loss, MSE, RMSE, MAE, MAPE: 33, 0.00429, 0.00429, 0.06551, 0.03521, 35.80%
Time spent: 9.48s
- Epoch 041, ExpID 23303
Train - Loss (one batch): 0.00424
Val - Loss, MSE, RMSE, MAE, MAPE: 0.00396, 0.00396, 0.06293, 0.03455, 30.62%
Test - Best epoch, Loss, MSE, RMSE, MAE, MAPE: 33, 0.00429, 0.00429, 0.06551, 0.03521, 35.80%
Time spent: 9.49s
- Epoch 042, ExpID 23303
Train - Loss (one batch): 0.00417
Val - Loss, MSE, RMSE, MAE, MAPE: 0.00399, 0.00399, 0.06319, 0.03614, 44.56%
Test - Best epoch, Loss, MSE, RMSE, MAE, MAPE: 33, 0.00429, 0.00429, 0.06551, 0.03521, 35.80%
Time spent: 9.49s
- Epoch 043, ExpID 23303
Train - Loss (one batch): 0.00332
Val - Loss, MSE, RMSE, MAE, MAPE: 0.00397, 0.00397, 0.06303, 0.03488, 23.21%
Test - Best epoch, Loss, MSE, RMSE, MAE, MAPE: 33, 0.00429, 0.00429, 0.06551, 0.03521, 35.80%
Time spent: 9.49s
- Epoch 044, ExpID 23303
Train - Loss (one batch): 0.00440
Val - Loss, MSE, RMSE, MAE, MAPE: 0.00401, 0.00401, 0.06331, 0.03580, 29.61%
Test - Best epoch, Loss, MSE, RMSE, MAE, MAPE: 33, 0.00429, 0.00429, 0.06551, 0.03521, 35.80%
Time spent: 9.49s
- Epoch 045, ExpID 23303
Train - Loss (one batch): 0.00392
Val - Loss, MSE, RMSE, MAE, MAPE: 0.00419, 0.00419, 0.06474, 0.03802, 48.40%
Test - Best epoch, Loss, MSE, RMSE, MAE, MAPE: 33, 0.00429, 0.00429, 0.06551, 0.03521, 35.80%
Time spent: 9.48s
- Epoch 046, ExpID 23303
Train - Loss (one batch): 0.00465
Val - Loss, MSE, RMSE, MAE, MAPE: 0.00409, 0.00409, 0.06397, 0.03698, 50.18%
Test - Best epoch, Loss, MSE, RMSE, MAE, MAPE: 33, 0.00429, 0.00429, 0.06551, 0.03521, 35.80%
Time spent: 9.49s
- Epoch 047, ExpID 23303
Train - Loss (one batch): 0.00343
Val - Loss, MSE, RMSE, MAE, MAPE: 0.00394, 0.00394, 0.06276, 0.03536, 34.99%
Test - Best epoch, Loss, MSE, RMSE, MAE, MAPE: 33, 0.00429, 0.00429, 0.06551, 0.03521, 35.80%
Time spent: 9.49s
- Epoch 048, ExpID 23303
Train - Loss (one batch): 0.00354
Val - Loss, MSE, RMSE, MAE, MAPE: 0.00403, 0.00403, 0.06346, 0.03641, 38.62%
Test - Best epoch, Loss, MSE, RMSE, MAE, MAPE: 33, 0.00429, 0.00429, 0.06551, 0.03521, 35.80%
Time spent: 9.49s
/home/ouass/Test/MSP-IMTS/tPatchGNN/run_models.py
2026-03-08 15:07:04
run_models.py --dataset physionet --history 24 --quantization 1.0 --hid_dim 64 --te_dim 10 --node_dim 10 --nlayer 1 --tf_layer 1 --nhead 1 --batch_size 32 --lr 1e-3 --patience 15 --epoch 600 --seed 4 --gpu 0 --metric global --multi_scales 2,8,24 --multi_strides 2,8,24 --fusion gated
Namespace(multi_scales='2,8,24', multi_strides='2,8,24', fusion='gated', state='def', n=100000000, hop=1, nhead=1, tf_layer=1, nlayer=1, epoch=600, patience=15, history=24, patch_size=24, stride=24, logmode='a', lr=0.001, w_decay=0.0, batch_size=32, save='experiments/', load=None, seed=4, dataset='physionet', quantization=1.0, model='tPatchGNN', outlayer='Linear', hid_dim=64, te_dim=10, node_dim=10, gpu='0', metric='global', npatch=1, device=device(type='cuda'), PID=1952848, ndim=41)
- Epoch 000, ExpID 39493
Train - Loss (one batch): 0.00522
Val - Loss, MSE, RMSE, MAE, MAPE: 0.00595, 0.00595, 0.07711, 0.04771, 58.72%
Test - Best epoch, Loss, MSE, RMSE, MAE, MAPE: 0, 0.00626, 0.00626, 0.07910, 0.04739, 56.37%
Time spent: 10.82s
- Epoch 001, ExpID 39493
Train - Loss (one batch): 0.00442
Val - Loss, MSE, RMSE, MAE, MAPE: 0.00489, 0.00489, 0.06994, 0.04240, 58.39%
Test - Best epoch, Loss, MSE, RMSE, MAE, MAPE: 1, 0.00526, 0.00526, 0.07253, 0.04225, 55.63%
Time spent: 10.77s
- Epoch 002, ExpID 39493
Train - Loss (one batch): 0.00559
Val - Loss, MSE, RMSE, MAE, MAPE: 0.00446, 0.00446, 0.06681, 0.03829, 31.16%
Test - Best epoch, Loss, MSE, RMSE, MAE, MAPE: 2, 0.00481, 0.00481, 0.06932, 0.03811, 28.87%
Time spent: 10.77s
- Epoch 003, ExpID 39493
Train - Loss (one batch): 0.00539
Val - Loss, MSE, RMSE, MAE, MAPE: 0.00449, 0.00449, 0.06699, 0.03916, 30.28%
Test - Best epoch, Loss, MSE, RMSE, MAE, MAPE: 2, 0.00481, 0.00481, 0.06932, 0.03811, 28.87%
Time spent: 9.50s
- Epoch 004, ExpID 39493
Train - Loss (one batch): 0.00440
Val - Loss, MSE, RMSE, MAE, MAPE: 0.00454, 0.00454, 0.06739, 0.04084, 57.28%
Test - Best epoch, Loss, MSE, RMSE, MAE, MAPE: 2, 0.00481, 0.00481, 0.06932, 0.03811, 28.87%
Time spent: 9.50s
- Epoch 005, ExpID 39493
Train - Loss (one batch): 0.00452
Val - Loss, MSE, RMSE, MAE, MAPE: 0.00424, 0.00424, 0.06510, 0.03779, 44.93%
Test - Best epoch, Loss, MSE, RMSE, MAE, MAPE: 5, 0.00460, 0.00460, 0.06781, 0.03773, 42.72%
Time spent: 10.78s
- Epoch 006, ExpID 39493
Train - Loss (one batch): 0.00345
Val - Loss, MSE, RMSE, MAE, MAPE: 0.00426, 0.00426, 0.06527, 0.03626, 26.23%
Test - Best epoch, Loss, MSE, RMSE, MAE, MAPE: 5, 0.00460, 0.00460, 0.06781, 0.03773, 42.72%
Time spent: 9.50s
- Epoch 007, ExpID 39493
Train - Loss (one batch): 0.00362
Val - Loss, MSE, RMSE, MAE, MAPE: 0.00457, 0.00457, 0.06761, 0.04067, 37.75%
Test - Best epoch, Loss, MSE, RMSE, MAE, MAPE: 5, 0.00460, 0.00460, 0.06781, 0.03773, 42.72%
Time spent: 9.50s
- Epoch 008, ExpID 39493
Train - Loss (one batch): 0.00346
Val - Loss, MSE, RMSE, MAE, MAPE: 0.00438, 0.00438, 0.06617, 0.04027, 53.77%
Test - Best epoch, Loss, MSE, RMSE, MAE, MAPE: 5, 0.00460, 0.00460, 0.06781, 0.03773, 42.72%
Time spent: 9.50s
- Epoch 009, ExpID 39493
Train - Loss (one batch): 0.00511
Val - Loss, MSE, RMSE, MAE, MAPE: 0.00424, 0.00424, 0.06508, 0.03661, 28.66%
Test - Best epoch, Loss, MSE, RMSE, MAE, MAPE: 9, 0.00461, 0.00461, 0.06789, 0.03664, 27.04%
Time spent: 10.78s
- Epoch 010, ExpID 39493
Train - Loss (one batch): 0.00546
Val - Loss, MSE, RMSE, MAE, MAPE: 0.00425, 0.00425, 0.06516, 0.03786, 40.83%
Test - Best epoch, Loss, MSE, RMSE, MAE, MAPE: 9, 0.00461, 0.00461, 0.06789, 0.03664, 27.04%
Time spent: 9.49s
- Epoch 011, ExpID 39493
Train - Loss (one batch): 0.00355
Val - Loss, MSE, RMSE, MAE, MAPE: 0.00417, 0.00417, 0.06458, 0.03629, 32.99%
Test - Best epoch, Loss, MSE, RMSE, MAE, MAPE: 11, 0.00452, 0.00452, 0.06720, 0.03624, 30.86%
Time spent: 10.77s
- Epoch 012, ExpID 39493
Train - Loss (one batch): 0.00394
Val - Loss, MSE, RMSE, MAE, MAPE: 0.00407, 0.00407, 0.06380, 0.03548, 36.89%
Test - Best epoch, Loss, MSE, RMSE, MAE, MAPE: 12, 0.00442, 0.00442, 0.06647, 0.03540, 34.56%
Time spent: 10.77s
- Epoch 013, ExpID 39493
Train - Loss (one batch): 0.00424
Val - Loss, MSE, RMSE, MAE, MAPE: 0.00428, 0.00428, 0.06541, 0.03731, 31.62%
Test - Best epoch, Loss, MSE, RMSE, MAE, MAPE: 12, 0.00442, 0.00442, 0.06647, 0.03540, 34.56%
Time spent: 9.50s
- Epoch 014, ExpID 39493
Train - Loss (one batch): 0.00388
Val - Loss, MSE, RMSE, MAE, MAPE: 0.00411, 0.00411, 0.06410, 0.03536, 30.97%
Test - Best epoch, Loss, MSE, RMSE, MAE, MAPE: 12, 0.00442, 0.00442, 0.06647, 0.03540, 34.56%
Time spent: 9.49s
- Epoch 015, ExpID 39493
Train - Loss (one batch): 0.00400
Val - Loss, MSE, RMSE, MAE, MAPE: 0.00417, 0.00417, 0.06459, 0.03607, 32.35%
Test - Best epoch, Loss, MSE, RMSE, MAE, MAPE: 12, 0.00442, 0.00442, 0.06647, 0.03540, 34.56%
Time spent: 9.49s
- Epoch 016, ExpID 39493
Train - Loss (one batch): 0.00332
Val - Loss, MSE, RMSE, MAE, MAPE: 0.00415, 0.00415, 0.06443, 0.03629, 24.96%
Test - Best epoch, Loss, MSE, RMSE, MAE, MAPE: 12, 0.00442, 0.00442, 0.06647, 0.03540, 34.56%
Time spent: 9.49s
- Epoch 017, ExpID 39493
Train - Loss (one batch): 0.00360
Val - Loss, MSE, RMSE, MAE, MAPE: 0.00408, 0.00408, 0.06386, 0.03602, 44.99%
Test - Best epoch, Loss, MSE, RMSE, MAE, MAPE: 12, 0.00442, 0.00442, 0.06647, 0.03540, 34.56%
Time spent: 9.49s
- Epoch 018, ExpID 39493
Train - Loss (one batch): 0.00419
Val - Loss, MSE, RMSE, MAE, MAPE: 0.00420, 0.00420, 0.06484, 0.03787, 36.91%
Test - Best epoch, Loss, MSE, RMSE, MAE, MAPE: 12, 0.00442, 0.00442, 0.06647, 0.03540, 34.56%
Time spent: 9.49s
- Epoch 019, ExpID 39493
Train - Loss (one batch): 0.00360
Val - Loss, MSE, RMSE, MAE, MAPE: 0.00402, 0.00402, 0.06340, 0.03565, 39.55%
Test - Best epoch, Loss, MSE, RMSE, MAE, MAPE: 19, 0.00439, 0.00439, 0.06628, 0.03566, 37.49%
Time spent: 10.77s
- Epoch 020, ExpID 39493
Train - Loss (one batch): 0.00465
Val - Loss, MSE, RMSE, MAE, MAPE: 0.00400, 0.00400, 0.06325, 0.03519, 32.48%
Test - Best epoch, Loss, MSE, RMSE, MAE, MAPE: 20, 0.00434, 0.00434, 0.06588, 0.03510, 30.34%
Time spent: 10.76s
- Epoch 021, ExpID 39493
Train - Loss (one batch): 0.00279
Val - Loss, MSE, RMSE, MAE, MAPE: 0.00436, 0.00436, 0.06602, 0.03864, 25.79%
Test - Best epoch, Loss, MSE, RMSE, MAE, MAPE: 20, 0.00434, 0.00434, 0.06588, 0.03510, 30.34%
Time spent: 9.49s
- Epoch 022, ExpID 39493
Train - Loss (one batch): 0.00437
Val - Loss, MSE, RMSE, MAE, MAPE: 0.00419, 0.00419, 0.06471, 0.03779, 29.93%
Test - Best epoch, Loss, MSE, RMSE, MAE, MAPE: 20, 0.00434, 0.00434, 0.06588, 0.03510, 30.34%
Time spent: 9.49s
- Epoch 023, ExpID 39493
Train - Loss (one batch): 0.00363
Val - Loss, MSE, RMSE, MAE, MAPE: 0.00426, 0.00426, 0.06526, 0.03977, 47.87%
Test - Best epoch, Loss, MSE, RMSE, MAE, MAPE: 20, 0.00434, 0.00434, 0.06588, 0.03510, 30.34%
Time spent: 9.49s
- Epoch 024, ExpID 39493
Train - Loss (one batch): 0.00352
Val - Loss, MSE, RMSE, MAE, MAPE: 0.00407, 0.00407, 0.06381, 0.03589, 26.67%
Test - Best epoch, Loss, MSE, RMSE, MAE, MAPE: 20, 0.00434, 0.00434, 0.06588, 0.03510, 30.34%
Time spent: 9.49s
- Epoch 025, ExpID 39493
Train - Loss (one batch): 0.00453
Val - Loss, MSE, RMSE, MAE, MAPE: 0.00416, 0.00416, 0.06451, 0.03847, 53.68%
Test - Best epoch, Loss, MSE, RMSE, MAE, MAPE: 20, 0.00434, 0.00434, 0.06588, 0.03510, 30.34%
Time spent: 9.49s
- Epoch 026, ExpID 39493
Train - Loss (one batch): 0.00305
Val - Loss, MSE, RMSE, MAE, MAPE: 0.00408, 0.00408, 0.06390, 0.03614, 37.39%
Test - Best epoch, Loss, MSE, RMSE, MAE, MAPE: 20, 0.00434, 0.00434, 0.06588, 0.03510, 30.34%
Time spent: 9.49s
- Epoch 027, ExpID 39493
Train - Loss (one batch): 0.00697
Val - Loss, MSE, RMSE, MAE, MAPE: 0.00413, 0.00413, 0.06426, 0.03752, 38.14%
Test - Best epoch, Loss, MSE, RMSE, MAE, MAPE: 20, 0.00434, 0.00434, 0.06588, 0.03510, 30.34%
Time spent: 9.49s
- Epoch 028, ExpID 39493
Train - Loss (one batch): 0.00308
Val - Loss, MSE, RMSE, MAE, MAPE: 0.00410, 0.00410, 0.06401, 0.03547, 28.59%
Test - Best epoch, Loss, MSE, RMSE, MAE, MAPE: 20, 0.00434, 0.00434, 0.06588, 0.03510, 30.34%
Time spent: 9.49s
- Epoch 029, ExpID 39493
Train - Loss (one batch): 0.00291
Val - Loss, MSE, RMSE, MAE, MAPE: 0.00403, 0.00403, 0.06347, 0.03561, 27.26%
Test - Best epoch, Loss, MSE, RMSE, MAE, MAPE: 20, 0.00434, 0.00434, 0.06588, 0.03510, 30.34%
Time spent: 9.49s
- Epoch 030, ExpID 39493
Train - Loss (one batch): 0.00437
Val - Loss, MSE, RMSE, MAE, MAPE: 0.00414, 0.00414, 0.06436, 0.03578, 27.96%
Test - Best epoch, Loss, MSE, RMSE, MAE, MAPE: 20, 0.00434, 0.00434, 0.06588, 0.03510, 30.34%
Time spent: 9.49s
- Epoch 031, ExpID 39493
Train - Loss (one batch): 0.00357
Val - Loss, MSE, RMSE, MAE, MAPE: 0.00439, 0.00439, 0.06629, 0.04044, 40.51%
Test - Best epoch, Loss, MSE, RMSE, MAE, MAPE: 20, 0.00434, 0.00434, 0.06588, 0.03510, 30.34%
Time spent: 9.49s
- Epoch 032, ExpID 39493
Train - Loss (one batch): 0.00451
Val - Loss, MSE, RMSE, MAE, MAPE: 0.00405, 0.00405, 0.06363, 0.03524, 26.37%
Test - Best epoch, Loss, MSE, RMSE, MAE, MAPE: 20, 0.00434, 0.00434, 0.06588, 0.03510, 30.34%
Time spent: 9.49s
- Epoch 033, ExpID 39493
Train - Loss (one batch): 0.00391
Val - Loss, MSE, RMSE, MAE, MAPE: 0.00414, 0.00414, 0.06431, 0.03741, 33.24%
Test - Best epoch, Loss, MSE, RMSE, MAE, MAPE: 20, 0.00434, 0.00434, 0.06588, 0.03510, 30.34%
Time spent: 9.49s
- Epoch 034, ExpID 39493
Train - Loss (one batch): 0.00398
Val - Loss, MSE, RMSE, MAE, MAPE: 0.00416, 0.00416, 0.06448, 0.03696, 24.63%
Test - Best epoch, Loss, MSE, RMSE, MAE, MAPE: 20, 0.00434, 0.00434, 0.06588, 0.03510, 30.34%
Time spent: 9.49s
- Epoch 035, ExpID 39493
Train - Loss (one batch): 0.00326
Val - Loss, MSE, RMSE, MAE, MAPE: 0.00410, 0.00410, 0.06401, 0.03510, 30.09%
Test - Best epoch, Loss, MSE, RMSE, MAE, MAPE: 20, 0.00434, 0.00434, 0.06588, 0.03510, 30.34%
Time spent: 9.49s
/home/ouass/Test/MSP-IMTS/tPatchGNN/run_models.py
2026-03-08 15:13:21
run_models.py --dataset physionet --history 24 --quantization 1.0 --hid_dim 64 --te_dim 10 --node_dim 10 --nlayer 1 --tf_layer 1 --nhead 1 --batch_size 32 --lr 1e-3 --patience 15 --epoch 600 --seed 5 --gpu 0 --metric global --multi_scales 2,8,24 --multi_strides 2,8,24 --fusion gated
Namespace(multi_scales='2,8,24', multi_strides='2,8,24', fusion='gated', state='def', n=100000000, hop=1, nhead=1, tf_layer=1, nlayer=1, epoch=600, patience=15, history=24, patch_size=24, stride=24, logmode='a', lr=0.001, w_decay=0.0, batch_size=32, save='experiments/', load=None, seed=5, dataset='physionet', quantization=1.0, model='tPatchGNN', outlayer='Linear', hid_dim=64, te_dim=10, node_dim=10, gpu='0', metric='global', npatch=1, device=device(type='cuda'), PID=1952989, ndim=41)
- Epoch 000, ExpID 44
Train - Loss (one batch): 0.00565
Val - Loss, MSE, RMSE, MAE, MAPE: 0.00503, 0.00503, 0.07095, 0.04406, 70.94%
Test - Best epoch, Loss, MSE, RMSE, MAE, MAPE: 0, 0.00536, 0.00536, 0.07322, 0.04403, 64.85%
Time spent: 10.79s
- Epoch 001, ExpID 44
Train - Loss (one batch): 0.00392
Val - Loss, MSE, RMSE, MAE, MAPE: 0.00452, 0.00452, 0.06721, 0.03977, 53.09%
Test - Best epoch, Loss, MSE, RMSE, MAE, MAPE: 1, 0.00487, 0.00487, 0.06976, 0.03968, 48.70%
Time spent: 10.73s
- Epoch 002, ExpID 44
Train - Loss (one batch): 0.00526
Val - Loss, MSE, RMSE, MAE, MAPE: 0.00442, 0.00442, 0.06648, 0.03949, 45.85%
Test - Best epoch, Loss, MSE, RMSE, MAE, MAPE: 2, 0.00478, 0.00478, 0.06916, 0.03944, 42.59%
Time spent: 10.73s
- Epoch 003, ExpID 44
Train - Loss (one batch): 0.00406
Val - Loss, MSE, RMSE, MAE, MAPE: 0.00428, 0.00428, 0.06540, 0.03799, 46.31%
Test - Best epoch, Loss, MSE, RMSE, MAE, MAPE: 3, 0.00463, 0.00463, 0.06805, 0.03793, 43.66%
Time spent: 10.73s
- Epoch 004, ExpID 44
Train - Loss (one batch): 0.00291
Val - Loss, MSE, RMSE, MAE, MAPE: 0.00433, 0.00433, 0.06578, 0.03716, 37.51%
Test - Best epoch, Loss, MSE, RMSE, MAE, MAPE: 3, 0.00463, 0.00463, 0.06805, 0.03793, 43.66%
Time spent: 9.46s
- Epoch 005, ExpID 44
Train - Loss (one batch): 0.00385
Val - Loss, MSE, RMSE, MAE, MAPE: 0.00427, 0.00427, 0.06536, 0.03670, 26.95%
Test - Best epoch, Loss, MSE, RMSE, MAE, MAPE: 5, 0.00461, 0.00461, 0.06787, 0.03665, 24.60%
Time spent: 10.73s
- Epoch 006, ExpID 44
Train - Loss (one batch): 0.00531
Val - Loss, MSE, RMSE, MAE, MAPE: 0.00428, 0.00428, 0.06542, 0.03688, 25.32%
Test - Best epoch, Loss, MSE, RMSE, MAE, MAPE: 5, 0.00461, 0.00461, 0.06787, 0.03665, 24.60%
Time spent: 9.46s
- Epoch 007, ExpID 44
Train - Loss (one batch): 0.00453
Val - Loss, MSE, RMSE, MAE, MAPE: 0.00412, 0.00412, 0.06417, 0.03588, 40.31%
Test - Best epoch, Loss, MSE, RMSE, MAE, MAPE: 7, 0.00448, 0.00448, 0.06693, 0.03585, 38.23%
Time spent: 10.74s
- Epoch 008, ExpID 44
Train - Loss (one batch): 0.00547
Val - Loss, MSE, RMSE, MAE, MAPE: 0.00431, 0.00431, 0.06567, 0.03843, 26.09%
Test - Best epoch, Loss, MSE, RMSE, MAE, MAPE: 7, 0.00448, 0.00448, 0.06693, 0.03585, 38.23%
Time spent: 9.46s
- Epoch 009, ExpID 44
Train - Loss (one batch): 0.00486
Val - Loss, MSE, RMSE, MAE, MAPE: 0.00416, 0.00416, 0.06452, 0.03726, 37.80%
Test - Best epoch, Loss, MSE, RMSE, MAE, MAPE: 7, 0.00448, 0.00448, 0.06693, 0.03585, 38.23%
Time spent: 9.46s
- Epoch 010, ExpID 44
Train - Loss (one batch): 0.00368
Val - Loss, MSE, RMSE, MAE, MAPE: 0.00421, 0.00421, 0.06486, 0.03792, 26.44%
Test - Best epoch, Loss, MSE, RMSE, MAE, MAPE: 7, 0.00448, 0.00448, 0.06693, 0.03585, 38.23%
Time spent: 9.46s
- Epoch 011, ExpID 44
Train - Loss (one batch): 0.00366
Val - Loss, MSE, RMSE, MAE, MAPE: 0.00421, 0.00421, 0.06485, 0.03722, 41.78%
Test - Best epoch, Loss, MSE, RMSE, MAE, MAPE: 7, 0.00448, 0.00448, 0.06693, 0.03585, 38.23%
Time spent: 9.46s
- Epoch 012, ExpID 44
Train - Loss (one batch): 0.00368
Val - Loss, MSE, RMSE, MAE, MAPE: 0.00411, 0.00411, 0.06409, 0.03624, 25.85%
Test - Best epoch, Loss, MSE, RMSE, MAE, MAPE: 12, 0.00441, 0.00441, 0.06643, 0.03616, 24.16%
Time spent: 10.73s
- Epoch 013, ExpID 44
Train - Loss (one batch): 0.00415
Val - Loss, MSE, RMSE, MAE, MAPE: 0.00404, 0.00404, 0.06352, 0.03583, 27.86%
Test - Best epoch, Loss, MSE, RMSE, MAE, MAPE: 13, 0.00437, 0.00437, 0.06611, 0.03579, 26.01%
Time spent: 10.73s
- Epoch 014, ExpID 44
Train - Loss (one batch): 0.00523
Val - Loss, MSE, RMSE, MAE, MAPE: 0.00408, 0.00408, 0.06387, 0.03653, 28.22%
Test - Best epoch, Loss, MSE, RMSE, MAE, MAPE: 13, 0.00437, 0.00437, 0.06611, 0.03579, 26.01%
Time spent: 9.46s
- Epoch 015, ExpID 44
Train - Loss (one batch): 0.00359
Val - Loss, MSE, RMSE, MAE, MAPE: 0.00399, 0.00399, 0.06318, 0.03460, 25.88%
Test - Best epoch, Loss, MSE, RMSE, MAE, MAPE: 15, 0.00434, 0.00434, 0.06585, 0.03455, 24.22%
Time spent: 10.73s
- Epoch 016, ExpID 44
Train - Loss (one batch): 0.00396
Val - Loss, MSE, RMSE, MAE, MAPE: 0.00409, 0.00409, 0.06393, 0.03555, 28.12%
Test - Best epoch, Loss, MSE, RMSE, MAE, MAPE: 15, 0.00434, 0.00434, 0.06585, 0.03455, 24.22%
Time spent: 9.47s
- Epoch 017, ExpID 44
Train - Loss (one batch): 0.00495
Val - Loss, MSE, RMSE, MAE, MAPE: 0.00414, 0.00414, 0.06433, 0.03634, 36.45%
Test - Best epoch, Loss, MSE, RMSE, MAE, MAPE: 15, 0.00434, 0.00434, 0.06585, 0.03455, 24.22%
Time spent: 9.47s
- Epoch 018, ExpID 44
Train - Loss (one batch): 0.00377
Val - Loss, MSE, RMSE, MAE, MAPE: 0.00406, 0.00406, 0.06368, 0.03532, 29.21%
Test - Best epoch, Loss, MSE, RMSE, MAE, MAPE: 15, 0.00434, 0.00434, 0.06585, 0.03455, 24.22%
Time spent: 9.46s
- Epoch 019, ExpID 44
Train - Loss (one batch): 0.00378
Val - Loss, MSE, RMSE, MAE, MAPE: 0.00399, 0.00399, 0.06317, 0.03595, 36.31%
Test - Best epoch, Loss, MSE, RMSE, MAE, MAPE: 19, 0.00430, 0.00430, 0.06555, 0.03588, 34.46%
Time spent: 10.73s
- Epoch 020, ExpID 44
Train - Loss (one batch): 0.00242
Val - Loss, MSE, RMSE, MAE, MAPE: 0.00413, 0.00413, 0.06429, 0.03691, 38.02%
Test - Best epoch, Loss, MSE, RMSE, MAE, MAPE: 19, 0.00430, 0.00430, 0.06555, 0.03588, 34.46%
Time spent: 9.46s
- Epoch 021, ExpID 44
Train - Loss (one batch): 0.00338
Val - Loss, MSE, RMSE, MAE, MAPE: 0.00438, 0.00438, 0.06615, 0.04028, 36.88%
Test - Best epoch, Loss, MSE, RMSE, MAE, MAPE: 19, 0.00430, 0.00430, 0.06555, 0.03588, 34.46%
Time spent: 9.46s
- Epoch 022, ExpID 44
Train - Loss (one batch): 0.00348
Val - Loss, MSE, RMSE, MAE, MAPE: 0.00399, 0.00399, 0.06314, 0.03573, 39.66%
Test - Best epoch, Loss, MSE, RMSE, MAE, MAPE: 22, 0.00430, 0.00430, 0.06560, 0.03569, 37.77%
Time spent: 10.73s
- Epoch 023, ExpID 44
Train - Loss (one batch): 0.00368
Val - Loss, MSE, RMSE, MAE, MAPE: 0.00420, 0.00420, 0.06481, 0.03821, 34.08%
Test - Best epoch, Loss, MSE, RMSE, MAE, MAPE: 22, 0.00430, 0.00430, 0.06560, 0.03569, 37.77%
Time spent: 9.46s
- Epoch 024, ExpID 44
Train - Loss (one batch): 0.00403
Val - Loss, MSE, RMSE, MAE, MAPE: 0.00407, 0.00407, 0.06380, 0.03749, 42.35%
Test - Best epoch, Loss, MSE, RMSE, MAE, MAPE: 22, 0.00430, 0.00430, 0.06560, 0.03569, 37.77%
Time spent: 9.46s
- Epoch 025, ExpID 44
Train - Loss (one batch): 0.00409
Val - Loss, MSE, RMSE, MAE, MAPE: 0.00410, 0.00410, 0.06399, 0.03539, 29.93%
Test - Best epoch, Loss, MSE, RMSE, MAE, MAPE: 22, 0.00430, 0.00430, 0.06560, 0.03569, 37.77%
Time spent: 9.46s
- Epoch 026, ExpID 44
Train - Loss (one batch): 0.00393
Val - Loss, MSE, RMSE, MAE, MAPE: 0.00400, 0.00400, 0.06325, 0.03582, 33.51%
Test - Best epoch, Loss, MSE, RMSE, MAE, MAPE: 22, 0.00430, 0.00430, 0.06560, 0.03569, 37.77%
Time spent: 9.46s
- Epoch 027, ExpID 44
Train - Loss (one batch): 0.00362
Val - Loss, MSE, RMSE, MAE, MAPE: 0.00400, 0.00400, 0.06327, 0.03565, 25.51%
Test - Best epoch, Loss, MSE, RMSE, MAE, MAPE: 22, 0.00430, 0.00430, 0.06560, 0.03569, 37.77%
Time spent: 9.46s
- Epoch 028, ExpID 44
Train - Loss (one batch): 0.00327
Val - Loss, MSE, RMSE, MAE, MAPE: 0.00399, 0.00399, 0.06319, 0.03549, 35.76%
Test - Best epoch, Loss, MSE, RMSE, MAE, MAPE: 22, 0.00430, 0.00430, 0.06560, 0.03569, 37.77%
Time spent: 9.46s
- Epoch 029, ExpID 44
Train - Loss (one batch): 0.00461
Val - Loss, MSE, RMSE, MAE, MAPE: 0.00400, 0.00400, 0.06322, 0.03529, 31.00%
Test - Best epoch, Loss, MSE, RMSE, MAE, MAPE: 22, 0.00430, 0.00430, 0.06560, 0.03569, 37.77%
Time spent: 9.46s
- Epoch 030, ExpID 44
Train - Loss (one batch): 0.00519
Val - Loss, MSE, RMSE, MAE, MAPE: 0.00396, 0.00396, 0.06290, 0.03543, 23.93%
Test - Best epoch, Loss, MSE, RMSE, MAE, MAPE: 30, 0.00425, 0.00425, 0.06516, 0.03534, 22.32%
Time spent: 10.73s
- Epoch 031, ExpID 44
Train - Loss (one batch): 0.00369
Val - Loss, MSE, RMSE, MAE, MAPE: 0.00405, 0.00405, 0.06361, 0.03537, 28.40%
Test - Best epoch, Loss, MSE, RMSE, MAE, MAPE: 30, 0.00425, 0.00425, 0.06516, 0.03534, 22.32%
Time spent: 9.46s
- Epoch 032, ExpID 44
Train - Loss (one batch): 0.00356
Val - Loss, MSE, RMSE, MAE, MAPE: 0.00399, 0.00399, 0.06317, 0.03486, 24.06%
Test - Best epoch, Loss, MSE, RMSE, MAE, MAPE: 30, 0.00425, 0.00425, 0.06516, 0.03534, 22.32%
Time spent: 9.46s
- Epoch 033, ExpID 44
Train - Loss (one batch): 0.00421
Val - Loss, MSE, RMSE, MAE, MAPE: 0.00402, 0.00402, 0.06338, 0.03575, 29.08%
Test - Best epoch, Loss, MSE, RMSE, MAE, MAPE: 30, 0.00425, 0.00425, 0.06516, 0.03534, 22.32%
Time spent: 9.46s
- Epoch 034, ExpID 44
Train - Loss (one batch): 0.00534
Val - Loss, MSE, RMSE, MAE, MAPE: 0.00396, 0.00396, 0.06292, 0.03457, 27.24%
Test - Best epoch, Loss, MSE, RMSE, MAE, MAPE: 30, 0.00425, 0.00425, 0.06516, 0.03534, 22.32%
Time spent: 9.47s
- Epoch 035, ExpID 44
Train - Loss (one batch): 0.00262
Val - Loss, MSE, RMSE, MAE, MAPE: 0.00406, 0.00406, 0.06375, 0.03562, 23.32%
Test - Best epoch, Loss, MSE, RMSE, MAE, MAPE: 30, 0.00425, 0.00425, 0.06516, 0.03534, 22.32%
Time spent: 9.46s
- Epoch 036, ExpID 44
Train - Loss (one batch): 0.00352
Val - Loss, MSE, RMSE, MAE, MAPE: 0.00405, 0.00405, 0.06366, 0.03605, 36.09%
Test - Best epoch, Loss, MSE, RMSE, MAE, MAPE: 30, 0.00425, 0.00425, 0.06516, 0.03534, 22.32%
Time spent: 9.46s
- Epoch 037, ExpID 44
Train - Loss (one batch): 0.00448
Val - Loss, MSE, RMSE, MAE, MAPE: 0.00416, 0.00416, 0.06451, 0.03617, 31.13%
Test - Best epoch, Loss, MSE, RMSE, MAE, MAPE: 30, 0.00425, 0.00425, 0.06516, 0.03534, 22.32%
Time spent: 9.46s
- Epoch 038, ExpID 44
Train - Loss (one batch): 0.00401
Val - Loss, MSE, RMSE, MAE, MAPE: 0.00404, 0.00404, 0.06355, 0.03487, 31.52%
Test - Best epoch, Loss, MSE, RMSE, MAE, MAPE: 30, 0.00425, 0.00425, 0.06516, 0.03534, 22.32%
Time spent: 9.46s
- Epoch 039, ExpID 44
Train - Loss (one batch): 0.00353
Val - Loss, MSE, RMSE, MAE, MAPE: 0.00391, 0.00391, 0.06256, 0.03487, 36.54%
Test - Best epoch, Loss, MSE, RMSE, MAE, MAPE: 39, 0.00423, 0.00423, 0.06506, 0.03478, 34.91%
Time spent: 10.73s
- Epoch 040, ExpID 44
Train - Loss (one batch): 0.00500
Val - Loss, MSE, RMSE, MAE, MAPE: 0.00395, 0.00395, 0.06283, 0.03488, 32.06%
Test - Best epoch, Loss, MSE, RMSE, MAE, MAPE: 39, 0.00423, 0.00423, 0.06506, 0.03478, 34.91%
Time spent: 9.46s
- Epoch 041, ExpID 44
Train - Loss (one batch): 0.00382
Val - Loss, MSE, RMSE, MAE, MAPE: 0.00396, 0.00396, 0.06296, 0.03462, 23.03%
Test - Best epoch, Loss, MSE, RMSE, MAE, MAPE: 39, 0.00423, 0.00423, 0.06506, 0.03478, 34.91%
Time spent: 9.46s
- Epoch 042, ExpID 44
Train - Loss (one batch): 0.00282
Val - Loss, MSE, RMSE, MAE, MAPE: 0.00406, 0.00406, 0.06373, 0.03607, 31.03%
Test - Best epoch, Loss, MSE, RMSE, MAE, MAPE: 39, 0.00423, 0.00423, 0.06506, 0.03478, 34.91%
Time spent: 9.46s
- Epoch 043, ExpID 44
Train - Loss (one batch): 0.00313
Val - Loss, MSE, RMSE, MAE, MAPE: 0.00397, 0.00397, 0.06301, 0.03505, 30.49%
Test - Best epoch, Loss, MSE, RMSE, MAE, MAPE: 39, 0.00423, 0.00423, 0.06506, 0.03478, 34.91%
Time spent: 9.46s
- Epoch 044, ExpID 44
Train - Loss (one batch): 0.00379
Val - Loss, MSE, RMSE, MAE, MAPE: 0.00403, 0.00403, 0.06351, 0.03510, 24.40%
Test - Best epoch, Loss, MSE, RMSE, MAE, MAPE: 39, 0.00423, 0.00423, 0.06506, 0.03478, 34.91%
Time spent: 9.46s
- Epoch 045, ExpID 44
Train - Loss (one batch): 0.00308
Val - Loss, MSE, RMSE, MAE, MAPE: 0.00392, 0.00392, 0.06264, 0.03456, 31.25%
Test - Best epoch, Loss, MSE, RMSE, MAE, MAPE: 39, 0.00423, 0.00423, 0.06506, 0.03478, 34.91%
Time spent: 9.46s
- Epoch 046, ExpID 44
Train - Loss (one batch): 0.00385
Val - Loss, MSE, RMSE, MAE, MAPE: 0.00410, 0.00410, 0.06400, 0.03733, 49.99%
Test - Best epoch, Loss, MSE, RMSE, MAE, MAPE: 39, 0.00423, 0.00423, 0.06506, 0.03478, 34.91%
Time spent: 9.46s
- Epoch 047, ExpID 44
Train - Loss (one batch): 0.00311
Val - Loss, MSE, RMSE, MAE, MAPE: 0.00404, 0.00404, 0.06356, 0.03665, 40.63%
Test - Best epoch, Loss, MSE, RMSE, MAE, MAPE: 39, 0.00423, 0.00423, 0.06506, 0.03478, 34.91%
Time spent: 9.46s
- Epoch 048, ExpID 44
Train - Loss (one batch): 0.00337
Val - Loss, MSE, RMSE, MAE, MAPE: 0.00416, 0.00416, 0.06452, 0.03617, 29.60%
Test - Best epoch, Loss, MSE, RMSE, MAE, MAPE: 39, 0.00423, 0.00423, 0.06506, 0.03478, 34.91%
Time spent: 9.46s
- Epoch 049, ExpID 44
Train - Loss (one batch): 0.00320
Val - Loss, MSE, RMSE, MAE, MAPE: 0.00408, 0.00408, 0.06384, 0.03553, 26.94%
Test - Best epoch, Loss, MSE, RMSE, MAE, MAPE: 39, 0.00423, 0.00423, 0.06506, 0.03478, 34.91%
Time spent: 9.46s
- Epoch 050, ExpID 44
Train - Loss (one batch): 0.00428
Val - Loss, MSE, RMSE, MAE, MAPE: 0.00401, 0.00401, 0.06334, 0.03642, 37.23%
Test - Best epoch, Loss, MSE, RMSE, MAE, MAPE: 39, 0.00423, 0.00423, 0.06506, 0.03478, 34.91%
Time spent: 9.46s
- Epoch 051, ExpID 44
Train - Loss (one batch): 0.00444
Val - Loss, MSE, RMSE, MAE, MAPE: 0.00397, 0.00397, 0.06301, 0.03533, 23.55%
Test - Best epoch, Loss, MSE, RMSE, MAE, MAPE: 39, 0.00423, 0.00423, 0.06506, 0.03478, 34.91%
Time spent: 9.47s
- Epoch 052, ExpID 44
Train - Loss (one batch): 0.00418
Val - Loss, MSE, RMSE, MAE, MAPE: 0.00391, 0.00391, 0.06255, 0.03506, 27.96%
Test - Best epoch, Loss, MSE, RMSE, MAE, MAPE: 52, 0.00425, 0.00425, 0.06517, 0.03504, 26.65%
Time spent: 10.73s
- Epoch 053, ExpID 44
Train - Loss (one batch): 0.00308
Val - Loss, MSE, RMSE, MAE, MAPE: 0.00409, 0.00409, 0.06396, 0.03580, 24.09%
Test - Best epoch, Loss, MSE, RMSE, MAE, MAPE: 52, 0.00425, 0.00425, 0.06517, 0.03504, 26.65%
Time spent: 9.46s
- Epoch 054, ExpID 44
Train - Loss (one batch): 0.00372
Val - Loss, MSE, RMSE, MAE, MAPE: 0.00405, 0.00405, 0.06367, 0.03589, 25.31%
Test - Best epoch, Loss, MSE, RMSE, MAE, MAPE: 52, 0.00425, 0.00425, 0.06517, 0.03504, 26.65%
Time spent: 9.46s
- Epoch 055, ExpID 44
Train - Loss (one batch): 0.00391
Val - Loss, MSE, RMSE, MAE, MAPE: 0.00404, 0.00404, 0.06352, 0.03505, 24.58%
Test - Best epoch, Loss, MSE, RMSE, MAE, MAPE: 52, 0.00425, 0.00425, 0.06517, 0.03504, 26.65%
Time spent: 9.46s
- Epoch 056, ExpID 44
Train - Loss (one batch): 0.00360
Val - Loss, MSE, RMSE, MAE, MAPE: 0.00402, 0.00402, 0.06343, 0.03510, 36.05%
Test - Best epoch, Loss, MSE, RMSE, MAE, MAPE: 52, 0.00425, 0.00425, 0.06517, 0.03504, 26.65%
Time spent: 9.46s
- Epoch 057, ExpID 44
Train - Loss (one batch): 0.00325
Val - Loss, MSE, RMSE, MAE, MAPE: 0.00400, 0.00400, 0.06328, 0.03460, 24.63%
Test - Best epoch, Loss, MSE, RMSE, MAE, MAPE: 52, 0.00425, 0.00425, 0.06517, 0.03504, 26.65%
Time spent: 9.46s
- Epoch 058, ExpID 44
Train - Loss (one batch): 0.00338
Val - Loss, MSE, RMSE, MAE, MAPE: 0.00410, 0.00410, 0.06407, 0.03608, 36.42%
Test - Best epoch, Loss, MSE, RMSE, MAE, MAPE: 52, 0.00425, 0.00425, 0.06517, 0.03504, 26.65%
Time spent: 9.45s
- Epoch 059, ExpID 44
Train - Loss (one batch): 0.00381
Val - Loss, MSE, RMSE, MAE, MAPE: 0.00401, 0.00401, 0.06329, 0.03495, 27.60%
Test - Best epoch, Loss, MSE, RMSE, MAE, MAPE: 52, 0.00425, 0.00425, 0.06517, 0.03504, 26.65%
Time spent: 9.45s
- Epoch 060, ExpID 44
Train - Loss (one batch): 0.00402
Val - Loss, MSE, RMSE, MAE, MAPE: 0.00405, 0.00405, 0.06361, 0.03615, 47.23%
Test - Best epoch, Loss, MSE, RMSE, MAE, MAPE: 52, 0.00425, 0.00425, 0.06517, 0.03504, 26.65%
Time spent: 9.46s
- Epoch 061, ExpID 44
Train - Loss (one batch): 0.00272
Val - Loss, MSE, RMSE, MAE, MAPE: 0.00411, 0.00411, 0.06409, 0.03471, 30.60%
Test - Best epoch, Loss, MSE, RMSE, MAE, MAPE: 52, 0.00425, 0.00425, 0.06517, 0.03504, 26.65%
Time spent: 9.45s
- Epoch 062, ExpID 44
Train - Loss (one batch): 0.00360
Val - Loss, MSE, RMSE, MAE, MAPE: 0.00403, 0.00403, 0.06349, 0.03464, 35.16%
Test - Best epoch, Loss, MSE, RMSE, MAE, MAPE: 52, 0.00425, 0.00425, 0.06517, 0.03504, 26.65%
Time spent: 9.45s
- Epoch 063, ExpID 44
Train - Loss (one batch): 0.00506
Val - Loss, MSE, RMSE, MAE, MAPE: 0.00411, 0.00411, 0.06408, 0.03654, 24.28%
Test - Best epoch, Loss, MSE, RMSE, MAE, MAPE: 52, 0.00425, 0.00425, 0.06517, 0.03504, 26.65%
Time spent: 9.46s
- Epoch 064, ExpID 44
Train - Loss (one batch): 0.00390
Val - Loss, MSE, RMSE, MAE, MAPE: 0.00404, 0.00404, 0.06360, 0.03511, 27.63%
Test - Best epoch, Loss, MSE, RMSE, MAE, MAPE: 52, 0.00425, 0.00425, 0.06517, 0.03504, 26.65%
Time spent: 9.46s
- Epoch 065, ExpID 44
Train - Loss (one batch): 0.00306
Val - Loss, MSE, RMSE, MAE, MAPE: 0.00403, 0.00403, 0.06348, 0.03470, 29.05%
Test - Best epoch, Loss, MSE, RMSE, MAE, MAPE: 52, 0.00425, 0.00425, 0.06517, 0.03504, 26.65%
Time spent: 9.45s
- Epoch 066, ExpID 44
Train - Loss (one batch): 0.00384
Val - Loss, MSE, RMSE, MAE, MAPE: 0.00400, 0.00400, 0.06323, 0.03483, 25.91%
Test - Best epoch, Loss, MSE, RMSE, MAE, MAPE: 52, 0.00425, 0.00425, 0.06517, 0.03504, 26.65%
Time spent: 9.45s
- Epoch 067, ExpID 44
Train - Loss (one batch): 0.00407
Val - Loss, MSE, RMSE, MAE, MAPE: 0.00414, 0.00414, 0.06434, 0.03657, 26.43%
Test - Best epoch, Loss, MSE, RMSE, MAE, MAPE: 52, 0.00425, 0.00425, 0.06517, 0.03504, 26.65%
Time spent: 9.46s
