=== Seed 1 ===
PID, device: 1948942 cuda
Total records: 12000
Dataset n_samples: 12000 7200 2400 2400
overlap train∩val: 0 train∩test: 0 val∩test: 0
Test record ids (first 20): ['141908', '143709', '142213', '162190', '138704', '160585', '150290', '156241', '137485', '150340', '135674', '141404', '135171', '133764', '146552', '154493', '136155', '146314', '136706', '134994']
Test record ids (last 20): ['143505', '138293', '144879', '147553', '139211', '150556', '133287', '162637', '147110', '157654', '143326', '137795', '143915', '151353', '151772', '139738', '162735', '143245', '139112', '143576']
data_max: tensor([9.0000e+01, 1.0000e+00, 4.6230e+02, 4.0000e+00, 4.7200e+02, 5.0000e+00,
        4.1060e+03, 1.6920e+04, 2.3950e+04, 8.2800e+01, 2.0900e+02, 3.4200e+02,
        2.2000e+01, 2.7200e+02, 1.0000e+00, 1.5000e+01, 1.5910e+03, 5.2000e+01,
        6.1800e+01, 2.1150e+02, 2.2900e+01, 2.9300e+01, 2.2400e+01, 2.9800e+02,
        1.0000e+00, 1.8000e+02, 1.8000e+02, 2.1500e+02, 2.6133e+02, 1.0000e+02,
        5.0000e+02, 7.3500e+02, 2.2920e+03, 1.0000e+02, 1.0000e+02, 2.8500e+02,
        4.2200e+01, 4.9600e+01, 2.9910e+01, 1.1000e+04, 5.2800e+02],
       device='cuda:0')
data_min: tensor([ 1.5000e+01, -1.0000e+00, -1.0000e+00,  1.0000e+00, -1.0000e+00,
         1.0000e+00,  8.0000e+00,  1.0000e+00,  4.0000e+00,  0.0000e+00,
         0.0000e+00,  3.5000e+01,  1.0000e-01, -1.0000e+00,  2.1000e-01,
         3.0000e+00,  8.0000e+00,  5.0000e+00,  5.5000e+00,  0.0000e+00,
         1.8000e+00,  3.0000e-01,  4.0000e-01,  0.0000e+00,  1.0000e+00,
         9.8000e+01, -1.0000e+00,  0.0000e+00,  0.0000e+00,  0.0000e+00,
         0.0000e+00,  0.0000e+00,  5.0000e+00,  0.0000e+00,  0.0000e+00,
         0.0000e+00, -1.7800e+01,  3.0000e-01,  1.0000e-02,  0.0000e+00,
         0.0000e+00], device='cuda:0')
time_max: tensor(48., device='cuda:0')
[MS] batch keys: ['X_list', 'tt_list', 'mk_list', 'npatches', 'tp_to_predict', 'data_to_predict', 'mask_predicted_data']
[MS] #scales: 2
[MS] per-scale shapes: [(32, 6, 4, 41), (32, 3, 8, 41)]
[MS] data_to_predict: (32, 25, 41)
[MS] mask_predicted_data sum: 5409.0
[MS] tt_list mins/maxes: [(0.0, 0.9583333730697632), (0.0, 0.9583333730697632)]
[MS] tp_to_predict min/max: 0.0 2.0
[MS] use_ms=True fusion=attn scales=4,8 strides=4,8 npatches_per_scale=[6, 3]
decoder exists: True
fuse_proj exists: False
attn_V exists: True
attn_u exists: True
gate_mlp exists: False
Missing trainable params in optimizer: []
Missing count: 0
n_train_batches: 225
Epoch 0: avg decoder weight change = 0.00006584
Epoch 1: avg decoder weight change = 0.00004073
Epoch 2: avg decoder weight change = 0.00004938
Epoch 3: avg decoder weight change = 0.00005610
Epoch 4: avg decoder weight change = 0.00004832
Epoch 5: avg decoder weight change = 0.00004912
Epoch 6: avg decoder weight change = 0.00004477
Epoch 7: avg decoder weight change = 0.00004835
Epoch 8: avg decoder weight change = 0.00005282
Epoch 9: avg decoder weight change = 0.00005192
Epoch 10: avg decoder weight change = 0.00005778
Epoch 11: avg decoder weight change = 0.00005552
Epoch 12: avg decoder weight change = 0.00006219
Epoch 13: avg decoder weight change = 0.00006402
Epoch 14: avg decoder weight change = 0.00006778
Epoch 15: avg decoder weight change = 0.00006945
Epoch 16: avg decoder weight change = 0.00007666
Epoch 17: avg decoder weight change = 0.00007936
Epoch 18: avg decoder weight change = 0.00008257
Epoch 19: avg decoder weight change = 0.00007442
Epoch 20: avg decoder weight change = 0.00008956
Epoch 21: avg decoder weight change = 0.00008028
Epoch 22: avg decoder weight change = 0.00008055
Epoch 23: avg decoder weight change = 0.00008837
Epoch 24: avg decoder weight change = 0.00009322
Epoch 25: avg decoder weight change = 0.00008879
Epoch 26: avg decoder weight change = 0.00009652
Epoch 27: avg decoder weight change = 0.00008367
Epoch 28: avg decoder weight change = 0.00009785
Epoch 29: avg decoder weight change = 0.00009728
Epoch 30: avg decoder weight change = 0.00009497
Epoch 31: avg decoder weight change = 0.00009752
Epoch 32: avg decoder weight change = 0.00010438
Epoch 33: avg decoder weight change = 0.00009930
Epoch 34: avg decoder weight change = 0.00010280
Epoch 35: avg decoder weight change = 0.00009826
Epoch 36: avg decoder weight change = 0.00010324
Epoch 37: avg decoder weight change = 0.00010704
Epoch 38: avg decoder weight change = 0.00011560
Epoch 39: avg decoder weight change = 0.00010047
Epoch 40: avg decoder weight change = 0.00012452
Epoch 41: avg decoder weight change = 0.00011184
Epoch 42: avg decoder weight change = 0.00010566
Epoch 43: avg decoder weight change = 0.00010938
Epoch 44: avg decoder weight change = 0.00011280
Epoch 45: avg decoder weight change = 0.00011411
Epoch 46: avg decoder weight change = 0.00011866
Epoch 47: avg decoder weight change = 0.00013305
Epoch 48: avg decoder weight change = 0.00011110
Epoch 49: avg decoder weight change = 0.00012076
Epoch 50: avg decoder weight change = 0.00011833
Epoch 51: avg decoder weight change = 0.00011476
Epoch 52: avg decoder weight change = 0.00011687
Epoch 53: avg decoder weight change = 0.00011944
Epoch 54: avg decoder weight change = 0.00012370
Epoch 55: avg decoder weight change = 0.00013299
Epoch 56: avg decoder weight change = 0.00012192
Epoch 57: avg decoder weight change = 0.00011849
Epoch 58: avg decoder weight change = 0.00013567
Epoch 59: avg decoder weight change = 0.00013219
Epoch 60: avg decoder weight change = 0.00012709
Epoch 61: avg decoder weight change = 0.00011907
Epoch 62: avg decoder weight change = 0.00012491
Epoch 63: avg decoder weight change = 0.00012922
Epoch 64: avg decoder weight change = 0.00011893
Epoch 65: avg decoder weight change = 0.00012604
Epoch 66: avg decoder weight change = 0.00013642
Epoch 67: avg decoder weight change = 0.00012821
Epoch 68: avg decoder weight change = 0.00012931
Epoch 69: avg decoder weight change = 0.00012399
Exp has been early stopped!
=== Seed 2 ===
PID, device: 1949106 cuda
Total records: 12000
Dataset n_samples: 12000 7200 2400 2400
overlap train∩val: 0 train∩test: 0 val∩test: 0
Test record ids (first 20): ['141908', '143709', '142213', '162190', '138704', '160585', '150290', '156241', '137485', '150340', '135674', '141404', '135171', '133764', '146552', '154493', '136155', '146314', '136706', '134994']
Test record ids (last 20): ['143505', '138293', '144879', '147553', '139211', '150556', '133287', '162637', '147110', '157654', '143326', '137795', '143915', '151353', '151772', '139738', '162735', '143245', '139112', '143576']
data_max: tensor([9.0000e+01, 1.0000e+00, 4.6230e+02, 4.0000e+00, 4.7200e+02, 5.0000e+00,
        4.1060e+03, 1.6920e+04, 2.3950e+04, 8.2800e+01, 2.0900e+02, 3.4200e+02,
        2.2000e+01, 2.7200e+02, 1.0000e+00, 1.5000e+01, 1.5910e+03, 5.2000e+01,
        6.1800e+01, 2.1150e+02, 2.2900e+01, 2.9300e+01, 2.2400e+01, 2.9800e+02,
        1.0000e+00, 1.8000e+02, 1.8000e+02, 2.1500e+02, 2.6133e+02, 1.0000e+02,
        5.0000e+02, 7.3500e+02, 2.2920e+03, 1.0000e+02, 1.0000e+02, 2.8500e+02,
        4.2200e+01, 4.9600e+01, 2.9910e+01, 1.1000e+04, 5.2800e+02],
       device='cuda:0')
data_min: tensor([ 1.5000e+01, -1.0000e+00, -1.0000e+00,  1.0000e+00, -1.0000e+00,
         1.0000e+00,  8.0000e+00,  1.0000e+00,  4.0000e+00,  0.0000e+00,
         0.0000e+00,  3.5000e+01,  1.0000e-01, -1.0000e+00,  2.1000e-01,
         3.0000e+00,  8.0000e+00,  5.0000e+00,  5.5000e+00,  0.0000e+00,
         1.8000e+00,  3.0000e-01,  4.0000e-01,  0.0000e+00,  1.0000e+00,
         9.8000e+01, -1.0000e+00,  0.0000e+00,  0.0000e+00,  0.0000e+00,
         0.0000e+00,  0.0000e+00,  5.0000e+00,  0.0000e+00,  0.0000e+00,
         0.0000e+00, -1.7800e+01,  3.0000e-01,  1.0000e-02,  0.0000e+00,
         0.0000e+00], device='cuda:0')
time_max: tensor(48., device='cuda:0')
[MS] batch keys: ['X_list', 'tt_list', 'mk_list', 'npatches', 'tp_to_predict', 'data_to_predict', 'mask_predicted_data']
[MS] #scales: 2
[MS] per-scale shapes: [(32, 6, 4, 41), (32, 3, 8, 41)]
[MS] data_to_predict: (32, 25, 41)
[MS] mask_predicted_data sum: 5409.0
[MS] tt_list mins/maxes: [(0.0, 0.9583333730697632), (0.0, 0.9583333730697632)]
[MS] tp_to_predict min/max: 0.0 2.0
[MS] use_ms=True fusion=attn scales=4,8 strides=4,8 npatches_per_scale=[6, 3]
decoder exists: True
fuse_proj exists: False
attn_V exists: True
attn_u exists: True
gate_mlp exists: False
Missing trainable params in optimizer: []
Missing count: 0
n_train_batches: 225
Epoch 0: avg decoder weight change = 0.00005939
Epoch 1: avg decoder weight change = 0.00003098
Epoch 2: avg decoder weight change = 0.00003389
Epoch 3: avg decoder weight change = 0.00004465
Epoch 4: avg decoder weight change = 0.00004432
Epoch 5: avg decoder weight change = 0.00004576
Epoch 6: avg decoder weight change = 0.00008903
Epoch 7: avg decoder weight change = 0.00003505
Epoch 8: avg decoder weight change = 0.00003439
Epoch 9: avg decoder weight change = 0.00003443
Epoch 10: avg decoder weight change = 0.00003948
Epoch 11: avg decoder weight change = 0.00003499
Epoch 12: avg decoder weight change = 0.00003588
Epoch 13: avg decoder weight change = 0.00003585
Epoch 14: avg decoder weight change = 0.00003881
Epoch 15: avg decoder weight change = 0.00003882
Epoch 16: avg decoder weight change = 0.00004370
Epoch 17: avg decoder weight change = 0.00004839
Epoch 18: avg decoder weight change = 0.00004275
Epoch 19: avg decoder weight change = 0.00004667
Epoch 20: avg decoder weight change = 0.00005213
Epoch 21: avg decoder weight change = 0.00004887
Epoch 22: avg decoder weight change = 0.00005523
Epoch 23: avg decoder weight change = 0.00006254
Epoch 24: avg decoder weight change = 0.00005597
Epoch 25: avg decoder weight change = 0.00006257
Epoch 26: avg decoder weight change = 0.00006199
Epoch 27: avg decoder weight change = 0.00006039
Epoch 28: avg decoder weight change = 0.00006573
Epoch 29: avg decoder weight change = 0.00006853
Epoch 30: avg decoder weight change = 0.00006943
Epoch 31: avg decoder weight change = 0.00008346
Epoch 32: avg decoder weight change = 0.00007458
Epoch 33: avg decoder weight change = 0.00007667
Epoch 34: avg decoder weight change = 0.00007509
Epoch 35: avg decoder weight change = 0.00008292
Epoch 36: avg decoder weight change = 0.00007723
Epoch 37: avg decoder weight change = 0.00008123
Epoch 38: avg decoder weight change = 0.00007397
Epoch 39: avg decoder weight change = 0.00007974
Epoch 40: avg decoder weight change = 0.00007795
Epoch 41: avg decoder weight change = 0.00007805
Epoch 42: avg decoder weight change = 0.00008680
Epoch 43: avg decoder weight change = 0.00009137
Epoch 44: avg decoder weight change = 0.00008429
Epoch 45: avg decoder weight change = 0.00008185
Epoch 46: avg decoder weight change = 0.00007910
Epoch 47: avg decoder weight change = 0.00009352
Epoch 48: avg decoder weight change = 0.00008422
Epoch 49: avg decoder weight change = 0.00008759
Epoch 50: avg decoder weight change = 0.00008730
Epoch 51: avg decoder weight change = 0.00009875
Epoch 52: avg decoder weight change = 0.00009207
Epoch 53: avg decoder weight change = 0.00008222
Epoch 54: avg decoder weight change = 0.00009069
Epoch 55: avg decoder weight change = 0.00009683
Epoch 56: avg decoder weight change = 0.00008864
Epoch 57: avg decoder weight change = 0.00008045
Epoch 58: avg decoder weight change = 0.00008270
Epoch 59: avg decoder weight change = 0.00008831
Epoch 60: avg decoder weight change = 0.00009595
Epoch 61: avg decoder weight change = 0.00009602
Epoch 62: avg decoder weight change = 0.00009699
Epoch 63: avg decoder weight change = 0.00009087
Epoch 64: avg decoder weight change = 0.00009657
Epoch 65: avg decoder weight change = 0.00008523
Epoch 66: avg decoder weight change = 0.00009551
Epoch 67: avg decoder weight change = 0.00008764
Epoch 68: avg decoder weight change = 0.00009456
Epoch 69: avg decoder weight change = 0.00009758
Epoch 70: avg decoder weight change = 0.00008309
Epoch 71: avg decoder weight change = 0.00008430
Epoch 72: avg decoder weight change = 0.00008377
Epoch 73: avg decoder weight change = 0.00008879
Epoch 74: avg decoder weight change = 0.00008685
Epoch 75: avg decoder weight change = 0.00008717
Exp has been early stopped!
=== Seed 3 ===
PID, device: 1949265 cuda
Total records: 12000
Dataset n_samples: 12000 7200 2400 2400
overlap train∩val: 0 train∩test: 0 val∩test: 0
Test record ids (first 20): ['141908', '143709', '142213', '162190', '138704', '160585', '150290', '156241', '137485', '150340', '135674', '141404', '135171', '133764', '146552', '154493', '136155', '146314', '136706', '134994']
Test record ids (last 20): ['143505', '138293', '144879', '147553', '139211', '150556', '133287', '162637', '147110', '157654', '143326', '137795', '143915', '151353', '151772', '139738', '162735', '143245', '139112', '143576']
data_max: tensor([9.0000e+01, 1.0000e+00, 4.6230e+02, 4.0000e+00, 4.7200e+02, 5.0000e+00,
        4.1060e+03, 1.6920e+04, 2.3950e+04, 8.2800e+01, 2.0900e+02, 3.4200e+02,
        2.2000e+01, 2.7200e+02, 1.0000e+00, 1.5000e+01, 1.5910e+03, 5.2000e+01,
        6.1800e+01, 2.1150e+02, 2.2900e+01, 2.9300e+01, 2.2400e+01, 2.9800e+02,
        1.0000e+00, 1.8000e+02, 1.8000e+02, 2.1500e+02, 2.6133e+02, 1.0000e+02,
        5.0000e+02, 7.3500e+02, 2.2920e+03, 1.0000e+02, 1.0000e+02, 2.8500e+02,
        4.2200e+01, 4.9600e+01, 2.9910e+01, 1.1000e+04, 5.2800e+02],
       device='cuda:0')
data_min: tensor([ 1.5000e+01, -1.0000e+00, -1.0000e+00,  1.0000e+00, -1.0000e+00,
         1.0000e+00,  8.0000e+00,  1.0000e+00,  4.0000e+00,  0.0000e+00,
         0.0000e+00,  3.5000e+01,  1.0000e-01, -1.0000e+00,  2.1000e-01,
         3.0000e+00,  8.0000e+00,  5.0000e+00,  5.5000e+00,  0.0000e+00,
         1.8000e+00,  3.0000e-01,  4.0000e-01,  0.0000e+00,  1.0000e+00,
         9.8000e+01, -1.0000e+00,  0.0000e+00,  0.0000e+00,  0.0000e+00,
         0.0000e+00,  0.0000e+00,  5.0000e+00,  0.0000e+00,  0.0000e+00,
         0.0000e+00, -1.7800e+01,  3.0000e-01,  1.0000e-02,  0.0000e+00,
         0.0000e+00], device='cuda:0')
time_max: tensor(48., device='cuda:0')
[MS] batch keys: ['X_list', 'tt_list', 'mk_list', 'npatches', 'tp_to_predict', 'data_to_predict', 'mask_predicted_data']
[MS] #scales: 2
[MS] per-scale shapes: [(32, 6, 4, 41), (32, 3, 8, 41)]
[MS] data_to_predict: (32, 25, 41)
[MS] mask_predicted_data sum: 5409.0
[MS] tt_list mins/maxes: [(0.0, 0.9583333730697632), (0.0, 0.9583333730697632)]
[MS] tp_to_predict min/max: 0.0 2.0
[MS] use_ms=True fusion=attn scales=4,8 strides=4,8 npatches_per_scale=[6, 3]
decoder exists: True
fuse_proj exists: False
attn_V exists: True
attn_u exists: True
gate_mlp exists: False
Missing trainable params in optimizer: []
Missing count: 0
n_train_batches: 225
Epoch 0: avg decoder weight change = 0.00005466
Epoch 1: avg decoder weight change = 0.00002362
Epoch 2: avg decoder weight change = 0.00002761
Epoch 3: avg decoder weight change = 0.00002865
Epoch 4: avg decoder weight change = 0.00002761
Epoch 5: avg decoder weight change = 0.00002918
Epoch 6: avg decoder weight change = 0.00002898
Epoch 7: avg decoder weight change = 0.00003050
Epoch 8: avg decoder weight change = 0.00003784
Epoch 9: avg decoder weight change = 0.00004296
Epoch 10: avg decoder weight change = 0.00004000
Epoch 11: avg decoder weight change = 0.00004329
Epoch 12: avg decoder weight change = 0.00003938
Epoch 13: avg decoder weight change = 0.00004744
Epoch 14: avg decoder weight change = 0.00004118
Epoch 15: avg decoder weight change = 0.00004545
Epoch 16: avg decoder weight change = 0.00004694
Epoch 17: avg decoder weight change = 0.00004979
Epoch 18: avg decoder weight change = 0.00004801
Epoch 19: avg decoder weight change = 0.00004873
Epoch 20: avg decoder weight change = 0.00005430
Epoch 21: avg decoder weight change = 0.00005430
Epoch 22: avg decoder weight change = 0.00006174
Epoch 23: avg decoder weight change = 0.00005313
Epoch 24: avg decoder weight change = 0.00005237
Epoch 25: avg decoder weight change = 0.00005994
Epoch 26: avg decoder weight change = 0.00005530
Epoch 27: avg decoder weight change = 0.00005505
Epoch 28: avg decoder weight change = 0.00006262
Epoch 29: avg decoder weight change = 0.00006349
Epoch 30: avg decoder weight change = 0.00006125
Epoch 31: avg decoder weight change = 0.00006108
Epoch 32: avg decoder weight change = 0.00006482
Epoch 33: avg decoder weight change = 0.00006843
Epoch 34: avg decoder weight change = 0.00005883
Epoch 35: avg decoder weight change = 0.00006539
Epoch 36: avg decoder weight change = 0.00006938
Epoch 37: avg decoder weight change = 0.00005742
Epoch 38: avg decoder weight change = 0.00007078
Epoch 39: avg decoder weight change = 0.00007199
Epoch 40: avg decoder weight change = 0.00006905
Epoch 41: avg decoder weight change = 0.00006790
Epoch 42: avg decoder weight change = 0.00007458
Epoch 43: avg decoder weight change = 0.00006034
Epoch 44: avg decoder weight change = 0.00007789
Epoch 45: avg decoder weight change = 0.00007767
Epoch 46: avg decoder weight change = 0.00007051
Epoch 47: avg decoder weight change = 0.00008551
Epoch 48: avg decoder weight change = 0.00008739
Epoch 49: avg decoder weight change = 0.00007922
Epoch 50: avg decoder weight change = 0.00007344
Epoch 51: avg decoder weight change = 0.00007799
Epoch 52: avg decoder weight change = 0.00008147
Epoch 53: avg decoder weight change = 0.00008137
Epoch 54: avg decoder weight change = 0.00007782
Epoch 55: avg decoder weight change = 0.00008762
Epoch 56: avg decoder weight change = 0.00007601
Epoch 57: avg decoder weight change = 0.00008850
Epoch 58: avg decoder weight change = 0.00007571
Epoch 59: avg decoder weight change = 0.00007509
Epoch 60: avg decoder weight change = 0.00006781
Epoch 61: avg decoder weight change = 0.00007410
Epoch 62: avg decoder weight change = 0.00007127
Epoch 63: avg decoder weight change = 0.00008896
Epoch 64: avg decoder weight change = 0.00007163
Epoch 65: avg decoder weight change = 0.00007071
Epoch 66: avg decoder weight change = 0.00008378
Epoch 67: avg decoder weight change = 0.00007523
Epoch 68: avg decoder weight change = 0.00007214
Epoch 69: avg decoder weight change = 0.00008955
Epoch 70: avg decoder weight change = 0.00008662
Epoch 71: avg decoder weight change = 0.00007429
Epoch 72: avg decoder weight change = 0.00008070
Epoch 73: avg decoder weight change = 0.00008028
Epoch 74: avg decoder weight change = 0.00008403
Epoch 75: avg decoder weight change = 0.00007634
Epoch 76: avg decoder weight change = 0.00009339
Epoch 77: avg decoder weight change = 0.00007391
Epoch 78: avg decoder weight change = 0.00007643
Epoch 79: avg decoder weight change = 0.00009242
Epoch 80: avg decoder weight change = 0.00008807
Epoch 81: avg decoder weight change = 0.00007212
Epoch 82: avg decoder weight change = 0.00008352
Epoch 83: avg decoder weight change = 0.00007657
Epoch 84: avg decoder weight change = 0.00008405
Epoch 85: avg decoder weight change = 0.00008233
Epoch 86: avg decoder weight change = 0.00007678
Epoch 87: avg decoder weight change = 0.00008576
Epoch 88: avg decoder weight change = 0.00008191
Epoch 89: avg decoder weight change = 0.00008257
Epoch 90: avg decoder weight change = 0.00007646
Epoch 91: avg decoder weight change = 0.00007447
Epoch 92: avg decoder weight change = 0.00007768
Epoch 93: avg decoder weight change = 0.00008650
Epoch 94: avg decoder weight change = 0.00007647
Epoch 95: avg decoder weight change = 0.00008160
Exp has been early stopped!
=== Seed 4 ===
PID, device: 1949430 cuda
Total records: 12000
Dataset n_samples: 12000 7200 2400 2400
overlap train∩val: 0 train∩test: 0 val∩test: 0
Test record ids (first 20): ['141908', '143709', '142213', '162190', '138704', '160585', '150290', '156241', '137485', '150340', '135674', '141404', '135171', '133764', '146552', '154493', '136155', '146314', '136706', '134994']
Test record ids (last 20): ['143505', '138293', '144879', '147553', '139211', '150556', '133287', '162637', '147110', '157654', '143326', '137795', '143915', '151353', '151772', '139738', '162735', '143245', '139112', '143576']
data_max: tensor([9.0000e+01, 1.0000e+00, 4.6230e+02, 4.0000e+00, 4.7200e+02, 5.0000e+00,
        4.1060e+03, 1.6920e+04, 2.3950e+04, 8.2800e+01, 2.0900e+02, 3.4200e+02,
        2.2000e+01, 2.7200e+02, 1.0000e+00, 1.5000e+01, 1.5910e+03, 5.2000e+01,
        6.1800e+01, 2.1150e+02, 2.2900e+01, 2.9300e+01, 2.2400e+01, 2.9800e+02,
        1.0000e+00, 1.8000e+02, 1.8000e+02, 2.1500e+02, 2.6133e+02, 1.0000e+02,
        5.0000e+02, 7.3500e+02, 2.2920e+03, 1.0000e+02, 1.0000e+02, 2.8500e+02,
        4.2200e+01, 4.9600e+01, 2.9910e+01, 1.1000e+04, 5.2800e+02],
       device='cuda:0')
data_min: tensor([ 1.5000e+01, -1.0000e+00, -1.0000e+00,  1.0000e+00, -1.0000e+00,
         1.0000e+00,  8.0000e+00,  1.0000e+00,  4.0000e+00,  0.0000e+00,
         0.0000e+00,  3.5000e+01,  1.0000e-01, -1.0000e+00,  2.1000e-01,
         3.0000e+00,  8.0000e+00,  5.0000e+00,  5.5000e+00,  0.0000e+00,
         1.8000e+00,  3.0000e-01,  4.0000e-01,  0.0000e+00,  1.0000e+00,
         9.8000e+01, -1.0000e+00,  0.0000e+00,  0.0000e+00,  0.0000e+00,
         0.0000e+00,  0.0000e+00,  5.0000e+00,  0.0000e+00,  0.0000e+00,
         0.0000e+00, -1.7800e+01,  3.0000e-01,  1.0000e-02,  0.0000e+00,
         0.0000e+00], device='cuda:0')
time_max: tensor(48., device='cuda:0')
[MS] batch keys: ['X_list', 'tt_list', 'mk_list', 'npatches', 'tp_to_predict', 'data_to_predict', 'mask_predicted_data']
[MS] #scales: 2
[MS] per-scale shapes: [(32, 6, 4, 41), (32, 3, 8, 41)]
[MS] data_to_predict: (32, 25, 41)
[MS] mask_predicted_data sum: 5409.0
[MS] tt_list mins/maxes: [(0.0, 0.9583333730697632), (0.0, 0.9583333730697632)]
[MS] tp_to_predict min/max: 0.0 2.0
[MS] use_ms=True fusion=attn scales=4,8 strides=4,8 npatches_per_scale=[6, 3]
decoder exists: True
fuse_proj exists: False
attn_V exists: True
attn_u exists: True
gate_mlp exists: False
Missing trainable params in optimizer: []
Missing count: 0
n_train_batches: 225
Epoch 0: avg decoder weight change = 0.00007157
Epoch 1: avg decoder weight change = 0.00003819
Epoch 2: avg decoder weight change = 0.00003755
Epoch 3: avg decoder weight change = 0.00003991
Epoch 4: avg decoder weight change = 0.00004051
Epoch 5: avg decoder weight change = 0.00004587
Epoch 6: avg decoder weight change = 0.00004319
Epoch 7: avg decoder weight change = 0.00004965
Epoch 8: avg decoder weight change = 0.00004829
Epoch 9: avg decoder weight change = 0.00005057
Epoch 10: avg decoder weight change = 0.00005960
Epoch 11: avg decoder weight change = 0.00005634
Epoch 12: avg decoder weight change = 0.00006026
Epoch 13: avg decoder weight change = 0.00006329
Epoch 14: avg decoder weight change = 0.00006666
Epoch 15: avg decoder weight change = 0.00006426
Epoch 16: avg decoder weight change = 0.00007368
Epoch 17: avg decoder weight change = 0.00006930
Epoch 18: avg decoder weight change = 0.00007186
Epoch 19: avg decoder weight change = 0.00007597
Epoch 20: avg decoder weight change = 0.00007690
Epoch 21: avg decoder weight change = 0.00007450
Epoch 22: avg decoder weight change = 0.00008133
Epoch 23: avg decoder weight change = 0.00007678
Epoch 24: avg decoder weight change = 0.00007612
Epoch 25: avg decoder weight change = 0.00007688
Epoch 26: avg decoder weight change = 0.00008592
Epoch 27: avg decoder weight change = 0.00008954
Epoch 28: avg decoder weight change = 0.00009185
Epoch 29: avg decoder weight change = 0.00009002
Epoch 30: avg decoder weight change = 0.00009238
Epoch 31: avg decoder weight change = 0.00009266
Epoch 32: avg decoder weight change = 0.00009763
Epoch 33: avg decoder weight change = 0.00009254
Epoch 34: avg decoder weight change = 0.00009829
Epoch 35: avg decoder weight change = 0.00010083
Epoch 36: avg decoder weight change = 0.00009831
Epoch 37: avg decoder weight change = 0.00010514
Epoch 38: avg decoder weight change = 0.00009894
Epoch 39: avg decoder weight change = 0.00010327
Epoch 40: avg decoder weight change = 0.00010575
Epoch 41: avg decoder weight change = 0.00010595
Epoch 42: avg decoder weight change = 0.00010370
Epoch 43: avg decoder weight change = 0.00010380
Epoch 44: avg decoder weight change = 0.00011137
Epoch 45: avg decoder weight change = 0.00011110
Epoch 46: avg decoder weight change = 0.00012946
Epoch 47: avg decoder weight change = 0.00011467
Epoch 48: avg decoder weight change = 0.00011637
Epoch 49: avg decoder weight change = 0.00011419
Epoch 50: avg decoder weight change = 0.00011994
Epoch 51: avg decoder weight change = 0.00012150
Epoch 52: avg decoder weight change = 0.00012711
Epoch 53: avg decoder weight change = 0.00011743
Epoch 54: avg decoder weight change = 0.00012801
Epoch 55: avg decoder weight change = 0.00011523
Epoch 56: avg decoder weight change = 0.00010898
Epoch 57: avg decoder weight change = 0.00013014
Epoch 58: avg decoder weight change = 0.00012641
Epoch 59: avg decoder weight change = 0.00012131
Epoch 60: avg decoder weight change = 0.00012387
Exp has been early stopped!
=== Seed 5 ===
PID, device: 1949586 cuda
Total records: 12000
Dataset n_samples: 12000 7200 2400 2400
overlap train∩val: 0 train∩test: 0 val∩test: 0
Test record ids (first 20): ['141908', '143709', '142213', '162190', '138704', '160585', '150290', '156241', '137485', '150340', '135674', '141404', '135171', '133764', '146552', '154493', '136155', '146314', '136706', '134994']
Test record ids (last 20): ['143505', '138293', '144879', '147553', '139211', '150556', '133287', '162637', '147110', '157654', '143326', '137795', '143915', '151353', '151772', '139738', '162735', '143245', '139112', '143576']
data_max: tensor([9.0000e+01, 1.0000e+00, 4.6230e+02, 4.0000e+00, 4.7200e+02, 5.0000e+00,
        4.1060e+03, 1.6920e+04, 2.3950e+04, 8.2800e+01, 2.0900e+02, 3.4200e+02,
        2.2000e+01, 2.7200e+02, 1.0000e+00, 1.5000e+01, 1.5910e+03, 5.2000e+01,
        6.1800e+01, 2.1150e+02, 2.2900e+01, 2.9300e+01, 2.2400e+01, 2.9800e+02,
        1.0000e+00, 1.8000e+02, 1.8000e+02, 2.1500e+02, 2.6133e+02, 1.0000e+02,
        5.0000e+02, 7.3500e+02, 2.2920e+03, 1.0000e+02, 1.0000e+02, 2.8500e+02,
        4.2200e+01, 4.9600e+01, 2.9910e+01, 1.1000e+04, 5.2800e+02],
       device='cuda:0')
data_min: tensor([ 1.5000e+01, -1.0000e+00, -1.0000e+00,  1.0000e+00, -1.0000e+00,
         1.0000e+00,  8.0000e+00,  1.0000e+00,  4.0000e+00,  0.0000e+00,
         0.0000e+00,  3.5000e+01,  1.0000e-01, -1.0000e+00,  2.1000e-01,
         3.0000e+00,  8.0000e+00,  5.0000e+00,  5.5000e+00,  0.0000e+00,
         1.8000e+00,  3.0000e-01,  4.0000e-01,  0.0000e+00,  1.0000e+00,
         9.8000e+01, -1.0000e+00,  0.0000e+00,  0.0000e+00,  0.0000e+00,
         0.0000e+00,  0.0000e+00,  5.0000e+00,  0.0000e+00,  0.0000e+00,
         0.0000e+00, -1.7800e+01,  3.0000e-01,  1.0000e-02,  0.0000e+00,
         0.0000e+00], device='cuda:0')
time_max: tensor(48., device='cuda:0')
[MS] batch keys: ['X_list', 'tt_list', 'mk_list', 'npatches', 'tp_to_predict', 'data_to_predict', 'mask_predicted_data']
[MS] #scales: 2
[MS] per-scale shapes: [(32, 6, 4, 41), (32, 3, 8, 41)]
[MS] data_to_predict: (32, 25, 41)
[MS] mask_predicted_data sum: 5409.0
[MS] tt_list mins/maxes: [(0.0, 0.9583333730697632), (0.0, 0.9583333730697632)]
[MS] tp_to_predict min/max: 0.0 2.0
[MS] use_ms=True fusion=attn scales=4,8 strides=4,8 npatches_per_scale=[6, 3]
decoder exists: True
fuse_proj exists: False
attn_V exists: True
attn_u exists: True
gate_mlp exists: False
Missing trainable params in optimizer: []
Missing count: 0
n_train_batches: 225
Epoch 0: avg decoder weight change = 0.00007699
Epoch 1: avg decoder weight change = 0.00004666
Epoch 2: avg decoder weight change = 0.00004029
Epoch 3: avg decoder weight change = 0.00004494
Epoch 4: avg decoder weight change = 0.00004076
Epoch 5: avg decoder weight change = 0.00004660
Epoch 6: avg decoder weight change = 0.00005589
Epoch 7: avg decoder weight change = 0.00005553
Epoch 8: avg decoder weight change = 0.00004923
Epoch 9: avg decoder weight change = 0.00004824
Epoch 10: avg decoder weight change = 0.00005003
Epoch 11: avg decoder weight change = 0.00005219
Epoch 12: avg decoder weight change = 0.00005823
Epoch 13: avg decoder weight change = 0.00005676
Epoch 14: avg decoder weight change = 0.00006093
Epoch 15: avg decoder weight change = 0.00006394
Epoch 16: avg decoder weight change = 0.00006533
Epoch 17: avg decoder weight change = 0.00006681
Epoch 18: avg decoder weight change = 0.00006244
Epoch 19: avg decoder weight change = 0.00006896
Epoch 20: avg decoder weight change = 0.00006525
Epoch 21: avg decoder weight change = 0.00006597
Epoch 22: avg decoder weight change = 0.00006974
Epoch 23: avg decoder weight change = 0.00007356
Epoch 24: avg decoder weight change = 0.00007123
Epoch 25: avg decoder weight change = 0.00007911
Epoch 26: avg decoder weight change = 0.00008199
Epoch 27: avg decoder weight change = 0.00008317
Epoch 28: avg decoder weight change = 0.00008181
Epoch 29: avg decoder weight change = 0.00007601
Epoch 30: avg decoder weight change = 0.00008579
Epoch 31: avg decoder weight change = 0.00007954
Epoch 32: avg decoder weight change = 0.00009615
Epoch 33: avg decoder weight change = 0.00008785
Epoch 34: avg decoder weight change = 0.00009107
Epoch 35: avg decoder weight change = 0.00008715
Epoch 36: avg decoder weight change = 0.00009326
Epoch 37: avg decoder weight change = 0.00009514
Epoch 38: avg decoder weight change = 0.00009604
Epoch 39: avg decoder weight change = 0.00009161
Epoch 40: avg decoder weight change = 0.00009156
Epoch 41: avg decoder weight change = 0.00009745
Epoch 42: avg decoder weight change = 0.00011319
Epoch 43: avg decoder weight change = 0.00009865
Epoch 44: avg decoder weight change = 0.00009530
Epoch 45: avg decoder weight change = 0.00010442
Epoch 46: avg decoder weight change = 0.00010583
Epoch 47: avg decoder weight change = 0.00010548
Epoch 48: avg decoder weight change = 0.00010941
Epoch 49: avg decoder weight change = 0.00011438
Epoch 50: avg decoder weight change = 0.00010370
Epoch 51: avg decoder weight change = 0.00009960
Epoch 52: avg decoder weight change = 0.00010507
Epoch 53: avg decoder weight change = 0.00011393
Epoch 54: avg decoder weight change = 0.00010890
Epoch 55: avg decoder weight change = 0.00011632
Epoch 56: avg decoder weight change = 0.00011884
Epoch 57: avg decoder weight change = 0.00011513
Epoch 58: avg decoder weight change = 0.00012266
Epoch 59: avg decoder weight change = 0.00011450
Epoch 60: avg decoder weight change = 0.00011886
Epoch 61: avg decoder weight change = 0.00011068
Epoch 62: avg decoder weight change = 0.00012178
Epoch 63: avg decoder weight change = 0.00012069
Epoch 64: avg decoder weight change = 0.00011860
Epoch 65: avg decoder weight change = 0.00011426
Epoch 66: avg decoder weight change = 0.00011412
Epoch 67: avg decoder weight change = 0.00012647
Epoch 68: avg decoder weight change = 0.00011896
Epoch 69: avg decoder weight change = 0.00012544
Epoch 70: avg decoder weight change = 0.00012335
Epoch 71: avg decoder weight change = 0.00012544
Epoch 72: avg decoder weight change = 0.00013293
Epoch 73: avg decoder weight change = 0.00013655
Epoch 74: avg decoder weight change = 0.00012938
Epoch 75: avg decoder weight change = 0.00012212
Epoch 76: avg decoder weight change = 0.00013884
Epoch 77: avg decoder weight change = 0.00013477
Epoch 78: avg decoder weight change = 0.00013206
Epoch 79: avg decoder weight change = 0.00012533
Epoch 80: avg decoder weight change = 0.00013624
Epoch 81: avg decoder weight change = 0.00013175
Epoch 82: avg decoder weight change = 0.00012882
Epoch 83: avg decoder weight change = 0.00012765
Epoch 84: avg decoder weight change = 0.00013588
Epoch 85: avg decoder weight change = 0.00013283
Epoch 86: avg decoder weight change = 0.00012726
Epoch 87: avg decoder weight change = 0.00013080
Epoch 88: avg decoder weight change = 0.00013874
Epoch 89: avg decoder weight change = 0.00012921
Epoch 90: avg decoder weight change = 0.00013341
Epoch 91: avg decoder weight change = 0.00012696
Epoch 92: avg decoder weight change = 0.00013448
Epoch 93: avg decoder weight change = 0.00013363
Epoch 94: avg decoder weight change = 0.00014159
Exp has been early stopped!
