=== Seed 1 ===
PID, device: 1954570 cuda
Total records: 12000
Dataset n_samples: 12000 7200 2400 2400
overlap train∩val: 0 train∩test: 0 val∩test: 0
Test record ids (first 20): ['141908', '143709', '142213', '162190', '138704', '160585', '150290', '156241', '137485', '150340', '135674', '141404', '135171', '133764', '146552', '154493', '136155', '146314', '136706', '134994']
Test record ids (last 20): ['143505', '138293', '144879', '147553', '139211', '150556', '133287', '162637', '147110', '157654', '143326', '137795', '143915', '151353', '151772', '139738', '162735', '143245', '139112', '143576']
data_max: tensor([9.0000e+01, 1.0000e+00, 4.6230e+02, 4.0000e+00, 4.7200e+02, 5.0000e+00,
        4.1060e+03, 1.6920e+04, 2.3950e+04, 8.2800e+01, 2.0900e+02, 3.4200e+02,
        2.2000e+01, 2.7200e+02, 1.0000e+00, 1.5000e+01, 1.5910e+03, 5.2000e+01,
        6.1800e+01, 2.1150e+02, 2.2900e+01, 2.9300e+01, 2.2400e+01, 2.9800e+02,
        1.0000e+00, 1.8000e+02, 1.8000e+02, 2.1500e+02, 2.6133e+02, 1.0000e+02,
        5.0000e+02, 7.3500e+02, 2.2920e+03, 1.0000e+02, 1.0000e+02, 2.8500e+02,
        4.2200e+01, 4.9600e+01, 2.9910e+01, 1.1000e+04, 5.2800e+02],
       device='cuda:0')
data_min: tensor([ 1.5000e+01, -1.0000e+00, -1.0000e+00,  1.0000e+00, -1.0000e+00,
         1.0000e+00,  8.0000e+00,  1.0000e+00,  4.0000e+00,  0.0000e+00,
         0.0000e+00,  3.5000e+01,  1.0000e-01, -1.0000e+00,  2.1000e-01,
         3.0000e+00,  8.0000e+00,  5.0000e+00,  5.5000e+00,  0.0000e+00,
         1.8000e+00,  3.0000e-01,  4.0000e-01,  0.0000e+00,  1.0000e+00,
         9.8000e+01, -1.0000e+00,  0.0000e+00,  0.0000e+00,  0.0000e+00,
         0.0000e+00,  0.0000e+00,  5.0000e+00,  0.0000e+00,  0.0000e+00,
         0.0000e+00, -1.7800e+01,  3.0000e-01,  1.0000e-02,  0.0000e+00,
         0.0000e+00], device='cuda:0')
time_max: tensor(48., device='cuda:0')
[MS] batch keys: ['X_list', 'tt_list', 'mk_list', 'npatches', 'tp_to_predict', 'data_to_predict', 'mask_predicted_data']
[MS] #scales: 3
[MS] per-scale shapes: [(32, 12, 2, 41), (32, 3, 8, 41), (32, 1, 24, 41)]
[MS] data_to_predict: (32, 25, 41)
[MS] mask_predicted_data sum: 5409.0
[MS] tt_list mins/maxes: [(0.0, 0.9583333730697632), (0.0, 0.9583333730697632), (0.0, 0.9583333730697632)]
[MS] tp_to_predict min/max: 0.0 2.0
[MS] use_ms=True fusion=concat scales=2,8,24 strides=2,8,24 npatches_per_scale=[12, 3, 1]
decoder exists: True
fuse_proj exists: True
attn_V exists: False
attn_u exists: False
gate_mlp exists: False
Missing trainable params in optimizer: []
Missing count: 0
n_train_batches: 225
Epoch 0: avg decoder weight change = 0.00007756
Epoch 1: avg decoder weight change = 0.00005926
Epoch 2: avg decoder weight change = 0.00006205
Epoch 3: avg decoder weight change = 0.00006032
Epoch 4: avg decoder weight change = 0.00006547
Epoch 5: avg decoder weight change = 0.00006101
Epoch 6: avg decoder weight change = 0.00006481
Epoch 7: avg decoder weight change = 0.00006797
Epoch 8: avg decoder weight change = 0.00006968
Epoch 9: avg decoder weight change = 0.00007160
Epoch 10: avg decoder weight change = 0.00005431
Epoch 11: avg decoder weight change = 0.00006425
Epoch 12: avg decoder weight change = 0.00007865
Epoch 13: avg decoder weight change = 0.00008555
Epoch 14: avg decoder weight change = 0.00007371
Epoch 15: avg decoder weight change = 0.00007405
Epoch 16: avg decoder weight change = 0.00008060
Epoch 17: avg decoder weight change = 0.00007453
Epoch 18: avg decoder weight change = 0.00008559
Epoch 19: avg decoder weight change = 0.00007483
Epoch 20: avg decoder weight change = 0.00007888
Epoch 21: avg decoder weight change = 0.00008081
Epoch 22: avg decoder weight change = 0.00007624
Epoch 23: avg decoder weight change = 0.00008062
Epoch 24: avg decoder weight change = 0.00006537
Epoch 25: avg decoder weight change = 0.00006940
Epoch 26: avg decoder weight change = 0.00008375
Epoch 27: avg decoder weight change = 0.00008331
Epoch 28: avg decoder weight change = 0.00006889
Epoch 29: avg decoder weight change = 0.00008494
Epoch 30: avg decoder weight change = 0.00007373
Epoch 31: avg decoder weight change = 0.00008814
Epoch 32: avg decoder weight change = 0.00007394
Epoch 33: avg decoder weight change = 0.00008064
Epoch 34: avg decoder weight change = 0.00008750
Epoch 35: avg decoder weight change = 0.00007642
Epoch 36: avg decoder weight change = 0.00012187
Epoch 37: avg decoder weight change = 0.00009822
Epoch 38: avg decoder weight change = 0.00006911
Epoch 39: avg decoder weight change = 0.00007976
Epoch 40: avg decoder weight change = 0.00007396
Epoch 41: avg decoder weight change = 0.00008587
Epoch 42: avg decoder weight change = 0.00008683
Epoch 43: avg decoder weight change = 0.00007875
Epoch 44: avg decoder weight change = 0.00008518
Epoch 45: avg decoder weight change = 0.00008243
Epoch 46: avg decoder weight change = 0.00006774
Epoch 47: avg decoder weight change = 0.00008286
Epoch 48: avg decoder weight change = 0.00009606
Epoch 49: avg decoder weight change = 0.00007095
Epoch 50: avg decoder weight change = 0.00009597
Epoch 51: avg decoder weight change = 0.00011065
Epoch 52: avg decoder weight change = 0.00006607
Epoch 53: avg decoder weight change = 0.00005645
Epoch 54: avg decoder weight change = 0.00007423
Epoch 55: avg decoder weight change = 0.00006628
Epoch 56: avg decoder weight change = 0.00007749
Epoch 57: avg decoder weight change = 0.00005726
Epoch 58: avg decoder weight change = 0.00006006
Epoch 59: avg decoder weight change = 0.00007126
Epoch 60: avg decoder weight change = 0.00007126
Epoch 61: avg decoder weight change = 0.00006739
Epoch 62: avg decoder weight change = 0.00007907
Epoch 63: avg decoder weight change = 0.00005620
Epoch 64: avg decoder weight change = 0.00005826
Epoch 65: avg decoder weight change = 0.00004961
Exp has been early stopped!
=== Seed 2 ===
PID, device: 1954752 cuda
Total records: 12000
Dataset n_samples: 12000 7200 2400 2400
overlap train∩val: 0 train∩test: 0 val∩test: 0
Test record ids (first 20): ['141908', '143709', '142213', '162190', '138704', '160585', '150290', '156241', '137485', '150340', '135674', '141404', '135171', '133764', '146552', '154493', '136155', '146314', '136706', '134994']
Test record ids (last 20): ['143505', '138293', '144879', '147553', '139211', '150556', '133287', '162637', '147110', '157654', '143326', '137795', '143915', '151353', '151772', '139738', '162735', '143245', '139112', '143576']
data_max: tensor([9.0000e+01, 1.0000e+00, 4.6230e+02, 4.0000e+00, 4.7200e+02, 5.0000e+00,
        4.1060e+03, 1.6920e+04, 2.3950e+04, 8.2800e+01, 2.0900e+02, 3.4200e+02,
        2.2000e+01, 2.7200e+02, 1.0000e+00, 1.5000e+01, 1.5910e+03, 5.2000e+01,
        6.1800e+01, 2.1150e+02, 2.2900e+01, 2.9300e+01, 2.2400e+01, 2.9800e+02,
        1.0000e+00, 1.8000e+02, 1.8000e+02, 2.1500e+02, 2.6133e+02, 1.0000e+02,
        5.0000e+02, 7.3500e+02, 2.2920e+03, 1.0000e+02, 1.0000e+02, 2.8500e+02,
        4.2200e+01, 4.9600e+01, 2.9910e+01, 1.1000e+04, 5.2800e+02],
       device='cuda:0')
data_min: tensor([ 1.5000e+01, -1.0000e+00, -1.0000e+00,  1.0000e+00, -1.0000e+00,
         1.0000e+00,  8.0000e+00,  1.0000e+00,  4.0000e+00,  0.0000e+00,
         0.0000e+00,  3.5000e+01,  1.0000e-01, -1.0000e+00,  2.1000e-01,
         3.0000e+00,  8.0000e+00,  5.0000e+00,  5.5000e+00,  0.0000e+00,
         1.8000e+00,  3.0000e-01,  4.0000e-01,  0.0000e+00,  1.0000e+00,
         9.8000e+01, -1.0000e+00,  0.0000e+00,  0.0000e+00,  0.0000e+00,
         0.0000e+00,  0.0000e+00,  5.0000e+00,  0.0000e+00,  0.0000e+00,
         0.0000e+00, -1.7800e+01,  3.0000e-01,  1.0000e-02,  0.0000e+00,
         0.0000e+00], device='cuda:0')
time_max: tensor(48., device='cuda:0')
[MS] batch keys: ['X_list', 'tt_list', 'mk_list', 'npatches', 'tp_to_predict', 'data_to_predict', 'mask_predicted_data']
[MS] #scales: 3
[MS] per-scale shapes: [(32, 12, 2, 41), (32, 3, 8, 41), (32, 1, 24, 41)]
[MS] data_to_predict: (32, 25, 41)
[MS] mask_predicted_data sum: 5409.0
[MS] tt_list mins/maxes: [(0.0, 0.9583333730697632), (0.0, 0.9583333730697632), (0.0, 0.9583333730697632)]
[MS] tp_to_predict min/max: 0.0 2.0
[MS] use_ms=True fusion=concat scales=2,8,24 strides=2,8,24 npatches_per_scale=[12, 3, 1]
decoder exists: True
fuse_proj exists: True
attn_V exists: False
attn_u exists: False
gate_mlp exists: False
Missing trainable params in optimizer: []
Missing count: 0
n_train_batches: 225
Epoch 0: avg decoder weight change = 0.00009963
Epoch 1: avg decoder weight change = 0.00006543
Epoch 2: avg decoder weight change = 0.00007255
Epoch 3: avg decoder weight change = 0.00008215
Epoch 4: avg decoder weight change = 0.00007792
Epoch 5: avg decoder weight change = 0.00007460
Epoch 6: avg decoder weight change = 0.00006437
Epoch 7: avg decoder weight change = 0.00007020
Epoch 8: avg decoder weight change = 0.00006819
Epoch 9: avg decoder weight change = 0.00007020
Epoch 10: avg decoder weight change = 0.00006199
Epoch 11: avg decoder weight change = 0.00006302
Epoch 12: avg decoder weight change = 0.00006976
Epoch 13: avg decoder weight change = 0.00007472
Epoch 14: avg decoder weight change = 0.00007284
Epoch 15: avg decoder weight change = 0.00008570
Epoch 16: avg decoder weight change = 0.00008251
Epoch 17: avg decoder weight change = 0.00008257
Epoch 18: avg decoder weight change = 0.00008325
Epoch 19: avg decoder weight change = 0.00006663
Epoch 20: avg decoder weight change = 0.00009364
Epoch 21: avg decoder weight change = 0.00006878
Epoch 22: avg decoder weight change = 0.00007393
Epoch 23: avg decoder weight change = 0.00006539
Epoch 24: avg decoder weight change = 0.00006760
Epoch 25: avg decoder weight change = 0.00006520
Epoch 26: avg decoder weight change = 0.00007435
Epoch 27: avg decoder weight change = 0.00006995
Epoch 28: avg decoder weight change = 0.00006432
Epoch 29: avg decoder weight change = 0.00009178
Epoch 30: avg decoder weight change = 0.00007519
Epoch 31: avg decoder weight change = 0.00009873
Epoch 32: avg decoder weight change = 0.00011311
Epoch 33: avg decoder weight change = 0.00008320
Epoch 34: avg decoder weight change = 0.00008480
Epoch 35: avg decoder weight change = 0.00007225
Epoch 36: avg decoder weight change = 0.00007338
Epoch 37: avg decoder weight change = 0.00009511
Epoch 38: avg decoder weight change = 0.00007424
Epoch 39: avg decoder weight change = 0.00010205
Epoch 40: avg decoder weight change = 0.00007163
Epoch 41: avg decoder weight change = 0.00007506
Epoch 42: avg decoder weight change = 0.00009501
Epoch 43: avg decoder weight change = 0.00008046
Epoch 44: avg decoder weight change = 0.00006479
Epoch 45: avg decoder weight change = 0.00009598
Epoch 46: avg decoder weight change = 0.00012008
Epoch 47: avg decoder weight change = 0.00009039
Epoch 48: avg decoder weight change = 0.00007491
Epoch 49: avg decoder weight change = 0.00009022
Epoch 50: avg decoder weight change = 0.00008311
Epoch 51: avg decoder weight change = 0.00008114
Exp has been early stopped!
=== Seed 3 ===
PID, device: 1954919 cuda
Total records: 12000
Dataset n_samples: 12000 7200 2400 2400
overlap train∩val: 0 train∩test: 0 val∩test: 0
Test record ids (first 20): ['141908', '143709', '142213', '162190', '138704', '160585', '150290', '156241', '137485', '150340', '135674', '141404', '135171', '133764', '146552', '154493', '136155', '146314', '136706', '134994']
Test record ids (last 20): ['143505', '138293', '144879', '147553', '139211', '150556', '133287', '162637', '147110', '157654', '143326', '137795', '143915', '151353', '151772', '139738', '162735', '143245', '139112', '143576']
data_max: tensor([9.0000e+01, 1.0000e+00, 4.6230e+02, 4.0000e+00, 4.7200e+02, 5.0000e+00,
        4.1060e+03, 1.6920e+04, 2.3950e+04, 8.2800e+01, 2.0900e+02, 3.4200e+02,
        2.2000e+01, 2.7200e+02, 1.0000e+00, 1.5000e+01, 1.5910e+03, 5.2000e+01,
        6.1800e+01, 2.1150e+02, 2.2900e+01, 2.9300e+01, 2.2400e+01, 2.9800e+02,
        1.0000e+00, 1.8000e+02, 1.8000e+02, 2.1500e+02, 2.6133e+02, 1.0000e+02,
        5.0000e+02, 7.3500e+02, 2.2920e+03, 1.0000e+02, 1.0000e+02, 2.8500e+02,
        4.2200e+01, 4.9600e+01, 2.9910e+01, 1.1000e+04, 5.2800e+02],
       device='cuda:0')
data_min: tensor([ 1.5000e+01, -1.0000e+00, -1.0000e+00,  1.0000e+00, -1.0000e+00,
         1.0000e+00,  8.0000e+00,  1.0000e+00,  4.0000e+00,  0.0000e+00,
         0.0000e+00,  3.5000e+01,  1.0000e-01, -1.0000e+00,  2.1000e-01,
         3.0000e+00,  8.0000e+00,  5.0000e+00,  5.5000e+00,  0.0000e+00,
         1.8000e+00,  3.0000e-01,  4.0000e-01,  0.0000e+00,  1.0000e+00,
         9.8000e+01, -1.0000e+00,  0.0000e+00,  0.0000e+00,  0.0000e+00,
         0.0000e+00,  0.0000e+00,  5.0000e+00,  0.0000e+00,  0.0000e+00,
         0.0000e+00, -1.7800e+01,  3.0000e-01,  1.0000e-02,  0.0000e+00,
         0.0000e+00], device='cuda:0')
time_max: tensor(48., device='cuda:0')
[MS] batch keys: ['X_list', 'tt_list', 'mk_list', 'npatches', 'tp_to_predict', 'data_to_predict', 'mask_predicted_data']
[MS] #scales: 3
[MS] per-scale shapes: [(32, 12, 2, 41), (32, 3, 8, 41), (32, 1, 24, 41)]
[MS] data_to_predict: (32, 25, 41)
[MS] mask_predicted_data sum: 5409.0
[MS] tt_list mins/maxes: [(0.0, 0.9583333730697632), (0.0, 0.9583333730697632), (0.0, 0.9583333730697632)]
[MS] tp_to_predict min/max: 0.0 2.0
[MS] use_ms=True fusion=concat scales=2,8,24 strides=2,8,24 npatches_per_scale=[12, 3, 1]
decoder exists: True
fuse_proj exists: True
attn_V exists: False
attn_u exists: False
gate_mlp exists: False
Missing trainable params in optimizer: []
Missing count: 0
n_train_batches: 225
Epoch 0: avg decoder weight change = 0.00009243
Epoch 1: avg decoder weight change = 0.00005852
Epoch 2: avg decoder weight change = 0.00006928
Epoch 3: avg decoder weight change = 0.00007157
Epoch 4: avg decoder weight change = 0.00006950
Epoch 5: avg decoder weight change = 0.00007069
Epoch 6: avg decoder weight change = 0.00007700
Epoch 7: avg decoder weight change = 0.00007208
Epoch 8: avg decoder weight change = 0.00007883
Epoch 9: avg decoder weight change = 0.00007213
Epoch 10: avg decoder weight change = 0.00007193
Epoch 11: avg decoder weight change = 0.00007519
Epoch 12: avg decoder weight change = 0.00007406
Epoch 13: avg decoder weight change = 0.00007586
Epoch 14: avg decoder weight change = 0.00007224
Epoch 15: avg decoder weight change = 0.00007566
Epoch 16: avg decoder weight change = 0.00007310
Epoch 17: avg decoder weight change = 0.00007979
Epoch 18: avg decoder weight change = 0.00008141
Epoch 19: avg decoder weight change = 0.00008634
Epoch 20: avg decoder weight change = 0.00007662
Epoch 21: avg decoder weight change = 0.00008609
Epoch 22: avg decoder weight change = 0.00007839
Epoch 23: avg decoder weight change = 0.00007630
Epoch 24: avg decoder weight change = 0.00007636
Epoch 25: avg decoder weight change = 0.00007373
Epoch 26: avg decoder weight change = 0.00008641
Epoch 27: avg decoder weight change = 0.00008554
Epoch 28: avg decoder weight change = 0.00008171
Epoch 29: avg decoder weight change = 0.00010119
Epoch 30: avg decoder weight change = 0.00011021
Epoch 31: avg decoder weight change = 0.00009954
Epoch 32: avg decoder weight change = 0.00008991
Epoch 33: avg decoder weight change = 0.00011648
Epoch 34: avg decoder weight change = 0.00007923
Epoch 35: avg decoder weight change = 0.00008679
Epoch 36: avg decoder weight change = 0.00007047
Epoch 37: avg decoder weight change = 0.00007241
Epoch 38: avg decoder weight change = 0.00007780
Epoch 39: avg decoder weight change = 0.00009984
Epoch 40: avg decoder weight change = 0.00008785
Epoch 41: avg decoder weight change = 0.00007581
Epoch 42: avg decoder weight change = 0.00007700
Epoch 43: avg decoder weight change = 0.00010526
Epoch 44: avg decoder weight change = 0.00010644
Epoch 45: avg decoder weight change = 0.00009311
Epoch 46: avg decoder weight change = 0.00010497
Epoch 47: avg decoder weight change = 0.00012377
Epoch 48: avg decoder weight change = 0.00009524
Epoch 49: avg decoder weight change = 0.00007921
Epoch 50: avg decoder weight change = 0.00009047
Epoch 51: avg decoder weight change = 0.00008102
Epoch 52: avg decoder weight change = 0.00008524
Epoch 53: avg decoder weight change = 0.00008432
Epoch 54: avg decoder weight change = 0.00009222
Epoch 55: avg decoder weight change = 0.00008348
Epoch 56: avg decoder weight change = 0.00009931
Epoch 57: avg decoder weight change = 0.00009184
Epoch 58: avg decoder weight change = 0.00007576
Epoch 59: avg decoder weight change = 0.00008934
Epoch 60: avg decoder weight change = 0.00009055
Epoch 61: avg decoder weight change = 0.00008826
Epoch 62: avg decoder weight change = 0.00007922
Epoch 63: avg decoder weight change = 0.00007525
Epoch 64: avg decoder weight change = 0.00008068
Epoch 65: avg decoder weight change = 0.00008705
Epoch 66: avg decoder weight change = 0.00007734
Epoch 67: avg decoder weight change = 0.00007208
Epoch 68: avg decoder weight change = 0.00007896
Epoch 69: avg decoder weight change = 0.00008232
Epoch 70: avg decoder weight change = 0.00006963
Epoch 71: avg decoder weight change = 0.00007665
Epoch 72: avg decoder weight change = 0.00009509
Epoch 73: avg decoder weight change = 0.00008041
Epoch 74: avg decoder weight change = 0.00008549
Epoch 75: avg decoder weight change = 0.00007187
Epoch 76: avg decoder weight change = 0.00007951
Epoch 77: avg decoder weight change = 0.00008047
Exp has been early stopped!
=== Seed 4 ===
PID, device: 1955146 cuda
Total records: 12000
Dataset n_samples: 12000 7200 2400 2400
overlap train∩val: 0 train∩test: 0 val∩test: 0
Test record ids (first 20): ['141908', '143709', '142213', '162190', '138704', '160585', '150290', '156241', '137485', '150340', '135674', '141404', '135171', '133764', '146552', '154493', '136155', '146314', '136706', '134994']
Test record ids (last 20): ['143505', '138293', '144879', '147553', '139211', '150556', '133287', '162637', '147110', '157654', '143326', '137795', '143915', '151353', '151772', '139738', '162735', '143245', '139112', '143576']
data_max: tensor([9.0000e+01, 1.0000e+00, 4.6230e+02, 4.0000e+00, 4.7200e+02, 5.0000e+00,
        4.1060e+03, 1.6920e+04, 2.3950e+04, 8.2800e+01, 2.0900e+02, 3.4200e+02,
        2.2000e+01, 2.7200e+02, 1.0000e+00, 1.5000e+01, 1.5910e+03, 5.2000e+01,
        6.1800e+01, 2.1150e+02, 2.2900e+01, 2.9300e+01, 2.2400e+01, 2.9800e+02,
        1.0000e+00, 1.8000e+02, 1.8000e+02, 2.1500e+02, 2.6133e+02, 1.0000e+02,
        5.0000e+02, 7.3500e+02, 2.2920e+03, 1.0000e+02, 1.0000e+02, 2.8500e+02,
        4.2200e+01, 4.9600e+01, 2.9910e+01, 1.1000e+04, 5.2800e+02],
       device='cuda:0')
data_min: tensor([ 1.5000e+01, -1.0000e+00, -1.0000e+00,  1.0000e+00, -1.0000e+00,
         1.0000e+00,  8.0000e+00,  1.0000e+00,  4.0000e+00,  0.0000e+00,
         0.0000e+00,  3.5000e+01,  1.0000e-01, -1.0000e+00,  2.1000e-01,
         3.0000e+00,  8.0000e+00,  5.0000e+00,  5.5000e+00,  0.0000e+00,
         1.8000e+00,  3.0000e-01,  4.0000e-01,  0.0000e+00,  1.0000e+00,
         9.8000e+01, -1.0000e+00,  0.0000e+00,  0.0000e+00,  0.0000e+00,
         0.0000e+00,  0.0000e+00,  5.0000e+00,  0.0000e+00,  0.0000e+00,
         0.0000e+00, -1.7800e+01,  3.0000e-01,  1.0000e-02,  0.0000e+00,
         0.0000e+00], device='cuda:0')
time_max: tensor(48., device='cuda:0')
[MS] batch keys: ['X_list', 'tt_list', 'mk_list', 'npatches', 'tp_to_predict', 'data_to_predict', 'mask_predicted_data']
[MS] #scales: 3
[MS] per-scale shapes: [(32, 12, 2, 41), (32, 3, 8, 41), (32, 1, 24, 41)]
[MS] data_to_predict: (32, 25, 41)
[MS] mask_predicted_data sum: 5409.0
[MS] tt_list mins/maxes: [(0.0, 0.9583333730697632), (0.0, 0.9583333730697632), (0.0, 0.9583333730697632)]
[MS] tp_to_predict min/max: 0.0 2.0
[MS] use_ms=True fusion=concat scales=2,8,24 strides=2,8,24 npatches_per_scale=[12, 3, 1]
decoder exists: True
fuse_proj exists: True
attn_V exists: False
attn_u exists: False
gate_mlp exists: False
Missing trainable params in optimizer: []
Missing count: 0
n_train_batches: 225
Epoch 0: avg decoder weight change = 0.00006593
Epoch 1: avg decoder weight change = 0.00004183
Epoch 2: avg decoder weight change = 0.00004597
Epoch 3: avg decoder weight change = 0.00004986
Epoch 4: avg decoder weight change = 0.00004802
Epoch 5: avg decoder weight change = 0.00004874
Epoch 6: avg decoder weight change = 0.00004853
Epoch 7: avg decoder weight change = 0.00005929
Epoch 8: avg decoder weight change = 0.00004508
Epoch 9: avg decoder weight change = 0.00004734
Epoch 10: avg decoder weight change = 0.00005371
Epoch 11: avg decoder weight change = 0.00004907
Epoch 12: avg decoder weight change = 0.00005724
Epoch 13: avg decoder weight change = 0.00005013
Epoch 14: avg decoder weight change = 0.00006535
Epoch 15: avg decoder weight change = 0.00005376
Epoch 16: avg decoder weight change = 0.00006354
Epoch 17: avg decoder weight change = 0.00006192
Epoch 18: avg decoder weight change = 0.00005508
Epoch 19: avg decoder weight change = 0.00005638
Epoch 20: avg decoder weight change = 0.00006113
Epoch 21: avg decoder weight change = 0.00005430
Epoch 22: avg decoder weight change = 0.00005973
Epoch 23: avg decoder weight change = 0.00007106
Epoch 24: avg decoder weight change = 0.00005459
Epoch 25: avg decoder weight change = 0.00006157
Epoch 26: avg decoder weight change = 0.00006036
Epoch 27: avg decoder weight change = 0.00006255
Epoch 28: avg decoder weight change = 0.00006518
Epoch 29: avg decoder weight change = 0.00007208
Epoch 30: avg decoder weight change = 0.00006803
Epoch 31: avg decoder weight change = 0.00006683
Epoch 32: avg decoder weight change = 0.00007336
Epoch 33: avg decoder weight change = 0.00006659
Epoch 34: avg decoder weight change = 0.00007915
Epoch 35: avg decoder weight change = 0.00007208
Epoch 36: avg decoder weight change = 0.00007176
Epoch 37: avg decoder weight change = 0.00006094
Epoch 38: avg decoder weight change = 0.00007954
Epoch 39: avg decoder weight change = 0.00007026
Epoch 40: avg decoder weight change = 0.00008055
Epoch 41: avg decoder weight change = 0.00008143
Epoch 42: avg decoder weight change = 0.00007353
Epoch 43: avg decoder weight change = 0.00008275
Epoch 44: avg decoder weight change = 0.00007397
Epoch 45: avg decoder weight change = 0.00006515
Epoch 46: avg decoder weight change = 0.00007316
Exp has been early stopped!
=== Seed 5 ===
PID, device: 1955248 cuda
Total records: 12000
Dataset n_samples: 12000 7200 2400 2400
overlap train∩val: 0 train∩test: 0 val∩test: 0
Test record ids (first 20): ['141908', '143709', '142213', '162190', '138704', '160585', '150290', '156241', '137485', '150340', '135674', '141404', '135171', '133764', '146552', '154493', '136155', '146314', '136706', '134994']
Test record ids (last 20): ['143505', '138293', '144879', '147553', '139211', '150556', '133287', '162637', '147110', '157654', '143326', '137795', '143915', '151353', '151772', '139738', '162735', '143245', '139112', '143576']
data_max: tensor([9.0000e+01, 1.0000e+00, 4.6230e+02, 4.0000e+00, 4.7200e+02, 5.0000e+00,
        4.1060e+03, 1.6920e+04, 2.3950e+04, 8.2800e+01, 2.0900e+02, 3.4200e+02,
        2.2000e+01, 2.7200e+02, 1.0000e+00, 1.5000e+01, 1.5910e+03, 5.2000e+01,
        6.1800e+01, 2.1150e+02, 2.2900e+01, 2.9300e+01, 2.2400e+01, 2.9800e+02,
        1.0000e+00, 1.8000e+02, 1.8000e+02, 2.1500e+02, 2.6133e+02, 1.0000e+02,
        5.0000e+02, 7.3500e+02, 2.2920e+03, 1.0000e+02, 1.0000e+02, 2.8500e+02,
        4.2200e+01, 4.9600e+01, 2.9910e+01, 1.1000e+04, 5.2800e+02],
       device='cuda:0')
data_min: tensor([ 1.5000e+01, -1.0000e+00, -1.0000e+00,  1.0000e+00, -1.0000e+00,
         1.0000e+00,  8.0000e+00,  1.0000e+00,  4.0000e+00,  0.0000e+00,
         0.0000e+00,  3.5000e+01,  1.0000e-01, -1.0000e+00,  2.1000e-01,
         3.0000e+00,  8.0000e+00,  5.0000e+00,  5.5000e+00,  0.0000e+00,
         1.8000e+00,  3.0000e-01,  4.0000e-01,  0.0000e+00,  1.0000e+00,
         9.8000e+01, -1.0000e+00,  0.0000e+00,  0.0000e+00,  0.0000e+00,
         0.0000e+00,  0.0000e+00,  5.0000e+00,  0.0000e+00,  0.0000e+00,
         0.0000e+00, -1.7800e+01,  3.0000e-01,  1.0000e-02,  0.0000e+00,
         0.0000e+00], device='cuda:0')
time_max: tensor(48., device='cuda:0')
[MS] batch keys: ['X_list', 'tt_list', 'mk_list', 'npatches', 'tp_to_predict', 'data_to_predict', 'mask_predicted_data']
[MS] #scales: 3
[MS] per-scale shapes: [(32, 12, 2, 41), (32, 3, 8, 41), (32, 1, 24, 41)]
[MS] data_to_predict: (32, 25, 41)
[MS] mask_predicted_data sum: 5409.0
[MS] tt_list mins/maxes: [(0.0, 0.9583333730697632), (0.0, 0.9583333730697632), (0.0, 0.9583333730697632)]
[MS] tp_to_predict min/max: 0.0 2.0
[MS] use_ms=True fusion=concat scales=2,8,24 strides=2,8,24 npatches_per_scale=[12, 3, 1]
decoder exists: True
fuse_proj exists: True
attn_V exists: False
attn_u exists: False
gate_mlp exists: False
Missing trainable params in optimizer: []
Missing count: 0
n_train_batches: 225
Epoch 0: avg decoder weight change = 0.00007397
Epoch 1: avg decoder weight change = 0.00004994
Epoch 2: avg decoder weight change = 0.00005273
Epoch 3: avg decoder weight change = 0.00005348
Epoch 4: avg decoder weight change = 0.00006027
Epoch 5: avg decoder weight change = 0.00004956
Epoch 6: avg decoder weight change = 0.00006659
Epoch 7: avg decoder weight change = 0.00006132
Epoch 8: avg decoder weight change = 0.00005913
Epoch 9: avg decoder weight change = 0.00005338
Epoch 10: avg decoder weight change = 0.00007136
Epoch 11: avg decoder weight change = 0.00007155
Epoch 12: avg decoder weight change = 0.00006065
Epoch 13: avg decoder weight change = 0.00006076
Epoch 14: avg decoder weight change = 0.00006764
Epoch 15: avg decoder weight change = 0.00007127
Epoch 16: avg decoder weight change = 0.00007297
Epoch 17: avg decoder weight change = 0.00006830
Epoch 18: avg decoder weight change = 0.00007810
Epoch 19: avg decoder weight change = 0.00007405
Epoch 20: avg decoder weight change = 0.00007251
Epoch 21: avg decoder weight change = 0.00008992
Epoch 22: avg decoder weight change = 0.00007155
Epoch 23: avg decoder weight change = 0.00006956
Epoch 24: avg decoder weight change = 0.00006949
Epoch 25: avg decoder weight change = 0.00007216
Epoch 26: avg decoder weight change = 0.00008841
Epoch 27: avg decoder weight change = 0.00007896
Epoch 28: avg decoder weight change = 0.00007889
Epoch 29: avg decoder weight change = 0.00008415
Epoch 30: avg decoder weight change = 0.00007597
Epoch 31: avg decoder weight change = 0.00008745
Epoch 32: avg decoder weight change = 0.00007376
Epoch 33: avg decoder weight change = 0.00006390
Epoch 34: avg decoder weight change = 0.00007726
Epoch 35: avg decoder weight change = 0.00009246
Epoch 36: avg decoder weight change = 0.00010143
Epoch 37: avg decoder weight change = 0.00008990
Epoch 38: avg decoder weight change = 0.00006894
Epoch 39: avg decoder weight change = 0.00007151
Epoch 40: avg decoder weight change = 0.00006927
Epoch 41: avg decoder weight change = 0.00009387
Epoch 42: avg decoder weight change = 0.00008403
Exp has been early stopped!
